BL51 BANKED LINKER/LOCATER V6.22                                                        08/10/2017  22:48:23  PAGE 1


BL51 BANKED LINKER/LOCATER V6.22, INVOKED BY:
C:\KEIL_V5\C51\BIN\BL51.EXE .\Out\Objects\main.obj, .\Out\Objects\app_key.obj, .\Out\Objects\app_work.obj, .\Out\Objects
>> \app_repeat_exe.obj, .\Out\Objects\bsp.obj, .\Out\Objects\bsp_key.obj, .\Out\Objects\bsp_bt.obj, .\Out\Objects\bsp_di
>> splay.obj, .\Out\Objects\bsp_uart.obj, .\Out\Objects\bsp_timer0.obj, .\Out\Objects\bsp_timer1.obj, .\Out\Objects\bsp_
>> adc.obj, .\Out\Objects\bsp_keyBright.obj, .\Out\Objects\bsp_lcdBright.obj, .\Out\Objects\Common.obj, .\Out\Objects\De
>> lay.obj, .\Out\Objects\Version.obj, .\Out\Objects\STARTUP.obj TO .\Out\Objects\project PRINT (.\Out\Listings\project.
>> m51) RAMSIZE (256) DISABLEWARNING (16)


MEMORY MODEL: LARGE


INPUT MODULES INCLUDED:
  .\Out\Objects\main.obj (MAIN)
  .\Out\Objects\app_key.obj (APP_KEY)
  .\Out\Objects\app_work.obj (APP_WORK)
  .\Out\Objects\app_repeat_exe.obj (APP_REPEAT_EXE)
  .\Out\Objects\bsp.obj (BSP)
  .\Out\Objects\bsp_key.obj (BSP_KEY)
  .\Out\Objects\bsp_bt.obj (BSP_BT)
  .\Out\Objects\bsp_display.obj (BSP_DISPLAY)
  .\Out\Objects\bsp_uart.obj (BSP_UART)
  .\Out\Objects\bsp_timer0.obj (BSP_TIMER0)
  .\Out\Objects\bsp_timer1.obj (BSP_TIMER1)
  .\Out\Objects\bsp_adc.obj (BSP_ADC)
  .\Out\Objects\bsp_keyBright.obj (BSP_KEYBRIGHT)
  .\Out\Objects\bsp_lcdBright.obj (BSP_LCDBRIGHT)
  .\Out\Objects\Common.obj (COMMON)
  .\Out\Objects\Delay.obj (DELAY)
  .\Out\Objects\Version.obj (VERSION)
  .\Out\Objects\STARTUP.obj (?C_STARTUP)
  C:\KEIL_V5\C51\LIB\C51L.LIB (?C_INIT)
  C:\KEIL_V5\C51\LIB\C51L.LIB (?C?CLDOPTR)
  C:\KEIL_V5\C51\LIB\C51L.LIB (?C?CILDOPTR)
  C:\KEIL_V5\C51\LIB\C51L.LIB (?C?CSTPTR)
  C:\KEIL_V5\C51\LIB\C51L.LIB (?C?CSTOPTR)
  C:\KEIL_V5\C51\LIB\C51L.LIB (?C?UIDIV)
  C:\KEIL_V5\C51\LIB\C51L.LIB (?C?IILDX)
  C:\KEIL_V5\C51\LIB\C51L.LIB (?C?ILDOPTR)
  C:\KEIL_V5\C51\LIB\C51L.LIB (?C?IILDOPTR)
  C:\KEIL_V5\C51\LIB\C51L.LIB (?C?ISTOPTR)
  C:\KEIL_V5\C51\LIB\C51L.LIB (?C?ULDIV)
  C:\KEIL_V5\C51\LIB\C51L.LIB (?C?ULCMP)
  C:\KEIL_V5\C51\LIB\C51L.LIB (?C?ULSHR)
  C:\KEIL_V5\C51\LIB\C51L.LIB (?C?LSTXDATA)
  C:\KEIL_V5\C51\LIB\C51L.LIB (?C?LSTKXDATA)
  C:\KEIL_V5\C51\LIB\C51L.LIB (?C?PLDPTR)
  C:\KEIL_V5\C51\LIB\C51L.LIB (?C?ICALL)
  C:\KEIL_V5\C51\LIB\C51L.LIB (?C_XBP)
  C:\KEIL_V5\C51\LIB\C51L.LIB (?C?ADDXBP)
  C:\KEIL_V5\C51\LIB\C51L.LIB (?C?XBPOFF)
  C:\KEIL_V5\C51\LIB\C51L.LIB (PRINTF)
  C:\KEIL_V5\C51\LIB\C51L.LIB (?C?CLDPTR)
  C:\KEIL_V5\C51\LIB\C51L.LIB (?C?PLDIDATA)
  C:\KEIL_V5\C51\LIB\C51L.LIB (?C?PLDXDATA)
  C:\KEIL_V5\C51\LIB\C51L.LIB (?C?PLDIXDATA)
  C:\KEIL_V5\C51\LIB\C51L.LIB (?C?PSTXDATA)
  C:\KEIL_V5\C51\LIB\C51L.LIB (?C?PLDPDATA)
BL51 BANKED LINKER/LOCATER V6.22                                                      08/10/2017  22:48:23  PAGE 2


  C:\KEIL_V5\C51\LIB\C51L.LIB (?C?PLDCODE)
  C:\KEIL_V5\C51\LIB\C51L.LIB (?C?CCASE)


LINK MAP OF MODULE:  .\Out\Objects\project (MAIN)


            TYPE    BASE      LENGTH    RELOCATION   SEGMENT NAME
            -----------------------------------------------------

            * * * * * * *   D A T A   M E M O R Y   * * * * * * *
            REG     0000H     0008H     ABSOLUTE     "REG BANK 0"
            DATA    0008H     0005H     UNIT         ?DT?PRINTF?PRINTF
            DATA    000DH     0002H     UNIT         ?C?LIB_DATA
                    000FH     0011H                  *** GAP ***
            BIT     0020H.0   0001H.1   UNIT         ?BI?PRINTF?PRINTF
            BIT     0021H.1   0000H.1   UNIT         ?BI?APP_KEY
            BIT     0021H.2   0000H.1   UNIT         ?BI?APP_WORK
            BIT     0021H.3   0000H.1   UNIT         ?BI?BSP
            BIT     0021H.4   0000H.1   UNIT         ?BI?_GET_DATA_FROM_UART1?BSP_UART
            BIT     0021H.5   0000H.1   UNIT         ?BI?BSP_UART
                    0021H.6   0000H.2                *** GAP ***
            IDATA   0022H     0001H     UNIT         ?STACK

            * * * * * * *  X D A T A   M E M O R Y  * * * * * * *
            XDATA   0000H     0073H     UNIT         ?XD?BSP_KEY
            XDATA   0073H     0028H     UNIT         ?XD?PRINTF?PRINTF
            XDATA   009BH     0012H     UNIT         ?XD?APP_WORK
            XDATA   00ADH     0012H     UNIT         ?XD?APP_REPEAT_EXE
            XDATA   00BFH     0009H     UNIT         ?XD?BSP_TIMER0
            XDATA   00C8H     0006H     UNIT         ?XD?APP_KEY
            XDATA   00CEH     0004H     UNIT         ?XD?BSP_ADC
            XDATA   00D2H     0004H     UNIT         ?XD?_INITIALUART0_TIMER3_TYPE5?COMMON
            XDATA   00D6H     0004H     UNIT         ?XD?_INITIALUART0_TIMER3_TYPE6?COMMON
            XDATA   00DAH     0004H     UNIT         ?XD?_INITIALUART1_TIMER3?COMMON
            XDATA   00DEH     0004H     UNIT         ?XD?_TIMER0_DELAY1MS?DELAY
            XDATA   00E2H     0004H     UNIT         ?XD?_TIMER1_DELAY1MS?DELAY
            XDATA   00E6H     0004H     UNIT         ?XD?_TIMER3_DELAY1MS?DELAY
            XDATA   00EAH     0004H     UNIT         ?XD?_WAKEUP_TIMER_DELAY25MS?DELAY
            XDATA   00EEH     0003H     UNIT         ?XD?_LCD_SHOW_CAL_NUM?BSP_DISPLAY
            XDATA   00F1H     0002H     UNIT         ?XD?_LCD_SHOW_PULLS_NUM?BSP_DISPLAY
            XDATA   00F3H     0001H     UNIT         ?XD?MAIN
            XDATA   00F4H     0001H     UNIT         ?XD?_APP_KEY_PRO?APP_KEY
            XDATA   00F5H     0001H     UNIT         ?XD?_BSP_DETECTKEY?BSP_KEY
            XDATA   00F6H     0001H     UNIT         ?XD?BSP_KEYSCAN?BSP_KEY
            XDATA   00F7H     0001H     UNIT         _XDATA_GROUP_

            * * * * * * *   C O D E   M E M O R Y   * * * * * * *
            CODE    0000H     0003H     ABSOLUTE     
            CODE    0003H     0008H     UNIT         ?PR?RECEIVE_DATA_FROM_UART0?COMMON
            CODE    000BH     0003H     ABSOLUTE     
            CODE    000EH     000DH     UNIT         ?PR?APP_WORK_1S_PRO?APP_WORK
            CODE    001BH     0003H     ABSOLUTE     
            CODE    001EH     001DH     UNIT         ?PR?_BSP_PUTKEY?BSP_KEY
            CODE    003BH     0003H     ABSOLUTE     
            CODE    003EH     001CH     UNIT         ?PR?WORK_INIT?APP_WORK
            CODE    005AH     0001H     UNIT         ?PR?APP_UI_INIT?APP_KEY
BL51 BANKED LINKER/LOCATER V6.22                                                      08/10/2017  22:48:23  PAGE 3


            CODE    005BH     0003H     ABSOLUTE     
            CODE    005EH     03BDH     UNIT         ?C?LIB_CODE
            CODE    041BH     0365H     UNIT         ?PR?PRINTF?PRINTF
            CODE    0780H     0322H     UNIT         ?PR?_LCD_SHOW_CAL_NUM?BSP_DISPLAY
            CODE    0AA2H     0253H     UNIT         ?PR?_LCD_SHOW_PULLS_NUM?BSP_DISPLAY
            CODE    0CF5H     015EH     UNIT         ?PR?_LCD_SHOW_REP_NUM?BSP_DISPLAY
            CODE    0E53H     015AH     UNIT         ?PR?_BSP_DETECTKEY?BSP_KEY
            CODE    0FADH     0145H     UNIT         ?PR?_SYSTEM_CLOCK_SELECT?COMMON
            CODE    10F2H     0112H     UNIT         ?CO?VERSION
            CODE    1204H     00E4H     UNIT         ?PR?_LCD_CLEAR_MI?BSP_DISPLAY
            CODE    12E8H     00E3H     UNIT         ?PR?BSP_INITKEYVAR?BSP_KEY
            CODE    13CBH     00BFH     UNIT         ?PR?REPEAT_PRO?APP_REPEAT_EXE
            CODE    148AH     00AFH     UNIT         ?PR?_APP_KEY_PRO?APP_KEY
            CODE    1539H     009AH     UNIT         ?C_C51STARTUP
            CODE    15D3H     0093H     UNIT         ?PR?_LCD_SHOW_MI?BSP_DISPLAY
            CODE    1666H     0083H     UNIT         ?PR?_?RANDOM_DELAY?DELAY
            CODE    16E9H     0069H     UNIT         ?PR?TIMER0_ISR?BSP_TIMER0
            CODE    1752H     0063H     UNIT         ?PR?_INITIALUART0_TIMER3_TYPE5?COMMON
            CODE    17B5H     0063H     UNIT         ?PR?_INITIALUART0_TIMER3_TYPE6?COMMON
            CODE    1818H     0061H     UNIT         ?PR?_WAKEUP_TIMER_DELAY25MS?DELAY
            CODE    1879H     005FH     UNIT         ?PR?SHOW_FW_VERSION_NUMBER_TO_PC?VERSION
            CODE    18D8H     005DH     UNIT         ?PR?_INITIALUART1_TIMER3?COMMON
            CODE    1935H     005BH     UNIT         ?PR?ADC_ISR?MAIN
            CODE    1990H     005BH     UNIT         ?PR?_TIMER3_DELAY1MS?DELAY
            CODE    19EBH     0059H     UNIT         ?PR?_TIMER0_DELAY1MS?DELAY
            CODE    1A44H     0059H     UNIT         ?PR?_TIMER1_DELAY1MS?DELAY
            CODE    1A9DH     0045H     UNIT         ?PR?MAIN?MAIN
            CODE    1AE2H     003DH     UNIT         ?PR?_PUTCHAR?COMMON
            CODE    1B1FH     0036H     UNIT         ?PR?LCD_DISPLAY_INITHARD?BSP_DISPLAY
            CODE    1B55H     0036H     UNIT         ?PR?ADC_INIT?BSP_ADC
            CODE    1B8BH     0034H     UNIT         ?PR?_BSP_SETKEYPARAM?BSP_KEY
            CODE    1BBFH     0032H     UNIT         ?PR?APP_KEY_1S_PRO?APP_KEY
            CODE    1BF1H     0032H     UNIT         ?PR?_REPEAT_START?APP_REPEAT_EXE
            CODE    1C23H     0030H     UNIT         ?C_INITSEG
            CODE    1C53H     002DH     UNIT         ?PR?LCD_CLEAR_CAL_NUM?BSP_DISPLAY
            CODE    1C80H     002AH     UNIT         ?PR?BSP_GETKEY?BSP_KEY
            CODE    1CAAH     002AH     UNIT         ?PR?_INITIALUART0_TIMER1_TYPE3?COMMON
            CODE    1CD4H     002AH     UNIT         ?PR?_INITIALUART0_TIMER1_TYPE4?COMMON
            CODE    1CFEH     0029H     UNIT         ?PR?_INITIALUART0_TIMER1_TYPE1?COMMON
            CODE    1D27H     0028H     UNIT         ?PR?BSP_GETKEY2?BSP_KEY
            CODE    1D4FH     0028H     UNIT         ?PR?ADC_START?BSP_ADC
            CODE    1D77H     0028H     UNIT         ?PR?_INITIALUART0_TIMER1_TYPE2?COMMON
            CODE    1D9FH     0027H     UNIT         ?PR?APP_KEY_INIT?APP_KEY
            CODE    1DC6H     0024H     UNIT         ?PR?QUERY_WORK_SUM?APP_WORK
            CODE    1DEAH     0023H     UNIT         ?PR?PININTERRUPT_ISR?MAIN
            CODE    1E0DH     0023H     UNIT         ?PR?LCD_CLEAR_PULLS_NUM?BSP_DISPLAY
            CODE    1E30H     0023H     UNIT         ?PR?TIMER0_INITHARD?BSP_TIMER0
            CODE    1E53H     0022H     UNIT         ?PR?APP_KEY_100MS_PRO?APP_KEY
            CODE    1E75H     0022H     UNIT         ?PR?_LCD_SHOW_ABCD?BSP_DISPLAY
            CODE    1E97H     0021H     UNIT         ?PR?_DELAY10US?DELAY
            CODE    1EB8H     0020H     UNIT         ?PR?SET_ALL_GPIO_INPUT_MODE?COMMON
            CODE    1ED8H     001CH     UNIT         ?PR?TIMER0_PARAMINIT?BSP_TIMER0
            CODE    1EF4H     001BH     UNIT         ?PR?BSP_KEYSCAN?BSP_KEY
            CODE    1F0FH     001AH     UNIT         ?PR?SET_ALL_GPIO_QUASI_MODE?COMMON
            CODE    1F29H     001AH     UNIT         ?PR?SW_RESET?COMMON
            CODE    1F43H     0017H     UNIT         ?CO?APP_KEY
            CODE    1F5AH     0014H     UNIT         ?PR?REPEAT_STOP?APP_REPEAT_EXE
BL51 BANKED LINKER/LOCATER V6.22                                                      08/10/2017  22:48:23  PAGE 4


            CODE    1F6EH     0013H     UNIT         ?PR?_GET_DATA_FROM_UART1?BSP_UART
            CODE    1F81H     0013H     UNIT         ?PR?TIMER1_INITHARD?BSP_TIMER1
            CODE    1F94H     0012H     UNIT         ?PR?BSP_INIT?BSP
            CODE    1FA6H     0011H     UNIT         ?PR?_BSP_GETKEYSTATE?BSP_KEY
            CODE    1FB7H     0011H     UNIT         ?PR?UART_INITHARD?BSP_UART
            CODE    1FC8H     0010H     UNIT         ?PR?REPEAT_START_EXE?APP_REPEAT_EXE
            CODE    1FD8H     0010H     UNIT         ?PR?REPEAT_STOP_EXE?APP_REPEAT_EXE
            CODE    1FE8H     000DH     UNIT         ?PR?LCD_CLEAR_ALL?BSP_DISPLAY
            CODE    1FF5H     000DH     UNIT         ?PR?LCD_CLEAR_MI_ALL?BSP_DISPLAY
            CODE    2002H     000CH     UNIT         ?PR?APP_WORK_100MS_PRO?APP_WORK
            CODE    200EH     000CH     UNIT         ?PR?_REPEAT_SETSTART?APP_REPEAT_EXE
            CODE    201AH     000CH     UNIT         ?PR?_REPEAT_SETSTOP?APP_REPEAT_EXE
            CODE    2026H     0009H     UNIT         ?PR?ISKEYDOWN1?BSP_KEY
            CODE    202FH     0009H     UNIT         ?PR?ISKEYDOWN2?BSP_KEY
            CODE    2038H     0009H     UNIT         ?PR?ISKEYDOWN3?BSP_KEY
            CODE    2041H     0009H     UNIT         ?PR?ISKEYDOWN4?BSP_KEY
            CODE    204AH     0009H     UNIT         ?PR?ISKEYDOWN5?BSP_KEY
            CODE    2053H     0009H     UNIT         ?PR?ISKEYDOWN6?BSP_KEY
            CODE    205CH     0009H     UNIT         ?PR?ISKEYDOWN7?BSP_KEY
            CODE    2065H     0009H     UNIT         ?PR?ISKEYDOWN8?BSP_KEY
            CODE    206EH     0009H     UNIT         ?PR?ISKEYDOWN9?BSP_KEY
            CODE    2077H     0009H     UNIT         ?PR?BSP_CLEARKEY?BSP_KEY
            CODE    2080H     0009H     UNIT         ?PR?KEY_BRIGHT_INITHARD?BSP_KEYBRIGHT
            CODE    2089H     0009H     UNIT         ?PR?LCD_BRIGHT_INITHARD?BSP_LCDBRIGHT
            CODE    2092H     0008H     UNIT         ?PR?_SEND_DATA_TO_UART0?COMMON
            CODE    209AH     0008H     UNIT         ?PR?RECEIVE_DATA_FROM_UART1?COMMON
            CODE    20A2H     0008H     UNIT         ?PR?_SEND_DATA_TO_UART1?COMMON
            CODE    20AAH     0007H     UNIT         ?PR?BSP_INITKEYHARD?BSP_KEY
            CODE    20B1H     0007H     UNIT         ?PR?LCD_CLEAR_LED_ICO?BSP_DISPLAY
            CODE    20B8H     0007H     UNIT         ?PR?LCD_SHOW_LED_ICO?BSP_DISPLAY
            CODE    20BFH     0007H     UNIT         ?PR?LCD_CLEAR_FM_ICO?BSP_DISPLAY
            CODE    20C6H     0007H     UNIT         ?PR?LCD_SHOW_FM_ICO?BSP_DISPLAY
            CODE    20CDH     0007H     UNIT         ?PR?LCD_CLEAR_BLUETOOTH_ICO?BSP_DISPLAY
            CODE    20D4H     0007H     UNIT         ?PR?LCD_SHOW_BLUETOOTH_ICO?BSP_DISPLAY
            CODE    20DBH     0007H     UNIT         ?PR?LCD_CLEAR_AUX_ICO?BSP_DISPLAY
            CODE    20E2H     0007H     UNIT         ?PR?LCD_SHOW_AUX_ICO?BSP_DISPLAY
            CODE    20E9H     0007H     UNIT         ?PR?LCD_CLEAR_USB_ICO?BSP_DISPLAY
            CODE    20F0H     0007H     UNIT         ?PR?LCD_SHOW_USB_ICO?BSP_DISPLAY
            CODE    20F7H     0007H     UNIT         ?PR?LCD_CLEAR_MHZ_ICO?BSP_DISPLAY
            CODE    20FEH     0007H     UNIT         ?PR?LCD_SHOW_MHZ_ICO?BSP_DISPLAY
            CODE    2105H     0007H     UNIT         ?PR?LCD_CLEAR_BAZOOKA_ICO?BSP_DISPLAY
            CODE    210CH     0007H     UNIT         ?PR?LCD_SHOW_BAZOOKA_ICO?BSP_DISPLAY
            CODE    2113H     0007H     UNIT         ?PR?LCD_CLEAR_UPCOLON_ICO?BSP_DISPLAY
            CODE    211AH     0007H     UNIT         ?PR?LCD_SHOW_UPCOLON_ICO?BSP_DISPLAY
            CODE    2121H     0007H     UNIT         ?PR?LCD_CLEAR_DOWNCOLON_ICO?BSP_DISPLAY
            CODE    2128H     0007H     UNIT         ?PR?LCD_SHOW_DOWNCOLON_ICO?BSP_DISPLAY
            CODE    212FH     0007H     UNIT         ?PR?LCD_CLEAR_ABCD?BSP_DISPLAY
            CODE    2136H     0007H     UNIT         ?PR?LCD_SHOW_ABCD_ALL?BSP_DISPLAY
            CODE    213DH     0007H     UNIT         ?PR?LCD_CLEAR_QS_ICO?BSP_DISPLAY
            CODE    2144H     0007H     UNIT         ?PR?LCD_SHOW_QS_ICO?BSP_DISPLAY
            CODE    214BH     0007H     UNIT         ?PR?LCD_CLEAR_COACH_ICO?BSP_DISPLAY
            CODE    2152H     0007H     UNIT         ?PR?LCD_SHOW_COACH_ICO?BSP_DISPLAY
            CODE    2159H     0007H     UNIT         ?PR?LCD_CLEAR_LINE_DOWN?BSP_DISPLAY
            CODE    2160H     0007H     UNIT         ?PR?LCD_SHOW_LINE_DOWN?BSP_DISPLAY
            CODE    2167H     0007H     UNIT         ?PR?LCD_CLEAR_HEART_ICO?BSP_DISPLAY
            CODE    216EH     0007H     UNIT         ?PR?LCD_SHOW_HEART_ICO?BSP_DISPLAY
            CODE    2175H     0007H     UNIT         ?PR?LCD_CLEAR_CAL_ICO?BSP_DISPLAY
BL51 BANKED LINKER/LOCATER V6.22                                                      08/10/2017  22:48:23  PAGE 5


            CODE    217CH     0007H     UNIT         ?PR?LCD_SHOW_CAL_ICO?BSP_DISPLAY
            CODE    2183H     0006H     UNIT         ?PR?APP_POWER_OFF?APP_KEY
            CODE    2189H     0006H     UNIT         ?PR?APP_KEY_CLEAR_NOOPS_TIMEOUTCNT?APP_KEY
            CODE    218FH     0006H     UNIT         ?PR?BSP_INITKEY?BSP_KEY
            CODE    2195H     0004H     UNIT         ?PR?FSYS_CLOCK_OUTPUT_ON_P26?COMMON
            CODE    2199H     0003H     UNIT         ?PR?APP_POWER_ON?APP_KEY
            CODE    219CH     0003H     UNIT         ?PR?KEY_BRIGHT_OFF?BSP_KEYBRIGHT
            CODE    219FH     0003H     UNIT         ?PR?KEY_BRIGHT_ON?BSP_KEYBRIGHT
            CODE    21A2H     0003H     UNIT         ?PR?LCD_BRIGHT_OFF?BSP_LCDBRIGHT
            CODE    21A5H     0003H     UNIT         ?PR?LCD_BRIGHT_ON?BSP_LCDBRIGHT
            CODE    21A8H     0001H     UNIT         ?PR?APP_FLASH_SHOW?APP_KEY
            CODE    21A9H     0001H     UNIT         ?PR?APP_FLASH_CLEAR?APP_KEY
            CODE    21AAH     0001H     UNIT         ?PR?APP_KEY_POWER_OR_RETURN?APP_KEY
            CODE    21ABH     0001H     UNIT         ?PR?APP_KEY_SET?APP_KEY
            CODE    21ACH     0001H     UNIT         ?PR?APP_KEY_ADD?APP_KEY
            CODE    21ADH     0001H     UNIT         ?PR?APP_KEY_OK?APP_KEY
            CODE    21AEH     0001H     UNIT         ?PR?APP_WORK_PRO?APP_WORK
            CODE    21AFH     0001H     UNIT         ?PR?TIMER1_ISR?BSP_TIMER1



OVERLAY MAP OF MODULE:   .\Out\Objects\project (MAIN)


SEGMENT                                            XDATA_GROUP
  +--> CALLED SEGMENT                            START    LENGTH
----------------------------------------------------------------
?C_C51STARTUP                                    -----    -----
  +--> ?PR?MAIN?MAIN
  +--> ?C_INITSEG

?PR?MAIN?MAIN                                    00F7H    0001H
  +--> ?PR?_SYSTEM_CLOCK_SELECT?COMMON
  +--> ?PR?BSP_INIT?BSP
  +--> ?PR?_LCD_SHOW_MI?BSP_DISPLAY
  +--> ?PR?_LCD_CLEAR_MI?BSP_DISPLAY

?PR?BSP_INIT?BSP                                 -----    -----
  +--> ?PR?SET_ALL_GPIO_INPUT_MODE?COMMON
  +--> ?PR?KEY_BRIGHT_INITHARD?BSP_KEYBRIGHT
  +--> ?PR?LCD_BRIGHT_INITHARD?BSP_LCDBRIGHT
  +--> ?PR?LCD_DISPLAY_INITHARD?BSP_DISPLAY
  +--> ?PR?TIMER0_INITHARD?BSP_TIMER0

?PR?KEY_BRIGHT_INITHARD?BSP_KEYBRIGHT            -----    -----
  +--> ?PR?KEY_BRIGHT_ON?BSP_KEYBRIGHT

?PR?LCD_BRIGHT_INITHARD?BSP_LCDBRIGHT            -----    -----
  +--> ?PR?LCD_BRIGHT_ON?BSP_LCDBRIGHT

?PR?LCD_DISPLAY_INITHARD?BSP_DISPLAY             -----    -----
  +--> ?PR?LCD_CLEAR_ALL?BSP_DISPLAY

?PR?TIMER0_INITHARD?BSP_TIMER0                   -----    -----
  +--> ?PR?TIMER0_PARAMINIT?BSP_TIMER0

?PR?_LCD_SHOW_MI?BSP_DISPLAY                     -----    -----
BL51 BANKED LINKER/LOCATER V6.22                                                      08/10/2017  22:48:23  PAGE 6


  +--> ?PR?_LCD_CLEAR_MI?BSP_DISPLAY



SYMBOL TABLE OF MODULE:  .\Out\Objects\project (MAIN)

  VALUE           TYPE          NAME
  ----------------------------------

  -------         MODULE        MAIN
  C:0000H         SYMBOL        _ICE_DUMMY_
  D:0080H         PUBLIC        P0
  D:0090H         PUBLIC        P1
  D:00A0H         PUBLIC        P2
  D:00B0H         PUBLIC        P3
  D:00D8H         PUBLIC        P5
  D:00A8H         PUBLIC        IE
  B:00E8H.7       PUBLIC        ADCF
  C:1935H         PUBLIC        ADC_ISR
  D:00B8H         PUBLIC        IP
  C:1A9DH         PUBLIC        main
  D:0098H         PUBLIC        SCON
  D:0088H         PUBLIC        TCON
  D:00F8H         PUBLIC        SCON_1
  C:1DEAH         PUBLIC        PinInterrupt_ISR
  D:00E8H         PUBLIC        ADCCON0
  D:00C0H         PUBLIC        I2CON
  D:00ECH         PUBLIC        PIF
  D:00C3H         PUBLIC        ADCRH
  D:00C8H         PUBLIC        T2CON
  D:00C2H         PUBLIC        ADCRL
  D:00D0H         PUBLIC        PSW
  -------         PROC          ADC_ISR
  C:1935H         LINE#         8
  C:1948H         LINE#         9
  C:1948H         LINE#         11
  C:194AH         LINE#         13
  C:1954H         LINE#         14
  C:196DH         LINE#         15
  C:197AH         LINE#         17
  C:197FH         LINE#         18
  -------         ENDPROC       ADC_ISR
  -------         PROC          PININTERRUPT_ISR
  C:1DEAH         LINE#         22
  C:1DF2H         LINE#         23
  C:1DF2H         LINE#         26
  C:1DF7H         LINE#         28
  C:1DFEH         LINE#         30
  C:1E01H         LINE#         32
  C:1E01H         LINE#         34
  C:1E01H         LINE#         36
  C:1E04H         LINE#         37
  -------         ENDPROC       PININTERRUPT_ISR
  -------         PROC          MAIN
  -------         DO            
  X:00F7H         SYMBOL        ucKeyCode
  -------         DO            
BL51 BANKED LINKER/LOCATER V6.22                                                      08/10/2017  22:48:23  PAGE 7


  X:00F3H         SYMBOL        cnt
  -------         ENDDO         
  -------         ENDDO         
  C:1A9DH         LINE#         38
  C:1A9DH         LINE#         40
  C:1AA2H         LINE#         47
  C:1AA5H         LINE#         55
  C:1AA5H         LINE#         57
  C:1AABH         LINE#         58
  C:1AADH         LINE#         63
  C:1AADH         LINE#         64
  C:1AB3H         LINE#         65
  C:1AB5H         LINE#         72
  C:1AB5H         LINE#         73
  C:1ABBH         LINE#         75
  C:1ABDH         LINE#         82
  C:1ACDH         LINE#         83
  C:1AD6H         LINE#         84
  C:1ADBH         LINE#         85
  C:1AE0H         LINE#         86
  C:1AE0H         LINE#         87
  C:1AE0H         LINE#         96
  -------         ENDPROC       MAIN
  -------         ENDMOD        MAIN

  -------         MODULE        APP_KEY
  C:0000H         SYMBOL        _ICE_DUMMY_
  C:21A9H         PUBLIC        app_flash_Clear
  D:0080H         PUBLIC        P0
  D:0090H         PUBLIC        P1
  D:00A0H         PUBLIC        P2
  D:00B0H         PUBLIC        P3
  C:1D9FH         PUBLIC        app_key_init
  D:00D8H         PUBLIC        P5
  D:00A8H         PUBLIC        IE
  X:00C9H         PUBLIC        g_tDevice
  C:2199H         PUBLIC        app_power_on
  X:00CAH         SYMBOL        letter
  D:00EDH         PUBLIC        PITYP
  D:00B8H         PUBLIC        IP
  X:00CBH         PUBLIC        level
  C:21ABH         PUBLIC        app_key_set
  C:148AH         PUBLIC        _app_key_pro
  X:00CCH         SYMBOL        noOps_timeoutCnt
  C:1BBFH         PUBLIC        app_key_1s_pro
  X:00CDH         SYMBOL        mode
  C:21ADH         PUBLIC        app_key_ok
  B:0021H.1       SYMBOL        offBight_flag
  D:0087H         PUBLIC        PCON
  D:0098H         PUBLIC        SCON
  D:0088H         PUBLIC        TCON
  C:21A8H         PUBLIC        app_flash_Show
  D:00F8H         PUBLIC        SCON_1
  C:21AAH         PUBLIC        app_key_power_or_return
  C:005AH         SYMBOL        app_UI_init
  D:00E8H         PUBLIC        ADCCON0
  D:00C0H         PUBLIC        I2CON
BL51 BANKED LINKER/LOCATER V6.22                                                      08/10/2017  22:48:23  PAGE 8


  C:2189H         PUBLIC        app_key_clear_noOps_timeoutCnt
  D:00C8H         PUBLIC        T2CON
  C:2183H         PUBLIC        app_power_off
  C:1E53H         PUBLIC        app_key_100ms_pro
  C:21ACH         PUBLIC        app_key_add
  D:00E9H         PUBLIC        PICON
  D:00D0H         PUBLIC        PSW
  D:00EAH         PUBLIC        PINEN
  D:00EBH         PUBLIC        PIPEN
  -------         PROC          APP_KEY_INIT
  C:1D9FH         LINE#         25
  C:1D9FH         LINE#         26
  C:1DA4H         LINE#         28
  C:1DA7H         LINE#         29
  C:1DAAH         LINE#         30
  C:1DADH         LINE#         32
  C:1DB0H         LINE#         33
  C:1DB3H         LINE#         34
  C:1DB6H         LINE#         36
  C:1DBBH         LINE#         37
  C:1DBFH         LINE#         38
  C:1DC3H         LINE#         39
  -------         ENDPROC       APP_KEY_INIT
  -------         PROC          APP_UI_INIT
  C:005AH         LINE#         42
  C:005AH         LINE#         44
  -------         ENDPROC       APP_UI_INIT
  -------         PROC          APP_FLASH_SHOW
  C:21A8H         LINE#         46
  C:21A8H         LINE#         48
  -------         ENDPROC       APP_FLASH_SHOW
  -------         PROC          APP_FLASH_CLEAR
  C:21A9H         LINE#         49
  C:21A9H         LINE#         52
  -------         ENDPROC       APP_FLASH_CLEAR
  -------         PROC          APP_KEY_POWER_OR_RETURN
  C:21AAH         LINE#         53
  C:21AAH         LINE#         56
  -------         ENDPROC       APP_KEY_POWER_OR_RETURN
  -------         PROC          APP_KEY_SET
  C:21ABH         LINE#         57
  C:21ABH         LINE#         59
  -------         ENDPROC       APP_KEY_SET
  -------         PROC          APP_KEY_ADD
  C:21ACH         LINE#         61
  C:21ACH         LINE#         63
  -------         ENDPROC       APP_KEY_ADD
  -------         PROC          APP_KEY_OK
  C:21ADH         LINE#         64
  C:21ADH         LINE#         66
  -------         ENDPROC       APP_KEY_OK
  -------         PROC          APP_POWER_ON
  C:2199H         LINE#         68
  C:2199H         LINE#         69
  -------         ENDPROC       APP_POWER_ON
  -------         PROC          APP_POWER_OFF
  C:2183H         LINE#         71
BL51 BANKED LINKER/LOCATER V6.22                                                      08/10/2017  22:48:23  PAGE 9


  C:2183H         LINE#         72
  C:2186H         LINE#         73
  -------         ENDPROC       APP_POWER_OFF
  -------         PROC          APP_KEY_100MS_PRO
  -------         DO            
  X:00C8H         SYMBOL        cnt
  -------         ENDDO         
  C:1E53H         LINE#         79
  C:1E53H         LINE#         82
  C:1E5AH         LINE#         83
  C:1E60H         LINE#         84
  C:1E66H         LINE#         85
  C:1E68H         LINE#         87
  C:1E6BH         LINE#         89
  C:1E6EH         LINE#         90
  C:1E6EH         LINE#         91
  C:1E6FH         LINE#         92
  C:1E74H         LINE#         93
  C:1E74H         LINE#         94
  -------         ENDPROC       APP_KEY_100MS_PRO
  -------         PROC          APP_KEY_1S_PRO
  C:1BBFH         LINE#         96
  C:1BBFH         LINE#         98
  C:1BC5H         LINE#         99
  C:1BC9H         LINE#         100
  C:1BCBH         LINE#         102
  C:1BCEH         LINE#         103
  C:1BD7H         LINE#         104
  C:1BDEH         LINE#         105
  C:1BE1H         LINE#         106
  C:1BEAH         LINE#         107
  C:1BF0H         LINE#         108
  C:1BF0H         LINE#         110
  -------         ENDPROC       APP_KEY_1S_PRO
  -------         PROC          APP_KEY_CLEAR_NOOPS_TIMEOUTCNT
  C:2189H         LINE#         111
  C:2189H         LINE#         112
  C:218EH         LINE#         113
  -------         ENDPROC       APP_KEY_CLEAR_NOOPS_TIMEOUTCNT
  -------         PROC          _APP_KEY_PRO
  X:00F4H         SYMBOL        keyCode
  C:148AH         LINE#         114
  C:148FH         LINE#         116
  C:1492H         LINE#         118
  C:149CH         LINE#         119
  C:149EH         LINE#         120
  C:14A1H         LINE#         123
  C:14A1H         LINE#         125
  C:14E3H         LINE#         126
  C:14E3H         LINE#         128
  C:14EBH         LINE#         129
  C:14EEH         LINE#         130
  C:14F7H         LINE#         131
  C:14FDH         LINE#         132
  C:14FDH         LINE#         134
  C:14FEH         LINE#         135
  C:14FEH         LINE#         137
BL51 BANKED LINKER/LOCATER V6.22                                                      08/10/2017  22:48:23  PAGE 10


  C:1506H         LINE#         138
  C:1509H         LINE#         139
  C:1509H         LINE#         141
  C:1509H         LINE#         142
  C:1509H         LINE#         144
  C:1510H         LINE#         145
  C:1513H         LINE#         146
  C:1516H         LINE#         147
  C:151DH         LINE#         148
  C:151DH         LINE#         149
  C:151DH         LINE#         150
  C:1526H         LINE#         151
  C:1529H         LINE#         152
  C:152CH         LINE#         153
  C:152CH         LINE#         155
  C:152CH         LINE#         156
  C:152CH         LINE#         158
  C:152CH         LINE#         159
  C:152CH         LINE#         161
  C:152FH         LINE#         162
  C:152FH         LINE#         163
  C:152FH         LINE#         165
  C:152FH         LINE#         166
  C:152FH         LINE#         168
  C:152FH         LINE#         169
  C:152FH         LINE#         171
  C:1532H         LINE#         172
  C:1532H         LINE#         173
  C:1532H         LINE#         175
  C:1532H         LINE#         176
  C:1532H         LINE#         178
  C:1532H         LINE#         179
  C:1532H         LINE#         181
  C:1535H         LINE#         182
  C:1535H         LINE#         183
  C:1535H         LINE#         185
  C:1535H         LINE#         187
  C:1535H         LINE#         189
  C:1535H         LINE#         190
  C:1535H         LINE#         192
  C:1538H         LINE#         193
  C:1538H         LINE#         194
  C:1538H         LINE#         196
  C:1538H         LINE#         198
  C:1538H         LINE#         200
  C:1538H         LINE#         202
  C:1538H         LINE#         203
  -------         ENDPROC       _APP_KEY_PRO
  -------         ENDMOD        APP_KEY

  -------         MODULE        APP_WORK
  C:0000H         SYMBOL        _ICE_DUMMY_
  D:0080H         PUBLIC        P0
  D:0090H         PUBLIC        P1
  D:00A0H         PUBLIC        P2
  D:00B0H         PUBLIC        P3
  D:00D8H         PUBLIC        P5
BL51 BANKED LINKER/LOCATER V6.22                                                      08/10/2017  22:48:23  PAGE 11


  D:00A8H         PUBLIC        IE
  C:1DC6H         PUBLIC        query_work_sum
  D:00B8H         PUBLIC        IP
  C:21AEH         SYMBOL        app_work_pro
  C:000EH         PUBLIC        app_work_1s_pro
  X:009BH         SYMBOL        count_NoAction
  D:0098H         PUBLIC        SCON
  D:0088H         PUBLIC        TCON
  C:003EH         PUBLIC        work_Init
  B:0021H.2       SYMBOL        pull_once_flag
  D:00F8H         PUBLIC        SCON_1
  X:009CH         PUBLIC        Rep_Pull_num
  D:00E8H         PUBLIC        ADCCON0
  D:00C0H         PUBLIC        I2CON
  X:00A4H         PUBLIC        g_tWork
  D:00C8H         PUBLIC        T2CON
  C:2002H         PUBLIC        app_work_100ms_pro
  D:00D0H         PUBLIC        PSW
  -------         PROC          WORK_INIT
  C:003EH         LINE#         24
  C:003EH         LINE#         25
  C:0044H         LINE#         26
  C:0047H         LINE#         27
  C:004BH         LINE#         28
  C:004DH         LINE#         29
  C:0051H         LINE#         30
  C:0055H         LINE#         32
  C:0059H         LINE#         33
  -------         ENDPROC       WORK_INIT
  -------         PROC          QUERY_WORK_SUM
  C:1DC6H         LINE#         35
  C:1DC6H         LINE#         36
  C:1DD4H         LINE#         37
  C:1DE3H         LINE#         38
  C:1DE7H         LINE#         39
  C:1DE7H         LINE#         40
  C:1DE9H         LINE#         42
  -------         ENDPROC       QUERY_WORK_SUM
  -------         PROC          APP_WORK_1S_PRO
  C:000EH         LINE#         44
  C:000EH         LINE#         45
  C:0017H         LINE#         46
  C:001AH         LINE#         47
  C:001AH         LINE#         49
  -------         ENDPROC       APP_WORK_1S_PRO
  -------         PROC          APP_WORK_100MS_PRO
  C:2002H         LINE#         50
  C:2002H         LINE#         51
  C:2005H         LINE#         52
  C:2007H         LINE#         54
  C:200AH         LINE#         55
  C:200DH         LINE#         56
  C:200DH         LINE#         58
  -------         ENDPROC       APP_WORK_100MS_PRO
  -------         PROC          APP_WORK_PRO
  C:21AEH         LINE#         60
  C:21AEH         LINE#         62
BL51 BANKED LINKER/LOCATER V6.22                                                      08/10/2017  22:48:23  PAGE 12


  -------         ENDPROC       APP_WORK_PRO
  -------         ENDMOD        APP_WORK

  -------         MODULE        APP_REPEAT_EXE
  C:0000H         SYMBOL        _ICE_DUMMY_
  D:0080H         PUBLIC        P0
  D:0090H         PUBLIC        P1
  D:00A0H         PUBLIC        P2
  D:00B0H         PUBLIC        P3
  C:200EH         PUBLIC        _Repeat_SetStart
  D:00D8H         PUBLIC        P5
  D:00A8H         PUBLIC        IE
  C:1FD8H         SYMBOL        Repeat_Stop_exe
  D:00B8H         PUBLIC        IP
  C:201AH         PUBLIC        _Repeat_SetStop
  X:00ADH         SYMBOL        g_tRepeat
  D:0098H         PUBLIC        SCON
  D:0088H         PUBLIC        TCON
  D:00F8H         PUBLIC        SCON_1
  C:1BF1H         PUBLIC        _Repeat_Start
  D:00E8H         PUBLIC        ADCCON0
  D:00C0H         PUBLIC        I2CON
  D:00C8H         PUBLIC        T2CON
  C:1F5AH         PUBLIC        Repeat_Stop
  C:13CBH         PUBLIC        Repeat_Pro
  C:1FC8H         SYMBOL        Repeat_Start_exe
  D:00D0H         PUBLIC        PSW
  -------         PROC          _REPEAT_SETSTART
  D:0001H         SYMBOL        fun
  C:200EH         LINE#         12
  C:200EH         LINE#         13
  C:2019H         LINE#         14
  -------         ENDPROC       _REPEAT_SETSTART
  -------         PROC          _REPEAT_SETSTOP
  D:0001H         SYMBOL        fun
  C:201AH         LINE#         16
  C:201AH         LINE#         17
  C:2025H         LINE#         18
  -------         ENDPROC       _REPEAT_SETSTOP
  -------         PROC          REPEAT_START_EXE
  C:1FC8H         LINE#         20
  C:1FC8H         LINE#         21
  C:1FD4H         LINE#         22
  C:1FD7H         LINE#         23
  C:1FD7H         LINE#         24
  -------         ENDPROC       REPEAT_START_EXE
  -------         PROC          REPEAT_STOP_EXE
  C:1FD8H         LINE#         26
  C:1FD8H         LINE#         27
  C:1FE4H         LINE#         28
  C:1FE7H         LINE#         29
  C:1FE7H         LINE#         30
  -------         ENDPROC       REPEAT_STOP_EXE
  -------         PROC          _REPEAT_START
  D:0006H         SYMBOL        _usStartTime
  D:0004H         SYMBOL        _usStopTime
  D:0002H         SYMBOL        _usCycle
BL51 BANKED LINKER/LOCATER V6.22                                                      08/10/2017  22:48:23  PAGE 13


  C:1BF1H         LINE#         42
  C:1BF1H         LINE#         43
  C:1BF1H         LINE#         44
  C:1BF5H         LINE#         46
  C:1BF5H         LINE#         48
  C:1BFDH         LINE#         49
  C:1C05H         LINE#         50
  C:1C0DH         LINE#         51
  C:1C12H         LINE#         52
  C:1C16H         LINE#         53
  C:1C1AH         LINE#         54
  C:1C1FH         LINE#         56
  C:1C22H         LINE#         57
  -------         ENDPROC       _REPEAT_START
  -------         PROC          REPEAT_STOP
  C:1F5AH         LINE#         67
  C:1F5AH         LINE#         68
  C:1F5FH         LINE#         69
  C:1F62H         LINE#         70
  C:1F6BH         LINE#         71
  -------         ENDPROC       REPEAT_STOP
  -------         PROC          REPEAT_PRO
  C:13CBH         LINE#         83
  C:13CBH         LINE#         85
  C:13D2H         LINE#         86
  C:13D5H         LINE#         88
  C:13D5H         LINE#         90
  C:13ECH         LINE#         92
  C:13ECH         LINE#         94
  C:13F2H         LINE#         95
  C:13FEH         LINE#         96
  C:13FEH         LINE#         97
  C:1417H         LINE#         98
  C:141AH         LINE#         99
  C:1421H         LINE#         100
  C:1426H         LINE#         101
  C:1426H         LINE#         102
  C:1427H         LINE#         104
  C:1427H         LINE#         105
  C:142FH         LINE#         106
  C:1447H         LINE#         108
  C:1456H         LINE#         109
  C:1469H         LINE#         111
  C:146EH         LINE#         112
  C:146EH         LINE#         114
  C:1474H         LINE#         115
  C:147BH         LINE#         117
  C:147BH         LINE#         118
  C:147BH         LINE#         119
  C:1482H         LINE#         120
  C:1486H         LINE#         122
  C:1489H         LINE#         123
  C:1489H         LINE#         124
  C:1489H         LINE#         126
  -------         ENDPROC       REPEAT_PRO
  -------         ENDMOD        APP_REPEAT_EXE

BL51 BANKED LINKER/LOCATER V6.22                                                      08/10/2017  22:48:23  PAGE 14


  -------         MODULE        BSP
  C:0000H         SYMBOL        _ICE_DUMMY_
  D:0080H         PUBLIC        P0
  D:0090H         PUBLIC        P1
  D:00A0H         PUBLIC        P2
  D:00B0H         PUBLIC        P3
  D:00D8H         PUBLIC        P5
  B:00A8H.7       PUBLIC        EA
  D:00A8H         PUBLIC        IE
  D:00B8H         PUBLIC        IP
  B:0021H.3       PUBLIC        BIT_TMP
  D:0098H         PUBLIC        SCON
  D:0088H         PUBLIC        TCON
  C:1F94H         PUBLIC        bsp_Init
  D:00F8H         PUBLIC        SCON_1
  D:00E8H         PUBLIC        ADCCON0
  D:00C0H         PUBLIC        I2CON
  D:00C8H         PUBLIC        T2CON
  D:00D0H         PUBLIC        PSW
  -------         PROC          BSP_INIT
  C:1F94H         LINE#         5
  C:1F94H         LINE#         10
  C:1F97H         LINE#         14
  C:1F9AH         LINE#         15
  C:1F9DH         LINE#         17
  C:1FA0H         LINE#         18
  C:1FA3H         LINE#         23
  C:1FA5H         LINE#         25
  -------         ENDPROC       BSP_INIT
  -------         ENDMOD        BSP

  -------         MODULE        BSP_KEY
  C:0000H         SYMBOL        _ICE_DUMMY_
  D:00B1H         PUBLIC        P0M1
  D:00B2H         PUBLIC        P0M2
  D:0080H         PUBLIC        P0
  D:0090H         PUBLIC        P1
  D:00A0H         PUBLIC        P2
  D:00B0H         PUBLIC        P3
  D:00D8H         PUBLIC        P5
  C:001EH         PUBLIC        _bsp_PutKey
  D:00A8H         PUBLIC        IE
  C:12E8H         SYMBOL        bsp_InitKeyVar
  X:0000H         PUBLIC        pBtn
  D:00B8H         PUBLIC        IP
  C:1D27H         PUBLIC        bsp_GetKey2
  C:0E53H         SYMBOL        _bsp_DetectKey
  B:0080H.2       PUBLIC        P02
  C:2026H         SYMBOL        IsKeyDown1
  B:0080H.4       PUBLIC        P04
  D:0098H         PUBLIC        SCON
  C:202FH         SYMBOL        IsKeyDown2
  B:0080H.5       PUBLIC        P05
  D:0088H         PUBLIC        TCON
  C:2038H         SYMBOL        IsKeyDown3
  B:0080H.6       PUBLIC        P06
  C:2041H         SYMBOL        IsKeyDown4
BL51 BANKED LINKER/LOCATER V6.22                                                      08/10/2017  22:48:23  PAGE 15


  C:204AH         SYMBOL        IsKeyDown5
  C:2053H         SYMBOL        IsKeyDown6
  C:205CH         SYMBOL        IsKeyDown7
  B:00D8H.5       PUBLIC        P55
  C:2065H         SYMBOL        IsKeyDown8
  C:206EH         SYMBOL        IsKeyDown9
  C:2077H         PUBLIC        bsp_ClearKey
  D:00F8H         PUBLIC        SCON_1
  C:1EF4H         PUBLIC        bsp_KeyScan
  D:00E8H         PUBLIC        ADCCON0
  D:00C0H         PUBLIC        I2CON
  D:00C8H         PUBLIC        T2CON
  C:218FH         PUBLIC        bsp_InitKey
  C:20AAH         SYMBOL        bsp_InitKeyHard
  X:0003H         SYMBOL        s_tBtn
  X:0066H         SYMBOL        s_tKey
  C:1C80H         PUBLIC        bsp_GetKey
  C:1B8BH         PUBLIC        _bsp_SetKeyParam
  C:1FA6H         PUBLIC        _bsp_GetKeyState
  D:00D0H         PUBLIC        PSW
  -------         PROC          ISKEYDOWN1
  C:2026H         LINE#         34
  C:2026H         LINE#         35
  C:2029H         LINE#         36
  C:202CH         LINE#         37
  C:202CH         LINE#         38
  C:202EH         LINE#         39
  C:202EH         LINE#         40
  -------         ENDPROC       ISKEYDOWN1
  -------         PROC          ISKEYDOWN2
  C:202FH         LINE#         41
  C:202FH         LINE#         42
  C:2032H         LINE#         43
  C:2035H         LINE#         44
  C:2035H         LINE#         45
  C:2037H         LINE#         46
  C:2037H         LINE#         47
  -------         ENDPROC       ISKEYDOWN2
  -------         PROC          ISKEYDOWN3
  C:2038H         LINE#         48
  C:2038H         LINE#         49
  C:203BH         LINE#         50
  C:203EH         LINE#         51
  C:203EH         LINE#         52
  C:2040H         LINE#         53
  C:2040H         LINE#         54
  -------         ENDPROC       ISKEYDOWN3
  -------         PROC          ISKEYDOWN4
  C:2041H         LINE#         55
  C:2041H         LINE#         56
  C:2044H         LINE#         57
  C:2047H         LINE#         58
  C:2047H         LINE#         59
  C:2049H         LINE#         60
  C:2049H         LINE#         61
  -------         ENDPROC       ISKEYDOWN4
  -------         PROC          ISKEYDOWN5
BL51 BANKED LINKER/LOCATER V6.22                                                      08/10/2017  22:48:23  PAGE 16


  C:204AH         LINE#         63
  C:204AH         LINE#         64
  C:204DH         LINE#         65
  C:2050H         LINE#         66
  C:2050H         LINE#         67
  C:2052H         LINE#         68
  C:2052H         LINE#         69
  -------         ENDPROC       ISKEYDOWN5
  -------         PROC          ISKEYDOWN6
  C:2053H         LINE#         70
  C:2053H         LINE#         71
  C:2056H         LINE#         72
  C:2059H         LINE#         73
  C:2059H         LINE#         74
  C:205BH         LINE#         75
  C:205BH         LINE#         76
  -------         ENDPROC       ISKEYDOWN6
  -------         PROC          ISKEYDOWN7
  C:205CH         LINE#         77
  C:205CH         LINE#         78
  C:205FH         LINE#         79
  C:2062H         LINE#         80
  C:2062H         LINE#         81
  C:2064H         LINE#         82
  C:2064H         LINE#         83
  -------         ENDPROC       ISKEYDOWN7
  -------         PROC          ISKEYDOWN8
  C:2065H         LINE#         84
  C:2065H         LINE#         85
  C:2068H         LINE#         86
  C:206BH         LINE#         87
  C:206BH         LINE#         88
  C:206DH         LINE#         89
  C:206DH         LINE#         90
  -------         ENDPROC       ISKEYDOWN8
  -------         PROC          ISKEYDOWN9
  C:206EH         LINE#         91
  C:206EH         LINE#         92
  C:2071H         LINE#         93
  C:2074H         LINE#         94
  C:2074H         LINE#         95
  C:2076H         LINE#         96
  C:2076H         LINE#         97
  -------         ENDPROC       ISKEYDOWN9
  -------         PROC          BSP_INITKEY
  C:218FH         LINE#         107
  C:218FH         LINE#         108
  C:2192H         LINE#         109
  -------         ENDPROC       BSP_INITKEY
  -------         PROC          _BSP_PUTKEY
  D:0007H         SYMBOL        _KeyCode
  C:001EH         LINE#         120
  C:001EH         LINE#         121
  C:002DH         LINE#         123
  C:0038H         LINE#         124
  C:003AH         LINE#         125
  C:003AH         LINE#         126
BL51 BANKED LINKER/LOCATER V6.22                                                      08/10/2017  22:48:23  PAGE 17


  -------         ENDPROC       _BSP_PUTKEY
  -------         PROC          BSP_GETKEY
  -------         DO            
  D:0007H         SYMBOL        ret
  -------         ENDDO         
  C:1C80H         LINE#         136
  C:1C80H         LINE#         139
  C:1C8DH         LINE#         140
  C:1C90H         LINE#         141
  C:1C90H         LINE#         142
  C:1C9CH         LINE#         144
  C:1CA7H         LINE#         145
  C:1CA9H         LINE#         146
  C:1CA9H         LINE#         147
  C:1CA9H         LINE#         148
  C:1CA9H         LINE#         149
  -------         ENDPROC       BSP_GETKEY
  -------         PROC          BSP_GETKEY2
  -------         DO            
  D:0007H         SYMBOL        ret
  -------         ENDDO         
  C:1D27H         LINE#         159
  C:1D27H         LINE#         162
  C:1D32H         LINE#         163
  C:1D35H         LINE#         164
  C:1D35H         LINE#         165
  C:1D41H         LINE#         167
  C:1D4CH         LINE#         168
  C:1D4EH         LINE#         169
  C:1D4EH         LINE#         170
  C:1D4EH         LINE#         171
  C:1D4EH         LINE#         172
  -------         ENDPROC       BSP_GETKEY2
  -------         PROC          _BSP_GETKEYSTATE
  D:0007H         SYMBOL        _ucKeyID
  C:1FA6H         LINE#         182
  C:1FA6H         LINE#         183
  C:1FB6H         LINE#         184
  -------         ENDPROC       _BSP_GETKEYSTATE
  -------         PROC          _BSP_SETKEYPARAM
  D:0007H         SYMBOL        _ucKeyID
  D:0004H         SYMBOL        _LongTime
  D:0003H         SYMBOL        _RepeatSpeed
  C:1B8BH         LINE#         196
  C:1B8BH         LINE#         197
  C:1B9EH         LINE#         198
  C:1BAEH         LINE#         199
  C:1BBEH         LINE#         200
  -------         ENDPROC       _BSP_SETKEYPARAM
  -------         PROC          BSP_CLEARKEY
  C:2077H         LINE#         210
  C:2077H         LINE#         211
  C:207FH         LINE#         212
  -------         ENDPROC       BSP_CLEARKEY
  -------         PROC          BSP_INITKEYHARD
  C:20AAH         LINE#         222
  C:20AAH         LINE#         224
BL51 BANKED LINKER/LOCATER V6.22                                                      08/10/2017  22:48:23  PAGE 18


  C:20ADH         LINE#         225
  C:20B0H         LINE#         227
  -------         ENDPROC       BSP_INITKEYHARD
  -------         PROC          BSP_INITKEYVAR
  -------         DO            
  D:0007H         SYMBOL        i
  -------         ENDDO         
  C:12E8H         LINE#         237
  C:12E8H         LINE#         241
  C:12EDH         LINE#         242
  C:12EFH         LINE#         243
  C:12F1H         LINE#         246
  C:12F2H         LINE#         247
  C:1306H         LINE#         248
  C:1317H         LINE#         249
  C:1327H         LINE#         253
  C:1337H         LINE#         254
  C:1347H         LINE#         255
  C:134CH         LINE#         258
  C:135AH         LINE#         259
  C:1368H         LINE#         260
  C:1376H         LINE#         261
  C:1384H         LINE#         262
  C:1392H         LINE#         263
  C:13A0H         LINE#         264
  C:13AEH         LINE#         265
  C:13BCH         LINE#         266
  C:13CAH         LINE#         268
  -------         ENDPROC       BSP_INITKEYVAR
  -------         PROC          _BSP_DETECTKEY
  X:00F5H         SYMBOL        i
  C:0E53H         LINE#         279
  C:0E58H         LINE#         280
  C:0E72H         LINE#         281
  C:0E7EH         LINE#         282
  C:0E95H         LINE#         283
  C:0E9AH         LINE#         284
  C:0EA3H         LINE#         285
  C:0EABH         LINE#         286
  C:0EABH         LINE#         287
  C:0EB3H         LINE#         288
  C:0EBAH         LINE#         291
  C:0EC7H         LINE#         292
  C:0EC7H         LINE#         294
  C:0EE6H         LINE#         295
  C:0EF3H         LINE#         297
  C:0F0AH         LINE#         299
  C:0F14H         LINE#         300
  C:0F14H         LINE#         301
  C:0F16H         LINE#         302
  C:0F25H         LINE#         303
  C:0F31H         LINE#         304
  C:0F38H         LINE#         306
  C:0F45H         LINE#         307
  C:0F45H         LINE#         308
  C:0F45H         LINE#         309
  C:0F45H         LINE#         310
BL51 BANKED LINKER/LOCATER V6.22                                                      08/10/2017  22:48:23  PAGE 19


  C:0F45H         LINE#         311
  C:0F45H         LINE#         312
  C:0F45H         LINE#         313
  C:0F5CH         LINE#         314
  C:0F64H         LINE#         315
  C:0F69H         LINE#         316
  C:0F71H         LINE#         317
  C:0F73H         LINE#         318
  C:0F7CH         LINE#         319
  C:0F83H         LINE#         322
  C:0F91H         LINE#         323
  C:0F91H         LINE#         324
  C:0F91H         LINE#         325
  C:0FA5H         LINE#         326
  C:0FACH         LINE#         327
  C:0FACH         LINE#         328
  -------         ENDPROC       _BSP_DETECTKEY
  -------         PROC          BSP_KEYSCAN
  -------         DO            
  X:00F6H         SYMBOL        i
  -------         ENDDO         
  C:1EF4H         LINE#         338
  C:1EF4H         LINE#         341
  C:1F03H         LINE#         342
  C:1F06H         LINE#         343
  C:1F0EH         LINE#         344
  -------         ENDPROC       BSP_KEYSCAN
  -------         ENDMOD        BSP_KEY

  -------         MODULE        BSP_BT
  C:0000H         SYMBOL        _ICE_DUMMY_
  D:0080H         PUBLIC        P0
  D:0090H         PUBLIC        P1
  D:00A0H         PUBLIC        P2
  D:00B0H         PUBLIC        P3
  D:00D8H         PUBLIC        P5
  D:00A8H         PUBLIC        IE
  D:00B8H         PUBLIC        IP
  D:0098H         PUBLIC        SCON
  D:0088H         PUBLIC        TCON
  D:00F8H         PUBLIC        SCON_1
  D:00E8H         PUBLIC        ADCCON0
  D:00C0H         PUBLIC        I2CON
  D:00C8H         PUBLIC        T2CON
  D:00D0H         PUBLIC        PSW
  -------         ENDMOD        BSP_BT

  -------         MODULE        BSP_DISPLAY
  C:0000H         SYMBOL        _ICE_DUMMY_
  C:210CH         PUBLIC        LCD_Show_BAZOOKA_ICO
  D:00B1H         PUBLIC        P0M1
  D:00B3H         PUBLIC        P1M1
  D:00B2H         PUBLIC        P0M2
  D:0080H         PUBLIC        P0
  D:00B5H         PUBLIC        P2M1
  D:00B4H         PUBLIC        P1M2
  D:0090H         PUBLIC        P1
BL51 BANKED LINKER/LOCATER V6.22                                                      08/10/2017  22:48:23  PAGE 20


  D:00B6H         PUBLIC        P2M2
  D:00ACH         PUBLIC        P3M1
  D:00A0H         PUBLIC        P2
  D:00DAH         PUBLIC        P4M1
  D:00B0H         PUBLIC        P3
  D:00ADH         PUBLIC        P3M2
  D:00DCH         PUBLIC        P5M1
  D:00DBH         PUBLIC        P4M2
  D:00DDH         PUBLIC        P5M2
  D:00D8H         PUBLIC        P5
  C:20C6H         PUBLIC        LCD_Show_FM_ICO
  C:212FH         PUBLIC        LCD_Clear_ABCD
  C:2175H         PUBLIC        LCD_Clear_CAL_ICO
  D:00A8H         PUBLIC        IE
  C:15D3H         PUBLIC        _LCD_Show_mi
  C:20B1H         PUBLIC        LCD_Clear_LED_ICO
  C:2144H         PUBLIC        LCD_Show_QS_ICO
  C:1FE8H         PUBLIC        LCD_Clear_All
  D:00B8H         PUBLIC        IP
  C:0780H         PUBLIC        _LCD_Show_CAL_Num
  C:214BH         PUBLIC        LCD_Clear_COACH_ICO
  C:2113H         PUBLIC        LCD_Clear_upColon_ICO
  C:2159H         PUBLIC        LCD_Clear_Line_down
  C:1E0DH         PUBLIC        LCD_Clear_Pulls_Num
  C:20E9H         PUBLIC        LCD_Clear_USB_ICO
  C:1B1FH         PUBLIC        LCD_display_InitHard
  C:20DBH         PUBLIC        LCD_Clear_AUX_ICO
  C:20F7H         PUBLIC        LCD_Clear_MHZ_ICO
  C:2128H         PUBLIC        LCD_Show_downColon_ICO
  D:00FCH         PUBLIC        LCDDAT
  D:00FAH         PUBLIC        LCDCLK
  C:2167H         PUBLIC        LCD_Clear_Heart_ICO
  C:0CF5H         PUBLIC        _LCD_Show_REP_Num
  D:0098H         PUBLIC        SCON
  D:00F9H         PUBLIC        LCDCON
  D:0088H         PUBLIC        TCON
  C:20CDH         PUBLIC        LCD_Clear_BLUETooTH_ICO
  C:1E75H         PUBLIC        _LCD_Show_ABCD
  C:217CH         PUBLIC        LCD_Show_CAL_ICO
  C:2105H         PUBLIC        LCD_Clear_BAZOOKA_ICO
  D:00F8H         PUBLIC        SCON_1
  C:20B8H         PUBLIC        LCD_Show_LED_ICO
  D:00FBH         PUBLIC        LCDPTR
  C:20BFH         PUBLIC        LCD_Clear_FM_ICO
  C:2152H         PUBLIC        LCD_Show_COACH_ICO
  C:1204H         PUBLIC        _LCD_Clear_mi
  C:211AH         PUBLIC        LCD_Show_upColon_ICO
  D:00E8H         PUBLIC        ADCCON0
  D:00C0H         PUBLIC        I2CON
  C:2160H         PUBLIC        LCD_Show_Line_down
  C:0AA2H         PUBLIC        _LCD_Show_Pulls_Num
  C:2136H         PUBLIC        LCD_Show_ABCD_all
  C:213DH         PUBLIC        LCD_Clear_QS_ICO
  C:20F0H         PUBLIC        LCD_Show_USB_ICO
  C:1C53H         PUBLIC        LCD_Clear_CAL_Num
  C:20E2H         PUBLIC        LCD_Show_AUX_ICO
  C:20FEH         PUBLIC        LCD_Show_MHZ_ICO
BL51 BANKED LINKER/LOCATER V6.22                                                      08/10/2017  22:48:23  PAGE 21


  D:00E5H         PUBLIC        LCDSEG0
  D:00E6H         PUBLIC        LCDSEG1
  D:00E7H         PUBLIC        LCDSEG2
  D:00EEH         PUBLIC        LCDSEG3
  D:00C8H         PUBLIC        T2CON
  C:216EH         PUBLIC        LCD_Show_Heart_ICO
  C:20D4H         PUBLIC        LCD_Show_BLUETooTH_ICO
  C:1FF5H         PUBLIC        LCD_Clear_mi_all
  C:2121H         PUBLIC        LCD_Clear_downColon_ICO
  D:00D0H         PUBLIC        PSW
  -------         PROC          LCD_DISPLAY_INITHARD
  C:1B1FH         LINE#         15
  C:1B1FH         LINE#         18
  C:1B22H         LINE#         19
  C:1B25H         LINE#         21
  C:1B27H         LINE#         22
  C:1B2AH         LINE#         24
  C:1B2CH         LINE#         25
  C:1B2FH         LINE#         27
  C:1B31H         LINE#         28
  C:1B34H         LINE#         30
  C:1B36H         LINE#         31
  C:1B39H         LINE#         33
  C:1B3BH         LINE#         34
  C:1B3EH         LINE#         38
  C:1B40H         LINE#         40
  C:1B43H         LINE#         43
  C:1B46H         LINE#         44
  C:1B49H         LINE#         45
  C:1B4CH         LINE#         46
  C:1B4FH         LINE#         48
  C:1B52H         LINE#         50
  -------         ENDPROC       LCD_DISPLAY_INITHARD
  -------         PROC          LCD_CLEAR_ALL
  -------         DO            
  D:0007H         SYMBOL        i
  -------         ENDDO         
  C:1FE8H         LINE#         53
  C:1FE8H         LINE#         55
  C:1FEAH         LINE#         56
  C:1FECH         LINE#         57
  C:1FEFH         LINE#         58
  C:1FF4H         LINE#         59
  -------         ENDPROC       LCD_CLEAR_ALL
  -------         PROC          LCD_CLEAR_LED_ICO
  C:20B1H         LINE#         61
  C:20B1H         LINE#         62
  C:20B4H         LINE#         63
  C:20B7H         LINE#         64
  -------         ENDPROC       LCD_CLEAR_LED_ICO
  -------         PROC          LCD_SHOW_LED_ICO
  C:20B8H         LINE#         65
  C:20B8H         LINE#         66
  C:20BBH         LINE#         67
  C:20BEH         LINE#         68
  -------         ENDPROC       LCD_SHOW_LED_ICO
  -------         PROC          LCD_CLEAR_FM_ICO
BL51 BANKED LINKER/LOCATER V6.22                                                      08/10/2017  22:48:23  PAGE 22


  C:20BFH         LINE#         69
  C:20BFH         LINE#         70
  C:20C2H         LINE#         71
  C:20C5H         LINE#         72
  -------         ENDPROC       LCD_CLEAR_FM_ICO
  -------         PROC          LCD_SHOW_FM_ICO
  C:20C6H         LINE#         73
  C:20C6H         LINE#         74
  C:20C9H         LINE#         75
  C:20CCH         LINE#         76
  -------         ENDPROC       LCD_SHOW_FM_ICO
  -------         PROC          LCD_CLEAR_BLUETOOTH_ICO
  C:20CDH         LINE#         77
  C:20CDH         LINE#         78
  C:20D0H         LINE#         79
  C:20D3H         LINE#         80
  -------         ENDPROC       LCD_CLEAR_BLUETOOTH_ICO
  -------         PROC          LCD_SHOW_BLUETOOTH_ICO
  C:20D4H         LINE#         81
  C:20D4H         LINE#         82
  C:20D7H         LINE#         83
  C:20DAH         LINE#         84
  -------         ENDPROC       LCD_SHOW_BLUETOOTH_ICO
  -------         PROC          LCD_CLEAR_AUX_ICO
  C:20DBH         LINE#         85
  C:20DBH         LINE#         86
  C:20DEH         LINE#         87
  C:20E1H         LINE#         88
  -------         ENDPROC       LCD_CLEAR_AUX_ICO
  -------         PROC          LCD_SHOW_AUX_ICO
  C:20E2H         LINE#         89
  C:20E2H         LINE#         90
  C:20E5H         LINE#         91
  C:20E8H         LINE#         92
  -------         ENDPROC       LCD_SHOW_AUX_ICO
  -------         PROC          LCD_CLEAR_USB_ICO
  C:20E9H         LINE#         93
  C:20E9H         LINE#         94
  C:20ECH         LINE#         95
  C:20EFH         LINE#         96
  -------         ENDPROC       LCD_CLEAR_USB_ICO
  -------         PROC          LCD_SHOW_USB_ICO
  C:20F0H         LINE#         97
  C:20F0H         LINE#         98
  C:20F3H         LINE#         99
  C:20F6H         LINE#         100
  -------         ENDPROC       LCD_SHOW_USB_ICO
  -------         PROC          LCD_CLEAR_MHZ_ICO
  C:20F7H         LINE#         101
  C:20F7H         LINE#         102
  C:20FAH         LINE#         103
  C:20FDH         LINE#         104
  -------         ENDPROC       LCD_CLEAR_MHZ_ICO
  -------         PROC          LCD_SHOW_MHZ_ICO
  C:20FEH         LINE#         105
  C:20FEH         LINE#         106
  C:2101H         LINE#         107
BL51 BANKED LINKER/LOCATER V6.22                                                      08/10/2017  22:48:23  PAGE 23


  C:2104H         LINE#         108
  -------         ENDPROC       LCD_SHOW_MHZ_ICO
  -------         PROC          LCD_CLEAR_BAZOOKA_ICO
  C:2105H         LINE#         109
  C:2105H         LINE#         110
  C:2108H         LINE#         111
  C:210BH         LINE#         112
  -------         ENDPROC       LCD_CLEAR_BAZOOKA_ICO
  -------         PROC          LCD_SHOW_BAZOOKA_ICO
  C:210CH         LINE#         113
  C:210CH         LINE#         114
  C:210FH         LINE#         115
  C:2112H         LINE#         116
  -------         ENDPROC       LCD_SHOW_BAZOOKA_ICO
  -------         PROC          LCD_CLEAR_UPCOLON_ICO
  C:2113H         LINE#         120
  C:2113H         LINE#         121
  C:2116H         LINE#         122
  C:2119H         LINE#         123
  -------         ENDPROC       LCD_CLEAR_UPCOLON_ICO
  -------         PROC          LCD_SHOW_UPCOLON_ICO
  C:211AH         LINE#         124
  C:211AH         LINE#         125
  C:211DH         LINE#         126
  C:2120H         LINE#         127
  -------         ENDPROC       LCD_SHOW_UPCOLON_ICO
  -------         PROC          LCD_CLEAR_DOWNCOLON_ICO
  C:2121H         LINE#         128
  C:2121H         LINE#         129
  C:2124H         LINE#         130
  C:2127H         LINE#         131
  -------         ENDPROC       LCD_CLEAR_DOWNCOLON_ICO
  -------         PROC          LCD_SHOW_DOWNCOLON_ICO
  C:2128H         LINE#         132
  C:2128H         LINE#         133
  C:212BH         LINE#         134
  C:212EH         LINE#         135
  -------         ENDPROC       LCD_SHOW_DOWNCOLON_ICO
  -------         PROC          _LCD_CLEAR_MI
  D:0007H         SYMBOL        n
  C:1204H         LINE#         137
  C:1204H         LINE#         138
  C:122CH         LINE#         139
  C:122CH         LINE#         140
  C:122FH         LINE#         141
  C:1232H         LINE#         143
  C:1235H         LINE#         144
  C:1238H         LINE#         146
  C:123BH         LINE#         147
  C:123EH         LINE#         149
  C:1241H         LINE#         150
  C:1241H         LINE#         151
  C:1244H         LINE#         152
  C:1244H         LINE#         153
  C:1247H         LINE#         154
  C:124AH         LINE#         156
  C:124DH         LINE#         157
BL51 BANKED LINKER/LOCATER V6.22                                                      08/10/2017  22:48:23  PAGE 24


  C:1250H         LINE#         159
  C:1253H         LINE#         160
  C:1256H         LINE#         162
  C:1259H         LINE#         163
  C:1259H         LINE#         164
  C:125CH         LINE#         165
  C:125CH         LINE#         166
  C:125FH         LINE#         167
  C:1262H         LINE#         169
  C:1265H         LINE#         170
  C:1268H         LINE#         172
  C:126BH         LINE#         173
  C:126EH         LINE#         175
  C:1271H         LINE#         176
  C:1271H         LINE#         177
  C:1273H         LINE#         178
  C:1273H         LINE#         179
  C:1276H         LINE#         180
  C:1279H         LINE#         182
  C:127CH         LINE#         183
  C:127FH         LINE#         185
  C:1282H         LINE#         186
  C:1285H         LINE#         188
  C:1288H         LINE#         189
  C:1288H         LINE#         190
  C:128AH         LINE#         191
  C:128AH         LINE#         192
  C:128DH         LINE#         193
  C:1290H         LINE#         195
  C:1293H         LINE#         196
  C:1296H         LINE#         198
  C:1299H         LINE#         199
  C:129CH         LINE#         201
  C:129FH         LINE#         202
  C:129FH         LINE#         203
  C:12A1H         LINE#         204
  C:12A1H         LINE#         205
  C:12A4H         LINE#         206
  C:12A7H         LINE#         208
  C:12AAH         LINE#         209
  C:12ADH         LINE#         211
  C:12B0H         LINE#         212
  C:12B3H         LINE#         214
  C:12B6H         LINE#         215
  C:12B6H         LINE#         216
  C:12B8H         LINE#         217
  C:12B8H         LINE#         218
  C:12BBH         LINE#         219
  C:12BEH         LINE#         221
  C:12C1H         LINE#         222
  C:12C4H         LINE#         224
  C:12C7H         LINE#         225
  C:12CAH         LINE#         227
  C:12CDH         LINE#         228
  C:12CDH         LINE#         229
  C:12CFH         LINE#         230
  C:12CFH         LINE#         231
BL51 BANKED LINKER/LOCATER V6.22                                                      08/10/2017  22:48:23  PAGE 25


  C:12D2H         LINE#         232
  C:12D5H         LINE#         234
  C:12D8H         LINE#         235
  C:12DBH         LINE#         237
  C:12DEH         LINE#         238
  C:12E1H         LINE#         240
  C:12E4H         LINE#         241
  C:12E7H         LINE#         242
  C:12E7H         LINE#         243
  C:12E7H         LINE#         244
  -------         ENDPROC       _LCD_CLEAR_MI
  -------         PROC          LCD_CLEAR_MI_ALL
  -------         DO            
  D:0006H         SYMBOL        i
  -------         ENDDO         
  C:1FF5H         LINE#         245
  C:1FF5H         LINE#         246
  C:1FF7H         LINE#         247
  C:1FF7H         LINE#         248
  C:1FFCH         LINE#         249
  C:2001H         LINE#         250
  -------         ENDPROC       LCD_CLEAR_MI_ALL
  -------         PROC          _LCD_SHOW_MI
  D:0007H         SYMBOL        n
  D:0005H         SYMBOL        c
  C:15D3H         LINE#         251
  C:15D3H         LINE#         252
  C:15D9H         LINE#         253
  C:15D9H         LINE#         254
  C:15F2H         LINE#         255
  C:15F2H         LINE#         256
  C:15F5H         LINE#         257
  C:15F8H         LINE#         259
  C:15FBH         LINE#         260
  C:15FEH         LINE#         262
  C:1601H         LINE#         263
  C:1604H         LINE#         265
  C:1604H         LINE#         266
  C:1604H         LINE#         267
  C:1606H         LINE#         268
  C:1606H         LINE#         269
  C:1609H         LINE#         270
  C:160CH         LINE#         272
  C:160FH         LINE#         273
  C:1611H         LINE#         275
  C:1614H         LINE#         276
  C:1616H         LINE#         278
  C:1619H         LINE#         279
  C:161CH         LINE#         280
  C:161DH         LINE#         281
  C:161DH         LINE#         282
  C:1620H         LINE#         283
  C:1623H         LINE#         285
  C:1626H         LINE#         286
  C:1629H         LINE#         288
  C:162CH         LINE#         289
  C:162FH         LINE#         291
BL51 BANKED LINKER/LOCATER V6.22                                                      08/10/2017  22:48:23  PAGE 26


  C:1632H         LINE#         292
  C:1635H         LINE#         293
  C:1636H         LINE#         294
  C:1636H         LINE#         295
  C:1639H         LINE#         296
  C:163CH         LINE#         298
  C:163FH         LINE#         299
  C:1642H         LINE#         301
  C:1645H         LINE#         302
  C:1648H         LINE#         304
  C:1648H         LINE#         305
  C:1648H         LINE#         306
  C:164AH         LINE#         307
  C:164AH         LINE#         308
  C:164DH         LINE#         309
  C:1650H         LINE#         311
  C:1653H         LINE#         312
  C:1656H         LINE#         314
  C:1659H         LINE#         315
  C:165BH         LINE#         317
  C:165EH         LINE#         318
  C:1661H         LINE#         319
  C:1662H         LINE#         320
  C:1662H         LINE#         321
  C:1662H         LINE#         322
  C:1662H         LINE#         323
  C:1662H         LINE#         324
  C:1662H         LINE#         325
  C:1662H         LINE#         326
  C:1662H         LINE#         327
  C:1662H         LINE#         328
  C:1662H         LINE#         329
  C:1662H         LINE#         330
  C:1662H         LINE#         331
  C:1665H         LINE#         333
  C:1665H         LINE#         334
  C:1665H         LINE#         335
  C:1665H         LINE#         336
  C:1665H         LINE#         337
  C:1665H         LINE#         338
  C:1665H         LINE#         339
  C:1665H         LINE#         340
  C:1665H         LINE#         341
  C:1665H         LINE#         342
  C:1665H         LINE#         343
  C:1665H         LINE#         344
  C:1665H         LINE#         345
  C:1665H         LINE#         346
  C:1665H         LINE#         347
  C:1665H         LINE#         348
  C:1665H         LINE#         349
  C:1665H         LINE#         350
  C:1665H         LINE#         351
  C:1665H         LINE#         352
  -------         ENDPROC       _LCD_SHOW_MI
  -------         PROC          _LCD_SHOW_REP_NUM
  D:0007H         SYMBOL        num
BL51 BANKED LINKER/LOCATER V6.22                                                      08/10/2017  22:48:23  PAGE 27


  -------         DO            
  D:0005H         SYMBOL        ge
  D:0006H         SYMBOL        shi
  -------         ENDDO         
  C:0CF5H         LINE#         354
  C:0CF5H         LINE#         358
  C:0CFEH         LINE#         360
  C:0CFEH         LINE#         362
  C:0D04H         LINE#         363
  C:0D0BH         LINE#         364
  C:0D14H         LINE#         367
  C:0D42H         LINE#         368
  C:0D42H         LINE#         369
  C:0D45H         LINE#         370
  C:0D48H         LINE#         372
  C:0D48H         LINE#         373
  C:0D48H         LINE#         374
  C:0D4AH         LINE#         375
  C:0D4AH         LINE#         376
  C:0D4DH         LINE#         377
  C:0D50H         LINE#         379
  C:0D50H         LINE#         380
  C:0D50H         LINE#         381
  C:0D52H         LINE#         382
  C:0D52H         LINE#         383
  C:0D55H         LINE#         384
  C:0D58H         LINE#         386
  C:0D5BH         LINE#         387
  C:0D5EH         LINE#         388
  C:0D60H         LINE#         389
  C:0D60H         LINE#         390
  C:0D63H         LINE#         391
  C:0D66H         LINE#         393
  C:0D66H         LINE#         394
  C:0D66H         LINE#         395
  C:0D68H         LINE#         396
  C:0D68H         LINE#         397
  C:0D6BH         LINE#         398
  C:0D6EH         LINE#         400
  C:0D71H         LINE#         401
  C:0D74H         LINE#         402
  C:0D76H         LINE#         403
  C:0D76H         LINE#         404
  C:0D79H         LINE#         405
  C:0D7CH         LINE#         407
  C:0D7CH         LINE#         408
  C:0D7CH         LINE#         409
  C:0D7EH         LINE#         410
  C:0D7EH         LINE#         411
  C:0D81H         LINE#         412
  C:0D84H         LINE#         414
  C:0D87H         LINE#         415
  C:0D8AH         LINE#         416
  C:0D8CH         LINE#         417
  C:0D8CH         LINE#         418
  C:0D8FH         LINE#         419
  C:0D92H         LINE#         421
BL51 BANKED LINKER/LOCATER V6.22                                                      08/10/2017  22:48:23  PAGE 28


  C:0D95H         LINE#         422
  C:0D98H         LINE#         423
  C:0D9AH         LINE#         424
  C:0D9AH         LINE#         425
  C:0D9DH         LINE#         426
  C:0DA0H         LINE#         428
  C:0DA0H         LINE#         429
  C:0DA0H         LINE#         430
  C:0DA2H         LINE#         431
  C:0DA2H         LINE#         432
  C:0DA5H         LINE#         433
  C:0DA8H         LINE#         435
  C:0DABH         LINE#         436
  C:0DAEH         LINE#         437
  C:0DB0H         LINE#         438
  C:0DB0H         LINE#         439
  C:0DB0H         LINE#         443
  C:0DB3H         LINE#         444
  C:0DB6H         LINE#         447
  C:0DB9H         LINE#         448
  C:0DBCH         LINE#         450
  C:0DBCH         LINE#         453
  C:0DEAH         LINE#         454
  C:0DEAH         LINE#         455
  C:0DEDH         LINE#         456
  C:0DF0H         LINE#         458
  C:0DF0H         LINE#         459
  C:0DF0H         LINE#         460
  C:0DF2H         LINE#         461
  C:0DF2H         LINE#         462
  C:0DF5H         LINE#         463
  C:0DF8H         LINE#         465
  C:0DF8H         LINE#         466
  C:0DF8H         LINE#         467
  C:0DFAH         LINE#         468
  C:0DFAH         LINE#         469
  C:0DFDH         LINE#         470
  C:0E00H         LINE#         472
  C:0E03H         LINE#         473
  C:0E06H         LINE#         474
  C:0E07H         LINE#         475
  C:0E07H         LINE#         476
  C:0E0AH         LINE#         477
  C:0E0DH         LINE#         479
  C:0E0DH         LINE#         480
  C:0E0DH         LINE#         481
  C:0E0FH         LINE#         482
  C:0E0FH         LINE#         483
  C:0E12H         LINE#         484
  C:0E15H         LINE#         486
  C:0E18H         LINE#         487
  C:0E1BH         LINE#         488
  C:0E1CH         LINE#         489
  C:0E1CH         LINE#         490
  C:0E1FH         LINE#         491
  C:0E22H         LINE#         493
  C:0E22H         LINE#         494
BL51 BANKED LINKER/LOCATER V6.22                                                      08/10/2017  22:48:23  PAGE 29


  C:0E22H         LINE#         495
  C:0E24H         LINE#         496
  C:0E24H         LINE#         497
  C:0E27H         LINE#         498
  C:0E2AH         LINE#         500
  C:0E2DH         LINE#         501
  C:0E30H         LINE#         502
  C:0E31H         LINE#         503
  C:0E31H         LINE#         504
  C:0E34H         LINE#         505
  C:0E37H         LINE#         507
  C:0E3AH         LINE#         508
  C:0E3DH         LINE#         509
  C:0E3EH         LINE#         510
  C:0E3EH         LINE#         511
  C:0E41H         LINE#         512
  C:0E44H         LINE#         514
  C:0E44H         LINE#         515
  C:0E44H         LINE#         516
  C:0E46H         LINE#         517
  C:0E46H         LINE#         518
  C:0E49H         LINE#         519
  C:0E4CH         LINE#         521
  C:0E4FH         LINE#         522
  C:0E52H         LINE#         523
  C:0E52H         LINE#         524
  C:0E52H         LINE#         525
  -------         ENDPROC       _LCD_SHOW_REP_NUM
  -------         PROC          LCD_CLEAR_ABCD
  C:212FH         LINE#         526
  C:212FH         LINE#         528
  C:2132H         LINE#         529
  C:2135H         LINE#         531
  -------         ENDPROC       LCD_CLEAR_ABCD
  -------         PROC          LCD_SHOW_ABCD_ALL
  C:2136H         LINE#         532
  C:2136H         LINE#         534
  C:2139H         LINE#         535
  C:213CH         LINE#         536
  -------         ENDPROC       LCD_SHOW_ABCD_ALL
  -------         PROC          _LCD_SHOW_ABCD
  D:0007H         SYMBOL        c
  C:1E75H         LINE#         537
  C:1E75H         LINE#         539
  C:1E78H         LINE#         541
  C:1E87H         LINE#         542
  C:1E87H         LINE#         543
  C:1E8AH         LINE#         544
  C:1E8BH         LINE#         545
  C:1E8BH         LINE#         546
  C:1E8EH         LINE#         547
  C:1E8FH         LINE#         548
  C:1E8FH         LINE#         549
  C:1E92H         LINE#         550
  C:1E93H         LINE#         551
  C:1E93H         LINE#         552
  C:1E96H         LINE#         553
BL51 BANKED LINKER/LOCATER V6.22                                                      08/10/2017  22:48:23  PAGE 30


  C:1E96H         LINE#         554
  C:1E96H         LINE#         557
  C:1E96H         LINE#         558
  C:1E96H         LINE#         559
  -------         ENDPROC       _LCD_SHOW_ABCD
  -------         PROC          LCD_CLEAR_PULLS_NUM
  C:1E0DH         LINE#         560
  C:1E0DH         LINE#         562
  C:1E10H         LINE#         563
  C:1E13H         LINE#         566
  C:1E16H         LINE#         567
  C:1E19H         LINE#         570
  C:1E1CH         LINE#         571
  C:1E1FH         LINE#         574
  C:1E22H         LINE#         575
  C:1E24H         LINE#         578
  C:1E27H         LINE#         579
  C:1E2AH         LINE#         582
  C:1E2DH         LINE#         583
  C:1E2FH         LINE#         585
  -------         ENDPROC       LCD_CLEAR_PULLS_NUM
  -------         PROC          _LCD_SHOW_PULLS_NUM
  D:0002H         SYMBOL        num
  -------         DO            
  D:0001H         SYMBOL        ge
  X:00F1H         SYMBOL        shi
  X:00F2H         SYMBOL        bai
  -------         ENDDO         
  C:0AA2H         LINE#         586
  C:0AA6H         LINE#         591
  C:0AB2H         LINE#         594
  C:0AB2H         LINE#         595
  C:0AC2H         LINE#         596
  C:0ADFH         LINE#         597
  C:0AECH         LINE#         598
  C:0AF8H         LINE#         602
  C:0B27H         LINE#         603
  C:0B27H         LINE#         604
  C:0B2AH         LINE#         605
  C:0B2DH         LINE#         607
  C:0B2DH         LINE#         608
  C:0B2DH         LINE#         609
  C:0B2FH         LINE#         610
  C:0B2FH         LINE#         611
  C:0B32H         LINE#         612
  C:0B35H         LINE#         614
  C:0B35H         LINE#         615
  C:0B35H         LINE#         616
  C:0B37H         LINE#         617
  C:0B37H         LINE#         618
  C:0B3AH         LINE#         619
  C:0B3DH         LINE#         621
  C:0B40H         LINE#         622
  C:0B43H         LINE#         623
  C:0B45H         LINE#         624
  C:0B45H         LINE#         625
  C:0B48H         LINE#         626
BL51 BANKED LINKER/LOCATER V6.22                                                      08/10/2017  22:48:23  PAGE 31


  C:0B4BH         LINE#         628
  C:0B4BH         LINE#         629
  C:0B4BH         LINE#         630
  C:0B4DH         LINE#         631
  C:0B4DH         LINE#         632
  C:0B50H         LINE#         633
  C:0B53H         LINE#         635
  C:0B56H         LINE#         636
  C:0B59H         LINE#         637
  C:0B5BH         LINE#         638
  C:0B5BH         LINE#         639
  C:0B5EH         LINE#         640
  C:0B61H         LINE#         642
  C:0B61H         LINE#         643
  C:0B61H         LINE#         644
  C:0B63H         LINE#         645
  C:0B63H         LINE#         646
  C:0B66H         LINE#         647
  C:0B69H         LINE#         649
  C:0B6CH         LINE#         650
  C:0B6FH         LINE#         651
  C:0B71H         LINE#         652
  C:0B71H         LINE#         653
  C:0B74H         LINE#         654
  C:0B77H         LINE#         656
  C:0B7AH         LINE#         657
  C:0B7DH         LINE#         658
  C:0B7FH         LINE#         659
  C:0B7FH         LINE#         660
  C:0B82H         LINE#         661
  C:0B85H         LINE#         663
  C:0B85H         LINE#         664
  C:0B85H         LINE#         665
  C:0B87H         LINE#         666
  C:0B87H         LINE#         667
  C:0B8AH         LINE#         668
  C:0B8DH         LINE#         670
  C:0B90H         LINE#         671
  C:0B93H         LINE#         672
  C:0B95H         LINE#         673
  C:0B95H         LINE#         674
  C:0B95H         LINE#         675
  C:0B98H         LINE#         676
  C:0B9BH         LINE#         678
  C:0B9EH         LINE#         679
  C:0BA1H         LINE#         680
  C:0BA1H         LINE#         681
  C:0BADH         LINE#         682
  C:0BB0H         LINE#         683
  C:0BB3H         LINE#         685
  C:0BE4H         LINE#         686
  C:0BE4H         LINE#         687
  C:0BE7H         LINE#         688
  C:0BEAH         LINE#         690
  C:0BEAH         LINE#         691
  C:0BEAH         LINE#         692
  C:0BECH         LINE#         693
BL51 BANKED LINKER/LOCATER V6.22                                                      08/10/2017  22:48:23  PAGE 32


  C:0BECH         LINE#         694
  C:0BEFH         LINE#         695
  C:0BF2H         LINE#         697
  C:0BF2H         LINE#         698
[...]
  C:1CB3H         LINE#         185
  C:1CB6H         LINE#         186
  C:1CB9H         LINE#         189
  C:1CD1H         LINE#         194
  C:1CD3H         LINE#         195
  -------         ENDPROC       _INITIALUART0_TIMER1_TYPE3
  -------         PROC          _INITIALUART0_TIMER1_TYPE4
  D:0004H         SYMBOL        u32Baudrate
  C:1CD4H         LINE#         200
  C:1CD4H         LINE#         201
  C:1CD4H         LINE#         202
  C:1CD7H         LINE#         203
  C:1CDAH         LINE#         205
  C:1CDDH         LINE#         206
  C:1CE0H         LINE#         207
  C:1CE3H         LINE#         210
  C:1CFBH         LINE#         215
  C:1CFDH         LINE#         216
  -------         ENDPROC       _INITIALUART0_TIMER1_TYPE4
BL51 BANKED LINKER/LOCATER V6.22                                                      08/10/2017  22:48:23  PAGE 49


  -------         PROC          _INITIALUART0_TIMER3_TYPE5
  X:00D2H         SYMBOL        u32Baudrate
  C:1752H         LINE#         218
  C:1758H         LINE#         219
  C:1758H         LINE#         220
  C:175BH         LINE#         221
  C:175EH         LINE#         222
  C:1761H         LINE#         223
  C:1764H         LINE#         226
  C:1792H         LINE#         227
  C:17B1H         LINE#         233
  C:17B4H         LINE#         234
  -------         ENDPROC       _INITIALUART0_TIMER3_TYPE5
  -------         PROC          _INITIALUART0_TIMER3_TYPE6
  X:00D6H         SYMBOL        u32Baudrate
  C:17B5H         LINE#         236
  C:17BBH         LINE#         237
  C:17BBH         LINE#         238
  C:17BEH         LINE#         239
  C:17C1H         LINE#         240
  C:17C4H         LINE#         241
  C:17C7H         LINE#         244
  C:17F5H         LINE#         245
  C:1814H         LINE#         251
  C:1817H         LINE#         252
  -------         ENDPROC       _INITIALUART0_TIMER3_TYPE6
  -------         PROC          _INITIALUART1_TIMER3
  X:00DAH         SYMBOL        u32Baudrate
  C:18D8H         LINE#         254
  C:18DEH         LINE#         255
  C:18DEH         LINE#         256
  C:18E1H         LINE#         257
  C:18E4H         LINE#         260
  C:1912H         LINE#         261
  C:1931H         LINE#         267
  C:1934H         LINE#         268
  -------         ENDPROC       _INITIALUART1_TIMER3
  -------         PROC          RECEIVE_DATA_FROM_UART0
  -------         DO            
  D:0007H         SYMBOL        c
  -------         ENDDO         
  C:0003H         LINE#         280
  C:0003H         LINE#         283
  C:0006H         LINE#         285
  C:0008H         LINE#         286
  C:000AH         LINE#         287
  C:000AH         LINE#         288
  -------         ENDPROC       RECEIVE_DATA_FROM_UART0
  -------         PROC          _SEND_DATA_TO_UART0
  D:0007H         SYMBOL        c
  C:2092H         LINE#         300
  C:2092H         LINE#         301
  C:2094H         LINE#         302
  C:2096H         LINE#         303
  C:2099H         LINE#         305
  -------         ENDPROC       _SEND_DATA_TO_UART0
  -------         PROC          RECEIVE_DATA_FROM_UART1
BL51 BANKED LINKER/LOCATER V6.22                                                      08/10/2017  22:48:23  PAGE 50


  -------         DO            
  D:0007H         SYMBOL        c
  -------         ENDDO         
  C:209AH         LINE#         317
  C:209AH         LINE#         320
  C:209DH         LINE#         322
  C:209FH         LINE#         323
  C:20A1H         LINE#         324
  C:20A1H         LINE#         325
  -------         ENDPROC       RECEIVE_DATA_FROM_UART1
  -------         PROC          _SEND_DATA_TO_UART1
  D:0007H         SYMBOL        c
  C:20A2H         LINE#         337
  C:20A2H         LINE#         338
  C:20A4H         LINE#         339
  C:20A6H         LINE#         340
  C:20A9H         LINE#         342
  -------         ENDPROC       _SEND_DATA_TO_UART1
  -------         PROC          SET_ALL_GPIO_QUASI_MODE
  C:1F0FH         LINE#         344
  C:1F0FH         LINE#         345
  C:1F12H         LINE#         346
  C:1F14H         LINE#         347
  C:1F16H         LINE#         348
  C:1F18H         LINE#         349
  C:1F1AH         LINE#         350
  C:1F1CH         LINE#         351
  C:1F1EH         LINE#         352
  C:1F20H         LINE#         353
  C:1F22H         LINE#         354
  C:1F24H         LINE#         355
  C:1F26H         LINE#         356
  C:1F28H         LINE#         357
  -------         ENDPROC       SET_ALL_GPIO_QUASI_MODE
  -------         PROC          SET_ALL_GPIO_INPUT_MODE
  C:1EB8H         LINE#         359
  C:1EB8H         LINE#         360
  C:1EBBH         LINE#         361
  C:1EBEH         LINE#         362
  C:1EC1H         LINE#         363
  C:1EC3H         LINE#         364
  C:1EC6H         LINE#         365
  C:1EC8H         LINE#         366
  C:1ECBH         LINE#         367
  C:1ECDH         LINE#         368
  C:1ED0H         LINE#         369
  C:1ED2H         LINE#         370
  C:1ED5H         LINE#         371
  C:1ED7H         LINE#         372
  -------         ENDPROC       SET_ALL_GPIO_INPUT_MODE
  -------         PROC          SW_RESET
  C:1F29H         LINE#         375
  C:1F29H         LINE#         376
  C:1F2CH         LINE#         377
  C:1F2FH         LINE#         378
  C:1F42H         LINE#         380
  -------         ENDPROC       SW_RESET
BL51 BANKED LINKER/LOCATER V6.22                                                      08/10/2017  22:48:23  PAGE 51


  -------         PROC          FSYS_CLOCK_OUTPUT_ON_P26
  C:2195H         LINE#         382
  C:2195H         LINE#         383
  C:2198H         LINE#         384
  -------         ENDPROC       FSYS_CLOCK_OUTPUT_ON_P26
  -------         PROC          _PUTCHAR
  D:0007H         SYMBOL        c
  C:1AE2H         LINE#         393
  C:1AE2H         LINE#         431
  C:1AE7H         LINE#         432
  C:1AEAH         LINE#         433
  C:1AEFH         LINE#         434
  C:1AEFH         LINE#         435
  C:1AF1H         LINE#         436
  C:1AF4H         LINE#         438
  C:1AF9H         LINE#         439
  C:1AFBH         LINE#         440
  C:1AFBH         LINE#         441
  C:1AFBH         LINE#         442
  C:1AFEH         LINE#         444
  C:1B00H         LINE#         445
  C:1B03H         LINE#         446
  C:1B03H         LINE#         447
  C:1B06H         LINE#         448
  C:1B0BH         LINE#         449
  C:1B0BH         LINE#         450
  C:1B0DH         LINE#         451
  C:1B10H         LINE#         453
  C:1B15H         LINE#         454
  C:1B17H         LINE#         455
  C:1B17H         LINE#         456
  C:1B17H         LINE#         457
  C:1B1AH         LINE#         459
  C:1B1CH         LINE#         460
  C:1B1EH         LINE#         462
  -------         ENDPROC       _PUTCHAR
  -------         ENDMOD        COMMON

  -------         MODULE        DELAY
  C:0000H         SYMBOL        _ICE_DUMMY_
  D:0080H         PUBLIC        P0
  D:0090H         PUBLIC        P1
  D:00A0H         PUBLIC        P2
  D:00B0H         PUBLIC        P3
  D:008FH         PUBLIC        WKCON
  D:00D8H         PUBLIC        P5
  D:00A8H         PUBLIC        IE
  D:00B8H         PUBLIC        IP
  C:19EBH         PUBLIC        _Timer0_Delay1ms
  C:1A44H         PUBLIC        _Timer1_Delay1ms
  C:1990H         PUBLIC        _Timer3_Delay1ms
  D:0098H         PUBLIC        SCON
  D:0089H         PUBLIC        TMOD
  D:0088H         PUBLIC        TCON
  C:1666H         PUBLIC        _?Random_Delay
  C:1E97H         PUBLIC        _Delay10us
  D:00F8H         PUBLIC        SCON_1
BL51 BANKED LINKER/LOCATER V6.22                                                      08/10/2017  22:48:23  PAGE 52


  B:0088H.5       PUBLIC        TF0
  B:0088H.7       PUBLIC        TF1
  D:008CH         PUBLIC        TH0
  D:00C6H         PUBLIC        R3H
  D:008DH         PUBLIC        TH1
  D:008AH         PUBLIC        TL0
  C:1818H         PUBLIC        _WakeUp_Timer_Delay25ms
  D:00C5H         PUBLIC        R3L
  D:008BH         PUBLIC        TL1
  B:0088H.4       PUBLIC        TR0
  B:0088H.6       PUBLIC        TR1
  D:00E8H         PUBLIC        ADCCON0
  D:00C0H         PUBLIC        I2CON
  D:00C8H         PUBLIC        T2CON
  D:00C4H         PUBLIC        T3CON
  D:008EH         PUBLIC        CKCON
  D:0086H         PUBLIC        RWK
  D:00D0H         PUBLIC        PSW
  -------         PROC          _?RANDOM_DELAY
  -------         DO            
  x:0000H         SYMBOL        u32CNT
  x:0004H         SYMBOL        u32Tmp
  -------         ENDDO         
  C:1666H         LINE#         36
  C:166CH         LINE#         37
  C:166CH         LINE#         41
  C:1697H         LINE#         42
  C:1697H         LINE#         43
  C:16BCH         LINE#         44
  C:16E3H         LINE#         45
  -------         ENDPROC       _?RANDOM_DELAY
  -------         PROC          _DELAY10US
  D:0006H         SYMBOL        u16CNT
  C:1E97H         LINE#         47
  C:1E97H         LINE#         48
  C:1E9AH         LINE#         49
  C:1E9DH         LINE#         50
  C:1E9FH         LINE#         51
  C:1EA3H         LINE#         52
  C:1EA6H         LINE#         53
  C:1EA9H         LINE#         54
  C:1EACH         LINE#         56
  C:1EAEH         LINE#         57
  C:1EB3H         LINE#         58
  C:1EB5H         LINE#         59
  C:1EB7H         LINE#         60
  -------         ENDPROC       _DELAY10US
  -------         PROC          _TIMER0_DELAY1MS
  X:00DEH         SYMBOL        u32CNT
  C:19EBH         LINE#         62
  C:19F1H         LINE#         63
  C:19F4H         LINE#         64
  C:19F7H         LINE#         65
  C:19F9H         LINE#         66
  C:1A12H         LINE#         67
  C:1A15H         LINE#         68
  C:1A18H         LINE#         69
BL51 BANKED LINKER/LOCATER V6.22                                                      08/10/2017  22:48:23  PAGE 53


  C:1A1BH         LINE#         71
  C:1A1DH         LINE#         72
  C:1A3FH         LINE#         73
  C:1A41H         LINE#         74
  C:1A43H         LINE#         75
  -------         ENDPROC       _TIMER0_DELAY1MS
  -------         PROC          _TIMER1_DELAY1MS
  X:00E2H         SYMBOL        u32CNT
  C:1A44H         LINE#         77
  C:1A4AH         LINE#         78
  C:1A4DH         LINE#         79
  C:1A50H         LINE#         80
  C:1A52H         LINE#         81
  C:1A6BH         LINE#         82
  C:1A6EH         LINE#         83
  C:1A71H         LINE#         84
  C:1A74H         LINE#         86
  C:1A76H         LINE#         87
  C:1A98H         LINE#         88
  C:1A9AH         LINE#         89
  C:1A9CH         LINE#         90
  -------         ENDPROC       _TIMER1_DELAY1MS
  -------         PROC          _TIMER3_DELAY1MS
  X:00E6H         SYMBOL        u32CNT
  C:1990H         LINE#         92
  C:1996H         LINE#         93
  C:1999H         LINE#         94
  C:199CH         LINE#         95
  C:19B5H         LINE#         96
  C:19B8H         LINE#         97
  C:19BBH         LINE#         98
  C:19C0H         LINE#         100
  C:19C3H         LINE#         101
  C:19E5H         LINE#         102
  C:19E7H         LINE#         103
  C:19EAH         LINE#         104
  -------         ENDPROC       _TIMER3_DELAY1MS
  -------         PROC          _WAKEUP_TIMER_DELAY25MS
  X:00EAH         SYMBOL        u32CNT
  C:1818H         LINE#         106
  C:181EH         LINE#         107
  C:181EH         LINE#         108
  C:1821H         LINE#         109
  C:1824H         LINE#         110
  C:1827H         LINE#         112
  C:182AH         LINE#         114
  C:182DH         LINE#         115
  C:1830H         LINE#         116
  C:1849H         LINE#         117
  C:184EH         LINE#         119
  C:1851H         LINE#         120
  C:1873H         LINE#         121
  C:1875H         LINE#         122
  C:1878H         LINE#         123
  -------         ENDPROC       _WAKEUP_TIMER_DELAY25MS
  -------         ENDMOD        DELAY

BL51 BANKED LINKER/LOCATER V6.22                                                      08/10/2017  22:48:23  PAGE 54


  -------         MODULE        VERSION
  C:0000H         SYMBOL        _ICE_DUMMY_
  D:0080H         PUBLIC        P0
  D:0090H         PUBLIC        P1
  D:00A0H         PUBLIC        P2
  D:00B0H         PUBLIC        P3
  D:00D8H         PUBLIC        P5
  D:00A8H         PUBLIC        IE
  D:00B8H         PUBLIC        IP
  D:0098H         PUBLIC        SCON
  D:0088H         PUBLIC        TCON
  D:00F8H         PUBLIC        SCON_1
  C:1879H         PUBLIC        Show_FW_Version_Number_To_PC
  D:00E8H         PUBLIC        ADCCON0
  D:00C0H         PUBLIC        I2CON
  D:00C8H         PUBLIC        T2CON
  D:00D0H         PUBLIC        PSW
  -------         PROC          SHOW_FW_VERSION_NUMBER_TO_PC
  C:1879H         LINE#         32
  C:1879H         LINE#         33
  C:1879H         LINE#         34
  C:1882H         LINE#         35
  C:188BH         LINE#         36
  C:1894H         LINE#         37
  C:18AEH         LINE#         38
  C:18CFH         LINE#         39
  -------         ENDPROC       SHOW_FW_VERSION_NUMBER_TO_PC
  -------         ENDMOD        VERSION

  -------         MODULE        ?C_STARTUP
  C:1539H         SEGMENT       ?C_C51STARTUP
  I:0022H         SEGMENT       ?STACK
  C:0000H         PUBLIC        ?C_STARTUP
  D:00E0H         SYMBOL        ACC
  D:00F0H         SYMBOL        B
  D:0083H         SYMBOL        DPH
  D:0082H         SYMBOL        DPL
  N:0000H         SYMBOL        IBPSTACK
  N:0100H         SYMBOL        IBPSTACKTOP
  N:0080H         SYMBOL        IDATALEN
  C:153CH         SYMBOL        IDATALOOP
  N:0000H         SYMBOL        PBPSTACK
  N:0000H         SYMBOL        PBPSTACKTOP
  N:0000H         SYMBOL        PDATALEN
  N:0000H         SYMBOL        PDATASTART
  N:0000H         SYMBOL        PPAGE
  N:0000H         SYMBOL        PPAGEENABLE
  D:00A0H         SYMBOL        PPAGE_SFR
  D:0081H         SYMBOL        SP
  C:1539H         SYMBOL        STARTUP1
  N:0000H         SYMBOL        XBPSTACK
  N:0000H         SYMBOL        XBPSTACKTOP
  N:00FFH         SYMBOL        XDATALEN
  C:1547H         SYMBOL        XDATALOOP
  N:0000H         SYMBOL        XDATASTART
  C:0000H         LINE#         92
  C:1539H         LINE#         99
BL51 BANKED LINKER/LOCATER V6.22                                                      08/10/2017  22:48:23  PAGE 55


  C:153BH         LINE#         100
  C:153CH         LINE#         101
  C:153DH         LINE#         102
  C:153FH         LINE#         106
  C:1542H         LINE#         107
  C:1544H         LINE#         109
  C:1546H         LINE#         113
  C:1547H         LINE#         114
  C:1548H         LINE#         115
  C:1549H         LINE#         116
  C:154BH         LINE#         117
  C:154DH         LINE#         151
  C:1550H         LINE#         155
  -------         ENDMOD        ?C_STARTUP

  -------         MODULE        ?C?CLDOPTR
  C:005EH         PUBLIC        ?C?CLDOPTR
  -------         ENDMOD        ?C?CLDOPTR

  -------         MODULE        ?C?CILDOPTR
  C:008BH         PUBLIC        ?C?CILDOPTR
  -------         ENDMOD        ?C?CILDOPTR

  -------         MODULE        ?C?CSTPTR
  C:00BEH         PUBLIC        ?C?CSTPTR
  -------         ENDMOD        ?C?CSTPTR

  -------         MODULE        ?C?CSTOPTR
  C:00D0H         PUBLIC        ?C?CSTOPTR
  -------         ENDMOD        ?C?CSTOPTR

  -------         MODULE        ?C?UIDIV
  C:00F2H         PUBLIC        ?C?UIDIV
  -------         ENDMOD        ?C?UIDIV

  -------         MODULE        ?C?IILDX
  C:0147H         PUBLIC        ?C?IILDX
  -------         ENDMOD        ?C?IILDX

  -------         MODULE        ?C?ILDOPTR
  C:015DH         PUBLIC        ?C?ILDOPTR
  -------         ENDMOD        ?C?ILDOPTR

  -------         MODULE        ?C?IILDOPTR
  C:0195H         PUBLIC        ?C?IILDOPTR
  -------         ENDMOD        ?C?IILDOPTR

  -------         MODULE        ?C?ISTOPTR
  C:01E2H         PUBLIC        ?C?ISTOPTR
  -------         ENDMOD        ?C?ISTOPTR

  -------         MODULE        ?C?ULDIV
  C:024BH         PUBLIC        ?C?ULDIV
  -------         ENDMOD        ?C?ULDIV

  -------         MODULE        ?C?ULCMP
  C:02DDH         PUBLIC        ?C?ULCMP
BL51 BANKED LINKER/LOCATER V6.22                                                      08/10/2017  22:48:23  PAGE 56


  -------         ENDMOD        ?C?ULCMP

  -------         MODULE        ?C?ULSHR
  C:02EEH         PUBLIC        ?C?ULSHR
  -------         ENDMOD        ?C?ULSHR

  -------         MODULE        ?C?LSTXDATA
  C:0301H         PUBLIC        ?C?LSTXDATA
  -------         ENDMOD        ?C?LSTXDATA

  -------         MODULE        ?C?LSTKXDATA
  C:030DH         PUBLIC        ?C?LSTKXDATA
  -------         ENDMOD        ?C?LSTKXDATA

  -------         MODULE        ?C?PLDPTR
  C:033EH         PUBLIC        ?C?PLDPTR
  -------         ENDMOD        ?C?PLDPTR

  -------         MODULE        ?C?ICALL
  C:035EH         PUBLIC        ?C?ICALL
  C:0362H         PUBLIC        ?C?ICALL2
  -------         ENDMOD        ?C?ICALL

  -------         MODULE        ?C_XBP
  D:000DH         PUBLIC        ?C_XBP
  -------         ENDMOD        ?C_XBP

  -------         MODULE        ?C?ADDXBP
  C:0364H         PUBLIC        ?C?ADDXBP
  -------         ENDMOD        ?C?ADDXBP

  -------         MODULE        ?C?XBPOFF
  C:0388H         PUBLIC        ?C?XBPOFF
  -------         ENDMOD        ?C?XBPOFF

  -------         MODULE        PRINTF
  X:0073H         PUBLIC        ?_PRINTF517?BYTE
  X:0073H         PUBLIC        ?_PRINTF?BYTE
  X:0073H         PUBLIC        ?_SPRINTF517?BYTE
  X:0073H         PUBLIC        ?_SPRINTF?BYTE
  C:0486H         PUBLIC        _PRINTF
  C:0486H         PUBLIC        _PRINTF517
  C:0480H         PUBLIC        _SPRINTF
  C:0480H         PUBLIC        _SPRINTF517
  -------         ENDMOD        PRINTF

  -------         MODULE        ?C?CLDPTR
  C:0395H         PUBLIC        ?C?CLDPTR
  -------         ENDMOD        ?C?CLDPTR

  -------         MODULE        ?C?PLDIDATA
  C:03AEH         PUBLIC        ?C?PLDIDATA
  -------         ENDMOD        ?C?PLDIDATA

  -------         MODULE        ?C?PLDXDATA
  C:03B7H         PUBLIC        ?C?PLDXDATA
  -------         ENDMOD        ?C?PLDXDATA
BL51 BANKED LINKER/LOCATER V6.22                                                      08/10/2017  22:48:23  PAGE 57



  -------         MODULE        ?C?PLDIXDATA
  C:03C0H         PUBLIC        ?C?PLDIXDATA
  -------         ENDMOD        ?C?PLDIXDATA

  -------         MODULE        ?C?PSTXDATA
  C:03D7H         PUBLIC        ?C?PSTXDATA
  -------         ENDMOD        ?C?PSTXDATA

  -------         MODULE        ?C?PLDPDATA
  C:03E0H         PUBLIC        ?C?PLDPDATA
  -------         ENDMOD        ?C?PLDPDATA

  -------         MODULE        ?C?PLDCODE
  C:03E9H         PUBLIC        ?C?PLDCODE
  -------         ENDMOD        ?C?PLDCODE

  -------         MODULE        ?C?CCASE
  C:03F5H         PUBLIC        ?C?CCASE
  -------         ENDMOD        ?C?CCASE

Program Size: data=17.6 xdata=248 code=8624
LINK/LOCATE RUN COMPLETE.  0 WARNING(S),  0 ERROR(S)
