BL51 BANKED LINKER/LOCATER V6.22                                                        08/07/2017  22:37:08  PAGE 1


BL51 BANKED LINKER/LOCATER V6.22, INVOKED BY:
C:\KEIL_V5\C51\BIN\BL51.EXE .\Out\Objects\main.obj, .\Out\Objects\app_key.obj, .\Out\Objects\app_work.obj, .\Out\Objects
>> \app_repeat_exe.obj, .\Out\Objects\app_charge.obj, .\Out\Objects\app_battery.obj, .\Out\Objects\bsp.obj, .\Out\Object
>> s\bsp_key.obj, .\Out\Objects\bsp_bt.obj, .\Out\Objects\bsp_display.obj, .\Out\Objects\bsp_uart.obj, .\Out\Objects\bsp
>> _timer0.obj, .\Out\Objects\bsp_timer1.obj, .\Out\Objects\bsp_adc.obj, .\Out\Objects\bsp_keyBright.obj, .\Out\Objects\
>> bsp_lcdBright.obj, .\Out\Objects\Common.obj, .\Out\Objects\Delay.obj, .\Out\Objects\Version.obj, .\Out\Objects\STARTU
>> P.obj TO .\Out\Objects\project PRINT (.\Out\Listings\project.m51) RAMSIZE (256) DISABLEWARNING (16)


MEMORY MODEL: LARGE


INPUT MODULES INCLUDED:
  .\Out\Objects\main.obj (MAIN)
  .\Out\Objects\app_key.obj (APP_KEY)
  .\Out\Objects\app_work.obj (APP_WORK)
  .\Out\Objects\app_repeat_exe.obj (APP_REPEAT_EXE)
  .\Out\Objects\app_charge.obj (APP_CHARGE)
  .\Out\Objects\app_battery.obj (APP_BATTERY)
  .\Out\Objects\bsp.obj (BSP)
  .\Out\Objects\bsp_key.obj (BSP_KEY)
  .\Out\Objects\bsp_bt.obj (BSP_BT)
  .\Out\Objects\bsp_display.obj (BSP_DISPLAY)
  .\Out\Objects\bsp_uart.obj (BSP_UART)
  .\Out\Objects\bsp_timer0.obj (BSP_TIMER0)
  .\Out\Objects\bsp_timer1.obj (BSP_TIMER1)
  .\Out\Objects\bsp_adc.obj (BSP_ADC)
  .\Out\Objects\bsp_keyBright.obj (BSP_KEYBRIGHT)
  .\Out\Objects\bsp_lcdBright.obj (BSP_LCDBRIGHT)
  .\Out\Objects\Common.obj (COMMON)
  .\Out\Objects\Delay.obj (DELAY)
  .\Out\Objects\Version.obj (VERSION)
  .\Out\Objects\STARTUP.obj (?C_STARTUP)
  C:\KEIL_V5\C51\LIB\C51L.LIB (?C_INIT)
  C:\KEIL_V5\C51\LIB\C51L.LIB (?C?CLDOPTR)
  C:\KEIL_V5\C51\LIB\C51L.LIB (?C?CILDOPTR)
  C:\KEIL_V5\C51\LIB\C51L.LIB (?C?CSTPTR)
  C:\KEIL_V5\C51\LIB\C51L.LIB (?C?CSTOPTR)
  C:\KEIL_V5\C51\LIB\C51L.LIB (?C?UIDIV)
  C:\KEIL_V5\C51\LIB\C51L.LIB (?C?IILDX)
  C:\KEIL_V5\C51\LIB\C51L.LIB (?C?ILDOPTR)
  C:\KEIL_V5\C51\LIB\C51L.LIB (?C?IILDOPTR)
  C:\KEIL_V5\C51\LIB\C51L.LIB (?C?ISTOPTR)
  C:\KEIL_V5\C51\LIB\C51L.LIB (?C?ULDIV)
  C:\KEIL_V5\C51\LIB\C51L.LIB (?C?ULCMP)
  C:\KEIL_V5\C51\LIB\C51L.LIB (?C?ULSHR)
  C:\KEIL_V5\C51\LIB\C51L.LIB (?C?LSTXDATA)
  C:\KEIL_V5\C51\LIB\C51L.LIB (?C?LSTKXDATA)
  C:\KEIL_V5\C51\LIB\C51L.LIB (?C?PLDPTR)
  C:\KEIL_V5\C51\LIB\C51L.LIB (?C?ICALL)
  C:\KEIL_V5\C51\LIB\C51L.LIB (?C_XBP)
  C:\KEIL_V5\C51\LIB\C51L.LIB (?C?ADDXBP)
  C:\KEIL_V5\C51\LIB\C51L.LIB (?C?XBPOFF)
  C:\KEIL_V5\C51\LIB\C51L.LIB (PRINTF)
  C:\KEIL_V5\C51\LIB\C51L.LIB (?C?CLDPTR)
  C:\KEIL_V5\C51\LIB\C51L.LIB (?C?PLDIDATA)
  C:\KEIL_V5\C51\LIB\C51L.LIB (?C?PLDXDATA)
  C:\KEIL_V5\C51\LIB\C51L.LIB (?C?PLDIXDATA)
BL51 BANKED LINKER/LOCATER V6.22                                                      08/07/2017  22:37:08  PAGE 2


  C:\KEIL_V5\C51\LIB\C51L.LIB (?C?PSTXDATA)
  C:\KEIL_V5\C51\LIB\C51L.LIB (?C?PLDPDATA)
  C:\KEIL_V5\C51\LIB\C51L.LIB (?C?PLDCODE)
  C:\KEIL_V5\C51\LIB\C51L.LIB (?C?CCASE)


LINK MAP OF MODULE:  .\Out\Objects\project (MAIN)


            TYPE    BASE      LENGTH    RELOCATION   SEGMENT NAME
            -----------------------------------------------------

            * * * * * * *   D A T A   M E M O R Y   * * * * * * *
            REG     0000H     0008H     ABSOLUTE     "REG BANK 0"
            DATA    0008H     0005H     UNIT         _DATA_GROUP_
            DATA    000DH     0002H     UNIT         ?C?LIB_DATA
            IDATA   000FH     0004H     UNIT         ?ID?APP_CHARGE
            IDATA   0013H     0001H     UNIT         ?ID?APP_BATTERY
                    0014H     000CH                  *** GAP ***
            BIT     0020H.0   0001H.1   UNIT         _BIT_GROUP_
            BIT     0021H.1   0000H.2   UNIT         ?BI?APP_CHARGE
            BIT     0021H.3   0000H.1   UNIT         ?BI?APP_KEY
            BIT     0021H.4   0000H.1   UNIT         ?BI?APP_WORK
            BIT     0021H.5   0000H.1   UNIT         ?BI?APP_BATTERY_VOLTAGE_RESULT?APP_CHARGE
            BIT     0021H.6   0000H.1   UNIT         ?BI?BSP
            BIT     0021H.7   0000H.1   UNIT         ?BI?_GET_DATA_FROM_UART1?BSP_UART
            BIT     0022H.0   0000H.1   UNIT         ?BI?BSP_UART
                    0022H.1   0000H.7                *** GAP ***
            IDATA   0023H     0001H     UNIT         ?STACK

            * * * * * * *  X D A T A   M E M O R Y  * * * * * * *
            XDATA   0000H     0073H     UNIT         ?XD?BSP_KEY
            XDATA   0073H     002AH     UNIT         _XDATA_GROUP_
            XDATA   009DH     0012H     UNIT         ?XD?APP_WORK
            XDATA   00AFH     0012H     UNIT         ?XD?APP_REPEAT_EXE
            XDATA   00C1H     0009H     UNIT         ?XD?BSP_TIMER0
            XDATA   00CAH     0006H     UNIT         ?XD?APP_KEY
            XDATA   00D0H     0004H     UNIT         ?XD?_INITIALUART0_TIMER3_TYPE5?COMMON
            XDATA   00D4H     0004H     UNIT         ?XD?_INITIALUART0_TIMER3_TYPE6?COMMON
            XDATA   00D8H     0004H     UNIT         ?XD?_TIMER0_DELAY1MS?DELAY
            XDATA   00DCH     0004H     UNIT         ?XD?_TIMER1_DELAY1MS?DELAY
            XDATA   00E0H     0004H     UNIT         ?XD?_TIMER3_DELAY1MS?DELAY
            XDATA   00E4H     0004H     UNIT         ?XD?_WAKEUP_TIMER_DELAY25MS?DELAY
            XDATA   00E8H     0003H     UNIT         ?XD?BSP_ADC
            XDATA   00EBH     0002H     UNIT         ?XD?MAIN

            * * * * * * *   C O D E   M E M O R Y   * * * * * * *
            CODE    0000H     0003H     ABSOLUTE     
            CODE    0003H     0008H     UNIT         ?PR?RECEIVE_DATA_FROM_UART0?COMMON
            CODE    000BH     0003H     ABSOLUTE     
            CODE    000EH     000DH     UNIT         ?PR?APP_WORK_1S_PRO?APP_WORK
            CODE    001BH     0003H     ABSOLUTE     
            CODE    001EH     001DH     UNIT         ?PR?_BSP_PUTKEY?BSP_KEY
            CODE    003BH     0003H     ABSOLUTE     
            CODE    003EH     001CH     UNIT         ?PR?WORK_INIT?APP_WORK
            CODE    005AH     0001H     UNIT         ?PR?APP_WORK_PRO?APP_WORK
            CODE    005BH     0003H     ABSOLUTE     
BL51 BANKED LINKER/LOCATER V6.22                                                      08/07/2017  22:37:08  PAGE 3


            CODE    005EH     03BDH     UNIT         ?C?LIB_CODE
            CODE    041BH     0365H     UNIT         ?PR?PRINTF?PRINTF
            CODE    0780H     0322H     UNIT         ?PR?_LCD_SHOW_CAL_NUM?BSP_DISPLAY
            CODE    0AA2H     0253H     UNIT         ?PR?_LCD_SHOW_PULLS_NUM?BSP_DISPLAY
            CODE    0CF5H     015EH     UNIT         ?PR?_LCD_SHOW_REP_NUM?BSP_DISPLAY
            CODE    0E53H     015AH     UNIT         ?PR?_BSP_DETECTKEY?BSP_KEY
            CODE    0FADH     0145H     UNIT         ?PR?_SYSTEM_CLOCK_SELECT?COMMON
            CODE    10F2H     0112H     UNIT         ?CO?VERSION
            CODE    1204H     00E9H     UNIT         ?PR?APP_KEY_POWER_OR_RETURN?APP_KEY
            CODE    12EDH     00E3H     UNIT         ?PR?BSP_INITKEYVAR?BSP_KEY
            CODE    13D0H     00BFH     UNIT         ?PR?REPEAT_PRO?APP_REPEAT_EXE
            CODE    148FH     00AFH     UNIT         ?PR?_APP_KEY_PRO?APP_KEY
            CODE    153EH     00A6H     UNIT         ?PR?APP_UI_INIT?APP_KEY
            CODE    15E4H     009AH     UNIT         ?C_C51STARTUP
            CODE    167EH     0091H     UNIT         ?PR?APP_FLASH_SHOW?APP_KEY
            CODE    170FH     0083H     UNIT         ?PR?_?RANDOM_DELAY?DELAY
            CODE    1792H     0070H     UNIT         ?PR?MAIN?MAIN
            CODE    1802H     006CH     UNIT         ?PR?APP_KEY_ADD?APP_KEY
            CODE    186EH     006AH     UNIT         ?PR?APP_FLASH_CLEAR?APP_KEY
            CODE    18D8H     0069H     UNIT         ?PR?TIMER0_ISR?BSP_TIMER0
            CODE    1941H     0063H     UNIT         ?PR?_INITIALUART0_TIMER3_TYPE5?COMMON
            CODE    19A4H     0063H     UNIT         ?PR?_INITIALUART0_TIMER3_TYPE6?COMMON
            CODE    1A07H     0062H     UNIT         ?PR?APP_KEY_SET?APP_KEY
            CODE    1A69H     0061H     UNIT         ?PR?_WAKEUP_TIMER_DELAY25MS?DELAY
            CODE    1ACAH     005FH     UNIT         ?PR?APP_CHARGE_100MS_PRO?APP_CHARGE
            CODE    1B29H     005FH     UNIT         ?PR?SHOW_FW_VERSION_NUMBER_TO_PC?VERSION
            CODE    1B88H     005DH     UNIT         ?PR?_INITIALUART1_TIMER3?COMMON
            CODE    1BE5H     005BH     UNIT         ?PR?_TIMER3_DELAY1MS?DELAY
            CODE    1C40H     005AH     UNIT         ?PR?APP_KEY_OK?APP_KEY
            CODE    1C9AH     0059H     UNIT         ?PR?_TIMER0_DELAY1MS?DELAY
            CODE    1CF3H     0059H     UNIT         ?PR?_TIMER1_DELAY1MS?DELAY
            CODE    1D4CH     0056H     UNIT         ?PR?ADC_ISR?MAIN
            CODE    1DA2H     003DH     UNIT         ?PR?_PUTCHAR?COMMON
            CODE    1DDFH     003CH     UNIT         ?PR?APP_CHARGE_1S_PRO?APP_CHARGE
            CODE    1E1BH     003BH     UNIT         ?C_INITSEG
            CODE    1E56H     003AH     UNIT         ?PR?APP_BATTERY_VOLTAGE_RESULT?APP_CHARGE
            CODE    1E90H     0034H     UNIT         ?PR?_BSP_SETKEYPARAM?BSP_KEY
            CODE    1EC4H     0034H     UNIT         ?PR?ADC_INIT?BSP_ADC
            CODE    1EF8H     0032H     UNIT         ?PR?APP_KEY_1S_PRO?APP_KEY
            CODE    1F2AH     0032H     UNIT         ?PR?_REPEAT_START?APP_REPEAT_EXE
            CODE    1F5CH     002DH     UNIT         ?PR?LCD_CLEAR_CAL_NUM?BSP_DISPLAY
            CODE    1F89H     002BH     UNIT         ?PR?BSP_INIT?BSP
            CODE    1FB4H     002AH     UNIT         ?PR?BSP_GETKEY?BSP_KEY
            CODE    1FDEH     002AH     UNIT         ?PR?_INITIALUART0_TIMER1_TYPE3?COMMON
            CODE    2008H     002AH     UNIT         ?PR?_INITIALUART0_TIMER1_TYPE4?COMMON
            CODE    2032H     0029H     UNIT         ?PR?_INITIALUART0_TIMER1_TYPE1?COMMON
            CODE    205BH     0028H     UNIT         ?PR?BSP_GETKEY2?BSP_KEY
            CODE    2083H     0028H     UNIT         ?PR?_INITIALUART0_TIMER1_TYPE2?COMMON
            CODE    20ABH     0027H     UNIT         ?PR?APP_KEY_INIT?APP_KEY
            CODE    20D2H     0024H     UNIT         ?PR?QUERY_WORK_SUM?APP_WORK
            CODE    20F6H     0024H     UNIT         ?PR?LCD_DISPLAY_INITHARD?BSP_DISPLAY
            CODE    211AH     0024H     UNIT         ?PR?ADC_START?BSP_ADC
            CODE    213EH     0023H     UNIT         ?PR?PININTERRUPT_ISR?MAIN
            CODE    2161H     0023H     UNIT         ?PR?LCD_CLEAR_PULLS_NUM?BSP_DISPLAY
            CODE    2184H     0023H     UNIT         ?PR?TIMER0_INITHARD?BSP_TIMER0
            CODE    21A7H     0022H     UNIT         ?PR?APP_KEY_100MS_PRO?APP_KEY
            CODE    21C9H     0022H     UNIT         ?PR?_LCD_SHOW_ABCD?BSP_DISPLAY
BL51 BANKED LINKER/LOCATER V6.22                                                      08/07/2017  22:37:08  PAGE 4


            CODE    21EBH     0021H     UNIT         ?PR?_DELAY10US?DELAY
            CODE    220CH     0020H     UNIT         ?PR?SET_ALL_GPIO_INPUT_MODE?COMMON
            CODE    222CH     001CH     UNIT         ?PR?TIMER0_PARAMINIT?BSP_TIMER0
            CODE    2248H     001BH     UNIT         ?PR?BSP_KEYSCAN?BSP_KEY
            CODE    2263H     001AH     UNIT         ?PR?SET_ALL_GPIO_QUASI_MODE?COMMON
            CODE    227DH     001AH     UNIT         ?PR?SW_RESET?COMMON
            CODE    2297H     0018H     UNIT         ?PR?APP_BATTERY_1S_PRO?APP_BATTERY
            CODE    22AFH     0018H     UNIT         ?PR?LCD_CLEAR_REP_NUM?BSP_DISPLAY
            CODE    22C7H     0017H     UNIT         ?CO?APP_KEY
            CODE    22DEH     0014H     UNIT         ?PR?REPEAT_STOP?APP_REPEAT_EXE
            CODE    22F2H     0013H     UNIT         ?PR?_GET_DATA_FROM_UART1?BSP_UART
            CODE    2305H     0013H     UNIT         ?PR?TIMER1_INITHARD?BSP_TIMER1
            CODE    2318H     0011H     UNIT         ?PR?_BSP_GETKEYSTATE?BSP_KEY
            CODE    2329H     0011H     UNIT         ?PR?UART_INITHARD?BSP_UART
            CODE    233AH     0010H     UNIT         ?PR?REPEAT_START_EXE?APP_REPEAT_EXE
            CODE    234AH     0010H     UNIT         ?PR?REPEAT_STOP_EXE?APP_REPEAT_EXE
            CODE    235AH     000DH     UNIT         ?PR?LCD_CLEAR_ALL?BSP_DISPLAY
            CODE    2367H     000CH     UNIT         ?PR?APP_WORK_100MS_PRO?APP_WORK
            CODE    2373H     000CH     UNIT         ?PR?_REPEAT_SETSTART?APP_REPEAT_EXE
            CODE    237FH     000CH     UNIT         ?PR?_REPEAT_SETSTOP?APP_REPEAT_EXE
            CODE    238BH     000AH     UNIT         ?CO?APP_CHARGE
            CODE    2395H     0009H     UNIT         ?PR?ISKEYDOWN1?BSP_KEY
            CODE    239EH     0009H     UNIT         ?PR?ISKEYDOWN2?BSP_KEY
            CODE    23A7H     0009H     UNIT         ?PR?ISKEYDOWN3?BSP_KEY
            CODE    23B0H     0009H     UNIT         ?PR?ISKEYDOWN4?BSP_KEY
            CODE    23B9H     0009H     UNIT         ?PR?ISKEYDOWN5?BSP_KEY
            CODE    23C2H     0009H     UNIT         ?PR?ISKEYDOWN6?BSP_KEY
            CODE    23CBH     0009H     UNIT         ?PR?ISKEYDOWN7?BSP_KEY
            CODE    23D4H     0009H     UNIT         ?PR?ISKEYDOWN8?BSP_KEY
            CODE    23DDH     0009H     UNIT         ?PR?ISKEYDOWN9?BSP_KEY
            CODE    23E6H     0009H     UNIT         ?PR?BSP_CLEARKEY?BSP_KEY
            CODE    23EFH     0009H     UNIT         ?PR?BRIGHT_INITHARD?BSP_LCDBRIGHT
            CODE    23F8H     0008H     UNIT         ?PR?_SEND_DATA_TO_UART0?COMMON
            CODE    2400H     0008H     UNIT         ?PR?RECEIVE_DATA_FROM_UART1?COMMON
            CODE    2408H     0008H     UNIT         ?PR?_SEND_DATA_TO_UART1?COMMON
            CODE    2410H     0007H     UNIT         ?PR?BSP_INITKEYHARD?BSP_KEY
            CODE    2417H     0007H     UNIT         ?PR?LCD_CLEAR_BLUETOOTH_ICO?BSP_DISPLAY
            CODE    241EH     0007H     UNIT         ?PR?LCD_SHOW_BLUETOOTH_ICO?BSP_DISPLAY
            CODE    2425H     0007H     UNIT         ?PR?LCD_CLEAR_BLUETOOTH_FILL_ICO?BSP_DISPLAY
            CODE    242CH     0007H     UNIT         ?PR?LCD_SHOW_BLUETOOTH_FILL_ICO?BSP_DISPLAY
            CODE    2433H     0007H     UNIT         ?PR?LCD_CLEAR_LINE_UP?BSP_DISPLAY
            CODE    243AH     0007H     UNIT         ?PR?LCD_SHOW_LINE_UP?BSP_DISPLAY
            CODE    2441H     0007H     UNIT         ?PR?LCD_CLEAR_BATTERY_ICO?BSP_DISPLAY
            CODE    2448H     0007H     UNIT         ?PR?LCD_SHOW_BATTERY_ICO?BSP_DISPLAY
            CODE    244FH     0007H     UNIT         ?PR?LCD_CLEAR_REP_ICO?BSP_DISPLAY
            CODE    2456H     0007H     UNIT         ?PR?LCD_SHOW_REP_ICO?BSP_DISPLAY
            CODE    245DH     0007H     UNIT         ?PR?LCD_CLEAR_ABCD?BSP_DISPLAY
            CODE    2464H     0007H     UNIT         ?PR?LCD_SHOW_ABCD_ALL?BSP_DISPLAY
            CODE    246BH     0007H     UNIT         ?PR?LCD_CLEAR_QS_ICO?BSP_DISPLAY
            CODE    2472H     0007H     UNIT         ?PR?LCD_SHOW_QS_ICO?BSP_DISPLAY
            CODE    2479H     0007H     UNIT         ?PR?LCD_CLEAR_COACH_ICO?BSP_DISPLAY
            CODE    2480H     0007H     UNIT         ?PR?LCD_SHOW_COACH_ICO?BSP_DISPLAY
            CODE    2487H     0007H     UNIT         ?PR?LCD_CLEAR_LINE_DOWN?BSP_DISPLAY
            CODE    248EH     0007H     UNIT         ?PR?LCD_SHOW_LINE_DOWN?BSP_DISPLAY
            CODE    2495H     0007H     UNIT         ?PR?LCD_CLEAR_HEART_ICO?BSP_DISPLAY
            CODE    249CH     0007H     UNIT         ?PR?LCD_SHOW_HEART_ICO?BSP_DISPLAY
            CODE    24A3H     0007H     UNIT         ?PR?LCD_CLEAR_CAL_ICO?BSP_DISPLAY
BL51 BANKED LINKER/LOCATER V6.22                                                      08/07/2017  22:37:08  PAGE 5


            CODE    24AAH     0007H     UNIT         ?PR?LCD_SHOW_CAL_ICO?BSP_DISPLAY
            CODE    24B1H     0006H     UNIT         ?PR?APP_POWER_OFF?APP_KEY
            CODE    24B7H     0006H     UNIT         ?PR?APP_KEY_CLEAR_NOOPS_TIMEOUTCNT?APP_KEY
            CODE    24BDH     0006H     UNIT         ?PR?BSP_INITKEY?BSP_KEY
            CODE    24C3H     0005H     UNIT         ?PR?APP_CHARGE_INIT?APP_CHARGE
            CODE    24C8H     0004H     UNIT         ?PR?FSYS_CLOCK_OUTPUT_ON_P26?COMMON
            CODE    24CCH     0003H     UNIT         ?PR?APP_POWER_ON?APP_KEY
            CODE    24CFH     0003H     UNIT         ?PR?APP_BATTERY_DETECTION?APP_BATTERY
            CODE    24D2H     0003H     UNIT         ?PR?LCD_BRIGHT_OFF?BSP_LCDBRIGHT
            CODE    24D5H     0003H     UNIT         ?PR?LCD_BRIGHT_ON?BSP_LCDBRIGHT
            CODE    24D8H     0001H     UNIT         ?PR?APP_BATTERY_INIT?APP_BATTERY
            CODE    24D9H     0001H     UNIT         ?PR?TIMER1_ISR?BSP_TIMER1



OVERLAY MAP OF MODULE:   .\Out\Objects\project (MAIN)


SEGMENT                                             BIT_GROUP          DATA_GROUP          XDATA_GROUP
  +--> CALLED SEGMENT                            START    LENGTH     START    LENGTH     START    LENGTH
--------------------------------------------------------------------------------------------------------
?C_C51STARTUP                                    -----    -----      -----    -----      -----    -----
  +--> ?PR?MAIN?MAIN
  +--> ?C_INITSEG

?PR?MAIN?MAIN                                    -----    -----      -----    -----      0073H    0001H
  +--> ?PR?_SYSTEM_CLOCK_SELECT?COMMON
  +--> ?PR?BSP_INIT?BSP
  +--> ?PR?WORK_INIT?APP_WORK
  +--> ?PR?APP_KEY_INIT?APP_KEY
  +--> ?PR?APP_CHARGE_INIT?APP_CHARGE
  +--> ?PR?SHOW_FW_VERSION_NUMBER_TO_PC?VERSION
  +--> ?PR?BSP_KEYSCAN?BSP_KEY
  +--> ?PR?ADC_START?BSP_ADC
  +--> ?PR?APP_KEY_100MS_PRO?APP_KEY
  +--> ?PR?APP_WORK_100MS_PRO?APP_WORK
  +--> ?PR?APP_CHARGE_100MS_PRO?APP_CHARGE
  +--> ?PR?REPEAT_PRO?APP_REPEAT_EXE
  +--> ?PR?APP_KEY_1S_PRO?APP_KEY
  +--> ?PR?APP_WORK_1S_PRO?APP_WORK
  +--> ?PR?APP_CHARGE_1S_PRO?APP_CHARGE
  +--> ?PR?APP_BATTERY_1S_PRO?APP_BATTERY
  +--> ?PR?BSP_GETKEY?BSP_KEY
  +--> ?PR?_APP_KEY_PRO?APP_KEY

?PR?BSP_INIT?BSP                                 -----    -----      -----    -----      -----    -----
  +--> ?PR?SET_ALL_GPIO_INPUT_MODE?COMMON
  +--> ?PR?ADC_INIT?BSP_ADC
  +--> ?PR?BSP_INITKEY?BSP_KEY
  +--> ?PR?BRIGHT_INITHARD?BSP_LCDBRIGHT
  +--> ?PR?LCD_DISPLAY_INITHARD?BSP_DISPLAY
  +--> ?PR?TIMER0_INITHARD?BSP_TIMER0
  +--> ?PR?UART_INITHARD?BSP_UART

?PR?BSP_INITKEY?BSP_KEY                          -----    -----      -----    -----      -----    -----
  +--> ?PR?BSP_INITKEYVAR?BSP_KEY
  +--> ?PR?BSP_INITKEYHARD?BSP_KEY
BL51 BANKED LINKER/LOCATER V6.22                                                      08/07/2017  22:37:08  PAGE 6



?PR?BSP_INITKEYVAR?BSP_KEY                       -----    -----      -----    -----      -----    -----
  +--> ?PR?ISKEYDOWN1?BSP_KEY
  +--> ?PR?ISKEYDOWN2?BSP_KEY
  +--> ?PR?ISKEYDOWN3?BSP_KEY
  +--> ?PR?ISKEYDOWN4?BSP_KEY
  +--> ?PR?ISKEYDOWN5?BSP_KEY
  +--> ?PR?ISKEYDOWN6?BSP_KEY
  +--> ?PR?ISKEYDOWN7?BSP_KEY
  +--> ?PR?ISKEYDOWN8?BSP_KEY
  +--> ?PR?ISKEYDOWN9?BSP_KEY

?PR?BRIGHT_INITHARD?BSP_LCDBRIGHT                -----    -----      -----    -----      -----    -----
  +--> ?PR?LCD_BRIGHT_ON?BSP_LCDBRIGHT

?PR?LCD_DISPLAY_INITHARD?BSP_DISPLAY             -----    -----      -----    -----      -----    -----
  +--> ?PR?LCD_CLEAR_ALL?BSP_DISPLAY

?PR?TIMER0_INITHARD?BSP_TIMER0                   -----    -----      -----    -----      -----    -----
  +--> ?PR?TIMER0_PARAMINIT?BSP_TIMER0

?PR?UART_INITHARD?BSP_UART                       -----    -----      -----    -----      -----    -----
  +--> ?PR?_INITIALUART1_TIMER3?COMMON

?PR?_INITIALUART1_TIMER3?COMMON                  -----    -----      -----    -----      0074H    0004H

?PR?APP_KEY_INIT?APP_KEY                         -----    -----      -----    -----      -----    -----
  +--> ?PR?APP_UI_INIT?APP_KEY

?PR?APP_UI_INIT?APP_KEY                          -----    -----      -----    -----      -----    -----
  +--> ?PR?_LCD_SHOW_PULLS_NUM?BSP_DISPLAY
  +--> ?PR?_LCD_SHOW_CAL_NUM?BSP_DISPLAY
  +--> ?PR?LCD_SHOW_LINE_UP?BSP_DISPLAY
  +--> ?PR?LCD_CLEAR_REP_ICO?BSP_DISPLAY
  +--> ?PR?LCD_CLEAR_ABCD?BSP_DISPLAY
  +--> ?PR?LCD_SHOW_CAL_ICO?BSP_DISPLAY
  +--> ?PR?LCD_CLEAR_QS_ICO?BSP_DISPLAY
  +--> ?PR?LCD_CLEAR_COACH_ICO?BSP_DISPLAY
  +--> ?PR?LCD_SHOW_REP_ICO?BSP_DISPLAY
  +--> ?PR?_LCD_SHOW_ABCD?BSP_DISPLAY
  +--> ?PR?REPEAT_STOP?APP_REPEAT_EXE
  +--> ?PR?LCD_SHOW_QS_ICO?BSP_DISPLAY
  +--> ?PR?_REPEAT_SETSTART?APP_REPEAT_EXE
  +--> ?PR?LCD_SHOW_COACH_ICO?BSP_DISPLAY
  +--> ?PR?_REPEAT_SETSTOP?APP_REPEAT_EXE
  +--> ?PR?_REPEAT_START?APP_REPEAT_EXE

?PR?_LCD_SHOW_PULLS_NUM?BSP_DISPLAY              -----    -----      -----    -----      0075H    0002H

?PR?_LCD_SHOW_CAL_NUM?BSP_DISPLAY                -----    -----      -----    -----      0075H    0003H

?PR?REPEAT_STOP?APP_REPEAT_EXE                   -----    -----      -----    -----      -----    -----
  +--> ?PR?REPEAT_STOP_EXE?APP_REPEAT_EXE
  +--> ?PR?_REPEAT_SETSTART?APP_REPEAT_EXE
  +--> ?PR?_REPEAT_SETSTOP?APP_REPEAT_EXE

?PR?_REPEAT_START?APP_REPEAT_EXE                 -----    -----      -----    -----      -----    -----
BL51 BANKED LINKER/LOCATER V6.22                                                      08/07/2017  22:37:08  PAGE 7


  +--> ?PR?REPEAT_START_EXE?APP_REPEAT_EXE

?PR?SHOW_FW_VERSION_NUMBER_TO_PC?VERSION         -----    -----      -----    -----      -----    -----
  +--> ?CO?VERSION
  +--> ?PR?PRINTF?PRINTF

?PR?PRINTF?PRINTF                                0020H.0  0001H.1    0008H    0005H      0075H    0028H
  +--> ?PR?_PUTCHAR?COMMON

?PR?BSP_KEYSCAN?BSP_KEY                          -----    -----      -----    -----      0074H    0001H
  +--> ?PR?_BSP_DETECTKEY?BSP_KEY

?PR?_BSP_DETECTKEY?BSP_KEY                       -----    -----      -----    -----      0075H    0001H
  +--> ?PR?_BSP_PUTKEY?BSP_KEY

?PR?APP_KEY_100MS_PRO?APP_KEY                    -----    -----      -----    -----      -----    -----
  +--> ?PR?APP_KEY_CLEAR_NOOPS_TIMEOUTCNT?AP...

?PR?APP_WORK_100MS_PRO?APP_WORK                  -----    -----      -----    -----      -----    -----
  +--> ?PR?APP_KEY_CLEAR_NOOPS_TIMEOUTCNT?AP...
  +--> ?PR?APP_WORK_PRO?APP_WORK

?PR?APP_CHARGE_100MS_PRO?APP_CHARGE              -----    -----      -----    -----      -----    -----
  +--> ?PR?LCD_SHOW_BATTERY_ICO?BSP_DISPLAY
  +--> ?PR?LCD_CLEAR_BATTERY_ICO?BSP_DISPLAY

?PR?REPEAT_PRO?APP_REPEAT_EXE                    -----    -----      -----    -----      -----    -----
  +--> ?PR?REPEAT_STOP?APP_REPEAT_EXE
  +--> ?PR?REPEAT_STOP_EXE?APP_REPEAT_EXE
  +--> ?PR?REPEAT_START_EXE?APP_REPEAT_EXE

?PR?APP_KEY_1S_PRO?APP_KEY                       -----    -----      -----    -----      -----    -----
  +--> ?PR?LCD_BRIGHT_OFF?BSP_LCDBRIGHT
  +--> ?CO?APP_KEY
  +--> ?PR?PRINTF?PRINTF
  +--> ?PR?APP_POWER_OFF?APP_KEY

?PR?APP_POWER_OFF?APP_KEY                        -----    -----      -----    -----      -----    -----
  +--> ?PR?LCD_BRIGHT_OFF?BSP_LCDBRIGHT
  +--> ?PR?LCD_CLEAR_ALL?BSP_DISPLAY

?PR?APP_CHARGE_1S_PRO?APP_CHARGE                 -----    -----      -----    -----      -----    -----
  +--> ?CO?APP_CHARGE
  +--> ?PR?PRINTF?PRINTF

?PR?APP_BATTERY_1S_PRO?APP_BATTERY               -----    -----      -----    -----      -----    -----
  +--> ?PR?APP_BATTERY_DETECTION?APP_BATTERY

?PR?_APP_KEY_PRO?APP_KEY                         -----    -----      -----    -----      0074H    0001H
  +--> ?PR?APP_KEY_CLEAR_NOOPS_TIMEOUTCNT?AP...
  +--> ?PR?LCD_BRIGHT_ON?BSP_LCDBRIGHT
  +--> ?PR?APP_POWER_OFF?APP_KEY
  +--> ?CO?APP_KEY
  +--> ?PR?PRINTF?PRINTF
  +--> ?PR?APP_KEY_POWER_OR_RETURN?APP_KEY
  +--> ?PR?APP_POWER_ON?APP_KEY
  +--> ?PR?APP_KEY_SET?APP_KEY
BL51 BANKED LINKER/LOCATER V6.22                                                      08/07/2017  22:37:08  PAGE 8


  +--> ?PR?APP_KEY_ADD?APP_KEY
  +--> ?PR?APP_KEY_OK?APP_KEY
  +--> ?PR?QUERY_WORK_SUM?APP_WORK

?PR?APP_KEY_POWER_OR_RETURN?APP_KEY              -----    -----      -----    -----      -----    -----
  +--> ?PR?_LCD_SHOW_PULLS_NUM?BSP_DISPLAY
  +--> ?PR?_LCD_SHOW_CAL_NUM?BSP_DISPLAY
  +--> ?PR?LCD_SHOW_LINE_UP?BSP_DISPLAY
  +--> ?PR?LCD_CLEAR_REP_ICO?BSP_DISPLAY
  +--> ?PR?LCD_CLEAR_ABCD?BSP_DISPLAY
  +--> ?PR?LCD_SHOW_CAL_ICO?BSP_DISPLAY
  +--> ?PR?LCD_CLEAR_QS_ICO?BSP_DISPLAY
  +--> ?PR?_LCD_SHOW_REP_NUM?BSP_DISPLAY
  +--> ?PR?LCD_SHOW_REP_ICO?BSP_DISPLAY
  +--> ?PR?_LCD_SHOW_ABCD?BSP_DISPLAY
  +--> ?PR?LCD_SHOW_QS_ICO?BSP_DISPLAY
  +--> ?PR?LCD_CLEAR_COACH_ICO?BSP_DISPLAY
  +--> ?PR?LCD_SHOW_COACH_ICO?BSP_DISPLAY
  +--> ?PR?REPEAT_STOP?APP_REPEAT_EXE

?PR?APP_POWER_ON?APP_KEY                         -----    -----      -----    -----      -----    -----
  +--> ?PR?SW_RESET?COMMON

?PR?APP_KEY_SET?APP_KEY                          -----    -----      -----    -----      -----    -----
  +--> ?PR?_LCD_SHOW_REP_NUM?BSP_DISPLAY
  +--> ?PR?_LCD_SHOW_PULLS_NUM?BSP_DISPLAY
  +--> ?PR?_LCD_SHOW_CAL_NUM?BSP_DISPLAY
  +--> ?PR?LCD_SHOW_LINE_UP?BSP_DISPLAY
  +--> ?PR?LCD_SHOW_REP_ICO?BSP_DISPLAY
  +--> ?PR?LCD_SHOW_ABCD_ALL?BSP_DISPLAY
  +--> ?PR?LCD_SHOW_CAL_ICO?BSP_DISPLAY
  +--> ?PR?REPEAT_STOP?APP_REPEAT_EXE
  +--> ?PR?APP_FLASH_SHOW?APP_KEY
  +--> ?PR?_REPEAT_SETSTART?APP_REPEAT_EXE
  +--> ?PR?APP_FLASH_CLEAR?APP_KEY
  +--> ?PR?_REPEAT_SETSTOP?APP_REPEAT_EXE
  +--> ?PR?_REPEAT_START?APP_REPEAT_EXE

?PR?APP_FLASH_SHOW?APP_KEY                       -----    -----      -----    -----      -----    -----
  +--> ?PR?LCD_SHOW_LINE_UP?BSP_DISPLAY
  +--> ?PR?LCD_SHOW_QS_ICO?BSP_DISPLAY
  +--> ?PR?LCD_SHOW_COACH_ICO?BSP_DISPLAY
  +--> ?PR?_LCD_SHOW_REP_NUM?BSP_DISPLAY
  +--> ?PR?_LCD_SHOW_PULLS_NUM?BSP_DISPLAY
  +--> ?PR?LCD_SHOW_ABCD_ALL?BSP_DISPLAY

?PR?APP_FLASH_CLEAR?APP_KEY                      -----    -----      -----    -----      -----    -----
  +--> ?PR?LCD_CLEAR_QS_ICO?BSP_DISPLAY
  +--> ?PR?LCD_CLEAR_ABCD?BSP_DISPLAY
  +--> ?PR?_LCD_SHOW_ABCD?BSP_DISPLAY
  +--> ?PR?LCD_CLEAR_COACH_ICO?BSP_DISPLAY

?PR?APP_KEY_OK?APP_KEY                           -----    -----      -----    -----      -----    -----
  +--> ?PR?LCD_SHOW_QS_ICO?BSP_DISPLAY
  +--> ?PR?LCD_CLEAR_COACH_ICO?BSP_DISPLAY
  +--> ?PR?LCD_CLEAR_QS_ICO?BSP_DISPLAY
  +--> ?PR?LCD_SHOW_COACH_ICO?BSP_DISPLAY
BL51 BANKED LINKER/LOCATER V6.22                                                      08/07/2017  22:37:08  PAGE 9


  +--> ?PR?REPEAT_STOP?APP_REPEAT_EXE



SYMBOL TABLE OF MODULE:  .\Out\Objects\project (MAIN)

  VALUE           TYPE          NAME
  ----------------------------------

  -------         MODULE        MAIN
  C:0000H         SYMBOL        _ICE_DUMMY_
  D:0080H         PUBLIC        P0
  D:0090H         PUBLIC        P1
  D:00A0H         PUBLIC        P2
  D:00B0H         PUBLIC        P3
  D:00D8H         PUBLIC        P5
  D:00A8H         PUBLIC        IE
  B:00E8H.7       PUBLIC        ADCF
  C:1D4CH         PUBLIC        ADC_ISR
  D:00B8H         PUBLIC        IP
  C:1792H         PUBLIC        main
  D:0098H         PUBLIC        SCON
  D:0088H         PUBLIC        TCON
  D:00F8H         PUBLIC        SCON_1
  C:213EH         PUBLIC        PinInterrupt_ISR
  D:00E8H         PUBLIC        ADCCON0
  D:00C0H         PUBLIC        I2CON
  D:00ECH         PUBLIC        PIF
  D:00C3H         PUBLIC        ADCRH
  D:00C8H         PUBLIC        T2CON
  D:00C2H         PUBLIC        ADCRL
  D:00D0H         PUBLIC        PSW
  -------         PROC          ADC_ISR
  C:1D4CH         LINE#         8
  C:1D5FH         LINE#         9
  C:1D5FH         LINE#         11
  C:1D61H         LINE#         13
  C:1D6BH         LINE#         14
  C:1D84H         LINE#         15
  C:1D91H         LINE#         16
  -------         ENDPROC       ADC_ISR
  -------         PROC          PININTERRUPT_ISR
  C:213EH         LINE#         20
  C:2146H         LINE#         21
  C:2146H         LINE#         24
  C:214BH         LINE#         26
  C:2152H         LINE#         28
  C:2155H         LINE#         30
  C:2155H         LINE#         32
  C:2155H         LINE#         34
  C:2158H         LINE#         35
  -------         ENDPROC       PININTERRUPT_ISR
  -------         PROC          MAIN
  -------         DO            
  X:0073H         SYMBOL        ucKeyCode
  -------         DO            
  X:00EBH         SYMBOL        tmp
BL51 BANKED LINKER/LOCATER V6.22                                                      08/07/2017  22:37:08  PAGE 10


  X:00ECH         SYMBOL        cnt
  -------         ENDDO         
  -------         ENDDO         
  C:1792H         LINE#         36
  C:1792H         LINE#         38
  C:1797H         LINE#         45
  C:179AH         LINE#         48
  C:179DH         LINE#         49
  C:17A0H         LINE#         50
  C:17A3H         LINE#         53
  C:17A6H         LINE#         55
  C:17A6H         LINE#         57
  C:17ACH         LINE#         58
  C:17AEH         LINE#         61
  C:17B1H         LINE#         62
  C:17B4H         LINE#         63
  C:17B4H         LINE#         64
  C:17BAH         LINE#         65
  C:17BCH         LINE#         67
  C:17BFH         LINE#         68
  C:17C2H         LINE#         69
  C:17C5H         LINE#         70
  C:17C8H         LINE#         72
  C:17C8H         LINE#         73
  C:17CEH         LINE#         76
  C:17D0H         LINE#         78
  C:17D3H         LINE#         79
  C:17D6H         LINE#         80
  C:17D9H         LINE#         81
  C:17DCH         LINE#         83
  C:17E2H         LINE#         84
  C:17E8H         LINE#         85
  C:17EBH         LINE#         87
  C:17F1H         LINE#         91
  C:17F1H         LINE#         93
  C:17F1H         LINE#         97
  C:17F9H         LINE#         98
  C:17FBH         LINE#         99
  C:1800H         LINE#         100
  C:1800H         LINE#         102
  -------         ENDPROC       MAIN
  -------         ENDMOD        MAIN

  -------         MODULE        APP_KEY
  C:0000H         SYMBOL        _ICE_DUMMY_
  C:186EH         PUBLIC        app_flash_Clear
  D:0080H         PUBLIC        P0
  D:0090H         PUBLIC        P1
  D:00A0H         PUBLIC        P2
  D:00B0H         PUBLIC        P3
  C:20ABH         PUBLIC        app_key_init
  D:00D8H         PUBLIC        P5
  D:00A8H         PUBLIC        IE
  X:00CBH         PUBLIC        g_tDevice
  C:24CCH         PUBLIC        app_power_on
  X:00CCH         SYMBOL        letter
  D:00EDH         PUBLIC        PITYP
BL51 BANKED LINKER/LOCATER V6.22                                                      08/07/2017  22:37:08  PAGE 11


  D:00B8H         PUBLIC        IP
  X:00CDH         PUBLIC        level
  C:1A07H         PUBLIC        app_key_set
  C:148FH         PUBLIC        _app_key_pro
  X:00CEH         SYMBOL        noOps_timeoutCnt
  C:1EF8H         PUBLIC        app_key_1s_pro
  X:00CFH         SYMBOL        mode
  C:1C40H         PUBLIC        app_key_ok
  B:0021H.3       SYMBOL        offBight_flag
  D:0087H         PUBLIC        PCON
  D:0098H         PUBLIC        SCON
  D:0088H         PUBLIC        TCON
  C:167EH         PUBLIC        app_flash_Show
  D:00F8H         PUBLIC        SCON_1
  C:1204H         PUBLIC        app_key_power_or_return
  C:153EH         SYMBOL        app_UI_init
  D:00E8H         PUBLIC        ADCCON0
  D:00C0H         PUBLIC        I2CON
  C:24B7H         PUBLIC        app_key_clear_noOps_timeoutCnt
  D:00C8H         PUBLIC        T2CON
  C:24B1H         PUBLIC        app_power_off
  C:21A7H         PUBLIC        app_key_100ms_pro
  C:1802H         PUBLIC        app_key_add
  D:00E9H         PUBLIC        PICON
  D:00D0H         PUBLIC        PSW
  D:00EAH         PUBLIC        PINEN
  D:00EBH         PUBLIC        PIPEN
  -------         PROC          APP_KEY_INIT
  C:20ABH         LINE#         25
  C:20ABH         LINE#         26
  C:20B0H         LINE#         28
  C:20B3H         LINE#         29
  C:20B6H         LINE#         30
  C:20B9H         LINE#         32
  C:20BCH         LINE#         33
  C:20BFH         LINE#         34
  C:20C2H         LINE#         36
  C:20C7H         LINE#         37
  C:20CBH         LINE#         38
  C:20CFH         LINE#         39
  -------         ENDPROC       APP_KEY_INIT
  -------         PROC          APP_UI_INIT
  C:153EH         LINE#         42
  C:153EH         LINE#         43
  C:1550H         LINE#         44
  C:1550H         LINE#         46
  C:1556H         LINE#         47
  C:155CH         LINE#         49
  C:155FH         LINE#         50
  C:1562H         LINE#         52
  C:1565H         LINE#         54
  C:1568H         LINE#         55
  C:156BH         LINE#         56
  C:156EH         LINE#         58
  C:156EH         LINE#         59
  C:156EH         LINE#         61
  C:1571H         LINE#         62
BL51 BANKED LINKER/LOCATER V6.22                                                      08/07/2017  22:37:08  PAGE 12


  C:1574H         LINE#         64
  C:1579H         LINE#         65
  C:157EH         LINE#         66
  C:1583H         LINE#         67
  C:1588H         LINE#         69
  C:158BH         LINE#         71
  C:158EH         LINE#         73
  C:1591H         LINE#         74
  C:159AH         LINE#         75
  C:15A0H         LINE#         76
  C:15A0H         LINE#         77
  C:15A2H         LINE#         78
  C:15A2H         LINE#         79
  C:15A5H         LINE#         80
  C:15A8H         LINE#         82
  C:15ADH         LINE#         83
  C:15B2H         LINE#         84
  C:15B7H         LINE#         85
  C:15BCH         LINE#         87
  C:15BFH         LINE#         89
  C:15C2H         LINE#         91
  C:15C5H         LINE#         92
  C:15CEH         LINE#         93
  C:15D7H         LINE#         94
  C:15E3H         LINE#         95
  C:15E3H         LINE#         96
  C:15E3H         LINE#         97
  -------         ENDPROC       APP_UI_INIT
  -------         PROC          APP_FLASH_SHOW
  C:167EH         LINE#         99
  C:167EH         LINE#         101
  C:1681H         LINE#         102
  C:168FH         LINE#         103
  C:168FH         LINE#         104
  C:168FH         LINE#         105
  C:168FH         LINE#         106
  C:1696H         LINE#         107
  C:1699H         LINE#         108
  C:16A3H         LINE#         109
  C:16A6H         LINE#         110
  C:16A6H         LINE#         111
  C:16A8H         LINE#         112
  C:16A8H         LINE#         114
  C:16BAH         LINE#         115
  C:16BAH         LINE#         116
  C:16BAH         LINE#         117
  C:16BAH         LINE#         118
  C:16C2H         LINE#         119
  C:16C5H         LINE#         120
  C:16C7H         LINE#         121
  C:16C7H         LINE#         122
  C:16CFH         LINE#         123
  C:16D2H         LINE#         124
  C:16D4H         LINE#         125
  C:16D4H         LINE#         126
  C:16DCH         LINE#         127
  C:16DFH         LINE#         128
BL51 BANKED LINKER/LOCATER V6.22                                                      08/07/2017  22:37:08  PAGE 13


  C:16E1H         LINE#         129
  C:16E1H         LINE#         130
  C:16E9H         LINE#         131
  C:16F3H         LINE#         132
  C:16F3H         LINE#         133
  C:16F3H         LINE#         134
  C:16FAH         LINE#         135
  C:16FDH         LINE#         136
  C:1706H         LINE#         137
  C:1709H         LINE#         138
  C:1709H         LINE#         139
  C:170CH         LINE#         141
  C:170CH         LINE#         142
  C:170CH         LINE#         143
  C:170CH         LINE#         144
  C:170CH         LINE#         145
  -------         ENDPROC       APP_FLASH_SHOW
  -------         PROC          APP_FLASH_CLEAR
  C:186EH         LINE#         147
  C:186EH         LINE#         149
  C:1879H         LINE#         150
  C:1879H         LINE#         151
  C:1879H         LINE#         152
  C:1879H         LINE#         160
  C:187CH         LINE#         161
  C:187CH         LINE#         162
  C:187EH         LINE#         163
  C:187EH         LINE#         165
  C:1884H         LINE#         166
  C:1887H         LINE#         167
  C:1887H         LINE#         168
  C:188EH         LINE#         169
  C:1891H         LINE#         170
  C:1896H         LINE#         171
  C:1896H         LINE#         172
  C:189DH         LINE#         173
  C:18A0H         LINE#         174
  C:18A5H         LINE#         175
  C:18A5H         LINE#         176
  C:18ACH         LINE#         177
  C:18AFH         LINE#         178
  C:18B4H         LINE#         179
  C:18B4H         LINE#         180
  C:18BBH         LINE#         181
  C:18BEH         LINE#         182
  C:18C3H         LINE#         183
  C:18C3H         LINE#         184
  C:18CAH         LINE#         185
  C:18CDH         LINE#         186
  C:18D4H         LINE#         187
  C:18D7H         LINE#         188
  C:18D7H         LINE#         189
  C:18D7H         LINE#         190
  C:18D7H         LINE#         191
  C:18D7H         LINE#         192
  C:18D7H         LINE#         194
  -------         ENDPROC       APP_FLASH_CLEAR
BL51 BANKED LINKER/LOCATER V6.22                                                      08/07/2017  22:37:08  PAGE 14


  -------         PROC          APP_KEY_POWER_OR_RETURN
  C:1204H         LINE#         195
  C:1204H         LINE#         197
  C:1221H         LINE#         198
  C:1221H         LINE#         199
  C:1233H         LINE#         200
  C:1233H         LINE#         201
  C:123AH         LINE#         202
  C:1240H         LINE#         204
  C:124BH         LINE#         205
  C:1256H         LINE#         207
  C:1259H         LINE#         208
  C:125CH         LINE#         210
  C:125FH         LINE#         212
  C:1262H         LINE#         213
  C:1265H         LINE#         214
  C:1265H         LINE#         216
  C:1267H         LINE#         217
  C:1267H         LINE#         218
  C:126EH         LINE#         219
  C:1274H         LINE#         221
  C:1278H         LINE#         222
  C:127EH         LINE#         223
  C:1284H         LINE#         225
  C:1287H         LINE#         226
  C:128AH         LINE#         228
  C:1292H         LINE#         230
  C:1295H         LINE#         231
  C:1298H         LINE#         232
  C:129BH         LINE#         233
  C:129BH         LINE#         234
  C:129BH         LINE#         235
  C:12A2H         LINE#         236
  C:12A8H         LINE#         238
  C:12ACH         LINE#         239
  C:12B2H         LINE#         240
  C:12B8H         LINE#         242
  C:12BBH         LINE#         243
  C:12BEH         LINE#         245
  C:12C6H         LINE#         247
  C:12C9H         LINE#         248
  C:12CCH         LINE#         249
  C:12CFH         LINE#         251
  C:12CFH         LINE#         252
  C:12CFH         LINE#         253
  C:12CFH         LINE#         254
  C:12CFH         LINE#         255
  C:12D2H         LINE#         256
  C:12D8H         LINE#         257
  C:12DAH         LINE#         258
  C:12DAH         LINE#         260
  C:12DBH         LINE#         261
  C:12DBH         LINE#         262
  C:12E1H         LINE#         263
  C:12E3H         LINE#         264
  C:12E3H         LINE#         265
  C:12E4H         LINE#         266
BL51 BANKED LINKER/LOCATER V6.22                                                      08/07/2017  22:37:08  PAGE 15


  C:12E4H         LINE#         267
  C:12EAH         LINE#         268
  C:12ECH         LINE#         269
  C:12ECH         LINE#         270
  C:12ECH         LINE#         271
  C:12ECH         LINE#         273
  -------         ENDPROC       APP_KEY_POWER_OR_RETURN
  -------         PROC          APP_KEY_SET
  C:1A07H         LINE#         274
  C:1A07H         LINE#         277
  C:1A0DH         LINE#         278
  C:1A0DH         LINE#         280
  C:1A14H         LINE#         281
  C:1A14H         LINE#         284
  C:1A1AH         LINE#         285
  C:1A1AH         LINE#         286
  C:1A1AH         LINE#         288
  C:1A1AH         LINE#         289
  C:1A1AH         LINE#         291
  C:1A1AH         LINE#         292
  C:1A1AH         LINE#         294
  C:1A1FH         LINE#         295
  C:1A25H         LINE#         296
  C:1A2BH         LINE#         298
  C:1A2EH         LINE#         299
  C:1A31H         LINE#         301
  C:1A34H         LINE#         303
  C:1A37H         LINE#         305
  C:1A3FH         LINE#         306
  C:1A42H         LINE#         307
  C:1A47H         LINE#         308
  C:1A4AH         LINE#         309
  C:1A53H         LINE#         310
  C:1A5CH         LINE#         311
  C:1A68H         LINE#         312
  C:1A68H         LINE#         313
  C:1A68H         LINE#         316
  C:1A68H         LINE#         317
  C:1A68H         LINE#         318
  C:1A68H         LINE#         319
  C:1A68H         LINE#         320
  C:1A68H         LINE#         321
  C:1A68H         LINE#         324
  -------         ENDPROC       APP_KEY_SET
  -------         PROC          APP_KEY_ADD
  C:1802H         LINE#         326
  C:1802H         LINE#         328
  C:180DH         LINE#         329
  C:180DH         LINE#         331
  C:180DH         LINE#         332
  C:180DH         LINE#         333
  C:181CH         LINE#         334
  C:181CH         LINE#         335
  C:1822H         LINE#         337
  C:1823H         LINE#         338
  C:1823H         LINE#         339
  C:1829H         LINE#         341
BL51 BANKED LINKER/LOCATER V6.22                                                      08/07/2017  22:37:08  PAGE 16


  C:182AH         LINE#         342
  C:182AH         LINE#         344
  C:1830H         LINE#         346
  C:1831H         LINE#         347
  C:1831H         LINE#         348
  C:1831H         LINE#         349
  C:1831H         LINE#         350
  C:183CH         LINE#         351
  C:183CH         LINE#         353
  C:183CH         LINE#         354
  C:183CH         LINE#         356
  C:1842H         LINE#         357
  C:1842H         LINE#         358
  C:1844H         LINE#         359
  C:184AH         LINE#         360
  C:1852H         LINE#         361
  C:1852H         LINE#         362
  C:1852H         LINE#         363
  C:1852H         LINE#         365
  C:1854H         LINE#         366
  C:1854H         LINE#         367
  C:185AH         LINE#         368
  C:185AH         LINE#         369
  C:185CH         LINE#         370
  C:1862H         LINE#         371
  C:186AH         LINE#         372
  C:186DH         LINE#         373
  C:186DH         LINE#         374
  C:186DH         LINE#         375
  C:186DH         LINE#         376
  C:186DH         LINE#         377
  C:186DH         LINE#         378
  C:186DH         LINE#         379
  C:186DH         LINE#         380
  C:186DH         LINE#         382
  -------         ENDPROC       APP_KEY_ADD
  -------         PROC          APP_KEY_OK
  C:1C40H         LINE#         383
  C:1C40H         LINE#         386
  C:1C4BH         LINE#         387
  C:1C4BH         LINE#         389
  C:1C4BH         LINE#         390
  C:1C4BH         LINE#         392
  C:1C56H         LINE#         393
  C:1C56H         LINE#         395
  C:1C56H         LINE#         396
  C:1C56H         LINE#         398
  C:1C59H         LINE#         399
  C:1C5CH         LINE#         401
  C:1C5EH         LINE#         402
  C:1C5EH         LINE#         403
  C:1C61H         LINE#         404
  C:1C64H         LINE#         406
  C:1C64H         LINE#         407
  C:1C64H         LINE#         408
  C:1C6AH         LINE#         409
  C:1C6EH         LINE#         410
BL51 BANKED LINKER/LOCATER V6.22                                                      08/07/2017  22:37:08  PAGE 17


  C:1C6FH         LINE#         411
  C:1C6FH         LINE#         412
  C:1C77H         LINE#         413
  C:1C77H         LINE#         415
  C:1C77H         LINE#         416
  C:1C77H         LINE#         418
  C:1C7AH         LINE#         419
  C:1C7DH         LINE#         420
  C:1C80H         LINE#         422
  C:1C80H         LINE#         423
  C:1C80H         LINE#         425
  C:1C80H         LINE#         426
  C:1C80H         LINE#         427
  C:1C88H         LINE#         428
  C:1C90H         LINE#         429
  C:1C95H         LINE#         430
  C:1C99H         LINE#         431
  C:1C99H         LINE#         432
  C:1C99H         LINE#         433
  C:1C99H         LINE#         434
  C:1C99H         LINE#         440
  -------         ENDPROC       APP_KEY_OK
  -------         PROC          APP_POWER_ON
  C:24CCH         LINE#         442
  C:24CCH         LINE#         443
  -------         ENDPROC       APP_POWER_ON
  -------         PROC          APP_POWER_OFF
  C:24B1H         LINE#         445
  C:24B1H         LINE#         446
  C:24B4H         LINE#         447
  -------         ENDPROC       APP_POWER_OFF
  -------         PROC          APP_KEY_100MS_PRO
  -------         DO            
  X:00CAH         SYMBOL        cnt
  -------         ENDDO         
  C:21A7H         LINE#         453
  C:21A7H         LINE#         456
  C:21AEH         LINE#         457
  C:21B4H         LINE#         458
  C:21BAH         LINE#         459
  C:21BCH         LINE#         461
  C:21BFH         LINE#         463
  C:21C2H         LINE#         464
  C:21C2H         LINE#         465
  C:21C3H         LINE#         466
  C:21C8H         LINE#         467
  C:21C8H         LINE#         468
  -------         ENDPROC       APP_KEY_100MS_PRO
  -------         PROC          APP_KEY_1S_PRO
  C:1EF8H         LINE#         470
  C:1EF8H         LINE#         472
  C:1EFEH         LINE#         473
  C:1F02H         LINE#         474
  C:1F04H         LINE#         476
  C:1F07H         LINE#         477
  C:1F10H         LINE#         478
  C:1F17H         LINE#         479
BL51 BANKED LINKER/LOCATER V6.22                                                      08/07/2017  22:37:08  PAGE 18


  C:1F1AH         LINE#         480
  C:1F23H         LINE#         481
  C:1F29H         LINE#         482
  C:1F29H         LINE#         484
  -------         ENDPROC       APP_KEY_1S_PRO
  -------         PROC          APP_KEY_CLEAR_NOOPS_TIMEOUTCNT
  C:24B7H         LINE#         485
  C:24B7H         LINE#         486
  C:24BCH         LINE#         487
  -------         ENDPROC       APP_KEY_CLEAR_NOOPS_TIMEOUTCNT
  -------         PROC          _APP_KEY_PRO
  X:0074H         SYMBOL        keyCode
  C:148FH         LINE#         488
  C:1494H         LINE#         490
  C:1497H         LINE#         492
  C:14A1H         LINE#         493
  C:14A3H         LINE#         494
  C:14A6H         LINE#         497
  C:14A6H         LINE#         499
  C:14E8H         LINE#         500
  C:14E8H         LINE#         502
  C:14F0H         LINE#         503
  C:14F3H         LINE#         504
  C:14FCH         LINE#         505
  C:1502H         LINE#         506
  C:1502H         LINE#         508
  C:1503H         LINE#         509
  C:1503H         LINE#         511
  C:150BH         LINE#         512
  C:150EH         LINE#         513
  C:150EH         LINE#         515
  C:150EH         LINE#         516
  C:150EH         LINE#         518
  C:1515H         LINE#         519
  C:1518H         LINE#         520
  C:151BH         LINE#         521
  C:1522H         LINE#         522
  C:1522H         LINE#         523
  C:1522H         LINE#         524
  C:152BH         LINE#         525
  C:152EH         LINE#         526
  C:1531H         LINE#         527
  C:1531H         LINE#         529
  C:1531H         LINE#         530
  C:1531H         LINE#         532
  C:1531H         LINE#         533
  C:1531H         LINE#         535
  C:1534H         LINE#         536
  C:1534H         LINE#         537
  C:1534H         LINE#         539
  C:1534H         LINE#         540
  C:1534H         LINE#         542
  C:1534H         LINE#         543
  C:1534H         LINE#         545
  C:1537H         LINE#         546
  C:1537H         LINE#         547
  C:1537H         LINE#         549
BL51 BANKED LINKER/LOCATER V6.22                                                      08/07/2017  22:37:08  PAGE 19


  C:1537H         LINE#         550
  C:1537H         LINE#         552
  C:1537H         LINE#         553
  C:1537H         LINE#         555
  C:153AH         LINE#         556
  C:153AH         LINE#         557
  C:153AH         LINE#         559
  C:153AH         LINE#         561
  C:153AH         LINE#         563
  C:153AH         LINE#         564
  C:153AH         LINE#         566
  C:153DH         LINE#         567
  C:153DH         LINE#         568
  C:153DH         LINE#         570
  C:153DH         LINE#         572
  C:153DH         LINE#         574
  C:153DH         LINE#         576
  C:153DH         LINE#         577
  -------         ENDPROC       _APP_KEY_PRO
  -------         ENDMOD        APP_KEY

  -------         MODULE        APP_WORK
  C:0000H         SYMBOL        _ICE_DUMMY_
  D:0080H         PUBLIC        P0
  D:0090H         PUBLIC        P1
  D:00A0H         PUBLIC        P2
  D:00B0H         PUBLIC        P3
  D:00D8H         PUBLIC        P5
  D:00A8H         PUBLIC        IE
  C:20D2H         PUBLIC        query_work_sum
  D:00B8H         PUBLIC        IP
  C:005AH         SYMBOL        app_work_pro
  C:000EH         PUBLIC        app_work_1s_pro
  X:009DH         SYMBOL        count_NoAction
  D:0098H         PUBLIC        SCON
  D:0088H         PUBLIC        TCON
  C:003EH         PUBLIC        work_Init
  B:0021H.4       SYMBOL        pull_once_flag
  D:00F8H         PUBLIC        SCON_1
  X:009EH         PUBLIC        Rep_Pull_num
  D:00E8H         PUBLIC        ADCCON0
  D:00C0H         PUBLIC        I2CON
  X:00A6H         PUBLIC        g_tWork
  D:00C8H         PUBLIC        T2CON
  C:2367H         PUBLIC        app_work_100ms_pro
  D:00D0H         PUBLIC        PSW
  -------         PROC          WORK_INIT
  C:003EH         LINE#         24
  C:003EH         LINE#         25
  C:0044H         LINE#         26
  C:0047H         LINE#         27
  C:004BH         LINE#         28
  C:004DH         LINE#         29
  C:0051H         LINE#         30
  C:0055H         LINE#         32
  C:0059H         LINE#         33
  -------         ENDPROC       WORK_INIT
BL51 BANKED LINKER/LOCATER V6.22                                                      08/07/2017  22:37:08  PAGE 20


  -------         PROC          QUERY_WORK_SUM
  C:20D2H         LINE#         35
  C:20D2H         LINE#         36
  C:20E0H         LINE#         37
  C:20EFH         LINE#         38
  C:20F3H         LINE#         39
  C:20F3H         LINE#         40
  C:20F5H         LINE#         42
  -------         ENDPROC       QUERY_WORK_SUM
  -------         PROC          APP_WORK_1S_PRO
  C:000EH         LINE#         44
  C:000EH         LINE#         45
  C:0017H         LINE#         46
  C:001AH         LINE#         47
  C:001AH         LINE#         49
  -------         ENDPROC       APP_WORK_1S_PRO
  -------         PROC          APP_WORK_100MS_PRO
  C:2367H         LINE#         50
  C:2367H         LINE#         51
  C:236AH         LINE#         52
  C:236CH         LINE#         54
  C:236FH         LINE#         55
  C:2372H         LINE#         56
  C:2372H         LINE#         58
  -------         ENDPROC       APP_WORK_100MS_PRO
  -------         PROC          APP_WORK_PRO
  C:005AH         LINE#         60
  C:005AH         LINE#         62
  -------         ENDPROC       APP_WORK_PRO
  -------         ENDMOD        APP_WORK

  -------         MODULE        APP_REPEAT_EXE
  C:0000H         SYMBOL        _ICE_DUMMY_
  D:0080H         PUBLIC        P0
  D:0090H         PUBLIC        P1
  D:00A0H         PUBLIC        P2
  D:00B0H         PUBLIC        P3
  C:2373H         PUBLIC        _Repeat_SetStart
  D:00D8H         PUBLIC        P5
  D:00A8H         PUBLIC        IE
  C:234AH         SYMBOL        Repeat_Stop_exe
  D:00B8H         PUBLIC        IP
  C:237FH         PUBLIC        _Repeat_SetStop
  X:00AFH         SYMBOL        g_tRepeat
  D:0098H         PUBLIC        SCON
  D:0088H         PUBLIC        TCON
  D:00F8H         PUBLIC        SCON_1
  C:1F2AH         PUBLIC        _Repeat_Start
  D:00E8H         PUBLIC        ADCCON0
  D:00C0H         PUBLIC        I2CON
  D:00C8H         PUBLIC        T2CON
  C:22DEH         PUBLIC        Repeat_Stop
  C:13D0H         PUBLIC        Repeat_Pro
  C:233AH         SYMBOL        Repeat_Start_exe
  D:00D0H         PUBLIC        PSW
  -------         PROC          _REPEAT_SETSTART
  D:0001H         SYMBOL        fun
BL51 BANKED LINKER/LOCATER V6.22                                                      08/07/2017  22:37:08  PAGE 21


  C:2373H         LINE#         12
  C:2373H         LINE#         13
  C:237EH         LINE#         14
  -------         ENDPROC       _REPEAT_SETSTART
  -------         PROC          _REPEAT_SETSTOP
  D:0001H         SYMBOL        fun
  C:237FH         LINE#         16
  C:237FH         LINE#         17
  C:238AH         LINE#         18
  -------         ENDPROC       _REPEAT_SETSTOP
  -------         PROC          REPEAT_START_EXE
  C:233AH         LINE#         20
  C:233AH         LINE#         21
  C:2346H         LINE#         22
  C:2349H         LINE#         23
  C:2349H         LINE#         24
  -------         ENDPROC       REPEAT_START_EXE
  -------         PROC          REPEAT_STOP_EXE
  C:234AH         LINE#         26
  C:234AH         LINE#         27
  C:2356H         LINE#         28
  C:2359H         LINE#         29
  C:2359H         LINE#         30
  -------         ENDPROC       REPEAT_STOP_EXE
  -------         PROC          _REPEAT_START
  D:0006H         SYMBOL        _usStartTime
  D:0004H         SYMBOL        _usStopTime
  D:0002H         SYMBOL        _usCycle
  C:1F2AH         LINE#         42
  C:1F2AH         LINE#         43
  C:1F2AH         LINE#         44
  C:1F2EH         LINE#         46
  C:1F2EH         LINE#         48
  C:1F36H         LINE#         49
  C:1F3EH         LINE#         50
  C:1F46H         LINE#         51
  C:1F4BH         LINE#         52
  C:1F4FH         LINE#         53
  C:1F53H         LINE#         54
  C:1F58H         LINE#         56
  C:1F5BH         LINE#         57
  -------         ENDPROC       _REPEAT_START
  -------         PROC          REPEAT_STOP
  C:22DEH         LINE#         67
  C:22DEH         LINE#         68
  C:22E3H         LINE#         69
  C:22E6H         LINE#         70
  C:22EFH         LINE#         71
  -------         ENDPROC       REPEAT_STOP
  -------         PROC          REPEAT_PRO
  C:13D0H         LINE#         83
  C:13D0H         LINE#         85
  C:13D7H         LINE#         86
  C:13DAH         LINE#         88
  C:13DAH         LINE#         90
  C:13F1H         LINE#         92
  C:13F1H         LINE#         94
BL51 BANKED LINKER/LOCATER V6.22                                                      08/07/2017  22:37:08  PAGE 22


  C:13F7H         LINE#         95
  C:1403H         LINE#         96
  C:1403H         LINE#         97
  C:141CH         LINE#         98
  C:141FH         LINE#         99
  C:1426H         LINE#         100
  C:142BH         LINE#         101
  C:142BH         LINE#         102
  C:142CH         LINE#         104
  C:142CH         LINE#         105
  C:1434H         LINE#         106
  C:144CH         LINE#         108
  C:145BH         LINE#         109
  C:146EH         LINE#         111
  C:1473H         LINE#         112
  C:1473H         LINE#         114
  C:1479H         LINE#         115
  C:1480H         LINE#         117
  C:1480H         LINE#         118
  C:1480H         LINE#         119
  C:1487H         LINE#         120
  C:148BH         LINE#         122
  C:148EH         LINE#         123
  C:148EH         LINE#         124
  C:148EH         LINE#         126
  -------         ENDPROC       REPEAT_PRO
  -------         ENDMOD        APP_REPEAT_EXE

  -------         MODULE        APP_CHARGE
  C:0000H         SYMBOL        _ICE_DUMMY_
  C:1E56H         PUBLIC        app_battery_voltage_result
  D:0080H         PUBLIC        P0
  D:0090H         PUBLIC        P1
  D:00A0H         PUBLIC        P2
  D:00B0H         PUBLIC        P3
  D:00D8H         PUBLIC        P5
  C:24C3H         PUBLIC        app_charge_Init
  I:000FH         SYMBOL        g_tCharge
  D:00A8H         PUBLIC        IE
  C:1ACAH         PUBLIC        app_charge_100ms_pro
  D:00B8H         PUBLIC        IP
  B:0021H.2       SYMBOL        result_flag
  B:0080H.1       PUBLIC        P01
  D:0098H         PUBLIC        SCON
  B:00D8H.0       PUBLIC        P50
  D:0088H         PUBLIC        TCON
  D:00F8H         PUBLIC        SCON_1
  C:1DDFH         PUBLIC        app_charge_1s_pro
  D:00E8H         PUBLIC        ADCCON0
  D:00E2H         PUBLIC        ADCCON2
  D:00C0H         PUBLIC        I2CON
  D:00C3H         PUBLIC        ADCRH
  D:00C8H         PUBLIC        T2CON
  D:00C2H         PUBLIC        ADCRL
  D:00D0H         PUBLIC        PSW
  -------         PROC          APP_CHARGE_INIT
  C:24C3H         LINE#         12
BL51 BANKED LINKER/LOCATER V6.22                                                      08/07/2017  22:37:08  PAGE 23


  C:24C3H         LINE#         14
  C:24C7H         LINE#         15
  -------         ENDPROC       APP_CHARGE_INIT
  -------         PROC          APP_CHARGE_100MS_PRO
  -------         DO            
  B:0021H.1       SYMBOL        flag
  -------         ENDDO         
  C:1ACAH         LINE#         17
  C:1ACAH         LINE#         20
  C:1AD1H         LINE#         21
  C:1AD3H         LINE#         23
  C:1AD3H         LINE#         25
  C:1AD6H         LINE#         26
  C:1AE6H         LINE#         27
  C:1AE6H         LINE#         28
  C:1AEEH         LINE#         29
  C:1AF0H         LINE#         31
  C:1AF3H         LINE#         32
  C:1AF3H         LINE#         33
  C:1AF3H         LINE#         34
  C:1AF5H         LINE#         35
  C:1AF7H         LINE#         36
  C:1AF7H         LINE#         37
  C:1AF7H         LINE#         38
  C:1AF7H         LINE#         39
  C:1AF9H         LINE#         40
  C:1AF9H         LINE#         41
  C:1B01H         LINE#         42
  C:1B03H         LINE#         44
  C:1B06H         LINE#         45
  C:1B08H         LINE#         46
  C:1B08H         LINE#         47
  C:1B0AH         LINE#         48
  C:1B0CH         LINE#         49
  C:1B0CH         LINE#         50
  C:1B0CH         LINE#         51
  C:1B0CH         LINE#         52
  C:1B0EH         LINE#         53
  C:1B0EH         LINE#         54
  C:1B16H         LINE#         55
  C:1B18H         LINE#         57
  C:1B1BH         LINE#         58
  C:1B1BH         LINE#         59
  C:1B1BH         LINE#         60
  C:1B1BH         LINE#         61
  C:1B23H         LINE#         62
  C:1B25H         LINE#         64
  C:1B28H         LINE#         65
  C:1B28H         LINE#         66
  C:1B28H         LINE#         67
  C:1B28H         LINE#         69
  -------         ENDPROC       APP_CHARGE_100MS_PRO
  -------         PROC          APP_BATTERY_VOLTAGE_RESULT
  -------         DO            
  B:0021H.5       SYMBOL        cmp
  -------         ENDDO         
  C:1E56H         LINE#         73
BL51 BANKED LINKER/LOCATER V6.22                                                      08/07/2017  22:37:08  PAGE 24


  C:1E56H         LINE#         74
  C:1E58H         LINE#         76
  C:1E5AH         LINE#         78
  C:1E63H         LINE#         79
  C:1E79H         LINE#         80
  C:1E82H         LINE#         82
  C:1E8DH         LINE#         84
  C:1E8FH         LINE#         88
  -------         ENDPROC       APP_BATTERY_VOLTAGE_RESULT
  -------         PROC          APP_CHARGE_1S_PRO
  C:1DDFH         LINE#         90
  C:1DDFH         LINE#         92
  C:1DE4H         LINE#         93
  C:1DE6H         LINE#         94
  C:1DE8H         LINE#         95
  C:1DEAH         LINE#         96
  C:1DEAH         LINE#         98
  C:1DEDH         LINE#         99
  C:1DEFH         LINE#         101
  C:1DFDH         LINE#         102
  C:1DFFH         LINE#         103
  C:1E01H         LINE#         104
  C:1E03H         LINE#         105
  C:1E03H         LINE#         108
  C:1E1AH         LINE#         109
  C:1E1AH         LINE#         111
  -------         ENDPROC       APP_CHARGE_1S_PRO
  -------         ENDMOD        APP_CHARGE

  -------         MODULE        APP_BATTERY
  C:0000H         SYMBOL        _ICE_DUMMY_
  D:0080H         PUBLIC        P0
  D:0090H         PUBLIC        P1
  D:00A0H         PUBLIC        P2
  D:00B0H         PUBLIC        P3
  D:00D8H         PUBLIC        P5
  D:00A8H         PUBLIC        IE
  D:00B8H         PUBLIC        IP
  C:24D8H         PUBLIC        app_battery_Init
  B:00E8H.6       PUBLIC        ADCS
  B:0080H.1       PUBLIC        P01
  D:0098H         PUBLIC        SCON
  D:0088H         PUBLIC        TCON
  D:00F8H         PUBLIC        SCON_1
  C:24CFH         SYMBOL        app_battery_detection
  D:00E8H         PUBLIC        ADCCON0
  C:2297H         PUBLIC        app_battery_1s_pro
  D:00C0H         PUBLIC        I2CON
  D:00C8H         PUBLIC        T2CON
  D:00D0H         PUBLIC        PSW
  -------         PROC          APP_BATTERY_INIT
  C:24D8H         LINE#         10
  C:24D8H         LINE#         15
  -------         ENDPROC       APP_BATTERY_INIT
  -------         PROC          APP_BATTERY_DETECTION
  C:24CFH         LINE#         17
  C:24CFH         LINE#         19
BL51 BANKED LINKER/LOCATER V6.22                                                      08/07/2017  22:37:08  PAGE 25


  C:24D1H         LINE#         20
  -------         ENDPROC       APP_BATTERY_DETECTION
  -------         PROC          APP_BATTERY_1S_PRO
  -------         DO            
  I:0013H         SYMBOL        cnt
  -------         ENDDO         
  C:2297H         LINE#         22
  C:2297H         LINE#         26
  C:229AH         LINE#         27
  C:229FH         LINE#         28
  C:22A1H         LINE#         29
  C:22A1H         LINE#         31
  C:22A7H         LINE#         32
  C:22ABH         LINE#         33
  C:22AEH         LINE#         34
  C:22AEH         LINE#         36
  -------         ENDPROC       APP_BATTERY_1S_PRO
  -------         ENDMOD        APP_BATTERY

  -------         MODULE        BSP
  C:0000H         SYMBOL        _ICE_DUMMY_
  D:0080H         PUBLIC        P0
  D:0090H         PUBLIC        P1
  D:00A0H         PUBLIC        P2
  D:00B0H         PUBLIC        P3
  D:00D8H         PUBLIC        P5
  B:00A8H.7       PUBLIC        EA
  D:00A8H         PUBLIC        IE
  D:00C7H         PUBLIC        TA
  D:00B8H         PUBLIC        IP
  B:0021H.6       PUBLIC        BIT_TMP
  D:0098H         PUBLIC        SCON
  D:0088H         PUBLIC        TCON
  C:1F89H         PUBLIC        bsp_Init
  D:00F8H         PUBLIC        SCON_1
  D:00E8H         PUBLIC        ADCCON0
  D:00C0H         PUBLIC        I2CON
  D:00C8H         PUBLIC        T2CON
  D:00A3H         PUBLIC        BODCON0
  D:00D0H         PUBLIC        PSW
  -------         PROC          BSP_INIT
  C:1F89H         LINE#         5
  C:1F89H         LINE#         7
  C:1F9CH         LINE#         10
  C:1F9FH         LINE#         12
  C:1FA2H         LINE#         13
  C:1FA5H         LINE#         15
  C:1FA8H         LINE#         17
  C:1FABH         LINE#         18
  C:1FAEH         LINE#         21
  C:1FB1H         LINE#         23
  C:1FB3H         LINE#         25
  -------         ENDPROC       BSP_INIT
  -------         ENDMOD        BSP

  -------         MODULE        BSP_KEY
  C:0000H         SYMBOL        _ICE_DUMMY_
BL51 BANKED LINKER/LOCATER V6.22                                                      08/07/2017  22:37:08  PAGE 26


  D:00B1H         PUBLIC        P0M1
  D:00B2H         PUBLIC        P0M2
  D:0080H         PUBLIC        P0
  D:0090H         PUBLIC        P1
  D:00A0H         PUBLIC        P2
  D:00B0H         PUBLIC        P3
  D:00D8H         PUBLIC        P5
  C:001EH         PUBLIC        _bsp_PutKey
  D:00A8H         PUBLIC        IE
  C:12EDH         SYMBOL        bsp_InitKeyVar
  X:0000H         PUBLIC        pBtn
  D:00B8H         PUBLIC        IP
  C:205BH         PUBLIC        bsp_GetKey2
  C:0E53H         SYMBOL        _bsp_DetectKey
  B:0080H.3       PUBLIC        P03
  C:2395H         SYMBOL        IsKeyDown1
  B:0080H.4       PUBLIC        P04
  D:0098H         PUBLIC        SCON
  C:239EH         SYMBOL        IsKeyDown2
  B:0080H.5       PUBLIC        P05
  D:0088H         PUBLIC        TCON
  C:23A7H         SYMBOL        IsKeyDown3
  B:0080H.6       PUBLIC        P06
  C:23B0H         SYMBOL        IsKeyDown4
  C:23B9H         SYMBOL        IsKeyDown5
  C:23C2H         SYMBOL        IsKeyDown6
  C:23CBH         SYMBOL        IsKeyDown7
  B:00D8H.5       PUBLIC        P55
  C:23D4H         SYMBOL        IsKeyDown8
  C:23DDH         SYMBOL        IsKeyDown9
  C:23E6H         PUBLIC        bsp_ClearKey
  D:00F8H         PUBLIC        SCON_1
  C:2248H         PUBLIC        bsp_KeyScan
  D:00E8H         PUBLIC        ADCCON0
  D:00C0H         PUBLIC        I2CON
  D:00C8H         PUBLIC        T2CON
  C:24BDH         PUBLIC        bsp_InitKey
  C:2410H         SYMBOL        bsp_InitKeyHard
  X:0003H         SYMBOL        s_tBtn
  X:0066H         SYMBOL        s_tKey
  C:1FB4H         PUBLIC        bsp_GetKey
  C:1E90H         PUBLIC        _bsp_SetKeyParam
  C:2318H         PUBLIC        _bsp_GetKeyState
  D:00D0H         PUBLIC        PSW
  -------         PROC          ISKEYDOWN1
  C:2395H         LINE#         34
  C:2395H         LINE#         35
  C:2398H         LINE#         36
  C:239BH         LINE#         37
  C:239BH         LINE#         38
  C:239DH         LINE#         39
  C:239DH         LINE#         40
  -------         ENDPROC       ISKEYDOWN1
  -------         PROC          ISKEYDOWN2
  C:239EH         LINE#         41
  C:239EH         LINE#         42
  C:23A1H         LINE#         43
BL51 BANKED LINKER/LOCATER V6.22                                                      08/07/2017  22:37:08  PAGE 27


  C:23A4H         LINE#         44
  C:23A4H         LINE#         45
  C:23A6H         LINE#         46
  C:23A6H         LINE#         47
  -------         ENDPROC       ISKEYDOWN2
  -------         PROC          ISKEYDOWN3
  C:23A7H         LINE#         48
  C:23A7H         LINE#         49
  C:23AAH         LINE#         50
  C:23ADH         LINE#         51
  C:23ADH         LINE#         52
  C:23AFH         LINE#         53
  C:23AFH         LINE#         54
  -------         ENDPROC       ISKEYDOWN3
  -------         PROC          ISKEYDOWN4
  C:23B0H         LINE#         55
  C:23B0H         LINE#         56
  C:23B3H         LINE#         57
  C:23B6H         LINE#         58
  C:23B6H         LINE#         59
  C:23B8H         LINE#         60
  C:23B8H         LINE#         61
  -------         ENDPROC       ISKEYDOWN4
  -------         PROC          ISKEYDOWN5
  C:23B9H         LINE#         63
  C:23B9H         LINE#         64
  C:23BCH         LINE#         65
  C:23BFH         LINE#         66
  C:23BFH         LINE#         67
  C:23C1H         LINE#         68
  C:23C1H         LINE#         69
  -------         ENDPROC       ISKEYDOWN5
  -------         PROC          ISKEYDOWN6
  C:23C2H         LINE#         70
  C:23C2H         LINE#         71
  C:23C5H         LINE#         72
  C:23C8H         LINE#         73
  C:23C8H         LINE#         74
  C:23CAH         LINE#         75
  C:23CAH         LINE#         76
  -------         ENDPROC       ISKEYDOWN6
  -------         PROC          ISKEYDOWN7
  C:23CBH         LINE#         77
  C:23CBH         LINE#         78
  C:23CEH         LINE#         79
  C:23D1H         LINE#         80
  C:23D1H         LINE#         81
  C:23D3H         LINE#         82
  C:23D3H         LINE#         83
  -------         ENDPROC       ISKEYDOWN7
  -------         PROC          ISKEYDOWN8
  C:23D4H         LINE#         84
  C:23D4H         LINE#         85
  C:23D7H         LINE#         86
  C:23DAH         LINE#         87
  C:23DAH         LINE#         88
  C:23DCH         LINE#         89
BL51 BANKED LINKER/LOCATER V6.22                                                      08/07/2017  22:37:08  PAGE 28


  C:23DCH         LINE#         90
  -------         ENDPROC       ISKEYDOWN8
  -------         PROC          ISKEYDOWN9
  C:23DDH         LINE#         91
  C:23DDH         LINE#         92
  C:23E0H         LINE#         93
  C:23E3H         LINE#         94
  C:23E3H         LINE#         95
  C:23E5H         LINE#         96
  C:23E5H         LINE#         97
  -------         ENDPROC       ISKEYDOWN9
  -------         PROC          BSP_INITKEY
  C:24BDH         LINE#         107
  C:24BDH         LINE#         108
  C:24C0H         LINE#         109
  -------         ENDPROC       BSP_INITKEY
  -------         PROC          _BSP_PUTKEY
  D:0007H         SYMBOL        _KeyCode
  C:001EH         LINE#         120
  C:001EH         LINE#         121
  C:002DH         LINE#         123
  C:0038H         LINE#         124
  C:003AH         LINE#         125
  C:003AH         LINE#         126
  -------         ENDPROC       _BSP_PUTKEY
  -------         PROC          BSP_GETKEY
  -------         DO            
  D:0007H         SYMBOL        ret
  -------         ENDDO         
  C:1FB4H         LINE#         136
  C:1FB4H         LINE#         139
  C:1FC1H         LINE#         140
  C:1FC4H         LINE#         141
  C:1FC4H         LINE#         142
  C:1FD0H         LINE#         144
  C:1FDBH         LINE#         145
  C:1FDDH         LINE#         146
  C:1FDDH         LINE#         147
  C:1FDDH         LINE#         148
  C:1FDDH         LINE#         149
  -------         ENDPROC       BSP_GETKEY
  -------         PROC          BSP_GETKEY2
  -------         DO            
  D:0007H         SYMBOL        ret
  -------         ENDDO         
  C:205BH         LINE#         159
  C:205BH         LINE#         162
  C:2066H         LINE#         163
  C:2069H         LINE#         164
  C:2069H         LINE#         165
  C:2075H         LINE#         167
  C:2080H         LINE#         168
  C:2082H         LINE#         169
  C:2082H         LINE#         170
  C:2082H         LINE#         171
  C:2082H         LINE#         172
  -------         ENDPROC       BSP_GETKEY2
BL51 BANKED LINKER/LOCATER V6.22                                                      08/07/2017  22:37:08  PAGE 29


  -------         PROC          _BSP_GETKEYSTATE
  D:0007H         SYMBOL        _ucKeyID
  C:2318H         LINE#         182
  C:2318H         LINE#         183
  C:2328H         LINE#         184
  -------         ENDPROC       _BSP_GETKEYSTATE
  -------         PROC          _BSP_SETKEYPARAM
  D:0007H         SYMBOL        _ucKeyID
  D:0004H         SYMBOL        _LongTime
  D:0003H         SYMBOL        _RepeatSpeed
  C:1E90H         LINE#         196
  C:1E90H         LINE#         197
  C:1EA3H         LINE#         198
  C:1EB3H         LINE#         199
  C:1EC3H         LINE#         200
  -------         ENDPROC       _BSP_SETKEYPARAM
  -------         PROC          BSP_CLEARKEY
  C:23E6H         LINE#         210
  C:23E6H         LINE#         211
  C:23EEH         LINE#         212
  -------         ENDPROC       BSP_CLEARKEY
  -------         PROC          BSP_INITKEYHARD
  C:2410H         LINE#         222
  C:2410H         LINE#         224
  C:2413H         LINE#         225
  C:2416H         LINE#         227
  -------         ENDPROC       BSP_INITKEYHARD
  -------         PROC          BSP_INITKEYVAR
  -------         DO            
  D:0007H         SYMBOL        i
  -------         ENDDO         
  C:12EDH         LINE#         237
  C:12EDH         LINE#         241
  C:12F2H         LINE#         242
  C:12F4H         LINE#         243
  C:12F6H         LINE#         246
  C:12F7H         LINE#         247
  C:130BH         LINE#         248
  C:131CH         LINE#         249
  C:132CH         LINE#         253
  C:133CH         LINE#         254
  C:134CH         LINE#         255
  C:1351H         LINE#         258
  C:135FH         LINE#         259
  C:136DH         LINE#         260
  C:137BH         LINE#         261
  C:1389H         LINE#         262
  C:1397H         LINE#         263
  C:13A5H         LINE#         264
  C:13B3H         LINE#         265
  C:13C1H         LINE#         266
  C:13CFH         LINE#         268
  -------         ENDPROC       BSP_INITKEYVAR
  -------         PROC          _BSP_DETECTKEY
  X:0075H         SYMBOL        i
  C:0E53H         LINE#         279
  C:0E58H         LINE#         280
BL51 BANKED LINKER/LOCATER V6.22                                                      08/07/2017  22:37:08  PAGE 30


  C:0E72H         LINE#         281
  C:0E7EH         LINE#         282
  C:0E95H         LINE#         283
  C:0E9AH         LINE#         284
  C:0EA3H         LINE#         285
  C:0EABH         LINE#         286
  C:0EABH         LINE#         287
  C:0EB3H         LINE#         288
  C:0EBAH         LINE#         291
  C:0EC7H         LINE#         292
  C:0EC7H         LINE#         294
  C:0EE6H         LINE#         295
  C:0EF3H         LINE#         297
  C:0F0AH         LINE#         299
  C:0F14H         LINE#         300
  C:0F14H         LINE#         301
  C:0F16H         LINE#         302
  C:0F25H         LINE#         303
  C:0F31H         LINE#         304
  C:0F38H         LINE#         306
  C:0F45H         LINE#         307
  C:0F45H         LINE#         308
  C:0F45H         LINE#         309
  C:0F45H         LINE#         310
  C:0F45H         LINE#         311
  C:0F45H         LINE#         312
  C:0F45H         LINE#         313
  C:0F5CH         LINE#         314
  C:0F64H         LINE#         315
  C:0F69H         LINE#         316
  C:0F71H         LINE#         317
  C:0F73H         LINE#         318
  C:0F7CH         LINE#         319
  C:0F83H         LINE#         322
  C:0F91H         LINE#         323
  C:0F91H         LINE#         324
  C:0F91H         LINE#         325
  C:0FA5H         LINE#         326
  C:0FACH         LINE#         327
  C:0FACH         LINE#         328
  -------         ENDPROC       _BSP_DETECTKEY
  -------         PROC          BSP_KEYSCAN
  -------         DO            
  X:0074H         SYMBOL        i
  -------         ENDDO         
  C:2248H         LINE#         338
  C:2248H         LINE#         341
  C:2257H         LINE#         342
  C:225AH         LINE#         343
  C:2262H         LINE#         344
  -------         ENDPROC       BSP_KEYSCAN
  -------         ENDMOD        BSP_KEY

  -------         MODULE        BSP_BT
  C:0000H         SYMBOL        _ICE_DUMMY_
  D:0080H         PUBLIC        P0
  D:0090H         PUBLIC        P1
BL51 BANKED LINKER/LOCATER V6.22                                                      08/07/2017  22:37:08  PAGE 31


  D:00A0H         PUBLIC        P2
  D:00B0H         PUBLIC        P3
  D:00D8H         PUBLIC        P5
  D:00A8H         PUBLIC        IE
  D:00B8H         PUBLIC        IP
  D:0098H         PUBLIC        SCON
  D:0088H         PUBLIC        TCON
  D:00F8H         PUBLIC        SCON_1
  D:00E8H         PUBLIC        ADCCON0
  D:00C0H         PUBLIC        I2CON
  D:00C8H         PUBLIC        T2CON
  D:00D0H         PUBLIC        PSW
  -------         ENDMOD        BSP_BT

  -------         MODULE        BSP_DISPLAY
  C:0000H         SYMBOL        _ICE_DUMMY_
  D:00B3H         PUBLIC        P1M1
  D:0080H         PUBLIC        P0
  D:00B5H         PUBLIC        P2M1
  D:00B4H         PUBLIC        P1M2
  D:0090H         PUBLIC        P1
  D:00B6H         PUBLIC        P2M2
  D:00A0H         PUBLIC        P2
  D:00DAH         PUBLIC        P4M1
  D:00B0H         PUBLIC        P3
  D:00DBH         PUBLIC        P4M2
  D:00D8H         PUBLIC        P5
  C:243AH         PUBLIC        LCD_Show_Line_up
  C:245DH         PUBLIC        LCD_Clear_ABCD
  C:24A3H         PUBLIC        LCD_Clear_CAL_ICO
  D:00A8H         PUBLIC        IE
  C:2472H         PUBLIC        LCD_Show_QS_ICO
  C:235AH         PUBLIC        LCD_Clear_All
  D:00B8H         PUBLIC        IP
  C:0780H         PUBLIC        _LCD_Show_CAL_Num
  C:2479H         PUBLIC        LCD_Clear_COACH_ICO
  C:2441H         PUBLIC        LCD_Clear_Battery_ICO
  C:242CH         PUBLIC        LCD_Show_Bluetooth_Fill_ICO
  C:244FH         PUBLIC        LCD_Clear_REP_ICO
  C:2487H         PUBLIC        LCD_Clear_Line_down
  C:2161H         PUBLIC        LCD_Clear_Pulls_Num
  C:20F6H         PUBLIC        LCD_display_InitHard
  D:00FCH         PUBLIC        LCDDAT
  D:00FAH         PUBLIC        LCDCLK
  C:241EH         PUBLIC        LCD_Show_Bluetooth_ICO
  C:2495H         PUBLIC        LCD_Clear_Heart_ICO
  C:0CF5H         PUBLIC        _LCD_Show_REP_Num
  D:0098H         PUBLIC        SCON
  D:00F9H         PUBLIC        LCDCON
  D:0088H         PUBLIC        TCON
  C:21C9H         PUBLIC        _LCD_Show_ABCD
  C:24AAH         PUBLIC        LCD_Show_CAL_ICO
  D:00F8H         PUBLIC        SCON_1
  D:00FBH         PUBLIC        LCDPTR
  C:2433H         PUBLIC        LCD_Clear_Line_up
  C:2480H         PUBLIC        LCD_Show_COACH_ICO
[...]
  C:1FDEH         LINE#         181
  C:1FE1H         LINE#         182
  C:1FE4H         LINE#         184
  C:1FE7H         LINE#         185
  C:1FEAH         LINE#         186
  C:1FEDH         LINE#         189
  C:2005H         LINE#         194
  C:2007H         LINE#         195
  -------         ENDPROC       _INITIALUART0_TIMER1_TYPE3
  -------         PROC          _INITIALUART0_TIMER1_TYPE4
  D:0004H         SYMBOL        u32Baudrate
  C:2008H         LINE#         200
  C:2008H         LINE#         201
  C:2008H         LINE#         202
  C:200BH         LINE#         203
  C:200EH         LINE#         205
  C:2011H         LINE#         206
  C:2014H         LINE#         207
  C:2017H         LINE#         210
  C:202FH         LINE#         215
  C:2031H         LINE#         216
  -------         ENDPROC       _INITIALUART0_TIMER1_TYPE4
  -------         PROC          _INITIALUART0_TIMER3_TYPE5
  X:00D0H         SYMBOL        u32Baudrate
  C:1941H         LINE#         218
  C:1947H         LINE#         219
  C:1947H         LINE#         220
  C:194AH         LINE#         221
  C:194DH         LINE#         222
  C:1950H         LINE#         223
  C:1953H         LINE#         226
  C:1981H         LINE#         227
  C:19A0H         LINE#         233
  C:19A3H         LINE#         234
  -------         ENDPROC       _INITIALUART0_TIMER3_TYPE5
  -------         PROC          _INITIALUART0_TIMER3_TYPE6
  X:00D4H         SYMBOL        u32Baudrate
  C:19A4H         LINE#         236
  C:19AAH         LINE#         237
  C:19AAH         LINE#         238
  C:19ADH         LINE#         239
  C:19B0H         LINE#         240
  C:19B3H         LINE#         241
  C:19B6H         LINE#         244
  C:19E4H         LINE#         245
  C:1A03H         LINE#         251
  C:1A06H         LINE#         252
  -------         ENDPROC       _INITIALUART0_TIMER3_TYPE6
  -------         PROC          _INITIALUART1_TIMER3
  X:0074H         SYMBOL        u32Baudrate
  C:1B88H         LINE#         254
  C:1B8EH         LINE#         255
  C:1B8EH         LINE#         256
  C:1B91H         LINE#         257
  C:1B94H         LINE#         260
  C:1BC2H         LINE#         261
BL51 BANKED LINKER/LOCATER V6.22                                                      08/07/2017  22:37:08  PAGE 56


  C:1BE1H         LINE#         267
  C:1BE4H         LINE#         268
  -------         ENDPROC       _INITIALUART1_TIMER3
  -------         PROC          RECEIVE_DATA_FROM_UART0
  -------         DO            
  D:0007H         SYMBOL        c
  -------         ENDDO         
  C:0003H         LINE#         280
  C:0003H         LINE#         283
  C:0006H         LINE#         285
  C:0008H         LINE#         286
  C:000AH         LINE#         287
  C:000AH         LINE#         288
  -------         ENDPROC       RECEIVE_DATA_FROM_UART0
  -------         PROC          _SEND_DATA_TO_UART0
  D:0007H         SYMBOL        c
  C:23F8H         LINE#         300
  C:23F8H         LINE#         301
  C:23FAH         LINE#         302
  C:23FCH         LINE#         303
  C:23FFH         LINE#         305
  -------         ENDPROC       _SEND_DATA_TO_UART0
  -------         PROC          RECEIVE_DATA_FROM_UART1
  -------         DO            
  D:0007H         SYMBOL        c
  -------         ENDDO         
  C:2400H         LINE#         317
  C:2400H         LINE#         320
  C:2403H         LINE#         322
  C:2405H         LINE#         323
  C:2407H         LINE#         324
  C:2407H         LINE#         325
  -------         ENDPROC       RECEIVE_DATA_FROM_UART1
  -------         PROC          _SEND_DATA_TO_UART1
  D:0007H         SYMBOL        c
  C:2408H         LINE#         337
  C:2408H         LINE#         338
  C:240AH         LINE#         339
  C:240CH         LINE#         340
  C:240FH         LINE#         342
  -------         ENDPROC       _SEND_DATA_TO_UART1
  -------         PROC          SET_ALL_GPIO_QUASI_MODE
  C:2263H         LINE#         344
  C:2263H         LINE#         345
  C:2266H         LINE#         346
  C:2268H         LINE#         347
  C:226AH         LINE#         348
  C:226CH         LINE#         349
  C:226EH         LINE#         350
  C:2270H         LINE#         351
  C:2272H         LINE#         352
  C:2274H         LINE#         353
  C:2276H         LINE#         354
  C:2278H         LINE#         355
  C:227AH         LINE#         356
  C:227CH         LINE#         357
  -------         ENDPROC       SET_ALL_GPIO_QUASI_MODE
BL51 BANKED LINKER/LOCATER V6.22                                                      08/07/2017  22:37:08  PAGE 57


  -------         PROC          SET_ALL_GPIO_INPUT_MODE
  C:220CH         LINE#         359
  C:220CH         LINE#         360
  C:220FH         LINE#         361
  C:2212H         LINE#         362
  C:2215H         LINE#         363
  C:2217H         LINE#         364
  C:221AH         LINE#         365
  C:221CH         LINE#         366
  C:221FH         LINE#         367
  C:2221H         LINE#         368
  C:2224H         LINE#         369
  C:2226H         LINE#         370
  C:2229H         LINE#         371
  C:222BH         LINE#         372
  -------         ENDPROC       SET_ALL_GPIO_INPUT_MODE
  -------         PROC          SW_RESET
  C:227DH         LINE#         375
  C:227DH         LINE#         376
  C:2280H         LINE#         377
  C:2283H         LINE#         378
  C:2296H         LINE#         380
  -------         ENDPROC       SW_RESET
  -------         PROC          FSYS_CLOCK_OUTPUT_ON_P26
  C:24C8H         LINE#         382
  C:24C8H         LINE#         383
  C:24CBH         LINE#         384
  -------         ENDPROC       FSYS_CLOCK_OUTPUT_ON_P26
  -------         PROC          _PUTCHAR
  D:0007H         SYMBOL        c
  C:1DA2H         LINE#         393
  C:1DA2H         LINE#         431
  C:1DA7H         LINE#         432
  C:1DAAH         LINE#         433
  C:1DAFH         LINE#         434
  C:1DAFH         LINE#         435
  C:1DB1H         LINE#         436
  C:1DB4H         LINE#         438
  C:1DB9H         LINE#         439
  C:1DBBH         LINE#         440
  C:1DBBH         LINE#         441
  C:1DBBH         LINE#         442
  C:1DBEH         LINE#         444
  C:1DC0H         LINE#         445
  C:1DC3H         LINE#         446
  C:1DC3H         LINE#         447
  C:1DC6H         LINE#         448
  C:1DCBH         LINE#         449
  C:1DCBH         LINE#         450
  C:1DCDH         LINE#         451
  C:1DD0H         LINE#         453
  C:1DD5H         LINE#         454
  C:1DD7H         LINE#         455
  C:1DD7H         LINE#         456
  C:1DD7H         LINE#         457
  C:1DDAH         LINE#         459
  C:1DDCH         LINE#         460
BL51 BANKED LINKER/LOCATER V6.22                                                      08/07/2017  22:37:08  PAGE 58


  C:1DDEH         LINE#         462
  -------         ENDPROC       _PUTCHAR
  -------         ENDMOD        COMMON

  -------         MODULE        DELAY
  C:0000H         SYMBOL        _ICE_DUMMY_
  D:0080H         PUBLIC        P0
  D:0090H         PUBLIC        P1
  D:00A0H         PUBLIC        P2
  D:00B0H         PUBLIC        P3
  D:008FH         PUBLIC        WKCON
  D:00D8H         PUBLIC        P5
  D:00A8H         PUBLIC        IE
  D:00B8H         PUBLIC        IP
  C:1C9AH         PUBLIC        _Timer0_Delay1ms
  C:1CF3H         PUBLIC        _Timer1_Delay1ms
  C:1BE5H         PUBLIC        _Timer3_Delay1ms
  D:0098H         PUBLIC        SCON
  D:0089H         PUBLIC        TMOD
  D:0088H         PUBLIC        TCON
  C:170FH         PUBLIC        _?Random_Delay
  C:21EBH         PUBLIC        _Delay10us
  D:00F8H         PUBLIC        SCON_1
  B:0088H.5       PUBLIC        TF0
  B:0088H.7       PUBLIC        TF1
  D:008CH         PUBLIC        TH0
  D:00C6H         PUBLIC        R3H
  D:008DH         PUBLIC        TH1
  D:008AH         PUBLIC        TL0
  C:1A69H         PUBLIC        _WakeUp_Timer_Delay25ms
  D:00C5H         PUBLIC        R3L
  D:008BH         PUBLIC        TL1
  B:0088H.4       PUBLIC        TR0
  B:0088H.6       PUBLIC        TR1
  D:00E8H         PUBLIC        ADCCON0
  D:00C0H         PUBLIC        I2CON
  D:00C8H         PUBLIC        T2CON
  D:00C4H         PUBLIC        T3CON
  D:008EH         PUBLIC        CKCON
  D:0086H         PUBLIC        RWK
  D:00D0H         PUBLIC        PSW
  -------         PROC          _?RANDOM_DELAY
  -------         DO            
  x:0000H         SYMBOL        u32CNT
  x:0004H         SYMBOL        u32Tmp
  -------         ENDDO         
  C:170FH         LINE#         36
  C:1715H         LINE#         37
  C:1715H         LINE#         41
  C:1740H         LINE#         42
  C:1740H         LINE#         43
  C:1765H         LINE#         44
  C:178CH         LINE#         45
  -------         ENDPROC       _?RANDOM_DELAY
  -------         PROC          _DELAY10US
  D:0006H         SYMBOL        u16CNT
  C:21EBH         LINE#         47
BL51 BANKED LINKER/LOCATER V6.22                                                      08/07/2017  22:37:08  PAGE 59


  C:21EBH         LINE#         48
  C:21EEH         LINE#         49
  C:21F1H         LINE#         50
  C:21F3H         LINE#         51
  C:21F7H         LINE#         52
  C:21FAH         LINE#         53
  C:21FDH         LINE#         54
  C:2200H         LINE#         56
  C:2202H         LINE#         57
  C:2207H         LINE#         58
  C:2209H         LINE#         59
  C:220BH         LINE#         60
  -------         ENDPROC       _DELAY10US
  -------         PROC          _TIMER0_DELAY1MS
  X:00D8H         SYMBOL        u32CNT
  C:1C9AH         LINE#         62
  C:1CA0H         LINE#         63
  C:1CA3H         LINE#         64
  C:1CA6H         LINE#         65
  C:1CA8H         LINE#         66
  C:1CC1H         LINE#         67
  C:1CC4H         LINE#         68
  C:1CC7H         LINE#         69
  C:1CCAH         LINE#         71
  C:1CCCH         LINE#         72
  C:1CEEH         LINE#         73
  C:1CF0H         LINE#         74
  C:1CF2H         LINE#         75
  -------         ENDPROC       _TIMER0_DELAY1MS
  -------         PROC          _TIMER1_DELAY1MS
  X:00DCH         SYMBOL        u32CNT
  C:1CF3H         LINE#         77
  C:1CF9H         LINE#         78
  C:1CFCH         LINE#         79
  C:1CFFH         LINE#         80
  C:1D01H         LINE#         81
  C:1D1AH         LINE#         82
  C:1D1DH         LINE#         83
  C:1D20H         LINE#         84
  C:1D23H         LINE#         86
  C:1D25H         LINE#         87
  C:1D47H         LINE#         88
  C:1D49H         LINE#         89
  C:1D4BH         LINE#         90
  -------         ENDPROC       _TIMER1_DELAY1MS
  -------         PROC          _TIMER3_DELAY1MS
  X:00E0H         SYMBOL        u32CNT
  C:1BE5H         LINE#         92
  C:1BEBH         LINE#         93
  C:1BEEH         LINE#         94
  C:1BF1H         LINE#         95
  C:1C0AH         LINE#         96
  C:1C0DH         LINE#         97
  C:1C10H         LINE#         98
  C:1C15H         LINE#         100
  C:1C18H         LINE#         101
  C:1C3AH         LINE#         102
BL51 BANKED LINKER/LOCATER V6.22                                                      08/07/2017  22:37:08  PAGE 60


  C:1C3CH         LINE#         103
  C:1C3FH         LINE#         104
  -------         ENDPROC       _TIMER3_DELAY1MS
  -------         PROC          _WAKEUP_TIMER_DELAY25MS
  X:00E4H         SYMBOL        u32CNT
  C:1A69H         LINE#         106
  C:1A6FH         LINE#         107
  C:1A6FH         LINE#         108
  C:1A72H         LINE#         109
  C:1A75H         LINE#         110
  C:1A78H         LINE#         112
  C:1A7BH         LINE#         114
  C:1A7EH         LINE#         115
  C:1A81H         LINE#         116
  C:1A9AH         LINE#         117
  C:1A9FH         LINE#         119
  C:1AA2H         LINE#         120
  C:1AC4H         LINE#         121
  C:1AC6H         LINE#         122
  C:1AC9H         LINE#         123
  -------         ENDPROC       _WAKEUP_TIMER_DELAY25MS
  -------         ENDMOD        DELAY

  -------         MODULE        VERSION
  C:0000H         SYMBOL        _ICE_DUMMY_
  D:0080H         PUBLIC        P0
  D:0090H         PUBLIC        P1
  D:00A0H         PUBLIC        P2
  D:00B0H         PUBLIC        P3
  D:00D8H         PUBLIC        P5
  D:00A8H         PUBLIC        IE
  D:00B8H         PUBLIC        IP
  D:0098H         PUBLIC        SCON
  D:0088H         PUBLIC        TCON
  D:00F8H         PUBLIC        SCON_1
  C:1B29H         PUBLIC        Show_FW_Version_Number_To_PC
  D:00E8H         PUBLIC        ADCCON0
  D:00C0H         PUBLIC        I2CON
  D:00C8H         PUBLIC        T2CON
  D:00D0H         PUBLIC        PSW
  -------         PROC          SHOW_FW_VERSION_NUMBER_TO_PC
  C:1B29H         LINE#         32
  C:1B29H         LINE#         33
  C:1B29H         LINE#         34
  C:1B32H         LINE#         35
  C:1B3BH         LINE#         36
  C:1B44H         LINE#         37
  C:1B5EH         LINE#         38
  C:1B7FH         LINE#         39
  -------         ENDPROC       SHOW_FW_VERSION_NUMBER_TO_PC
  -------         ENDMOD        VERSION

  -------         MODULE        ?C_STARTUP
  C:15E4H         SEGMENT       ?C_C51STARTUP
  I:0023H         SEGMENT       ?STACK
  C:0000H         PUBLIC        ?C_STARTUP
  D:00E0H         SYMBOL        ACC
BL51 BANKED LINKER/LOCATER V6.22                                                      08/07/2017  22:37:08  PAGE 61


  D:00F0H         SYMBOL        B
  D:0083H         SYMBOL        DPH
  D:0082H         SYMBOL        DPL
  N:0000H         SYMBOL        IBPSTACK
  N:0100H         SYMBOL        IBPSTACKTOP
  N:0080H         SYMBOL        IDATALEN
  C:15E7H         SYMBOL        IDATALOOP
  N:0000H         SYMBOL        PBPSTACK
  N:0000H         SYMBOL        PBPSTACKTOP
  N:0000H         SYMBOL        PDATALEN
  N:0000H         SYMBOL        PDATASTART
  N:0000H         SYMBOL        PPAGE
  N:0000H         SYMBOL        PPAGEENABLE
  D:00A0H         SYMBOL        PPAGE_SFR
  D:0081H         SYMBOL        SP
  C:15E4H         SYMBOL        STARTUP1
  N:0000H         SYMBOL        XBPSTACK
  N:0000H         SYMBOL        XBPSTACKTOP
  N:00FFH         SYMBOL        XDATALEN
  C:15F2H         SYMBOL        XDATALOOP
  N:0000H         SYMBOL        XDATASTART
  C:0000H         LINE#         92
  C:15E4H         LINE#         99
  C:15E6H         LINE#         100
  C:15E7H         LINE#         101
  C:15E8H         LINE#         102
  C:15EAH         LINE#         106
  C:15EDH         LINE#         107
  C:15EFH         LINE#         109
  C:15F1H         LINE#         113
  C:15F2H         LINE#         114
  C:15F3H         LINE#         115
  C:15F4H         LINE#         116
  C:15F6H         LINE#         117
  C:15F8H         LINE#         151
  C:15FBH         LINE#         155
  -------         ENDMOD        ?C_STARTUP

  -------         MODULE        ?C?CLDOPTR
  C:005EH         PUBLIC        ?C?CLDOPTR
  -------         ENDMOD        ?C?CLDOPTR

  -------         MODULE        ?C?CILDOPTR
  C:008BH         PUBLIC        ?C?CILDOPTR
  -------         ENDMOD        ?C?CILDOPTR

  -------         MODULE        ?C?CSTPTR
  C:00BEH         PUBLIC        ?C?CSTPTR
  -------         ENDMOD        ?C?CSTPTR

  -------         MODULE        ?C?CSTOPTR
  C:00D0H         PUBLIC        ?C?CSTOPTR
  -------         ENDMOD        ?C?CSTOPTR

  -------         MODULE        ?C?UIDIV
  C:00F2H         PUBLIC        ?C?UIDIV
  -------         ENDMOD        ?C?UIDIV
BL51 BANKED LINKER/LOCATER V6.22                                                      08/07/2017  22:37:08  PAGE 62



  -------         MODULE        ?C?IILDX
  C:0147H         PUBLIC        ?C?IILDX
  -------         ENDMOD        ?C?IILDX

  -------         MODULE        ?C?ILDOPTR
  C:015DH         PUBLIC        ?C?ILDOPTR
  -------         ENDMOD        ?C?ILDOPTR

  -------         MODULE        ?C?IILDOPTR
  C:0195H         PUBLIC        ?C?IILDOPTR
  -------         ENDMOD        ?C?IILDOPTR

  -------         MODULE        ?C?ISTOPTR
  C:01E2H         PUBLIC        ?C?ISTOPTR
  -------         ENDMOD        ?C?ISTOPTR

  -------         MODULE        ?C?ULDIV
  C:024BH         PUBLIC        ?C?ULDIV
  -------         ENDMOD        ?C?ULDIV

  -------         MODULE        ?C?ULCMP
  C:02DDH         PUBLIC        ?C?ULCMP
  -------         ENDMOD        ?C?ULCMP

  -------         MODULE        ?C?ULSHR
  C:02EEH         PUBLIC        ?C?ULSHR
  -------         ENDMOD        ?C?ULSHR

  -------         MODULE        ?C?LSTXDATA
  C:0301H         PUBLIC        ?C?LSTXDATA
  -------         ENDMOD        ?C?LSTXDATA

  -------         MODULE        ?C?LSTKXDATA
  C:030DH         PUBLIC        ?C?LSTKXDATA
  -------         ENDMOD        ?C?LSTKXDATA

  -------         MODULE        ?C?PLDPTR
  C:033EH         PUBLIC        ?C?PLDPTR
  -------         ENDMOD        ?C?PLDPTR

  -------         MODULE        ?C?ICALL
  C:035EH         PUBLIC        ?C?ICALL
  C:0362H         PUBLIC        ?C?ICALL2
  -------         ENDMOD        ?C?ICALL

  -------         MODULE        ?C_XBP
  D:000DH         PUBLIC        ?C_XBP
  -------         ENDMOD        ?C_XBP

  -------         MODULE        ?C?ADDXBP
  C:0364H         PUBLIC        ?C?ADDXBP
  -------         ENDMOD        ?C?ADDXBP

  -------         MODULE        ?C?XBPOFF
  C:0388H         PUBLIC        ?C?XBPOFF
  -------         ENDMOD        ?C?XBPOFF
BL51 BANKED LINKER/LOCATER V6.22                                                      08/07/2017  22:37:08  PAGE 63



  -------         MODULE        PRINTF
  X:0075H         PUBLIC        ?_PRINTF517?BYTE
  X:0075H         PUBLIC        ?_PRINTF?BYTE
  X:0075H         PUBLIC        ?_SPRINTF517?BYTE
  X:0075H         PUBLIC        ?_SPRINTF?BYTE
  C:0486H         PUBLIC        _PRINTF
  C:0486H         PUBLIC        _PRINTF517
  C:0480H         PUBLIC        _SPRINTF
  C:0480H         PUBLIC        _SPRINTF517
  -------         ENDMOD        PRINTF

  -------         MODULE        ?C?CLDPTR
  C:0395H         PUBLIC        ?C?CLDPTR
  -------         ENDMOD        ?C?CLDPTR

  -------         MODULE        ?C?PLDIDATA
  C:03AEH         PUBLIC        ?C?PLDIDATA
  -------         ENDMOD        ?C?PLDIDATA

  -------         MODULE        ?C?PLDXDATA
  C:03B7H         PUBLIC        ?C?PLDXDATA
  -------         ENDMOD        ?C?PLDXDATA

  -------         MODULE        ?C?PLDIXDATA
  C:03C0H         PUBLIC        ?C?PLDIXDATA
  -------         ENDMOD        ?C?PLDIXDATA

  -------         MODULE        ?C?PSTXDATA
  C:03D7H         PUBLIC        ?C?PSTXDATA
  -------         ENDMOD        ?C?PSTXDATA

  -------         MODULE        ?C?PLDPDATA
  C:03E0H         PUBLIC        ?C?PLDPDATA
  -------         ENDMOD        ?C?PLDPDATA

  -------         MODULE        ?C?PLDCODE
  C:03E9H         PUBLIC        ?C?PLDCODE
  -------         ENDMOD        ?C?PLDCODE

  -------         MODULE        ?C?CCASE
  C:03F5H         PUBLIC        ?C?CCASE
  -------         ENDMOD        ?C?CCASE

Program Size: data=23.1 xdata=237 code=9434
LINK/LOCATE RUN COMPLETE.  0 WARNING(S),  0 ERROR(S)
