BL51 BANKED LINKER/LOCATER V6.22                                                        11/19/2017  14:57:42  PAGE 1


BL51 BANKED LINKER/LOCATER V6.22, INVOKED BY:
C:\KEIL_V5\C51\BIN\BL51.EXE .\Out\Objects\main.obj, .\Out\Objects\app_key.obj, .\Out\Objects\app_work.obj, .\Out\Objects
>> \app_repeat_exe.obj, .\Out\Objects\app_2d4.obj, .\Out\Objects\app_lcd.obj, .\Out\Objects\bsp.obj, .\Out\Objects\bsp_k
>> ey.obj, .\Out\Objects\bsp_display.obj, .\Out\Objects\bsp_timer0.obj, .\Out\Objects\bsp_adc.obj, .\Out\Objects\bsp_key
>> Bright.obj, .\Out\Objects\bsp_lcdBright.obj, .\Out\Objects\bsp_2d4.obj, .\Out\Objects\Common.obj, .\Out\Objects\Delay
>> .obj, .\Out\Objects\Version.obj, .\Out\Objects\STARTUP.obj TO .\Out\Objects\project PRINT (.\Out\Listings\project.m51
>> ) RAMSIZE (256) DISABLEWARNING (16)


MEMORY MODEL: LARGE


INPUT MODULES INCLUDED:
  .\Out\Objects\main.obj (MAIN)
  .\Out\Objects\app_key.obj (APP_KEY)
  .\Out\Objects\app_work.obj (APP_WORK)
  .\Out\Objects\app_repeat_exe.obj (APP_REPEAT_EXE)
  .\Out\Objects\app_2d4.obj (APP_2D4)
  .\Out\Objects\app_lcd.obj (APP_LCD)
  .\Out\Objects\bsp.obj (BSP)
  .\Out\Objects\bsp_key.obj (BSP_KEY)
  .\Out\Objects\bsp_display.obj (BSP_DISPLAY)
  .\Out\Objects\bsp_timer0.obj (BSP_TIMER0)
  .\Out\Objects\bsp_adc.obj (BSP_ADC)
  .\Out\Objects\bsp_keyBright.obj (BSP_KEYBRIGHT)
  .\Out\Objects\bsp_lcdBright.obj (BSP_LCDBRIGHT)
  .\Out\Objects\bsp_2d4.obj (BSP_2D4)
  .\Out\Objects\Common.obj (COMMON)
  .\Out\Objects\Delay.obj (DELAY)
  .\Out\Objects\Version.obj (VERSION)
  .\Out\Objects\STARTUP.obj (?C_STARTUP)
  C:\KEIL_V5\C51\LIB\C51L.LIB (?C_INIT)
  C:\KEIL_V5\C51\LIB\C51L.LIB (?C?COPY)
  C:\KEIL_V5\C51\LIB\C51L.LIB (?C?CLDPTR)
  C:\KEIL_V5\C51\LIB\C51L.LIB (?C?CLDOPTR)
  C:\KEIL_V5\C51\LIB\C51L.LIB (?C?CILDOPTR)
  C:\KEIL_V5\C51\LIB\C51L.LIB (?C?CSTOPTR)
  C:\KEIL_V5\C51\LIB\C51L.LIB (?C?IILDX)
  C:\KEIL_V5\C51\LIB\C51L.LIB (?C?ILDOPTR)
  C:\KEIL_V5\C51\LIB\C51L.LIB (?C?IILDOPTR)
  C:\KEIL_V5\C51\LIB\C51L.LIB (?C?ISTOPTR)
  C:\KEIL_V5\C51\LIB\C51L.LIB (?C?ULDIV)
  C:\KEIL_V5\C51\LIB\C51L.LIB (?C?ULCMP)
  C:\KEIL_V5\C51\LIB\C51L.LIB (?C?ULSHR)
  C:\KEIL_V5\C51\LIB\C51L.LIB (?C?LSTXDATA)
  C:\KEIL_V5\C51\LIB\C51L.LIB (?C?LSTKXDATA)
  C:\KEIL_V5\C51\LIB\C51L.LIB (?C?PLDPTR)
  C:\KEIL_V5\C51\LIB\C51L.LIB (?C?CCASE)
  C:\KEIL_V5\C51\LIB\C51L.LIB (?C?ICALL)
  C:\KEIL_V5\C51\LIB\C51L.LIB (?C_XBP)
  C:\KEIL_V5\C51\LIB\C51L.LIB (?C?ADDXBP)
  C:\KEIL_V5\C51\LIB\C51L.LIB (?C?XBPOFF)
  C:\KEIL_V5\C51\LIB\C51L.LIB (PRINTF)
  C:\KEIL_V5\C51\LIB\C51L.LIB (?C?STRCPY)
  C:\KEIL_V5\C51\LIB\C51L.LIB (STRNCPY)
  C:\KEIL_V5\C51\LIB\C51L.LIB (STRLEN)
  C:\KEIL_V5\C51\LIB\C51L.LIB (?C?MEMSET)
  C:\KEIL_V5\C51\LIB\C51L.LIB (?C?CSTPTR)
BL51 BANKED LINKER/LOCATER V6.22                                                      11/19/2017  14:57:42  PAGE 2


  C:\KEIL_V5\C51\LIB\C51L.LIB (?C?ILDIX)
  C:\KEIL_V5\C51\LIB\C51L.LIB (?C?PLDIDATA)
  C:\KEIL_V5\C51\LIB\C51L.LIB (?C?PLDXDATA)
  C:\KEIL_V5\C51\LIB\C51L.LIB (?C?PLDIXDATA)
  C:\KEIL_V5\C51\LIB\C51L.LIB (?C?PSTXDATA)
  C:\KEIL_V5\C51\LIB\C51L.LIB (?C?PLDPDATA)
  C:\KEIL_V5\C51\LIB\C51L.LIB (?C?PLDCODE)


LINK MAP OF MODULE:  .\Out\Objects\project (MAIN)


            TYPE    BASE      LENGTH    RELOCATION   SEGMENT NAME
            -----------------------------------------------------

            * * * * * * *   D A T A   M E M O R Y   * * * * * * *
            REG     0000H     0008H     ABSOLUTE     "REG BANK 0"
            DATA    0008H     0005H     UNIT         _DATA_GROUP_
            DATA    000DH     0002H     UNIT         ?C?LIB_DATA
            IDATA   000FH     0007H     UNIT         ?ID?APP_WORK
            IDATA   0016H     0005H     UNIT         ?ID?BSP_ADC
                    001BH     0005H                  *** GAP ***
            BIT     0020H.0   0001H.1   UNIT         _BIT_GROUP_
            BIT     0021H.1   0000H.1   UNIT         ?BI?APP_2D4
            BIT     0021H.2   0000H.1   UNIT         ?BI?BSP
                    0021H.3   0000H.5                *** GAP ***
            IDATA   0022H     007BH     UNIT         ?ID?BSP_KEY
            IDATA   009DH     0021H     UNIT         ?ID?APP_2D4
            IDATA   00BEH     0001H     UNIT         ?STACK

            * * * * * * *  X D A T A   M E M O R Y  * * * * * * *
            XDATA   0000H     0041H     UNIT         _XDATA_GROUP_
            XDATA   0041H     0013H     UNIT         ?XD?_RF_CARRIER?BSP_2D4
            XDATA   0054H     0012H     UNIT         ?XD?APP_REPEAT_EXE
            XDATA   0066H     0011H     UNIT         ?XD?APP_LCD
            XDATA   0077H     0010H     UNIT         ?XD?APP_2D4
            XDATA   0087H     000BH     UNIT         ?XD?BSP_TIMER0
            XDATA   0092H     0007H     UNIT         ?XD?BSP_KEY
            XDATA   0099H     0005H     UNIT         ?XD?BSP_2D4
            XDATA   009EH     0004H     UNIT         ?XD?_INITIALUART0_TIMER3_TYPE5?COMMON
            XDATA   00A2H     0004H     UNIT         ?XD?_INITIALUART0_TIMER3_TYPE6?COMMON
            XDATA   00A6H     0004H     UNIT         ?XD?_INITIALUART1_TIMER3?COMMON
            XDATA   00AAH     0004H     UNIT         ?XD?_TIMER0_DELAY1MS?DELAY
            XDATA   00AEH     0004H     UNIT         ?XD?_TIMER1_DELAY1MS?DELAY
            XDATA   00B2H     0004H     UNIT         ?XD?_TIMER3_DELAY1MS?DELAY
            XDATA   00B6H     0004H     UNIT         ?XD?_WAKEUP_TIMER_DELAY25MS?DELAY
            XDATA   00BAH     0002H     UNIT         ?XD?MAIN
            XDATA   00BCH     0001H     UNIT         ?XD?APP_KEY

            * * * * * * *   C O D E   M E M O R Y   * * * * * * *
            CODE    0000H     0003H     ABSOLUTE     
            CODE    0003H     0008H     UNIT         ?PR?RECEIVE_DATA_FROM_UART0?COMMON
            CODE    000BH     0003H     ABSOLUTE     
            CODE    000EH     0043H     UNIT         ?PR?VOL_RESP?APP_2D4
            CODE    0051H     000AH     UNIT         ?PR?APP_REPEAT_ISENABLE?APP_REPEAT_EXE
            CODE    005BH     0003H     ABSOLUTE     
            CODE    005EH     0A2CH     UNIT         ?PR?_APP_2D4_RCV?APP_2D4
BL51 BANKED LINKER/LOCATER V6.22                                                      11/19/2017  14:57:42  PAGE 3


            CODE    0A8AH     08FAH     UNIT         ?PR?_LCD_SHOWCHAR?BSP_DISPLAY
            CODE    1384H     05B4H     UNIT         ?PR?_APP_KEY_PRO?APP_KEY
            CODE    1938H     0589H     UNIT         ?C?LIB_CODE
            CODE    1EC1H     0365H     UNIT         ?PR?PRINTF?PRINTF
            CODE    2226H     0154H     UNIT         ?PR?_BSP_DETECTKEY?BSP_KEY
            CODE    237AH     0145H     UNIT         ?PR?_SYSTEM_CLOCK_SELECT?COMMON
            CODE    24BFH     012EH     UNIT         ?PR?RF_INIT?BSP_2D4
            CODE    25EDH     0112H     UNIT         ?CO?VERSION
            CODE    26FFH     00F6H     UNIT         ?CO?APP_2D4
            CODE    27F5H     00E4H     UNIT         ?PR?_LCD_CLEAR_MI?BSP_DISPLAY
            CODE    28D9H     00E3H     UNIT         ?PR?_RF_CARRIER?BSP_2D4
            CODE    29BCH     00B8H     UNIT         ?PR?BSP_INITKEYVAR?BSP_KEY
            CODE    2A74H     00B5H     UNIT         ?PR?REPEAT_PRO?APP_REPEAT_EXE
            CODE    2B29H     00A2H     UNIT         ?PR?_LCD_SHOWSTRING?BSP_DISPLAY
            CODE    2BCBH     009AH     UNIT         ?C_C51STARTUP
            CODE    2C65H     0085H     UNIT         ?PR?APP_2D4_PRO?APP_2D4
            CODE    2CEAH     0083H     UNIT         ?PR?_?RANDOM_DELAY?DELAY
            CODE    2D6DH     007AH     UNIT         ?C_INITSEG
            CODE    2DE7H     0079H     UNIT         ?PR?TIMER0_ISR?BSP_TIMER0
            CODE    2E60H     006CH     UNIT         ?PR?MAIN?MAIN
            CODE    2ECCH     0068H     UNIT         ?PR?_STRNCPY?STRNCPY
            CODE    2F34H     0067H     UNIT         ?PR?_ISKEYDOWN?BSP_KEY
            CODE    2F9BH     0063H     UNIT         ?PR?_INITIALUART0_TIMER3_TYPE5?COMMON
            CODE    2FFEH     0063H     UNIT         ?PR?_INITIALUART0_TIMER3_TYPE6?COMMON
            CODE    3061H     0061H     UNIT         ?PR?_WAKEUP_TIMER_DELAY25MS?DELAY
            CODE    30C2H     005FH     UNIT         ?PR?SHOW_FW_VERSION_NUMBER_TO_PC?VERSION
            CODE    3121H     005DH     UNIT         ?PR?_INITIALUART1_TIMER3?COMMON
            CODE    317EH     005CH     UNIT         ?PR?ADC_ISR?MAIN
            CODE    31DAH     005BH     UNIT         ?PR?_TIMER3_DELAY1MS?DELAY
            CODE    3235H     0059H     UNIT         ?PR?_TIMER0_DELAY1MS?DELAY
            CODE    328EH     0059H     UNIT         ?PR?_TIMER1_DELAY1MS?DELAY
            CODE    32E7H     0053H     UNIT         ?PR?_APP_LCD_DEFAULT_STRING_SET?APP_LCD
            CODE    333AH     0051H     UNIT         ?PR?_APP_2D4_SEND?APP_2D4
            CODE    338BH     0043H     UNIT         ?PR?_RF_WRITEBUF?BSP_2D4
            CODE    33CEH     0043H     UNIT         ?PR?_RF_TXDATA?BSP_2D4
            CODE    3411H     0041H     UNIT         ?PR?APP_LCD_PRO?APP_LCD
            CODE    3452H     003FH     UNIT         ?PR?_RF_READBUF?BSP_2D4
            CODE    3491H     003DH     UNIT         ?PR?_PUTCHAR?COMMON
            CODE    34CEH     0036H     UNIT         ?PR?LCD_DISPLAY_INITHARD?BSP_DISPLAY
            CODE    3504H     0033H     UNIT         ?PR?FM_STATION_SHOW_LCD_RESP?APP_2D4
            CODE    3537H     0033H     UNIT         ?PR?ADC_INIT?BSP_ADC
            CODE    356AH     0032H     UNIT         ?PR?_REPEAT_START?APP_REPEAT_EXE
            CODE    359CH     0032H     UNIT         ?PR?USB_TRACK_SHOW_LCD_RESP?APP_2D4
            CODE    35CEH     002AH     UNIT         ?PR?_INITIALUART0_TIMER1_TYPE3?COMMON
            CODE    35F8H     002AH     UNIT         ?PR?_INITIALUART0_TIMER1_TYPE4?COMMON
            CODE    3622H     0029H     UNIT         ?PR?_UCRF_DUMPRXDATA?BSP_2D4
            CODE    364BH     0029H     UNIT         ?PR?_INITIALUART0_TIMER1_TYPE1?COMMON
            CODE    3674H     0028H     UNIT         ?PR?_INITIALUART0_TIMER1_TYPE2?COMMON
            CODE    369CH     0026H     UNIT         ?PR?TIMER0_PARAMINIT?BSP_TIMER0
            CODE    36C2H     0026H     UNIT         ?PR?RF_RXMODE?BSP_2D4
            CODE    36E8H     0025H     UNIT         ?PR?APP_2D4_INIT?APP_2D4
            CODE    370DH     0025H     UNIT         ?PR?_SPI_WR?BSP_2D4
            CODE    3732H     0024H     UNIT         ?PR?_BSP_SETKEYPARAM?BSP_KEY
            CODE    3756H     0024H     UNIT         ?CO?BSP_2D4
            CODE    377AH     0023H     UNIT         ?PR?TIMER0_INITHARD?BSP_TIMER0
            CODE    379DH     0023H     UNIT         ?PR?ADC_START?BSP_ADC
            CODE    37C0H     0021H     UNIT         ?PR?_DELAY10US?DELAY
BL51 BANKED LINKER/LOCATER V6.22                                                      11/19/2017  14:57:42  PAGE 4


            CODE    37E1H     0020H     UNIT         ?PR?SET_ALL_GPIO_INPUT_MODE?COMMON
            CODE    3801H     001FH     UNIT         ?PR?_SPI_WW?BSP_2D4
            CODE    3820H     001CH     UNIT         ?PR?BSP_GETKEY?BSP_KEY
            CODE    383CH     001CH     UNIT         ?PR?BSP_GETKEY2?BSP_KEY
            CODE    3858H     001BH     UNIT         ?PR?BSP_INIT?BSP
            CODE    3873H     001BH     UNIT         ?PR?BSP_KEYSCAN?BSP_KEY
            CODE    388EH     001AH     UNIT         ?PR?UCSPI_READ?BSP_2D4
            CODE    38A8H     001AH     UNIT         ?PR?SET_ALL_GPIO_QUASI_MODE?COMMON
            CODE    38C2H     001AH     UNIT         ?PR?SW_RESET?COMMON
            CODE    38DCH     0016H     UNIT         ?PR?SPEAKER_STATUS_RESP?APP_2D4
            CODE    38F2H     0016H     UNIT         ?PR?RELAY_STATUS_RESP?APP_2D4
            CODE    3908H     0015H     UNIT         ?PR?_STRLEN?STRLEN
            CODE    391DH     0014H     UNIT         ?PR?REPEAT_STOP?APP_REPEAT_EXE
            CODE    3931H     0014H     UNIT         ?PR?APP_LCD_INIT?APP_LCD
            CODE    3945H     0014H     UNIT         ?PR?_BSP_PUTKEY?BSP_KEY
            CODE    3959H     0013H     UNIT         ?PR?WIRELESS2D4_INITHARD?BSP_2D4
            CODE    396CH     0013H     UNIT         ?PR?_RF_WRITEREG?BSP_2D4
            CODE    397FH     0013H     UNIT         ?PR?_UCRF_READREG?BSP_2D4
            CODE    3992H     0012H     UNIT         ?PR?ISKEYDOWN_1AND6?BSP_KEY
            CODE    39A4H     0010H     UNIT         ?PR?REPEAT_START_EXE?APP_REPEAT_EXE
            CODE    39B4H     0010H     UNIT         ?PR?REPEAT_STOP_EXE?APP_REPEAT_EXE
            CODE    39C4H     000FH     UNIT         ?PR?CLEAR_LCD_RESP?APP_2D4
            CODE    39D3H     000FH     UNIT         ?PR?USB_PAUSE_SHOW_LCD_RESP?APP_2D4
            CODE    39E2H     000FH     UNIT         ?PR?BT_NEXT_SHOW_LCD_RESP?APP_2D4
            CODE    39F1H     000FH     UNIT         ?PR?BT_PREV_SHOW_LCD_RESP?APP_2D4
            CODE    3A00H     000FH     UNIT         ?PR?LED_SHOW_BLINK_NAME_SHOW_LCD_RESP?APP_2D4
            CODE    3A0FH     000FH     UNIT         ?PR?LED_CLEAR_BLINK_NAME_SHOW_LCD_RESP?APP_2D4
            CODE    3A1EH     000FH     UNIT         ?PR?ISKEYDOWN2?BSP_KEY
            CODE    3A2DH     000FH     UNIT         ?PR?ISKEYDOWN6?BSP_KEY
            CODE    3A3CH     000FH     UNIT         ?PR?ISKEYDOWN7?BSP_KEY
            CODE    3A4BH     000FH     UNIT         ?PR?ISKEYDOWN8?BSP_KEY
            CODE    3A5AH     000FH     UNIT         ?PR?ISKEYDOWN9?BSP_KEY
            CODE    3A69H     000FH     UNIT         ?PR?RF_TXMODE?BSP_2D4
            CODE    3A78H     000EH     UNIT         ?PR?ISKEYDOWN5?BSP_KEY
            CODE    3A86H     000EH     UNIT         ?PR?_RF_SETCHANNEL?BSP_2D4
            CODE    3A94H     000DH     UNIT         ?PR?LCD_CLEAR_ALL?BSP_DISPLAY
            CODE    3AA1H     000DH     UNIT         ?PR?LCD_CLEAR_MI_ALL?BSP_DISPLAY
            CODE    3AAEH     000CH     UNIT         ?PR?_REPEAT_SETSTART?APP_REPEAT_EXE
            CODE    3ABAH     000CH     UNIT         ?PR?_REPEAT_SETSTOP?APP_REPEAT_EXE
            CODE    3AC6H     000CH     UNIT         ?PR?RF_CLEARFIFO?BSP_2D4
            CODE    3AD2H     000BH     UNIT         ?PR?_BSP_GETKEYSTATE?BSP_KEY
            CODE    3ADDH     000AH     UNIT         ?PR?UCRF_GETSTATUS?BSP_2D4
            CODE    3AE7H     0009H     UNIT         ?PR?BT_PAUSE_SHOW_LCD_RESP?APP_2D4
            CODE    3AF0H     0009H     UNIT         ?PR?AUX_MUTE_SHOW_LCD_RESP?APP_2D4
            CODE    3AF9H     0009H     UNIT         ?CO?APP_LCD
            CODE    3B02H     0009H     UNIT         ?PR?ISKEYDOWN1?BSP_KEY
            CODE    3B0BH     0009H     UNIT         ?PR?KEY_BRIGHT_INITHARD?BSP_KEYBRIGHT
            CODE    3B14H     0009H     UNIT         ?PR?LCD_BRIGHT_INITHARD?BSP_LCDBRIGHT
            CODE    3B1DH     0008H     UNIT         ?PR?_SEND_DATA_TO_UART0?COMMON
            CODE    3B25H     0008H     UNIT         ?PR?RECEIVE_DATA_FROM_UART1?COMMON
            CODE    3B2DH     0008H     UNIT         ?PR?_SEND_DATA_TO_UART1?COMMON
            CODE    3B35H     0007H     UNIT         ?PR?BSP_INITKEYHARD?BSP_KEY
            CODE    3B3CH     0007H     UNIT         ?PR?LCD_CLEAR_LED_ICO?BSP_DISPLAY
            CODE    3B43H     0007H     UNIT         ?PR?LCD_SHOW_LED_ICO?BSP_DISPLAY
            CODE    3B4AH     0007H     UNIT         ?PR?LCD_CLEAR_FM_ICO?BSP_DISPLAY
            CODE    3B51H     0007H     UNIT         ?PR?LCD_SHOW_FM_ICO?BSP_DISPLAY
            CODE    3B58H     0007H     UNIT         ?PR?LCD_CLEAR_BLUETOOTH_ICO?BSP_DISPLAY
BL51 BANKED LINKER/LOCATER V6.22                                                      11/19/2017  14:57:42  PAGE 5


            CODE    3B5FH     0007H     UNIT         ?PR?LCD_SHOW_BLUETOOTH_ICO?BSP_DISPLAY
            CODE    3B66H     0007H     UNIT         ?PR?LCD_CLEAR_AUX_ICO?BSP_DISPLAY
            CODE    3B6DH     0007H     UNIT         ?PR?LCD_SHOW_AUX_ICO?BSP_DISPLAY
            CODE    3B74H     0007H     UNIT         ?PR?LCD_CLEAR_USB_ICO?BSP_DISPLAY
            CODE    3B7BH     0007H     UNIT         ?PR?LCD_SHOW_USB_ICO?BSP_DISPLAY
            CODE    3B82H     0007H     UNIT         ?PR?LCD_CLEAR_MHZ_ICO?BSP_DISPLAY
            CODE    3B89H     0007H     UNIT         ?PR?LCD_SHOW_MHZ_ICO?BSP_DISPLAY
            CODE    3B90H     0007H     UNIT         ?PR?LCD_CLEAR_BAZOOKA_ICO?BSP_DISPLAY
            CODE    3B97H     0007H     UNIT         ?PR?LCD_SHOW_BAZOOKA_ICO?BSP_DISPLAY
            CODE    3B9EH     0007H     UNIT         ?PR?LCD_CLEAR_UPCOLON_ICO?BSP_DISPLAY
            CODE    3BA5H     0007H     UNIT         ?PR?LCD_SHOW_UPCOLON_ICO?BSP_DISPLAY
            CODE    3BACH     0007H     UNIT         ?PR?LCD_CLEAR_DOWNCOLON_ICO?BSP_DISPLAY
            CODE    3BB3H     0007H     UNIT         ?PR?LCD_SHOW_DOWNCOLON_ICO?BSP_DISPLAY
            CODE    3BBAH     0007H     UNIT         ?PR?RF_CLEARSTATUS?BSP_2D4
            CODE    3BC1H     0006H     UNIT         ?PR?ISKEYDOWN3?BSP_KEY
            CODE    3BC7H     0006H     UNIT         ?PR?ISKEYDOWN4?BSP_KEY
            CODE    3BCDH     0006H     UNIT         ?PR?BSP_INITKEY?BSP_KEY
            CODE    3BD3H     0006H     UNIT         ?PR?BSP_CLEARKEY?BSP_KEY
            CODE    3BD9H     0006H     UNIT         ?PR?LCD_CLEAR_COLON_ICO?BSP_DISPLAY
            CODE    3BDFH     0006H     UNIT         ?PR?LCD_SHOW_COLON_ICO?BSP_DISPLAY
            CODE    3BE5H     0006H     UNIT         ?PR?UCRF_GETRSSI?BSP_2D4
            CODE    3BEBH     0004H     UNIT         ?PR?FSYS_CLOCK_OUTPUT_ON_P26?COMMON
            CODE    3BEFH     0003H     UNIT         ?PR?APP_WORK_INIT?APP_WORK
            CODE    3BF2H     0003H     UNIT         ?PR?KEY_BRIGHT_OFF?BSP_KEYBRIGHT
            CODE    3BF5H     0003H     UNIT         ?PR?KEY_BRIGHT_ON?BSP_KEYBRIGHT
            CODE    3BF8H     0003H     UNIT         ?PR?KEY_BRIGHT_TOGGLE?BSP_KEYBRIGHT
            CODE    3BFBH     0003H     UNIT         ?PR?LCD_BRIGHT_OFF?BSP_LCDBRIGHT
            CODE    3BFEH     0003H     UNIT         ?PR?LCD_BRIGHT_ON?BSP_LCDBRIGHT
            CODE    3C01H     0001H     UNIT         ?PR?APP_WORK_1S_PRO?APP_WORK
            CODE    3C02H     0001H     UNIT         ?PR?APP_WORK_100MS_PRO?APP_WORK
            CODE    3C03H     0001H     UNIT         ?PR?APP_WORK_PRO?APP_WORK
            CODE    3C04H     0001H     UNIT         ?PR?SPI_INIT?BSP_2D4



OVERLAY MAP OF MODULE:   .\Out\Objects\project (MAIN)


SEGMENT                                             BIT_GROUP          DATA_GROUP          XDATA_GROUP
  +--> CALLED SEGMENT                            START    LENGTH     START    LENGTH     START    LENGTH
--------------------------------------------------------------------------------------------------------
?C_C51STARTUP                                    -----    -----      -----    -----      -----    -----
  +--> ?PR?MAIN?MAIN
  +--> ?C_INITSEG

?PR?MAIN?MAIN                                    -----    -----      -----    -----      0000H    0002H
  +--> ?PR?_SYSTEM_CLOCK_SELECT?COMMON
  +--> ?PR?BSP_INIT?BSP
  +--> ?PR?APP_2D4_INIT?APP_2D4
  +--> ?PR?APP_LCD_INIT?APP_LCD
  +--> ?PR?APP_WORK_INIT?APP_WORK
  +--> ?PR?ADC_START?BSP_ADC
  +--> ?PR?BSP_KEYSCAN?BSP_KEY
  +--> ?PR?REPEAT_PRO?APP_REPEAT_EXE
  +--> ?PR?APP_LCD_PRO?APP_LCD
  +--> ?PR?APP_2D4_PRO?APP_2D4
  +--> ?PR?BSP_GETKEY?BSP_KEY
BL51 BANKED LINKER/LOCATER V6.22                                                      11/19/2017  14:57:42  PAGE 6


  +--> ?PR?_APP_KEY_PRO?APP_KEY

?PR?BSP_INIT?BSP                                 -----    -----      -----    -----      -----    -----
  +--> ?PR?SET_ALL_GPIO_INPUT_MODE?COMMON
  +--> ?PR?LCD_DISPLAY_INITHARD?BSP_DISPLAY
  +--> ?PR?ADC_INIT?BSP_ADC
  +--> ?PR?BSP_INITKEY?BSP_KEY
  +--> ?PR?KEY_BRIGHT_INITHARD?BSP_KEYBRIGHT
  +--> ?PR?TIMER0_INITHARD?BSP_TIMER0
  +--> ?PR?WIRELESS2D4_INITHARD?BSP_2D4
  +--> ?PR?LCD_BRIGHT_INITHARD?BSP_LCDBRIGHT

?PR?LCD_DISPLAY_INITHARD?BSP_DISPLAY             -----    -----      -----    -----      -----    -----
  +--> ?PR?LCD_CLEAR_ALL?BSP_DISPLAY

?PR?BSP_INITKEY?BSP_KEY                          -----    -----      -----    -----      -----    -----
  +--> ?PR?BSP_INITKEYVAR?BSP_KEY
  +--> ?PR?BSP_INITKEYHARD?BSP_KEY

?PR?BSP_INITKEYVAR?BSP_KEY                       -----    -----      -----    -----      -----    -----
  +--> ?PR?ISKEYDOWN1?BSP_KEY
  +--> ?PR?ISKEYDOWN2?BSP_KEY
  +--> ?PR?ISKEYDOWN3?BSP_KEY
  +--> ?PR?ISKEYDOWN4?BSP_KEY
  +--> ?PR?ISKEYDOWN5?BSP_KEY
  +--> ?PR?ISKEYDOWN6?BSP_KEY
  +--> ?PR?ISKEYDOWN7?BSP_KEY
  +--> ?PR?ISKEYDOWN8?BSP_KEY
  +--> ?PR?ISKEYDOWN9?BSP_KEY
  +--> ?PR?ISKEYDOWN_1AND6?BSP_KEY

?PR?ISKEYDOWN2?BSP_KEY                           -----    -----      -----    -----      -----    -----
  +--> ?PR?_ISKEYDOWN?BSP_KEY

?PR?ISKEYDOWN3?BSP_KEY                           -----    -----      -----    -----      -----    -----
  +--> ?PR?_ISKEYDOWN?BSP_KEY

?PR?ISKEYDOWN4?BSP_KEY                           -----    -----      -----    -----      -----    -----
  +--> ?PR?_ISKEYDOWN?BSP_KEY

?PR?ISKEYDOWN5?BSP_KEY                           -----    -----      -----    -----      -----    -----
  +--> ?PR?_ISKEYDOWN?BSP_KEY

?PR?ISKEYDOWN6?BSP_KEY                           -----    -----      -----    -----      -----    -----
  +--> ?PR?_ISKEYDOWN?BSP_KEY

?PR?ISKEYDOWN7?BSP_KEY                           -----    -----      -----    -----      -----    -----
  +--> ?PR?_ISKEYDOWN?BSP_KEY

?PR?ISKEYDOWN8?BSP_KEY                           -----    -----      -----    -----      -----    -----
  +--> ?PR?_ISKEYDOWN?BSP_KEY

?PR?ISKEYDOWN9?BSP_KEY                           -----    -----      -----    -----      -----    -----
  +--> ?PR?_ISKEYDOWN?BSP_KEY

?PR?ISKEYDOWN_1AND6?BSP_KEY                      -----    -----      -----    -----      -----    -----
  +--> ?PR?ISKEYDOWN1?BSP_KEY
BL51 BANKED LINKER/LOCATER V6.22                                                      11/19/2017  14:57:42  PAGE 7


  +--> ?PR?ISKEYDOWN6?BSP_KEY

?PR?KEY_BRIGHT_INITHARD?BSP_KEYBRIGHT            -----    -----      -----    -----      -----    -----
  +--> ?PR?KEY_BRIGHT_OFF?BSP_KEYBRIGHT

?PR?TIMER0_INITHARD?BSP_TIMER0                   -----    -----      -----    -----      -----    -----
  +--> ?PR?TIMER0_PARAMINIT?BSP_TIMER0

?PR?LCD_BRIGHT_INITHARD?BSP_LCDBRIGHT            -----    -----      -----    -----      -----    -----
  +--> ?PR?LCD_BRIGHT_ON?BSP_LCDBRIGHT

?PR?APP_2D4_INIT?APP_2D4                         -----    -----      -----    -----      -----    -----
  +--> ?PR?RF_INIT?BSP_2D4
  +--> ?PR?RF_RXMODE?BSP_2D4

?PR?RF_INIT?BSP_2D4                              -----    -----      -----    -----      0002H    0012H
  +--> ?CO?BSP_2D4
  +--> ?PR?SPI_INIT?BSP_2D4
  +--> ?PR?_RF_WRITEREG?BSP_2D4
  +--> ?PR?_RF_WRITEBUF?BSP_2D4

?PR?_RF_WRITEREG?BSP_2D4                         -----    -----      -----    -----      -----    -----
  +--> ?PR?_SPI_WW?BSP_2D4

?PR?_RF_WRITEBUF?BSP_2D4                         -----    -----      -----    -----      0014H    0005H
  +--> ?PR?_SPI_WW?BSP_2D4

?PR?RF_RXMODE?BSP_2D4                            -----    -----      -----    -----      -----    -----
  +--> ?PR?_RF_WRITEREG?BSP_2D4

?PR?APP_LCD_INIT?APP_LCD                         -----    -----      -----    -----      -----    -----
  +--> ?CO?APP_LCD

?PR?APP_WORK_INIT?APP_WORK                       -----    -----      -----    -----      -----    -----
  +--> ?PR?LCD_SHOW_BAZOOKA_ICO?BSP_DISPLAY

?PR?BSP_KEYSCAN?BSP_KEY                          -----    -----      -----    -----      0002H    0001H
  +--> ?PR?_BSP_DETECTKEY?BSP_KEY

?PR?_BSP_DETECTKEY?BSP_KEY                       -----    -----      -----    -----      0003H    0001H
  +--> ?PR?_BSP_PUTKEY?BSP_KEY

?PR?REPEAT_PRO?APP_REPEAT_EXE                    -----    -----      -----    -----      -----    -----
  +--> ?PR?REPEAT_STOP_EXE?APP_REPEAT_EXE
  +--> ?PR?REPEAT_START_EXE?APP_REPEAT_EXE

?PR?APP_LCD_PRO?APP_LCD                          -----    -----      -----    -----      -----    -----
  +--> ?PR?APP_REPEAT_ISENABLE?APP_REPEAT_EXE
  +--> ?PR?_LCD_SHOWSTRING?BSP_DISPLAY
  +--> ?PR?LCD_CLEAR_DOWNCOLON_ICO?BSP_DISPLAY
  +--> ?PR?LCD_CLEAR_UPCOLON_ICO?BSP_DISPLAY
  +--> ?PR?LCD_SHOW_UPCOLON_ICO?BSP_DISPLAY
  +--> ?PR?LCD_SHOW_DOWNCOLON_ICO?BSP_DISPLAY

?PR?_LCD_SHOWSTRING?BSP_DISPLAY                  0020H.0  0000H.1    -----    -----      0019H    0004H
  +--> ?PR?_STRLEN?STRLEN
  +--> ?PR?_LCD_SHOWCHAR?BSP_DISPLAY
BL51 BANKED LINKER/LOCATER V6.22                                                      11/19/2017  14:57:42  PAGE 8



?PR?_LCD_SHOWCHAR?BSP_DISPLAY                    -----    -----      -----    -----      -----    -----
  +--> ?PR?_LCD_CLEAR_MI?BSP_DISPLAY

?PR?APP_2D4_PRO?APP_2D4                          -----    -----      -----    -----      0002H    0001H
  +--> ?PR?UCRF_GETSTATUS?BSP_2D4
  +--> ?PR?RF_CLEARFIFO?BSP_2D4
  +--> ?PR?RF_CLEARSTATUS?BSP_2D4
  +--> ?PR?RF_RXMODE?BSP_2D4
  +--> ?PR?_RF_TXDATA?BSP_2D4
  +--> ?PR?_UCRF_DUMPRXDATA?BSP_2D4
  +--> ?PR?_APP_2D4_RCV?APP_2D4

?PR?UCRF_GETSTATUS?BSP_2D4                       -----    -----      -----    -----      -----    -----
  +--> ?PR?_UCRF_READREG?BSP_2D4

?PR?_UCRF_READREG?BSP_2D4                        -----    -----      -----    -----      -----    -----
  +--> ?PR?_SPI_WR?BSP_2D4
  +--> ?PR?UCSPI_READ?BSP_2D4

?PR?RF_CLEARFIFO?BSP_2D4                         -----    -----      -----    -----      -----    -----
  +--> ?PR?_RF_WRITEREG?BSP_2D4

?PR?RF_CLEARSTATUS?BSP_2D4                       -----    -----      -----    -----      -----    -----
  +--> ?PR?_RF_WRITEREG?BSP_2D4

?PR?_RF_TXDATA?BSP_2D4                           -----    -----      -----    -----      0003H    0002H
  +--> ?PR?UCRF_GETSTATUS?BSP_2D4
  +--> ?PR?_RF_WRITEBUF?BSP_2D4
  +--> ?PR?_RF_WRITEREG?BSP_2D4

?PR?_UCRF_DUMPRXDATA?BSP_2D4                     -----    -----      -----    -----      -----    -----
  +--> ?PR?UCRF_GETSTATUS?BSP_2D4
  +--> ?PR?_RF_WRITEREG?BSP_2D4
  +--> ?PR?_RF_READBUF?BSP_2D4
  +--> ?PR?RF_CLEARFIFO?BSP_2D4
  +--> ?PR?RF_CLEARSTATUS?BSP_2D4

?PR?_RF_READBUF?BSP_2D4                          -----    -----      -----    -----      0003H    0005H
  +--> ?PR?_SPI_WR?BSP_2D4
  +--> ?PR?UCSPI_READ?BSP_2D4

?PR?_APP_2D4_RCV?APP_2D4                         -----    -----      -----    -----      0003H    0006H
  +--> ?PR?REPEAT_STOP?APP_REPEAT_EXE
  +--> ?PR?LCD_CLEAR_DOWNCOLON_ICO?BSP_DISPLAY
  +--> ?PR?LCD_CLEAR_UPCOLON_ICO?BSP_DISPLAY
  +--> ?PR?LCD_CLEAR_MHZ_ICO?BSP_DISPLAY
  +--> ?PR?LCD_CLEAR_FM_ICO?BSP_DISPLAY
  +--> ?PR?LCD_CLEAR_USB_ICO?BSP_DISPLAY
  +--> ?PR?LCD_CLEAR_AUX_ICO?BSP_DISPLAY
  +--> ?PR?LCD_CLEAR_BLUETOOTH_ICO?BSP_DISPLAY
  +--> ?PR?SPEAKER_STATUS_RESP?APP_2D4
  +--> ?PR?_REPEAT_SETSTART?APP_REPEAT_EXE
  +--> ?PR?_REPEAT_SETSTOP?APP_REPEAT_EXE
  +--> ?PR?LCD_SHOW_BLUETOOTH_ICO?BSP_DISPLAY
  +--> ?CO?APP_2D4
  +--> ?PR?PRINTF?PRINTF
BL51 BANKED LINKER/LOCATER V6.22                                                      11/19/2017  14:57:42  PAGE 9


  +--> ?PR?LCD_CLEAR_ALL?BSP_DISPLAY
  +--> ?PR?BT_PAUSE_SHOW_LCD_RESP?APP_2D4
  +--> ?PR?CLEAR_LCD_RESP?APP_2D4
  +--> ?PR?LCD_SHOW_AUX_ICO?BSP_DISPLAY
  +--> ?PR?AUX_MUTE_SHOW_LCD_RESP?APP_2D4
  +--> ?PR?USB_PAUSE_SHOW_LCD_RESP?APP_2D4
  +--> ?PR?LED_SHOW_BLINK_NAME_SHOW_LCD_RESP...
  +--> ?PR?LED_CLEAR_BLINK_NAME_SHOW_LCD_RES...
  +--> ?PR?BT_PREV_SHOW_LCD_RESP?APP_2D4
  +--> ?PR?BT_NEXT_SHOW_LCD_RESP?APP_2D4
  +--> ?PR?FM_STATION_SHOW_LCD_RESP?APP_2D4
  +--> ?PR?USB_TRACK_SHOW_LCD_RESP?APP_2D4
  +--> ?PR?LCD_SHOW_USB_ICO?BSP_DISPLAY
  +--> ?PR?_STRLEN?STRLEN
  +--> ?PR?LCD_SHOW_FM_ICO?BSP_DISPLAY
  +--> ?PR?LCD_SHOW_MHZ_ICO?BSP_DISPLAY
  +--> ?PR?VOL_RESP?APP_2D4
  +--> ?PR?_APP_LCD_DEFAULT_STRING_SET?APP_LCD
  +--> ?PR?RELAY_STATUS_RESP?APP_2D4
  +--> ?PR?LCD_SHOW_LED_ICO?BSP_DISPLAY
  +--> ?PR?LCD_CLEAR_LED_ICO?BSP_DISPLAY
  +--> ?PR?_REPEAT_START?APP_REPEAT_EXE

?PR?REPEAT_STOP?APP_REPEAT_EXE                   -----    -----      -----    -----      -----    -----
  +--> ?PR?REPEAT_STOP_EXE?APP_REPEAT_EXE
  +--> ?PR?_REPEAT_SETSTART?APP_REPEAT_EXE
  +--> ?PR?_REPEAT_SETSTOP?APP_REPEAT_EXE

?PR?SPEAKER_STATUS_RESP?APP_2D4                  -----    -----      -----    -----      -----    -----
  +--> ?CO?APP_2D4
  +--> ?PR?_LCD_SHOWSTRING?BSP_DISPLAY

?PR?PRINTF?PRINTF                                0020H.0  0001H.1    0008H    0005H      0019H    0028H
  +--> ?PR?_PUTCHAR?COMMON

?PR?BT_PAUSE_SHOW_LCD_RESP?APP_2D4               -----    -----      -----    -----      -----    -----
  +--> ?CO?APP_2D4
  +--> ?PR?_LCD_SHOWSTRING?BSP_DISPLAY

?PR?CLEAR_LCD_RESP?APP_2D4                       -----    -----      -----    -----      -----    -----
  +--> ?CO?APP_2D4
  +--> ?PR?_LCD_SHOWSTRING?BSP_DISPLAY
  +--> ?PR?LCD_CLEAR_UPCOLON_ICO?BSP_DISPLAY
  +--> ?PR?LCD_CLEAR_DOWNCOLON_ICO?BSP_DISPLAY

?PR?AUX_MUTE_SHOW_LCD_RESP?APP_2D4               -----    -----      -----    -----      -----    -----
  +--> ?CO?APP_2D4
  +--> ?PR?_LCD_SHOWSTRING?BSP_DISPLAY

?PR?USB_PAUSE_SHOW_LCD_RESP?APP_2D4              -----    -----      -----    -----      -----    -----
  +--> ?CO?APP_2D4
  +--> ?PR?_LCD_SHOWSTRING?BSP_DISPLAY
  +--> ?PR?LCD_CLEAR_UPCOLON_ICO?BSP_DISPLAY
  +--> ?PR?LCD_CLEAR_DOWNCOLON_ICO?BSP_DISPLAY

?PR?LED_SHOW_BLINK_NAME_SHOW_LCD_RESP...         -----    -----      -----    -----      -----    -----
  +--> ?PR?_LCD_SHOWSTRING?BSP_DISPLAY
BL51 BANKED LINKER/LOCATER V6.22                                                      11/19/2017  14:57:42  PAGE 10


  +--> ?PR?LCD_CLEAR_UPCOLON_ICO?BSP_DISPLAY
  +--> ?PR?LCD_CLEAR_DOWNCOLON_ICO?BSP_DISPLAY

?PR?LED_CLEAR_BLINK_NAME_SHOW_LCD_RES...         -----    -----      -----    -----      -----    -----
  +--> ?CO?APP_2D4
  +--> ?PR?_LCD_SHOWSTRING?BSP_DISPLAY
  +--> ?PR?LCD_CLEAR_UPCOLON_ICO?BSP_DISPLAY
  +--> ?PR?LCD_CLEAR_DOWNCOLON_ICO?BSP_DISPLAY

?PR?BT_PREV_SHOW_LCD_RESP?APP_2D4                -----    -----      -----    -----      -----    -----
  +--> ?CO?APP_2D4
  +--> ?PR?_LCD_SHOWSTRING?BSP_DISPLAY
  +--> ?PR?LCD_CLEAR_UPCOLON_ICO?BSP_DISPLAY
  +--> ?PR?LCD_CLEAR_DOWNCOLON_ICO?BSP_DISPLAY

?PR?BT_NEXT_SHOW_LCD_RESP?APP_2D4                -----    -----      -----    -----      -----    -----
  +--> ?CO?APP_2D4
  +--> ?PR?_LCD_SHOWSTRING?BSP_DISPLAY
  +--> ?PR?LCD_CLEAR_UPCOLON_ICO?BSP_DISPLAY
  +--> ?PR?LCD_CLEAR_DOWNCOLON_ICO?BSP_DISPLAY

?PR?FM_STATION_SHOW_LCD_RESP?APP_2D4             -----    -----      -----    -----      -----    -----
  +--> ?CO?APP_2D4
  +--> ?PR?PRINTF?PRINTF
  +--> ?PR?_LCD_SHOWSTRING?BSP_DISPLAY
  +--> ?PR?LCD_CLEAR_MHZ_ICO?BSP_DISPLAY
  +--> ?PR?LCD_CLEAR_UPCOLON_ICO?BSP_DISPLAY
  +--> ?PR?LCD_SHOW_DOWNCOLON_ICO?BSP_DISPLAY

?PR?USB_TRACK_SHOW_LCD_RESP?APP_2D4              -----    -----      -----    -----      -----    -----
  +--> ?CO?APP_2D4
  +--> ?PR?PRINTF?PRINTF
  +--> ?PR?_LCD_SHOWSTRING?BSP_DISPLAY
  +--> ?PR?LCD_CLEAR_UPCOLON_ICO?BSP_DISPLAY
  +--> ?PR?LCD_CLEAR_DOWNCOLON_ICO?BSP_DISPLAY

?PR?VOL_RESP?APP_2D4                             -----    -----      -----    -----      0009H    0010H
  +--> ?CO?APP_2D4
  +--> ?PR?LCD_CLEAR_UPCOLON_ICO?BSP_DISPLAY
  +--> ?PR?LCD_CLEAR_DOWNCOLON_ICO?BSP_DISPLAY
  +--> ?PR?PRINTF?PRINTF
  +--> ?PR?_LCD_SHOWSTRING?BSP_DISPLAY

?PR?_APP_LCD_DEFAULT_STRING_SET?APP_LCD          -----    -----      -----    -----      0009H    0005H
  +--> ?PR?_STRNCPY?STRNCPY

?PR?_STRNCPY?STRNCPY                             -----    -----      -----    -----      000EH    000AH

?PR?RELAY_STATUS_RESP?APP_2D4                    -----    -----      -----    -----      -----    -----
  +--> ?CO?APP_2D4
  +--> ?PR?_LCD_SHOWSTRING?BSP_DISPLAY

?PR?_REPEAT_START?APP_REPEAT_EXE                 -----    -----      -----    -----      -----    -----
  +--> ?PR?REPEAT_START_EXE?APP_REPEAT_EXE

?PR?_APP_KEY_PRO?APP_KEY                         -----    -----      -----    -----      0002H    0003H
  +--> ?PR?_APP_2D4_SEND?APP_2D4
BL51 BANKED LINKER/LOCATER V6.22                                                      11/19/2017  14:57:42  PAGE 11



?PR?_APP_2D4_SEND?APP_2D4                        -----    -----      -----    -----      0005H    0004H
  +--> ?PR?RF_TXMODE?BSP_2D4

?PR?RF_TXMODE?BSP_2D4                            -----    -----      -----    -----      -----    -----
  +--> ?PR?_RF_WRITEREG?BSP_2D4



SYMBOL TABLE OF MODULE:  .\Out\Objects\project (MAIN)

  VALUE           TYPE          NAME
  ----------------------------------

  -------         MODULE        MAIN
  C:0000H         SYMBOL        _ICE_DUMMY_
  D:0080H         PUBLIC        P0
  D:0090H         PUBLIC        P1
  D:00A0H         PUBLIC        P2
  D:00B0H         PUBLIC        P3
  D:00D8H         PUBLIC        P5
  D:00A8H         PUBLIC        IE
  B:00E8H.7       PUBLIC        ADCF
  C:317EH         PUBLIC        ADC_ISR
  D:00B8H         PUBLIC        IP
  C:2E60H         PUBLIC        main
  D:0098H         PUBLIC        SCON
  D:0088H         PUBLIC        TCON
  D:00F8H         PUBLIC        SCON_1
  D:00E8H         PUBLIC        ADCCON0
  D:00C0H         PUBLIC        I2CON
  D:00C3H         PUBLIC        ADCRH
  D:00C8H         PUBLIC        T2CON
  D:00C2H         PUBLIC        ADCRL
  D:00D0H         PUBLIC        PSW
  -------         PROC          ADC_ISR
  C:317EH         LINE#         8
  C:318FH         LINE#         9
  C:318FH         LINE#         11
  C:3191H         LINE#         13
  C:31A1H         LINE#         14
  C:31BDH         LINE#         15
  C:31CBH         LINE#         17
  -------         ENDPROC       ADC_ISR
  -------         PROC          MAIN
  -------         DO            
  X:0000H         SYMBOL        ucKeyCode
  -------         DO            
  X:0001H         SYMBOL        i
  X:00BAH         SYMBOL        n
  X:00BBH         SYMBOL        cnt
  -------         ENDDO         
  -------         DO            
  X:00BBH         SYMBOL        cnt
  -------         ENDDO         
  -------         ENDDO         
  C:2E60H         LINE#         19
BL51 BANKED LINKER/LOCATER V6.22                                                      11/19/2017  14:57:42  PAGE 12


  C:2E60H         LINE#         21
  C:2E65H         LINE#         24
  C:2E68H         LINE#         29
  C:2E6BH         LINE#         30
  C:2E6EH         LINE#         31
  C:2E71H         LINE#         35
  C:2E71H         LINE#         36
  C:2E77H         LINE#         37
  C:2E79H         LINE#         39
  C:2E7CH         LINE#         40
  C:2E7CH         LINE#         41
  C:2E82H         LINE#         42
  C:2E84H         LINE#         45
  C:2E87H         LINE#         46
  C:2E87H         LINE#         47
  C:2E8DH         LINE#         48
  C:2E92H         LINE#         51
  C:2E96H         LINE#         56
  C:2E99H         LINE#         58
  C:2E9CH         LINE#         60
  C:2EA2H         LINE#         61
  C:2EA8H         LINE#         62
  C:2EAAH         LINE#         66
  C:2EAAH         LINE#         67
  C:2EADH         LINE#         68
  C:2EADH         LINE#         69
  C:2EB3H         LINE#         71
  C:2EB5H         LINE#         75
  C:2EBBH         LINE#         79
  C:2EBBH         LINE#         83
  C:2EC3H         LINE#         84
  C:2EC5H         LINE#         85
  C:2ECAH         LINE#         86
  C:2ECAH         LINE#         88
  -------         ENDPROC       MAIN
  -------         ENDMOD        MAIN

  -------         MODULE        APP_KEY
  C:0000H         SYMBOL        _ICE_DUMMY_
  D:0080H         PUBLIC        P0
  D:0090H         PUBLIC        P1
  D:00A0H         PUBLIC        P2
  D:00B0H         PUBLIC        P3
  D:00D8H         PUBLIC        P5
  D:00A8H         PUBLIC        IE
  D:00B8H         PUBLIC        IP
  C:1384H         PUBLIC        _app_key_pro
  D:0098H         PUBLIC        SCON
  D:0088H         PUBLIC        TCON
  D:00F8H         PUBLIC        SCON_1
  X:00BCH         SYMBOL        press_long_lock
  D:00E8H         PUBLIC        ADCCON0
  D:00C0H         PUBLIC        I2CON
  D:00C8H         PUBLIC        T2CON
  D:00D0H         PUBLIC        PSW
  -------         PROC          _APP_KEY_PRO
  X:0002H         SYMBOL        keyCode
BL51 BANKED LINKER/LOCATER V6.22                                                      11/19/2017  14:57:42  PAGE 13


  -------         DO            
  X:0003H         SYMBOL        index
  X:0004H         SYMBOL        i
  -------         ENDDO         
  C:1384H         LINE#         27
  C:1389H         LINE#         29
  C:138CH         LINE#         30
  C:138EH         LINE#         32
  C:1392H         LINE#         33
  C:139EH         LINE#         34
  C:1405H         LINE#         35
  C:1405H         LINE#         36
  C:140BH         LINE#         37
  C:1418H         LINE#         38
  C:1422H         LINE#         39
  C:142CH         LINE#         40
  C:1448H         LINE#         41
  C:1458H         LINE#         42
  C:145EH         LINE#         43
  C:145EH         LINE#         44
  C:1463H         LINE#         45
  C:1466H         LINE#         46
  C:1466H         LINE#         48
  C:1466H         LINE#         49
  C:1466H         LINE#         50
  C:146CH         LINE#         51
  C:1479H         LINE#         52
  C:1483H         LINE#         53
  C:148DH         LINE#         54
  C:14ACH         LINE#         55
  C:14BCH         LINE#         56
  C:14C2H         LINE#         57
  C:14C2H         LINE#         58
  C:14C2H         LINE#         60
  C:14C2H         LINE#         61
  C:14C2H         LINE#         62
  C:14CFH         LINE#         63
  C:14D9H         LINE#         64
  C:14E3H         LINE#         65
  C:1502H         LINE#         66
  C:1512H         LINE#         67
  C:1518H         LINE#         68
  C:1518H         LINE#         69
  C:1518H         LINE#         70
  C:1525H         LINE#         71
  C:152FH         LINE#         72
  C:1539H         LINE#         73
  C:1558H         LINE#         74
  C:1568H         LINE#         75
  C:156EH         LINE#         76
  C:156EH         LINE#         77
  C:156EH         LINE#         79
  C:156EH         LINE#         80
  C:156EH         LINE#         81
  C:157BH         LINE#         82
  C:1585H         LINE#         83
  C:158FH         LINE#         84
BL51 BANKED LINKER/LOCATER V6.22                                                      11/19/2017  14:57:42  PAGE 14


  C:15AEH         LINE#         85
  C:15BEH         LINE#         86
  C:15C4H         LINE#         87
  C:15C4H         LINE#         88
  C:15C4H         LINE#         89
  C:15D1H         LINE#         90
  C:15DBH         LINE#         91
  C:15E5H         LINE#         92
  C:1604H         LINE#         93
  C:1614H         LINE#         94
  C:161AH         LINE#         95
  C:161AH         LINE#         96
  C:161AH         LINE#         98
  C:161AH         LINE#         99
  C:161AH         LINE#         100
  C:1627H         LINE#         101
  C:1631H         LINE#         102
  C:163BH         LINE#         103
  C:165AH         LINE#         104
  C:166AH         LINE#         105
  C:1670H         LINE#         106
  C:1670H         LINE#         107
  C:1670H         LINE#         108
  C:167DH         LINE#         109
  C:1687H         LINE#         110
  C:1691H         LINE#         111
  C:16B0H         LINE#         112
  C:16C0H         LINE#         113
  C:16C6H         LINE#         114
  C:16C6H         LINE#         115
  C:16C6H         LINE#         117
  C:16C6H         LINE#         118
  C:16C6H         LINE#         119
  C:16D3H         LINE#         120
  C:16DDH         LINE#         121
  C:16E7H         LINE#         122
  C:1706H         LINE#         123
  C:1716H         LINE#         124
  C:171CH         LINE#         125
  C:171CH         LINE#         126
  C:171CH         LINE#         127
  C:1729H         LINE#         128
  C:1733H         LINE#         129
  C:173DH         LINE#         130
  C:175CH         LINE#         131
  C:176CH         LINE#         132
  C:1772H         LINE#         133
  C:1772H         LINE#         134
  C:1772H         LINE#         136
  C:1772H         LINE#         137
  C:1772H         LINE#         138
  C:177FH         LINE#         139
  C:1789H         LINE#         140
  C:1793H         LINE#         141
  C:179DH         LINE#         142
  C:17BCH         LINE#         143
  C:17CCH         LINE#         144
BL51 BANKED LINKER/LOCATER V6.22                                                      11/19/2017  14:57:42  PAGE 15


  C:17D2H         LINE#         145
  C:17D2H         LINE#         146
  C:17D2H         LINE#         148
  C:17D2H         LINE#         149
  C:17D2H         LINE#         151
  C:17D2H         LINE#         152
  C:17D2H         LINE#         153
  C:17DFH         LINE#         154
  C:17E9H         LINE#         155
  C:17F3H         LINE#         156
  C:1812H         LINE#         157
  C:1822H         LINE#         158
  C:1828H         LINE#         159
  C:1828H         LINE#         160
  C:1828H         LINE#         161
  C:1835H         LINE#         162
  C:183FH         LINE#         163
  C:1849H         LINE#         164
  C:1868H         LINE#         165
  C:1878H         LINE#         166
  C:187EH         LINE#         167
  C:187EH         LINE#         168
  C:187EH         LINE#         169
  C:188BH         LINE#         170
  C:1895H         LINE#         171
  C:189FH         LINE#         172
  C:18BBH         LINE#         173
  C:18CBH         LINE#         174
  C:18D1H         LINE#         175
  C:18D1H         LINE#         176
  C:18D1H         LINE#         178
  C:18D1H         LINE#         179
  C:18D1H         LINE#         181
  C:18D1H         LINE#         182
  C:18D1H         LINE#         183
  C:18DEH         LINE#         184
  C:18E8H         LINE#         185
  C:18F2H         LINE#         186
  C:190EH         LINE#         187
  C:191EH         LINE#         188
  C:1924H         LINE#         189
  C:1924H         LINE#         190
  C:1924H         LINE#         192
  C:1924H         LINE#         193
  C:1924H         LINE#         195
  C:1924H         LINE#         196
  C:1924H         LINE#         198
  C:1924H         LINE#         199
  C:1924H         LINE#         201
  C:1924H         LINE#         202
  C:1924H         LINE#         204
  C:1924H         LINE#         205
  C:1924H         LINE#         207
  C:1924H         LINE#         208
  C:1924H         LINE#         209
  C:192AH         LINE#         210
  C:192CH         LINE#         211
BL51 BANKED LINKER/LOCATER V6.22                                                      11/19/2017  14:57:42  PAGE 16


  C:1937H         LINE#         212
  C:1937H         LINE#         214
  -------         ENDPROC       _APP_KEY_PRO
  -------         ENDMOD        APP_KEY

  -------         MODULE        APP_WORK
  C:0000H         SYMBOL        _ICE_DUMMY_
  D:0080H         PUBLIC        P0
  D:0090H         PUBLIC        P1
  D:00A0H         PUBLIC        P2
  D:00B0H         PUBLIC        P3
  D:00D8H         PUBLIC        P5
  D:00A8H         PUBLIC        IE
  D:00B8H         PUBLIC        IP
  C:3C03H         SYMBOL        app_work_pro
  C:3C01H         PUBLIC        app_work_1s_pro
  D:0098H         PUBLIC        SCON
  D:0088H         PUBLIC        TCON
  D:00F8H         PUBLIC        SCON_1
  D:00E8H         PUBLIC        ADCCON0
  D:00C0H         PUBLIC        I2CON
  C:3BEFH         PUBLIC        app_work_Init
  I:000FH         PUBLIC        g_tWork
  D:00C8H         PUBLIC        T2CON
  C:3C02H         PUBLIC        app_work_100ms_pro
  D:00D0H         PUBLIC        PSW
  -------         PROC          APP_WORK_INIT
  C:3BEFH         LINE#         14
  C:3BEFH         LINE#         16
  -------         ENDPROC       APP_WORK_INIT
  -------         PROC          APP_WORK_1S_PRO
  C:3C01H         LINE#         19
  C:3C01H         LINE#         21
  -------         ENDPROC       APP_WORK_1S_PRO
  -------         PROC          APP_WORK_100MS_PRO
  C:3C02H         LINE#         22
  C:3C02H         LINE#         24
  -------         ENDPROC       APP_WORK_100MS_PRO
  -------         PROC          APP_WORK_PRO
  C:3C03H         LINE#         26
  C:3C03H         LINE#         28
  -------         ENDPROC       APP_WORK_PRO
  -------         ENDMOD        APP_WORK

  -------         MODULE        APP_REPEAT_EXE
  C:0000H         SYMBOL        _ICE_DUMMY_
  D:0080H         PUBLIC        P0
  D:0090H         PUBLIC        P1
  D:00A0H         PUBLIC        P2
  D:00B0H         PUBLIC        P3
  C:3AAEH         PUBLIC        _Repeat_SetStart
  D:00D8H         PUBLIC        P5
  D:00A8H         PUBLIC        IE
  C:0051H         PUBLIC        app_repeat_IsEnable
  C:39B4H         SYMBOL        Repeat_Stop_exe
  D:00B8H         PUBLIC        IP
  C:3ABAH         PUBLIC        _Repeat_SetStop
BL51 BANKED LINKER/LOCATER V6.22                                                      11/19/2017  14:57:42  PAGE 17


  X:0054H         SYMBOL        g_tRepeat
  D:0098H         PUBLIC        SCON
  D:0088H         PUBLIC        TCON
  D:00F8H         PUBLIC        SCON_1
  C:356AH         PUBLIC        _Repeat_Start
  D:00E8H         PUBLIC        ADCCON0
  D:00C0H         PUBLIC        I2CON
  D:00C8H         PUBLIC        T2CON
  C:391DH         PUBLIC        Repeat_Stop
  C:2A74H         PUBLIC        Repeat_Pro
  C:39A4H         SYMBOL        Repeat_Start_exe
  D:00D0H         PUBLIC        PSW
  -------         PROC          _REPEAT_SETSTART
  D:0001H         SYMBOL        fun
  C:3AAEH         LINE#         12
  C:3AAEH         LINE#         13
  C:3AB9H         LINE#         14
  -------         ENDPROC       _REPEAT_SETSTART
  -------         PROC          _REPEAT_SETSTOP
  D:0001H         SYMBOL        fun
  C:3ABAH         LINE#         16
  C:3ABAH         LINE#         17
  C:3AC5H         LINE#         18
  -------         ENDPROC       _REPEAT_SETSTOP
  -------         PROC          REPEAT_START_EXE
  C:39A4H         LINE#         20
  C:39A4H         LINE#         21
  C:39B0H         LINE#         22
  C:39B3H         LINE#         23
  C:39B3H         LINE#         24
  -------         ENDPROC       REPEAT_START_EXE
  -------         PROC          REPEAT_STOP_EXE
  C:39B4H         LINE#         26
  C:39B4H         LINE#         27
  C:39C0H         LINE#         28
  C:39C3H         LINE#         29
  C:39C3H         LINE#         30
  -------         ENDPROC       REPEAT_STOP_EXE
  -------         PROC          _REPEAT_START
  D:0006H         SYMBOL        _usStartTime
  D:0004H         SYMBOL        _usStopTime
  D:0002H         SYMBOL        _usCycle
  C:356AH         LINE#         42
  C:356AH         LINE#         43
  C:356AH         LINE#         44
  C:356EH         LINE#         46
  C:356EH         LINE#         48
  C:3576H         LINE#         49
  C:357EH         LINE#         50
  C:3586H         LINE#         51
  C:358BH         LINE#         52
  C:358FH         LINE#         53
  C:3593H         LINE#         54
  C:3598H         LINE#         56
  C:359BH         LINE#         57
  -------         ENDPROC       _REPEAT_START
  -------         PROC          REPEAT_STOP
BL51 BANKED LINKER/LOCATER V6.22                                                      11/19/2017  14:57:42  PAGE 18


  C:391DH         LINE#         67
  C:391DH         LINE#         68
  C:3922H         LINE#         69
  C:3925H         LINE#         70
  C:392EH         LINE#         71
  -------         ENDPROC       REPEAT_STOP
  -------         PROC          APP_REPEAT_ISENABLE
  C:0051H         LINE#         75
  C:0051H         LINE#         76
  C:0057H         LINE#         77
  C:0059H         LINE#         78
  C:0059H         LINE#         79
  C:005AH         LINE#         80
  -------         ENDPROC       APP_REPEAT_ISENABLE
  -------         PROC          REPEAT_PRO
  C:2A74H         LINE#         90
  C:2A74H         LINE#         92
  C:2A8BH         LINE#         94
  C:2A8BH         LINE#         96
  C:2A91H         LINE#         97
  C:2A9DH         LINE#         98
  C:2A9DH         LINE#         99
  C:2AB6H         LINE#         100
  C:2AB9H         LINE#         101
  C:2AC0H         LINE#         102
  C:2AC5H         LINE#         103
  C:2AC5H         LINE#         104
  C:2AC6H         LINE#         106
  C:2AC6H         LINE#         107
  C:2ACEH         LINE#         108
  C:2AE6H         LINE#         110
  C:2AF5H         LINE#         111
  C:2B08H         LINE#         113
  C:2B0DH         LINE#         114
  C:2B0DH         LINE#         116
  C:2B13H         LINE#         117
  C:2B1AH         LINE#         119
  C:2B1AH         LINE#         120
  C:2B1AH         LINE#         121
  C:2B21H         LINE#         122
  C:2B25H         LINE#         124
  C:2B28H         LINE#         125
  C:2B28H         LINE#         126
  C:2B28H         LINE#         128
  -------         ENDPROC       REPEAT_PRO
  -------         ENDMOD        APP_REPEAT_EXE

  -------         MODULE        APP_2D4
  C:0000H         SYMBOL        _ICE_DUMMY_
  D:0080H         PUBLIC        P0
  D:0090H         PUBLIC        P1
  D:00A0H         PUBLIC        P2
  D:00B0H         PUBLIC        P3
  C:36E8H         PUBLIC        app_2d4_init
  D:00D8H         PUBLIC        P5
  C:39F1H         SYMBOL        BT_prev_show_lcd_resp
  D:00A8H         PUBLIC        IE
BL51 BANKED LINKER/LOCATER V6.22                                                      11/19/2017  14:57:42  PAGE 19


  C:3A0FH         SYMBOL        LED_clear_blink_name_show_lcd_resp
  C:39E2H         SYMBOL        BT_next_show_lcd_resp
  C:38DCH         SYMBOL        speaker_status_resp
  D:00B8H         PUBLIC        IP
  C:2C65H         PUBLIC        app_2d4_pro
  D:0098H         PUBLIC        SCON
  D:0088H         PUBLIC        TCON
  C:359CH         SYMBOL        USB_track_show_lcd_resp
  C:39C4H         SYMBOL        clear_lcd_resp
  C:39D3H         SYMBOL        USB_pause_show_lcd_resp
  C:27E5H         SYMBOL        _?ix1000
  D:00F8H         PUBLIC        SCON_1
  C:38F2H         SYMBOL        relay_status_resp
  C:3A00H         SYMBOL        LED_show_blink_name_show_lcd_resp
  I:009DH         PUBLIC        sendBuf
  C:3504H         SYMBOL        FM_station_show_lcd_resp
  I:00ADH         SYMBOL        sendRcv_flag
  D:00E8H         PUBLIC        ADCCON0
  D:00C0H         PUBLIC        I2CON
  C:3AF0H         SYMBOL        AUX_mute_show_lcd_resp
  D:00C8H         PUBLIC        T2CON
  I:00AEH         SYMBOL        rcvBuf
  C:3AE7H         SYMBOL        BT_pause_show_lcd_resp
  C:000EH         SYMBOL        vol_resp
  X:0077H         SYMBOL        tmpBuf
  C:005EH         SYMBOL        _app_2d4_Rcv
  C:333AH         PUBLIC        _app_2d4_send
  D:00D0H         PUBLIC        PSW
  -------         PROC          APP_2D4_INIT
  C:36E8H         LINE#         23
  C:36E8H         LINE#         25
  C:36ECH         LINE#         26
  C:36F8H         LINE#         27
  C:3707H         LINE#         29
  C:370AH         LINE#         30
  -------         ENDPROC       APP_2D4_INIT
  -------         PROC          _APP_2D4_SEND
  X:0005H         SYMBOL        d
  X:0008H         SYMBOL        len
  C:333AH         LINE#         35
  C:3348H         LINE#         37
  C:334DH         LINE#         39
  C:334DH         LINE#         41
  C:3350H         LINE#         42
  C:3354H         LINE#         44
  C:336FH         LINE#         45
  C:338AH         LINE#         46
  C:338AH         LINE#         48
  -------         ENDPROC       _APP_2D4_SEND
  -------         PROC          SPEAKER_STATUS_RESP
  C:38DCH         LINE#         49
  C:38DCH         LINE#         50
  C:38E4H         LINE#         51
  C:38E8H         LINE#         52
  C:38EAH         LINE#         53
  C:38F1H         LINE#         54
  C:38F1H         LINE#         55
BL51 BANKED LINKER/LOCATER V6.22                                                      11/19/2017  14:57:42  PAGE 20


  -------         ENDPROC       SPEAKER_STATUS_RESP
  -------         PROC          RELAY_STATUS_RESP
  C:38F2H         LINE#         56
  C:38F2H         LINE#         57
  C:38FAH         LINE#         58
  C:38FEH         LINE#         59
  C:3900H         LINE#         60
  C:3907H         LINE#         61
  C:3907H         LINE#         63
  -------         ENDPROC       RELAY_STATUS_RESP
  -------         PROC          VOL_RESP
  -------         DO            
  X:0009H         SYMBOL        str
  -------         ENDDO         
  C:000EH         LINE#         64
  C:000EH         LINE#         65
  C:0021H         LINE#         68
  C:0024H         LINE#         69
  C:0027H         LINE#         71
  C:0048H         LINE#         72
  -------         ENDPROC       VOL_RESP
  -------         PROC          CLEAR_LCD_RESP
  C:39C4H         LINE#         75
  C:39C4H         LINE#         76
  C:39CDH         LINE#         78
  C:39D0H         LINE#         79
  -------         ENDPROC       CLEAR_LCD_RESP
  -------         PROC          BT_PAUSE_SHOW_LCD_RESP
  C:3AE7H         LINE#         81
  C:3AE7H         LINE#         82
  -------         ENDPROC       BT_PAUSE_SHOW_LCD_RESP
  -------         PROC          AUX_MUTE_SHOW_LCD_RESP
  C:3AF0H         LINE#         102
  C:3AF0H         LINE#         103
  -------         ENDPROC       AUX_MUTE_SHOW_LCD_RESP
  -------         PROC          USB_PAUSE_SHOW_LCD_RESP
  C:39D3H         LINE#         107
  C:39D3H         LINE#         108
  C:39DCH         LINE#         109
  C:39DFH         LINE#         110
  -------         ENDPROC       USB_PAUSE_SHOW_LCD_RESP
  -------         PROC          BT_NEXT_SHOW_LCD_RESP
  C:39E2H         LINE#         119
  C:39E2H         LINE#         120
  C:39EBH         LINE#         121
  C:39EEH         LINE#         122
  -------         ENDPROC       BT_NEXT_SHOW_LCD_RESP
  -------         PROC          BT_PREV_SHOW_LCD_RESP
  C:39F1H         LINE#         124
  C:39F1H         LINE#         125
  C:39FAH         LINE#         126
  C:39FDH         LINE#         127
  -------         ENDPROC       BT_PREV_SHOW_LCD_RESP
  -------         PROC          FM_STATION_SHOW_LCD_RESP
  C:3504H         LINE#         129
  C:3504H         LINE#         130
  C:3525H         LINE#         131
BL51 BANKED LINKER/LOCATER V6.22                                                      11/19/2017  14:57:42  PAGE 21


  C:352EH         LINE#         132
  C:3531H         LINE#         133
  C:3534H         LINE#         134
  -------         ENDPROC       FM_STATION_SHOW_LCD_RESP
  -------         PROC          USB_TRACK_SHOW_LCD_RESP
  C:359CH         LINE#         136
  C:359CH         LINE#         137
  C:35BFH         LINE#         138
  C:35C8H         LINE#         139
  C:35CBH         LINE#         140
  -------         ENDPROC       USB_TRACK_SHOW_LCD_RESP
  -------         PROC          LED_SHOW_BLINK_NAME_SHOW_LCD_RESP
  C:3A00H         LINE#         142
  C:3A00H         LINE#         144
  C:3A09H         LINE#         146
  C:3A0CH         LINE#         147
  -------         ENDPROC       LED_SHOW_BLINK_NAME_SHOW_LCD_RESP
  -------         PROC          LED_CLEAR_BLINK_NAME_SHOW_LCD_RESP
  C:3A0FH         LINE#         149
  C:3A0FH         LINE#         151
  C:3A18H         LINE#         152
  C:3A1BH         LINE#         153
  -------         ENDPROC       LED_CLEAR_BLINK_NAME_SHOW_LCD_RESP
  -------         PROC          _APP_2D4_RCV
  X:0003H         SYMBOL        buf
  -------         DO            
  X:0006H         SYMBOL        i
  X:0007H         SYMBOL        index
  X:0008H         SYMBOL        check
  -------         DO            
  B:0021H.1       SYMBOL        aux_pause_lock
  -------         ENDDO         
  -------         ENDDO         
  C:005EH         LINE#         158
  C:0069H         LINE#         159
  C:006CH         LINE#         160
  C:006EH         LINE#         161
  C:0070H         LINE#         163
  C:007AH         LINE#         165
  C:007AH         LINE#         167
  C:0093H         LINE#         169
  C:0093H         LINE#         170
  C:00BFH         LINE#         171
  C:00D4H         LINE#         172
  C:00DCH         LINE#         173
  C:0102H         LINE#         175
  C:0102H         LINE#         181
  C:0111H         LINE#         182
  C:0116H         LINE#         184
  C:0155H         LINE#         185
  C:0155H         LINE#         186
  C:0158H         LINE#         188
  C:015BH         LINE#         189
  C:015EH         LINE#         191
  C:0161H         LINE#         192
  C:0164H         LINE#         193
  C:0167H         LINE#         194
BL51 BANKED LINKER/LOCATER V6.22                                                      11/19/2017  14:57:42  PAGE 22


  C:016AH         LINE#         195
  C:016DH         LINE#         197
  C:0182H         LINE#         198
  C:0188H         LINE#         199
  C:0191H         LINE#         200
  C:019AH         LINE#         201
  C:01A4H         LINE#         202
  C:01BFH         LINE#         203
  C:01C5H         LINE#         204
  C:01CEH         LINE#         205
  C:01D7H         LINE#         206
  C:01DFH         LINE#         207
  C:01DFH         LINE#         208
  C:01E2H         LINE#         209
  C:01E2H         LINE#         230
  C:01E2H         LINE#         231
  C:01E2H         LINE#         232
  C:0200H         LINE#         233
  C:0200H         LINE#         235
  C:0207H         LINE#         236
  C:020AH         LINE#         237
  C:020EH         LINE#         238
  C:020EH         LINE#         239
  C:0211H         LINE#         240
  C:0214H         LINE#         241
  C:0217H         LINE#         242
  C:021AH         LINE#         244
  C:021DH         LINE#         245
  C:0231H         LINE#         246
  C:023EH         LINE#         247
  C:0254H         LINE#         248
  C:0261H         LINE#         249
  C:0277H         LINE#         250
  C:0284H         LINE#         251
  C:029AH         LINE#         252
  C:02B1H         LINE#         253
  C:02B1H         LINE#         254
  C:02B1H         LINE#         255
  C:02B4H         LINE#         256
  C:02B4H         LINE#         257
  C:02B4H         LINE#         259
  C:02B4H         LINE#         261
  C:02B4H         LINE#         263
  C:02B4H         LINE#         265
  C:02B4H         LINE#         267
  C:02B7H         LINE#         268
  C:02BAH         LINE#         271
  C:02FAH         LINE#         275
  C:02FDH         LINE#         276
  C:02FDH         LINE#         278
  C:02FDH         LINE#         279
  C:02FDH         LINE#         281
  C:02FDH         LINE#         282
  C:02FDH         LINE#         284
  C:02FDH         LINE#         285
  C:02FDH         LINE#         286
  C:02FDH         LINE#         287
BL51 BANKED LINKER/LOCATER V6.22                                                      11/19/2017  14:57:42  PAGE 23


  C:02FDH         LINE#         288
  C:02FDH         LINE#         289
  C:02FDH         LINE#         290
  C:032BH         LINE#         291
  C:032BH         LINE#         292
  C:0334H         LINE#         293
  C:0334H         LINE#         299
  C:034FH         LINE#         300
  C:0358H         LINE#         301
  C:0361H         LINE#         302
  C:0369H         LINE#         303
  C:0369H         LINE#         304
  C:036CH         LINE#         305
  C:036CH         LINE#         306
  C:0381H         LINE#         307
  C:038EH         LINE#         308
  C:038EH         LINE#         309
  C:03A3H         LINE#         313
  C:03A3H         LINE#         314
  C:03A6H         LINE#         315
  C:03A6H         LINE#         316
  C:03A6H         LINE#         318
  C:03A9H         LINE#         319
  C:03ACH         LINE#         321
  C:03AFH         LINE#         322
  C:03B2H         LINE#         323
  C:03B5H         LINE#         324
  C:03B8H         LINE#         325
  C:03BBH         LINE#         327
  C:03BEH         LINE#         328
  C:03D3H         LINE#         329
  C:03D6H         LINE#         330
  C:03D9H         LINE#         331
  C:03DBH         LINE#         332
  C:03DBH         LINE#         333
  C:03F2H         LINE#         334
  C:03F2H         LINE#         335
  C:040DH         LINE#         336
  C:040FH         LINE#         337
  C:0418H         LINE#         338
  C:0421H         LINE#         339
  C:0429H         LINE#         340
  C:0429H         LINE#         341
  C:0429H         LINE#         342
  C:042CH         LINE#         343
  C:042CH         LINE#         344
  C:0440H         LINE#         345
  C:0443H         LINE#         349
  C:045EH         LINE#         350
  C:0467H         LINE#         351
  C:0470H         LINE#         352
  C:0478H         LINE#         353
  C:0478H         LINE#         354
  C:047BH         LINE#         355
  C:047BH         LINE#         356
  C:0490H         LINE#         357
  C:04A4H         LINE#         358
BL51 BANKED LINKER/LOCATER V6.22                                                      11/19/2017  14:57:42  PAGE 24


  C:04ADH         LINE#         359
  C:04B6H         LINE#         360
  C:04BEH         LINE#         362
  C:04C1H         LINE#         363
  C:04C1H         LINE#         367
  C:04C1H         LINE#         368
  C:04C4H         LINE#         369
  C:04C4H         LINE#         370
  C:04C4H         LINE#         371
  C:04C4H         LINE#         373
  C:04C4H         LINE#         374
  C:04C4H         LINE#         375
  C:04EDH         LINE#         376
  C:04EDH         LINE#         377
  C:04F6H         LINE#         378
  C:04FFH         LINE#         379
  C:0508H         LINE#         380
  C:0512H         LINE#         381
  C:052DH         LINE#         382
  C:0536H         LINE#         383
  C:053FH         LINE#         384
  C:0549H         LINE#         385
  C:0549H         LINE#         386
  C:054CH         LINE#         387
  C:054CH         LINE#         388
  C:054FH         LINE#         389
  C:0563H         LINE#         390
  C:056CH         LINE#         391
  C:0575H         LINE#         392
  C:057FH         LINE#         393
  C:0582H         LINE#         394
  C:0582H         LINE#         395
  C:0582H         LINE#         396
  C:0582H         LINE#         397
  C:0599H         LINE#         398
  C:05A6H         LINE#         399
  C:05AFH         LINE#         400
  C:05B8H         LINE#         401
  C:05C2H         LINE#         403
  C:05C5H         LINE#         404
  C:05C5H         LINE#         405
  C:05D1H         LINE#         406
  C:05D4H         LINE#         407
  C:05D4H         LINE#         408
  C:05D4H         LINE#         409
  C:05D4H         LINE#         410
  C:05D4H         LINE#         411
  C:05D4H         LINE#         412
  C:05D4H         LINE#         413
  C:05D4H         LINE#         414
  C:05DBH         LINE#         415
  C:05DEH         LINE#         416
  C:05E2H         LINE#         417
  C:05E2H         LINE#         418
  C:05E5H         LINE#         419
  C:05E8H         LINE#         420
  C:05EBH         LINE#         421
BL51 BANKED LINKER/LOCATER V6.22                                                      11/19/2017  14:57:42  PAGE 25


  C:05EEH         LINE#         423
  C:05F1H         LINE#         424
  C:060DH         LINE#         425
  C:0616H         LINE#         426
  C:0618H         LINE#         428
  C:0653H         LINE#         429
  C:0653H         LINE#         430
  C:0669H         LINE#         431
  C:066CH         LINE#         432
  C:066CH         LINE#         433
  C:0673H         LINE#         434
  C:0676H         LINE#         435
  C:067AH         LINE#         436
  C:067AH         LINE#         438
  C:067DH         LINE#         439
  C:0680H         LINE#         440
  C:0683H         LINE#         441
  C:0686H         LINE#         443
  C:0689H         LINE#         444
  C:068CH         LINE#         446
  C:06A3H         LINE#         447
  C:06B1H         LINE#         448
  C:06CFH         LINE#         449
  C:06D8H         LINE#         450
  C:06DAH         LINE#         451
  C:0715H         LINE#         452
  C:0715H         LINE#         453
  C:072BH         LINE#         454
  C:072EH         LINE#         455
  C:072EH         LINE#         456
  C:0744H         LINE#         457
  C:074DH         LINE#         458
  C:0756H         LINE#         459
  C:0760H         LINE#         460
  C:0763H         LINE#         462
  C:0763H         LINE#         463
  C:0778H         LINE#         464
  C:078CH         LINE#         465
  C:0795H         LINE#         466
  C:079EH         LINE#         467
  C:07A6H         LINE#         468
  C:07A9H         LINE#         469
  C:07C3H         LINE#         470
  C:07CCH         LINE#         471
  C:07D5H         LINE#         472
  C:07DFH         LINE#         473
  C:07DFH         LINE#         474
  C:07E2H         LINE#         475
  C:07E2H         LINE#         476
  C:07E5H         LINE#         477
  C:07E8H         LINE#         478
  C:07FEH         LINE#         479
  C:0802H         LINE#         480
  C:0804H         LINE#         481
  C:0808H         LINE#         482
  C:0808H         LINE#         483
  C:0811H         LINE#         484
BL51 BANKED LINKER/LOCATER V6.22                                                      11/19/2017  14:57:42  PAGE 26


  C:081AH         LINE#         485
  C:0824H         LINE#         486
  C:0827H         LINE#         487
  C:0827H         LINE#         500
  C:083FH         LINE#         501
  C:0842H         LINE#         502
  C:0857H         LINE#         503
  C:086BH         LINE#         504
  C:087AH         LINE#         505
  C:0887H         LINE#         506
  C:0897H         LINE#         507
  C:0897H         LINE#         508
  C:089FH         LINE#         509
  C:08A8H         LINE#         510
  C:08B1H         LINE#         511
  C:08BAH         LINE#         512
  C:08BDH         LINE#         514
  C:08D4H         LINE#         519
  C:08D4H         LINE#         520
  C:08D7H         LINE#         521
  C:08DAH         LINE#         522
  C:08DAH         LINE#         523
  C:08DDH         LINE#         524
  C:08DDH         LINE#         525
  C:08FAH         LINE#         526
  C:0914H         LINE#         527
  C:091DH         LINE#         528
  C:0926H         LINE#         529
  C:0932H         LINE#         530
  C:0934H         LINE#         531
  C:0934H         LINE#         532
  C:0951H         LINE#         533
  C:096BH         LINE#         534
  C:0974H         LINE#         535
  C:097DH         LINE#         536
  C:098CH         LINE#         537
  C:098FH         LINE#         538
  C:098FH         LINE#         539
  C:0992H         LINE#         540
  C:0995H         LINE#         541
  C:0998H         LINE#         542
  C:099BH         LINE#         543
  C:099EH         LINE#         544
  C:09A1H         LINE#         545
  C:09A4H         LINE#         547
  C:09C0H         LINE#         548
  C:09C0H         LINE#         549
  C:09C3H         LINE#         550
  C:09D7H         LINE#         551
  C:09E3H         LINE#         552
  C:09F9H         LINE#         553
  C:0A08H         LINE#         554
  C:0A08H         LINE#         555
  C:0A1EH         LINE#         556
  C:0A20H         LINE#         557
  C:0A20H         LINE#         559
  C:0A20H         LINE#         560
BL51 BANKED LINKER/LOCATER V6.22                                                      11/19/2017  14:57:42  PAGE 27


  C:0A20H         LINE#         561
  C:0A23H         LINE#         562
  C:0A37H         LINE#         563
  C:0A43H         LINE#         564
  C:0A59H         LINE#         565
  C:0A68H         LINE#         566
  C:0A68H         LINE#         567
  C:0A81H         LINE#         568
  C:0A81H         LINE#         569
  C:0A81H         LINE#         571
  C:0A81H         LINE#         572
  C:0A81H         LINE#         573
  C:0A81H         LINE#         574
  C:0A81H         LINE#         576
  C:0A87H         LINE#         577
  C:0A89H         LINE#         579
  C:0A89H         LINE#         581
  -------         ENDPROC       _APP_2D4_RCV
  -------         PROC          APP_2D4_PRO
  -------         DO            
  X:0002H         SYMBOL        i
  -------         ENDDO         
  C:2C65H         LINE#         583
  C:2C65H         LINE#         584
  C:2C6AH         LINE#         585
  C:2C6FH         LINE#         586
  C:2C7FH         LINE#         587
  C:2C7FH         LINE#         589
  C:2C82H         LINE#         590
  C:2C85H         LINE#         592
  C:2C89H         LINE#         594
  C:2C8DH         LINE#         595
  C:2C8EH         LINE#         596
  C:2C8FH         LINE#         597
  C:2C99H         LINE#         599
  C:2C9CH         LINE#         601
  C:2CA1H         LINE#         602
  C:2CA2H         LINE#         603
  C:2CA3H         LINE#         604
  C:2CAEH         LINE#         607
  C:2CAEH         LINE#         608
  C:2CAEH         LINE#         610
  C:2CAEH         LINE#         611
  C:2CAEH         LINE#         612
  C:2CB0H         LINE#         613
  C:2CB0H         LINE#         615
  C:2CB3H         LINE#         616
  C:2CB6H         LINE#         617
  C:2CB6H         LINE#         618
  C:2CB6H         LINE#         620
  C:2CBBH         LINE#         621
  C:2CBCH         LINE#         622
  C:2CBDH         LINE#         623
  C:2CC7H         LINE#         625
  C:2CD2H         LINE#         627
  C:2CD2H         LINE#         628
  C:2CD2H         LINE#         630
BL51 BANKED LINKER/LOCATER V6.22                                                      11/19/2017  14:57:42  PAGE 28


  C:2CD2H         LINE#         631
  C:2CE0H         LINE#         633
  C:2CE9H         LINE#         634
  C:2CE9H         LINE#         636
  C:2CE9H         LINE#         638
  -------         ENDPROC       APP_2D4_PRO
  -------         ENDMOD        APP_2D4

  -------         MODULE        APP_LCD
  C:0000H         SYMBOL        _ICE_DUMMY_
  D:0080H         PUBLIC        P0
  D:0090H         PUBLIC        P1
  D:00A0H         PUBLIC        P2
  D:00B0H         PUBLIC        P3
  D:00D8H         PUBLIC        P5
  C:3411H         PUBLIC        app_lcd_pro
  D:00A8H         PUBLIC        IE
  D:00B8H         PUBLIC        IP
  D:0098H         PUBLIC        SCON
  D:0088H         PUBLIC        TCON
  X:0066H         SYMBOL        dotn
  D:00F8H         PUBLIC        SCON_1
  C:32E7H         PUBLIC        _app_lcd_default_string_set
  D:00E8H         PUBLIC        ADCCON0
  D:00C0H         PUBLIC        I2CON
  D:00C8H         PUBLIC        T2CON
  C:3931H         PUBLIC        app_lcd_init
  X:0067H         SYMBOL        lcd_default_string
  D:00D0H         PUBLIC        PSW
  -------         PROC          APP_LCD_INIT
  C:3931H         LINE#         13
  C:3931H         LINE#         14
  C:3936H         LINE#         15
  -------         ENDPROC       APP_LCD_INIT
  -------         PROC          _APP_LCD_DEFAULT_STRING_SET
  X:0009H         SYMBOL        s
  X:000CH         SYMBOL        len
  X:000DH         SYMBOL        _dotn
  C:32E7H         LINE#         17
  C:32F5H         LINE#         18
  C:331BH         LINE#         19
  C:3325H         LINE#         20
  C:3331H         LINE#         21
  C:3331H         LINE#         22
  C:3339H         LINE#         23
  -------         ENDPROC       _APP_LCD_DEFAULT_STRING_SET
  -------         PROC          APP_LCD_PRO
  C:3411H         LINE#         25
  C:3411H         LINE#         27
  C:3416H         LINE#         28
  C:341FH         LINE#         29
  C:3425H         LINE#         30
  C:3428H         LINE#         31
  C:342BH         LINE#         32
  C:3432H         LINE#         33
  C:3435H         LINE#         34
  C:3435H         LINE#         35
BL51 BANKED LINKER/LOCATER V6.22                                                      11/19/2017  14:57:42  PAGE 29


  C:343EH         LINE#         36
  C:3441H         LINE#         37
  C:3444H         LINE#         39
  C:344BH         LINE#         40
  C:344EH         LINE#         41
  C:3451H         LINE#         42
  C:3451H         LINE#         43
  C:3451H         LINE#         45
  -------         ENDPROC       APP_LCD_PRO
  -------         ENDMOD        APP_LCD

  -------         MODULE        BSP
  C:0000H         SYMBOL        _ICE_DUMMY_
  D:0080H         PUBLIC        P0
  D:0090H         PUBLIC        P1
  D:00A0H         PUBLIC        P2
  D:00B0H         PUBLIC        P3
  D:00D8H         PUBLIC        P5
  B:00A8H.7       PUBLIC        EA
  D:00A8H         PUBLIC        IE
  D:00B8H         PUBLIC        IP
  B:0021H.2       PUBLIC        BIT_TMP
  D:0098H         PUBLIC        SCON
  D:0088H         PUBLIC        TCON
  C:3858H         PUBLIC        bsp_Init
  D:00F8H         PUBLIC        SCON_1
  D:00E8H         PUBLIC        ADCCON0
  D:00C0H         PUBLIC        I2CON
  D:00C8H         PUBLIC        T2CON
  D:00D0H         PUBLIC        PSW
  -------         PROC          BSP_INIT
  C:3858H         LINE#         5
  C:3858H         LINE#         10
  C:385BH         LINE#         12
  C:385EH         LINE#         14
  C:3861H         LINE#         15
  C:3864H         LINE#         16
  C:3867H         LINE#         19
  C:386AH         LINE#         21
  C:386DH         LINE#         23
  C:3870H         LINE#         25
  C:3872H         LINE#         26
  -------         ENDPROC       BSP_INIT
  -------         ENDMOD        BSP

  -------         MODULE        BSP_KEY
  C:0000H         SYMBOL        _ICE_DUMMY_
  D:00B1H         PUBLIC        P0M1
  D:00B2H         PUBLIC        P0M2
  D:0080H         PUBLIC        P0
  D:0090H         PUBLIC        P1
  D:00A0H         PUBLIC        P2
  C:2F3DH         SYMBOL        _IsKeyDown
  D:00B0H         PUBLIC        P3
  D:00D8H         PUBLIC        P5
  C:3945H         PUBLIC        _bsp_PutKey
  D:00A8H         PUBLIC        IE
BL51 BANKED LINKER/LOCATER V6.22                                                      11/19/2017  14:57:42  PAGE 30


  C:29BCH         SYMBOL        bsp_InitKeyVar
  X:0092H         PUBLIC        pBtn
  D:00B8H         PUBLIC        IP
  C:3992H         SYMBOL        IsKeyDown_1AND6
  C:383CH         PUBLIC        bsp_GetKey2
  C:2226H         SYMBOL        _bsp_DetectKey
  B:0080H.2       PUBLIC        P02
  C:3B02H         SYMBOL        IsKeyDown1
  D:0098H         PUBLIC        SCON
  C:3A1EH         SYMBOL        IsKeyDown2
  D:0088H         PUBLIC        TCON
  C:3BC1H         SYMBOL        IsKeyDown3
  C:3BC7H         SYMBOL        IsKeyDown4
  C:3A78H         SYMBOL        IsKeyDown5
  C:3A2DH         SYMBOL        IsKeyDown6
  C:3A3CH         SYMBOL        IsKeyDown7
  C:3A4BH         SYMBOL        IsKeyDown8
  C:3A5AH         SYMBOL        IsKeyDown9
  C:3BD3H         PUBLIC        bsp_ClearKey
  X:0095H         PUBLIC        min
  D:00F8H         PUBLIC        SCON_1
  X:0097H         PUBLIC        max
  C:3873H         PUBLIC        bsp_KeyScan
  D:00E8H         PUBLIC        ADCCON0
  D:00C0H         PUBLIC        I2CON
  D:00C8H         PUBLIC        T2CON
  C:3BCDH         PUBLIC        bsp_InitKey
  C:3B35H         SYMBOL        bsp_InitKeyHard
  I:0022H         SYMBOL        s_tBtn
  I:0090H         SYMBOL        s_tKey
  C:3820H         PUBLIC        bsp_GetKey
  C:3732H         PUBLIC        _bsp_SetKeyParam
  C:3AD2H         PUBLIC        _bsp_GetKeyState
  D:00D0H         PUBLIC        PSW
  -------         PROC          ISKEYDOWN1
  C:3B02H         LINE#         59
  C:3B02H         LINE#         60
  C:3B05H         LINE#         61
  C:3B08H         LINE#         62
  C:3B08H         LINE#         63
  C:3B0AH         LINE#         64
  C:3B0AH         LINE#         65
  -------         ENDPROC       ISKEYDOWN1
  -------         PROC          L?0067
  -------         ENDPROC       L?0067
  -------         PROC          _ISKEYDOWN
  D:0006H         SYMBOL        key_ad
  D:0004H         SYMBOL        result_ad
  C:2F3DH         LINE#         68
  C:2F3DH         LINE#         69
  C:2F62H         LINE#         70
  C:2F81H         LINE#         72
  C:2F9AH         LINE#         73
  -------         ENDPROC       _ISKEYDOWN
  -------         PROC          ISKEYDOWN2
  C:3A1EH         LINE#         76
  C:3A1EH         LINE#         77
BL51 BANKED LINKER/LOCATER V6.22                                                      11/19/2017  14:57:42  PAGE 31


  C:3A2CH         LINE#         78
  -------         ENDPROC       ISKEYDOWN2
  -------         PROC          ISKEYDOWN3
  C:3BC1H         LINE#         80
  C:3BC1H         LINE#         81
  C:3BC6H         LINE#         82
  -------         ENDPROC       ISKEYDOWN3
  -------         PROC          ISKEYDOWN4
  C:3BC7H         LINE#         84
  C:3BC7H         LINE#         85
  C:3BCCH         LINE#         86
  -------         ENDPROC       ISKEYDOWN4
  -------         PROC          ISKEYDOWN5
  C:3A78H         LINE#         88
  C:3A78H         LINE#         90
  C:3A85H         LINE#         91
  -------         ENDPROC       ISKEYDOWN5
  -------         PROC          ISKEYDOWN6
  C:3A2DH         LINE#         93
  C:3A2DH         LINE#         94
  C:3A3BH         LINE#         95
  -------         ENDPROC       ISKEYDOWN6
  -------         PROC          ISKEYDOWN7
  C:3A3CH         LINE#         97
  C:3A3CH         LINE#         98
  C:3A4AH         LINE#         99
  -------         ENDPROC       ISKEYDOWN7
  -------         PROC          ISKEYDOWN8
  C:3A4BH         LINE#         101
  C:3A4BH         LINE#         102
  C:3A59H         LINE#         103
  -------         ENDPROC       ISKEYDOWN8
  -------         PROC          ISKEYDOWN9
[...]
  C:3621H         LINE#         216
  -------         ENDPROC       _INITIALUART0_TIMER1_TYPE4
  -------         PROC          _INITIALUART0_TIMER3_TYPE5
  X:009EH         SYMBOL        u32Baudrate
  C:2F9BH         LINE#         218
  C:2FA1H         LINE#         219
  C:2FA1H         LINE#         220
  C:2FA4H         LINE#         221
  C:2FA7H         LINE#         222
  C:2FAAH         LINE#         223
  C:2FADH         LINE#         226
  C:2FDBH         LINE#         227
  C:2FFAH         LINE#         233
  C:2FFDH         LINE#         234
  -------         ENDPROC       _INITIALUART0_TIMER3_TYPE5
  -------         PROC          _INITIALUART0_TIMER3_TYPE6
  X:00A2H         SYMBOL        u32Baudrate
BL51 BANKED LINKER/LOCATER V6.22                                                      11/19/2017  14:57:42  PAGE 66


  C:2FFEH         LINE#         236
  C:3004H         LINE#         237
  C:3004H         LINE#         238
  C:3007H         LINE#         239
  C:300AH         LINE#         240
  C:300DH         LINE#         241
  C:3010H         LINE#         244
  C:303EH         LINE#         245
  C:305DH         LINE#         251
  C:3060H         LINE#         252
  -------         ENDPROC       _INITIALUART0_TIMER3_TYPE6
  -------         PROC          _INITIALUART1_TIMER3
  X:00A6H         SYMBOL        u32Baudrate
  C:3121H         LINE#         254
  C:3127H         LINE#         255
  C:3127H         LINE#         256
  C:312AH         LINE#         257
  C:312DH         LINE#         260
  C:315BH         LINE#         261
  C:317AH         LINE#         267
  C:317DH         LINE#         268
  -------         ENDPROC       _INITIALUART1_TIMER3
  -------         PROC          RECEIVE_DATA_FROM_UART0
  -------         DO            
  D:0007H         SYMBOL        c
  -------         ENDDO         
  C:0003H         LINE#         280
  C:0003H         LINE#         283
  C:0006H         LINE#         285
  C:0008H         LINE#         286
  C:000AH         LINE#         287
  C:000AH         LINE#         288
  -------         ENDPROC       RECEIVE_DATA_FROM_UART0
  -------         PROC          _SEND_DATA_TO_UART0
  D:0007H         SYMBOL        c
  C:3B1DH         LINE#         300
  C:3B1DH         LINE#         301
  C:3B1FH         LINE#         302
  C:3B21H         LINE#         303
  C:3B24H         LINE#         305
  -------         ENDPROC       _SEND_DATA_TO_UART0
  -------         PROC          RECEIVE_DATA_FROM_UART1
  -------         DO            
  D:0007H         SYMBOL        c
  -------         ENDDO         
  C:3B25H         LINE#         317
  C:3B25H         LINE#         320
  C:3B28H         LINE#         322
  C:3B2AH         LINE#         323
  C:3B2CH         LINE#         324
  C:3B2CH         LINE#         325
  -------         ENDPROC       RECEIVE_DATA_FROM_UART1
  -------         PROC          _SEND_DATA_TO_UART1
  D:0007H         SYMBOL        c
  C:3B2DH         LINE#         337
  C:3B2DH         LINE#         338
  C:3B2FH         LINE#         339
BL51 BANKED LINKER/LOCATER V6.22                                                      11/19/2017  14:57:42  PAGE 67


  C:3B31H         LINE#         340
  C:3B34H         LINE#         342
  -------         ENDPROC       _SEND_DATA_TO_UART1
  -------         PROC          SET_ALL_GPIO_QUASI_MODE
  C:38A8H         LINE#         344
  C:38A8H         LINE#         345
  C:38ABH         LINE#         346
  C:38ADH         LINE#         347
  C:38AFH         LINE#         348
  C:38B1H         LINE#         349
  C:38B3H         LINE#         350
  C:38B5H         LINE#         351
  C:38B7H         LINE#         352
  C:38B9H         LINE#         353
  C:38BBH         LINE#         354
  C:38BDH         LINE#         355
  C:38BFH         LINE#         356
  C:38C1H         LINE#         357
  -------         ENDPROC       SET_ALL_GPIO_QUASI_MODE
  -------         PROC          SET_ALL_GPIO_INPUT_MODE
  C:37E1H         LINE#         359
  C:37E1H         LINE#         360
  C:37E4H         LINE#         361
  C:37E7H         LINE#         362
  C:37EAH         LINE#         363
  C:37ECH         LINE#         364
  C:37EFH         LINE#         365
  C:37F1H         LINE#         366
  C:37F4H         LINE#         367
  C:37F6H         LINE#         368
  C:37F9H         LINE#         369
  C:37FBH         LINE#         370
  C:37FEH         LINE#         371
  C:3800H         LINE#         372
  -------         ENDPROC       SET_ALL_GPIO_INPUT_MODE
  -------         PROC          SW_RESET
  C:38C2H         LINE#         375
  C:38C2H         LINE#         376
  C:38C5H         LINE#         377
  C:38C8H         LINE#         378
  C:38DBH         LINE#         380
  -------         ENDPROC       SW_RESET
  -------         PROC          FSYS_CLOCK_OUTPUT_ON_P26
  C:3BEBH         LINE#         382
  C:3BEBH         LINE#         383
  C:3BEEH         LINE#         384
  -------         ENDPROC       FSYS_CLOCK_OUTPUT_ON_P26
  -------         PROC          _PUTCHAR
  D:0007H         SYMBOL        c
  C:3491H         LINE#         393
  C:3491H         LINE#         431
  C:3496H         LINE#         432
  C:3499H         LINE#         433
  C:349EH         LINE#         434
  C:349EH         LINE#         435
  C:34A0H         LINE#         436
  C:34A3H         LINE#         438
BL51 BANKED LINKER/LOCATER V6.22                                                      11/19/2017  14:57:42  PAGE 68


  C:34A8H         LINE#         439
  C:34AAH         LINE#         440
  C:34AAH         LINE#         441
  C:34AAH         LINE#         442
  C:34ADH         LINE#         444
  C:34AFH         LINE#         445
  C:34B2H         LINE#         446
  C:34B2H         LINE#         447
  C:34B5H         LINE#         448
  C:34BAH         LINE#         449
  C:34BAH         LINE#         450
  C:34BCH         LINE#         451
  C:34BFH         LINE#         453
  C:34C4H         LINE#         454
  C:34C6H         LINE#         455
  C:34C6H         LINE#         456
  C:34C6H         LINE#         457
  C:34C9H         LINE#         459
  C:34CBH         LINE#         460
  C:34CDH         LINE#         462
  -------         ENDPROC       _PUTCHAR
  -------         ENDMOD        COMMON

  -------         MODULE        DELAY
  C:0000H         SYMBOL        _ICE_DUMMY_
  D:0080H         PUBLIC        P0
  D:0090H         PUBLIC        P1
  D:00A0H         PUBLIC        P2
  D:00B0H         PUBLIC        P3
  D:008FH         PUBLIC        WKCON
  D:00D8H         PUBLIC        P5
  D:00A8H         PUBLIC        IE
  D:00B8H         PUBLIC        IP
  C:3235H         PUBLIC        _Timer0_Delay1ms
  C:328EH         PUBLIC        _Timer1_Delay1ms
  C:31DAH         PUBLIC        _Timer3_Delay1ms
  D:0098H         PUBLIC        SCON
  D:0089H         PUBLIC        TMOD
  D:0088H         PUBLIC        TCON
  C:2CEAH         PUBLIC        _?Random_Delay
  C:37C0H         PUBLIC        _Delay10us
  D:00F8H         PUBLIC        SCON_1
  B:0088H.5       PUBLIC        TF0
  B:0088H.7       PUBLIC        TF1
  D:008CH         PUBLIC        TH0
  D:00C6H         PUBLIC        R3H
  D:008DH         PUBLIC        TH1
  D:008AH         PUBLIC        TL0
  C:3061H         PUBLIC        _WakeUp_Timer_Delay25ms
  D:00C5H         PUBLIC        R3L
  D:008BH         PUBLIC        TL1
  B:0088H.4       PUBLIC        TR0
  B:0088H.6       PUBLIC        TR1
  D:00E8H         PUBLIC        ADCCON0
  D:00C0H         PUBLIC        I2CON
  D:00C8H         PUBLIC        T2CON
  D:00C4H         PUBLIC        T3CON
BL51 BANKED LINKER/LOCATER V6.22                                                      11/19/2017  14:57:42  PAGE 69


  D:008EH         PUBLIC        CKCON
  D:0086H         PUBLIC        RWK
  D:00D0H         PUBLIC        PSW
  -------         PROC          _?RANDOM_DELAY
  -------         DO            
  x:0000H         SYMBOL        u32CNT
  x:0004H         SYMBOL        u32Tmp
  -------         ENDDO         
  C:2CEAH         LINE#         36
  C:2CF0H         LINE#         37
  C:2CF0H         LINE#         41
  C:2D1BH         LINE#         42
  C:2D1BH         LINE#         43
  C:2D40H         LINE#         44
  C:2D67H         LINE#         45
  -------         ENDPROC       _?RANDOM_DELAY
  -------         PROC          _DELAY10US
  D:0006H         SYMBOL        u16CNT
  C:37C0H         LINE#         47
  C:37C0H         LINE#         48
  C:37C3H         LINE#         49
  C:37C6H         LINE#         50
  C:37C8H         LINE#         51
  C:37CCH         LINE#         52
  C:37CFH         LINE#         53
  C:37D2H         LINE#         54
  C:37D5H         LINE#         56
  C:37D7H         LINE#         57
  C:37DCH         LINE#         58
  C:37DEH         LINE#         59
  C:37E0H         LINE#         60
  -------         ENDPROC       _DELAY10US
  -------         PROC          _TIMER0_DELAY1MS
  X:00AAH         SYMBOL        u32CNT
  C:3235H         LINE#         62
  C:323BH         LINE#         63
  C:323EH         LINE#         64
  C:3241H         LINE#         65
  C:3243H         LINE#         66
  C:325CH         LINE#         67
  C:325FH         LINE#         68
  C:3262H         LINE#         69
  C:3265H         LINE#         71
  C:3267H         LINE#         72
  C:3289H         LINE#         73
  C:328BH         LINE#         74
  C:328DH         LINE#         75
  -------         ENDPROC       _TIMER0_DELAY1MS
  -------         PROC          _TIMER1_DELAY1MS
  X:00AEH         SYMBOL        u32CNT
  C:328EH         LINE#         77
  C:3294H         LINE#         78
  C:3297H         LINE#         79
  C:329AH         LINE#         80
  C:329CH         LINE#         81
  C:32B5H         LINE#         82
  C:32B8H         LINE#         83
BL51 BANKED LINKER/LOCATER V6.22                                                      11/19/2017  14:57:42  PAGE 70


  C:32BBH         LINE#         84
  C:32BEH         LINE#         86
  C:32C0H         LINE#         87
  C:32E2H         LINE#         88
  C:32E4H         LINE#         89
  C:32E6H         LINE#         90
  -------         ENDPROC       _TIMER1_DELAY1MS
  -------         PROC          _TIMER3_DELAY1MS
  X:00B2H         SYMBOL        u32CNT
  C:31DAH         LINE#         92
  C:31E0H         LINE#         93
  C:31E3H         LINE#         94
  C:31E6H         LINE#         95
  C:31FFH         LINE#         96
  C:3202H         LINE#         97
  C:3205H         LINE#         98
  C:320AH         LINE#         100
  C:320DH         LINE#         101
  C:322FH         LINE#         102
  C:3231H         LINE#         103
  C:3234H         LINE#         104
  -------         ENDPROC       _TIMER3_DELAY1MS
  -------         PROC          _WAKEUP_TIMER_DELAY25MS
  X:00B6H         SYMBOL        u32CNT
  C:3061H         LINE#         106
  C:3067H         LINE#         107
  C:3067H         LINE#         108
  C:306AH         LINE#         109
  C:306DH         LINE#         110
  C:3070H         LINE#         112
  C:3073H         LINE#         114
  C:3076H         LINE#         115
  C:3079H         LINE#         116
  C:3092H         LINE#         117
  C:3097H         LINE#         119
  C:309AH         LINE#         120
  C:30BCH         LINE#         121
  C:30BEH         LINE#         122
  C:30C1H         LINE#         123
  -------         ENDPROC       _WAKEUP_TIMER_DELAY25MS
  -------         ENDMOD        DELAY

  -------         MODULE        VERSION
  C:0000H         SYMBOL        _ICE_DUMMY_
  D:0080H         PUBLIC        P0
  D:0090H         PUBLIC        P1
  D:00A0H         PUBLIC        P2
  D:00B0H         PUBLIC        P3
  D:00D8H         PUBLIC        P5
  D:00A8H         PUBLIC        IE
  D:00B8H         PUBLIC        IP
  D:0098H         PUBLIC        SCON
  D:0088H         PUBLIC        TCON
  D:00F8H         PUBLIC        SCON_1
  C:30C2H         PUBLIC        Show_FW_Version_Number_To_PC
  D:00E8H         PUBLIC        ADCCON0
  D:00C0H         PUBLIC        I2CON
BL51 BANKED LINKER/LOCATER V6.22                                                      11/19/2017  14:57:42  PAGE 71


  D:00C8H         PUBLIC        T2CON
  D:00D0H         PUBLIC        PSW
  -------         PROC          SHOW_FW_VERSION_NUMBER_TO_PC
  C:30C2H         LINE#         32
  C:30C2H         LINE#         33
  C:30C2H         LINE#         34
  C:30CBH         LINE#         35
  C:30D4H         LINE#         36
  C:30DDH         LINE#         37
  C:30F7H         LINE#         38
  C:3118H         LINE#         39
  -------         ENDPROC       SHOW_FW_VERSION_NUMBER_TO_PC
  -------         ENDMOD        VERSION

  -------         MODULE        ?C_STARTUP
  C:2BCBH         SEGMENT       ?C_C51STARTUP
  I:00BEH         SEGMENT       ?STACK
  C:0000H         PUBLIC        ?C_STARTUP
  D:00E0H         SYMBOL        ACC
  D:00F0H         SYMBOL        B
  D:0083H         SYMBOL        DPH
  D:0082H         SYMBOL        DPL
  N:0000H         SYMBOL        IBPSTACK
  N:0100H         SYMBOL        IBPSTACKTOP
  N:0080H         SYMBOL        IDATALEN
  C:2BCEH         SYMBOL        IDATALOOP
  N:0000H         SYMBOL        PBPSTACK
  N:0000H         SYMBOL        PBPSTACKTOP
  N:0000H         SYMBOL        PDATALEN
  N:0000H         SYMBOL        PDATASTART
  N:0000H         SYMBOL        PPAGE
  N:0000H         SYMBOL        PPAGEENABLE
  D:00A0H         SYMBOL        PPAGE_SFR
  D:0081H         SYMBOL        SP
  C:2BCBH         SYMBOL        STARTUP1
  N:0000H         SYMBOL        XBPSTACK
  N:0000H         SYMBOL        XBPSTACKTOP
  N:00FFH         SYMBOL        XDATALEN
  C:2BD9H         SYMBOL        XDATALOOP
  N:0000H         SYMBOL        XDATASTART
  C:0000H         LINE#         92
  C:2BCBH         LINE#         99
  C:2BCDH         LINE#         100
  C:2BCEH         LINE#         101
  C:2BCFH         LINE#         102
  C:2BD1H         LINE#         106
  C:2BD4H         LINE#         107
  C:2BD6H         LINE#         109
  C:2BD8H         LINE#         113
  C:2BD9H         LINE#         114
  C:2BDAH         LINE#         115
  C:2BDBH         LINE#         116
  C:2BDDH         LINE#         117
  C:2BDFH         LINE#         151
  C:2BE2H         LINE#         155
  -------         ENDMOD        ?C_STARTUP

BL51 BANKED LINKER/LOCATER V6.22                                                      11/19/2017  14:57:42  PAGE 72


  -------         MODULE        ?C?COPY
  C:1A08H         PUBLIC        ?C?COPY
  -------         ENDMOD        ?C?COPY

  -------         MODULE        ?C?CLDPTR
  C:1A2EH         PUBLIC        ?C?CLDPTR
  -------         ENDMOD        ?C?CLDPTR

  -------         MODULE        ?C?CLDOPTR
  C:1A47H         PUBLIC        ?C?CLDOPTR
  -------         ENDMOD        ?C?CLDOPTR

  -------         MODULE        ?C?CILDOPTR
  C:1A74H         PUBLIC        ?C?CILDOPTR
  -------         ENDMOD        ?C?CILDOPTR

  -------         MODULE        ?C?CSTOPTR
  C:1AA7H         PUBLIC        ?C?CSTOPTR
  -------         ENDMOD        ?C?CSTOPTR

  -------         MODULE        ?C?IILDX
  C:1AC9H         PUBLIC        ?C?IILDX
  -------         ENDMOD        ?C?IILDX

  -------         MODULE        ?C?ILDOPTR
  C:1ADFH         PUBLIC        ?C?ILDOPTR
  -------         ENDMOD        ?C?ILDOPTR

  -------         MODULE        ?C?IILDOPTR
  C:1B17H         PUBLIC        ?C?IILDOPTR
  -------         ENDMOD        ?C?IILDOPTR

  -------         MODULE        ?C?ISTOPTR
  C:1B64H         PUBLIC        ?C?ISTOPTR
  -------         ENDMOD        ?C?ISTOPTR

  -------         MODULE        ?C?ULDIV
  C:1BCDH         PUBLIC        ?C?ULDIV
  -------         ENDMOD        ?C?ULDIV

  -------         MODULE        ?C?ULCMP
  C:1C5FH         PUBLIC        ?C?ULCMP
  -------         ENDMOD        ?C?ULCMP

  -------         MODULE        ?C?ULSHR
  C:1C70H         PUBLIC        ?C?ULSHR
  -------         ENDMOD        ?C?ULSHR

  -------         MODULE        ?C?LSTXDATA
  C:1C83H         PUBLIC        ?C?LSTXDATA
  -------         ENDMOD        ?C?LSTXDATA

  -------         MODULE        ?C?LSTKXDATA
  C:1C8FH         PUBLIC        ?C?LSTKXDATA
  -------         ENDMOD        ?C?LSTKXDATA

  -------         MODULE        ?C?PLDPTR
BL51 BANKED LINKER/LOCATER V6.22                                                      11/19/2017  14:57:42  PAGE 73


  C:1CC0H         PUBLIC        ?C?PLDPTR
  -------         ENDMOD        ?C?PLDPTR

  -------         MODULE        ?C?CCASE
  C:1CE0H         PUBLIC        ?C?CCASE
  -------         ENDMOD        ?C?CCASE

  -------         MODULE        ?C?ICALL
  C:1D06H         PUBLIC        ?C?ICALL
  C:1D0AH         PUBLIC        ?C?ICALL2
  -------         ENDMOD        ?C?ICALL

  -------         MODULE        ?C_XBP
  D:000DH         PUBLIC        ?C_XBP
  -------         ENDMOD        ?C_XBP

  -------         MODULE        ?C?ADDXBP
  C:1D0CH         PUBLIC        ?C?ADDXBP
  -------         ENDMOD        ?C?ADDXBP

  -------         MODULE        ?C?XBPOFF
  C:1D30H         PUBLIC        ?C?XBPOFF
  -------         ENDMOD        ?C?XBPOFF

  -------         MODULE        PRINTF
  X:0019H         PUBLIC        ?_PRINTF517?BYTE
  X:0019H         PUBLIC        ?_PRINTF?BYTE
  X:0019H         PUBLIC        ?_SPRINTF517?BYTE
  X:0019H         PUBLIC        ?_SPRINTF?BYTE
  C:1F2CH         PUBLIC        _PRINTF
  C:1F2CH         PUBLIC        _PRINTF517
  C:1F26H         PUBLIC        _SPRINTF
  C:1F26H         PUBLIC        _SPRINTF517
  -------         ENDMOD        PRINTF

  -------         MODULE        ?C?STRCPY
  C:1E09H         PUBLIC        ?C?STRCPY
  -------         ENDMOD        ?C?STRCPY

  -------         MODULE        STRNCPY
  X:000EH         PUBLIC        ?_strncpy?BYTE
  C:2ECCH         PUBLIC        _strncpy
  -------         ENDMOD        STRNCPY

  -------         MODULE        STRLEN
  C:3908H         PUBLIC        _STRLEN
  -------         ENDMOD        STRLEN

  -------         MODULE        ?C?MEMSET
  C:1E26H         PUBLIC        ?C?MEMSET
  -------         ENDMOD        ?C?MEMSET

  -------         MODULE        ?C?CSTPTR
  C:1E52H         PUBLIC        ?C?CSTPTR
  -------         ENDMOD        ?C?CSTPTR

  -------         MODULE        ?C?ILDIX
BL51 BANKED LINKER/LOCATER V6.22                                                      11/19/2017  14:57:42  PAGE 74


  C:1E64H         PUBLIC        ?C?ILDIX
  -------         ENDMOD        ?C?ILDIX

  -------         MODULE        ?C?PLDIDATA
  C:1E7AH         PUBLIC        ?C?PLDIDATA
  -------         ENDMOD        ?C?PLDIDATA

  -------         MODULE        ?C?PLDXDATA
  C:1E83H         PUBLIC        ?C?PLDXDATA
  -------         ENDMOD        ?C?PLDXDATA

  -------         MODULE        ?C?PLDIXDATA
  C:1E8CH         PUBLIC        ?C?PLDIXDATA
  -------         ENDMOD        ?C?PLDIXDATA

  -------         MODULE        ?C?PSTXDATA
  C:1EA3H         PUBLIC        ?C?PSTXDATA
  -------         ENDMOD        ?C?PSTXDATA

  -------         MODULE        ?C?PLDPDATA
  C:1EACH         PUBLIC        ?C?PLDPDATA
  -------         ENDMOD        ?C?PLDPDATA

  -------         MODULE        ?C?PLDCODE
  C:1EB5H         PUBLIC        ?C?PLDCODE
  -------         ENDMOD        ?C?PLDCODE

Program Size: data=185.3 xdata=189 code=15365
LINK/LOCATE RUN COMPLETE.  0 WARNING(S),  0 ERROR(S)
