BL51 BANKED LINKER/LOCATER V6.22                                                        08/11/2017  22:59:24  PAGE 1


BL51 BANKED LINKER/LOCATER V6.22, INVOKED BY:
C:\KEIL_V5\C51\BIN\BL51.EXE .\Out\Objects\main.obj, .\Out\Objects\app_key.obj, .\Out\Objects\app_work.obj, .\Out\Objects
>> \app_repeat_exe.obj, .\Out\Objects\bsp.obj, .\Out\Objects\bsp_key.obj, .\Out\Objects\bsp_bt.obj, .\Out\Objects\bsp_di
>> splay.obj, .\Out\Objects\bsp_uart.obj, .\Out\Objects\bsp_timer0.obj, .\Out\Objects\bsp_timer1.obj, .\Out\Objects\bsp_
>> adc.obj, .\Out\Objects\bsp_keyBright.obj, .\Out\Objects\bsp_lcdBright.obj, .\Out\Objects\Common.obj, .\Out\Objects\De
>> lay.obj, .\Out\Objects\Version.obj, .\Out\Objects\STARTUP.obj TO .\Out\Objects\project PRINT (.\Out\Listings\project.
>> m51) RAMSIZE (256) DISABLEWARNING (16)


MEMORY MODEL: LARGE


INPUT MODULES INCLUDED:
  .\Out\Objects\main.obj (MAIN)
  .\Out\Objects\app_key.obj (APP_KEY)
  .\Out\Objects\app_work.obj (APP_WORK)
  .\Out\Objects\app_repeat_exe.obj (APP_REPEAT_EXE)
  .\Out\Objects\bsp.obj (BSP)
  .\Out\Objects\bsp_key.obj (BSP_KEY)
  .\Out\Objects\bsp_bt.obj (BSP_BT)
  .\Out\Objects\bsp_display.obj (BSP_DISPLAY)
  .\Out\Objects\bsp_uart.obj (BSP_UART)
  .\Out\Objects\bsp_timer0.obj (BSP_TIMER0)
  .\Out\Objects\bsp_timer1.obj (BSP_TIMER1)
  .\Out\Objects\bsp_adc.obj (BSP_ADC)
  .\Out\Objects\bsp_keyBright.obj (BSP_KEYBRIGHT)
  .\Out\Objects\bsp_lcdBright.obj (BSP_LCDBRIGHT)
  .\Out\Objects\Common.obj (COMMON)
  .\Out\Objects\Delay.obj (DELAY)
  .\Out\Objects\Version.obj (VERSION)
  .\Out\Objects\STARTUP.obj (?C_STARTUP)
  C:\KEIL_V5\C51\LIB\C51L.LIB (?C_INIT)
  C:\KEIL_V5\C51\LIB\C51L.LIB (?C?CLDOPTR)
  C:\KEIL_V5\C51\LIB\C51L.LIB (?C?CILDOPTR)
  C:\KEIL_V5\C51\LIB\C51L.LIB (?C?CSTPTR)
  C:\KEIL_V5\C51\LIB\C51L.LIB (?C?CSTOPTR)
  C:\KEIL_V5\C51\LIB\C51L.LIB (?C?UIDIV)
  C:\KEIL_V5\C51\LIB\C51L.LIB (?C?IILDX)
  C:\KEIL_V5\C51\LIB\C51L.LIB (?C?ILDOPTR)
  C:\KEIL_V5\C51\LIB\C51L.LIB (?C?IILDOPTR)
  C:\KEIL_V5\C51\LIB\C51L.LIB (?C?ISTOPTR)
  C:\KEIL_V5\C51\LIB\C51L.LIB (?C?ULDIV)
  C:\KEIL_V5\C51\LIB\C51L.LIB (?C?ULCMP)
  C:\KEIL_V5\C51\LIB\C51L.LIB (?C?ULSHR)
  C:\KEIL_V5\C51\LIB\C51L.LIB (?C?LSTXDATA)
  C:\KEIL_V5\C51\LIB\C51L.LIB (?C?LSTKXDATA)
  C:\KEIL_V5\C51\LIB\C51L.LIB (?C?PLDPTR)
  C:\KEIL_V5\C51\LIB\C51L.LIB (?C?ICALL)
  C:\KEIL_V5\C51\LIB\C51L.LIB (?C_XBP)
  C:\KEIL_V5\C51\LIB\C51L.LIB (?C?ADDXBP)
  C:\KEIL_V5\C51\LIB\C51L.LIB (?C?XBPOFF)
  C:\KEIL_V5\C51\LIB\C51L.LIB (PRINTF)
  C:\KEIL_V5\C51\LIB\C51L.LIB (?C?CLDPTR)
  C:\KEIL_V5\C51\LIB\C51L.LIB (?C?PLDIDATA)
  C:\KEIL_V5\C51\LIB\C51L.LIB (?C?PLDXDATA)
  C:\KEIL_V5\C51\LIB\C51L.LIB (?C?PLDIXDATA)
  C:\KEIL_V5\C51\LIB\C51L.LIB (?C?PSTXDATA)
  C:\KEIL_V5\C51\LIB\C51L.LIB (?C?PLDPDATA)
BL51 BANKED LINKER/LOCATER V6.22                                                      08/11/2017  22:59:24  PAGE 2


  C:\KEIL_V5\C51\LIB\C51L.LIB (?C?PLDCODE)
  C:\KEIL_V5\C51\LIB\C51L.LIB (?C?CCASE)


LINK MAP OF MODULE:  .\Out\Objects\project (MAIN)


            TYPE    BASE      LENGTH    RELOCATION   SEGMENT NAME
            -----------------------------------------------------

            * * * * * * *   D A T A   M E M O R Y   * * * * * * *
            REG     0000H     0008H     ABSOLUTE     "REG BANK 0"
            DATA    0008H     0005H     UNIT         ?DT?PRINTF?PRINTF
            DATA    000DH     0002H     UNIT         ?C?LIB_DATA
                    000FH     0011H                  *** GAP ***
            BIT     0020H.0   0001H.1   UNIT         ?BI?PRINTF?PRINTF
            BIT     0021H.1   0000H.1   UNIT         ?BI?APP_KEY
            BIT     0021H.2   0000H.1   UNIT         ?BI?APP_WORK
            BIT     0021H.3   0000H.1   UNIT         ?BI?BSP
            BIT     0021H.4   0000H.1   UNIT         ?BI?_GET_DATA_FROM_UART1?BSP_UART
            BIT     0021H.5   0000H.1   UNIT         ?BI?BSP_UART
                    0021H.6   0000H.2                *** GAP ***
            IDATA   0022H     0001H     UNIT         ?STACK

            * * * * * * *  X D A T A   M E M O R Y  * * * * * * *
            XDATA   0000H     0073H     UNIT         ?XD?BSP_KEY
            XDATA   0073H     0028H     UNIT         ?XD?PRINTF?PRINTF
            XDATA   009BH     0012H     UNIT         ?XD?APP_WORK
            XDATA   00ADH     0012H     UNIT         ?XD?APP_REPEAT_EXE
            XDATA   00BFH     0009H     UNIT         ?XD?BSP_TIMER0
            XDATA   00C8H     0006H     UNIT         ?XD?APP_KEY
            XDATA   00CEH     0004H     UNIT         ?XD?BSP_ADC
            XDATA   00D2H     0004H     UNIT         ?XD?_INITIALUART0_TIMER3_TYPE5?COMMON
            XDATA   00D6H     0004H     UNIT         ?XD?_INITIALUART0_TIMER3_TYPE6?COMMON
            XDATA   00DAH     0004H     UNIT         ?XD?_INITIALUART1_TIMER3?COMMON
            XDATA   00DEH     0004H     UNIT         ?XD?_TIMER0_DELAY1MS?DELAY
            XDATA   00E2H     0004H     UNIT         ?XD?_TIMER1_DELAY1MS?DELAY
            XDATA   00E6H     0004H     UNIT         ?XD?_TIMER3_DELAY1MS?DELAY
            XDATA   00EAH     0004H     UNIT         ?XD?_WAKEUP_TIMER_DELAY25MS?DELAY
            XDATA   00EEH     0003H     UNIT         ?XD?_LCD_SHOW_CAL_NUM?BSP_DISPLAY
            XDATA   00F1H     0003H     UNIT         _XDATA_GROUP_
            XDATA   00F4H     0002H     UNIT         ?XD?_LCD_SHOW_PULLS_NUM?BSP_DISPLAY
            XDATA   00F6H     0001H     UNIT         ?XD?MAIN
            XDATA   00F7H     0001H     UNIT         ?XD?_APP_KEY_PRO?APP_KEY
            XDATA   00F8H     0001H     UNIT         ?XD?_BSP_DETECTKEY?BSP_KEY
            XDATA   00F9H     0001H     UNIT         ?XD?BSP_KEYSCAN?BSP_KEY

            * * * * * * *   C O D E   M E M O R Y   * * * * * * *
            CODE    0000H     0003H     ABSOLUTE     
            CODE    0003H     0008H     UNIT         ?PR?RECEIVE_DATA_FROM_UART0?COMMON
            CODE    000BH     0003H     ABSOLUTE     
            CODE    000EH     000DH     UNIT         ?PR?APP_WORK_1S_PRO?APP_WORK
            CODE    001BH     0003H     ABSOLUTE     
            CODE    001EH     001DH     UNIT         ?PR?_BSP_PUTKEY?BSP_KEY
            CODE    003BH     0003H     ABSOLUTE     
            CODE    003EH     001CH     UNIT         ?PR?WORK_INIT?APP_WORK
            CODE    005AH     0001H     UNIT         ?PR?APP_UI_INIT?APP_KEY
BL51 BANKED LINKER/LOCATER V6.22                                                      08/11/2017  22:59:24  PAGE 3


            CODE    005BH     0003H     ABSOLUTE     
            CODE    005EH     03BDH     UNIT         ?C?LIB_CODE
            CODE    041BH     0365H     UNIT         ?PR?PRINTF?PRINTF
            CODE    0780H     0322H     UNIT         ?PR?_LCD_SHOW_CAL_NUM?BSP_DISPLAY
            CODE    0AA2H     0297H     UNIT         ?PR?_LCD_SHOW_MI_?BSP_DISPLAY
            CODE    0D39H     0253H     UNIT         ?PR?_LCD_SHOW_PULLS_NUM?BSP_DISPLAY
            CODE    0F8CH     024CH     UNIT         ?PR?_LCD_SHOW_MI?BSP_DISPLAY
            CODE    11D8H     015EH     UNIT         ?PR?_LCD_SHOW_REP_NUM?BSP_DISPLAY
            CODE    1336H     015AH     UNIT         ?PR?_BSP_DETECTKEY?BSP_KEY
            CODE    1490H     0145H     UNIT         ?PR?_SYSTEM_CLOCK_SELECT?COMMON
            CODE    15D5H     0112H     UNIT         ?CO?VERSION
            CODE    16E7H     00E4H     UNIT         ?PR?_LCD_CLEAR_MI?BSP_DISPLAY
            CODE    17CBH     00E3H     UNIT         ?PR?BSP_INITKEYVAR?BSP_KEY
            CODE    18AEH     00BFH     UNIT         ?PR?REPEAT_PRO?APP_REPEAT_EXE
            CODE    196DH     00AFH     UNIT         ?PR?_APP_KEY_PRO?APP_KEY
            CODE    1A1CH     009AH     UNIT         ?C_C51STARTUP
            CODE    1AB6H     0083H     UNIT         ?PR?_?RANDOM_DELAY?DELAY
            CODE    1B39H     0069H     UNIT         ?PR?TIMER0_ISR?BSP_TIMER0
            CODE    1BA2H     0063H     UNIT         ?PR?_INITIALUART0_TIMER3_TYPE5?COMMON
            CODE    1C05H     0063H     UNIT         ?PR?_INITIALUART0_TIMER3_TYPE6?COMMON
            CODE    1C68H     0061H     UNIT         ?PR?_WAKEUP_TIMER_DELAY25MS?DELAY
            CODE    1CC9H     005FH     UNIT         ?PR?SHOW_FW_VERSION_NUMBER_TO_PC?VERSION
            CODE    1D28H     005DH     UNIT         ?PR?_INITIALUART1_TIMER3?COMMON
            CODE    1D85H     005BH     UNIT         ?PR?ADC_ISR?MAIN
            CODE    1DE0H     005BH     UNIT         ?PR?_TIMER3_DELAY1MS?DELAY
            CODE    1E3BH     0059H     UNIT         ?PR?_TIMER0_DELAY1MS?DELAY
            CODE    1E94H     0059H     UNIT         ?PR?_TIMER1_DELAY1MS?DELAY
            CODE    1EEDH     0045H     UNIT         ?PR?MAIN?MAIN
            CODE    1F32H     003DH     UNIT         ?PR?_PUTCHAR?COMMON
            CODE    1F6FH     0036H     UNIT         ?PR?LCD_DISPLAY_INITHARD?BSP_DISPLAY
            CODE    1FA5H     0036H     UNIT         ?PR?ADC_INIT?BSP_ADC
            CODE    1FDBH     0034H     UNIT         ?PR?_BSP_SETKEYPARAM?BSP_KEY
            CODE    200FH     0032H     UNIT         ?PR?APP_KEY_1S_PRO?APP_KEY
            CODE    2041H     0032H     UNIT         ?PR?_REPEAT_START?APP_REPEAT_EXE
            CODE    2073H     0030H     UNIT         ?C_INITSEG
            CODE    20A3H     002DH     UNIT         ?PR?LCD_CLEAR_CAL_NUM?BSP_DISPLAY
            CODE    20D0H     002AH     UNIT         ?PR?BSP_GETKEY?BSP_KEY
            CODE    20FAH     002AH     UNIT         ?PR?_INITIALUART0_TIMER1_TYPE3?COMMON
            CODE    2124H     002AH     UNIT         ?PR?_INITIALUART0_TIMER1_TYPE4?COMMON
            CODE    214EH     0029H     UNIT         ?PR?_INITIALUART0_TIMER1_TYPE1?COMMON
            CODE    2177H     0028H     UNIT         ?PR?BSP_GETKEY2?BSP_KEY
            CODE    219FH     0028H     UNIT         ?PR?ADC_START?BSP_ADC
            CODE    21C7H     0028H     UNIT         ?PR?_INITIALUART0_TIMER1_TYPE2?COMMON
            CODE    21EFH     0027H     UNIT         ?PR?APP_KEY_INIT?APP_KEY
            CODE    2216H     0024H     UNIT         ?PR?QUERY_WORK_SUM?APP_WORK
            CODE    223AH     0023H     UNIT         ?PR?PININTERRUPT_ISR?MAIN
            CODE    225DH     0023H     UNIT         ?PR?LCD_CLEAR_PULLS_NUM?BSP_DISPLAY
            CODE    2280H     0023H     UNIT         ?PR?TIMER0_INITHARD?BSP_TIMER0
            CODE    22A3H     0022H     UNIT         ?PR?APP_KEY_100MS_PRO?APP_KEY
            CODE    22C5H     0022H     UNIT         ?PR?_LCD_SHOW_ABCD?BSP_DISPLAY
            CODE    22E7H     0021H     UNIT         ?PR?_DELAY10US?DELAY
            CODE    2308H     0020H     UNIT         ?PR?SET_ALL_GPIO_INPUT_MODE?COMMON
            CODE    2328H     001CH     UNIT         ?PR?TIMER0_PARAMINIT?BSP_TIMER0
            CODE    2344H     001BH     UNIT         ?PR?BSP_KEYSCAN?BSP_KEY
            CODE    235FH     001AH     UNIT         ?PR?SET_ALL_GPIO_QUASI_MODE?COMMON
            CODE    2379H     001AH     UNIT         ?PR?SW_RESET?COMMON
            CODE    2393H     0017H     UNIT         ?CO?APP_KEY
BL51 BANKED LINKER/LOCATER V6.22                                                      08/11/2017  22:59:24  PAGE 4


            CODE    23AAH     0014H     UNIT         ?PR?REPEAT_STOP?APP_REPEAT_EXE
            CODE    23BEH     0013H     UNIT         ?PR?_GET_DATA_FROM_UART1?BSP_UART
            CODE    23D1H     0013H     UNIT         ?PR?TIMER1_INITHARD?BSP_TIMER1
            CODE    23E4H     0012H     UNIT         ?PR?BSP_INIT?BSP
            CODE    23F6H     0011H     UNIT         ?PR?_BSP_GETKEYSTATE?BSP_KEY
            CODE    2407H     0011H     UNIT         ?PR?UART_INITHARD?BSP_UART
            CODE    2418H     0010H     UNIT         ?PR?REPEAT_START_EXE?APP_REPEAT_EXE
            CODE    2428H     0010H     UNIT         ?PR?REPEAT_STOP_EXE?APP_REPEAT_EXE
            CODE    2438H     000DH     UNIT         ?PR?LCD_CLEAR_ALL?BSP_DISPLAY
            CODE    2445H     000DH     UNIT         ?PR?LCD_CLEAR_MI_ALL?BSP_DISPLAY
            CODE    2452H     000CH     UNIT         ?PR?APP_WORK_100MS_PRO?APP_WORK
            CODE    245EH     000CH     UNIT         ?PR?_REPEAT_SETSTART?APP_REPEAT_EXE
            CODE    246AH     000CH     UNIT         ?PR?_REPEAT_SETSTOP?APP_REPEAT_EXE
            CODE    2476H     0009H     UNIT         ?PR?ISKEYDOWN1?BSP_KEY
            CODE    247FH     0009H     UNIT         ?PR?ISKEYDOWN2?BSP_KEY
            CODE    2488H     0009H     UNIT         ?PR?ISKEYDOWN3?BSP_KEY
            CODE    2491H     0009H     UNIT         ?PR?ISKEYDOWN4?BSP_KEY
            CODE    249AH     0009H     UNIT         ?PR?ISKEYDOWN5?BSP_KEY
            CODE    24A3H     0009H     UNIT         ?PR?ISKEYDOWN6?BSP_KEY
            CODE    24ACH     0009H     UNIT         ?PR?ISKEYDOWN7?BSP_KEY
            CODE    24B5H     0009H     UNIT         ?PR?ISKEYDOWN8?BSP_KEY
            CODE    24BEH     0009H     UNIT         ?PR?ISKEYDOWN9?BSP_KEY
            CODE    24C7H     0009H     UNIT         ?PR?BSP_CLEARKEY?BSP_KEY
            CODE    24D0H     0009H     UNIT         ?PR?KEY_BRIGHT_INITHARD?BSP_KEYBRIGHT
            CODE    24D9H     0009H     UNIT         ?PR?LCD_BRIGHT_INITHARD?BSP_LCDBRIGHT
            CODE    24E2H     0008H     UNIT         ?PR?_SEND_DATA_TO_UART0?COMMON
            CODE    24EAH     0008H     UNIT         ?PR?RECEIVE_DATA_FROM_UART1?COMMON
            CODE    24F2H     0008H     UNIT         ?PR?_SEND_DATA_TO_UART1?COMMON
            CODE    24FAH     0007H     UNIT         ?PR?BSP_INITKEYHARD?BSP_KEY
            CODE    2501H     0007H     UNIT         ?PR?LCD_CLEAR_LED_ICO?BSP_DISPLAY
            CODE    2508H     0007H     UNIT         ?PR?LCD_SHOW_LED_ICO?BSP_DISPLAY
            CODE    250FH     0007H     UNIT         ?PR?LCD_CLEAR_FM_ICO?BSP_DISPLAY
            CODE    2516H     0007H     UNIT         ?PR?LCD_SHOW_FM_ICO?BSP_DISPLAY
            CODE    251DH     0007H     UNIT         ?PR?LCD_CLEAR_BLUETOOTH_ICO?BSP_DISPLAY
            CODE    2524H     0007H     UNIT         ?PR?LCD_SHOW_BLUETOOTH_ICO?BSP_DISPLAY
            CODE    252BH     0007H     UNIT         ?PR?LCD_CLEAR_AUX_ICO?BSP_DISPLAY
            CODE    2532H     0007H     UNIT         ?PR?LCD_SHOW_AUX_ICO?BSP_DISPLAY
            CODE    2539H     0007H     UNIT         ?PR?LCD_CLEAR_USB_ICO?BSP_DISPLAY
            CODE    2540H     0007H     UNIT         ?PR?LCD_SHOW_USB_ICO?BSP_DISPLAY
            CODE    2547H     0007H     UNIT         ?PR?LCD_CLEAR_MHZ_ICO?BSP_DISPLAY
            CODE    254EH     0007H     UNIT         ?PR?LCD_SHOW_MHZ_ICO?BSP_DISPLAY
            CODE    2555H     0007H     UNIT         ?PR?LCD_CLEAR_BAZOOKA_ICO?BSP_DISPLAY
            CODE    255CH     0007H     UNIT         ?PR?LCD_SHOW_BAZOOKA_ICO?BSP_DISPLAY
            CODE    2563H     0007H     UNIT         ?PR?LCD_CLEAR_UPCOLON_ICO?BSP_DISPLAY
            CODE    256AH     0007H     UNIT         ?PR?LCD_SHOW_UPCOLON_ICO?BSP_DISPLAY
            CODE    2571H     0007H     UNIT         ?PR?LCD_CLEAR_DOWNCOLON_ICO?BSP_DISPLAY
            CODE    2578H     0007H     UNIT         ?PR?LCD_SHOW_DOWNCOLON_ICO?BSP_DISPLAY
            CODE    257FH     0007H     UNIT         ?PR?LCD_CLEAR_ABCD?BSP_DISPLAY
            CODE    2586H     0007H     UNIT         ?PR?LCD_SHOW_ABCD_ALL?BSP_DISPLAY
            CODE    258DH     0007H     UNIT         ?PR?LCD_CLEAR_QS_ICO?BSP_DISPLAY
            CODE    2594H     0007H     UNIT         ?PR?LCD_SHOW_QS_ICO?BSP_DISPLAY
            CODE    259BH     0007H     UNIT         ?PR?LCD_CLEAR_COACH_ICO?BSP_DISPLAY
            CODE    25A2H     0007H     UNIT         ?PR?LCD_SHOW_COACH_ICO?BSP_DISPLAY
            CODE    25A9H     0007H     UNIT         ?PR?LCD_CLEAR_LINE_DOWN?BSP_DISPLAY
            CODE    25B0H     0007H     UNIT         ?PR?LCD_SHOW_LINE_DOWN?BSP_DISPLAY
            CODE    25B7H     0007H     UNIT         ?PR?LCD_CLEAR_HEART_ICO?BSP_DISPLAY
            CODE    25BEH     0007H     UNIT         ?PR?LCD_SHOW_HEART_ICO?BSP_DISPLAY
BL51 BANKED LINKER/LOCATER V6.22                                                      08/11/2017  22:59:24  PAGE 5


            CODE    25C5H     0007H     UNIT         ?PR?LCD_CLEAR_CAL_ICO?BSP_DISPLAY
            CODE    25CCH     0007H     UNIT         ?PR?LCD_SHOW_CAL_ICO?BSP_DISPLAY
            CODE    25D3H     0006H     UNIT         ?PR?APP_POWER_OFF?APP_KEY
            CODE    25D9H     0006H     UNIT         ?PR?APP_KEY_CLEAR_NOOPS_TIMEOUTCNT?APP_KEY
            CODE    25DFH     0006H     UNIT         ?PR?BSP_INITKEY?BSP_KEY
            CODE    25E5H     0004H     UNIT         ?PR?FSYS_CLOCK_OUTPUT_ON_P26?COMMON
            CODE    25E9H     0003H     UNIT         ?PR?APP_POWER_ON?APP_KEY
            CODE    25ECH     0003H     UNIT         ?PR?KEY_BRIGHT_OFF?BSP_KEYBRIGHT
            CODE    25EFH     0003H     UNIT         ?PR?KEY_BRIGHT_ON?BSP_KEYBRIGHT
            CODE    25F2H     0003H     UNIT         ?PR?LCD_BRIGHT_OFF?BSP_LCDBRIGHT
            CODE    25F5H     0003H     UNIT         ?PR?LCD_BRIGHT_ON?BSP_LCDBRIGHT
            CODE    25F8H     0001H     UNIT         ?PR?APP_FLASH_SHOW?APP_KEY
            CODE    25F9H     0001H     UNIT         ?PR?APP_FLASH_CLEAR?APP_KEY
            CODE    25FAH     0001H     UNIT         ?PR?APP_KEY_POWER_OR_RETURN?APP_KEY
            CODE    25FBH     0001H     UNIT         ?PR?APP_KEY_SET?APP_KEY
            CODE    25FCH     0001H     UNIT         ?PR?APP_KEY_ADD?APP_KEY
            CODE    25FDH     0001H     UNIT         ?PR?APP_KEY_OK?APP_KEY
            CODE    25FEH     0001H     UNIT         ?PR?APP_WORK_PRO?APP_WORK
            CODE    25FFH     0001H     UNIT         ?PR?TIMER1_ISR?BSP_TIMER1



OVERLAY MAP OF MODULE:   .\Out\Objects\project (MAIN)


SEGMENT                                            XDATA_GROUP
  +--> CALLED SEGMENT                            START    LENGTH
----------------------------------------------------------------
?C_C51STARTUP                                    -----    -----
  +--> ?PR?MAIN?MAIN
  +--> ?C_INITSEG

?PR?MAIN?MAIN                                    00F1H    0001H
  +--> ?PR?_SYSTEM_CLOCK_SELECT?COMMON
  +--> ?PR?BSP_INIT?BSP
  +--> ?PR?_LCD_SHOW_MI?BSP_DISPLAY
  +--> ?PR?_LCD_CLEAR_MI?BSP_DISPLAY

?PR?BSP_INIT?BSP                                 -----    -----
  +--> ?PR?SET_ALL_GPIO_INPUT_MODE?COMMON
  +--> ?PR?KEY_BRIGHT_INITHARD?BSP_KEYBRIGHT
  +--> ?PR?LCD_BRIGHT_INITHARD?BSP_LCDBRIGHT
  +--> ?PR?LCD_DISPLAY_INITHARD?BSP_DISPLAY
  +--> ?PR?TIMER0_INITHARD?BSP_TIMER0

?PR?KEY_BRIGHT_INITHARD?BSP_KEYBRIGHT            -----    -----
  +--> ?PR?KEY_BRIGHT_OFF?BSP_KEYBRIGHT

?PR?LCD_BRIGHT_INITHARD?BSP_LCDBRIGHT            -----    -----
  +--> ?PR?LCD_BRIGHT_ON?BSP_LCDBRIGHT

?PR?LCD_DISPLAY_INITHARD?BSP_DISPLAY             -----    -----
  +--> ?PR?LCD_CLEAR_ALL?BSP_DISPLAY

?PR?TIMER0_INITHARD?BSP_TIMER0                   -----    -----
  +--> ?PR?TIMER0_PARAMINIT?BSP_TIMER0

BL51 BANKED LINKER/LOCATER V6.22                                                      08/11/2017  22:59:24  PAGE 6


?PR?_LCD_SHOW_MI?BSP_DISPLAY                     00F2H    0002H
  +--> ?PR?_LCD_CLEAR_MI?BSP_DISPLAY



SYMBOL TABLE OF MODULE:  .\Out\Objects\project (MAIN)

  VALUE           TYPE          NAME
  ----------------------------------

  -------         MODULE        MAIN
  C:0000H         SYMBOL        _ICE_DUMMY_
  D:0080H         PUBLIC        P0
  D:0090H         PUBLIC        P1
  D:00A0H         PUBLIC        P2
  D:00B0H         PUBLIC        P3
  D:00D8H         PUBLIC        P5
  D:00A8H         PUBLIC        IE
  B:00E8H.7       PUBLIC        ADCF
  C:1D85H         PUBLIC        ADC_ISR
  D:00B8H         PUBLIC        IP
  C:1EEDH         PUBLIC        main
  D:0098H         PUBLIC        SCON
  D:0088H         PUBLIC        TCON
  D:00F8H         PUBLIC        SCON_1
  C:223AH         PUBLIC        PinInterrupt_ISR
  D:00E8H         PUBLIC        ADCCON0
  D:00C0H         PUBLIC        I2CON
  D:00ECH         PUBLIC        PIF
  D:00C3H         PUBLIC        ADCRH
  D:00C8H         PUBLIC        T2CON
  D:00C2H         PUBLIC        ADCRL
  D:00D0H         PUBLIC        PSW
  -------         PROC          ADC_ISR
  C:1D85H         LINE#         8
  C:1D98H         LINE#         9
  C:1D98H         LINE#         11
  C:1D9AH         LINE#         13
  C:1DA4H         LINE#         14
  C:1DBDH         LINE#         15
  C:1DCAH         LINE#         17
  C:1DCFH         LINE#         18
  -------         ENDPROC       ADC_ISR
  -------         PROC          PININTERRUPT_ISR
  C:223AH         LINE#         22
  C:2242H         LINE#         23
  C:2242H         LINE#         26
  C:2247H         LINE#         28
  C:224EH         LINE#         30
  C:2251H         LINE#         32
  C:2251H         LINE#         34
  C:2251H         LINE#         36
  C:2254H         LINE#         37
  -------         ENDPROC       PININTERRUPT_ISR
  -------         PROC          MAIN
  -------         DO            
  X:00F1H         SYMBOL        ucKeyCode
BL51 BANKED LINKER/LOCATER V6.22                                                      08/11/2017  22:59:24  PAGE 7


  -------         DO            
  X:00F6H         SYMBOL        cnt
  -------         ENDDO         
  -------         ENDDO         
  C:1EEDH         LINE#         38
  C:1EEDH         LINE#         40
  C:1EF2H         LINE#         47
  C:1EF5H         LINE#         55
  C:1EF5H         LINE#         57
  C:1EFBH         LINE#         58
  C:1EFDH         LINE#         63
  C:1EFDH         LINE#         64
  C:1F03H         LINE#         65
  C:1F05H         LINE#         72
  C:1F05H         LINE#         73
  C:1F0BH         LINE#         75
  C:1F0DH         LINE#         82
  C:1F1DH         LINE#         83
  C:1F26H         LINE#         84
  C:1F2BH         LINE#         85
  C:1F30H         LINE#         86
  C:1F30H         LINE#         87
  C:1F30H         LINE#         96
  -------         ENDPROC       MAIN
  -------         ENDMOD        MAIN

  -------         MODULE        APP_KEY
  C:0000H         SYMBOL        _ICE_DUMMY_
  C:25F9H         PUBLIC        app_flash_Clear
  D:0080H         PUBLIC        P0
  D:0090H         PUBLIC        P1
  D:00A0H         PUBLIC        P2
  D:00B0H         PUBLIC        P3
  C:21EFH         PUBLIC        app_key_init
  D:00D8H         PUBLIC        P5
  D:00A8H         PUBLIC        IE
  X:00C9H         PUBLIC        g_tDevice
  C:25E9H         PUBLIC        app_power_on
  X:00CAH         SYMBOL        letter
  D:00EDH         PUBLIC        PITYP
  D:00B8H         PUBLIC        IP
  X:00CBH         PUBLIC        level
  C:25FBH         PUBLIC        app_key_set
  C:196DH         PUBLIC        _app_key_pro
  X:00CCH         SYMBOL        noOps_timeoutCnt
  C:200FH         PUBLIC        app_key_1s_pro
  X:00CDH         SYMBOL        mode
  C:25FDH         PUBLIC        app_key_ok
  B:0021H.1       SYMBOL        offBight_flag
  D:0087H         PUBLIC        PCON
  D:0098H         PUBLIC        SCON
  D:0088H         PUBLIC        TCON
  C:25F8H         PUBLIC        app_flash_Show
  D:00F8H         PUBLIC        SCON_1
  C:25FAH         PUBLIC        app_key_power_or_return
  C:005AH         SYMBOL        app_UI_init
  D:00E8H         PUBLIC        ADCCON0
BL51 BANKED LINKER/LOCATER V6.22                                                      08/11/2017  22:59:24  PAGE 8


  D:00C0H         PUBLIC        I2CON
  C:25D9H         PUBLIC        app_key_clear_noOps_timeoutCnt
  D:00C8H         PUBLIC        T2CON
  C:25D3H         PUBLIC        app_power_off
  C:22A3H         PUBLIC        app_key_100ms_pro
  C:25FCH         PUBLIC        app_key_add
  D:00E9H         PUBLIC        PICON
  D:00D0H         PUBLIC        PSW
  D:00EAH         PUBLIC        PINEN
  D:00EBH         PUBLIC        PIPEN
  -------         PROC          APP_KEY_INIT
  C:21EFH         LINE#         25
  C:21EFH         LINE#         26
  C:21F4H         LINE#         28
  C:21F7H         LINE#         29
  C:21FAH         LINE#         30
  C:21FDH         LINE#         32
  C:2200H         LINE#         33
  C:2203H         LINE#         34
  C:2206H         LINE#         36
  C:220BH         LINE#         37
  C:220FH         LINE#         38
  C:2213H         LINE#         39
  -------         ENDPROC       APP_KEY_INIT
  -------         PROC          APP_UI_INIT
  C:005AH         LINE#         42
  C:005AH         LINE#         44
  -------         ENDPROC       APP_UI_INIT
  -------         PROC          APP_FLASH_SHOW
  C:25F8H         LINE#         46
  C:25F8H         LINE#         48
  -------         ENDPROC       APP_FLASH_SHOW
  -------         PROC          APP_FLASH_CLEAR
  C:25F9H         LINE#         49
  C:25F9H         LINE#         52
  -------         ENDPROC       APP_FLASH_CLEAR
  -------         PROC          APP_KEY_POWER_OR_RETURN
  C:25FAH         LINE#         53
  C:25FAH         LINE#         56
  -------         ENDPROC       APP_KEY_POWER_OR_RETURN
  -------         PROC          APP_KEY_SET
  C:25FBH         LINE#         57
  C:25FBH         LINE#         59
  -------         ENDPROC       APP_KEY_SET
  -------         PROC          APP_KEY_ADD
  C:25FCH         LINE#         61
  C:25FCH         LINE#         63
  -------         ENDPROC       APP_KEY_ADD
  -------         PROC          APP_KEY_OK
  C:25FDH         LINE#         64
  C:25FDH         LINE#         66
  -------         ENDPROC       APP_KEY_OK
  -------         PROC          APP_POWER_ON
  C:25E9H         LINE#         68
  C:25E9H         LINE#         69
  -------         ENDPROC       APP_POWER_ON
  -------         PROC          APP_POWER_OFF
BL51 BANKED LINKER/LOCATER V6.22                                                      08/11/2017  22:59:24  PAGE 9


  C:25D3H         LINE#         71
  C:25D3H         LINE#         72
  C:25D6H         LINE#         73
  -------         ENDPROC       APP_POWER_OFF
  -------         PROC          APP_KEY_100MS_PRO
  -------         DO            
  X:00C8H         SYMBOL        cnt
  -------         ENDDO         
  C:22A3H         LINE#         79
  C:22A3H         LINE#         82
  C:22AAH         LINE#         83
  C:22B0H         LINE#         84
  C:22B6H         LINE#         85
  C:22B8H         LINE#         87
  C:22BBH         LINE#         89
  C:22BEH         LINE#         90
  C:22BEH         LINE#         91
  C:22BFH         LINE#         92
  C:22C4H         LINE#         93
  C:22C4H         LINE#         94
  -------         ENDPROC       APP_KEY_100MS_PRO
  -------         PROC          APP_KEY_1S_PRO
  C:200FH         LINE#         96
  C:200FH         LINE#         98
  C:2015H         LINE#         99
  C:2019H         LINE#         100
  C:201BH         LINE#         102
  C:201EH         LINE#         103
  C:2027H         LINE#         104
  C:202EH         LINE#         105
  C:2031H         LINE#         106
  C:203AH         LINE#         107
  C:2040H         LINE#         108
  C:2040H         LINE#         110
  -------         ENDPROC       APP_KEY_1S_PRO
  -------         PROC          APP_KEY_CLEAR_NOOPS_TIMEOUTCNT
  C:25D9H         LINE#         111
  C:25D9H         LINE#         112
  C:25DEH         LINE#         113
  -------         ENDPROC       APP_KEY_CLEAR_NOOPS_TIMEOUTCNT
  -------         PROC          _APP_KEY_PRO
  X:00F7H         SYMBOL        keyCode
  C:196DH         LINE#         114
  C:1972H         LINE#         116
  C:1975H         LINE#         118
  C:197FH         LINE#         119
  C:1981H         LINE#         120
  C:1984H         LINE#         123
  C:1984H         LINE#         125
  C:19C6H         LINE#         126
  C:19C6H         LINE#         128
  C:19CEH         LINE#         129
  C:19D1H         LINE#         130
  C:19DAH         LINE#         131
  C:19E0H         LINE#         132
  C:19E0H         LINE#         134
  C:19E1H         LINE#         135
BL51 BANKED LINKER/LOCATER V6.22                                                      08/11/2017  22:59:24  PAGE 10


  C:19E1H         LINE#         137
  C:19E9H         LINE#         138
  C:19ECH         LINE#         139
  C:19ECH         LINE#         141
  C:19ECH         LINE#         142
  C:19ECH         LINE#         144
  C:19F3H         LINE#         145
  C:19F6H         LINE#         146
  C:19F9H         LINE#         147
  C:1A00H         LINE#         148
  C:1A00H         LINE#         149
  C:1A00H         LINE#         150
  C:1A09H         LINE#         151
  C:1A0CH         LINE#         152
  C:1A0FH         LINE#         153
  C:1A0FH         LINE#         155
  C:1A0FH         LINE#         156
  C:1A0FH         LINE#         158
  C:1A0FH         LINE#         159
  C:1A0FH         LINE#         161
  C:1A12H         LINE#         162
  C:1A12H         LINE#         163
  C:1A12H         LINE#         165
  C:1A12H         LINE#         166
  C:1A12H         LINE#         168
  C:1A12H         LINE#         169
  C:1A12H         LINE#         171
  C:1A15H         LINE#         172
  C:1A15H         LINE#         173
  C:1A15H         LINE#         175
  C:1A15H         LINE#         176
  C:1A15H         LINE#         178
  C:1A15H         LINE#         179
  C:1A15H         LINE#         181
  C:1A18H         LINE#         182
  C:1A18H         LINE#         183
  C:1A18H         LINE#         185
  C:1A18H         LINE#         187
  C:1A18H         LINE#         189
  C:1A18H         LINE#         190
  C:1A18H         LINE#         192
  C:1A1BH         LINE#         193
  C:1A1BH         LINE#         194
  C:1A1BH         LINE#         196
  C:1A1BH         LINE#         198
  C:1A1BH         LINE#         200
  C:1A1BH         LINE#         202
  C:1A1BH         LINE#         203
  -------         ENDPROC       _APP_KEY_PRO
  -------         ENDMOD        APP_KEY

  -------         MODULE        APP_WORK
  C:0000H         SYMBOL        _ICE_DUMMY_
  D:0080H         PUBLIC        P0
  D:0090H         PUBLIC        P1
  D:00A0H         PUBLIC        P2
  D:00B0H         PUBLIC        P3
BL51 BANKED LINKER/LOCATER V6.22                                                      08/11/2017  22:59:24  PAGE 11


  D:00D8H         PUBLIC        P5
  D:00A8H         PUBLIC        IE
  C:2216H         PUBLIC        query_work_sum
  D:00B8H         PUBLIC        IP
  C:25FEH         SYMBOL        app_work_pro
  C:000EH         PUBLIC        app_work_1s_pro
  X:009BH         SYMBOL        count_NoAction
  D:0098H         PUBLIC        SCON
  D:0088H         PUBLIC        TCON
  C:003EH         PUBLIC        work_Init
  B:0021H.2       SYMBOL        pull_once_flag
  D:00F8H         PUBLIC        SCON_1
  X:009CH         PUBLIC        Rep_Pull_num
  D:00E8H         PUBLIC        ADCCON0
  D:00C0H         PUBLIC        I2CON
  X:00A4H         PUBLIC        g_tWork
  D:00C8H         PUBLIC        T2CON
  C:2452H         PUBLIC        app_work_100ms_pro
  D:00D0H         PUBLIC        PSW
  -------         PROC          WORK_INIT
  C:003EH         LINE#         24
  C:003EH         LINE#         25
  C:0044H         LINE#         26
  C:0047H         LINE#         27
  C:004BH         LINE#         28
  C:004DH         LINE#         29
  C:0051H         LINE#         30
  C:0055H         LINE#         32
  C:0059H         LINE#         33
  -------         ENDPROC       WORK_INIT
  -------         PROC          QUERY_WORK_SUM
  C:2216H         LINE#         35
  C:2216H         LINE#         36
  C:2224H         LINE#         37
  C:2233H         LINE#         38
  C:2237H         LINE#         39
  C:2237H         LINE#         40
  C:2239H         LINE#         42
  -------         ENDPROC       QUERY_WORK_SUM
  -------         PROC          APP_WORK_1S_PRO
  C:000EH         LINE#         44
  C:000EH         LINE#         45
  C:0017H         LINE#         46
  C:001AH         LINE#         47
  C:001AH         LINE#         49
  -------         ENDPROC       APP_WORK_1S_PRO
  -------         PROC          APP_WORK_100MS_PRO
  C:2452H         LINE#         50
  C:2452H         LINE#         51
  C:2455H         LINE#         52
  C:2457H         LINE#         54
  C:245AH         LINE#         55
  C:245DH         LINE#         56
  C:245DH         LINE#         58
  -------         ENDPROC       APP_WORK_100MS_PRO
  -------         PROC          APP_WORK_PRO
  C:25FEH         LINE#         60
BL51 BANKED LINKER/LOCATER V6.22                                                      08/11/2017  22:59:24  PAGE 12


  C:25FEH         LINE#         62
  -------         ENDPROC       APP_WORK_PRO
  -------         ENDMOD        APP_WORK

  -------         MODULE        APP_REPEAT_EXE
  C:0000H         SYMBOL        _ICE_DUMMY_
  D:0080H         PUBLIC        P0
  D:0090H         PUBLIC        P1
  D:00A0H         PUBLIC        P2
  D:00B0H         PUBLIC        P3
  C:245EH         PUBLIC        _Repeat_SetStart
  D:00D8H         PUBLIC        P5
  D:00A8H         PUBLIC        IE
  C:2428H         SYMBOL        Repeat_Stop_exe
  D:00B8H         PUBLIC        IP
  C:246AH         PUBLIC        _Repeat_SetStop
  X:00ADH         SYMBOL        g_tRepeat
  D:0098H         PUBLIC        SCON
  D:0088H         PUBLIC        TCON
  D:00F8H         PUBLIC        SCON_1
  C:2041H         PUBLIC        _Repeat_Start
  D:00E8H         PUBLIC        ADCCON0
  D:00C0H         PUBLIC        I2CON
  D:00C8H         PUBLIC        T2CON
  C:23AAH         PUBLIC        Repeat_Stop
  C:18AEH         PUBLIC        Repeat_Pro
  C:2418H         SYMBOL        Repeat_Start_exe
  D:00D0H         PUBLIC        PSW
  -------         PROC          _REPEAT_SETSTART
  D:0001H         SYMBOL        fun
  C:245EH         LINE#         12
  C:245EH         LINE#         13
  C:2469H         LINE#         14
  -------         ENDPROC       _REPEAT_SETSTART
  -------         PROC          _REPEAT_SETSTOP
  D:0001H         SYMBOL        fun
  C:246AH         LINE#         16
  C:246AH         LINE#         17
  C:2475H         LINE#         18
  -------         ENDPROC       _REPEAT_SETSTOP
  -------         PROC          REPEAT_START_EXE
  C:2418H         LINE#         20
  C:2418H         LINE#         21
  C:2424H         LINE#         22
  C:2427H         LINE#         23
  C:2427H         LINE#         24
  -------         ENDPROC       REPEAT_START_EXE
  -------         PROC          REPEAT_STOP_EXE
  C:2428H         LINE#         26
  C:2428H         LINE#         27
  C:2434H         LINE#         28
  C:2437H         LINE#         29
  C:2437H         LINE#         30
  -------         ENDPROC       REPEAT_STOP_EXE
  -------         PROC          _REPEAT_START
  D:0006H         SYMBOL        _usStartTime
  D:0004H         SYMBOL        _usStopTime
BL51 BANKED LINKER/LOCATER V6.22                                                      08/11/2017  22:59:24  PAGE 13


  D:0002H         SYMBOL        _usCycle
  C:2041H         LINE#         42
  C:2041H         LINE#         43
  C:2041H         LINE#         44
  C:2045H         LINE#         46
  C:2045H         LINE#         48
  C:204DH         LINE#         49
  C:2055H         LINE#         50
  C:205DH         LINE#         51
  C:2062H         LINE#         52
  C:2066H         LINE#         53
  C:206AH         LINE#         54
  C:206FH         LINE#         56
  C:2072H         LINE#         57
  -------         ENDPROC       _REPEAT_START
  -------         PROC          REPEAT_STOP
  C:23AAH         LINE#         67
  C:23AAH         LINE#         68
  C:23AFH         LINE#         69
  C:23B2H         LINE#         70
  C:23BBH         LINE#         71
  -------         ENDPROC       REPEAT_STOP
  -------         PROC          REPEAT_PRO
  C:18AEH         LINE#         83
  C:18AEH         LINE#         85
  C:18B5H         LINE#         86
  C:18B8H         LINE#         88
  C:18B8H         LINE#         90
  C:18CFH         LINE#         92
  C:18CFH         LINE#         94
  C:18D5H         LINE#         95
  C:18E1H         LINE#         96
  C:18E1H         LINE#         97
  C:18FAH         LINE#         98
  C:18FDH         LINE#         99
  C:1904H         LINE#         100
  C:1909H         LINE#         101
  C:1909H         LINE#         102
  C:190AH         LINE#         104
  C:190AH         LINE#         105
  C:1912H         LINE#         106
  C:192AH         LINE#         108
  C:1939H         LINE#         109
  C:194CH         LINE#         111
  C:1951H         LINE#         112
  C:1951H         LINE#         114
  C:1957H         LINE#         115
  C:195EH         LINE#         117
  C:195EH         LINE#         118
  C:195EH         LINE#         119
  C:1965H         LINE#         120
  C:1969H         LINE#         122
  C:196CH         LINE#         123
  C:196CH         LINE#         124
  C:196CH         LINE#         126
  -------         ENDPROC       REPEAT_PRO
  -------         ENDMOD        APP_REPEAT_EXE
BL51 BANKED LINKER/LOCATER V6.22                                                      08/11/2017  22:59:24  PAGE 14



  -------         MODULE        BSP
  C:0000H         SYMBOL        _ICE_DUMMY_
  D:0080H         PUBLIC        P0
  D:0090H         PUBLIC        P1
  D:00A0H         PUBLIC        P2
  D:00B0H         PUBLIC        P3
  D:00D8H         PUBLIC        P5
  B:00A8H.7       PUBLIC        EA
  D:00A8H         PUBLIC        IE
  D:00B8H         PUBLIC        IP
  B:0021H.3       PUBLIC        BIT_TMP
  D:0098H         PUBLIC        SCON
  D:0088H         PUBLIC        TCON
  C:23E4H         PUBLIC        bsp_Init
  D:00F8H         PUBLIC        SCON_1
  D:00E8H         PUBLIC        ADCCON0
  D:00C0H         PUBLIC        I2CON
  D:00C8H         PUBLIC        T2CON
  D:00D0H         PUBLIC        PSW
  -------         PROC          BSP_INIT
  C:23E4H         LINE#         5
  C:23E4H         LINE#         10
  C:23E7H         LINE#         14
  C:23EAH         LINE#         15
  C:23EDH         LINE#         17
  C:23F0H         LINE#         18
  C:23F3H         LINE#         23
  C:23F5H         LINE#         25
  -------         ENDPROC       BSP_INIT
  -------         ENDMOD        BSP

  -------         MODULE        BSP_KEY
  C:0000H         SYMBOL        _ICE_DUMMY_
  D:00B1H         PUBLIC        P0M1
  D:00B2H         PUBLIC        P0M2
  D:0080H         PUBLIC        P0
  D:0090H         PUBLIC        P1
  D:00A0H         PUBLIC        P2
  D:00B0H         PUBLIC        P3
  D:00D8H         PUBLIC        P5
  C:001EH         PUBLIC        _bsp_PutKey
  D:00A8H         PUBLIC        IE
  C:17CBH         SYMBOL        bsp_InitKeyVar
  X:0000H         PUBLIC        pBtn
  D:00B8H         PUBLIC        IP
  C:2177H         PUBLIC        bsp_GetKey2
  C:1336H         SYMBOL        _bsp_DetectKey
  B:0080H.2       PUBLIC        P02
  C:2476H         SYMBOL        IsKeyDown1
  B:0080H.4       PUBLIC        P04
  D:0098H         PUBLIC        SCON
  C:247FH         SYMBOL        IsKeyDown2
  B:0080H.5       PUBLIC        P05
  D:0088H         PUBLIC        TCON
  C:2488H         SYMBOL        IsKeyDown3
  B:0080H.6       PUBLIC        P06
BL51 BANKED LINKER/LOCATER V6.22                                                      08/11/2017  22:59:24  PAGE 15


  C:2491H         SYMBOL        IsKeyDown4
  C:249AH         SYMBOL        IsKeyDown5
  C:24A3H         SYMBOL        IsKeyDown6
  C:24ACH         SYMBOL        IsKeyDown7
  B:00D8H.5       PUBLIC        P55
  C:24B5H         SYMBOL        IsKeyDown8
  C:24BEH         SYMBOL        IsKeyDown9
  C:24C7H         PUBLIC        bsp_ClearKey
  D:00F8H         PUBLIC        SCON_1
  C:2344H         PUBLIC        bsp_KeyScan
  D:00E8H         PUBLIC        ADCCON0
  D:00C0H         PUBLIC        I2CON
  D:00C8H         PUBLIC        T2CON
  C:25DFH         PUBLIC        bsp_InitKey
  C:24FAH         SYMBOL        bsp_InitKeyHard
  X:0003H         SYMBOL        s_tBtn
  X:0066H         SYMBOL        s_tKey
  C:20D0H         PUBLIC        bsp_GetKey
  C:1FDBH         PUBLIC        _bsp_SetKeyParam
  C:23F6H         PUBLIC        _bsp_GetKeyState
  D:00D0H         PUBLIC        PSW
  -------         PROC          ISKEYDOWN1
  C:2476H         LINE#         34
  C:2476H         LINE#         35
  C:2479H         LINE#         36
  C:247CH         LINE#         37
  C:247CH         LINE#         38
  C:247EH         LINE#         39
  C:247EH         LINE#         40
  -------         ENDPROC       ISKEYDOWN1
  -------         PROC          ISKEYDOWN2
  C:247FH         LINE#         41
  C:247FH         LINE#         42
  C:2482H         LINE#         43
  C:2485H         LINE#         44
  C:2485H         LINE#         45
  C:2487H         LINE#         46
  C:2487H         LINE#         47
  -------         ENDPROC       ISKEYDOWN2
  -------         PROC          ISKEYDOWN3
  C:2488H         LINE#         48
  C:2488H         LINE#         49
  C:248BH         LINE#         50
  C:248EH         LINE#         51
  C:248EH         LINE#         52
  C:2490H         LINE#         53
  C:2490H         LINE#         54
  -------         ENDPROC       ISKEYDOWN3
  -------         PROC          ISKEYDOWN4
  C:2491H         LINE#         55
  C:2491H         LINE#         56
  C:2494H         LINE#         57
  C:2497H         LINE#         58
  C:2497H         LINE#         59
  C:2499H         LINE#         60
  C:2499H         LINE#         61
  -------         ENDPROC       ISKEYDOWN4
BL51 BANKED LINKER/LOCATER V6.22                                                      08/11/2017  22:59:24  PAGE 16


  -------         PROC          ISKEYDOWN5
  C:249AH         LINE#         63
  C:249AH         LINE#         64
  C:249DH         LINE#         65
  C:24A0H         LINE#         66
  C:24A0H         LINE#         67
  C:24A2H         LINE#         68
  C:24A2H         LINE#         69
  -------         ENDPROC       ISKEYDOWN5
  -------         PROC          ISKEYDOWN6
  C:24A3H         LINE#         70
  C:24A3H         LINE#         71
  C:24A6H         LINE#         72
  C:24A9H         LINE#         73
  C:24A9H         LINE#         74
  C:24ABH         LINE#         75
  C:24ABH         LINE#         76
  -------         ENDPROC       ISKEYDOWN6
  -------         PROC          ISKEYDOWN7
  C:24ACH         LINE#         77
  C:24ACH         LINE#         78
  C:24AFH         LINE#         79
  C:24B2H         LINE#         80
  C:24B2H         LINE#         81
  C:24B4H         LINE#         82
  C:24B4H         LINE#         83
  -------         ENDPROC       ISKEYDOWN7
  -------         PROC          ISKEYDOWN8
  C:24B5H         LINE#         84
  C:24B5H         LINE#         85
  C:24B8H         LINE#         86
  C:24BBH         LINE#         87
  C:24BBH         LINE#         88
  C:24BDH         LINE#         89
  C:24BDH         LINE#         90
  -------         ENDPROC       ISKEYDOWN8
  -------         PROC          ISKEYDOWN9
  C:24BEH         LINE#         91
  C:24BEH         LINE#         92
  C:24C1H         LINE#         93
  C:24C4H         LINE#         94
  C:24C4H         LINE#         95
  C:24C6H         LINE#         96
  C:24C6H         LINE#         97
  -------         ENDPROC       ISKEYDOWN9
  -------         PROC          BSP_INITKEY
  C:25DFH         LINE#         107
  C:25DFH         LINE#         108
  C:25E2H         LINE#         109
  -------         ENDPROC       BSP_INITKEY
  -------         PROC          _BSP_PUTKEY
  D:0007H         SYMBOL        _KeyCode
  C:001EH         LINE#         120
  C:001EH         LINE#         121
  C:002DH         LINE#         123
  C:0038H         LINE#         124
  C:003AH         LINE#         125
BL51 BANKED LINKER/LOCATER V6.22                                                      08/11/2017  22:59:24  PAGE 17


  C:003AH         LINE#         126
  -------         ENDPROC       _BSP_PUTKEY
  -------         PROC          BSP_GETKEY
  -------         DO            
  D:0007H         SYMBOL        ret
  -------         ENDDO         
  C:20D0H         LINE#         136
  C:20D0H         LINE#         139
  C:20DDH         LINE#         140
  C:20E0H         LINE#         141
  C:20E0H         LINE#         142
  C:20ECH         LINE#         144
  C:20F7H         LINE#         145
  C:20F9H         LINE#         146
  C:20F9H         LINE#         147
  C:20F9H         LINE#         148
  C:20F9H         LINE#         149
  -------         ENDPROC       BSP_GETKEY
  -------         PROC          BSP_GETKEY2
  -------         DO            
  D:0007H         SYMBOL        ret
  -------         ENDDO         
  C:2177H         LINE#         159
  C:2177H         LINE#         162
  C:2182H         LINE#         163
  C:2185H         LINE#         164
  C:2185H         LINE#         165
  C:2191H         LINE#         167
  C:219CH         LINE#         168
  C:219EH         LINE#         169
  C:219EH         LINE#         170
  C:219EH         LINE#         171
  C:219EH         LINE#         172
  -------         ENDPROC       BSP_GETKEY2
  -------         PROC          _BSP_GETKEYSTATE
  D:0007H         SYMBOL        _ucKeyID
  C:23F6H         LINE#         182
  C:23F6H         LINE#         183
  C:2406H         LINE#         184
  -------         ENDPROC       _BSP_GETKEYSTATE
  -------         PROC          _BSP_SETKEYPARAM
  D:0007H         SYMBOL        _ucKeyID
  D:0004H         SYMBOL        _LongTime
  D:0003H         SYMBOL        _RepeatSpeed
  C:1FDBH         LINE#         196
  C:1FDBH         LINE#         197
  C:1FEEH         LINE#         198
  C:1FFEH         LINE#         199
  C:200EH         LINE#         200
  -------         ENDPROC       _BSP_SETKEYPARAM
  -------         PROC          BSP_CLEARKEY
  C:24C7H         LINE#         210
  C:24C7H         LINE#         211
  C:24CFH         LINE#         212
  -------         ENDPROC       BSP_CLEARKEY
  -------         PROC          BSP_INITKEYHARD
  C:24FAH         LINE#         222
BL51 BANKED LINKER/LOCATER V6.22                                                      08/11/2017  22:59:24  PAGE 18


  C:24FAH         LINE#         224
  C:24FDH         LINE#         225
  C:2500H         LINE#         227
  -------         ENDPROC       BSP_INITKEYHARD
  -------         PROC          BSP_INITKEYVAR
  -------         DO            
  D:0007H         SYMBOL        i
  -------         ENDDO         
  C:17CBH         LINE#         237
  C:17CBH         LINE#         241
  C:17D0H         LINE#         242
  C:17D2H         LINE#         243
  C:17D4H         LINE#         246
  C:17D5H         LINE#         247
  C:17E9H         LINE#         248
  C:17FAH         LINE#         249
  C:180AH         LINE#         253
  C:181AH         LINE#         254
  C:182AH         LINE#         255
  C:182FH         LINE#         258
  C:183DH         LINE#         259
  C:184BH         LINE#         260
  C:1859H         LINE#         261
  C:1867H         LINE#         262
  C:1875H         LINE#         263
  C:1883H         LINE#         264
  C:1891H         LINE#         265
  C:189FH         LINE#         266
  C:18ADH         LINE#         268
  -------         ENDPROC       BSP_INITKEYVAR
  -------         PROC          _BSP_DETECTKEY
  X:00F8H         SYMBOL        i
  C:1336H         LINE#         279
  C:133BH         LINE#         280
  C:1355H         LINE#         281
  C:1361H         LINE#         282
  C:1378H         LINE#         283
  C:137DH         LINE#         284
  C:1386H         LINE#         285
  C:138EH         LINE#         286
  C:138EH         LINE#         287
  C:1396H         LINE#         288
  C:139DH         LINE#         291
  C:13AAH         LINE#         292
  C:13AAH         LINE#         294
  C:13C9H         LINE#         295
  C:13D6H         LINE#         297
  C:13EDH         LINE#         299
  C:13F7H         LINE#         300
  C:13F7H         LINE#         301
  C:13F9H         LINE#         302
  C:1408H         LINE#         303
  C:1414H         LINE#         304
  C:141BH         LINE#         306
  C:1428H         LINE#         307
  C:1428H         LINE#         308
  C:1428H         LINE#         309
BL51 BANKED LINKER/LOCATER V6.22                                                      08/11/2017  22:59:24  PAGE 19


  C:1428H         LINE#         310
  C:1428H         LINE#         311
  C:1428H         LINE#         312
  C:1428H         LINE#         313
  C:143FH         LINE#         314
  C:1447H         LINE#         315
  C:144CH         LINE#         316
  C:1454H         LINE#         317
  C:1456H         LINE#         318
  C:145FH         LINE#         319
  C:1466H         LINE#         322
  C:1474H         LINE#         323
  C:1474H         LINE#         324
  C:1474H         LINE#         325
  C:1488H         LINE#         326
  C:148FH         LINE#         327
  C:148FH         LINE#         328
  -------         ENDPROC       _BSP_DETECTKEY
  -------         PROC          BSP_KEYSCAN
  -------         DO            
  X:00F9H         SYMBOL        i
  -------         ENDDO         
  C:2344H         LINE#         338
  C:2344H         LINE#         341
  C:2353H         LINE#         342
  C:2356H         LINE#         343
  C:235EH         LINE#         344
  -------         ENDPROC       BSP_KEYSCAN
  -------         ENDMOD        BSP_KEY

  -------         MODULE        BSP_BT
  C:0000H         SYMBOL        _ICE_DUMMY_
  D:0080H         PUBLIC        P0
  D:0090H         PUBLIC        P1
  D:00A0H         PUBLIC        P2
  D:00B0H         PUBLIC        P3
  D:00D8H         PUBLIC        P5
  D:00A8H         PUBLIC        IE
  D:00B8H         PUBLIC        IP
  D:0098H         PUBLIC        SCON
  D:0088H         PUBLIC        TCON
  D:00F8H         PUBLIC        SCON_1
  D:00E8H         PUBLIC        ADCCON0
  D:00C0H         PUBLIC        I2CON
  D:00C8H         PUBLIC        T2CON
  D:00D0H         PUBLIC        PSW
  -------         ENDMOD        BSP_BT

  -------         MODULE        BSP_DISPLAY
  C:0000H         SYMBOL        _ICE_DUMMY_
  C:255CH         PUBLIC        LCD_Show_BAZOOKA_ICO
  D:00B1H         PUBLIC        P0M1
  D:00B3H         PUBLIC        P1M1
  D:00B2H         PUBLIC        P0M2
  D:0080H         PUBLIC        P0
  D:00B5H         PUBLIC        P2M1
  D:00B4H         PUBLIC        P1M2
BL51 BANKED LINKER/LOCATER V6.22                                                      08/11/2017  22:59:24  PAGE 20


  D:0090H         PUBLIC        P1
  D:00B6H         PUBLIC        P2M2
  D:00ACH         PUBLIC        P3M1
  D:00A0H         PUBLIC        P2
  D:00DAH         PUBLIC        P4M1
  D:00B0H         PUBLIC        P3
  D:00ADH         PUBLIC        P3M2
  D:00DCH         PUBLIC        P5M1
  D:00DBH         PUBLIC        P4M2
  D:00DDH         PUBLIC        P5M2
  D:00D8H         PUBLIC        P5
  C:2516H         PUBLIC        LCD_Show_FM_ICO
  C:257FH         PUBLIC        LCD_Clear_ABCD
  C:25C5H         PUBLIC        LCD_Clear_CAL_ICO
  D:00A8H         PUBLIC        IE
  C:0F8CH         PUBLIC        _LCD_Show_mi
  C:2501H         PUBLIC        LCD_Clear_LED_ICO
  C:2594H         PUBLIC        LCD_Show_QS_ICO
  C:2438H         PUBLIC        LCD_Clear_All
  D:00B8H         PUBLIC        IP
  C:0780H         PUBLIC        _LCD_Show_CAL_Num
  C:259BH         PUBLIC        LCD_Clear_COACH_ICO
  C:2563H         PUBLIC        LCD_Clear_upColon_ICO
  C:25A9H         PUBLIC        LCD_Clear_Line_down
  C:225DH         PUBLIC        LCD_Clear_Pulls_Num
  C:2539H         PUBLIC        LCD_Clear_USB_ICO
  C:1F6FH         PUBLIC        LCD_display_InitHard
  C:252BH         PUBLIC        LCD_Clear_AUX_ICO
  C:2547H         PUBLIC        LCD_Clear_MHZ_ICO
  C:2578H         PUBLIC        LCD_Show_downColon_ICO
  D:00FCH         PUBLIC        LCDDAT
  D:00FAH         PUBLIC        LCDCLK
  C:25B7H         PUBLIC        LCD_Clear_Heart_ICO
  C:11D8H         PUBLIC        _LCD_Show_REP_Num
  D:0098H         PUBLIC        SCON
  D:00F9H         PUBLIC        LCDCON
  D:0088H         PUBLIC        TCON
  C:251DH         PUBLIC        LCD_Clear_BLUETooTH_ICO
  C:22C5H         PUBLIC        _LCD_Show_ABCD
  C:25CCH         PUBLIC        LCD_Show_CAL_ICO
  C:2555H         PUBLIC        LCD_Clear_BAZOOKA_ICO
  D:00F8H         PUBLIC        SCON_1
  C:2508H         PUBLIC        LCD_Show_LED_ICO
  D:00FBH         PUBLIC        LCDPTR
  C:250FH         PUBLIC        LCD_Clear_FM_ICO
  C:25A2H         PUBLIC        LCD_Show_COACH_ICO
  C:16E7H         PUBLIC        _LCD_Clear_mi
  C:256AH         PUBLIC        LCD_Show_upColon_ICO
  D:00E8H         PUBLIC        ADCCON0
  D:00C0H         PUBLIC        I2CON
  C:25B0H         PUBLIC        LCD_Show_Line_down
  C:0D39H         PUBLIC        _LCD_Show_Pulls_Num
  C:2586H         PUBLIC        LCD_Show_ABCD_all
  C:258DH         PUBLIC        LCD_Clear_QS_ICO
  C:2540H         PUBLIC        LCD_Show_USB_ICO
  C:20A3H         PUBLIC        LCD_Clear_CAL_Num
  C:2532H         PUBLIC        LCD_Show_AUX_ICO
BL51 BANKED LINKER/LOCATER V6.22                                                      08/11/2017  22:59:24  PAGE 21


  C:254EH         PUBLIC        LCD_Show_MHZ_ICO
  D:00E5H         PUBLIC        LCDSEG0
  D:00E6H         PUBLIC        LCDSEG1
  D:00E7H         PUBLIC        LCDSEG2
  D:00EEH         PUBLIC        LCDSEG3
  D:00C8H         PUBLIC        T2CON
  C:25BEH         PUBLIC        LCD_Show_Heart_ICO
  C:0AA2H         PUBLIC        _LCD_Show_mi_
  C:2524H         PUBLIC        LCD_Show_BLUETooTH_ICO
  C:2445H         PUBLIC        LCD_Clear_mi_all
  C:2571H         PUBLIC        LCD_Clear_downColon_ICO
  D:00D0H         PUBLIC        PSW
  -------         PROC          LCD_DISPLAY_INITHARD
  C:1F6FH         LINE#         15
  C:1F6FH         LINE#         18
  C:1F72H         LINE#         19
  C:1F75H         LINE#         21
  C:1F77H         LINE#         22
  C:1F7AH         LINE#         24
  C:1F7CH         LINE#         25
  C:1F7FH         LINE#         27
  C:1F81H         LINE#         28
  C:1F84H         LINE#         30
  C:1F86H         LINE#         31
  C:1F89H         LINE#         33
  C:1F8BH         LINE#         34
  C:1F8EH         LINE#         38
  C:1F90H         LINE#         40
  C:1F93H         LINE#         43
  C:1F96H         LINE#         44
  C:1F99H         LINE#         45
  C:1F9CH         LINE#         46
  C:1F9FH         LINE#         48
  C:1FA2H         LINE#         50
  -------         ENDPROC       LCD_DISPLAY_INITHARD
  -------         PROC          LCD_CLEAR_ALL
  -------         DO            
  D:0007H         SYMBOL        i
  -------         ENDDO         
  C:2438H         LINE#         53
  C:2438H         LINE#         55
  C:243AH         LINE#         56
  C:243CH         LINE#         57
  C:243FH         LINE#         58
  C:2444H         LINE#         59
  -------         ENDPROC       LCD_CLEAR_ALL
  -------         PROC          LCD_CLEAR_LED_ICO
  C:2501H         LINE#         61
  C:2501H         LINE#         62
  C:2504H         LINE#         63
  C:2507H         LINE#         64
  -------         ENDPROC       LCD_CLEAR_LED_ICO
  -------         PROC          LCD_SHOW_LED_ICO
  C:2508H         LINE#         65
  C:2508H         LINE#         66
  C:250BH         LINE#         67
  C:250EH         LINE#         68
BL51 BANKED LINKER/LOCATER V6.22                                                      08/11/2017  22:59:24  PAGE 22


  -------         ENDPROC       LCD_SHOW_LED_ICO
  -------         PROC          LCD_CLEAR_FM_ICO
  C:250FH         LINE#         69
  C:250FH         LINE#         70
  C:2512H         LINE#         71
  C:2515H         LINE#         72
  -------         ENDPROC       LCD_CLEAR_FM_ICO
  -------         PROC          LCD_SHOW_FM_ICO
  C:2516H         LINE#         73
  C:2516H         LINE#         74
  C:2519H         LINE#         75
  C:251CH         LINE#         76
  -------         ENDPROC       LCD_SHOW_FM_ICO
  -------         PROC          LCD_CLEAR_BLUETOOTH_ICO
  C:251DH         LINE#         77
  C:251DH         LINE#         78
  C:2520H         LINE#         79
  C:2523H         LINE#         80
  -------         ENDPROC       LCD_CLEAR_BLUETOOTH_ICO
  -------         PROC          LCD_SHOW_BLUETOOTH_ICO
  C:2524H         LINE#         81
  C:2524H         LINE#         82
  C:2527H         LINE#         83
  C:252AH         LINE#         84
  -------         ENDPROC       LCD_SHOW_BLUETOOTH_ICO
  -------         PROC          LCD_CLEAR_AUX_ICO
  C:252BH         LINE#         85
  C:252BH         LINE#         86
  C:252EH         LINE#         87
  C:2531H         LINE#         88
  -------         ENDPROC       LCD_CLEAR_AUX_ICO
  -------         PROC          LCD_SHOW_AUX_ICO
  C:2532H         LINE#         89
  C:2532H         LINE#         90
  C:2535H         LINE#         91
  C:2538H         LINE#         92
  -------         ENDPROC       LCD_SHOW_AUX_ICO
  -------         PROC          LCD_CLEAR_USB_ICO
  C:2539H         LINE#         93
  C:2539H         LINE#         94
  C:253CH         LINE#         95
  C:253FH         LINE#         96
  -------         ENDPROC       LCD_CLEAR_USB_ICO
  -------         PROC          LCD_SHOW_USB_ICO
  C:2540H         LINE#         97
  C:2540H         LINE#         98
  C:2543H         LINE#         99
  C:2546H         LINE#         100
  -------         ENDPROC       LCD_SHOW_USB_ICO
  -------         PROC          LCD_CLEAR_MHZ_ICO
  C:2547H         LINE#         101
  C:2547H         LINE#         102
  C:254AH         LINE#         103
  C:254DH         LINE#         104
  -------         ENDPROC       LCD_CLEAR_MHZ_ICO
  -------         PROC          LCD_SHOW_MHZ_ICO
  C:254EH         LINE#         105
BL51 BANKED LINKER/LOCATER V6.22                                                      08/11/2017  22:59:24  PAGE 23


  C:254EH         LINE#         106
  C:2551H         LINE#         107
  C:2554H         LINE#         108
  -------         ENDPROC       LCD_SHOW_MHZ_ICO
  -------         PROC          LCD_CLEAR_BAZOOKA_ICO
  C:2555H         LINE#         109
  C:2555H         LINE#         110
  C:2558H         LINE#         111
  C:255BH         LINE#         112
  -------         ENDPROC       LCD_CLEAR_BAZOOKA_ICO
  -------         PROC          LCD_SHOW_BAZOOKA_ICO
  C:255CH         LINE#         113
  C:255CH         LINE#         114
  C:255FH         LINE#         115
  C:2562H         LINE#         116
  -------         ENDPROC       LCD_SHOW_BAZOOKA_ICO
  -------         PROC          LCD_CLEAR_UPCOLON_ICO
  C:2563H         LINE#         120
  C:2563H         LINE#         121
  C:2566H         LINE#         122
  C:2569H         LINE#         123
  -------         ENDPROC       LCD_CLEAR_UPCOLON_ICO
  -------         PROC          LCD_SHOW_UPCOLON_ICO
  C:256AH         LINE#         124
  C:256AH         LINE#         125
  C:256DH         LINE#         126
  C:2570H         LINE#         127
  -------         ENDPROC       LCD_SHOW_UPCOLON_ICO
  -------         PROC          LCD_CLEAR_DOWNCOLON_ICO
  C:2571H         LINE#         128
  C:2571H         LINE#         129
  C:2574H         LINE#         130
  C:2577H         LINE#         131
  -------         ENDPROC       LCD_CLEAR_DOWNCOLON_ICO
  -------         PROC          LCD_SHOW_DOWNCOLON_ICO
  C:2578H         LINE#         132
  C:2578H         LINE#         133
  C:257BH         LINE#         134
  C:257EH         LINE#         135
  -------         ENDPROC       LCD_SHOW_DOWNCOLON_ICO
  -------         PROC          _LCD_CLEAR_MI
  D:0007H         SYMBOL        n
  C:16E7H         LINE#         137
  C:16E7H         LINE#         138
  C:170FH         LINE#         139
  C:170FH         LINE#         140
  C:1712H         LINE#         141
  C:1715H         LINE#         143
  C:1718H         LINE#         144
  C:171BH         LINE#         146
  C:171EH         LINE#         147
  C:1721H         LINE#         149
  C:1724H         LINE#         150
  C:1724H         LINE#         151
  C:1727H         LINE#         152
  C:1727H         LINE#         153
  C:172AH         LINE#         154
BL51 BANKED LINKER/LOCATER V6.22                                                      08/11/2017  22:59:24  PAGE 24


  C:172DH         LINE#         156
  C:1730H         LINE#         157
  C:1733H         LINE#         159
  C:1736H         LINE#         160
  C:1739H         LINE#         162
  C:173CH         LINE#         163
  C:173CH         LINE#         164
  C:173FH         LINE#         165
  C:173FH         LINE#         166
  C:1742H         LINE#         167
  C:1745H         LINE#         169
  C:1748H         LINE#         170
  C:174BH         LINE#         172
  C:174EH         LINE#         173
  C:1751H         LINE#         175
  C:1754H         LINE#         176
  C:1754H         LINE#         177
  C:1756H         LINE#         178
  C:1756H         LINE#         179
  C:1759H         LINE#         180
  C:175CH         LINE#         182
  C:175FH         LINE#         183
  C:1762H         LINE#         185
  C:1765H         LINE#         186
  C:1768H         LINE#         188
  C:176BH         LINE#         189
  C:176BH         LINE#         190
  C:176DH         LINE#         191
  C:176DH         LINE#         192
  C:1770H         LINE#         193
  C:1773H         LINE#         195
  C:1776H         LINE#         196
  C:1779H         LINE#         198
  C:177CH         LINE#         199
  C:177FH         LINE#         201
  C:1782H         LINE#         202
  C:1782H         LINE#         203
  C:1784H         LINE#         204
  C:1784H         LINE#         205
  C:1787H         LINE#         206
  C:178AH         LINE#         208
  C:178DH         LINE#         209
  C:1790H         LINE#         211
  C:1793H         LINE#         212
  C:1796H         LINE#         214
  C:1799H         LINE#         215
  C:1799H         LINE#         216
  C:179BH         LINE#         217
  C:179BH         LINE#         218
  C:179EH         LINE#         219
  C:17A1H         LINE#         221
  C:17A4H         LINE#         222
  C:17A7H         LINE#         224
  C:17AAH         LINE#         225
  C:17ADH         LINE#         227
  C:17B0H         LINE#         228
  C:17B0H         LINE#         229
BL51 BANKED LINKER/LOCATER V6.22                                                      08/11/2017  22:59:24  PAGE 25


  C:17B2H         LINE#         230
  C:17B2H         LINE#         231
  C:17B5H         LINE#         232
  C:17B8H         LINE#         234
  C:17BBH         LINE#         235
  C:17BEH         LINE#         237
  C:17C1H         LINE#         238
  C:17C4H         LINE#         240
  C:17C7H         LINE#         241
  C:17CAH         LINE#         242
  C:17CAH         LINE#         243
  C:17CAH         LINE#         244
  -------         ENDPROC       _LCD_CLEAR_MI
  -------         PROC          LCD_CLEAR_MI_ALL
  -------         DO            
  D:0006H         SYMBOL        i
  -------         ENDDO         
  C:2445H         LINE#         245
  C:2445H         LINE#         246
  C:2447H         LINE#         247
  C:2447H         LINE#         248
  C:244CH         LINE#         249
  C:2451H         LINE#         250
  -------         ENDPROC       LCD_CLEAR_MI_ALL
  -------         PROC          _LCD_SHOW_MI_
  D:0007H         SYMBOL        n
  D:0005H         SYMBOL        c
  C:0AA2H         LINE#         251
  C:0AA2H         LINE#         252
  C:0AABH         LINE#         254
  C:0AABH         LINE#         256
  C:0B10H         LINE#         257
  C:0B10H         LINE#         258
  C:0B1CH         LINE#         259
  C:0B1FH         LINE#         261
  C:0B25H         LINE#         262
  C:0B28H         LINE#         264
  C:0B2EH         LINE#         265
  C:0B31H         LINE#         267
  C:0B31H         LINE#         268
  C:0B31H         LINE#         269
  C:0B34H         LINE#         270
  C:0B34H         LINE#         271
  C:0B40H         LINE#         272
  C:0B43H         LINE#         274
  C:0B49H         LINE#         275
  C:0B4CH         LINE#         277
  C:0B52H         LINE#         278
  C:0B55H         LINE#         280
  C:0B55H         LINE#         281
  C:0B55H         LINE#         282
  C:0B58H         LINE#         283
  C:0B58H         LINE#         284
  C:0B64H         LINE#         285
  C:0B67H         LINE#         287
  C:0B6DH         LINE#         288
  C:0B70H         LINE#         290
BL51 BANKED LINKER/LOCATER V6.22                                                      08/11/2017  22:59:24  PAGE 26


  C:0B76H         LINE#         291
  C:0B79H         LINE#         293
  C:0B7FH         LINE#         294
  C:0B82H         LINE#         295
  C:0B83H         LINE#         296
  C:0B83H         LINE#         297
  C:0B8FH         LINE#         298
  C:0B92H         LINE#         300
  C:0B92H         LINE#         301
  C:0B92H         LINE#         303
  C:0B92H         LINE#         304
  C:0B92H         LINE#         306
  C:0B92H         LINE#         307
  C:0B92H         LINE#         308
  C:0B95H         LINE#         309
  C:0B95H         LINE#         310
  C:0BA1H         LINE#         311
  C:0BA4H         LINE#         313
  C:0BAAH         LINE#         314
  C:0BADH         LINE#         316
  C:0BADH         LINE#         317
  C:0BADH         LINE#         319
  C:0BADH         LINE#         320
  C:0BADH         LINE#         321
  C:0BB0H         LINE#         322
  C:0BB0H         LINE#         323
  C:0BBCH         LINE#         324
  C:0BBFH         LINE#         326
  C:0BBFH         LINE#         327
  C:0BBFH         LINE#         329
  C:0BBFH         LINE#         330
  C:0BBFH         LINE#         332
  C:0BBFH         LINE#         333
  C:0BBFH         LINE#         334
  C:0BC1H         LINE#         335
  C:0BC1H         LINE#         336
  C:0BCDH         LINE#         337
  C:0BD0H         LINE#         339
  C:0BD6H         LINE#         340
  C:0BD9H         LINE#         342
  C:0BDFH         LINE#         343
  C:0BE2H         LINE#         345
  C:0BE8H         LINE#         346
  C:0BEBH         LINE#         347
  C:0BECH         LINE#         348
  C:0BECH         LINE#         349
  C:0BF8H         LINE#         350
  C:0BFBH         LINE#         352
  C:0C01H         LINE#         353
  C:0C04H         LINE#         355
  C:0C0AH         LINE#         356
  C:0C0DH         LINE#         358
  C:0C0DH         LINE#         359
  C:0C0DH         LINE#         360
  C:0C10H         LINE#         361
  C:0C10H         LINE#         362
  C:0C1CH         LINE#         363
BL51 BANKED LINKER/LOCATER V6.22                                                      08/11/2017  22:59:24  PAGE 27


  C:0C1FH         LINE#         365
  C:0C1FH         LINE#         366
  C:0C1FH         LINE#         368
  C:0C1FH         LINE#         369
  C:0C1FH         LINE#         371
  C:0C1FH         LINE#         372
  C:0C1FH         LINE#         373
  C:0C21H         LINE#         374
  C:0C21H         LINE#         375
  C:0C2DH         LINE#         376
  C:0C30H         LINE#         378
  C:0C36H         LINE#         379
  C:0C39H         LINE#         381
  C:0C3FH         LINE#         382
  C:0C42H         LINE#         384
  C:0C42H         LINE#         385
  C:0C42H         LINE#         386
  C:0C44H         LINE#         387
  C:0C44H         LINE#         388
  C:0C47H         LINE#         389
  C:0C47H         LINE#         390
  C:0C47H         LINE#         391
  C:0C53H         LINE#         392
  C:0C56H         LINE#         394
  C:0C5CH         LINE#         395
  C:0C5FH         LINE#         397
  C:0C65H         LINE#         398
  C:0C68H         LINE#         400
  C:0C68H         LINE#         401
  C:0C68H         LINE#         402
  C:0C6AH         LINE#         403
  C:0C6AH         LINE#         404
  C:0C76H         LINE#         405
  C:0C79H         LINE#         407
  C:0C7FH         LINE#         408
  C:0C82H         LINE#         410
  C:0C88H         LINE#         411
  C:0C8BH         LINE#         413
  C:0C91H         LINE#         414
  C:0C94H         LINE#         415
  C:0C95H         LINE#         416
  C:0C95H         LINE#         417
  C:0CA1H         LINE#         418
  C:0CA4H         LINE#         420
  C:0CAAH         LINE#         421
  C:0CADH         LINE#         423
  C:0CB3H         LINE#         424
  C:0CB6H         LINE#         426
  C:0CBCH         LINE#         427
  C:0CBFH         LINE#         428
  C:0CC0H         LINE#         429
  C:0CC0H         LINE#         430
  C:0CCCH         LINE#         431
  C:0CCFH         LINE#         433
  C:0CD5H         LINE#         434
  C:0CD8H         LINE#         436
  C:0CDEH         LINE#         437
BL51 BANKED LINKER/LOCATER V6.22                                                      08/11/2017  22:59:24  PAGE 28


  C:0CE1H         LINE#         439
  C:0CE7H         LINE#         440
  C:0CEAH         LINE#         441
  C:0CEBH         LINE#         442
  C:0CEBH         LINE#         443
  C:0CF7H         LINE#         444
  C:0CFAH         LINE#         446
  C:0D00H         LINE#         447
  C:0D03H         LINE#         449
  C:0D09H         LINE#         450
  C:0D0CH         LINE#         452
  C:0D0CH         LINE#         453
  C:0D0CH         LINE#         454
  C:0D0EH         LINE#         455
  C:0D0EH         LINE#         456
  C:0D1AH         LINE#         457
  C:0D1DH         LINE#         459
  C:0D23H         LINE#         460
  C:0D26H         LINE#         462
  C:0D2CH         LINE#         463
  C:0D2FH         LINE#         465
  C:0D35H         LINE#         466
  C:0D38H         LINE#         467
  C:0D38H         LINE#         468
  C:0D38H         LINE#         470
  C:0D38H         LINE#         471
  C:0D38H         LINE#         473
  C:0D38H         LINE#         474
  C:0D38H         LINE#         476
  C:0D38H         LINE#         477
  C:0D38H         LINE#         479
  C:0D38H         LINE#         480
  C:0D38H         LINE#         482
  C:0D38H         LINE#         483
  C:0D38H         LINE#         485
  C:0D38H         LINE#         486
  C:0D38H         LINE#         488
  C:0D38H         LINE#         489
  C:0D38H         LINE#         491
  C:0D38H         LINE#         492
  C:0D38H         LINE#         494
  C:0D38H         LINE#         495
  C:0D38H         LINE#         497
  C:0D38H         LINE#         498
  C:0D38H         LINE#         500
  C:0D38H         LINE#         501
  C:0D38H         LINE#         503
  C:0D38H         LINE#         504
  C:0D38H         LINE#         506
  C:0D38H         LINE#         507
  C:0D38H         LINE#         509
  C:0D38H         LINE#         510
  C:0D38H         LINE#         512
  C:0D38H         LINE#         513
  C:0D38H         LINE#         515
  C:0D38H         LINE#         516
  C:0D38H         LINE#         518
BL51 BANKED LINKER/LOCATER V6.22                                                      08/11/2017  22:59:24  PAGE 29


  C:0D38H         LINE#         519
  C:0D38H         LINE#         521
  C:0D38H         LINE#         522
  C:0D38H         LINE#         524
  C:0D38H         LINE#         525
  C:0D38H         LINE#         527
  C:0D38H         LINE#         528
  C:0D38H         LINE#         529
  -------         ENDPROC       _LCD_SHOW_MI_
  -------         PROC          _LCD_SHOW_MI
  X:00F2H         SYMBOL        n
  X:00F3H         SYMBOL        c
  C:0F8CH         LINE#         530
  C:0F96H         LINE#         531
  C:0FA2H         LINE#         532
  C:0FA2H         LINE#         533
  C:0FE3H         LINE#         534
  C:0FE3H         LINE#         535
  C:0FE6H         LINE#         536
  C:0FE9H         LINE#         538
  C:0FECH         LINE#         539
  C:0FEFH         LINE#         541
  C:0FF2H         LINE#         542
  C:0FF5H         LINE#         544
  C:0FF5H         LINE#         545
  C:0FF5H         LINE#         546
  C:0FF7H         LINE#         547
  C:0FF7H         LINE#         548
  C:0FFAH         LINE#         549
  C:0FFDH         LINE#         551
  C:1000H         LINE#         552
  C:1002H         LINE#         554
  C:1005H         LINE#         555
  C:1008H         LINE#         557
  C:1008H         LINE#         558
  C:1008H         LINE#         559
  C:100AH         LINE#         560
  C:100AH         LINE#         561
  C:100DH         LINE#         562
  C:1010H         LINE#         564
  C:1013H         LINE#         565
  C:1016H         LINE#         567
  C:1019H         LINE#         568
  C:101CH         LINE#         570
  C:101FH         LINE#         571
  C:101FH         LINE#         572
  C:1022H         LINE#         573
  C:1022H         LINE#         574
  C:1025H         LINE#         575
  C:1028H         LINE#         577
  C:1028H         LINE#         578
  C:1028H         LINE#         580
  C:1028H         LINE#         581
  C:1028H         LINE#         583
  C:1028H         LINE#         584
  C:1028H         LINE#         585
  C:102AH         LINE#         586
BL51 BANKED LINKER/LOCATER V6.22                                                      08/11/2017  22:59:24  PAGE 30


  C:102AH         LINE#         587
  C:102DH         LINE#         588
  C:1030H         LINE#         590
  C:1033H         LINE#         591
  C:1036H         LINE#         593
  C:1039H         LINE#         594
  C:103BH         LINE#         596
  C:103BH         LINE#         597
  C:103BH         LINE#         598
  C:103DH         LINE#         599
  C:103DH         LINE#         600
  C:1040H         LINE#         601
  C:1043H         LINE#         603
  C:1043H         LINE#         604
  C:1043H         LINE#         606
  C:1043H         LINE#         607
  C:1043H         LINE#         609
  C:1043H         LINE#         610
  C:1043H         LINE#         611
  C:1045H         LINE#         612
  C:1045H         LINE#         613
  C:1048H         LINE#         614
  C:104BH         LINE#         616
  C:104EH         LINE#         617
  C:1051H         LINE#         619
  C:1054H         LINE#         620
  C:1057H         LINE#         622
  C:105AH         LINE#         623
  C:105AH         LINE#         624
  C:105DH         LINE#         625
  C:105DH         LINE#         626
  C:1060H         LINE#         627
  C:1063H         LINE#         629
  C:1066H         LINE#         630
  C:1069H         LINE#         632
  C:106CH         LINE#         633
  C:106EH         LINE#         635
  C:1071H         LINE#         636
  C:1071H         LINE#         637
  C:1074H         LINE#         638
  C:1074H         LINE#         639
  C:1077H         LINE#         640
  C:107AH         LINE#         642
  C:107DH         LINE#         643
  C:1080H         LINE#         645
  C:1083H         LINE#         646
  C:1086H         LINE#         648
  C:1086H         LINE#         649
  C:1086H         LINE#         650
  C:1088H         LINE#         651
  C:1088H         LINE#         652
  C:108BH         LINE#         653
  C:108EH         LINE#         655
  C:1091H         LINE#         656
  C:1094H         LINE#         658
  C:1097H         LINE#         659
  C:109AH         LINE#         661
BL51 BANKED LINKER/LOCATER V6.22                                                      08/11/2017  22:59:24  PAGE 31


  C:109DH         LINE#         662
  C:109DH         LINE#         663
  C:10A0H         LINE#         664
  C:10A0H         LINE#         667
  C:10A0H         LINE#         669
  C:10A0H         LINE#         670
  C:10A0H         LINE#         672
  C:10A0H         LINE#         673
  C:10A0H         LINE#         675
  C:10A0H         LINE#         676
  C:10A0H         LINE#         678
  C:10A0H         LINE#         679
  C:10A0H         LINE#         681
  C:10A0H         LINE#         682
  C:10A0H         LINE#         684
  C:10A0H         LINE#         685
  C:10A0H         LINE#         687
  C:10A0H         LINE#         688
  C:10A0H         LINE#         689
  C:10A0H         LINE#         690
  C:10A0H         LINE#         691
  C:10A0H         LINE#         692
  C:10E1H         LINE#         693
  C:10E1H         LINE#         694
  C:10E4H         LINE#         695
  C:10E7H         LINE#         697
  C:10EAH         LINE#         698
  C:10EDH         LINE#         700
  C:10F0H         LINE#         701
  C:10F3H         LINE#         703
  C:10F6H         LINE#         704
  C:10F6H         LINE#         705
  C:10F9H         LINE#         706
  C:10F9H         LINE#         707
  C:10FCH         LINE#         708
  C:10FFH         LINE#         710
  C:1102H         LINE#         711
  C:1104H         LINE#         713
  C:1107H         LINE#         714
  C:110AH         LINE#         716
  C:110DH         LINE#         717
  C:110DH         LINE#         718
  C:1110H         LINE#         719
  C:1110H         LINE#         720
  C:1113H         LINE#         721
  C:1116H         LINE#         723
  C:1119H         LINE#         724
  C:111CH         LINE#         726
  C:111FH         LINE#         727
  C:1122H         LINE#         729
  C:1125H         LINE#         730
  C:1128H         LINE#         731
  C:1129H         LINE#         732
  C:1129H         LINE#         733
  C:112CH         LINE#         734
  C:112FH         LINE#         736
  C:1132H         LINE#         737
BL51 BANKED LINKER/LOCATER V6.22                                                      08/11/2017  22:59:24  PAGE 32


  C:1135H         LINE#         739
  C:1138H         LINE#         740
  C:113BH         LINE#         742
  C:113EH         LINE#         743
  C:113EH         LINE#         744
  C:1141H         LINE#         745
[...]
  C:20FAH         LINE#         181
  C:20FDH         LINE#         182
  C:2100H         LINE#         184
  C:2103H         LINE#         185
  C:2106H         LINE#         186
  C:2109H         LINE#         189
  C:2121H         LINE#         194
  C:2123H         LINE#         195
  -------         ENDPROC       _INITIALUART0_TIMER1_TYPE3
  -------         PROC          _INITIALUART0_TIMER1_TYPE4
  D:0004H         SYMBOL        u32Baudrate
  C:2124H         LINE#         200
  C:2124H         LINE#         201
  C:2124H         LINE#         202
  C:2127H         LINE#         203
  C:212AH         LINE#         205
  C:212DH         LINE#         206
  C:2130H         LINE#         207
  C:2133H         LINE#         210
  C:214BH         LINE#         215
  C:214DH         LINE#         216
  -------         ENDPROC       _INITIALUART0_TIMER1_TYPE4
  -------         PROC          _INITIALUART0_TIMER3_TYPE5
  X:00D2H         SYMBOL        u32Baudrate
  C:1BA2H         LINE#         218
  C:1BA8H         LINE#         219
  C:1BA8H         LINE#         220
  C:1BABH         LINE#         221
  C:1BAEH         LINE#         222
  C:1BB1H         LINE#         223
  C:1BB4H         LINE#         226
  C:1BE2H         LINE#         227
  C:1C01H         LINE#         233
  C:1C04H         LINE#         234
  -------         ENDPROC       _INITIALUART0_TIMER3_TYPE5
  -------         PROC          _INITIALUART0_TIMER3_TYPE6
  X:00D6H         SYMBOL        u32Baudrate
  C:1C05H         LINE#         236
  C:1C0BH         LINE#         237
  C:1C0BH         LINE#         238
  C:1C0EH         LINE#         239
  C:1C11H         LINE#         240
  C:1C14H         LINE#         241
  C:1C17H         LINE#         244
  C:1C45H         LINE#         245
  C:1C64H         LINE#         251
  C:1C67H         LINE#         252
  -------         ENDPROC       _INITIALUART0_TIMER3_TYPE6
BL51 BANKED LINKER/LOCATER V6.22                                                      08/11/2017  22:59:24  PAGE 56


  -------         PROC          _INITIALUART1_TIMER3
  X:00DAH         SYMBOL        u32Baudrate
  C:1D28H         LINE#         254
  C:1D2EH         LINE#         255
  C:1D2EH         LINE#         256
  C:1D31H         LINE#         257
  C:1D34H         LINE#         260
  C:1D62H         LINE#         261
  C:1D81H         LINE#         267
  C:1D84H         LINE#         268
  -------         ENDPROC       _INITIALUART1_TIMER3
  -------         PROC          RECEIVE_DATA_FROM_UART0
  -------         DO            
  D:0007H         SYMBOL        c
  -------         ENDDO         
  C:0003H         LINE#         280
  C:0003H         LINE#         283
  C:0006H         LINE#         285
  C:0008H         LINE#         286
  C:000AH         LINE#         287
  C:000AH         LINE#         288
  -------         ENDPROC       RECEIVE_DATA_FROM_UART0
  -------         PROC          _SEND_DATA_TO_UART0
  D:0007H         SYMBOL        c
  C:24E2H         LINE#         300
  C:24E2H         LINE#         301
  C:24E4H         LINE#         302
  C:24E6H         LINE#         303
  C:24E9H         LINE#         305
  -------         ENDPROC       _SEND_DATA_TO_UART0
  -------         PROC          RECEIVE_DATA_FROM_UART1
  -------         DO            
  D:0007H         SYMBOL        c
  -------         ENDDO         
  C:24EAH         LINE#         317
  C:24EAH         LINE#         320
  C:24EDH         LINE#         322
  C:24EFH         LINE#         323
  C:24F1H         LINE#         324
  C:24F1H         LINE#         325
  -------         ENDPROC       RECEIVE_DATA_FROM_UART1
  -------         PROC          _SEND_DATA_TO_UART1
  D:0007H         SYMBOL        c
  C:24F2H         LINE#         337
  C:24F2H         LINE#         338
  C:24F4H         LINE#         339
  C:24F6H         LINE#         340
  C:24F9H         LINE#         342
  -------         ENDPROC       _SEND_DATA_TO_UART1
  -------         PROC          SET_ALL_GPIO_QUASI_MODE
  C:235FH         LINE#         344
  C:235FH         LINE#         345
  C:2362H         LINE#         346
  C:2364H         LINE#         347
  C:2366H         LINE#         348
  C:2368H         LINE#         349
  C:236AH         LINE#         350
BL51 BANKED LINKER/LOCATER V6.22                                                      08/11/2017  22:59:24  PAGE 57


  C:236CH         LINE#         351
  C:236EH         LINE#         352
  C:2370H         LINE#         353
  C:2372H         LINE#         354
  C:2374H         LINE#         355
  C:2376H         LINE#         356
  C:2378H         LINE#         357
  -------         ENDPROC       SET_ALL_GPIO_QUASI_MODE
  -------         PROC          SET_ALL_GPIO_INPUT_MODE
  C:2308H         LINE#         359
  C:2308H         LINE#         360
  C:230BH         LINE#         361
  C:230EH         LINE#         362
  C:2311H         LINE#         363
  C:2313H         LINE#         364
  C:2316H         LINE#         365
  C:2318H         LINE#         366
  C:231BH         LINE#         367
  C:231DH         LINE#         368
  C:2320H         LINE#         369
  C:2322H         LINE#         370
  C:2325H         LINE#         371
  C:2327H         LINE#         372
  -------         ENDPROC       SET_ALL_GPIO_INPUT_MODE
  -------         PROC          SW_RESET
  C:2379H         LINE#         375
  C:2379H         LINE#         376
  C:237CH         LINE#         377
  C:237FH         LINE#         378
  C:2392H         LINE#         380
  -------         ENDPROC       SW_RESET
  -------         PROC          FSYS_CLOCK_OUTPUT_ON_P26
  C:25E5H         LINE#         382
  C:25E5H         LINE#         383
  C:25E8H         LINE#         384
  -------         ENDPROC       FSYS_CLOCK_OUTPUT_ON_P26
  -------         PROC          _PUTCHAR
  D:0007H         SYMBOL        c
  C:1F32H         LINE#         393
  C:1F32H         LINE#         431
  C:1F37H         LINE#         432
  C:1F3AH         LINE#         433
  C:1F3FH         LINE#         434
  C:1F3FH         LINE#         435
  C:1F41H         LINE#         436
  C:1F44H         LINE#         438
  C:1F49H         LINE#         439
  C:1F4BH         LINE#         440
  C:1F4BH         LINE#         441
  C:1F4BH         LINE#         442
  C:1F4EH         LINE#         444
  C:1F50H         LINE#         445
  C:1F53H         LINE#         446
  C:1F53H         LINE#         447
  C:1F56H         LINE#         448
  C:1F5BH         LINE#         449
  C:1F5BH         LINE#         450
BL51 BANKED LINKER/LOCATER V6.22                                                      08/11/2017  22:59:24  PAGE 58


  C:1F5DH         LINE#         451
  C:1F60H         LINE#         453
  C:1F65H         LINE#         454
  C:1F67H         LINE#         455
  C:1F67H         LINE#         456
  C:1F67H         LINE#         457
  C:1F6AH         LINE#         459
  C:1F6CH         LINE#         460
  C:1F6EH         LINE#         462
  -------         ENDPROC       _PUTCHAR
  -------         ENDMOD        COMMON

  -------         MODULE        DELAY
  C:0000H         SYMBOL        _ICE_DUMMY_
  D:0080H         PUBLIC        P0
  D:0090H         PUBLIC        P1
  D:00A0H         PUBLIC        P2
  D:00B0H         PUBLIC        P3
  D:008FH         PUBLIC        WKCON
  D:00D8H         PUBLIC        P5
  D:00A8H         PUBLIC        IE
  D:00B8H         PUBLIC        IP
  C:1E3BH         PUBLIC        _Timer0_Delay1ms
  C:1E94H         PUBLIC        _Timer1_Delay1ms
  C:1DE0H         PUBLIC        _Timer3_Delay1ms
  D:0098H         PUBLIC        SCON
  D:0089H         PUBLIC        TMOD
  D:0088H         PUBLIC        TCON
  C:1AB6H         PUBLIC        _?Random_Delay
  C:22E7H         PUBLIC        _Delay10us
  D:00F8H         PUBLIC        SCON_1
  B:0088H.5       PUBLIC        TF0
  B:0088H.7       PUBLIC        TF1
  D:008CH         PUBLIC        TH0
  D:00C6H         PUBLIC        R3H
  D:008DH         PUBLIC        TH1
  D:008AH         PUBLIC        TL0
  C:1C68H         PUBLIC        _WakeUp_Timer_Delay25ms
  D:00C5H         PUBLIC        R3L
  D:008BH         PUBLIC        TL1
  B:0088H.4       PUBLIC        TR0
  B:0088H.6       PUBLIC        TR1
  D:00E8H         PUBLIC        ADCCON0
  D:00C0H         PUBLIC        I2CON
  D:00C8H         PUBLIC        T2CON
  D:00C4H         PUBLIC        T3CON
  D:008EH         PUBLIC        CKCON
  D:0086H         PUBLIC        RWK
  D:00D0H         PUBLIC        PSW
  -------         PROC          _?RANDOM_DELAY
  -------         DO            
  x:0000H         SYMBOL        u32CNT
  x:0004H         SYMBOL        u32Tmp
  -------         ENDDO         
  C:1AB6H         LINE#         36
  C:1ABCH         LINE#         37
  C:1ABCH         LINE#         41
BL51 BANKED LINKER/LOCATER V6.22                                                      08/11/2017  22:59:24  PAGE 59


  C:1AE7H         LINE#         42
  C:1AE7H         LINE#         43
  C:1B0CH         LINE#         44
  C:1B33H         LINE#         45
  -------         ENDPROC       _?RANDOM_DELAY
  -------         PROC          _DELAY10US
  D:0006H         SYMBOL        u16CNT
  C:22E7H         LINE#         47
  C:22E7H         LINE#         48
  C:22EAH         LINE#         49
  C:22EDH         LINE#         50
  C:22EFH         LINE#         51
  C:22F3H         LINE#         52
  C:22F6H         LINE#         53
  C:22F9H         LINE#         54
  C:22FCH         LINE#         56
  C:22FEH         LINE#         57
  C:2303H         LINE#         58
  C:2305H         LINE#         59
  C:2307H         LINE#         60
  -------         ENDPROC       _DELAY10US
  -------         PROC          _TIMER0_DELAY1MS
  X:00DEH         SYMBOL        u32CNT
  C:1E3BH         LINE#         62
  C:1E41H         LINE#         63
  C:1E44H         LINE#         64
  C:1E47H         LINE#         65
  C:1E49H         LINE#         66
  C:1E62H         LINE#         67
  C:1E65H         LINE#         68
  C:1E68H         LINE#         69
  C:1E6BH         LINE#         71
  C:1E6DH         LINE#         72
  C:1E8FH         LINE#         73
  C:1E91H         LINE#         74
  C:1E93H         LINE#         75
  -------         ENDPROC       _TIMER0_DELAY1MS
  -------         PROC          _TIMER1_DELAY1MS
  X:00E2H         SYMBOL        u32CNT
  C:1E94H         LINE#         77
  C:1E9AH         LINE#         78
  C:1E9DH         LINE#         79
  C:1EA0H         LINE#         80
  C:1EA2H         LINE#         81
  C:1EBBH         LINE#         82
  C:1EBEH         LINE#         83
  C:1EC1H         LINE#         84
  C:1EC4H         LINE#         86
  C:1EC6H         LINE#         87
  C:1EE8H         LINE#         88
  C:1EEAH         LINE#         89
  C:1EECH         LINE#         90
  -------         ENDPROC       _TIMER1_DELAY1MS
  -------         PROC          _TIMER3_DELAY1MS
  X:00E6H         SYMBOL        u32CNT
  C:1DE0H         LINE#         92
  C:1DE6H         LINE#         93
BL51 BANKED LINKER/LOCATER V6.22                                                      08/11/2017  22:59:24  PAGE 60


  C:1DE9H         LINE#         94
  C:1DECH         LINE#         95
  C:1E05H         LINE#         96
  C:1E08H         LINE#         97
  C:1E0BH         LINE#         98
  C:1E10H         LINE#         100
  C:1E13H         LINE#         101
  C:1E35H         LINE#         102
  C:1E37H         LINE#         103
  C:1E3AH         LINE#         104
  -------         ENDPROC       _TIMER3_DELAY1MS
  -------         PROC          _WAKEUP_TIMER_DELAY25MS
  X:00EAH         SYMBOL        u32CNT
  C:1C68H         LINE#         106
  C:1C6EH         LINE#         107
  C:1C6EH         LINE#         108
  C:1C71H         LINE#         109
  C:1C74H         LINE#         110
  C:1C77H         LINE#         112
  C:1C7AH         LINE#         114
  C:1C7DH         LINE#         115
  C:1C80H         LINE#         116
  C:1C99H         LINE#         117
  C:1C9EH         LINE#         119
  C:1CA1H         LINE#         120
  C:1CC3H         LINE#         121
  C:1CC5H         LINE#         122
  C:1CC8H         LINE#         123
  -------         ENDPROC       _WAKEUP_TIMER_DELAY25MS
  -------         ENDMOD        DELAY

  -------         MODULE        VERSION
  C:0000H         SYMBOL        _ICE_DUMMY_
  D:0080H         PUBLIC        P0
  D:0090H         PUBLIC        P1
  D:00A0H         PUBLIC        P2
  D:00B0H         PUBLIC        P3
  D:00D8H         PUBLIC        P5
  D:00A8H         PUBLIC        IE
  D:00B8H         PUBLIC        IP
  D:0098H         PUBLIC        SCON
  D:0088H         PUBLIC        TCON
  D:00F8H         PUBLIC        SCON_1
  C:1CC9H         PUBLIC        Show_FW_Version_Number_To_PC
  D:00E8H         PUBLIC        ADCCON0
  D:00C0H         PUBLIC        I2CON
  D:00C8H         PUBLIC        T2CON
  D:00D0H         PUBLIC        PSW
  -------         PROC          SHOW_FW_VERSION_NUMBER_TO_PC
  C:1CC9H         LINE#         32
  C:1CC9H         LINE#         33
  C:1CC9H         LINE#         34
  C:1CD2H         LINE#         35
  C:1CDBH         LINE#         36
  C:1CE4H         LINE#         37
  C:1CFEH         LINE#         38
  C:1D1FH         LINE#         39
BL51 BANKED LINKER/LOCATER V6.22                                                      08/11/2017  22:59:24  PAGE 61


  -------         ENDPROC       SHOW_FW_VERSION_NUMBER_TO_PC
  -------         ENDMOD        VERSION

  -------         MODULE        ?C_STARTUP
  C:1A1CH         SEGMENT       ?C_C51STARTUP
  I:0022H         SEGMENT       ?STACK
  C:0000H         PUBLIC        ?C_STARTUP
  D:00E0H         SYMBOL        ACC
  D:00F0H         SYMBOL        B
  D:0083H         SYMBOL        DPH
  D:0082H         SYMBOL        DPL
  N:0000H         SYMBOL        IBPSTACK
  N:0100H         SYMBOL        IBPSTACKTOP
  N:0080H         SYMBOL        IDATALEN
  C:1A1FH         SYMBOL        IDATALOOP
  N:0000H         SYMBOL        PBPSTACK
  N:0000H         SYMBOL        PBPSTACKTOP
  N:0000H         SYMBOL        PDATALEN
  N:0000H         SYMBOL        PDATASTART
  N:0000H         SYMBOL        PPAGE
  N:0000H         SYMBOL        PPAGEENABLE
  D:00A0H         SYMBOL        PPAGE_SFR
  D:0081H         SYMBOL        SP
  C:1A1CH         SYMBOL        STARTUP1
  N:0000H         SYMBOL        XBPSTACK
  N:0000H         SYMBOL        XBPSTACKTOP
  N:00FFH         SYMBOL        XDATALEN
  C:1A2AH         SYMBOL        XDATALOOP
  N:0000H         SYMBOL        XDATASTART
  C:0000H         LINE#         92
  C:1A1CH         LINE#         99
  C:1A1EH         LINE#         100
  C:1A1FH         LINE#         101
  C:1A20H         LINE#         102
  C:1A22H         LINE#         106
  C:1A25H         LINE#         107
  C:1A27H         LINE#         109
  C:1A29H         LINE#         113
  C:1A2AH         LINE#         114
  C:1A2BH         LINE#         115
  C:1A2CH         LINE#         116
  C:1A2EH         LINE#         117
  C:1A30H         LINE#         151
  C:1A33H         LINE#         155
  -------         ENDMOD        ?C_STARTUP

  -------         MODULE        ?C?CLDOPTR
  C:005EH         PUBLIC        ?C?CLDOPTR
  -------         ENDMOD        ?C?CLDOPTR

  -------         MODULE        ?C?CILDOPTR
  C:008BH         PUBLIC        ?C?CILDOPTR
  -------         ENDMOD        ?C?CILDOPTR

  -------         MODULE        ?C?CSTPTR
  C:00BEH         PUBLIC        ?C?CSTPTR
  -------         ENDMOD        ?C?CSTPTR
BL51 BANKED LINKER/LOCATER V6.22                                                      08/11/2017  22:59:24  PAGE 62



  -------         MODULE        ?C?CSTOPTR
  C:00D0H         PUBLIC        ?C?CSTOPTR
  -------         ENDMOD        ?C?CSTOPTR

  -------         MODULE        ?C?UIDIV
  C:00F2H         PUBLIC        ?C?UIDIV
  -------         ENDMOD        ?C?UIDIV

  -------         MODULE        ?C?IILDX
  C:0147H         PUBLIC        ?C?IILDX
  -------         ENDMOD        ?C?IILDX

  -------         MODULE        ?C?ILDOPTR
  C:015DH         PUBLIC        ?C?ILDOPTR
  -------         ENDMOD        ?C?ILDOPTR

  -------         MODULE        ?C?IILDOPTR
  C:0195H         PUBLIC        ?C?IILDOPTR
  -------         ENDMOD        ?C?IILDOPTR

  -------         MODULE        ?C?ISTOPTR
  C:01E2H         PUBLIC        ?C?ISTOPTR
  -------         ENDMOD        ?C?ISTOPTR

  -------         MODULE        ?C?ULDIV
  C:024BH         PUBLIC        ?C?ULDIV
  -------         ENDMOD        ?C?ULDIV

  -------         MODULE        ?C?ULCMP
  C:02DDH         PUBLIC        ?C?ULCMP
  -------         ENDMOD        ?C?ULCMP

  -------         MODULE        ?C?ULSHR
  C:02EEH         PUBLIC        ?C?ULSHR
  -------         ENDMOD        ?C?ULSHR

  -------         MODULE        ?C?LSTXDATA
  C:0301H         PUBLIC        ?C?LSTXDATA
  -------         ENDMOD        ?C?LSTXDATA

  -------         MODULE        ?C?LSTKXDATA
  C:030DH         PUBLIC        ?C?LSTKXDATA
  -------         ENDMOD        ?C?LSTKXDATA

  -------         MODULE        ?C?PLDPTR
  C:033EH         PUBLIC        ?C?PLDPTR
  -------         ENDMOD        ?C?PLDPTR

  -------         MODULE        ?C?ICALL
  C:035EH         PUBLIC        ?C?ICALL
  C:0362H         PUBLIC        ?C?ICALL2
  -------         ENDMOD        ?C?ICALL

  -------         MODULE        ?C_XBP
  D:000DH         PUBLIC        ?C_XBP
  -------         ENDMOD        ?C_XBP
BL51 BANKED LINKER/LOCATER V6.22                                                      08/11/2017  22:59:24  PAGE 63



  -------         MODULE        ?C?ADDXBP
  C:0364H         PUBLIC        ?C?ADDXBP
  -------         ENDMOD        ?C?ADDXBP

  -------         MODULE        ?C?XBPOFF
  C:0388H         PUBLIC        ?C?XBPOFF
  -------         ENDMOD        ?C?XBPOFF

  -------         MODULE        PRINTF
  X:0073H         PUBLIC        ?_PRINTF517?BYTE
  X:0073H         PUBLIC        ?_PRINTF?BYTE
  X:0073H         PUBLIC        ?_SPRINTF517?BYTE
  X:0073H         PUBLIC        ?_SPRINTF?BYTE
  C:0486H         PUBLIC        _PRINTF
  C:0486H         PUBLIC        _PRINTF517
  C:0480H         PUBLIC        _SPRINTF
  C:0480H         PUBLIC        _SPRINTF517
  -------         ENDMOD        PRINTF

  -------         MODULE        ?C?CLDPTR
  C:0395H         PUBLIC        ?C?CLDPTR
  -------         ENDMOD        ?C?CLDPTR

  -------         MODULE        ?C?PLDIDATA
  C:03AEH         PUBLIC        ?C?PLDIDATA
  -------         ENDMOD        ?C?PLDIDATA

  -------         MODULE        ?C?PLDXDATA
  C:03B7H         PUBLIC        ?C?PLDXDATA
  -------         ENDMOD        ?C?PLDXDATA

  -------         MODULE        ?C?PLDIXDATA
  C:03C0H         PUBLIC        ?C?PLDIXDATA
  -------         ENDMOD        ?C?PLDIXDATA

  -------         MODULE        ?C?PSTXDATA
  C:03D7H         PUBLIC        ?C?PSTXDATA
  -------         ENDMOD        ?C?PSTXDATA

  -------         MODULE        ?C?PLDPDATA
  C:03E0H         PUBLIC        ?C?PLDPDATA
  -------         ENDMOD        ?C?PLDPDATA

  -------         MODULE        ?C?PLDCODE
  C:03E9H         PUBLIC        ?C?PLDCODE
  -------         ENDMOD        ?C?PLDCODE

  -------         MODULE        ?C?CCASE
  C:03F5H         PUBLIC        ?C?CCASE
  -------         ENDMOD        ?C?CCASE

Program Size: data=17.6 xdata=250 code=9728
LINK/LOCATE RUN COMPLETE.  0 WARNING(S),  0 ERROR(S)
