BL51 BANKED LINKER/LOCATER V6.22                                                        08/16/2017  20:14:45  PAGE 1


BL51 BANKED LINKER/LOCATER V6.22, INVOKED BY:
C:\KEIL_V5\C51\BIN\BL51.EXE .\Out\Objects\main.obj, .\Out\Objects\app_key.obj, .\Out\Objects\app_work.obj, .\Out\Objects
>> \app_repeat_exe.obj, .\Out\Objects\bsp.obj, .\Out\Objects\bsp_key.obj, .\Out\Objects\bsp_display.obj, .\Out\Objects\b
>> sp_uart.obj, .\Out\Objects\bsp_timer0.obj, .\Out\Objects\bsp_timer1.obj, .\Out\Objects\bsp_adc.obj, .\Out\Objects\bsp
>> _keyBright.obj, .\Out\Objects\bsp_lcdBright.obj, .\Out\Objects\bsp_2d4.obj, .\Out\Objects\Common.obj, .\Out\Objects\D
>> elay.obj, .\Out\Objects\Version.obj, .\Out\Objects\STARTUP.obj TO .\Out\Objects\project PRINT (.\Out\Listings\project
>> .m51) RAMSIZE (256) DISABLEWARNING (16)


MEMORY MODEL: LARGE


INPUT MODULES INCLUDED:
  .\Out\Objects\main.obj (MAIN)
  .\Out\Objects\app_key.obj (APP_KEY)
  .\Out\Objects\app_work.obj (APP_WORK)
  .\Out\Objects\app_repeat_exe.obj (APP_REPEAT_EXE)
  .\Out\Objects\bsp.obj (BSP)
  .\Out\Objects\bsp_key.obj (BSP_KEY)
  .\Out\Objects\bsp_display.obj (BSP_DISPLAY)
  .\Out\Objects\bsp_uart.obj (BSP_UART)
  .\Out\Objects\bsp_timer0.obj (BSP_TIMER0)
  .\Out\Objects\bsp_timer1.obj (BSP_TIMER1)
  .\Out\Objects\bsp_adc.obj (BSP_ADC)
  .\Out\Objects\bsp_keyBright.obj (BSP_KEYBRIGHT)
  .\Out\Objects\bsp_lcdBright.obj (BSP_LCDBRIGHT)
  .\Out\Objects\bsp_2d4.obj (BSP_2D4)
  .\Out\Objects\Common.obj (COMMON)
  .\Out\Objects\Delay.obj (DELAY)
  .\Out\Objects\Version.obj (VERSION)
  .\Out\Objects\STARTUP.obj (?C_STARTUP)
  C:\KEIL_V5\C51\LIB\C51L.LIB (?C_INIT)
  C:\KEIL_V5\C51\LIB\C51L.LIB (?C?COPY)
  C:\KEIL_V5\C51\LIB\C51L.LIB (?C?CLDOPTR)
  C:\KEIL_V5\C51\LIB\C51L.LIB (?C?CILDOPTR)
  C:\KEIL_V5\C51\LIB\C51L.LIB (?C?CSTPTR)
  C:\KEIL_V5\C51\LIB\C51L.LIB (?C?CSTOPTR)
  C:\KEIL_V5\C51\LIB\C51L.LIB (?C?IILDX)
  C:\KEIL_V5\C51\LIB\C51L.LIB (?C?ILDOPTR)
  C:\KEIL_V5\C51\LIB\C51L.LIB (?C?IILDOPTR)
  C:\KEIL_V5\C51\LIB\C51L.LIB (?C?ISTOPTR)
  C:\KEIL_V5\C51\LIB\C51L.LIB (?C?ULDIV)
  C:\KEIL_V5\C51\LIB\C51L.LIB (?C?ULCMP)
  C:\KEIL_V5\C51\LIB\C51L.LIB (?C?ULSHR)
  C:\KEIL_V5\C51\LIB\C51L.LIB (?C?LSTXDATA)
  C:\KEIL_V5\C51\LIB\C51L.LIB (?C?LSTKXDATA)
  C:\KEIL_V5\C51\LIB\C51L.LIB (?C?PLDPTR)
  C:\KEIL_V5\C51\LIB\C51L.LIB (?C?CCASE)
  C:\KEIL_V5\C51\LIB\C51L.LIB (?C?ICALL)
  C:\KEIL_V5\C51\LIB\C51L.LIB (?C_XBP)
  C:\KEIL_V5\C51\LIB\C51L.LIB (?C?ADDXBP)
  C:\KEIL_V5\C51\LIB\C51L.LIB (?C?XBPOFF)
  C:\KEIL_V5\C51\LIB\C51L.LIB (PRINTF)
  C:\KEIL_V5\C51\LIB\C51L.LIB (STRLEN)
  C:\KEIL_V5\C51\LIB\C51L.LIB (?C?CLDPTR)
  C:\KEIL_V5\C51\LIB\C51L.LIB (?C?PLDIDATA)
  C:\KEIL_V5\C51\LIB\C51L.LIB (?C?PLDXDATA)
  C:\KEIL_V5\C51\LIB\C51L.LIB (?C?PLDIXDATA)
BL51 BANKED LINKER/LOCATER V6.22                                                      08/16/2017  20:14:45  PAGE 2


  C:\KEIL_V5\C51\LIB\C51L.LIB (?C?PSTXDATA)
  C:\KEIL_V5\C51\LIB\C51L.LIB (?C?PLDPDATA)
  C:\KEIL_V5\C51\LIB\C51L.LIB (?C?PLDCODE)


LINK MAP OF MODULE:  .\Out\Objects\project (MAIN)


            TYPE    BASE      LENGTH    RELOCATION   SEGMENT NAME
            -----------------------------------------------------

            * * * * * * *   D A T A   M E M O R Y   * * * * * * *
            REG     0000H     0008H     ABSOLUTE     "REG BANK 0"
            DATA    0008H     0005H     UNIT         _DATA_GROUP_
            DATA    000DH     0002H     UNIT         ?C?LIB_DATA
            IDATA   000FH     0006H     UNIT         ?ID?BSP_ADC
            IDATA   0015H     0001H     UNIT         ?ID?APP_KEY
                    0016H     000AH                  *** GAP ***
            BIT     0020H.0   0001H.1   UNIT         _BIT_GROUP_
            BIT     0021H.1   0000H.1   UNIT         ?BI?APP_KEY
            BIT     0021H.2   0000H.1   UNIT         ?BI?APP_WORK
            BIT     0021H.3   0000H.1   UNIT         ?BI?BSP
            BIT     0021H.4   0000H.1   UNIT         ?BI?_GET_DATA_FROM_UART1?BSP_UART
            BIT     0021H.5   0000H.1   UNIT         ?BI?BSP_UART
                    0021H.6   0000H.2                *** GAP ***
            IDATA   0022H     0070H     UNIT         ?ID?BSP_KEY
            IDATA   0092H     0001H     UNIT         ?STACK

            * * * * * * *  X D A T A   M E M O R Y  * * * * * * *
            XDATA   0000H     0039H     UNIT         _XDATA_GROUP_
            XDATA   0039H     0013H     UNIT         ?XD?_RF_CARRIER?BSP_2D4
            XDATA   004CH     0012H     UNIT         ?XD?APP_WORK
            XDATA   005EH     0012H     UNIT         ?XD?APP_REPEAT_EXE
            XDATA   0070H     0012H     UNIT         ?XD?RF_INIT?BSP_2D4
            XDATA   0082H     000BH     UNIT         ?XD?BSP_TIMER0
            XDATA   008DH     0005H     UNIT         ?XD?MAIN
            XDATA   0092H     0005H     UNIT         ?XD?APP_KEY
            XDATA   0097H     0005H     UNIT         ?XD?_RF_WRITEBUF?BSP_2D4
            XDATA   009CH     0005H     UNIT         ?XD?_RF_READBUF?BSP_2D4
            XDATA   00A1H     0005H     UNIT         ?XD?BSP_2D4
            XDATA   00A6H     0004H     UNIT         ?XD?_INITIALUART0_TIMER3_TYPE5?COMMON
            XDATA   00AAH     0004H     UNIT         ?XD?_INITIALUART0_TIMER3_TYPE6?COMMON
            XDATA   00AEH     0004H     UNIT         ?XD?_INITIALUART1_TIMER3?COMMON
            XDATA   00B2H     0004H     UNIT         ?XD?_TIMER0_DELAY1MS?DELAY
            XDATA   00B6H     0004H     UNIT         ?XD?_TIMER1_DELAY1MS?DELAY
            XDATA   00BAH     0004H     UNIT         ?XD?_TIMER3_DELAY1MS?DELAY
            XDATA   00BEH     0004H     UNIT         ?XD?_WAKEUP_TIMER_DELAY25MS?DELAY
            XDATA   00C2H     0003H     UNIT         ?XD?BSP_KEY

            * * * * * * *   C O D E   M E M O R Y   * * * * * * *
            CODE    0000H     0003H     ABSOLUTE     
            CODE    0003H     0008H     UNIT         ?PR?RECEIVE_DATA_FROM_UART0?COMMON
            CODE    000BH     0003H     ABSOLUTE     
            CODE    000EH     000DH     UNIT         ?PR?APP_WORK_1S_PRO?APP_WORK
            CODE    001BH     0003H     ABSOLUTE     
            CODE    001EH     001CH     UNIT         ?PR?WORK_INIT?APP_WORK
            CODE    003AH     0001H     UNIT         ?PR?APP_UI_INIT?APP_KEY
BL51 BANKED LINKER/LOCATER V6.22                                                      08/16/2017  20:14:45  PAGE 3


            CODE    003BH     0003H     ABSOLUTE     
            CODE    003EH     001CH     UNIT         ?PR?BSP_GETKEY?BSP_KEY
            CODE    005AH     0001H     UNIT         ?PR?APP_FLASH_SHOW?APP_KEY
            CODE    005BH     0003H     ABSOLUTE     
            CODE    005EH     085EH     UNIT         ?PR?_LCD_SHOWCHAR?BSP_DISPLAY
            CODE    08BCH     045EH     UNIT         ?C?LIB_CODE
            CODE    0D1AH     0365H     UNIT         ?PR?PRINTF?PRINTF
            CODE    107FH     0154H     UNIT         ?PR?_BSP_DETECTKEY?BSP_KEY
            CODE    11D3H     0145H     UNIT         ?PR?_SYSTEM_CLOCK_SELECT?COMMON
            CODE    1318H     012EH     UNIT         ?PR?RF_INIT?BSP_2D4
            CODE    1446H     0112H     UNIT         ?CO?VERSION
            CODE    1558H     00E4H     UNIT         ?PR?_LCD_CLEAR_MI?BSP_DISPLAY
            CODE    163CH     00DCH     UNIT         ?PR?_RF_CARRIER?BSP_2D4
            CODE    1718H     00BFH     UNIT         ?PR?REPEAT_PRO?APP_REPEAT_EXE
            CODE    17D7H     00B3H     UNIT         ?PR?MAIN?MAIN
            CODE    188AH     00A2H     UNIT         ?PR?_LCD_SHOWSTRING?BSP_DISPLAY
            CODE    192CH     009EH     UNIT         ?PR?BSP_INITKEYVAR?BSP_KEY
            CODE    19CAH     009AH     UNIT         ?C_C51STARTUP
            CODE    1A64H     0083H     UNIT         ?PR?_?RANDOM_DELAY?DELAY
            CODE    1AE7H     0079H     UNIT         ?PR?TIMER0_ISR?BSP_TIMER0
            CODE    1B60H     0063H     UNIT         ?PR?_INITIALUART0_TIMER3_TYPE5?COMMON
            CODE    1BC3H     0063H     UNIT         ?PR?_INITIALUART0_TIMER3_TYPE6?COMMON
            CODE    1C26H     0061H     UNIT         ?PR?_WAKEUP_TIMER_DELAY25MS?DELAY
            CODE    1C87H     0060H     UNIT         ?PR?ADC_ISR?MAIN
            CODE    1CE7H     005FH     UNIT         ?PR?SHOW_FW_VERSION_NUMBER_TO_PC?VERSION
            CODE    1D46H     005DH     UNIT         ?PR?_INITIALUART1_TIMER3?COMMON
            CODE    1DA3H     005BH     UNIT         ?PR?_TIMER3_DELAY1MS?DELAY
            CODE    1DFEH     0059H     UNIT         ?PR?_TIMER0_DELAY1MS?DELAY
            CODE    1E57H     0059H     UNIT         ?PR?_TIMER1_DELAY1MS?DELAY
            CODE    1EB0H     0043H     UNIT         ?PR?_RF_WRITEBUF?BSP_2D4
            CODE    1EF3H     0041H     UNIT         ?C_INITSEG
            CODE    1F34H     003FH     UNIT         ?PR?_RF_READBUF?BSP_2D4
            CODE    1F73H     003DH     UNIT         ?PR?_PUTCHAR?COMMON
            CODE    1FB0H     0036H     UNIT         ?PR?LCD_DISPLAY_INITHARD?BSP_DISPLAY
            CODE    1FE6H     0035H     UNIT         ?PR?ADC_INIT?BSP_ADC
            CODE    201BH     0032H     UNIT         ?PR?APP_KEY_1S_PRO?APP_KEY
            CODE    204DH     0032H     UNIT         ?PR?_REPEAT_START?APP_REPEAT_EXE
            CODE    207FH     002AH     UNIT         ?PR?_INITIALUART0_TIMER1_TYPE3?COMMON
            CODE    20A9H     002AH     UNIT         ?PR?_INITIALUART0_TIMER1_TYPE4?COMMON
            CODE    20D3H     0029H     UNIT         ?CO?MAIN
            CODE    20FCH     0029H     UNIT         ?PR?_UCRF_DUMPRXDATA?BSP_2D4
            CODE    2125H     0029H     UNIT         ?PR?_INITIALUART0_TIMER1_TYPE1?COMMON
            CODE    214EH     0028H     UNIT         ?PR?_INITIALUART0_TIMER1_TYPE2?COMMON
            CODE    2176H     0027H     UNIT         ?PR?APP_KEY_INIT?APP_KEY
            CODE    219DH     0026H     UNIT         ?PR?TIMER0_PARAMINIT?BSP_TIMER0
            CODE    21C3H     0024H     UNIT         ?PR?QUERY_WORK_SUM?APP_WORK
            CODE    21E7H     0024H     UNIT         ?PR?_BSP_SETKEYPARAM?BSP_KEY
            CODE    220BH     0024H     UNIT         ?PR?ADC_START?BSP_ADC
            CODE    222FH     0024H     UNIT         ?CO?BSP_2D4
            CODE    2253H     0023H     UNIT         ?PR?PININTERRUPT_ISR?MAIN
            CODE    2276H     0023H     UNIT         ?PR?TIMER0_INITHARD?BSP_TIMER0
            CODE    2299H     0022H     UNIT         ?PR?_SPI_WR?BSP_2D4
            CODE    22BBH     0021H     UNIT         ?PR?_RF_TXDATA?BSP_2D4
            CODE    22DCH     0021H     UNIT         ?PR?_DELAY10US?DELAY
            CODE    22FDH     0020H     UNIT         ?PR?SET_ALL_GPIO_INPUT_MODE?COMMON
            CODE    231DH     001EH     UNIT         ?PR?APP_KEY_100MS_PRO?APP_KEY
            CODE    233BH     001CH     UNIT         ?PR?BSP_GETKEY2?BSP_KEY
BL51 BANKED LINKER/LOCATER V6.22                                                      08/16/2017  20:14:45  PAGE 4


            CODE    2357H     001CH     UNIT         ?PR?_SPI_WW?BSP_2D4
            CODE    2373H     001BH     UNIT         ?PR?BSP_KEYSCAN?BSP_KEY
            CODE    238EH     001AH     UNIT         ?PR?SET_ALL_GPIO_QUASI_MODE?COMMON
            CODE    23A8H     001AH     UNIT         ?PR?SW_RESET?COMMON
            CODE    23C2H     0019H     UNIT         ?PR?UCSPI_READ?BSP_2D4
            CODE    23DBH     0018H     UNIT         ?PR?BSP_INIT?BSP
            CODE    23F3H     0017H     UNIT         ?CO?APP_KEY
            CODE    240AH     0016H     UNIT         ?PR?RF_RXMODE?BSP_2D4
            CODE    2420H     0015H     UNIT         ?PR?WIRELESS2D4_INITHARD?BSP_2D4
            CODE    2435H     0015H     UNIT         ?PR?_STRLEN?STRLEN
            CODE    244AH     0014H     UNIT         ?PR?REPEAT_STOP?APP_REPEAT_EXE
            CODE    245EH     0014H     UNIT         ?PR?_BSP_PUTKEY?BSP_KEY
            CODE    2472H     0013H     UNIT         ?PR?_GET_DATA_FROM_UART1?BSP_UART
            CODE    2485H     0013H     UNIT         ?PR?TIMER1_INITHARD?BSP_TIMER1
            CODE    2498H     0011H     UNIT         ?PR?UART_INITHARD?BSP_UART
            CODE    24A9H     0011H     UNIT         ?PR?_RF_WRITEREG?BSP_2D4
            CODE    24BAH     0011H     UNIT         ?PR?_UCRF_READREG?BSP_2D4
            CODE    24CBH     0010H     UNIT         ?PR?REPEAT_START_EXE?APP_REPEAT_EXE
            CODE    24DBH     0010H     UNIT         ?PR?REPEAT_STOP_EXE?APP_REPEAT_EXE
            CODE    24EBH     000EH     UNIT         ?PR?_RF_SETCHANNEL?BSP_2D4
            CODE    24F9H     000DH     UNIT         ?PR?LCD_CLEAR_ALL?BSP_DISPLAY
            CODE    2506H     000DH     UNIT         ?PR?LCD_CLEAR_MI_ALL?BSP_DISPLAY
            CODE    2513H     000DH     UNIT         ?PR?RF_TXMODE?BSP_2D4
            CODE    2520H     000CH     UNIT         ?PR?APP_WORK_100MS_PRO?APP_WORK
            CODE    252CH     000CH     UNIT         ?PR?_REPEAT_SETSTART?APP_REPEAT_EXE
            CODE    2538H     000CH     UNIT         ?PR?_REPEAT_SETSTOP?APP_REPEAT_EXE
            CODE    2544H     000CH     UNIT         ?PR?RF_CLEARFIFO?BSP_2D4
            CODE    2550H     000BH     UNIT         ?PR?_BSP_GETKEYSTATE?BSP_KEY
            CODE    255BH     000AH     UNIT         ?PR?UCRF_GETSTATUS?BSP_2D4
            CODE    2565H     0009H     UNIT         ?PR?ISKEYDOWN1?BSP_KEY
            CODE    256EH     0009H     UNIT         ?PR?KEY_BRIGHT_INITHARD?BSP_KEYBRIGHT
            CODE    2577H     0009H     UNIT         ?PR?LCD_BRIGHT_INITHARD?BSP_LCDBRIGHT
            CODE    2580H     0008H     UNIT         ?PR?_SEND_DATA_TO_UART0?COMMON
            CODE    2588H     0008H     UNIT         ?PR?RECEIVE_DATA_FROM_UART1?COMMON
            CODE    2590H     0008H     UNIT         ?PR?_SEND_DATA_TO_UART1?COMMON
            CODE    2598H     0007H     UNIT         ?PR?BSP_INITKEYHARD?BSP_KEY
            CODE    259FH     0007H     UNIT         ?PR?LCD_CLEAR_LED_ICO?BSP_DISPLAY
            CODE    25A6H     0007H     UNIT         ?PR?LCD_SHOW_LED_ICO?BSP_DISPLAY
            CODE    25ADH     0007H     UNIT         ?PR?LCD_CLEAR_FM_ICO?BSP_DISPLAY
            CODE    25B4H     0007H     UNIT         ?PR?LCD_SHOW_FM_ICO?BSP_DISPLAY
            CODE    25BBH     0007H     UNIT         ?PR?LCD_CLEAR_BLUETOOTH_ICO?BSP_DISPLAY
            CODE    25C2H     0007H     UNIT         ?PR?LCD_SHOW_BLUETOOTH_ICO?BSP_DISPLAY
            CODE    25C9H     0007H     UNIT         ?PR?LCD_CLEAR_AUX_ICO?BSP_DISPLAY
            CODE    25D0H     0007H     UNIT         ?PR?LCD_SHOW_AUX_ICO?BSP_DISPLAY
            CODE    25D7H     0007H     UNIT         ?PR?LCD_CLEAR_USB_ICO?BSP_DISPLAY
            CODE    25DEH     0007H     UNIT         ?PR?LCD_SHOW_USB_ICO?BSP_DISPLAY
            CODE    25E5H     0007H     UNIT         ?PR?LCD_CLEAR_MHZ_ICO?BSP_DISPLAY
            CODE    25ECH     0007H     UNIT         ?PR?LCD_SHOW_MHZ_ICO?BSP_DISPLAY
            CODE    25F3H     0007H     UNIT         ?PR?LCD_CLEAR_BAZOOKA_ICO?BSP_DISPLAY
            CODE    25FAH     0007H     UNIT         ?PR?LCD_SHOW_BAZOOKA_ICO?BSP_DISPLAY
            CODE    2601H     0007H     UNIT         ?PR?LCD_CLEAR_UPCOLON_ICO?BSP_DISPLAY
            CODE    2608H     0007H     UNIT         ?PR?LCD_SHOW_UPCOLON_ICO?BSP_DISPLAY
            CODE    260FH     0007H     UNIT         ?PR?LCD_CLEAR_DOWNCOLON_ICO?BSP_DISPLAY
            CODE    2616H     0007H     UNIT         ?PR?LCD_SHOW_DOWNCOLON_ICO?BSP_DISPLAY
            CODE    261DH     0007H     UNIT         ?PR?RF_CLEARSTATUS?BSP_2D4
            CODE    2624H     0006H     UNIT         ?PR?APP_POWER_OFF?APP_KEY
            CODE    262AH     0006H     UNIT         ?PR?APP_KEY_CLEAR_NOOPS_TIMEOUTCNT?APP_KEY
BL51 BANKED LINKER/LOCATER V6.22                                                      08/16/2017  20:14:45  PAGE 5


            CODE    2630H     0006H     UNIT         ?PR?BSP_INITKEY?BSP_KEY
            CODE    2636H     0006H     UNIT         ?PR?BSP_CLEARKEY?BSP_KEY
            CODE    263CH     0006H     UNIT         ?PR?LCD_CLEAR_COLON_ICO?BSP_DISPLAY
            CODE    2642H     0006H     UNIT         ?PR?LCD_SHOW_COLON_ICO?BSP_DISPLAY
            CODE    2648H     0006H     UNIT         ?PR?UCRF_GETRSSI?BSP_2D4
            CODE    264EH     0004H     UNIT         ?PR?_APP_KEY_PRO?APP_KEY
            CODE    2652H     0004H     UNIT         ?PR?FSYS_CLOCK_OUTPUT_ON_P26?COMMON
            CODE    2656H     0003H     UNIT         ?PR?APP_POWER_ON?APP_KEY
            CODE    2659H     0003H     UNIT         ?PR?ISKEYDOWN2?BSP_KEY
            CODE    265CH     0003H     UNIT         ?PR?ISKEYDOWN3?BSP_KEY
            CODE    265FH     0003H     UNIT         ?PR?ISKEYDOWN4?BSP_KEY
            CODE    2662H     0003H     UNIT         ?PR?ISKEYDOWN5?BSP_KEY
            CODE    2665H     0003H     UNIT         ?PR?ISKEYDOWN6?BSP_KEY
            CODE    2668H     0003H     UNIT         ?PR?ISKEYDOWN7?BSP_KEY
            CODE    266BH     0003H     UNIT         ?PR?ISKEYDOWN8?BSP_KEY
            CODE    266EH     0003H     UNIT         ?PR?ISKEYDOWN9?BSP_KEY
            CODE    2671H     0003H     UNIT         ?PR?KEY_BRIGHT_OFF?BSP_KEYBRIGHT
            CODE    2674H     0003H     UNIT         ?PR?KEY_BRIGHT_ON?BSP_KEYBRIGHT
            CODE    2677H     0003H     UNIT         ?PR?LCD_BRIGHT_OFF?BSP_LCDBRIGHT
            CODE    267AH     0003H     UNIT         ?PR?LCD_BRIGHT_ON?BSP_LCDBRIGHT
            CODE    267DH     0001H     UNIT         ?PR?APP_FLASH_CLEAR?APP_KEY
            CODE    267EH     0001H     UNIT         ?PR?APP_KEY_POWER_OR_RETURN?APP_KEY
            CODE    267FH     0001H     UNIT         ?PR?APP_KEY_SET?APP_KEY
            CODE    2680H     0001H     UNIT         ?PR?APP_KEY_ADD?APP_KEY
            CODE    2681H     0001H     UNIT         ?PR?APP_KEY_OK?APP_KEY
            CODE    2682H     0001H     UNIT         ?PR?APP_WORK_PRO?APP_WORK
            CODE    2683H     0001H     UNIT         ?PR?TIMER1_ISR?BSP_TIMER1
            CODE    2684H     0001H     UNIT         ?PR?SPI_INIT?BSP_2D4



OVERLAY MAP OF MODULE:   .\Out\Objects\project (MAIN)


SEGMENT                                             BIT_GROUP          DATA_GROUP          XDATA_GROUP
  +--> CALLED SEGMENT                            START    LENGTH     START    LENGTH     START    LENGTH
--------------------------------------------------------------------------------------------------------
?C_C51STARTUP                                    -----    -----      -----    -----      -----    -----
  +--> ?PR?MAIN?MAIN
  +--> ?C_INITSEG

?PR?MAIN?MAIN                                    -----    -----      -----    -----      0000H    0011H
  +--> ?PR?_SYSTEM_CLOCK_SELECT?COMMON
  +--> ?PR?BSP_INIT?BSP
  +--> ?PR?ADC_START?BSP_ADC
  +--> ?PR?BSP_KEYSCAN?BSP_KEY
  +--> ?CO?MAIN
  +--> ?PR?PRINTF?PRINTF
  +--> ?PR?_LCD_SHOWSTRING?BSP_DISPLAY
  +--> ?PR?_STRLEN?STRLEN
  +--> ?PR?BSP_GETKEY?BSP_KEY
  +--> ?PR?_APP_KEY_PRO?APP_KEY

?PR?BSP_INIT?BSP                                 -----    -----      -----    -----      -----    -----
  +--> ?PR?SET_ALL_GPIO_INPUT_MODE?COMMON
  +--> ?PR?ADC_INIT?BSP_ADC
  +--> ?PR?KEY_BRIGHT_INITHARD?BSP_KEYBRIGHT
BL51 BANKED LINKER/LOCATER V6.22                                                      08/16/2017  20:14:45  PAGE 6


  +--> ?PR?LCD_BRIGHT_INITHARD?BSP_LCDBRIGHT
  +--> ?PR?LCD_DISPLAY_INITHARD?BSP_DISPLAY
  +--> ?PR?TIMER0_INITHARD?BSP_TIMER0
  +--> ?PR?WIRELESS2D4_INITHARD?BSP_2D4

?PR?KEY_BRIGHT_INITHARD?BSP_KEYBRIGHT            -----    -----      -----    -----      -----    -----
  +--> ?PR?KEY_BRIGHT_OFF?BSP_KEYBRIGHT

?PR?LCD_BRIGHT_INITHARD?BSP_LCDBRIGHT            -----    -----      -----    -----      -----    -----
  +--> ?PR?LCD_BRIGHT_ON?BSP_LCDBRIGHT

?PR?LCD_DISPLAY_INITHARD?BSP_DISPLAY             -----    -----      -----    -----      -----    -----
  +--> ?PR?LCD_CLEAR_ALL?BSP_DISPLAY

?PR?TIMER0_INITHARD?BSP_TIMER0                   -----    -----      -----    -----      -----    -----
  +--> ?PR?TIMER0_PARAMINIT?BSP_TIMER0

?PR?BSP_KEYSCAN?BSP_KEY                          -----    -----      -----    -----      0011H    0001H
  +--> ?PR?_BSP_DETECTKEY?BSP_KEY

?PR?_BSP_DETECTKEY?BSP_KEY                       -----    -----      -----    -----      0012H    0001H
  +--> ?PR?_BSP_PUTKEY?BSP_KEY

?PR?PRINTF?PRINTF                                0020H.0  0001H.1    0008H    0005H      0011H    0028H
  +--> ?PR?_PUTCHAR?COMMON

?PR?_LCD_SHOWSTRING?BSP_DISPLAY                  0020H.0  0000H.1    -----    -----      0011H    0004H
  +--> ?PR?_STRLEN?STRLEN
  +--> ?PR?_LCD_SHOWCHAR?BSP_DISPLAY

?PR?_LCD_SHOWCHAR?BSP_DISPLAY                    -----    -----      -----    -----      -----    -----
  +--> ?PR?_LCD_CLEAR_MI?BSP_DISPLAY

?PR?_APP_KEY_PRO?APP_KEY                         -----    -----      -----    -----      -----    -----
  +--> ?PR?APP_KEY_CLEAR_NOOPS_TIMEOUTCNT?AP...

?C_INITSEG                                       -----    -----      -----    -----      -----    -----
  +--> ?CO?MAIN



SYMBOL TABLE OF MODULE:  .\Out\Objects\project (MAIN)

  VALUE           TYPE          NAME
  ----------------------------------

  -------         MODULE        MAIN
  C:0000H         SYMBOL        _ICE_DUMMY_
  D:0080H         PUBLIC        P0
  D:0090H         PUBLIC        P1
  D:00A0H         PUBLIC        P2
  D:00B0H         PUBLIC        P3
  D:00D8H         PUBLIC        P5
  D:00A8H         PUBLIC        IE
  B:00E8H.7       PUBLIC        ADCF
  C:1C87H         PUBLIC        ADC_ISR
  D:00B8H         PUBLIC        IP
BL51 BANKED LINKER/LOCATER V6.22                                                      08/16/2017  20:14:45  PAGE 7


  C:17D7H         PUBLIC        main
  D:0098H         PUBLIC        SCON
  D:0088H         PUBLIC        TCON
  C:20ECH         SYMBOL        _?ix1000
  D:00F8H         PUBLIC        SCON_1
  C:2253H         PUBLIC        PinInterrupt_ISR
  D:00E8H         PUBLIC        ADCCON0
  D:00C0H         PUBLIC        I2CON
  D:00ECH         PUBLIC        PIF
  D:00C3H         PUBLIC        ADCRH
  D:00C8H         PUBLIC        T2CON
  D:00C2H         PUBLIC        ADCRL
  D:00D0H         PUBLIC        PSW
  -------         PROC          ADC_ISR
  C:1C87H         LINE#         8
  C:1C98H         LINE#         9
  C:1C98H         LINE#         11
  C:1C9AH         LINE#         13
  C:1CAAH         LINE#         14
  C:1CC6H         LINE#         15
  C:1CD4H         LINE#         17
  C:1CD8H         LINE#         18
  -------         ENDPROC       ADC_ISR
  -------         PROC          PININTERRUPT_ISR
  C:2253H         LINE#         22
  C:225BH         LINE#         23
  C:225BH         LINE#         26
  C:2260H         LINE#         28
  C:2267H         LINE#         30
  C:226AH         LINE#         32
  C:226AH         LINE#         34
  C:226AH         LINE#         36
  C:226DH         LINE#         37
  -------         ENDPROC       PININTERRUPT_ISR
  -------         PROC          MAIN
  -------         DO            
  X:0000H         SYMBOL        ucKeyCode
  -------         DO            
  X:0001H         SYMBOL        ss
  X:008DH         SYMBOL        n
  X:008EH         SYMBOL        str
  X:0091H         SYMBOL        cnt
  -------         ENDDO         
  -------         DO            
  X:008EH         SYMBOL        str
  X:0091H         SYMBOL        cnt
  -------         ENDDO         
  -------         ENDDO         
  C:17D7H         LINE#         38
  C:17D7H         LINE#         40
  C:17DCH         LINE#         47
  C:17DFH         LINE#         55
  C:17DFH         LINE#         56
  C:17E5H         LINE#         57
  C:17E7H         LINE#         60
  C:17EAH         LINE#         61
  C:17EAH         LINE#         62
BL51 BANKED LINKER/LOCATER V6.22                                                      08/16/2017  20:14:45  PAGE 8


  C:17F0H         LINE#         63
  C:17F2H         LINE#         66
  C:17F5H         LINE#         68
  C:17F5H         LINE#         69
  C:17FBH         LINE#         70
  C:180EH         LINE#         72
  C:1813H         LINE#         79
  C:1819H         LINE#         80
  C:181FH         LINE#         81
  C:1821H         LINE#         83
  C:1844H         LINE#         87
  C:184DH         LINE#         88
  C:184DH         LINE#         90
  C:184DH         LINE#         91
  C:1853H         LINE#         94
  C:1855H         LINE#         100
  C:185BH         LINE#         103
  C:1873H         LINE#         104
  C:1875H         LINE#         105
  C:1875H         LINE#         107
  C:1875H         LINE#         111
  C:187DH         LINE#         112
  C:1882H         LINE#         113
  C:1887H         LINE#         114
  C:1887H         LINE#         116
  -------         ENDPROC       MAIN
  -------         ENDMOD        MAIN

  -------         MODULE        APP_KEY
  C:0000H         SYMBOL        _ICE_DUMMY_
  C:267DH         PUBLIC        app_flash_Clear
  D:0080H         PUBLIC        P0
  D:0090H         PUBLIC        P1
  D:00A0H         PUBLIC        P2
  D:00B0H         PUBLIC        P3
  C:2176H         PUBLIC        app_key_init
  D:00D8H         PUBLIC        P5
  D:00A8H         PUBLIC        IE
  X:0092H         PUBLIC        g_tDevice
  C:2656H         PUBLIC        app_power_on
  X:0093H         SYMBOL        letter
  D:00EDH         PUBLIC        PITYP
  D:00B8H         PUBLIC        IP
  X:0094H         PUBLIC        level
  C:267FH         PUBLIC        app_key_set
  C:264EH         PUBLIC        _app_key_pro
  X:0095H         SYMBOL        noOps_timeoutCnt
  C:201BH         PUBLIC        app_key_1s_pro
  X:0096H         SYMBOL        mode
  C:2681H         PUBLIC        app_key_ok
  B:0021H.1       SYMBOL        offBight_flag
  D:0087H         PUBLIC        PCON
  D:0098H         PUBLIC        SCON
  D:0088H         PUBLIC        TCON
  C:005AH         PUBLIC        app_flash_Show
  D:00F8H         PUBLIC        SCON_1
  C:267EH         PUBLIC        app_key_power_or_return
BL51 BANKED LINKER/LOCATER V6.22                                                      08/16/2017  20:14:45  PAGE 9


  C:003AH         SYMBOL        app_UI_init
  D:00E8H         PUBLIC        ADCCON0
  D:00C0H         PUBLIC        I2CON
  C:262AH         PUBLIC        app_key_clear_noOps_timeoutCnt
  D:00C8H         PUBLIC        T2CON
  C:2624H         PUBLIC        app_power_off
  C:231DH         PUBLIC        app_key_100ms_pro
  C:2680H         PUBLIC        app_key_add
  D:00E9H         PUBLIC        PICON
  D:00D0H         PUBLIC        PSW
  D:00EAH         PUBLIC        PINEN
  D:00EBH         PUBLIC        PIPEN
  -------         PROC          APP_KEY_INIT
  C:2176H         LINE#         25
  C:2176H         LINE#         26
  C:217BH         LINE#         28
  C:217EH         LINE#         29
  C:2181H         LINE#         30
  C:2184H         LINE#         32
  C:2187H         LINE#         33
  C:218AH         LINE#         34
  C:218DH         LINE#         36
  C:2192H         LINE#         37
  C:2196H         LINE#         38
  C:219AH         LINE#         39
  -------         ENDPROC       APP_KEY_INIT
  -------         PROC          APP_UI_INIT
  C:003AH         LINE#         42
  C:003AH         LINE#         44
  -------         ENDPROC       APP_UI_INIT
  -------         PROC          APP_FLASH_SHOW
  C:005AH         LINE#         46
  C:005AH         LINE#         48
  -------         ENDPROC       APP_FLASH_SHOW
  -------         PROC          APP_FLASH_CLEAR
  C:267DH         LINE#         49
  C:267DH         LINE#         52
  -------         ENDPROC       APP_FLASH_CLEAR
  -------         PROC          APP_KEY_POWER_OR_RETURN
  C:267EH         LINE#         53
  C:267EH         LINE#         56
  -------         ENDPROC       APP_KEY_POWER_OR_RETURN
  -------         PROC          APP_KEY_SET
  C:267FH         LINE#         57
  C:267FH         LINE#         59
  -------         ENDPROC       APP_KEY_SET
  -------         PROC          APP_KEY_ADD
  C:2680H         LINE#         61
  C:2680H         LINE#         63
  -------         ENDPROC       APP_KEY_ADD
  -------         PROC          APP_KEY_OK
  C:2681H         LINE#         64
  C:2681H         LINE#         66
  -------         ENDPROC       APP_KEY_OK
  -------         PROC          APP_POWER_ON
  C:2656H         LINE#         68
  C:2656H         LINE#         69
BL51 BANKED LINKER/LOCATER V6.22                                                      08/16/2017  20:14:45  PAGE 10


  -------         ENDPROC       APP_POWER_ON
  -------         PROC          APP_POWER_OFF
  C:2624H         LINE#         71
  C:2624H         LINE#         72
  C:2627H         LINE#         73
  -------         ENDPROC       APP_POWER_OFF
  -------         PROC          APP_KEY_100MS_PRO
  -------         DO            
  I:0015H         SYMBOL        cnt
  -------         ENDDO         
  C:231DH         LINE#         79
  C:231DH         LINE#         82
  C:2324H         LINE#         83
  C:2327H         LINE#         84
  C:232DH         LINE#         85
  C:232FH         LINE#         87
  C:2332H         LINE#         89
  C:2335H         LINE#         90
  C:2335H         LINE#         91
  C:2336H         LINE#         92
  C:233AH         LINE#         93
  C:233AH         LINE#         94
  -------         ENDPROC       APP_KEY_100MS_PRO
  -------         PROC          APP_KEY_1S_PRO
  C:201BH         LINE#         96
  C:201BH         LINE#         98
  C:2021H         LINE#         99
  C:2025H         LINE#         100
  C:2027H         LINE#         102
  C:202AH         LINE#         103
  C:2033H         LINE#         104
  C:203AH         LINE#         105
  C:203DH         LINE#         106
  C:2046H         LINE#         107
  C:204CH         LINE#         108
  C:204CH         LINE#         110
  -------         ENDPROC       APP_KEY_1S_PRO
  -------         PROC          APP_KEY_CLEAR_NOOPS_TIMEOUTCNT
  C:262AH         LINE#         111
  C:262AH         LINE#         112
  C:262FH         LINE#         113
  -------         ENDPROC       APP_KEY_CLEAR_NOOPS_TIMEOUTCNT
  -------         PROC          _APP_KEY_PRO
  D:0007H         SYMBOL        keyCode
  C:264EH         LINE#         114
  C:264EH         LINE#         116
  C:2651H         LINE#         119
  C:2651H         LINE#         120
  C:2651H         LINE#         124
  C:2651H         LINE#         125
  C:2651H         LINE#         129
  C:2651H         LINE#         130
  C:2651H         LINE#         134
  C:2651H         LINE#         135
  C:2651H         LINE#         137
  C:2651H         LINE#         138
  C:2651H         LINE#         140
BL51 BANKED LINKER/LOCATER V6.22                                                      08/16/2017  20:14:45  PAGE 11


  C:2651H         LINE#         141
  C:2651H         LINE#         143
  C:2651H         LINE#         144
  C:2651H         LINE#         146
  C:2651H         LINE#         147
  C:2651H         LINE#         149
  C:2651H         LINE#         150
  C:2651H         LINE#         152
  C:2651H         LINE#         153
  C:2651H         LINE#         155
  C:2651H         LINE#         156
  C:2651H         LINE#         158
  C:2651H         LINE#         159
  C:2651H         LINE#         161
  C:2651H         LINE#         163
  C:2651H         LINE#         165
  C:2651H         LINE#         166
  C:2651H         LINE#         168
  C:2651H         LINE#         169
  C:2651H         LINE#         171
  C:2651H         LINE#         173
  C:2651H         LINE#         175
  C:2651H         LINE#         177
  C:2651H         LINE#         178
  -------         ENDPROC       _APP_KEY_PRO
  -------         ENDMOD        APP_KEY

  -------         MODULE        APP_WORK
  C:0000H         SYMBOL        _ICE_DUMMY_
  D:0080H         PUBLIC        P0
  D:0090H         PUBLIC        P1
  D:00A0H         PUBLIC        P2
  D:00B0H         PUBLIC        P3
  D:00D8H         PUBLIC        P5
  D:00A8H         PUBLIC        IE
  C:21C3H         PUBLIC        query_work_sum
  D:00B8H         PUBLIC        IP
  C:2682H         SYMBOL        app_work_pro
  C:000EH         PUBLIC        app_work_1s_pro
  X:004CH         SYMBOL        count_NoAction
  D:0098H         PUBLIC        SCON
  D:0088H         PUBLIC        TCON
  C:001EH         PUBLIC        work_Init
  B:0021H.2       SYMBOL        pull_once_flag
  D:00F8H         PUBLIC        SCON_1
  X:004DH         PUBLIC        Rep_Pull_num
  D:00E8H         PUBLIC        ADCCON0
  D:00C0H         PUBLIC        I2CON
  X:0055H         PUBLIC        g_tWork
  D:00C8H         PUBLIC        T2CON
  C:2520H         PUBLIC        app_work_100ms_pro
  D:00D0H         PUBLIC        PSW
  -------         PROC          WORK_INIT
  C:001EH         LINE#         24
  C:001EH         LINE#         25
  C:0024H         LINE#         26
  C:0027H         LINE#         27
BL51 BANKED LINKER/LOCATER V6.22                                                      08/16/2017  20:14:45  PAGE 12


  C:002BH         LINE#         28
  C:002DH         LINE#         29
  C:0031H         LINE#         30
  C:0035H         LINE#         32
  C:0039H         LINE#         33
  -------         ENDPROC       WORK_INIT
  -------         PROC          QUERY_WORK_SUM
  C:21C3H         LINE#         35
  C:21C3H         LINE#         36
  C:21D1H         LINE#         37
  C:21E0H         LINE#         38
  C:21E4H         LINE#         39
  C:21E4H         LINE#         40
  C:21E6H         LINE#         42
  -------         ENDPROC       QUERY_WORK_SUM
  -------         PROC          APP_WORK_1S_PRO
  C:000EH         LINE#         44
  C:000EH         LINE#         45
  C:0017H         LINE#         46
  C:001AH         LINE#         47
  C:001AH         LINE#         49
  -------         ENDPROC       APP_WORK_1S_PRO
  -------         PROC          APP_WORK_100MS_PRO
  C:2520H         LINE#         50
  C:2520H         LINE#         51
  C:2523H         LINE#         52
  C:2525H         LINE#         54
  C:2528H         LINE#         55
  C:252BH         LINE#         56
  C:252BH         LINE#         58
  -------         ENDPROC       APP_WORK_100MS_PRO
  -------         PROC          APP_WORK_PRO
  C:2682H         LINE#         60
  C:2682H         LINE#         62
  -------         ENDPROC       APP_WORK_PRO
  -------         ENDMOD        APP_WORK

  -------         MODULE        APP_REPEAT_EXE
  C:0000H         SYMBOL        _ICE_DUMMY_
  D:0080H         PUBLIC        P0
  D:0090H         PUBLIC        P1
  D:00A0H         PUBLIC        P2
  D:00B0H         PUBLIC        P3
  C:252CH         PUBLIC        _Repeat_SetStart
  D:00D8H         PUBLIC        P5
  D:00A8H         PUBLIC        IE
  C:24DBH         SYMBOL        Repeat_Stop_exe
  D:00B8H         PUBLIC        IP
  C:2538H         PUBLIC        _Repeat_SetStop
  X:005EH         SYMBOL        g_tRepeat
  D:0098H         PUBLIC        SCON
  D:0088H         PUBLIC        TCON
  D:00F8H         PUBLIC        SCON_1
  C:204DH         PUBLIC        _Repeat_Start
  D:00E8H         PUBLIC        ADCCON0
  D:00C0H         PUBLIC        I2CON
  D:00C8H         PUBLIC        T2CON
BL51 BANKED LINKER/LOCATER V6.22                                                      08/16/2017  20:14:45  PAGE 13


  C:244AH         PUBLIC        Repeat_Stop
  C:1718H         PUBLIC        Repeat_Pro
  C:24CBH         SYMBOL        Repeat_Start_exe
  D:00D0H         PUBLIC        PSW
  -------         PROC          _REPEAT_SETSTART
  D:0001H         SYMBOL        fun
  C:252CH         LINE#         12
  C:252CH         LINE#         13
  C:2537H         LINE#         14
  -------         ENDPROC       _REPEAT_SETSTART
  -------         PROC          _REPEAT_SETSTOP
  D:0001H         SYMBOL        fun
  C:2538H         LINE#         16
  C:2538H         LINE#         17
  C:2543H         LINE#         18
  -------         ENDPROC       _REPEAT_SETSTOP
  -------         PROC          REPEAT_START_EXE
  C:24CBH         LINE#         20
  C:24CBH         LINE#         21
  C:24D7H         LINE#         22
  C:24DAH         LINE#         23
  C:24DAH         LINE#         24
  -------         ENDPROC       REPEAT_START_EXE
  -------         PROC          REPEAT_STOP_EXE
  C:24DBH         LINE#         26
  C:24DBH         LINE#         27
  C:24E7H         LINE#         28
  C:24EAH         LINE#         29
  C:24EAH         LINE#         30
  -------         ENDPROC       REPEAT_STOP_EXE
  -------         PROC          _REPEAT_START
  D:0006H         SYMBOL        _usStartTime
  D:0004H         SYMBOL        _usStopTime
  D:0002H         SYMBOL        _usCycle
  C:204DH         LINE#         42
  C:204DH         LINE#         43
  C:204DH         LINE#         44
  C:2051H         LINE#         46
  C:2051H         LINE#         48
  C:2059H         LINE#         49
  C:2061H         LINE#         50
  C:2069H         LINE#         51
  C:206EH         LINE#         52
  C:2072H         LINE#         53
  C:2076H         LINE#         54
  C:207BH         LINE#         56
  C:207EH         LINE#         57
  -------         ENDPROC       _REPEAT_START
  -------         PROC          REPEAT_STOP
  C:244AH         LINE#         67
  C:244AH         LINE#         68
  C:244FH         LINE#         69
  C:2452H         LINE#         70
  C:245BH         LINE#         71
  -------         ENDPROC       REPEAT_STOP
  -------         PROC          REPEAT_PRO
  C:1718H         LINE#         83
BL51 BANKED LINKER/LOCATER V6.22                                                      08/16/2017  20:14:45  PAGE 14


  C:1718H         LINE#         85
  C:171FH         LINE#         86
  C:1722H         LINE#         88
  C:1722H         LINE#         90
  C:1739H         LINE#         92
  C:1739H         LINE#         94
  C:173FH         LINE#         95
  C:174BH         LINE#         96
  C:174BH         LINE#         97
  C:1764H         LINE#         98
  C:1767H         LINE#         99
  C:176EH         LINE#         100
  C:1773H         LINE#         101
  C:1773H         LINE#         102
  C:1774H         LINE#         104
  C:1774H         LINE#         105
  C:177CH         LINE#         106
  C:1794H         LINE#         108
  C:17A3H         LINE#         109
  C:17B6H         LINE#         111
  C:17BBH         LINE#         112
  C:17BBH         LINE#         114
  C:17C1H         LINE#         115
  C:17C8H         LINE#         117
  C:17C8H         LINE#         118
  C:17C8H         LINE#         119
  C:17CFH         LINE#         120
  C:17D3H         LINE#         122
  C:17D6H         LINE#         123
  C:17D6H         LINE#         124
  C:17D6H         LINE#         126
  -------         ENDPROC       REPEAT_PRO
  -------         ENDMOD        APP_REPEAT_EXE

  -------         MODULE        BSP
  C:0000H         SYMBOL        _ICE_DUMMY_
  D:0080H         PUBLIC        P0
  D:0090H         PUBLIC        P1
  D:00A0H         PUBLIC        P2
  D:00B0H         PUBLIC        P3
  D:00D8H         PUBLIC        P5
  B:00A8H.7       PUBLIC        EA
  D:00A8H         PUBLIC        IE
  D:00B8H         PUBLIC        IP
  B:0021H.3       PUBLIC        BIT_TMP
  D:0098H         PUBLIC        SCON
  D:0088H         PUBLIC        TCON
  C:23DBH         PUBLIC        bsp_Init
  D:00F8H         PUBLIC        SCON_1
  D:00E8H         PUBLIC        ADCCON0
  D:00C0H         PUBLIC        I2CON
  D:00C8H         PUBLIC        T2CON
  D:00D0H         PUBLIC        PSW
  -------         PROC          BSP_INIT
  C:23DBH         LINE#         5
  C:23DBH         LINE#         10
  C:23DEH         LINE#         12
BL51 BANKED LINKER/LOCATER V6.22                                                      08/16/2017  20:14:45  PAGE 15


  C:23E1H         LINE#         14
  C:23E4H         LINE#         15
  C:23E7H         LINE#         17
  C:23EAH         LINE#         18
  C:23EDH         LINE#         23
  C:23F0H         LINE#         25
  C:23F2H         LINE#         27
  -------         ENDPROC       BSP_INIT
  -------         ENDMOD        BSP

  -------         MODULE        BSP_KEY
  C:0000H         SYMBOL        _ICE_DUMMY_
  D:00B1H         PUBLIC        P0M1
  D:00B2H         PUBLIC        P0M2
  D:0080H         PUBLIC        P0
  D:0090H         PUBLIC        P1
  D:00A0H         PUBLIC        P2
  D:00B0H         PUBLIC        P3
  D:00D8H         PUBLIC        P5
  C:245EH         PUBLIC        _bsp_PutKey
  D:00A8H         PUBLIC        IE
  C:192CH         SYMBOL        bsp_InitKeyVar
  X:00C2H         PUBLIC        pBtn
  D:00B8H         PUBLIC        IP
  C:233BH         PUBLIC        bsp_GetKey2
  C:107FH         SYMBOL        _bsp_DetectKey
  B:0080H.2       PUBLIC        P02
  C:2565H         SYMBOL        IsKeyDown1
  D:0098H         PUBLIC        SCON
  C:2659H         SYMBOL        IsKeyDown2
  D:0088H         PUBLIC        TCON
  C:265CH         SYMBOL        IsKeyDown3
  C:265FH         SYMBOL        IsKeyDown4
  C:2662H         SYMBOL        IsKeyDown5
  C:2665H         SYMBOL        IsKeyDown6
  C:2668H         SYMBOL        IsKeyDown7
  C:266BH         SYMBOL        IsKeyDown8
  C:266EH         SYMBOL        IsKeyDown9
  C:2636H         PUBLIC        bsp_ClearKey
  D:00F8H         PUBLIC        SCON_1
  C:2373H         PUBLIC        bsp_KeyScan
  D:00E8H         PUBLIC        ADCCON0
  D:00C0H         PUBLIC        I2CON
  D:00C8H         PUBLIC        T2CON
  C:2630H         PUBLIC        bsp_InitKey
  C:2598H         SYMBOL        bsp_InitKeyHard
  I:0022H         SYMBOL        s_tBtn
  I:0085H         SYMBOL        s_tKey
  C:003EH         PUBLIC        bsp_GetKey
  C:21E7H         PUBLIC        _bsp_SetKeyParam
  C:2550H         PUBLIC        _bsp_GetKeyState
  D:00D0H         PUBLIC        PSW
  -------         PROC          ISKEYDOWN1
  C:2565H         LINE#         46
  C:2565H         LINE#         47
  C:2568H         LINE#         48
  C:256BH         LINE#         49
BL51 BANKED LINKER/LOCATER V6.22                                                      08/16/2017  20:14:45  PAGE 16


  C:256BH         LINE#         50
  C:256DH         LINE#         51
  C:256DH         LINE#         52
  -------         ENDPROC       ISKEYDOWN1
  -------         PROC          ISKEYDOWN2
  C:2659H         LINE#         54
  C:2659H         LINE#         60
  C:265BH         LINE#         61
  -------         ENDPROC       ISKEYDOWN2
  -------         PROC          ISKEYDOWN3
  C:265CH         LINE#         63
  C:265CH         LINE#         69
  C:265EH         LINE#         70
  -------         ENDPROC       ISKEYDOWN3
  -------         PROC          ISKEYDOWN4
  C:265FH         LINE#         72
  C:265FH         LINE#         78
  C:2661H         LINE#         79
  -------         ENDPROC       ISKEYDOWN4
  -------         PROC          ISKEYDOWN5
  C:2662H         LINE#         81
  C:2662H         LINE#         87
  C:2664H         LINE#         88
  -------         ENDPROC       ISKEYDOWN5
  -------         PROC          ISKEYDOWN6
  C:2665H         LINE#         90
  C:2665H         LINE#         96
  C:2667H         LINE#         97
  -------         ENDPROC       ISKEYDOWN6
  -------         PROC          ISKEYDOWN7
  C:2668H         LINE#         99
  C:2668H         LINE#         105
  C:266AH         LINE#         106
  -------         ENDPROC       ISKEYDOWN7
  -------         PROC          ISKEYDOWN8
  C:266BH         LINE#         108
  C:266BH         LINE#         114
  C:266DH         LINE#         115
  -------         ENDPROC       ISKEYDOWN8
  -------         PROC          ISKEYDOWN9
  C:266EH         LINE#         117
  C:266EH         LINE#         123
  C:2670H         LINE#         124
  -------         ENDPROC       ISKEYDOWN9
  -------         PROC          BSP_INITKEY
  C:2630H         LINE#         134
  C:2630H         LINE#         135
  C:2633H         LINE#         136
  -------         ENDPROC       BSP_INITKEY
  -------         PROC          _BSP_PUTKEY
  D:0007H         SYMBOL        _KeyCode
  C:245EH         LINE#         147
  C:245EH         LINE#         148
  C:2466H         LINE#         150
  C:246FH         LINE#         151
  C:2471H         LINE#         152
  C:2471H         LINE#         153
BL51 BANKED LINKER/LOCATER V6.22                                                      08/16/2017  20:14:45  PAGE 17


  -------         ENDPROC       _BSP_PUTKEY
  -------         PROC          BSP_GETKEY
  -------         DO            
  D:0007H         SYMBOL        ret
  -------         ENDDO         
  C:003EH         LINE#         163
  C:003EH         LINE#         166
  C:0046H         LINE#         167
  C:0048H         LINE#         168
  C:0048H         LINE#         169
  C:004EH         LINE#         171
  C:0057H         LINE#         172
  C:0059H         LINE#         173
  C:0059H         LINE#         174
  C:0059H         LINE#         175
  C:0059H         LINE#         176
  -------         ENDPROC       BSP_GETKEY
  -------         PROC          BSP_GETKEY2
  -------         DO            
  D:0007H         SYMBOL        ret
  -------         ENDDO         
  C:233BH         LINE#         186
  C:233BH         LINE#         189
  C:2343H         LINE#         190
  C:2345H         LINE#         191
  C:2345H         LINE#         192
  C:234BH         LINE#         194
  C:2354H         LINE#         195
  C:2356H         LINE#         196
  C:2356H         LINE#         197
  C:2356H         LINE#         198
  C:2356H         LINE#         199
  -------         ENDPROC       BSP_GETKEY2
  -------         PROC          _BSP_GETKEYSTATE
  D:0007H         SYMBOL        _ucKeyID
  C:2550H         LINE#         209
  C:2550H         LINE#         210
  C:255AH         LINE#         211
  -------         ENDPROC       _BSP_GETKEYSTATE
  -------         PROC          _BSP_SETKEYPARAM
  D:0007H         SYMBOL        _ucKeyID
  D:0004H         SYMBOL        _LongTime
  D:0003H         SYMBOL        _RepeatSpeed
  C:21E7H         LINE#         223
  C:21E7H         LINE#         224
  C:21F4H         LINE#         225
  C:2200H         LINE#         226
  C:220AH         LINE#         227
  -------         ENDPROC       _BSP_SETKEYPARAM
  -------         PROC          BSP_CLEARKEY
  C:2636H         LINE#         237
  C:2636H         LINE#         238
  C:263BH         LINE#         239
  -------         ENDPROC       BSP_CLEARKEY
  -------         PROC          BSP_INITKEYHARD
  C:2598H         LINE#         249
  C:2598H         LINE#         251
BL51 BANKED LINKER/LOCATER V6.22                                                      08/16/2017  20:14:45  PAGE 18


  C:259BH         LINE#         252
  C:259EH         LINE#         254
  -------         ENDPROC       BSP_INITKEYHARD
  -------         PROC          BSP_INITKEYVAR
  -------         DO            
  D:0007H         SYMBOL        i
  -------         ENDDO         
  C:192CH         LINE#         264
  C:192CH         LINE#         268
  C:1930H         LINE#         269
  C:1932H         LINE#         270
  C:1934H         LINE#         273
  C:1935H         LINE#         274
  C:1942H         LINE#         275
  C:194CH         LINE#         276
  C:1956H         LINE#         280
  C:1960H         LINE#         281
  C:196AH         LINE#         282
  C:196FH         LINE#         285
  C:1979H         LINE#         286
  C:1983H         LINE#         287
  C:198DH         LINE#         288
  C:1997H         LINE#         289
  C:19A1H         LINE#         290
  C:19ABH         LINE#         291
  C:19B5H         LINE#         292
  C:19BFH         LINE#         293
  C:19C9H         LINE#         295
  -------         ENDPROC       BSP_INITKEYVAR
  -------         PROC          _BSP_DETECTKEY
  X:0012H         SYMBOL        i
  C:107FH         LINE#         306
  C:1084H         LINE#         307
  C:1098H         LINE#         308
  C:10A4H         LINE#         309
  C:10BBH         LINE#         310
  C:10C0H         LINE#         311
  C:10C9H         LINE#         312
  C:10D1H         LINE#         313
  C:10D1H         LINE#         314
  C:10D9H         LINE#         315
  C:10E0H         LINE#         318
  C:10EDH         LINE#         319
  C:10EDH         LINE#         321
  C:110CH         LINE#         322
  C:1119H         LINE#         324
  C:1130H         LINE#         326
  C:113AH         LINE#         327
  C:113AH         LINE#         328
  C:113CH         LINE#         329
  C:114BH         LINE#         330
  C:1157H         LINE#         331
  C:115EH         LINE#         333
  C:116BH         LINE#         334
  C:116BH         LINE#         335
  C:116BH         LINE#         336
  C:116BH         LINE#         337
BL51 BANKED LINKER/LOCATER V6.22                                                      08/16/2017  20:14:45  PAGE 19


  C:116BH         LINE#         338
  C:116BH         LINE#         339
  C:116BH         LINE#         340
  C:1182H         LINE#         341
  C:118AH         LINE#         342
  C:118FH         LINE#         343
  C:1197H         LINE#         344
  C:1199H         LINE#         345
  C:11A2H         LINE#         346
  C:11A9H         LINE#         349
  C:11B7H         LINE#         350
  C:11B7H         LINE#         351
  C:11B7H         LINE#         352
  C:11CBH         LINE#         353
  C:11D2H         LINE#         354
  C:11D2H         LINE#         355
  -------         ENDPROC       _BSP_DETECTKEY
  -------         PROC          BSP_KEYSCAN
  -------         DO            
  X:0011H         SYMBOL        i
  -------         ENDDO         
  C:2373H         LINE#         365
  C:2373H         LINE#         368
  C:2382H         LINE#         369
  C:2385H         LINE#         370
  C:238DH         LINE#         371
  -------         ENDPROC       BSP_KEYSCAN
  -------         ENDMOD        BSP_KEY

  -------         MODULE        BSP_DISPLAY
  C:0000H         SYMBOL        _ICE_DUMMY_
  C:25FAH         PUBLIC        LCD_Show_BAZOOKA_ICO
  D:00B1H         PUBLIC        P0M1
  D:00B3H         PUBLIC        P1M1
  D:00B2H         PUBLIC        P0M2
  D:0080H         PUBLIC        P0
  D:00B5H         PUBLIC        P2M1
  D:00B4H         PUBLIC        P1M2
  D:0090H         PUBLIC        P1
  D:00B6H         PUBLIC        P2M2
  D:00ACH         PUBLIC        P3M1
  D:00A0H         PUBLIC        P2
  D:00DAH         PUBLIC        P4M1
  D:00B0H         PUBLIC        P3
  D:00ADH         PUBLIC        P3M2
  D:00DCH         PUBLIC        P5M1
  D:00DBH         PUBLIC        P4M2
  D:00DDH         PUBLIC        P5M2
  D:00D8H         PUBLIC        P5
  C:25B4H         PUBLIC        LCD_Show_FM_ICO
  D:00A8H         PUBLIC        IE
  C:259FH         PUBLIC        LCD_Clear_LED_ICO
  C:24F9H         PUBLIC        LCD_Clear_All
  D:00B8H         PUBLIC        IP
  C:2601H         PUBLIC        LCD_Clear_upColon_ICO
  C:25D7H         PUBLIC        LCD_Clear_USB_ICO
  C:1FB0H         PUBLIC        LCD_display_InitHard
BL51 BANKED LINKER/LOCATER V6.22                                                      08/16/2017  20:14:45  PAGE 20


  C:25C9H         PUBLIC        LCD_Clear_AUX_ICO
  C:25E5H         PUBLIC        LCD_Clear_MHZ_ICO
  C:2616H         PUBLIC        LCD_Show_downColon_ICO
  D:00FCH         PUBLIC        LCDDAT
  D:00FAH         PUBLIC        LCDCLK
  D:0098H         PUBLIC        SCON
  D:00F9H         PUBLIC        LCDCON
  D:0088H         PUBLIC        TCON
  C:25BBH         PUBLIC        LCD_Clear_BLUETooTH_ICO
  C:263CH         PUBLIC        LCD_Clear_Colon_ICO
  C:25F3H         PUBLIC        LCD_Clear_BAZOOKA_ICO
  D:00F8H         PUBLIC        SCON_1
  C:25A6H         PUBLIC        LCD_Show_LED_ICO
  D:00FBH         PUBLIC        LCDPTR
  C:25ADH         PUBLIC        LCD_Clear_FM_ICO
  C:188AH         PUBLIC        _LCD_ShowString
  C:1558H         SYMBOL        _LCD_Clear_mi
  C:005EH         PUBLIC        _LCD_ShowChar
  C:2608H         PUBLIC        LCD_Show_upColon_ICO
  D:00E8H         PUBLIC        ADCCON0
  D:00C0H         PUBLIC        I2CON
  C:25DEH         PUBLIC        LCD_Show_USB_ICO
  C:25D0H         PUBLIC        LCD_Show_AUX_ICO
  C:25ECH         PUBLIC        LCD_Show_MHZ_ICO
  D:00E5H         PUBLIC        LCDSEG0
  D:00E6H         PUBLIC        LCDSEG1
  D:00E7H         PUBLIC        LCDSEG2
  D:00EEH         PUBLIC        LCDSEG3
  D:00C8H         PUBLIC        T2CON
  C:25C2H         PUBLIC        LCD_Show_BLUETooTH_ICO
  C:2506H         PUBLIC        LCD_Clear_mi_all
  C:2642H         PUBLIC        LCD_Show_Colon_ICO
  C:260FH         PUBLIC        LCD_Clear_downColon_ICO
  D:00D0H         PUBLIC        PSW
  -------         PROC          LCD_DISPLAY_INITHARD
  C:1FB0H         LINE#         16
  C:1FB0H         LINE#         19
  C:1FB3H         LINE#         20
  C:1FB6H         LINE#         22
  C:1FB8H         LINE#         23
  C:1FBBH         LINE#         25
  C:1FBDH         LINE#         26
  C:1FC0H         LINE#         28
  C:1FC2H         LINE#         29
  C:1FC5H         LINE#         31
  C:1FC7H         LINE#         32
  C:1FCAH         LINE#         34
  C:1FCCH         LINE#         35
  C:1FCFH         LINE#         39
  C:1FD1H         LINE#         41
  C:1FD4H         LINE#         44
  C:1FD7H         LINE#         45
  C:1FDAH         LINE#         46
  C:1FDDH         LINE#         47
  C:1FE0H         LINE#         49
  C:1FE3H         LINE#         51
  -------         ENDPROC       LCD_DISPLAY_INITHARD
BL51 BANKED LINKER/LOCATER V6.22                                                      08/16/2017  20:14:45  PAGE 21


  -------         PROC          LCD_CLEAR_ALL
  -------         DO            
  D:0007H         SYMBOL        i
  -------         ENDDO         
  C:24F9H         LINE#         54
  C:24F9H         LINE#         56
  C:24FBH         LINE#         57
  C:24FDH         LINE#         58
  C:2500H         LINE#         59
  C:2505H         LINE#         60
  -------         ENDPROC       LCD_CLEAR_ALL
  -------         PROC          LCD_CLEAR_LED_ICO
  C:259FH         LINE#         62
  C:259FH         LINE#         63
  C:25A2H         LINE#         64
  C:25A5H         LINE#         65
  -------         ENDPROC       LCD_CLEAR_LED_ICO
  -------         PROC          LCD_SHOW_LED_ICO
  C:25A6H         LINE#         66
  C:25A6H         LINE#         67
  C:25A9H         LINE#         68
  C:25ACH         LINE#         69
  -------         ENDPROC       LCD_SHOW_LED_ICO
  -------         PROC          LCD_CLEAR_FM_ICO
  C:25ADH         LINE#         70
  C:25ADH         LINE#         71
  C:25B0H         LINE#         72
  C:25B3H         LINE#         73
  -------         ENDPROC       LCD_CLEAR_FM_ICO
  -------         PROC          LCD_SHOW_FM_ICO
  C:25B4H         LINE#         74
  C:25B4H         LINE#         75
  C:25B7H         LINE#         76
  C:25BAH         LINE#         77
  -------         ENDPROC       LCD_SHOW_FM_ICO
  -------         PROC          LCD_CLEAR_BLUETOOTH_ICO
  C:25BBH         LINE#         78
  C:25BBH         LINE#         79
  C:25BEH         LINE#         80
  C:25C1H         LINE#         81
  -------         ENDPROC       LCD_CLEAR_BLUETOOTH_ICO
  -------         PROC          LCD_SHOW_BLUETOOTH_ICO
  C:25C2H         LINE#         82
  C:25C2H         LINE#         83
  C:25C5H         LINE#         84
  C:25C8H         LINE#         85
  -------         ENDPROC       LCD_SHOW_BLUETOOTH_ICO
  -------         PROC          LCD_CLEAR_AUX_ICO
  C:25C9H         LINE#         86
  C:25C9H         LINE#         87
  C:25CCH         LINE#         88
  C:25CFH         LINE#         89
  -------         ENDPROC       LCD_CLEAR_AUX_ICO
  -------         PROC          LCD_SHOW_AUX_ICO
  C:25D0H         LINE#         90
  C:25D0H         LINE#         91
  C:25D3H         LINE#         92
BL51 BANKED LINKER/LOCATER V6.22                                                      08/16/2017  20:14:45  PAGE 22


  C:25D6H         LINE#         93
  -------         ENDPROC       LCD_SHOW_AUX_ICO
  -------         PROC          LCD_CLEAR_USB_ICO
  C:25D7H         LINE#         94
  C:25D7H         LINE#         95
  C:25DAH         LINE#         96
  C:25DDH         LINE#         97
  -------         ENDPROC       LCD_CLEAR_USB_ICO
  -------         PROC          LCD_SHOW_USB_ICO
  C:25DEH         LINE#         98
  C:25DEH         LINE#         99
  C:25E1H         LINE#         100
  C:25E4H         LINE#         101
  -------         ENDPROC       LCD_SHOW_USB_ICO
  -------         PROC          LCD_CLEAR_MHZ_ICO
  C:25E5H         LINE#         102
  C:25E5H         LINE#         103
  C:25E8H         LINE#         104
  C:25EBH         LINE#         105
  -------         ENDPROC       LCD_CLEAR_MHZ_ICO
  -------         PROC          LCD_SHOW_MHZ_ICO
  C:25ECH         LINE#         106
  C:25ECH         LINE#         107
  C:25EFH         LINE#         108
  C:25F2H         LINE#         109
  -------         ENDPROC       LCD_SHOW_MHZ_ICO
  -------         PROC          LCD_CLEAR_BAZOOKA_ICO
  C:25F3H         LINE#         110
  C:25F3H         LINE#         111
  C:25F6H         LINE#         112
  C:25F9H         LINE#         113
  -------         ENDPROC       LCD_CLEAR_BAZOOKA_ICO
  -------         PROC          LCD_SHOW_BAZOOKA_ICO
  C:25FAH         LINE#         114
  C:25FAH         LINE#         115
  C:25FDH         LINE#         116
  C:2600H         LINE#         117
  -------         ENDPROC       LCD_SHOW_BAZOOKA_ICO
  -------         PROC          LCD_CLEAR_UPCOLON_ICO
  C:2601H         LINE#         123
  C:2601H         LINE#         124
  C:2604H         LINE#         125
  C:2607H         LINE#         126
  -------         ENDPROC       LCD_CLEAR_UPCOLON_ICO
  -------         PROC          LCD_SHOW_UPCOLON_ICO
  C:2608H         LINE#         127
  C:2608H         LINE#         128
  C:260BH         LINE#         129
  C:260EH         LINE#         130
  -------         ENDPROC       LCD_SHOW_UPCOLON_ICO
  -------         PROC          LCD_CLEAR_DOWNCOLON_ICO
  C:260FH         LINE#         131
  C:260FH         LINE#         132
  C:2612H         LINE#         133
  C:2615H         LINE#         134
  -------         ENDPROC       LCD_CLEAR_DOWNCOLON_ICO
  -------         PROC          LCD_SHOW_DOWNCOLON_ICO
BL51 BANKED LINKER/LOCATER V6.22                                                      08/16/2017  20:14:45  PAGE 23


  C:2616H         LINE#         135
  C:2616H         LINE#         136
  C:2619H         LINE#         137
  C:261CH         LINE#         138
  -------         ENDPROC       LCD_SHOW_DOWNCOLON_ICO
  -------         PROC          LCD_CLEAR_COLON_ICO
  C:263CH         LINE#         139
  C:263CH         LINE#         140
  C:263FH         LINE#         141
  -------         ENDPROC       LCD_CLEAR_COLON_ICO
  -------         PROC          LCD_SHOW_COLON_ICO
  C:2642H         LINE#         143
  C:2642H         LINE#         144
  C:2645H         LINE#         145
  -------         ENDPROC       LCD_SHOW_COLON_ICO
  -------         PROC          _LCD_CLEAR_MI
  D:0007H         SYMBOL        n
  C:1558H         LINE#         147
  C:1558H         LINE#         148
  C:1580H         LINE#         149
  C:1580H         LINE#         150
  C:1583H         LINE#         151
  C:1586H         LINE#         153
  C:1589H         LINE#         154
  C:158CH         LINE#         156
  C:158FH         LINE#         157
  C:1592H         LINE#         159
  C:1595H         LINE#         160
  C:1595H         LINE#         161
  C:1598H         LINE#         162
  C:1598H         LINE#         163
  C:159BH         LINE#         164
  C:159EH         LINE#         166
  C:15A1H         LINE#         167
  C:15A4H         LINE#         169
  C:15A7H         LINE#         170
  C:15AAH         LINE#         172
  C:15ADH         LINE#         173
  C:15ADH         LINE#         174
  C:15B0H         LINE#         175
  C:15B0H         LINE#         176
  C:15B3H         LINE#         177
  C:15B6H         LINE#         179
  C:15B9H         LINE#         180
  C:15BCH         LINE#         182
  C:15BFH         LINE#         183
  C:15C2H         LINE#         185
  C:15C5H         LINE#         186
  C:15C5H         LINE#         187
  C:15C7H         LINE#         188
  C:15C7H         LINE#         189
  C:15CAH         LINE#         190
  C:15CDH         LINE#         192
  C:15D0H         LINE#         193
  C:15D3H         LINE#         195
  C:15D6H         LINE#         196
  C:15D9H         LINE#         198
BL51 BANKED LINKER/LOCATER V6.22                                                      08/16/2017  20:14:45  PAGE 24


  C:15DCH         LINE#         199
  C:15DCH         LINE#         200
  C:15DEH         LINE#         201
  C:15DEH         LINE#         202
  C:15E1H         LINE#         203
  C:15E4H         LINE#         205
  C:15E7H         LINE#         206
  C:15EAH         LINE#         208
  C:15EDH         LINE#         209
  C:15F0H         LINE#         211
  C:15F3H         LINE#         212
  C:15F3H         LINE#         213
  C:15F5H         LINE#         214
  C:15F5H         LINE#         215
  C:15F8H         LINE#         216
  C:15FBH         LINE#         218
  C:15FEH         LINE#         219
  C:1601H         LINE#         221
  C:1604H         LINE#         222
  C:1607H         LINE#         224
  C:160AH         LINE#         225
  C:160AH         LINE#         226
  C:160CH         LINE#         227
  C:160CH         LINE#         228
  C:160FH         LINE#         229
  C:1612H         LINE#         231
  C:1615H         LINE#         232
  C:1618H         LINE#         234
  C:161BH         LINE#         235
  C:161EH         LINE#         237
  C:1621H         LINE#         238
  C:1621H         LINE#         239
  C:1623H         LINE#         240
  C:1623H         LINE#         241
  C:1626H         LINE#         242
  C:1629H         LINE#         244
  C:162CH         LINE#         245
  C:162FH         LINE#         247
  C:1632H         LINE#         248
  C:1635H         LINE#         250
  C:1638H         LINE#         251
  C:163BH         LINE#         252
  C:163BH         LINE#         253
  C:163BH         LINE#         254
  -------         ENDPROC       _LCD_CLEAR_MI
  -------         PROC          LCD_CLEAR_MI_ALL
  -------         DO            
  D:0006H         SYMBOL        i
  -------         ENDDO         
  C:2506H         LINE#         255
  C:2506H         LINE#         256
  C:2508H         LINE#         257
  C:2508H         LINE#         258
  C:250DH         LINE#         259
  C:2512H         LINE#         260
  -------         ENDPROC       LCD_CLEAR_MI_ALL
  -------         PROC          _LCD_SHOWCHAR
BL51 BANKED LINKER/LOCATER V6.22                                                      08/16/2017  20:14:45  PAGE 25


  D:0007H         SYMBOL        n
  D:0005H         SYMBOL        c
  C:005EH         LINE#         261
  C:005EH         LINE#         262
  C:0067H         LINE#         264
  C:0067H         LINE#         266
  C:0070H         LINE#         267
  C:0072H         LINE#         268
  C:0078H         LINE#         269
  C:007AH         LINE#         270
  C:0080H         LINE#         271
  C:0082H         LINE#         272
  C:0088H         LINE#         273
  C:008AH         LINE#         274
  C:0090H         LINE#         275
  C:0092H         LINE#         276
  C:0092H         LINE#         277
  C:0145H         LINE#         278
  C:0145H         LINE#         279
  C:0151H         LINE#         280
  C:0154H         LINE#         282
  C:015AH         LINE#         283
  C:015DH         LINE#         285
  C:0163H         LINE#         286
  C:0166H         LINE#         288
  C:0166H         LINE#         289
  C:0166H         LINE#         290
  C:0169H         LINE#         291
  C:0169H         LINE#         292
  C:0175H         LINE#         293
  C:0178H         LINE#         295
  C:017EH         LINE#         296
  C:0181H         LINE#         298
  C:0187H         LINE#         299
  C:018AH         LINE#         301
  C:018AH         LINE#         302
  C:018AH         LINE#         303
  C:018DH         LINE#         304
  C:018DH         LINE#         305
  C:0199H         LINE#         306
  C:019CH         LINE#         308
  C:019CH         LINE#         309
  C:019CH         LINE#         311
  C:019CH         LINE#         312
  C:019CH         LINE#         314
  C:019CH         LINE#         315
  C:019CH         LINE#         316
  C:019FH         LINE#         317
  C:019FH         LINE#         318
  C:01ABH         LINE#         319
  C:01AEH         LINE#         321
  C:01AEH         LINE#         322
  C:01AEH         LINE#         324
  C:01AEH         LINE#         325
  C:01AEH         LINE#         327
  C:01AEH         LINE#         328
  C:01AEH         LINE#         329
BL51 BANKED LINKER/LOCATER V6.22                                                      08/16/2017  20:14:45  PAGE 26


  C:01B1H         LINE#         330
  C:01B1H         LINE#         331
  C:01BDH         LINE#         332
  C:01C0H         LINE#         334
  C:01C0H         LINE#         335
  C:01C0H         LINE#         337
  C:01C0H         LINE#         338
  C:01C0H         LINE#         340
  C:01C0H         LINE#         341
  C:01C0H         LINE#         342
  C:01C3H         LINE#         343
  C:01C3H         LINE#         344
  C:01CFH         LINE#         345
  C:01D2H         LINE#         347
  C:01D2H         LINE#         348
  C:01D2H         LINE#         350
  C:01D2H         LINE#         351
  C:01D2H         LINE#         353
  C:01D2H         LINE#         354
  C:01D2H         LINE#         355
  C:01D5H         LINE#         356
  C:01D5H         LINE#         357
  C:01E1H         LINE#         358
  C:01E4H         LINE#         360
  C:01E4H         LINE#         361
  C:01E4H         LINE#         363
  C:01E4H         LINE#         364
  C:01E4H         LINE#         366
  C:01E4H         LINE#         367
  C:01E4H         LINE#         368
  C:01E7H         LINE#         369
  C:01E7H         LINE#         370
  C:01F3H         LINE#         371
  C:01F6H         LINE#         373
  C:01FCH         LINE#         374
  C:01FFH         LINE#         376
  C:0205H         LINE#         377
  C:0208H         LINE#         379
  C:0208H         LINE#         380
  C:0208H         LINE#         381
  C:020BH         LINE#         382
  C:020BH         LINE#         383
  C:0217H         LINE#         384
  C:021AH         LINE#         386
  C:021AH         LINE#         387
  C:021AH         LINE#         389
  C:021AH         LINE#         390
  C:021AH         LINE#         392
  C:021AH         LINE#         393
  C:021AH         LINE#         394
  C:021DH         LINE#         395
  C:021DH         LINE#         396
  C:0229H         LINE#         397
  C:022CH         LINE#         399
  C:022CH         LINE#         400
  C:022CH         LINE#         402
  C:022CH         LINE#         403
BL51 BANKED LINKER/LOCATER V6.22                                                      08/16/2017  20:14:45  PAGE 27


  C:022CH         LINE#         405
  C:022CH         LINE#         406
  C:022CH         LINE#         407
  C:022FH         LINE#         408
  C:022FH         LINE#         409
  C:0232H         LINE#         410
  C:0232H         LINE#         411
  C:0232H         LINE#         412
  C:023EH         LINE#         413
  C:0241H         LINE#         415
  C:0241H         LINE#         416
  C:0241H         LINE#         418
  C:0241H         LINE#         419
  C:0241H         LINE#         421
  C:0241H         LINE#         422
  C:0241H         LINE#         423
  C:0244H         LINE#         424
  C:0244H         LINE#         425
  C:0250H         LINE#         426
  C:0253H         LINE#         428
  C:0259H         LINE#         429
  C:025CH         LINE#         431
  C:0262H         LINE#         432
  C:0265H         LINE#         434
  C:0265H         LINE#         435
  C:0265H         LINE#         436
  C:0268H         LINE#         437
  C:0268H         LINE#         438
  C:0274H         LINE#         439
  C:0277H         LINE#         441
  C:027DH         LINE#         442
  C:0280H         LINE#         444
  C:0280H         LINE#         445
  C:0280H         LINE#         447
  C:0280H         LINE#         448
  C:0280H         LINE#         449
  C:0283H         LINE#         450
  C:0283H         LINE#         451
  C:028FH         LINE#         452
  C:0292H         LINE#         454
  C:0298H         LINE#         455
  C:029BH         LINE#         457
  C:02A1H         LINE#         458
  C:02A4H         LINE#         460
  C:02A4H         LINE#         461
  C:02A4H         LINE#         462
  C:02A7H         LINE#         463
  C:02A7H         LINE#         464
  C:02B3H         LINE#         465
  C:02B6H         LINE#         467
  C:02BCH         LINE#         468
  C:02BFH         LINE#         470
  C:02BFH         LINE#         471
  C:02BFH         LINE#         473
  C:02BFH         LINE#         474
  C:02BFH         LINE#         475
  C:02C2H         LINE#         476
BL51 BANKED LINKER/LOCATER V6.22                                                      08/16/2017  20:14:45  PAGE 28


  C:02C2H         LINE#         477
  C:02CEH         LINE#         478
  C:02D1H         LINE#         480
  C:02D7H         LINE#         481
  C:02DAH         LINE#         483
  C:02E0H         LINE#         484
  C:02E3H         LINE#         486
  C:02E3H         LINE#         487
  C:02E3H         LINE#         488
  C:02E6H         LINE#         489
  C:02E6H         LINE#         490
  C:02F2H         LINE#         491
  C:02F5H         LINE#         493
  C:02FBH         LINE#         494
  C:02FEH         LINE#         496
  C:02FEH         LINE#         497
  C:02FEH         LINE#         499
  C:02FEH         LINE#         500
  C:02FEH         LINE#         501
  C:0301H         LINE#         502
  C:0301H         LINE#         503
  C:030DH         LINE#         504
  C:0310H         LINE#         506
  C:0316H         LINE#         507
  C:0319H         LINE#         509
  C:031FH         LINE#         510
  C:0322H         LINE#         512
  C:0322H         LINE#         513
  C:0322H         LINE#         514
  C:0325H         LINE#         515
  C:0325H         LINE#         516
  C:0331H         LINE#         517
  C:0334H         LINE#         519
  C:033AH         LINE#         520
  C:033DH         LINE#         522
  C:0343H         LINE#         523
  C:0346H         LINE#         525
  C:0346H         LINE#         526
  C:0346H         LINE#         527
  C:0349H         LINE#         528
  C:0349H         LINE#         529
  C:0355H         LINE#         530
  C:0358H         LINE#         532
  C:035EH         LINE#         533
  C:0361H         LINE#         535
  C:0367H         LINE#         536
  C:036AH         LINE#         538
  C:036AH         LINE#         539
  C:036AH         LINE#         540
  C:036DH         LINE#         541
  C:036DH         LINE#         542
  C:0379H         LINE#         543
  C:037CH         LINE#         545
  C:0382H         LINE#         546
  C:0385H         LINE#         548
  C:038BH         LINE#         549
  C:038EH         LINE#         551
BL51 BANKED LINKER/LOCATER V6.22                                                      08/16/2017  20:14:45  PAGE 29


  C:038EH         LINE#         552
  C:038EH         LINE#         553
  C:0391H         LINE#         554
  C:0391H         LINE#         555
  C:039DH         LINE#         556
  C:03A0H         LINE#         558
  C:03A6H         LINE#         559
  C:03A9H         LINE#         561
  C:03AFH         LINE#         562
  C:03B2H         LINE#         564
  C:03B2H         LINE#         565
  C:03B2H         LINE#         566
  C:03B5H         LINE#         567
  C:03B5H         LINE#         568
  C:03C1H         LINE#         569
  C:03C4H         LINE#         571
  C:03CAH         LINE#         572
  C:03CDH         LINE#         574
  C:03D3H         LINE#         575
  C:03D6H         LINE#         577
  C:03D6H         LINE#         578
  C:03D6H         LINE#         579
  C:03D9H         LINE#         580
  C:03D9H         LINE#         581
  C:03E5H         LINE#         582
  C:03E8H         LINE#         584
  C:03EEH         LINE#         585
  C:03F1H         LINE#         587
  C:03F7H         LINE#         588
  C:03FAH         LINE#         590
  C:03FAH         LINE#         591
  C:03FAH         LINE#         592
  C:03FDH         LINE#         593
  C:03FDH         LINE#         594
  C:0409H         LINE#         595
  C:040CH         LINE#         597
  C:0412H         LINE#         598
  C:0415H         LINE#         600
  C:041BH         LINE#         601
  C:041EH         LINE#         603
  C:041EH         LINE#         604
  C:041EH         LINE#         605
  C:0421H         LINE#         606
  C:0421H         LINE#         607
  C:042DH         LINE#         608
  C:0430H         LINE#         610
  C:0436H         LINE#         611
  C:0439H         LINE#         613
  C:043FH         LINE#         614
  C:0442H         LINE#         616
  C:0442H         LINE#         617
  C:0442H         LINE#         618
  C:0445H         LINE#         619
  C:0445H         LINE#         620
  C:0451H         LINE#         621
  C:0454H         LINE#         623
  C:045AH         LINE#         624
BL51 BANKED LINKER/LOCATER V6.22                                                      08/16/2017  20:14:45  PAGE 30


  C:045DH         LINE#         626
  C:0463H         LINE#         627
  C:0466H         LINE#         629
  C:0466H         LINE#         630
  C:0466H         LINE#         631
  C:0469H         LINE#         632
  C:0469H         LINE#         633
  C:0475H         LINE#         634
  C:0478H         LINE#         636
  C:047EH         LINE#         637
  C:0481H         LINE#         639
  C:0487H         LINE#         640
  C:048AH         LINE#         642
  C:0490H         LINE#         643
  C:0493H         LINE#         644
  C:0494H         LINE#         645
  C:0494H         LINE#         646
  C:0494H         LINE#         647
  C:0494H         LINE#         648
  C:04A0H         LINE#         649
  C:04A3H         LINE#         651
  C:04A9H         LINE#         652
  C:04ACH         LINE#         654
  C:04B2H         LINE#         655
  C:04B5H         LINE#         657
  C:04B5H         LINE#         658
  C:04B5H         LINE#         659
  C:04B8H         LINE#         660
  C:04B8H         LINE#         661
  C:04C4H         LINE#         662
  C:04C7H         LINE#         664
  C:04CDH         LINE#         665
  C:04D0H         LINE#         667
  C:04D6H         LINE#         668
  C:04D9H         LINE#         670
  C:04D9H         LINE#         671
  C:04D9H         LINE#         672
  C:04DCH         LINE#         673
  C:04DCH         LINE#         674
  C:04E8H         LINE#         675
  C:04EBH         LINE#         677
  C:04F1H         LINE#         678
  C:04F4H         LINE#         680
  C:04FAH         LINE#         681
  C:04FDH         LINE#         683
  C:0503H         LINE#         684
  C:0506H         LINE#         685
  C:0507H         LINE#         686
  C:0507H         LINE#         687
  C:0513H         LINE#         688
  C:0516H         LINE#         690
  C:051CH         LINE#         691
  C:051FH         LINE#         693
  C:0525H         LINE#         694
  C:0528H         LINE#         696
  C:0528H         LINE#         697
  C:0528H         LINE#         698
BL51 BANKED LINKER/LOCATER V6.22                                                      08/16/2017  20:14:45  PAGE 31


  C:052BH         LINE#         699
  C:052BH         LINE#         700
  C:0537H         LINE#         701
  C:053AH         LINE#         703
  C:0540H         LINE#         704
  C:0543H         LINE#         706
  C:0543H         LINE#         707
  C:0543H         LINE#         709
  C:0543H         LINE#         710
  C:0543H         LINE#         711
  C:0546H         LINE#         712
  C:0546H         LINE#         713
  C:0552H         LINE#         714
  C:0555H         LINE#         716
  C:055BH         LINE#         717
  C:055EH         LINE#         719
  C:0564H         LINE#         720
  C:0567H         LINE#         722
  C:0567H         LINE#         723
  C:0567H         LINE#         724
  C:056AH         LINE#         725
  C:056AH         LINE#         726
  C:0576H         LINE#         727
  C:0579H         LINE#         729
  C:057FH         LINE#         730
  C:0582H         LINE#         732
  C:0588H         LINE#         733
  C:058BH         LINE#         735
  C:058BH         LINE#         736
  C:058BH         LINE#         737
  C:058EH         LINE#         738
  C:058EH         LINE#         739
  C:059AH         LINE#         740
  C:059DH         LINE#         742
  C:05A3H         LINE#         743
  C:05A6H         LINE#         745
  C:05ACH         LINE#         746
  C:05AFH         LINE#         748
  C:05AFH         LINE#         749
  C:05AFH         LINE#         750
  C:05B2H         LINE#         751
  C:05B2H         LINE#         752
  C:05BEH         LINE#         753
  C:05C1H         LINE#         755
  C:05C7H         LINE#         756
  C:05CAH         LINE#         758
  C:05D0H         LINE#         759
  C:05D3H         LINE#         761
  C:05D3H         LINE#         762
  C:05D3H         LINE#         763
  C:05D6H         LINE#         764
  C:05D6H         LINE#         765
  C:05E2H         LINE#         766
[...]
  C:2088H         LINE#         185
  C:208BH         LINE#         186
  C:208EH         LINE#         189
  C:20A6H         LINE#         194
  C:20A8H         LINE#         195
  -------         ENDPROC       _INITIALUART0_TIMER1_TYPE3
  -------         PROC          _INITIALUART0_TIMER1_TYPE4
  D:0004H         SYMBOL        u32Baudrate
  C:20A9H         LINE#         200
  C:20A9H         LINE#         201
  C:20A9H         LINE#         202
  C:20ACH         LINE#         203
  C:20AFH         LINE#         205
  C:20B2H         LINE#         206
  C:20B5H         LINE#         207
  C:20B8H         LINE#         210
  C:20D0H         LINE#         215
  C:20D2H         LINE#         216
  -------         ENDPROC       _INITIALUART0_TIMER1_TYPE4
  -------         PROC          _INITIALUART0_TIMER3_TYPE5
  X:00A6H         SYMBOL        u32Baudrate
  C:1B60H         LINE#         218
  C:1B66H         LINE#         219
  C:1B66H         LINE#         220
  C:1B69H         LINE#         221
  C:1B6CH         LINE#         222
  C:1B6FH         LINE#         223
  C:1B72H         LINE#         226
  C:1BA0H         LINE#         227
  C:1BBFH         LINE#         233
  C:1BC2H         LINE#         234
  -------         ENDPROC       _INITIALUART0_TIMER3_TYPE5
  -------         PROC          _INITIALUART0_TIMER3_TYPE6
  X:00AAH         SYMBOL        u32Baudrate
  C:1BC3H         LINE#         236
  C:1BC9H         LINE#         237
  C:1BC9H         LINE#         238
  C:1BCCH         LINE#         239
  C:1BCFH         LINE#         240
  C:1BD2H         LINE#         241
  C:1BD5H         LINE#         244
  C:1C03H         LINE#         245
  C:1C22H         LINE#         251
  C:1C25H         LINE#         252
  -------         ENDPROC       _INITIALUART0_TIMER3_TYPE6
  -------         PROC          _INITIALUART1_TIMER3
BL51 BANKED LINKER/LOCATER V6.22                                                      08/16/2017  20:14:45  PAGE 51


  X:00AEH         SYMBOL        u32Baudrate
  C:1D46H         LINE#         254
  C:1D4CH         LINE#         255
  C:1D4CH         LINE#         256
  C:1D4FH         LINE#         257
  C:1D52H         LINE#         260
  C:1D80H         LINE#         261
  C:1D9FH         LINE#         267
  C:1DA2H         LINE#         268
  -------         ENDPROC       _INITIALUART1_TIMER3
  -------         PROC          RECEIVE_DATA_FROM_UART0
  -------         DO            
  D:0007H         SYMBOL        c
  -------         ENDDO         
  C:0003H         LINE#         280
  C:0003H         LINE#         283
  C:0006H         LINE#         285
  C:0008H         LINE#         286
  C:000AH         LINE#         287
  C:000AH         LINE#         288
  -------         ENDPROC       RECEIVE_DATA_FROM_UART0
  -------         PROC          _SEND_DATA_TO_UART0
  D:0007H         SYMBOL        c
  C:2580H         LINE#         300
  C:2580H         LINE#         301
  C:2582H         LINE#         302
  C:2584H         LINE#         303
  C:2587H         LINE#         305
  -------         ENDPROC       _SEND_DATA_TO_UART0
  -------         PROC          RECEIVE_DATA_FROM_UART1
  -------         DO            
  D:0007H         SYMBOL        c
  -------         ENDDO         
  C:2588H         LINE#         317
  C:2588H         LINE#         320
  C:258BH         LINE#         322
  C:258DH         LINE#         323
  C:258FH         LINE#         324
  C:258FH         LINE#         325
  -------         ENDPROC       RECEIVE_DATA_FROM_UART1
  -------         PROC          _SEND_DATA_TO_UART1
  D:0007H         SYMBOL        c
  C:2590H         LINE#         337
  C:2590H         LINE#         338
  C:2592H         LINE#         339
  C:2594H         LINE#         340
  C:2597H         LINE#         342
  -------         ENDPROC       _SEND_DATA_TO_UART1
  -------         PROC          SET_ALL_GPIO_QUASI_MODE
  C:238EH         LINE#         344
  C:238EH         LINE#         345
  C:2391H         LINE#         346
  C:2393H         LINE#         347
  C:2395H         LINE#         348
  C:2397H         LINE#         349
  C:2399H         LINE#         350
  C:239BH         LINE#         351
BL51 BANKED LINKER/LOCATER V6.22                                                      08/16/2017  20:14:45  PAGE 52


  C:239DH         LINE#         352
  C:239FH         LINE#         353
  C:23A1H         LINE#         354
  C:23A3H         LINE#         355
  C:23A5H         LINE#         356
  C:23A7H         LINE#         357
  -------         ENDPROC       SET_ALL_GPIO_QUASI_MODE
  -------         PROC          SET_ALL_GPIO_INPUT_MODE
  C:22FDH         LINE#         359
  C:22FDH         LINE#         360
  C:2300H         LINE#         361
  C:2303H         LINE#         362
  C:2306H         LINE#         363
  C:2308H         LINE#         364
  C:230BH         LINE#         365
  C:230DH         LINE#         366
  C:2310H         LINE#         367
  C:2312H         LINE#         368
  C:2315H         LINE#         369
  C:2317H         LINE#         370
  C:231AH         LINE#         371
  C:231CH         LINE#         372
  -------         ENDPROC       SET_ALL_GPIO_INPUT_MODE
  -------         PROC          SW_RESET
  C:23A8H         LINE#         375
  C:23A8H         LINE#         376
  C:23ABH         LINE#         377
  C:23AEH         LINE#         378
  C:23C1H         LINE#         380
  -------         ENDPROC       SW_RESET
  -------         PROC          FSYS_CLOCK_OUTPUT_ON_P26
  C:2652H         LINE#         382
  C:2652H         LINE#         383
  C:2655H         LINE#         384
  -------         ENDPROC       FSYS_CLOCK_OUTPUT_ON_P26
  -------         PROC          _PUTCHAR
  D:0007H         SYMBOL        c
  C:1F73H         LINE#         393
  C:1F73H         LINE#         431
  C:1F78H         LINE#         432
  C:1F7BH         LINE#         433
  C:1F80H         LINE#         434
  C:1F80H         LINE#         435
  C:1F82H         LINE#         436
  C:1F85H         LINE#         438
  C:1F8AH         LINE#         439
  C:1F8CH         LINE#         440
  C:1F8CH         LINE#         441
  C:1F8CH         LINE#         442
  C:1F8FH         LINE#         444
  C:1F91H         LINE#         445
  C:1F94H         LINE#         446
  C:1F94H         LINE#         447
  C:1F97H         LINE#         448
  C:1F9CH         LINE#         449
  C:1F9CH         LINE#         450
  C:1F9EH         LINE#         451
BL51 BANKED LINKER/LOCATER V6.22                                                      08/16/2017  20:14:45  PAGE 53


  C:1FA1H         LINE#         453
  C:1FA6H         LINE#         454
  C:1FA8H         LINE#         455
  C:1FA8H         LINE#         456
  C:1FA8H         LINE#         457
  C:1FABH         LINE#         459
  C:1FADH         LINE#         460
  C:1FAFH         LINE#         462
  -------         ENDPROC       _PUTCHAR
  -------         ENDMOD        COMMON

  -------         MODULE        DELAY
  C:0000H         SYMBOL        _ICE_DUMMY_
  D:0080H         PUBLIC        P0
  D:0090H         PUBLIC        P1
  D:00A0H         PUBLIC        P2
  D:00B0H         PUBLIC        P3
  D:008FH         PUBLIC        WKCON
  D:00D8H         PUBLIC        P5
  D:00A8H         PUBLIC        IE
  D:00B8H         PUBLIC        IP
  C:1DFEH         PUBLIC        _Timer0_Delay1ms
  C:1E57H         PUBLIC        _Timer1_Delay1ms
  C:1DA3H         PUBLIC        _Timer3_Delay1ms
  D:0098H         PUBLIC        SCON
  D:0089H         PUBLIC        TMOD
  D:0088H         PUBLIC        TCON
  C:1A64H         PUBLIC        _?Random_Delay
  C:22DCH         PUBLIC        _Delay10us
  D:00F8H         PUBLIC        SCON_1
  B:0088H.5       PUBLIC        TF0
  B:0088H.7       PUBLIC        TF1
  D:008CH         PUBLIC        TH0
  D:00C6H         PUBLIC        R3H
  D:008DH         PUBLIC        TH1
  D:008AH         PUBLIC        TL0
  C:1C26H         PUBLIC        _WakeUp_Timer_Delay25ms
  D:00C5H         PUBLIC        R3L
  D:008BH         PUBLIC        TL1
  B:0088H.4       PUBLIC        TR0
  B:0088H.6       PUBLIC        TR1
  D:00E8H         PUBLIC        ADCCON0
  D:00C0H         PUBLIC        I2CON
  D:00C8H         PUBLIC        T2CON
  D:00C4H         PUBLIC        T3CON
  D:008EH         PUBLIC        CKCON
  D:0086H         PUBLIC        RWK
  D:00D0H         PUBLIC        PSW
  -------         PROC          _?RANDOM_DELAY
  -------         DO            
  x:0000H         SYMBOL        u32CNT
  x:0004H         SYMBOL        u32Tmp
  -------         ENDDO         
  C:1A64H         LINE#         36
  C:1A6AH         LINE#         37
  C:1A6AH         LINE#         41
  C:1A95H         LINE#         42
BL51 BANKED LINKER/LOCATER V6.22                                                      08/16/2017  20:14:45  PAGE 54


  C:1A95H         LINE#         43
  C:1ABAH         LINE#         44
  C:1AE1H         LINE#         45
  -------         ENDPROC       _?RANDOM_DELAY
  -------         PROC          _DELAY10US
  D:0006H         SYMBOL        u16CNT
  C:22DCH         LINE#         47
  C:22DCH         LINE#         48
  C:22DFH         LINE#         49
  C:22E2H         LINE#         50
  C:22E4H         LINE#         51
  C:22E8H         LINE#         52
  C:22EBH         LINE#         53
  C:22EEH         LINE#         54
  C:22F1H         LINE#         56
  C:22F3H         LINE#         57
  C:22F8H         LINE#         58
  C:22FAH         LINE#         59
  C:22FCH         LINE#         60
  -------         ENDPROC       _DELAY10US
  -------         PROC          _TIMER0_DELAY1MS
  X:00B2H         SYMBOL        u32CNT
  C:1DFEH         LINE#         62
  C:1E04H         LINE#         63
  C:1E07H         LINE#         64
  C:1E0AH         LINE#         65
  C:1E0CH         LINE#         66
  C:1E25H         LINE#         67
  C:1E28H         LINE#         68
  C:1E2BH         LINE#         69
  C:1E2EH         LINE#         71
  C:1E30H         LINE#         72
  C:1E52H         LINE#         73
  C:1E54H         LINE#         74
  C:1E56H         LINE#         75
  -------         ENDPROC       _TIMER0_DELAY1MS
  -------         PROC          _TIMER1_DELAY1MS
  X:00B6H         SYMBOL        u32CNT
  C:1E57H         LINE#         77
  C:1E5DH         LINE#         78
  C:1E60H         LINE#         79
  C:1E63H         LINE#         80
  C:1E65H         LINE#         81
  C:1E7EH         LINE#         82
  C:1E81H         LINE#         83
  C:1E84H         LINE#         84
  C:1E87H         LINE#         86
  C:1E89H         LINE#         87
  C:1EABH         LINE#         88
  C:1EADH         LINE#         89
  C:1EAFH         LINE#         90
  -------         ENDPROC       _TIMER1_DELAY1MS
  -------         PROC          _TIMER3_DELAY1MS
  X:00BAH         SYMBOL        u32CNT
  C:1DA3H         LINE#         92
  C:1DA9H         LINE#         93
  C:1DACH         LINE#         94
BL51 BANKED LINKER/LOCATER V6.22                                                      08/16/2017  20:14:45  PAGE 55


  C:1DAFH         LINE#         95
  C:1DC8H         LINE#         96
  C:1DCBH         LINE#         97
  C:1DCEH         LINE#         98
  C:1DD3H         LINE#         100
  C:1DD6H         LINE#         101
  C:1DF8H         LINE#         102
  C:1DFAH         LINE#         103
  C:1DFDH         LINE#         104
  -------         ENDPROC       _TIMER3_DELAY1MS
  -------         PROC          _WAKEUP_TIMER_DELAY25MS
  X:00BEH         SYMBOL        u32CNT
  C:1C26H         LINE#         106
  C:1C2CH         LINE#         107
  C:1C2CH         LINE#         108
  C:1C2FH         LINE#         109
  C:1C32H         LINE#         110
  C:1C35H         LINE#         112
  C:1C38H         LINE#         114
  C:1C3BH         LINE#         115
  C:1C3EH         LINE#         116
  C:1C57H         LINE#         117
  C:1C5CH         LINE#         119
  C:1C5FH         LINE#         120
  C:1C81H         LINE#         121
  C:1C83H         LINE#         122
  C:1C86H         LINE#         123
  -------         ENDPROC       _WAKEUP_TIMER_DELAY25MS
  -------         ENDMOD        DELAY

  -------         MODULE        VERSION
  C:0000H         SYMBOL        _ICE_DUMMY_
  D:0080H         PUBLIC        P0
  D:0090H         PUBLIC        P1
  D:00A0H         PUBLIC        P2
  D:00B0H         PUBLIC        P3
  D:00D8H         PUBLIC        P5
  D:00A8H         PUBLIC        IE
  D:00B8H         PUBLIC        IP
  D:0098H         PUBLIC        SCON
  D:0088H         PUBLIC        TCON
  D:00F8H         PUBLIC        SCON_1
  C:1CE7H         PUBLIC        Show_FW_Version_Number_To_PC
  D:00E8H         PUBLIC        ADCCON0
  D:00C0H         PUBLIC        I2CON
  D:00C8H         PUBLIC        T2CON
  D:00D0H         PUBLIC        PSW
  -------         PROC          SHOW_FW_VERSION_NUMBER_TO_PC
  C:1CE7H         LINE#         32
  C:1CE7H         LINE#         33
  C:1CE7H         LINE#         34
  C:1CF0H         LINE#         35
  C:1CF9H         LINE#         36
  C:1D02H         LINE#         37
  C:1D1CH         LINE#         38
  C:1D3DH         LINE#         39
  -------         ENDPROC       SHOW_FW_VERSION_NUMBER_TO_PC
BL51 BANKED LINKER/LOCATER V6.22                                                      08/16/2017  20:14:45  PAGE 56


  -------         ENDMOD        VERSION

  -------         MODULE        ?C_STARTUP
  C:19CAH         SEGMENT       ?C_C51STARTUP
  I:0092H         SEGMENT       ?STACK
  C:0000H         PUBLIC        ?C_STARTUP
  D:00E0H         SYMBOL        ACC
  D:00F0H         SYMBOL        B
  D:0083H         SYMBOL        DPH
  D:0082H         SYMBOL        DPL
  N:0000H         SYMBOL        IBPSTACK
  N:0100H         SYMBOL        IBPSTACKTOP
  N:0080H         SYMBOL        IDATALEN
  C:19CDH         SYMBOL        IDATALOOP
  N:0000H         SYMBOL        PBPSTACK
  N:0000H         SYMBOL        PBPSTACKTOP
  N:0000H         SYMBOL        PDATALEN
  N:0000H         SYMBOL        PDATASTART
  N:0000H         SYMBOL        PPAGE
  N:0000H         SYMBOL        PPAGEENABLE
  D:00A0H         SYMBOL        PPAGE_SFR
  D:0081H         SYMBOL        SP
  C:19CAH         SYMBOL        STARTUP1
  N:0000H         SYMBOL        XBPSTACK
  N:0000H         SYMBOL        XBPSTACKTOP
  N:00FFH         SYMBOL        XDATALEN
  C:19D8H         SYMBOL        XDATALOOP
  N:0000H         SYMBOL        XDATASTART
  C:0000H         LINE#         92
  C:19CAH         LINE#         99
  C:19CCH         LINE#         100
  C:19CDH         LINE#         101
  C:19CEH         LINE#         102
  C:19D0H         LINE#         106
  C:19D3H         LINE#         107
  C:19D5H         LINE#         109
  C:19D7H         LINE#         113
  C:19D8H         LINE#         114
  C:19D9H         LINE#         115
  C:19DAH         LINE#         116
  C:19DCH         LINE#         117
  C:19DEH         LINE#         151
  C:19E1H         LINE#         155
  -------         ENDMOD        ?C_STARTUP

  -------         MODULE        ?C?COPY
  C:098CH         PUBLIC        ?C?COPY
  -------         ENDMOD        ?C?COPY

  -------         MODULE        ?C?CLDOPTR
  C:09B2H         PUBLIC        ?C?CLDOPTR
  -------         ENDMOD        ?C?CLDOPTR

  -------         MODULE        ?C?CILDOPTR
  C:09DFH         PUBLIC        ?C?CILDOPTR
  -------         ENDMOD        ?C?CILDOPTR

BL51 BANKED LINKER/LOCATER V6.22                                                      08/16/2017  20:14:45  PAGE 57


  -------         MODULE        ?C?CSTPTR
  C:0A12H         PUBLIC        ?C?CSTPTR
  -------         ENDMOD        ?C?CSTPTR

  -------         MODULE        ?C?CSTOPTR
  C:0A24H         PUBLIC        ?C?CSTOPTR
  -------         ENDMOD        ?C?CSTOPTR

  -------         MODULE        ?C?IILDX
  C:0A46H         PUBLIC        ?C?IILDX
  -------         ENDMOD        ?C?IILDX

  -------         MODULE        ?C?ILDOPTR
  C:0A5CH         PUBLIC        ?C?ILDOPTR
  -------         ENDMOD        ?C?ILDOPTR

  -------         MODULE        ?C?IILDOPTR
  C:0A94H         PUBLIC        ?C?IILDOPTR
  -------         ENDMOD        ?C?IILDOPTR

  -------         MODULE        ?C?ISTOPTR
  C:0AE1H         PUBLIC        ?C?ISTOPTR
  -------         ENDMOD        ?C?ISTOPTR

  -------         MODULE        ?C?ULDIV
  C:0B4AH         PUBLIC        ?C?ULDIV
  -------         ENDMOD        ?C?ULDIV

  -------         MODULE        ?C?ULCMP
  C:0BDCH         PUBLIC        ?C?ULCMP
  -------         ENDMOD        ?C?ULCMP

  -------         MODULE        ?C?ULSHR
  C:0BEDH         PUBLIC        ?C?ULSHR
  -------         ENDMOD        ?C?ULSHR

  -------         MODULE        ?C?LSTXDATA
  C:0C00H         PUBLIC        ?C?LSTXDATA
  -------         ENDMOD        ?C?LSTXDATA

  -------         MODULE        ?C?LSTKXDATA
  C:0C0CH         PUBLIC        ?C?LSTKXDATA
  -------         ENDMOD        ?C?LSTKXDATA

  -------         MODULE        ?C?PLDPTR
  C:0C3DH         PUBLIC        ?C?PLDPTR
  -------         ENDMOD        ?C?PLDPTR

  -------         MODULE        ?C?CCASE
  C:0C5DH         PUBLIC        ?C?CCASE
  -------         ENDMOD        ?C?CCASE

  -------         MODULE        ?C?ICALL
  C:0C83H         PUBLIC        ?C?ICALL
  C:0C87H         PUBLIC        ?C?ICALL2
  -------         ENDMOD        ?C?ICALL

BL51 BANKED LINKER/LOCATER V6.22                                                      08/16/2017  20:14:45  PAGE 58


  -------         MODULE        ?C_XBP
  D:000DH         PUBLIC        ?C_XBP
  -------         ENDMOD        ?C_XBP

  -------         MODULE        ?C?ADDXBP
  C:0C89H         PUBLIC        ?C?ADDXBP
  -------         ENDMOD        ?C?ADDXBP

  -------         MODULE        ?C?XBPOFF
  C:0CADH         PUBLIC        ?C?XBPOFF
  -------         ENDMOD        ?C?XBPOFF

  -------         MODULE        PRINTF
  X:0011H         PUBLIC        ?_PRINTF517?BYTE
  X:0011H         PUBLIC        ?_PRINTF?BYTE
  X:0011H         PUBLIC        ?_SPRINTF517?BYTE
  X:0011H         PUBLIC        ?_SPRINTF?BYTE
  C:0D85H         PUBLIC        _PRINTF
  C:0D85H         PUBLIC        _PRINTF517
  C:0D7FH         PUBLIC        _SPRINTF
  C:0D7FH         PUBLIC        _SPRINTF517
  -------         ENDMOD        PRINTF

  -------         MODULE        STRLEN
  C:2435H         PUBLIC        _STRLEN
  -------         ENDMOD        STRLEN

  -------         MODULE        ?C?CLDPTR
  C:0CBAH         PUBLIC        ?C?CLDPTR
  -------         ENDMOD        ?C?CLDPTR

  -------         MODULE        ?C?PLDIDATA
  C:0CD3H         PUBLIC        ?C?PLDIDATA
  -------         ENDMOD        ?C?PLDIDATA

  -------         MODULE        ?C?PLDXDATA
  C:0CDCH         PUBLIC        ?C?PLDXDATA
  -------         ENDMOD        ?C?PLDXDATA

  -------         MODULE        ?C?PLDIXDATA
  C:0CE5H         PUBLIC        ?C?PLDIXDATA
  -------         ENDMOD        ?C?PLDIXDATA

  -------         MODULE        ?C?PSTXDATA
  C:0CFCH         PUBLIC        ?C?PSTXDATA
  -------         ENDMOD        ?C?PSTXDATA

  -------         MODULE        ?C?PLDPDATA
  C:0D05H         PUBLIC        ?C?PLDPDATA
  -------         ENDMOD        ?C?PLDPDATA

  -------         MODULE        ?C?PLDCODE
  C:0D0EH         PUBLIC        ?C?PLDCODE
  -------         ENDMOD        ?C?PLDCODE

Program Size: data=136.6 xdata=197 code=9861
LINK/LOCATE RUN COMPLETE.  0 WARNING(S),  0 ERROR(S)
