BL51 BANKED LINKER/LOCATER V6.22                                                        12/15/2017  17:13:45  PAGE 1


BL51 BANKED LINKER/LOCATER V6.22, INVOKED BY:
C:\KEIL_V5\C51\BIN\BL51.EXE .\Out\Objects\main.obj, .\Out\Objects\app_key.obj, .\Out\Objects\app_work.obj, .\Out\Objects
>> \app_repeat_exe.obj, .\Out\Objects\app_2d4.obj, .\Out\Objects\app_lcd.obj, .\Out\Objects\bsp.obj, .\Out\Objects\bsp_k
>> ey.obj, .\Out\Objects\bsp_display.obj, .\Out\Objects\bsp_timer0.obj, .\Out\Objects\bsp_adc.obj, .\Out\Objects\bsp_key
>> Bright.obj, .\Out\Objects\bsp_lcdBright.obj, .\Out\Objects\bsp_2d4.obj, .\Out\Objects\Common.obj, .\Out\Objects\Delay
>> .obj, .\Out\Objects\Version.obj, .\Out\Objects\STARTUP.obj TO .\Out\Objects\project PRINT (.\Out\Listings\project.m51
>> ) RAMSIZE (256) DISABLEWARNING (16)


MEMORY MODEL: LARGE


INPUT MODULES INCLUDED:
  .\Out\Objects\main.obj (MAIN)
  .\Out\Objects\app_key.obj (APP_KEY)
  .\Out\Objects\app_work.obj (APP_WORK)
  .\Out\Objects\app_repeat_exe.obj (APP_REPEAT_EXE)
  .\Out\Objects\app_2d4.obj (APP_2D4)
  .\Out\Objects\app_lcd.obj (APP_LCD)
  .\Out\Objects\bsp.obj (BSP)
  .\Out\Objects\bsp_key.obj (BSP_KEY)
  .\Out\Objects\bsp_display.obj (BSP_DISPLAY)
  .\Out\Objects\bsp_timer0.obj (BSP_TIMER0)
  .\Out\Objects\bsp_adc.obj (BSP_ADC)
  .\Out\Objects\bsp_keyBright.obj (BSP_KEYBRIGHT)
  .\Out\Objects\bsp_lcdBright.obj (BSP_LCDBRIGHT)
  .\Out\Objects\bsp_2d4.obj (BSP_2D4)
  .\Out\Objects\Common.obj (COMMON)
  .\Out\Objects\Delay.obj (DELAY)
  .\Out\Objects\Version.obj (VERSION)
  .\Out\Objects\STARTUP.obj (?C_STARTUP)
  C:\KEIL_V5\C51\LIB\C51L.LIB (?C_INIT)
  C:\KEIL_V5\C51\LIB\C51L.LIB (?C?COPY)
  C:\KEIL_V5\C51\LIB\C51L.LIB (?C?CLDPTR)
  C:\KEIL_V5\C51\LIB\C51L.LIB (?C?CLDOPTR)
  C:\KEIL_V5\C51\LIB\C51L.LIB (?C?CILDOPTR)
  C:\KEIL_V5\C51\LIB\C51L.LIB (?C?CSTOPTR)
  C:\KEIL_V5\C51\LIB\C51L.LIB (?C?IILDX)
  C:\KEIL_V5\C51\LIB\C51L.LIB (?C?ILDOPTR)
  C:\KEIL_V5\C51\LIB\C51L.LIB (?C?IILDOPTR)
  C:\KEIL_V5\C51\LIB\C51L.LIB (?C?ISTOPTR)
  C:\KEIL_V5\C51\LIB\C51L.LIB (?C?ULDIV)
  C:\KEIL_V5\C51\LIB\C51L.LIB (?C?ULCMP)
  C:\KEIL_V5\C51\LIB\C51L.LIB (?C?ULSHR)
  C:\KEIL_V5\C51\LIB\C51L.LIB (?C?LSTXDATA)
  C:\KEIL_V5\C51\LIB\C51L.LIB (?C?LSTKXDATA)
  C:\KEIL_V5\C51\LIB\C51L.LIB (?C?PLDPTR)
  C:\KEIL_V5\C51\LIB\C51L.LIB (?C?CCASE)
  C:\KEIL_V5\C51\LIB\C51L.LIB (?C?ICALL)
  C:\KEIL_V5\C51\LIB\C51L.LIB (?C_XBP)
  C:\KEIL_V5\C51\LIB\C51L.LIB (?C?ADDXBP)
  C:\KEIL_V5\C51\LIB\C51L.LIB (?C?XBPOFF)
  C:\KEIL_V5\C51\LIB\C51L.LIB (PRINTF)
  C:\KEIL_V5\C51\LIB\C51L.LIB (?C?STRCPY)
  C:\KEIL_V5\C51\LIB\C51L.LIB (STRNCPY)
  C:\KEIL_V5\C51\LIB\C51L.LIB (STRLEN)
  C:\KEIL_V5\C51\LIB\C51L.LIB (?C?MEMSET)
  C:\KEIL_V5\C51\LIB\C51L.LIB (?C?CSTPTR)
BL51 BANKED LINKER/LOCATER V6.22                                                      12/15/2017  17:13:45  PAGE 2


  C:\KEIL_V5\C51\LIB\C51L.LIB (?C?ILDIX)
  C:\KEIL_V5\C51\LIB\C51L.LIB (?C?PLDIDATA)
  C:\KEIL_V5\C51\LIB\C51L.LIB (?C?PLDXDATA)
  C:\KEIL_V5\C51\LIB\C51L.LIB (?C?PLDIXDATA)
  C:\KEIL_V5\C51\LIB\C51L.LIB (?C?PSTXDATA)
  C:\KEIL_V5\C51\LIB\C51L.LIB (?C?PLDPDATA)
  C:\KEIL_V5\C51\LIB\C51L.LIB (?C?PLDCODE)


LINK MAP OF MODULE:  .\Out\Objects\project (MAIN)


            TYPE    BASE      LENGTH    RELOCATION   SEGMENT NAME
            -----------------------------------------------------

            * * * * * * *   D A T A   M E M O R Y   * * * * * * *
            REG     0000H     0008H     ABSOLUTE     "REG BANK 0"
            DATA    0008H     0005H     UNIT         _DATA_GROUP_
            DATA    000DH     0002H     UNIT         ?C?LIB_DATA
            IDATA   000FH     0007H     UNIT         ?ID?APP_WORK
            IDATA   0016H     0005H     UNIT         ?ID?BSP_ADC
                    001BH     0005H                  *** GAP ***
            BIT     0020H.0   0001H.1   UNIT         _BIT_GROUP_
            BIT     0021H.1   0000H.1   UNIT         ?BI?APP_2D4
            BIT     0021H.2   0000H.1   UNIT         ?BI?BSP
                    0021H.3   0000H.5                *** GAP ***
            IDATA   0022H     007BH     UNIT         ?ID?BSP_KEY
            IDATA   009DH     0021H     UNIT         ?ID?APP_2D4
            IDATA   00BEH     0001H     UNIT         ?STACK

            * * * * * * *  X D A T A   M E M O R Y  * * * * * * *
            XDATA   0000H     0043H     UNIT         _XDATA_GROUP_
            XDATA   0043H     0013H     UNIT         ?XD?_RF_CARRIER?BSP_2D4
            XDATA   0056H     0012H     UNIT         ?XD?APP_REPEAT_EXE
            XDATA   0068H     0011H     UNIT         ?XD?APP_LCD
            XDATA   0079H     0010H     UNIT         ?XD?APP_2D4
            XDATA   0089H     000BH     UNIT         ?XD?BSP_TIMER0
            XDATA   0094H     0007H     UNIT         ?XD?BSP_KEY
            XDATA   009BH     0005H     UNIT         ?XD?BSP_2D4
            XDATA   00A0H     0004H     UNIT         ?XD?_INITIALUART0_TIMER3_TYPE5?COMMON
            XDATA   00A4H     0004H     UNIT         ?XD?_INITIALUART0_TIMER3_TYPE6?COMMON
            XDATA   00A8H     0004H     UNIT         ?XD?_INITIALUART1_TIMER3?COMMON
            XDATA   00ACH     0004H     UNIT         ?XD?_TIMER0_DELAY1MS?DELAY
            XDATA   00B0H     0004H     UNIT         ?XD?_TIMER1_DELAY1MS?DELAY
            XDATA   00B4H     0004H     UNIT         ?XD?_TIMER3_DELAY1MS?DELAY
            XDATA   00B8H     0004H     UNIT         ?XD?_WAKEUP_TIMER_DELAY25MS?DELAY
            XDATA   00BCH     0002H     UNIT         ?XD?APP_WORK
            XDATA   00BEH     0001H     UNIT         ?XD?MAIN
            XDATA   00BFH     0001H     UNIT         ?XD?APP_KEY

            * * * * * * *   C O D E   M E M O R Y   * * * * * * *
            CODE    0000H     0003H     ABSOLUTE     
            CODE    0003H     0008H     UNIT         ?PR?APP_WORK_CNT_CLEAR?APP_WORK
            CODE    000BH     0003H     ABSOLUTE     
            CODE    000EH     0043H     UNIT         ?PR?VOL_RESP?APP_2D4
            CODE    0051H     000AH     UNIT         ?PR?APP_REPEAT_ISENABLE?APP_REPEAT_EXE
            CODE    005BH     0003H     ABSOLUTE     
BL51 BANKED LINKER/LOCATER V6.22                                                      12/15/2017  17:13:45  PAGE 3


            CODE    005EH     0B0BH     UNIT         ?PR?_APP_2D4_RCV?APP_2D4
            CODE    0B69H     08FAH     UNIT         ?PR?_LCD_SHOWCHAR?BSP_DISPLAY
            CODE    1463H     05B4H     UNIT         ?PR?_APP_KEY_PRO?APP_KEY
            CODE    1A17H     0589H     UNIT         ?C?LIB_CODE
            CODE    1FA0H     0365H     UNIT         ?PR?PRINTF?PRINTF
            CODE    2305H     0154H     UNIT         ?PR?_BSP_DETECTKEY?BSP_KEY
            CODE    2459H     0145H     UNIT         ?PR?_SYSTEM_CLOCK_SELECT?COMMON
            CODE    259EH     012EH     UNIT         ?PR?RF_INIT?BSP_2D4
            CODE    26CCH     0112H     UNIT         ?CO?VERSION
            CODE    27DEH     00F6H     UNIT         ?CO?APP_2D4
            CODE    28D4H     00E4H     UNIT         ?PR?_LCD_CLEAR_MI?BSP_DISPLAY
            CODE    29B8H     00E3H     UNIT         ?PR?_RF_CARRIER?BSP_2D4
            CODE    2A9BH     00B8H     UNIT         ?PR?BSP_INITKEYVAR?BSP_KEY
            CODE    2B53H     00B5H     UNIT         ?PR?REPEAT_PRO?APP_REPEAT_EXE
            CODE    2C08H     00A2H     UNIT         ?PR?_LCD_SHOWSTRING?BSP_DISPLAY
            CODE    2CAAH     009AH     UNIT         ?C_C51STARTUP
            CODE    2D44H     0085H     UNIT         ?PR?APP_2D4_PRO?APP_2D4
            CODE    2DC9H     0083H     UNIT         ?PR?_?RANDOM_DELAY?DELAY
            CODE    2E4CH     007EH     UNIT         ?C_INITSEG
            CODE    2ECAH     0079H     UNIT         ?PR?TIMER0_ISR?BSP_TIMER0
            CODE    2F43H     0069H     UNIT         ?PR?MAIN?MAIN
            CODE    2FACH     0068H     UNIT         ?PR?_STRNCPY?STRNCPY
            CODE    3014H     0067H     UNIT         ?PR?_ISKEYDOWN?BSP_KEY
            CODE    307BH     0063H     UNIT         ?PR?_INITIALUART0_TIMER3_TYPE5?COMMON
            CODE    30DEH     0063H     UNIT         ?PR?_INITIALUART0_TIMER3_TYPE6?COMMON
            CODE    3141H     0061H     UNIT         ?PR?_WAKEUP_TIMER_DELAY25MS?DELAY
            CODE    31A2H     005FH     UNIT         ?PR?SHOW_FW_VERSION_NUMBER_TO_PC?VERSION
            CODE    3201H     005DH     UNIT         ?PR?_INITIALUART1_TIMER3?COMMON
            CODE    325EH     005CH     UNIT         ?PR?ADC_ISR?MAIN
            CODE    32BAH     005BH     UNIT         ?PR?_TIMER3_DELAY1MS?DELAY
            CODE    3315H     0059H     UNIT         ?PR?_TIMER0_DELAY1MS?DELAY
            CODE    336EH     0059H     UNIT         ?PR?_TIMER1_DELAY1MS?DELAY
            CODE    33C7H     0053H     UNIT         ?PR?_APP_LCD_DEFAULT_STRING_SET?APP_LCD
            CODE    341AH     0051H     UNIT         ?PR?_APP_2D4_SEND?APP_2D4
            CODE    346BH     0043H     UNIT         ?PR?_RF_WRITEBUF?BSP_2D4
            CODE    34AEH     0043H     UNIT         ?PR?_RF_TXDATA?BSP_2D4
            CODE    34F1H     0041H     UNIT         ?PR?APP_LCD_PRO?APP_LCD
            CODE    3532H     003FH     UNIT         ?PR?_RF_READBUF?BSP_2D4
            CODE    3571H     003DH     UNIT         ?PR?_PUTCHAR?COMMON
            CODE    35AEH     003CH     UNIT         ?PR?APP_WORK_1S_PRO?APP_WORK
            CODE    35EAH     0036H     UNIT         ?PR?LCD_DISPLAY_INITHARD?BSP_DISPLAY
            CODE    3620H     0033H     UNIT         ?PR?FM_STATION_SHOW_LCD_RESP?APP_2D4
            CODE    3653H     0033H     UNIT         ?PR?ADC_INIT?BSP_ADC
            CODE    3686H     0032H     UNIT         ?PR?_REPEAT_START?APP_REPEAT_EXE
            CODE    36B8H     0032H     UNIT         ?PR?USB_TRACK_SHOW_LCD_RESP?APP_2D4
            CODE    36EAH     002AH     UNIT         ?PR?_INITIALUART0_TIMER1_TYPE3?COMMON
            CODE    3714H     002AH     UNIT         ?PR?_INITIALUART0_TIMER1_TYPE4?COMMON
            CODE    373EH     0029H     UNIT         ?PR?_UCRF_DUMPRXDATA?BSP_2D4
            CODE    3767H     0029H     UNIT         ?PR?_INITIALUART0_TIMER1_TYPE1?COMMON
            CODE    3790H     0028H     UNIT         ?PR?_INITIALUART0_TIMER1_TYPE2?COMMON
            CODE    37B8H     0026H     UNIT         ?PR?TIMER0_PARAMINIT?BSP_TIMER0
            CODE    37DEH     0026H     UNIT         ?PR?RF_RXMODE?BSP_2D4
            CODE    3804H     0025H     UNIT         ?PR?APP_2D4_INIT?APP_2D4
            CODE    3829H     0025H     UNIT         ?PR?_SPI_WR?BSP_2D4
            CODE    384EH     0024H     UNIT         ?PR?_BSP_SETKEYPARAM?BSP_KEY
            CODE    3872H     0024H     UNIT         ?CO?BSP_2D4
            CODE    3896H     0023H     UNIT         ?PR?TIMER0_INITHARD?BSP_TIMER0
BL51 BANKED LINKER/LOCATER V6.22                                                      12/15/2017  17:13:45  PAGE 4


            CODE    38B9H     0023H     UNIT         ?PR?ADC_START?BSP_ADC
            CODE    38DCH     0021H     UNIT         ?PR?_DELAY10US?DELAY
            CODE    38FDH     0020H     UNIT         ?PR?SET_ALL_GPIO_INPUT_MODE?COMMON
            CODE    391DH     001FH     UNIT         ?PR?_SPI_WW?BSP_2D4
            CODE    393CH     001CH     UNIT         ?PR?BSP_GETKEY?BSP_KEY
            CODE    3958H     001CH     UNIT         ?PR?BSP_GETKEY2?BSP_KEY
            CODE    3974H     001BH     UNIT         ?PR?BSP_INIT?BSP
            CODE    398FH     001BH     UNIT         ?PR?BSP_KEYSCAN?BSP_KEY
            CODE    39AAH     001AH     UNIT         ?PR?UCSPI_READ?BSP_2D4
            CODE    39C4H     001AH     UNIT         ?PR?SET_ALL_GPIO_QUASI_MODE?COMMON
            CODE    39DEH     001AH     UNIT         ?PR?SW_RESET?COMMON
            CODE    39F8H     0018H     UNIT         ?PR?APP_WORK_INIT?APP_WORK
            CODE    3A10H     0016H     UNIT         ?PR?SPEAKER_STATUS_RESP?APP_2D4
            CODE    3A26H     0016H     UNIT         ?PR?RELAY_STATUS_RESP?APP_2D4
            CODE    3A3CH     0015H     UNIT         ?PR?_STRLEN?STRLEN
            CODE    3A51H     0014H     UNIT         ?PR?REPEAT_STOP?APP_REPEAT_EXE
            CODE    3A65H     0014H     UNIT         ?PR?APP_LCD_INIT?APP_LCD
            CODE    3A79H     0014H     UNIT         ?PR?_BSP_PUTKEY?BSP_KEY
            CODE    3A8DH     0013H     UNIT         ?PR?WIRELESS2D4_INITHARD?BSP_2D4
            CODE    3AA0H     0013H     UNIT         ?PR?_RF_WRITEREG?BSP_2D4
            CODE    3AB3H     0013H     UNIT         ?PR?_UCRF_READREG?BSP_2D4
            CODE    3AC6H     0012H     UNIT         ?PR?ISKEYDOWN_1AND6?BSP_KEY
            CODE    3AD8H     0010H     UNIT         ?PR?REPEAT_START_EXE?APP_REPEAT_EXE
            CODE    3AE8H     0010H     UNIT         ?PR?REPEAT_STOP_EXE?APP_REPEAT_EXE
            CODE    3AF8H     000FH     UNIT         ?PR?CLEAR_LCD_RESP?APP_2D4
            CODE    3B07H     000FH     UNIT         ?PR?USB_PAUSE_SHOW_LCD_RESP?APP_2D4
            CODE    3B16H     000FH     UNIT         ?PR?BT_NEXT_SHOW_LCD_RESP?APP_2D4
            CODE    3B25H     000FH     UNIT         ?PR?BT_PREV_SHOW_LCD_RESP?APP_2D4
            CODE    3B34H     000FH     UNIT         ?PR?LED_SHOW_BLINK_NAME_SHOW_LCD_RESP?APP_2D4
            CODE    3B43H     000FH     UNIT         ?PR?LED_CLEAR_BLINK_NAME_SHOW_LCD_RESP?APP_2D4
            CODE    3B52H     000FH     UNIT         ?PR?ISKEYDOWN2?BSP_KEY
            CODE    3B61H     000FH     UNIT         ?PR?ISKEYDOWN6?BSP_KEY
            CODE    3B70H     000FH     UNIT         ?PR?ISKEYDOWN7?BSP_KEY
            CODE    3B7FH     000FH     UNIT         ?PR?ISKEYDOWN8?BSP_KEY
            CODE    3B8EH     000FH     UNIT         ?PR?ISKEYDOWN9?BSP_KEY
            CODE    3B9DH     000FH     UNIT         ?PR?RF_TXMODE?BSP_2D4
            CODE    3BACH     000EH     UNIT         ?PR?ISKEYDOWN5?BSP_KEY
            CODE    3BBAH     000EH     UNIT         ?PR?_RF_SETCHANNEL?BSP_2D4
            CODE    3BC8H     000DH     UNIT         ?PR?LCD_CLEAR_ALL?BSP_DISPLAY
            CODE    3BD5H     000DH     UNIT         ?PR?LCD_CLEAR_MI_ALL?BSP_DISPLAY
            CODE    3BE2H     000CH     UNIT         ?PR?_REPEAT_SETSTART?APP_REPEAT_EXE
            CODE    3BEEH     000CH     UNIT         ?PR?_REPEAT_SETSTOP?APP_REPEAT_EXE
            CODE    3BFAH     000CH     UNIT         ?PR?RF_CLEARFIFO?BSP_2D4
            CODE    3C06H     000BH     UNIT         ?PR?_BSP_GETKEYSTATE?BSP_KEY
            CODE    3C11H     000AH     UNIT         ?PR?UCRF_GETSTATUS?BSP_2D4
            CODE    3C1BH     0009H     UNIT         ?CO?APP_WORK
            CODE    3C24H     0009H     UNIT         ?PR?BT_PAUSE_SHOW_LCD_RESP?APP_2D4
            CODE    3C2DH     0009H     UNIT         ?PR?AUX_MUTE_SHOW_LCD_RESP?APP_2D4
            CODE    3C36H     0009H     UNIT         ?CO?APP_LCD
            CODE    3C3FH     0009H     UNIT         ?PR?ISKEYDOWN1?BSP_KEY
            CODE    3C48H     0009H     UNIT         ?PR?KEY_BRIGHT_INITHARD?BSP_KEYBRIGHT
            CODE    3C51H     0009H     UNIT         ?PR?LCD_BRIGHT_INITHARD?BSP_LCDBRIGHT
            CODE    3C5AH     0008H     UNIT         ?PR?RECEIVE_DATA_FROM_UART0?COMMON
            CODE    3C62H     0008H     UNIT         ?PR?_SEND_DATA_TO_UART0?COMMON
            CODE    3C6AH     0008H     UNIT         ?PR?RECEIVE_DATA_FROM_UART1?COMMON
            CODE    3C72H     0008H     UNIT         ?PR?_SEND_DATA_TO_UART1?COMMON
            CODE    3C7AH     0007H     UNIT         ?PR?BSP_INITKEYHARD?BSP_KEY
BL51 BANKED LINKER/LOCATER V6.22                                                      12/15/2017  17:13:45  PAGE 5


            CODE    3C81H     0007H     UNIT         ?PR?LCD_CLEAR_LED_ICO?BSP_DISPLAY
            CODE    3C88H     0007H     UNIT         ?PR?LCD_SHOW_LED_ICO?BSP_DISPLAY
            CODE    3C8FH     0007H     UNIT         ?PR?LCD_CLEAR_FM_ICO?BSP_DISPLAY
            CODE    3C96H     0007H     UNIT         ?PR?LCD_SHOW_FM_ICO?BSP_DISPLAY
            CODE    3C9DH     0007H     UNIT         ?PR?LCD_CLEAR_BLUETOOTH_ICO?BSP_DISPLAY
            CODE    3CA4H     0007H     UNIT         ?PR?LCD_SHOW_BLUETOOTH_ICO?BSP_DISPLAY
            CODE    3CABH     0007H     UNIT         ?PR?LCD_CLEAR_AUX_ICO?BSP_DISPLAY
            CODE    3CB2H     0007H     UNIT         ?PR?LCD_SHOW_AUX_ICO?BSP_DISPLAY
            CODE    3CB9H     0007H     UNIT         ?PR?LCD_CLEAR_USB_ICO?BSP_DISPLAY
            CODE    3CC0H     0007H     UNIT         ?PR?LCD_SHOW_USB_ICO?BSP_DISPLAY
            CODE    3CC7H     0007H     UNIT         ?PR?LCD_CLEAR_MHZ_ICO?BSP_DISPLAY
            CODE    3CCEH     0007H     UNIT         ?PR?LCD_SHOW_MHZ_ICO?BSP_DISPLAY
            CODE    3CD5H     0007H     UNIT         ?PR?LCD_CLEAR_BAZOOKA_ICO?BSP_DISPLAY
            CODE    3CDCH     0007H     UNIT         ?PR?LCD_SHOW_BAZOOKA_ICO?BSP_DISPLAY
            CODE    3CE3H     0007H     UNIT         ?PR?LCD_CLEAR_UPCOLON_ICO?BSP_DISPLAY
            CODE    3CEAH     0007H     UNIT         ?PR?LCD_SHOW_UPCOLON_ICO?BSP_DISPLAY
            CODE    3CF1H     0007H     UNIT         ?PR?LCD_CLEAR_DOWNCOLON_ICO?BSP_DISPLAY
            CODE    3CF8H     0007H     UNIT         ?PR?LCD_SHOW_DOWNCOLON_ICO?BSP_DISPLAY
            CODE    3CFFH     0007H     UNIT         ?PR?RF_CLEARSTATUS?BSP_2D4
            CODE    3D06H     0006H     UNIT         ?PR?ISKEYDOWN3?BSP_KEY
            CODE    3D0CH     0006H     UNIT         ?PR?ISKEYDOWN4?BSP_KEY
            CODE    3D12H     0006H     UNIT         ?PR?BSP_INITKEY?BSP_KEY
            CODE    3D18H     0006H     UNIT         ?PR?BSP_CLEARKEY?BSP_KEY
            CODE    3D1EH     0006H     UNIT         ?PR?LCD_CLEAR_COLON_ICO?BSP_DISPLAY
            CODE    3D24H     0006H     UNIT         ?PR?LCD_SHOW_COLON_ICO?BSP_DISPLAY
            CODE    3D2AH     0006H     UNIT         ?PR?UCRF_GETRSSI?BSP_2D4
            CODE    3D30H     0004H     UNIT         ?PR?FSYS_CLOCK_OUTPUT_ON_P26?COMMON
            CODE    3D34H     0003H     UNIT         ?PR?KEY_BRIGHT_OFF?BSP_KEYBRIGHT
            CODE    3D37H     0003H     UNIT         ?PR?KEY_BRIGHT_ON?BSP_KEYBRIGHT
            CODE    3D3AH     0003H     UNIT         ?PR?KEY_BRIGHT_TOGGLE?BSP_KEYBRIGHT
            CODE    3D3DH     0003H     UNIT         ?PR?LCD_BRIGHT_OFF?BSP_LCDBRIGHT
            CODE    3D40H     0003H     UNIT         ?PR?LCD_BRIGHT_ON?BSP_LCDBRIGHT
            CODE    3D43H     0001H     UNIT         ?PR?APP_WORK_100MS_PRO?APP_WORK
            CODE    3D44H     0001H     UNIT         ?PR?APP_WORK_PRO?APP_WORK
            CODE    3D45H     0001H     UNIT         ?PR?SPI_INIT?BSP_2D4



OVERLAY MAP OF MODULE:   .\Out\Objects\project (MAIN)


SEGMENT                                             BIT_GROUP          DATA_GROUP          XDATA_GROUP
  +--> CALLED SEGMENT                            START    LENGTH     START    LENGTH     START    LENGTH
--------------------------------------------------------------------------------------------------------
?C_C51STARTUP                                    -----    -----      -----    -----      -----    -----
  +--> ?PR?MAIN?MAIN
  +--> ?C_INITSEG

?PR?MAIN?MAIN                                    -----    -----      -----    -----      0000H    0002H
  +--> ?PR?_SYSTEM_CLOCK_SELECT?COMMON
  +--> ?PR?BSP_INIT?BSP
  +--> ?PR?APP_2D4_INIT?APP_2D4
  +--> ?PR?APP_LCD_INIT?APP_LCD
  +--> ?PR?APP_WORK_INIT?APP_WORK
  +--> ?PR?ADC_START?BSP_ADC
  +--> ?PR?BSP_KEYSCAN?BSP_KEY
  +--> ?PR?APP_2D4_PRO?APP_2D4
BL51 BANKED LINKER/LOCATER V6.22                                                      12/15/2017  17:13:45  PAGE 6


  +--> ?PR?REPEAT_PRO?APP_REPEAT_EXE
  +--> ?PR?APP_LCD_PRO?APP_LCD
  +--> ?PR?APP_WORK_1S_PRO?APP_WORK
  +--> ?PR?BSP_GETKEY?BSP_KEY
  +--> ?PR?_APP_KEY_PRO?APP_KEY

?PR?BSP_INIT?BSP                                 -----    -----      -----    -----      -----    -----
  +--> ?PR?SET_ALL_GPIO_INPUT_MODE?COMMON
  +--> ?PR?LCD_DISPLAY_INITHARD?BSP_DISPLAY
  +--> ?PR?ADC_INIT?BSP_ADC
  +--> ?PR?BSP_INITKEY?BSP_KEY
  +--> ?PR?KEY_BRIGHT_INITHARD?BSP_KEYBRIGHT
  +--> ?PR?TIMER0_INITHARD?BSP_TIMER0
  +--> ?PR?WIRELESS2D4_INITHARD?BSP_2D4
  +--> ?PR?LCD_BRIGHT_INITHARD?BSP_LCDBRIGHT

?PR?LCD_DISPLAY_INITHARD?BSP_DISPLAY             -----    -----      -----    -----      -----    -----
  +--> ?PR?LCD_CLEAR_ALL?BSP_DISPLAY

?PR?BSP_INITKEY?BSP_KEY                          -----    -----      -----    -----      -----    -----
  +--> ?PR?BSP_INITKEYVAR?BSP_KEY
  +--> ?PR?BSP_INITKEYHARD?BSP_KEY

?PR?BSP_INITKEYVAR?BSP_KEY                       -----    -----      -----    -----      -----    -----
  +--> ?PR?ISKEYDOWN1?BSP_KEY
  +--> ?PR?ISKEYDOWN2?BSP_KEY
  +--> ?PR?ISKEYDOWN3?BSP_KEY
  +--> ?PR?ISKEYDOWN4?BSP_KEY
  +--> ?PR?ISKEYDOWN5?BSP_KEY
  +--> ?PR?ISKEYDOWN6?BSP_KEY
  +--> ?PR?ISKEYDOWN7?BSP_KEY
  +--> ?PR?ISKEYDOWN8?BSP_KEY
  +--> ?PR?ISKEYDOWN9?BSP_KEY
  +--> ?PR?ISKEYDOWN_1AND6?BSP_KEY

?PR?ISKEYDOWN2?BSP_KEY                           -----    -----      -----    -----      -----    -----
  +--> ?PR?_ISKEYDOWN?BSP_KEY

?PR?ISKEYDOWN3?BSP_KEY                           -----    -----      -----    -----      -----    -----
  +--> ?PR?_ISKEYDOWN?BSP_KEY

?PR?ISKEYDOWN4?BSP_KEY                           -----    -----      -----    -----      -----    -----
  +--> ?PR?_ISKEYDOWN?BSP_KEY

?PR?ISKEYDOWN5?BSP_KEY                           -----    -----      -----    -----      -----    -----
  +--> ?PR?_ISKEYDOWN?BSP_KEY

?PR?ISKEYDOWN6?BSP_KEY                           -----    -----      -----    -----      -----    -----
  +--> ?PR?_ISKEYDOWN?BSP_KEY

?PR?ISKEYDOWN7?BSP_KEY                           -----    -----      -----    -----      -----    -----
  +--> ?PR?_ISKEYDOWN?BSP_KEY

?PR?ISKEYDOWN8?BSP_KEY                           -----    -----      -----    -----      -----    -----
  +--> ?PR?_ISKEYDOWN?BSP_KEY

?PR?ISKEYDOWN9?BSP_KEY                           -----    -----      -----    -----      -----    -----
BL51 BANKED LINKER/LOCATER V6.22                                                      12/15/2017  17:13:45  PAGE 7


  +--> ?PR?_ISKEYDOWN?BSP_KEY

?PR?ISKEYDOWN_1AND6?BSP_KEY                      -----    -----      -----    -----      -----    -----
  +--> ?PR?ISKEYDOWN1?BSP_KEY
  +--> ?PR?ISKEYDOWN6?BSP_KEY

?PR?KEY_BRIGHT_INITHARD?BSP_KEYBRIGHT            -----    -----      -----    -----      -----    -----
  +--> ?PR?KEY_BRIGHT_OFF?BSP_KEYBRIGHT

?PR?TIMER0_INITHARD?BSP_TIMER0                   -----    -----      -----    -----      -----    -----
  +--> ?PR?TIMER0_PARAMINIT?BSP_TIMER0

?PR?LCD_BRIGHT_INITHARD?BSP_LCDBRIGHT            -----    -----      -----    -----      -----    -----
  +--> ?PR?LCD_BRIGHT_ON?BSP_LCDBRIGHT

?PR?APP_2D4_INIT?APP_2D4                         -----    -----      -----    -----      -----    -----
  +--> ?PR?RF_INIT?BSP_2D4
  +--> ?PR?RF_RXMODE?BSP_2D4

?PR?RF_INIT?BSP_2D4                              -----    -----      -----    -----      0002H    0012H
  +--> ?CO?BSP_2D4
  +--> ?PR?SPI_INIT?BSP_2D4
  +--> ?PR?_RF_WRITEREG?BSP_2D4
  +--> ?PR?_RF_WRITEBUF?BSP_2D4

?PR?_RF_WRITEREG?BSP_2D4                         -----    -----      -----    -----      -----    -----
  +--> ?PR?_SPI_WW?BSP_2D4

?PR?_RF_WRITEBUF?BSP_2D4                         -----    -----      -----    -----      0014H    0005H
  +--> ?PR?_SPI_WW?BSP_2D4

?PR?RF_RXMODE?BSP_2D4                            -----    -----      -----    -----      -----    -----
  +--> ?PR?_RF_WRITEREG?BSP_2D4

?PR?APP_LCD_INIT?APP_LCD                         -----    -----      -----    -----      -----    -----
  +--> ?CO?APP_LCD

?PR?APP_WORK_INIT?APP_WORK                       -----    -----      -----    -----      -----    -----
  +--> ?PR?LCD_SHOW_BAZOOKA_ICO?BSP_DISPLAY

?PR?BSP_KEYSCAN?BSP_KEY                          -----    -----      -----    -----      0002H    0001H
  +--> ?PR?_BSP_DETECTKEY?BSP_KEY

?PR?_BSP_DETECTKEY?BSP_KEY                       -----    -----      -----    -----      0003H    0001H
  +--> ?PR?_BSP_PUTKEY?BSP_KEY

?PR?APP_2D4_PRO?APP_2D4                          -----    -----      -----    -----      0002H    0001H
  +--> ?PR?UCRF_GETSTATUS?BSP_2D4
  +--> ?PR?RF_CLEARFIFO?BSP_2D4
  +--> ?PR?RF_CLEARSTATUS?BSP_2D4
  +--> ?PR?RF_RXMODE?BSP_2D4
  +--> ?PR?_RF_TXDATA?BSP_2D4
  +--> ?PR?_UCRF_DUMPRXDATA?BSP_2D4
  +--> ?PR?_APP_2D4_RCV?APP_2D4

?PR?UCRF_GETSTATUS?BSP_2D4                       -----    -----      -----    -----      -----    -----
  +--> ?PR?_UCRF_READREG?BSP_2D4
BL51 BANKED LINKER/LOCATER V6.22                                                      12/15/2017  17:13:45  PAGE 8



?PR?_UCRF_READREG?BSP_2D4                        -----    -----      -----    -----      -----    -----
  +--> ?PR?_SPI_WR?BSP_2D4
  +--> ?PR?UCSPI_READ?BSP_2D4

?PR?RF_CLEARFIFO?BSP_2D4                         -----    -----      -----    -----      -----    -----
  +--> ?PR?_RF_WRITEREG?BSP_2D4

?PR?RF_CLEARSTATUS?BSP_2D4                       -----    -----      -----    -----      -----    -----
  +--> ?PR?_RF_WRITEREG?BSP_2D4

?PR?_RF_TXDATA?BSP_2D4                           -----    -----      -----    -----      0003H    0002H
  +--> ?PR?UCRF_GETSTATUS?BSP_2D4
  +--> ?PR?_RF_WRITEBUF?BSP_2D4
  +--> ?PR?_RF_WRITEREG?BSP_2D4

?PR?_UCRF_DUMPRXDATA?BSP_2D4                     -----    -----      -----    -----      -----    -----
  +--> ?PR?UCRF_GETSTATUS?BSP_2D4
  +--> ?PR?_RF_WRITEREG?BSP_2D4
  +--> ?PR?_RF_READBUF?BSP_2D4
  +--> ?PR?RF_CLEARFIFO?BSP_2D4
  +--> ?PR?RF_CLEARSTATUS?BSP_2D4

?PR?_RF_READBUF?BSP_2D4                          -----    -----      -----    -----      0003H    0005H
  +--> ?PR?_SPI_WR?BSP_2D4
  +--> ?PR?UCSPI_READ?BSP_2D4

?PR?_APP_2D4_RCV?APP_2D4                         -----    -----      -----    -----      0003H    0008H
  +--> ?PR?APP_WORK_CNT_CLEAR?APP_WORK
  +--> ?PR?LCD_SHOW_LED_ICO?BSP_DISPLAY
  +--> ?PR?LCD_CLEAR_MHZ_ICO?BSP_DISPLAY
  +--> ?PR?LCD_CLEAR_FM_ICO?BSP_DISPLAY
  +--> ?PR?LCD_CLEAR_USB_ICO?BSP_DISPLAY
  +--> ?PR?LCD_CLEAR_AUX_ICO?BSP_DISPLAY
  +--> ?PR?LCD_CLEAR_BLUETOOTH_ICO?BSP_DISPLAY
  +--> ?PR?LCD_SHOW_BLUETOOTH_ICO?BSP_DISPLAY
  +--> ?PR?LCD_SHOW_FM_ICO?BSP_DISPLAY
  +--> ?PR?LCD_SHOW_USB_ICO?BSP_DISPLAY
  +--> ?PR?LCD_SHOW_AUX_ICO?BSP_DISPLAY
  +--> ?PR?_STRLEN?STRLEN
  +--> ?PR?_APP_LCD_DEFAULT_STRING_SET?APP_LCD
  +--> ?PR?LED_SHOW_BLINK_NAME_SHOW_LCD_RESP...
  +--> ?PR?_REPEAT_SETSTART?APP_REPEAT_EXE
  +--> ?PR?LED_CLEAR_BLINK_NAME_SHOW_LCD_RES...
  +--> ?PR?_REPEAT_SETSTOP?APP_REPEAT_EXE
  +--> ?PR?APP_REPEAT_ISENABLE?APP_REPEAT_EXE
  +--> ?PR?REPEAT_STOP?APP_REPEAT_EXE
  +--> ?PR?LCD_CLEAR_DOWNCOLON_ICO?BSP_DISPLAY
  +--> ?PR?LCD_CLEAR_UPCOLON_ICO?BSP_DISPLAY
  +--> ?PR?SPEAKER_STATUS_RESP?APP_2D4
  +--> ?CO?APP_2D4
  +--> ?PR?PRINTF?PRINTF
  +--> ?PR?LCD_CLEAR_ALL?BSP_DISPLAY
  +--> ?PR?BT_PAUSE_SHOW_LCD_RESP?APP_2D4
  +--> ?PR?CLEAR_LCD_RESP?APP_2D4
  +--> ?PR?AUX_MUTE_SHOW_LCD_RESP?APP_2D4
  +--> ?PR?USB_PAUSE_SHOW_LCD_RESP?APP_2D4
BL51 BANKED LINKER/LOCATER V6.22                                                      12/15/2017  17:13:45  PAGE 9


  +--> ?PR?BT_PREV_SHOW_LCD_RESP?APP_2D4
  +--> ?PR?BT_NEXT_SHOW_LCD_RESP?APP_2D4
  +--> ?PR?FM_STATION_SHOW_LCD_RESP?APP_2D4
  +--> ?PR?USB_TRACK_SHOW_LCD_RESP?APP_2D4
  +--> ?PR?LCD_SHOW_MHZ_ICO?BSP_DISPLAY
  +--> ?PR?VOL_RESP?APP_2D4
  +--> ?PR?RELAY_STATUS_RESP?APP_2D4
  +--> ?PR?LCD_CLEAR_LED_ICO?BSP_DISPLAY
  +--> ?PR?_REPEAT_START?APP_REPEAT_EXE

?PR?_APP_LCD_DEFAULT_STRING_SET?APP_LCD          -----    -----      -----    -----      000BH    0005H
  +--> ?PR?_STRNCPY?STRNCPY

?PR?_STRNCPY?STRNCPY                             -----    -----      -----    -----      0010H    000AH

?PR?LED_SHOW_BLINK_NAME_SHOW_LCD_RESP...         -----    -----      -----    -----      -----    -----
  +--> ?PR?_LCD_SHOWSTRING?BSP_DISPLAY
  +--> ?PR?LCD_CLEAR_UPCOLON_ICO?BSP_DISPLAY
  +--> ?PR?LCD_CLEAR_DOWNCOLON_ICO?BSP_DISPLAY

?PR?_LCD_SHOWSTRING?BSP_DISPLAY                  0020H.0  0000H.1    -----    -----      001BH    0004H
  +--> ?PR?_STRLEN?STRLEN
  +--> ?PR?_LCD_SHOWCHAR?BSP_DISPLAY

?PR?_LCD_SHOWCHAR?BSP_DISPLAY                    -----    -----      -----    -----      -----    -----
  +--> ?PR?_LCD_CLEAR_MI?BSP_DISPLAY

?PR?LED_CLEAR_BLINK_NAME_SHOW_LCD_RES...         -----    -----      -----    -----      -----    -----
  +--> ?CO?APP_2D4
  +--> ?PR?_LCD_SHOWSTRING?BSP_DISPLAY
  +--> ?PR?LCD_CLEAR_UPCOLON_ICO?BSP_DISPLAY
  +--> ?PR?LCD_CLEAR_DOWNCOLON_ICO?BSP_DISPLAY

?PR?REPEAT_STOP?APP_REPEAT_EXE                   -----    -----      -----    -----      -----    -----
  +--> ?PR?REPEAT_STOP_EXE?APP_REPEAT_EXE
  +--> ?PR?_REPEAT_SETSTART?APP_REPEAT_EXE
  +--> ?PR?_REPEAT_SETSTOP?APP_REPEAT_EXE

?PR?SPEAKER_STATUS_RESP?APP_2D4                  -----    -----      -----    -----      -----    -----
  +--> ?CO?APP_2D4
  +--> ?PR?_LCD_SHOWSTRING?BSP_DISPLAY

?PR?PRINTF?PRINTF                                0020H.0  0001H.1    0008H    0005H      001BH    0028H
  +--> ?PR?_PUTCHAR?COMMON

?PR?BT_PAUSE_SHOW_LCD_RESP?APP_2D4               -----    -----      -----    -----      -----    -----
  +--> ?CO?APP_2D4
  +--> ?PR?_LCD_SHOWSTRING?BSP_DISPLAY

?PR?CLEAR_LCD_RESP?APP_2D4                       -----    -----      -----    -----      -----    -----
  +--> ?CO?APP_2D4
  +--> ?PR?_LCD_SHOWSTRING?BSP_DISPLAY
  +--> ?PR?LCD_CLEAR_UPCOLON_ICO?BSP_DISPLAY
  +--> ?PR?LCD_CLEAR_DOWNCOLON_ICO?BSP_DISPLAY

?PR?AUX_MUTE_SHOW_LCD_RESP?APP_2D4               -----    -----      -----    -----      -----    -----
  +--> ?CO?APP_2D4
BL51 BANKED LINKER/LOCATER V6.22                                                      12/15/2017  17:13:45  PAGE 10


  +--> ?PR?_LCD_SHOWSTRING?BSP_DISPLAY

?PR?USB_PAUSE_SHOW_LCD_RESP?APP_2D4              -----    -----      -----    -----      -----    -----
  +--> ?CO?APP_2D4
  +--> ?PR?_LCD_SHOWSTRING?BSP_DISPLAY
  +--> ?PR?LCD_CLEAR_UPCOLON_ICO?BSP_DISPLAY
  +--> ?PR?LCD_CLEAR_DOWNCOLON_ICO?BSP_DISPLAY

?PR?BT_PREV_SHOW_LCD_RESP?APP_2D4                -----    -----      -----    -----      -----    -----
  +--> ?CO?APP_2D4
  +--> ?PR?_LCD_SHOWSTRING?BSP_DISPLAY
  +--> ?PR?LCD_CLEAR_UPCOLON_ICO?BSP_DISPLAY
  +--> ?PR?LCD_CLEAR_DOWNCOLON_ICO?BSP_DISPLAY

?PR?BT_NEXT_SHOW_LCD_RESP?APP_2D4                -----    -----      -----    -----      -----    -----
  +--> ?CO?APP_2D4
  +--> ?PR?_LCD_SHOWSTRING?BSP_DISPLAY
  +--> ?PR?LCD_CLEAR_UPCOLON_ICO?BSP_DISPLAY
  +--> ?PR?LCD_CLEAR_DOWNCOLON_ICO?BSP_DISPLAY

?PR?FM_STATION_SHOW_LCD_RESP?APP_2D4             -----    -----      -----    -----      -----    -----
  +--> ?CO?APP_2D4
  +--> ?PR?PRINTF?PRINTF
  +--> ?PR?_LCD_SHOWSTRING?BSP_DISPLAY
  +--> ?PR?LCD_CLEAR_MHZ_ICO?BSP_DISPLAY
  +--> ?PR?LCD_CLEAR_UPCOLON_ICO?BSP_DISPLAY
  +--> ?PR?LCD_SHOW_DOWNCOLON_ICO?BSP_DISPLAY

?PR?USB_TRACK_SHOW_LCD_RESP?APP_2D4              -----    -----      -----    -----      -----    -----
  +--> ?CO?APP_2D4
  +--> ?PR?PRINTF?PRINTF
  +--> ?PR?_LCD_SHOWSTRING?BSP_DISPLAY
  +--> ?PR?LCD_CLEAR_UPCOLON_ICO?BSP_DISPLAY
  +--> ?PR?LCD_CLEAR_DOWNCOLON_ICO?BSP_DISPLAY

?PR?VOL_RESP?APP_2D4                             -----    -----      -----    -----      000BH    0010H
  +--> ?CO?APP_2D4
  +--> ?PR?LCD_CLEAR_UPCOLON_ICO?BSP_DISPLAY
  +--> ?PR?LCD_CLEAR_DOWNCOLON_ICO?BSP_DISPLAY
  +--> ?PR?PRINTF?PRINTF
  +--> ?PR?_LCD_SHOWSTRING?BSP_DISPLAY

?PR?RELAY_STATUS_RESP?APP_2D4                    -----    -----      -----    -----      -----    -----
  +--> ?CO?APP_2D4
  +--> ?PR?_LCD_SHOWSTRING?BSP_DISPLAY

?PR?_REPEAT_START?APP_REPEAT_EXE                 -----    -----      -----    -----      -----    -----
  +--> ?PR?REPEAT_START_EXE?APP_REPEAT_EXE

?PR?REPEAT_PRO?APP_REPEAT_EXE                    -----    -----      -----    -----      -----    -----
  +--> ?PR?REPEAT_STOP_EXE?APP_REPEAT_EXE
  +--> ?PR?REPEAT_START_EXE?APP_REPEAT_EXE

?PR?APP_LCD_PRO?APP_LCD                          -----    -----      -----    -----      -----    -----
  +--> ?PR?APP_REPEAT_ISENABLE?APP_REPEAT_EXE
  +--> ?PR?_LCD_SHOWSTRING?BSP_DISPLAY
  +--> ?PR?LCD_CLEAR_DOWNCOLON_ICO?BSP_DISPLAY
BL51 BANKED LINKER/LOCATER V6.22                                                      12/15/2017  17:13:45  PAGE 11


  +--> ?PR?LCD_CLEAR_UPCOLON_ICO?BSP_DISPLAY
  +--> ?PR?LCD_SHOW_UPCOLON_ICO?BSP_DISPLAY
  +--> ?PR?LCD_SHOW_DOWNCOLON_ICO?BSP_DISPLAY

?PR?APP_WORK_1S_PRO?APP_WORK                     -----    -----      -----    -----      -----    -----
  +--> ?PR?REPEAT_STOP?APP_REPEAT_EXE
  +--> ?PR?LCD_CLEAR_ALL?BSP_DISPLAY
  +--> ?PR?LCD_SHOW_BAZOOKA_ICO?BSP_DISPLAY
  +--> ?CO?APP_WORK
  +--> ?PR?_LCD_SHOWSTRING?BSP_DISPLAY
  +--> ?PR?_APP_LCD_DEFAULT_STRING_SET?APP_LCD

?PR?_APP_KEY_PRO?APP_KEY                         -----    -----      -----    -----      0002H    0003H
  +--> ?PR?_APP_2D4_SEND?APP_2D4

?PR?_APP_2D4_SEND?APP_2D4                        -----    -----      -----    -----      0005H    0004H
  +--> ?PR?RF_TXMODE?BSP_2D4

?PR?RF_TXMODE?BSP_2D4                            -----    -----      -----    -----      -----    -----
  +--> ?PR?_RF_WRITEREG?BSP_2D4



SYMBOL TABLE OF MODULE:  .\Out\Objects\project (MAIN)

  VALUE           TYPE          NAME
  ----------------------------------

  -------         MODULE        MAIN
  C:0000H         SYMBOL        _ICE_DUMMY_
  D:0080H         PUBLIC        P0
  D:0090H         PUBLIC        P1
  D:00A0H         PUBLIC        P2
  D:00B0H         PUBLIC        P3
  D:00D8H         PUBLIC        P5
  D:00A8H         PUBLIC        IE
  B:00E8H.7       PUBLIC        ADCF
  C:325EH         PUBLIC        ADC_ISR
  D:00B8H         PUBLIC        IP
  C:2F43H         PUBLIC        main
  D:0098H         PUBLIC        SCON
  D:0088H         PUBLIC        TCON
  D:00F8H         PUBLIC        SCON_1
  D:00E8H         PUBLIC        ADCCON0
  D:00C0H         PUBLIC        I2CON
  D:00C3H         PUBLIC        ADCRH
  D:00C8H         PUBLIC        T2CON
  D:00C2H         PUBLIC        ADCRL
  D:00D0H         PUBLIC        PSW
  -------         PROC          ADC_ISR
  C:325EH         LINE#         8
  C:326FH         LINE#         9
  C:326FH         LINE#         11
  C:3271H         LINE#         13
  C:3281H         LINE#         14
  C:329DH         LINE#         15
  C:32ABH         LINE#         17
BL51 BANKED LINKER/LOCATER V6.22                                                      12/15/2017  17:13:45  PAGE 12


  -------         ENDPROC       ADC_ISR
  -------         PROC          MAIN
  -------         DO            
  X:0000H         SYMBOL        ucKeyCode
  -------         DO            
  X:0001H         SYMBOL        i
  X:00BEH         SYMBOL        n
  -------         ENDDO         
  -------         ENDDO         
  C:2F43H         LINE#         19
  C:2F43H         LINE#         21
  C:2F48H         LINE#         24
  C:2F4BH         LINE#         29
  C:2F4EH         LINE#         30
  C:2F51H         LINE#         31
  C:2F54H         LINE#         35
  C:2F54H         LINE#         36
  C:2F5AH         LINE#         37
  C:2F5CH         LINE#         39
  C:2F5FH         LINE#         40
  C:2F5FH         LINE#         41
  C:2F65H         LINE#         42
  C:2F67H         LINE#         44
  C:2F6AH         LINE#         46
  C:2F6DH         LINE#         47
  C:2F6DH         LINE#         48
  C:2F73H         LINE#         49
  C:2F78H         LINE#         52
  C:2F7CH         LINE#         57
  C:2F7FH         LINE#         59
  C:2F82H         LINE#         61
  C:2F88H         LINE#         62
  C:2F8EH         LINE#         63
  C:2F90H         LINE#         67
  C:2F90H         LINE#         68
  C:2F90H         LINE#         69
  C:2F96H         LINE#         71
  C:2F98H         LINE#         73
  C:2F9BH         LINE#         77
  C:2F9BH         LINE#         81
  C:2FA3H         LINE#         82
  C:2FA5H         LINE#         84
  C:2FAAH         LINE#         85
  C:2FAAH         LINE#         87
  -------         ENDPROC       MAIN
  -------         ENDMOD        MAIN

  -------         MODULE        APP_KEY
  C:0000H         SYMBOL        _ICE_DUMMY_
  D:0080H         PUBLIC        P0
  D:0090H         PUBLIC        P1
  D:00A0H         PUBLIC        P2
  D:00B0H         PUBLIC        P3
  D:00D8H         PUBLIC        P5
  D:00A8H         PUBLIC        IE
  D:00B8H         PUBLIC        IP
  C:1463H         PUBLIC        _app_key_pro
BL51 BANKED LINKER/LOCATER V6.22                                                      12/15/2017  17:13:45  PAGE 13


  D:0098H         PUBLIC        SCON
  D:0088H         PUBLIC        TCON
  D:00F8H         PUBLIC        SCON_1
  X:00BFH         SYMBOL        press_long_lock
  D:00E8H         PUBLIC        ADCCON0
  D:00C0H         PUBLIC        I2CON
  D:00C8H         PUBLIC        T2CON
  D:00D0H         PUBLIC        PSW
  -------         PROC          _APP_KEY_PRO
  X:0002H         SYMBOL        keyCode
  -------         DO            
  X:0003H         SYMBOL        index
  X:0004H         SYMBOL        i
  -------         ENDDO         
  C:1463H         LINE#         27
  C:1468H         LINE#         29
  C:146BH         LINE#         30
  C:146DH         LINE#         32
  C:1471H         LINE#         33
  C:147DH         LINE#         34
  C:14E4H         LINE#         35
  C:14E4H         LINE#         36
  C:14EAH         LINE#         37
  C:14F7H         LINE#         38
  C:1501H         LINE#         39
  C:150BH         LINE#         40
  C:1527H         LINE#         41
  C:1537H         LINE#         42
  C:153DH         LINE#         43
  C:153DH         LINE#         44
  C:1542H         LINE#         45
  C:1545H         LINE#         46
  C:1545H         LINE#         48
  C:1545H         LINE#         49
  C:1545H         LINE#         50
  C:154BH         LINE#         51
  C:1558H         LINE#         52
  C:1562H         LINE#         53
  C:156CH         LINE#         54
  C:158BH         LINE#         55
  C:159BH         LINE#         56
  C:15A1H         LINE#         57
  C:15A1H         LINE#         58
  C:15A1H         LINE#         60
  C:15A1H         LINE#         61
  C:15A1H         LINE#         62
  C:15AEH         LINE#         63
  C:15B8H         LINE#         64
  C:15C2H         LINE#         65
  C:15E1H         LINE#         66
  C:15F1H         LINE#         67
  C:15F7H         LINE#         68
  C:15F7H         LINE#         69
  C:15F7H         LINE#         70
  C:1604H         LINE#         71
  C:160EH         LINE#         72
  C:1618H         LINE#         73
BL51 BANKED LINKER/LOCATER V6.22                                                      12/15/2017  17:13:45  PAGE 14


  C:1637H         LINE#         74
  C:1647H         LINE#         75
  C:164DH         LINE#         76
  C:164DH         LINE#         77
  C:164DH         LINE#         79
  C:164DH         LINE#         80
  C:164DH         LINE#         81
  C:165AH         LINE#         82
  C:1664H         LINE#         83
  C:166EH         LINE#         84
  C:168DH         LINE#         85
  C:169DH         LINE#         86
  C:16A3H         LINE#         87
  C:16A3H         LINE#         88
  C:16A3H         LINE#         89
  C:16B0H         LINE#         90
  C:16BAH         LINE#         91
  C:16C4H         LINE#         92
  C:16E3H         LINE#         93
  C:16F3H         LINE#         94
  C:16F9H         LINE#         95
  C:16F9H         LINE#         96
  C:16F9H         LINE#         98
  C:16F9H         LINE#         99
  C:16F9H         LINE#         100
  C:1706H         LINE#         101
  C:1710H         LINE#         102
  C:171AH         LINE#         103
  C:1739H         LINE#         104
  C:1749H         LINE#         105
  C:174FH         LINE#         106
  C:174FH         LINE#         107
  C:174FH         LINE#         108
  C:175CH         LINE#         109
  C:1766H         LINE#         110
  C:1770H         LINE#         111
  C:178FH         LINE#         112
  C:179FH         LINE#         113
  C:17A5H         LINE#         114
  C:17A5H         LINE#         115
  C:17A5H         LINE#         117
  C:17A5H         LINE#         118
  C:17A5H         LINE#         119
  C:17B2H         LINE#         120
  C:17BCH         LINE#         121
  C:17C6H         LINE#         122
  C:17E5H         LINE#         123
  C:17F5H         LINE#         124
  C:17FBH         LINE#         125
  C:17FBH         LINE#         126
  C:17FBH         LINE#         127
  C:1808H         LINE#         128
  C:1812H         LINE#         129
  C:181CH         LINE#         130
  C:183BH         LINE#         131
  C:184BH         LINE#         132
  C:1851H         LINE#         133
BL51 BANKED LINKER/LOCATER V6.22                                                      12/15/2017  17:13:45  PAGE 15


  C:1851H         LINE#         134
  C:1851H         LINE#         136
  C:1851H         LINE#         137
  C:1851H         LINE#         138
  C:185EH         LINE#         139
  C:1868H         LINE#         140
  C:1872H         LINE#         141
  C:187CH         LINE#         142
  C:189BH         LINE#         143
  C:18ABH         LINE#         144
  C:18B1H         LINE#         145
  C:18B1H         LINE#         146
  C:18B1H         LINE#         148
  C:18B1H         LINE#         149
  C:18B1H         LINE#         151
  C:18B1H         LINE#         152
  C:18B1H         LINE#         153
  C:18BEH         LINE#         154
  C:18C8H         LINE#         155
  C:18D2H         LINE#         156
  C:18F1H         LINE#         157
  C:1901H         LINE#         158
  C:1907H         LINE#         159
  C:1907H         LINE#         160
  C:1907H         LINE#         161
  C:1914H         LINE#         162
  C:191EH         LINE#         163
  C:1928H         LINE#         164
  C:1947H         LINE#         165
  C:1957H         LINE#         166
  C:195DH         LINE#         167
  C:195DH         LINE#         168
  C:195DH         LINE#         169
  C:196AH         LINE#         170
  C:1974H         LINE#         171
  C:197EH         LINE#         172
  C:199AH         LINE#         173
  C:19AAH         LINE#         174
  C:19B0H         LINE#         175
  C:19B0H         LINE#         176
  C:19B0H         LINE#         178
  C:19B0H         LINE#         179
  C:19B0H         LINE#         181
  C:19B0H         LINE#         182
  C:19B0H         LINE#         183
  C:19BDH         LINE#         184
  C:19C7H         LINE#         185
  C:19D1H         LINE#         186
  C:19EDH         LINE#         187
  C:19FDH         LINE#         188
  C:1A03H         LINE#         189
  C:1A03H         LINE#         190
  C:1A03H         LINE#         192
  C:1A03H         LINE#         193
  C:1A03H         LINE#         195
  C:1A03H         LINE#         196
  C:1A03H         LINE#         198
BL51 BANKED LINKER/LOCATER V6.22                                                      12/15/2017  17:13:45  PAGE 16


  C:1A03H         LINE#         199
  C:1A03H         LINE#         201
  C:1A03H         LINE#         202
  C:1A03H         LINE#         204
  C:1A03H         LINE#         205
  C:1A03H         LINE#         207
  C:1A03H         LINE#         208
  C:1A03H         LINE#         209
  C:1A09H         LINE#         210
  C:1A0BH         LINE#         211
  C:1A16H         LINE#         212
  C:1A16H         LINE#         214
  -------         ENDPROC       _APP_KEY_PRO
  -------         ENDMOD        APP_KEY

  -------         MODULE        APP_WORK
  C:0000H         SYMBOL        _ICE_DUMMY_
  D:0080H         PUBLIC        P0
  D:0090H         PUBLIC        P1
  D:00A0H         PUBLIC        P2
  D:00B0H         PUBLIC        P3
  D:00D8H         PUBLIC        P5
  D:00A8H         PUBLIC        IE
  D:00B8H         PUBLIC        IP
  C:3D44H         SYMBOL        app_work_pro
  X:00BCH         SYMBOL        flag
  C:35AEH         PUBLIC        app_work_1s_pro
  D:0098H         PUBLIC        SCON
  D:0088H         PUBLIC        TCON
  D:00F8H         PUBLIC        SCON_1
  X:00BDH         SYMBOL        cnt
  D:00E8H         PUBLIC        ADCCON0
  D:00C0H         PUBLIC        I2CON
  C:39F8H         PUBLIC        app_work_Init
  I:000FH         PUBLIC        g_tWork
  D:00C8H         PUBLIC        T2CON
  C:3D43H         PUBLIC        app_work_100ms_pro
  C:0003H         PUBLIC        app_work_cnt_clear
  D:00D0H         PUBLIC        PSW
  -------         PROC          APP_WORK_INIT
  C:39F8H         LINE#         17
  C:39F8H         LINE#         18
  C:39FDH         LINE#         19
  C:3A01H         LINE#         20
  C:3A0DH         LINE#         21
  -------         ENDPROC       APP_WORK_INIT
  -------         PROC          APP_WORK_1S_PRO
  C:35AEH         LINE#         24
  C:35AEH         LINE#         28
  C:35B4H         LINE#         29
  C:35C0H         LINE#         30
  C:35C2H         LINE#         31
  C:35C7H         LINE#         32
  C:35CAH         LINE#         33
  C:35CDH         LINE#         34
  C:35D0H         LINE#         35
  C:35D9H         LINE#         36
BL51 BANKED LINKER/LOCATER V6.22                                                      12/15/2017  17:13:45  PAGE 17


  C:35E9H         LINE#         37
  C:35E9H         LINE#         38
  -------         ENDPROC       APP_WORK_1S_PRO
  -------         PROC          APP_WORK_100MS_PRO
  C:3D43H         LINE#         39
  C:3D43H         LINE#         41
  -------         ENDPROC       APP_WORK_100MS_PRO
  -------         PROC          APP_WORK_CNT_CLEAR
  C:0003H         LINE#         42
  C:0003H         LINE#         43
  C:0008H         LINE#         44
  C:000AH         LINE#         45
  -------         ENDPROC       APP_WORK_CNT_CLEAR
  -------         PROC          APP_WORK_PRO
  C:3D44H         LINE#         46
  C:3D44H         LINE#         48
  -------         ENDPROC       APP_WORK_PRO
  -------         ENDMOD        APP_WORK

  -------         MODULE        APP_REPEAT_EXE
  C:0000H         SYMBOL        _ICE_DUMMY_
  D:0080H         PUBLIC        P0
  D:0090H         PUBLIC        P1
  D:00A0H         PUBLIC        P2
  D:00B0H         PUBLIC        P3
  C:3BE2H         PUBLIC        _Repeat_SetStart
  D:00D8H         PUBLIC        P5
  D:00A8H         PUBLIC        IE
  C:0051H         PUBLIC        app_repeat_IsEnable
  C:3AE8H         SYMBOL        Repeat_Stop_exe
  D:00B8H         PUBLIC        IP
  C:3BEEH         PUBLIC        _Repeat_SetStop
  X:0056H         SYMBOL        g_tRepeat
  D:0098H         PUBLIC        SCON
  D:0088H         PUBLIC        TCON
  D:00F8H         PUBLIC        SCON_1
  C:3686H         PUBLIC        _Repeat_Start
  D:00E8H         PUBLIC        ADCCON0
  D:00C0H         PUBLIC        I2CON
  D:00C8H         PUBLIC        T2CON
  C:3A51H         PUBLIC        Repeat_Stop
  C:2B53H         PUBLIC        Repeat_Pro
  C:3AD8H         SYMBOL        Repeat_Start_exe
  D:00D0H         PUBLIC        PSW
  -------         PROC          _REPEAT_SETSTART
  D:0001H         SYMBOL        fun
  C:3BE2H         LINE#         12
  C:3BE2H         LINE#         13
  C:3BEDH         LINE#         14
  -------         ENDPROC       _REPEAT_SETSTART
  -------         PROC          _REPEAT_SETSTOP
  D:0001H         SYMBOL        fun
  C:3BEEH         LINE#         16
  C:3BEEH         LINE#         17
  C:3BF9H         LINE#         18
  -------         ENDPROC       _REPEAT_SETSTOP
  -------         PROC          REPEAT_START_EXE
BL51 BANKED LINKER/LOCATER V6.22                                                      12/15/2017  17:13:45  PAGE 18


  C:3AD8H         LINE#         20
  C:3AD8H         LINE#         21
  C:3AE4H         LINE#         22
  C:3AE7H         LINE#         23
  C:3AE7H         LINE#         24
  -------         ENDPROC       REPEAT_START_EXE
  -------         PROC          REPEAT_STOP_EXE
  C:3AE8H         LINE#         26
  C:3AE8H         LINE#         27
  C:3AF4H         LINE#         28
  C:3AF7H         LINE#         29
  C:3AF7H         LINE#         30
  -------         ENDPROC       REPEAT_STOP_EXE
  -------         PROC          _REPEAT_START
  D:0006H         SYMBOL        _usStartTime
  D:0004H         SYMBOL        _usStopTime
  D:0002H         SYMBOL        _usCycle
  C:3686H         LINE#         42
  C:3686H         LINE#         43
  C:3686H         LINE#         44
  C:368AH         LINE#         46
  C:368AH         LINE#         48
  C:3692H         LINE#         49
  C:369AH         LINE#         50
  C:36A2H         LINE#         51
  C:36A7H         LINE#         52
  C:36ABH         LINE#         53
  C:36AFH         LINE#         54
  C:36B4H         LINE#         56
  C:36B7H         LINE#         57
  -------         ENDPROC       _REPEAT_START
  -------         PROC          REPEAT_STOP
  C:3A51H         LINE#         67
  C:3A51H         LINE#         68
  C:3A56H         LINE#         69
  C:3A59H         LINE#         70
  C:3A62H         LINE#         71
  -------         ENDPROC       REPEAT_STOP
  -------         PROC          APP_REPEAT_ISENABLE
  C:0051H         LINE#         75
  C:0051H         LINE#         76
  C:0057H         LINE#         77
  C:0059H         LINE#         78
  C:0059H         LINE#         79
  C:005AH         LINE#         80
  -------         ENDPROC       APP_REPEAT_ISENABLE
  -------         PROC          REPEAT_PRO
  C:2B53H         LINE#         90
  C:2B53H         LINE#         92
  C:2B6AH         LINE#         94
  C:2B6AH         LINE#         96
  C:2B70H         LINE#         97
  C:2B7CH         LINE#         98
  C:2B7CH         LINE#         99
  C:2B95H         LINE#         100
  C:2B98H         LINE#         101
  C:2B9FH         LINE#         102
BL51 BANKED LINKER/LOCATER V6.22                                                      12/15/2017  17:13:45  PAGE 19


  C:2BA4H         LINE#         103
  C:2BA4H         LINE#         104
  C:2BA5H         LINE#         106
  C:2BA5H         LINE#         107
  C:2BADH         LINE#         108
  C:2BC5H         LINE#         110
  C:2BD4H         LINE#         111
  C:2BE7H         LINE#         113
  C:2BECH         LINE#         114
  C:2BECH         LINE#         116
  C:2BF2H         LINE#         117
  C:2BF9H         LINE#         119
  C:2BF9H         LINE#         120
  C:2BF9H         LINE#         121
  C:2C00H         LINE#         122
  C:2C04H         LINE#         124
  C:2C07H         LINE#         125
  C:2C07H         LINE#         126
  C:2C07H         LINE#         128
  -------         ENDPROC       REPEAT_PRO
  -------         ENDMOD        APP_REPEAT_EXE

  -------         MODULE        APP_2D4
  C:0000H         SYMBOL        _ICE_DUMMY_
  D:0080H         PUBLIC        P0
  D:0090H         PUBLIC        P1
  D:00A0H         PUBLIC        P2
  D:00B0H         PUBLIC        P3
  C:3804H         PUBLIC        app_2d4_init
  D:00D8H         PUBLIC        P5
  C:3B25H         SYMBOL        BT_prev_show_lcd_resp
  D:00A8H         PUBLIC        IE
  C:3B43H         SYMBOL        LED_clear_blink_name_show_lcd_resp
  C:3B16H         SYMBOL        BT_next_show_lcd_resp
  C:3A10H         SYMBOL        speaker_status_resp
  D:00B8H         PUBLIC        IP
  C:2D44H         PUBLIC        app_2d4_pro
  D:0098H         PUBLIC        SCON
  D:0088H         PUBLIC        TCON
  C:36B8H         SYMBOL        USB_track_show_lcd_resp
  C:3AF8H         SYMBOL        clear_lcd_resp
  C:3B07H         SYMBOL        USB_pause_show_lcd_resp
  C:28C4H         SYMBOL        _?ix1000
  D:00F8H         PUBLIC        SCON_1
  C:3A26H         SYMBOL        relay_status_resp
  C:3B34H         SYMBOL        LED_show_blink_name_show_lcd_resp
  I:009DH         PUBLIC        sendBuf
  C:3620H         SYMBOL        FM_station_show_lcd_resp
  I:00ADH         SYMBOL        sendRcv_flag
  D:00E8H         PUBLIC        ADCCON0
  D:00C0H         PUBLIC        I2CON
  C:3C2DH         SYMBOL        AUX_mute_show_lcd_resp
  D:00C8H         PUBLIC        T2CON
  I:00AEH         SYMBOL        rcvBuf
  C:3C24H         SYMBOL        BT_pause_show_lcd_resp
  C:000EH         SYMBOL        vol_resp
  X:0079H         SYMBOL        tmpBuf
BL51 BANKED LINKER/LOCATER V6.22                                                      12/15/2017  17:13:45  PAGE 20


  C:005EH         SYMBOL        _app_2d4_Rcv
  C:341AH         PUBLIC        _app_2d4_send
  D:00D0H         PUBLIC        PSW
  -------         PROC          APP_2D4_INIT
  C:3804H         LINE#         23
  C:3804H         LINE#         25
  C:3808H         LINE#         26
  C:3814H         LINE#         27
  C:3823H         LINE#         29
  C:3826H         LINE#         30
  -------         ENDPROC       APP_2D4_INIT
  -------         PROC          _APP_2D4_SEND
  X:0005H         SYMBOL        d
  X:0008H         SYMBOL        len
  C:341AH         LINE#         35
  C:3428H         LINE#         37
  C:342DH         LINE#         39
  C:342DH         LINE#         41
  C:3430H         LINE#         42
  C:3434H         LINE#         44
  C:344FH         LINE#         45
  C:346AH         LINE#         46
  C:346AH         LINE#         48
  -------         ENDPROC       _APP_2D4_SEND
  -------         PROC          SPEAKER_STATUS_RESP
  C:3A10H         LINE#         49
  C:3A10H         LINE#         50
  C:3A18H         LINE#         51
  C:3A1CH         LINE#         52
  C:3A1EH         LINE#         53
  C:3A25H         LINE#         54
  C:3A25H         LINE#         55
  -------         ENDPROC       SPEAKER_STATUS_RESP
  -------         PROC          RELAY_STATUS_RESP
  C:3A26H         LINE#         56
  C:3A26H         LINE#         57
  C:3A2EH         LINE#         58
  C:3A32H         LINE#         59
  C:3A34H         LINE#         60
  C:3A3BH         LINE#         61
  C:3A3BH         LINE#         63
  -------         ENDPROC       RELAY_STATUS_RESP
  -------         PROC          VOL_RESP
  -------         DO            
  X:000BH         SYMBOL        str
  -------         ENDDO         
  C:000EH         LINE#         64
  C:000EH         LINE#         65
  C:0021H         LINE#         68
  C:0024H         LINE#         69
  C:0027H         LINE#         71
  C:0048H         LINE#         72
  -------         ENDPROC       VOL_RESP
  -------         PROC          CLEAR_LCD_RESP
  C:3AF8H         LINE#         75
  C:3AF8H         LINE#         76
  C:3B01H         LINE#         78
BL51 BANKED LINKER/LOCATER V6.22                                                      12/15/2017  17:13:45  PAGE 21


  C:3B04H         LINE#         79
  -------         ENDPROC       CLEAR_LCD_RESP
  -------         PROC          BT_PAUSE_SHOW_LCD_RESP
  C:3C24H         LINE#         81
  C:3C24H         LINE#         82
  -------         ENDPROC       BT_PAUSE_SHOW_LCD_RESP
  -------         PROC          AUX_MUTE_SHOW_LCD_RESP
  C:3C2DH         LINE#         102
  C:3C2DH         LINE#         103
  -------         ENDPROC       AUX_MUTE_SHOW_LCD_RESP
  -------         PROC          USB_PAUSE_SHOW_LCD_RESP
  C:3B07H         LINE#         106
  C:3B07H         LINE#         107
  C:3B10H         LINE#         108
  C:3B13H         LINE#         109
  -------         ENDPROC       USB_PAUSE_SHOW_LCD_RESP
  -------         PROC          BT_NEXT_SHOW_LCD_RESP
  C:3B16H         LINE#         118
  C:3B16H         LINE#         119
  C:3B1FH         LINE#         120
  C:3B22H         LINE#         121
  -------         ENDPROC       BT_NEXT_SHOW_LCD_RESP
  -------         PROC          BT_PREV_SHOW_LCD_RESP
  C:3B25H         LINE#         123
  C:3B25H         LINE#         124
  C:3B2EH         LINE#         125
  C:3B31H         LINE#         126
  -------         ENDPROC       BT_PREV_SHOW_LCD_RESP
  -------         PROC          FM_STATION_SHOW_LCD_RESP
  C:3620H         LINE#         128
  C:3620H         LINE#         129
  C:3641H         LINE#         130
  C:364AH         LINE#         131
  C:364DH         LINE#         132
  C:3650H         LINE#         133
  -------         ENDPROC       FM_STATION_SHOW_LCD_RESP
  -------         PROC          USB_TRACK_SHOW_LCD_RESP
  C:36B8H         LINE#         135
  C:36B8H         LINE#         136
  C:36DBH         LINE#         137
  C:36E4H         LINE#         138
  C:36E7H         LINE#         139
  -------         ENDPROC       USB_TRACK_SHOW_LCD_RESP
  -------         PROC          LED_SHOW_BLINK_NAME_SHOW_LCD_RESP
  C:3B34H         LINE#         141
  C:3B34H         LINE#         143
  C:3B3DH         LINE#         145
  C:3B40H         LINE#         146
  -------         ENDPROC       LED_SHOW_BLINK_NAME_SHOW_LCD_RESP
  -------         PROC          LED_CLEAR_BLINK_NAME_SHOW_LCD_RESP
  C:3B43H         LINE#         148
  C:3B43H         LINE#         150
  C:3B4CH         LINE#         151
  C:3B4FH         LINE#         152
  -------         ENDPROC       LED_CLEAR_BLINK_NAME_SHOW_LCD_RESP
  -------         PROC          _APP_2D4_RCV
  X:0003H         SYMBOL        buf
BL51 BANKED LINKER/LOCATER V6.22                                                      12/15/2017  17:13:45  PAGE 22


  -------         DO            
  X:0006H         SYMBOL        i
  X:0007H         SYMBOL        index
  X:0008H         SYMBOL        check
  -------         DO            
  X:0009H         SYMBOL        led_mode_msg
  -------         ENDDO         
  -------         DO            
  B:0021H.1       SYMBOL        aux_pause_lock
  -------         ENDDO         
  -------         ENDDO         
  C:005EH         LINE#         157
  C:0069H         LINE#         158
  C:006CH         LINE#         159
  C:006EH         LINE#         160
  C:0070H         LINE#         162
  C:007AH         LINE#         164
  C:007AH         LINE#         166
  C:0093H         LINE#         168
  C:0093H         LINE#         169
  C:00BFH         LINE#         170
  C:00D4H         LINE#         171
  C:00DCH         LINE#         172
  C:0102H         LINE#         174
  C:0102H         LINE#         180
  C:0111H         LINE#         181
  C:0116H         LINE#         182
  C:0119H         LINE#         184
  C:015BH         LINE#         185
  C:015BH         LINE#         187
  C:016AH         LINE#         189
  C:016DH         LINE#         191
  C:0170H         LINE#         192
  C:0173H         LINE#         193
  C:0176H         LINE#         194
  C:0179H         LINE#         195
  C:017CH         LINE#         196
  C:019BH         LINE#         197
  C:019BH         LINE#         198
  C:019EH         LINE#         199
  C:01A0H         LINE#         200
  C:01A0H         LINE#         201
  C:01A3H         LINE#         202
  C:01A5H         LINE#         203
  C:01A5H         LINE#         204
  C:01A8H         LINE#         205
  C:01AAH         LINE#         206
  C:01AAH         LINE#         207
  C:01ADH         LINE#         208
  C:01ADH         LINE#         209
  C:01ADH         LINE#         210
  C:01ADH         LINE#         211
  C:01ADH         LINE#         212
  C:01ADH         LINE#         213
  C:01ADH         LINE#         215
  C:01BCH         LINE#         216
  C:01D9H         LINE#         217
BL51 BANKED LINKER/LOCATER V6.22                                                      12/15/2017  17:13:45  PAGE 23


  C:01F2H         LINE#         219
  C:0207H         LINE#         220
  C:020CH         LINE#         221
  C:0215H         LINE#         222
  C:021EH         LINE#         223
  C:0226H         LINE#         224
  C:0226H         LINE#         225
  C:0226H         LINE#         226
  C:0229H         LINE#         227
  C:0231H         LINE#         228
  C:0231H         LINE#         229
  C:0231H         LINE#         230
  C:0231H         LINE#         232
  C:0231H         LINE#         233
  C:0234H         LINE#         234
  C:0234H         LINE#         235
  C:0237H         LINE#         237
  C:023AH         LINE#         238
  C:023DH         LINE#         240
  C:0240H         LINE#         241
  C:0243H         LINE#         242
  C:0246H         LINE#         243
  C:0249H         LINE#         244
  C:024CH         LINE#         246
  C:0261H         LINE#         247
  C:0267H         LINE#         248
  C:0270H         LINE#         249
  C:0279H         LINE#         250
  C:0283H         LINE#         251
  C:029EH         LINE#         252
  C:02A4H         LINE#         253
  C:02ADH         LINE#         254
  C:02B6H         LINE#         255
  C:02BEH         LINE#         256
  C:02BEH         LINE#         257
  C:02C1H         LINE#         258
  C:02C1H         LINE#         279
  C:02C1H         LINE#         280
  C:02C1H         LINE#         281
  C:02DFH         LINE#         282
  C:02DFH         LINE#         284
  C:02E6H         LINE#         285
  C:02E9H         LINE#         286
  C:02EDH         LINE#         287
  C:02EDH         LINE#         288
  C:02F0H         LINE#         289
  C:02F3H         LINE#         290
  C:02F6H         LINE#         291
  C:02F9H         LINE#         293
  C:02FCH         LINE#         294
  C:0310H         LINE#         295
  C:031DH         LINE#         296
  C:0333H         LINE#         297
  C:0340H         LINE#         298
  C:0356H         LINE#         299
  C:0363H         LINE#         300
  C:0379H         LINE#         301
BL51 BANKED LINKER/LOCATER V6.22                                                      12/15/2017  17:13:45  PAGE 24


  C:0390H         LINE#         302
  C:0390H         LINE#         303
  C:0390H         LINE#         304
  C:0393H         LINE#         305
  C:0393H         LINE#         306
  C:0396H         LINE#         307
  C:0399H         LINE#         310
  C:03D9H         LINE#         314
  C:03DCH         LINE#         315
  C:03DCH         LINE#         317
  C:03DCH         LINE#         318
  C:03DCH         LINE#         320
  C:03DCH         LINE#         321
  C:03DCH         LINE#         323
  C:03DCH         LINE#         324
  C:03DCH         LINE#         325
  C:03DCH         LINE#         326
  C:03DCH         LINE#         327
  C:03DCH         LINE#         328
  C:03DCH         LINE#         329
  C:040AH         LINE#         330
  C:040AH         LINE#         331
  C:0413H         LINE#         332
  C:0413H         LINE#         338
  C:042EH         LINE#         339
  C:0437H         LINE#         340
  C:0440H         LINE#         341
  C:0448H         LINE#         342
  C:0448H         LINE#         343
  C:044BH         LINE#         344
  C:044BH         LINE#         345
  C:0460H         LINE#         346
  C:046DH         LINE#         347
  C:046DH         LINE#         348
  C:0482H         LINE#         352
  C:0482H         LINE#         353
  C:0485H         LINE#         354
  C:0485H         LINE#         355
  C:0485H         LINE#         357
  C:0488H         LINE#         358
  C:048BH         LINE#         360
  C:048EH         LINE#         361
  C:0491H         LINE#         362
  C:0494H         LINE#         363
  C:0497H         LINE#         364
  C:049AH         LINE#         366
  C:049DH         LINE#         367
  C:04B2H         LINE#         368
  C:04B5H         LINE#         369
  C:04B8H         LINE#         370
  C:04BAH         LINE#         371
  C:04BAH         LINE#         372
  C:04D1H         LINE#         373
  C:04D1H         LINE#         374
  C:04ECH         LINE#         375
  C:04EEH         LINE#         376
  C:04F7H         LINE#         377
BL51 BANKED LINKER/LOCATER V6.22                                                      12/15/2017  17:13:45  PAGE 25


  C:0500H         LINE#         378
  C:0508H         LINE#         379
  C:0508H         LINE#         380
  C:0508H         LINE#         381
  C:050BH         LINE#         382
  C:050BH         LINE#         383
  C:051FH         LINE#         384
  C:0522H         LINE#         388
  C:053DH         LINE#         389
  C:0546H         LINE#         390
  C:054FH         LINE#         391
  C:0557H         LINE#         392
  C:0557H         LINE#         393
  C:055AH         LINE#         394
  C:055AH         LINE#         395
  C:056FH         LINE#         396
  C:0583H         LINE#         397
  C:058CH         LINE#         398
  C:0595H         LINE#         399
  C:059DH         LINE#         401
  C:05A0H         LINE#         402
  C:05A0H         LINE#         406
  C:05A0H         LINE#         407
  C:05A3H         LINE#         408
  C:05A3H         LINE#         409
  C:05A3H         LINE#         410
  C:05A3H         LINE#         411
  C:05A3H         LINE#         412
  C:05A3H         LINE#         413
  C:05CCH         LINE#         414
  C:05CCH         LINE#         415
  C:05D5H         LINE#         416
  C:05DEH         LINE#         417
  C:05E7H         LINE#         418
  C:05F1H         LINE#         419
  C:060CH         LINE#         420
  C:0615H         LINE#         421
  C:061EH         LINE#         422
  C:0628H         LINE#         423
  C:0628H         LINE#         424
  C:062BH         LINE#         425
  C:062BH         LINE#         426
  C:062EH         LINE#         427
  C:0642H         LINE#         428
  C:064BH         LINE#         429
  C:0654H         LINE#         430
  C:065EH         LINE#         431
  C:0661H         LINE#         432
  C:0661H         LINE#         433
  C:0661H         LINE#         434
  C:0661H         LINE#         435
  C:0678H         LINE#         436
  C:0685H         LINE#         437
  C:068EH         LINE#         438
  C:0697H         LINE#         439
  C:06A1H         LINE#         441
  C:06A4H         LINE#         442
BL51 BANKED LINKER/LOCATER V6.22                                                      12/15/2017  17:13:45  PAGE 26


  C:06A4H         LINE#         443
  C:06B0H         LINE#         444
  C:06B3H         LINE#         445
  C:06B3H         LINE#         446
  C:06B3H         LINE#         447
  C:06B3H         LINE#         448
  C:06B3H         LINE#         449
  C:06B3H         LINE#         450
  C:06B3H         LINE#         451
  C:06B3H         LINE#         452
  C:06BAH         LINE#         453
  C:06BDH         LINE#         454
  C:06C1H         LINE#         455
  C:06C1H         LINE#         456
  C:06C4H         LINE#         457
  C:06C7H         LINE#         458
  C:06CAH         LINE#         459
  C:06CDH         LINE#         461
  C:06D0H         LINE#         462
  C:06ECH         LINE#         463
  C:06F5H         LINE#         464
  C:06F7H         LINE#         466
  C:0732H         LINE#         467
  C:0732H         LINE#         468
  C:0748H         LINE#         469
  C:074BH         LINE#         470
  C:074BH         LINE#         471
  C:0752H         LINE#         472
  C:0755H         LINE#         473
  C:0759H         LINE#         474
  C:0759H         LINE#         476
  C:075CH         LINE#         477
  C:075FH         LINE#         478
  C:0762H         LINE#         479
  C:0765H         LINE#         481
  C:0768H         LINE#         482
  C:076BH         LINE#         484
  C:0782H         LINE#         485
  C:0790H         LINE#         486
  C:07AEH         LINE#         487
  C:07B7H         LINE#         488
  C:07B9H         LINE#         489
  C:07F4H         LINE#         490
  C:07F4H         LINE#         491
  C:080AH         LINE#         492
  C:080DH         LINE#         493
  C:080DH         LINE#         494
  C:0823H         LINE#         495
  C:082CH         LINE#         496
  C:0835H         LINE#         497
  C:083FH         LINE#         498
  C:0842H         LINE#         500
  C:0842H         LINE#         501
  C:0857H         LINE#         502
  C:086BH         LINE#         503
  C:0874H         LINE#         504
  C:087DH         LINE#         505
BL51 BANKED LINKER/LOCATER V6.22                                                      12/15/2017  17:13:45  PAGE 27


  C:0885H         LINE#         506
  C:0888H         LINE#         507
  C:08A2H         LINE#         508
  C:08ABH         LINE#         509
  C:08B4H         LINE#         510
  C:08BEH         LINE#         511
  C:08BEH         LINE#         512
  C:08C1H         LINE#         513
  C:08C1H         LINE#         514
  C:08C4H         LINE#         515
  C:08C7H         LINE#         516
  C:08DDH         LINE#         517
  C:08E1H         LINE#         518
  C:08E3H         LINE#         519
  C:08E7H         LINE#         520
  C:08E7H         LINE#         521
  C:08F0H         LINE#         522
  C:08F9H         LINE#         523
  C:0903H         LINE#         524
  C:0906H         LINE#         525
  C:0906H         LINE#         538
  C:091EH         LINE#         539
  C:0921H         LINE#         540
  C:0936H         LINE#         541
  C:094AH         LINE#         542
  C:0959H         LINE#         543
  C:0966H         LINE#         544
  C:0976H         LINE#         545
  C:0976H         LINE#         546
  C:097EH         LINE#         547
  C:0987H         LINE#         548
  C:0990H         LINE#         549
  C:0999H         LINE#         550
  C:099CH         LINE#         552
  C:09B3H         LINE#         557
  C:09B3H         LINE#         558
  C:09B6H         LINE#         559
  C:09B9H         LINE#         560
  C:09B9H         LINE#         561
  C:09BCH         LINE#         562
  C:09BCH         LINE#         563
  C:09D9H         LINE#         564
  C:09F3H         LINE#         565
  C:09FCH         LINE#         566
  C:0A05H         LINE#         567
  C:0A11H         LINE#         568
  C:0A13H         LINE#         569
  C:0A13H         LINE#         570
  C:0A30H         LINE#         571
  C:0A4AH         LINE#         572
  C:0A53H         LINE#         573
  C:0A5CH         LINE#         574
  C:0A6BH         LINE#         575
  C:0A6EH         LINE#         576
  C:0A6EH         LINE#         577
  C:0A71H         LINE#         578
  C:0A74H         LINE#         579
BL51 BANKED LINKER/LOCATER V6.22                                                      12/15/2017  17:13:45  PAGE 28


  C:0A77H         LINE#         580
  C:0A7AH         LINE#         581
  C:0A7DH         LINE#         582
  C:0A80H         LINE#         583
  C:0A83H         LINE#         585
  C:0A9FH         LINE#         586
  C:0A9FH         LINE#         587
  C:0AA2H         LINE#         588
  C:0AB6H         LINE#         589
  C:0AC2H         LINE#         590
  C:0AD8H         LINE#         591
  C:0AE7H         LINE#         592
  C:0AE7H         LINE#         593
  C:0AFDH         LINE#         594
  C:0AFFH         LINE#         595
  C:0AFFH         LINE#         597
  C:0AFFH         LINE#         598
  C:0AFFH         LINE#         599
  C:0B02H         LINE#         600
  C:0B16H         LINE#         601
  C:0B22H         LINE#         602
  C:0B38H         LINE#         603
  C:0B47H         LINE#         604
  C:0B47H         LINE#         605
  C:0B60H         LINE#         606
  C:0B60H         LINE#         607
  C:0B60H         LINE#         609
  C:0B60H         LINE#         610
  C:0B60H         LINE#         611
  C:0B60H         LINE#         612
  C:0B60H         LINE#         614
  C:0B66H         LINE#         615
  C:0B68H         LINE#         617
  C:0B68H         LINE#         619
  -------         ENDPROC       _APP_2D4_RCV
  -------         PROC          APP_2D4_PRO
  -------         DO            
  X:0002H         SYMBOL        i
  -------         ENDDO         
  C:2D44H         LINE#         621
  C:2D44H         LINE#         622
  C:2D49H         LINE#         623
  C:2D4EH         LINE#         624
  C:2D5EH         LINE#         625
  C:2D5EH         LINE#         627
  C:2D61H         LINE#         628
  C:2D64H         LINE#         630
  C:2D68H         LINE#         632
  C:2D6CH         LINE#         633
  C:2D6DH         LINE#         634
  C:2D6EH         LINE#         635
  C:2D78H         LINE#         637
  C:2D7BH         LINE#         639
  C:2D80H         LINE#         640
  C:2D81H         LINE#         641
  C:2D82H         LINE#         642
  C:2D8DH         LINE#         645
BL51 BANKED LINKER/LOCATER V6.22                                                      12/15/2017  17:13:45  PAGE 29


  C:2D8DH         LINE#         646
  C:2D8DH         LINE#         648
  C:2D8DH         LINE#         649
  C:2D8DH         LINE#         650
  C:2D8FH         LINE#         651
  C:2D8FH         LINE#         653
  C:2D92H         LINE#         654
  C:2D95H         LINE#         655
  C:2D95H         LINE#         656
  C:2D95H         LINE#         658
  C:2D9AH         LINE#         659
  C:2D9BH         LINE#         660
  C:2D9CH         LINE#         661
  C:2DA6H         LINE#         663
  C:2DB1H         LINE#         665
  C:2DB1H         LINE#         666
  C:2DB1H         LINE#         668
  C:2DB1H         LINE#         669
  C:2DBFH         LINE#         671
  C:2DC8H         LINE#         672
  C:2DC8H         LINE#         674
  C:2DC8H         LINE#         676
  -------         ENDPROC       APP_2D4_PRO
  -------         ENDMOD        APP_2D4

  -------         MODULE        APP_LCD
  C:0000H         SYMBOL        _ICE_DUMMY_
  D:0080H         PUBLIC        P0
  D:0090H         PUBLIC        P1
  D:00A0H         PUBLIC        P2
  D:00B0H         PUBLIC        P3
  D:00D8H         PUBLIC        P5
  C:34F1H         PUBLIC        app_lcd_pro
  D:00A8H         PUBLIC        IE
  D:00B8H         PUBLIC        IP
  D:0098H         PUBLIC        SCON
  D:0088H         PUBLIC        TCON
  X:0068H         SYMBOL        dotn
  D:00F8H         PUBLIC        SCON_1
  C:33C7H         PUBLIC        _app_lcd_default_string_set
  D:00E8H         PUBLIC        ADCCON0
  D:00C0H         PUBLIC        I2CON
  D:00C8H         PUBLIC        T2CON
  C:3A65H         PUBLIC        app_lcd_init
  X:0069H         SYMBOL        lcd_default_string
  D:00D0H         PUBLIC        PSW
  -------         PROC          APP_LCD_INIT
  C:3A65H         LINE#         13
  C:3A65H         LINE#         14
  C:3A6AH         LINE#         15
  -------         ENDPROC       APP_LCD_INIT
  -------         PROC          _APP_LCD_DEFAULT_STRING_SET
  X:000BH         SYMBOL        s
  X:000EH         SYMBOL        len
  X:000FH         SYMBOL        _dotn
  C:33C7H         LINE#         17
  C:33D5H         LINE#         18
BL51 BANKED LINKER/LOCATER V6.22                                                      12/15/2017  17:13:45  PAGE 30


  C:33FBH         LINE#         19
  C:3405H         LINE#         20
  C:3411H         LINE#         21
  C:3411H         LINE#         22
  C:3419H         LINE#         23
  -------         ENDPROC       _APP_LCD_DEFAULT_STRING_SET
  -------         PROC          APP_LCD_PRO
  C:34F1H         LINE#         25
  C:34F1H         LINE#         27
  C:34F6H         LINE#         28
  C:34FFH         LINE#         29
  C:3505H         LINE#         30
  C:3508H         LINE#         31
  C:350BH         LINE#         32
  C:3512H         LINE#         33
  C:3515H         LINE#         34
  C:3515H         LINE#         35
  C:351EH         LINE#         36
  C:3521H         LINE#         37
  C:3524H         LINE#         39
  C:352BH         LINE#         40
  C:352EH         LINE#         41
  C:3531H         LINE#         42
  C:3531H         LINE#         43
  C:3531H         LINE#         45
  -------         ENDPROC       APP_LCD_PRO
  -------         ENDMOD        APP_LCD

  -------         MODULE        BSP
  C:0000H         SYMBOL        _ICE_DUMMY_
  D:0080H         PUBLIC        P0
  D:0090H         PUBLIC        P1
  D:00A0H         PUBLIC        P2
  D:00B0H         PUBLIC        P3
  D:00D8H         PUBLIC        P5
  B:00A8H.7       PUBLIC        EA
  D:00A8H         PUBLIC        IE
  D:00B8H         PUBLIC        IP
  B:0021H.2       PUBLIC        BIT_TMP
  D:0098H         PUBLIC        SCON
  D:0088H         PUBLIC        TCON
  C:3974H         PUBLIC        bsp_Init
  D:00F8H         PUBLIC        SCON_1
  D:00E8H         PUBLIC        ADCCON0
  D:00C0H         PUBLIC        I2CON
  D:00C8H         PUBLIC        T2CON
  D:00D0H         PUBLIC        PSW
  -------         PROC          BSP_INIT
  C:3974H         LINE#         5
  C:3974H         LINE#         10
  C:3977H         LINE#         12
  C:397AH         LINE#         14
  C:397DH         LINE#         15
  C:3980H         LINE#         16
  C:3983H         LINE#         19
  C:3986H         LINE#         21
  C:3989H         LINE#         23
BL51 BANKED LINKER/LOCATER V6.22                                                      12/15/2017  17:13:45  PAGE 31


  C:398CH         LINE#         25
  C:398EH         LINE#         26
  -------         ENDPROC       BSP_INIT
  -------         ENDMOD        BSP

  -------         MODULE        BSP_KEY
  C:0000H         SYMBOL        _ICE_DUMMY_
  D:00B1H         PUBLIC        P0M1
  D:00B2H         PUBLIC        P0M2
  D:0080H         PUBLIC        P0
  D:0090H         PUBLIC        P1
  D:00A0H         PUBLIC        P2
  C:301DH         SYMBOL        _IsKeyDown
  D:00B0H         PUBLIC        P3
  D:00D8H         PUBLIC        P5
  C:3A79H         PUBLIC        _bsp_PutKey
  D:00A8H         PUBLIC        IE
  C:2A9BH         SYMBOL        bsp_InitKeyVar
  X:0094H         PUBLIC        pBtn
  D:00B8H         PUBLIC        IP
  C:3AC6H         SYMBOL        IsKeyDown_1AND6
  C:3958H         PUBLIC        bsp_GetKey2
  C:2305H         SYMBOL        _bsp_DetectKey
  B:0080H.2       PUBLIC        P02
  C:3C3FH         SYMBOL        IsKeyDown1
  D:0098H         PUBLIC        SCON
  C:3B52H         SYMBOL        IsKeyDown2
  D:0088H         PUBLIC        TCON
  C:3D06H         SYMBOL        IsKeyDown3
  C:3D0CH         SYMBOL        IsKeyDown4
  C:3BACH         SYMBOL        IsKeyDown5
  C:3B61H         SYMBOL        IsKeyDown6
  C:3B70H         SYMBOL        IsKeyDown7
[...]
BL51 BANKED LINKER/LOCATER V6.22                                                      12/15/2017  17:13:45  PAGE 67


  C:373DH         LINE#         216
  -------         ENDPROC       _INITIALUART0_TIMER1_TYPE4
  -------         PROC          _INITIALUART0_TIMER3_TYPE5
  X:00A0H         SYMBOL        u32Baudrate
  C:307BH         LINE#         218
  C:3081H         LINE#         219
  C:3081H         LINE#         220
  C:3084H         LINE#         221
  C:3087H         LINE#         222
  C:308AH         LINE#         223
  C:308DH         LINE#         226
  C:30BBH         LINE#         227
  C:30DAH         LINE#         233
  C:30DDH         LINE#         234
  -------         ENDPROC       _INITIALUART0_TIMER3_TYPE5
  -------         PROC          _INITIALUART0_TIMER3_TYPE6
  X:00A4H         SYMBOL        u32Baudrate
  C:30DEH         LINE#         236
  C:30E4H         LINE#         237
  C:30E4H         LINE#         238
  C:30E7H         LINE#         239
  C:30EAH         LINE#         240
  C:30EDH         LINE#         241
  C:30F0H         LINE#         244
  C:311EH         LINE#         245
  C:313DH         LINE#         251
  C:3140H         LINE#         252
  -------         ENDPROC       _INITIALUART0_TIMER3_TYPE6
  -------         PROC          _INITIALUART1_TIMER3
  X:00A8H         SYMBOL        u32Baudrate
  C:3201H         LINE#         254
  C:3207H         LINE#         255
  C:3207H         LINE#         256
  C:320AH         LINE#         257
  C:320DH         LINE#         260
  C:323BH         LINE#         261
  C:325AH         LINE#         267
  C:325DH         LINE#         268
  -------         ENDPROC       _INITIALUART1_TIMER3
  -------         PROC          RECEIVE_DATA_FROM_UART0
  -------         DO            
  D:0007H         SYMBOL        c
  -------         ENDDO         
  C:3C5AH         LINE#         280
  C:3C5AH         LINE#         283
  C:3C5DH         LINE#         285
  C:3C5FH         LINE#         286
  C:3C61H         LINE#         287
  C:3C61H         LINE#         288
  -------         ENDPROC       RECEIVE_DATA_FROM_UART0
  -------         PROC          _SEND_DATA_TO_UART0
  D:0007H         SYMBOL        c
  C:3C62H         LINE#         300
  C:3C62H         LINE#         301
  C:3C64H         LINE#         302
  C:3C66H         LINE#         303
  C:3C69H         LINE#         305
BL51 BANKED LINKER/LOCATER V6.22                                                      12/15/2017  17:13:45  PAGE 68


  -------         ENDPROC       _SEND_DATA_TO_UART0
  -------         PROC          RECEIVE_DATA_FROM_UART1
  -------         DO            
  D:0007H         SYMBOL        c
  -------         ENDDO         
  C:3C6AH         LINE#         317
  C:3C6AH         LINE#         320
  C:3C6DH         LINE#         322
  C:3C6FH         LINE#         323
  C:3C71H         LINE#         324
  C:3C71H         LINE#         325
  -------         ENDPROC       RECEIVE_DATA_FROM_UART1
  -------         PROC          _SEND_DATA_TO_UART1
  D:0007H         SYMBOL        c
  C:3C72H         LINE#         337
  C:3C72H         LINE#         338
  C:3C74H         LINE#         339
  C:3C76H         LINE#         340
  C:3C79H         LINE#         342
  -------         ENDPROC       _SEND_DATA_TO_UART1
  -------         PROC          SET_ALL_GPIO_QUASI_MODE
  C:39C4H         LINE#         344
  C:39C4H         LINE#         345
  C:39C7H         LINE#         346
  C:39C9H         LINE#         347
  C:39CBH         LINE#         348
  C:39CDH         LINE#         349
  C:39CFH         LINE#         350
  C:39D1H         LINE#         351
  C:39D3H         LINE#         352
  C:39D5H         LINE#         353
  C:39D7H         LINE#         354
  C:39D9H         LINE#         355
  C:39DBH         LINE#         356
  C:39DDH         LINE#         357
  -------         ENDPROC       SET_ALL_GPIO_QUASI_MODE
  -------         PROC          SET_ALL_GPIO_INPUT_MODE
  C:38FDH         LINE#         359
  C:38FDH         LINE#         360
  C:3900H         LINE#         361
  C:3903H         LINE#         362
  C:3906H         LINE#         363
  C:3908H         LINE#         364
  C:390BH         LINE#         365
  C:390DH         LINE#         366
  C:3910H         LINE#         367
  C:3912H         LINE#         368
  C:3915H         LINE#         369
  C:3917H         LINE#         370
  C:391AH         LINE#         371
  C:391CH         LINE#         372
  -------         ENDPROC       SET_ALL_GPIO_INPUT_MODE
  -------         PROC          SW_RESET
  C:39DEH         LINE#         375
  C:39DEH         LINE#         376
  C:39E1H         LINE#         377
  C:39E4H         LINE#         378
BL51 BANKED LINKER/LOCATER V6.22                                                      12/15/2017  17:13:45  PAGE 69


  C:39F7H         LINE#         380
  -------         ENDPROC       SW_RESET
  -------         PROC          FSYS_CLOCK_OUTPUT_ON_P26
  C:3D30H         LINE#         382
  C:3D30H         LINE#         383
  C:3D33H         LINE#         384
  -------         ENDPROC       FSYS_CLOCK_OUTPUT_ON_P26
  -------         PROC          _PUTCHAR
  D:0007H         SYMBOL        c
  C:3571H         LINE#         393
  C:3571H         LINE#         431
  C:3576H         LINE#         432
  C:3579H         LINE#         433
  C:357EH         LINE#         434
  C:357EH         LINE#         435
  C:3580H         LINE#         436
  C:3583H         LINE#         438
  C:3588H         LINE#         439
  C:358AH         LINE#         440
  C:358AH         LINE#         441
  C:358AH         LINE#         442
  C:358DH         LINE#         444
  C:358FH         LINE#         445
  C:3592H         LINE#         446
  C:3592H         LINE#         447
  C:3595H         LINE#         448
  C:359AH         LINE#         449
  C:359AH         LINE#         450
  C:359CH         LINE#         451
  C:359FH         LINE#         453
  C:35A4H         LINE#         454
  C:35A6H         LINE#         455
  C:35A6H         LINE#         456
  C:35A6H         LINE#         457
  C:35A9H         LINE#         459
  C:35ABH         LINE#         460
  C:35ADH         LINE#         462
  -------         ENDPROC       _PUTCHAR
  -------         ENDMOD        COMMON

  -------         MODULE        DELAY
  C:0000H         SYMBOL        _ICE_DUMMY_
  D:0080H         PUBLIC        P0
  D:0090H         PUBLIC        P1
  D:00A0H         PUBLIC        P2
  D:00B0H         PUBLIC        P3
  D:008FH         PUBLIC        WKCON
  D:00D8H         PUBLIC        P5
  D:00A8H         PUBLIC        IE
  D:00B8H         PUBLIC        IP
  C:3315H         PUBLIC        _Timer0_Delay1ms
  C:336EH         PUBLIC        _Timer1_Delay1ms
  C:32BAH         PUBLIC        _Timer3_Delay1ms
  D:0098H         PUBLIC        SCON
  D:0089H         PUBLIC        TMOD
  D:0088H         PUBLIC        TCON
  C:2DC9H         PUBLIC        _?Random_Delay
BL51 BANKED LINKER/LOCATER V6.22                                                      12/15/2017  17:13:45  PAGE 70


  C:38DCH         PUBLIC        _Delay10us
  D:00F8H         PUBLIC        SCON_1
  B:0088H.5       PUBLIC        TF0
  B:0088H.7       PUBLIC        TF1
  D:008CH         PUBLIC        TH0
  D:00C6H         PUBLIC        R3H
  D:008DH         PUBLIC        TH1
  D:008AH         PUBLIC        TL0
  C:3141H         PUBLIC        _WakeUp_Timer_Delay25ms
  D:00C5H         PUBLIC        R3L
  D:008BH         PUBLIC        TL1
  B:0088H.4       PUBLIC        TR0
  B:0088H.6       PUBLIC        TR1
  D:00E8H         PUBLIC        ADCCON0
  D:00C0H         PUBLIC        I2CON
  D:00C8H         PUBLIC        T2CON
  D:00C4H         PUBLIC        T3CON
  D:008EH         PUBLIC        CKCON
  D:0086H         PUBLIC        RWK
  D:00D0H         PUBLIC        PSW
  -------         PROC          _?RANDOM_DELAY
  -------         DO            
  x:0000H         SYMBOL        u32CNT
  x:0004H         SYMBOL        u32Tmp
  -------         ENDDO         
  C:2DC9H         LINE#         36
  C:2DCFH         LINE#         37
  C:2DCFH         LINE#         41
  C:2DFAH         LINE#         42
  C:2DFAH         LINE#         43
  C:2E1FH         LINE#         44
  C:2E46H         LINE#         45
  -------         ENDPROC       _?RANDOM_DELAY
  -------         PROC          _DELAY10US
  D:0006H         SYMBOL        u16CNT
  C:38DCH         LINE#         47
  C:38DCH         LINE#         48
  C:38DFH         LINE#         49
  C:38E2H         LINE#         50
  C:38E4H         LINE#         51
  C:38E8H         LINE#         52
  C:38EBH         LINE#         53
  C:38EEH         LINE#         54
  C:38F1H         LINE#         56
  C:38F3H         LINE#         57
  C:38F8H         LINE#         58
  C:38FAH         LINE#         59
  C:38FCH         LINE#         60
  -------         ENDPROC       _DELAY10US
  -------         PROC          _TIMER0_DELAY1MS
  X:00ACH         SYMBOL        u32CNT
  C:3315H         LINE#         62
  C:331BH         LINE#         63
  C:331EH         LINE#         64
  C:3321H         LINE#         65
  C:3323H         LINE#         66
  C:333CH         LINE#         67
BL51 BANKED LINKER/LOCATER V6.22                                                      12/15/2017  17:13:45  PAGE 71


  C:333FH         LINE#         68
  C:3342H         LINE#         69
  C:3345H         LINE#         71
  C:3347H         LINE#         72
  C:3369H         LINE#         73
  C:336BH         LINE#         74
  C:336DH         LINE#         75
  -------         ENDPROC       _TIMER0_DELAY1MS
  -------         PROC          _TIMER1_DELAY1MS
  X:00B0H         SYMBOL        u32CNT
  C:336EH         LINE#         77
  C:3374H         LINE#         78
  C:3377H         LINE#         79
  C:337AH         LINE#         80
  C:337CH         LINE#         81
  C:3395H         LINE#         82
  C:3398H         LINE#         83
  C:339BH         LINE#         84
  C:339EH         LINE#         86
  C:33A0H         LINE#         87
  C:33C2H         LINE#         88
  C:33C4H         LINE#         89
  C:33C6H         LINE#         90
  -------         ENDPROC       _TIMER1_DELAY1MS
  -------         PROC          _TIMER3_DELAY1MS
  X:00B4H         SYMBOL        u32CNT
  C:32BAH         LINE#         92
  C:32C0H         LINE#         93
  C:32C3H         LINE#         94
  C:32C6H         LINE#         95
  C:32DFH         LINE#         96
  C:32E2H         LINE#         97
  C:32E5H         LINE#         98
  C:32EAH         LINE#         100
  C:32EDH         LINE#         101
  C:330FH         LINE#         102
  C:3311H         LINE#         103
  C:3314H         LINE#         104
  -------         ENDPROC       _TIMER3_DELAY1MS
  -------         PROC          _WAKEUP_TIMER_DELAY25MS
  X:00B8H         SYMBOL        u32CNT
  C:3141H         LINE#         106
  C:3147H         LINE#         107
  C:3147H         LINE#         108
  C:314AH         LINE#         109
  C:314DH         LINE#         110
  C:3150H         LINE#         112
  C:3153H         LINE#         114
  C:3156H         LINE#         115
  C:3159H         LINE#         116
  C:3172H         LINE#         117
  C:3177H         LINE#         119
  C:317AH         LINE#         120
  C:319CH         LINE#         121
  C:319EH         LINE#         122
  C:31A1H         LINE#         123
  -------         ENDPROC       _WAKEUP_TIMER_DELAY25MS
BL51 BANKED LINKER/LOCATER V6.22                                                      12/15/2017  17:13:45  PAGE 72


  -------         ENDMOD        DELAY

  -------         MODULE        VERSION
  C:0000H         SYMBOL        _ICE_DUMMY_
  D:0080H         PUBLIC        P0
  D:0090H         PUBLIC        P1
  D:00A0H         PUBLIC        P2
  D:00B0H         PUBLIC        P3
  D:00D8H         PUBLIC        P5
  D:00A8H         PUBLIC        IE
  D:00B8H         PUBLIC        IP
  D:0098H         PUBLIC        SCON
  D:0088H         PUBLIC        TCON
  D:00F8H         PUBLIC        SCON_1
  C:31A2H         PUBLIC        Show_FW_Version_Number_To_PC
  D:00E8H         PUBLIC        ADCCON0
  D:00C0H         PUBLIC        I2CON
  D:00C8H         PUBLIC        T2CON
  D:00D0H         PUBLIC        PSW
  -------         PROC          SHOW_FW_VERSION_NUMBER_TO_PC
  C:31A2H         LINE#         32
  C:31A2H         LINE#         33
  C:31A2H         LINE#         34
  C:31ABH         LINE#         35
  C:31B4H         LINE#         36
  C:31BDH         LINE#         37
  C:31D7H         LINE#         38
  C:31F8H         LINE#         39
  -------         ENDPROC       SHOW_FW_VERSION_NUMBER_TO_PC
  -------         ENDMOD        VERSION

  -------         MODULE        ?C_STARTUP
  C:2CAAH         SEGMENT       ?C_C51STARTUP
  I:00BEH         SEGMENT       ?STACK
  C:0000H         PUBLIC        ?C_STARTUP
  D:00E0H         SYMBOL        ACC
  D:00F0H         SYMBOL        B
  D:0083H         SYMBOL        DPH
  D:0082H         SYMBOL        DPL
  N:0000H         SYMBOL        IBPSTACK
  N:0100H         SYMBOL        IBPSTACKTOP
  N:0080H         SYMBOL        IDATALEN
  C:2CADH         SYMBOL        IDATALOOP
  N:0000H         SYMBOL        PBPSTACK
  N:0000H         SYMBOL        PBPSTACKTOP
  N:0000H         SYMBOL        PDATALEN
  N:0000H         SYMBOL        PDATASTART
  N:0000H         SYMBOL        PPAGE
  N:0000H         SYMBOL        PPAGEENABLE
  D:00A0H         SYMBOL        PPAGE_SFR
  D:0081H         SYMBOL        SP
  C:2CAAH         SYMBOL        STARTUP1
  N:0000H         SYMBOL        XBPSTACK
  N:0000H         SYMBOL        XBPSTACKTOP
  N:00FFH         SYMBOL        XDATALEN
  C:2CB8H         SYMBOL        XDATALOOP
  N:0000H         SYMBOL        XDATASTART
BL51 BANKED LINKER/LOCATER V6.22                                                      12/15/2017  17:13:45  PAGE 73


  C:0000H         LINE#         92
  C:2CAAH         LINE#         99
  C:2CACH         LINE#         100
  C:2CADH         LINE#         101
  C:2CAEH         LINE#         102
  C:2CB0H         LINE#         106
  C:2CB3H         LINE#         107
  C:2CB5H         LINE#         109
  C:2CB7H         LINE#         113
  C:2CB8H         LINE#         114
  C:2CB9H         LINE#         115
  C:2CBAH         LINE#         116
  C:2CBCH         LINE#         117
  C:2CBEH         LINE#         151
  C:2CC1H         LINE#         155
  -------         ENDMOD        ?C_STARTUP

  -------         MODULE        ?C?COPY
  C:1AE7H         PUBLIC        ?C?COPY
  -------         ENDMOD        ?C?COPY

  -------         MODULE        ?C?CLDPTR
  C:1B0DH         PUBLIC        ?C?CLDPTR
  -------         ENDMOD        ?C?CLDPTR

  -------         MODULE        ?C?CLDOPTR
  C:1B26H         PUBLIC        ?C?CLDOPTR
  -------         ENDMOD        ?C?CLDOPTR

  -------         MODULE        ?C?CILDOPTR
  C:1B53H         PUBLIC        ?C?CILDOPTR
  -------         ENDMOD        ?C?CILDOPTR

  -------         MODULE        ?C?CSTOPTR
  C:1B86H         PUBLIC        ?C?CSTOPTR
  -------         ENDMOD        ?C?CSTOPTR

  -------         MODULE        ?C?IILDX
  C:1BA8H         PUBLIC        ?C?IILDX
  -------         ENDMOD        ?C?IILDX

  -------         MODULE        ?C?ILDOPTR
  C:1BBEH         PUBLIC        ?C?ILDOPTR
  -------         ENDMOD        ?C?ILDOPTR

  -------         MODULE        ?C?IILDOPTR
  C:1BF6H         PUBLIC        ?C?IILDOPTR
  -------         ENDMOD        ?C?IILDOPTR

  -------         MODULE        ?C?ISTOPTR
  C:1C43H         PUBLIC        ?C?ISTOPTR
  -------         ENDMOD        ?C?ISTOPTR

  -------         MODULE        ?C?ULDIV
  C:1CACH         PUBLIC        ?C?ULDIV
  -------         ENDMOD        ?C?ULDIV

BL51 BANKED LINKER/LOCATER V6.22                                                      12/15/2017  17:13:45  PAGE 74


  -------         MODULE        ?C?ULCMP
  C:1D3EH         PUBLIC        ?C?ULCMP
  -------         ENDMOD        ?C?ULCMP

  -------         MODULE        ?C?ULSHR
  C:1D4FH         PUBLIC        ?C?ULSHR
  -------         ENDMOD        ?C?ULSHR

  -------         MODULE        ?C?LSTXDATA
  C:1D62H         PUBLIC        ?C?LSTXDATA
  -------         ENDMOD        ?C?LSTXDATA

  -------         MODULE        ?C?LSTKXDATA
  C:1D6EH         PUBLIC        ?C?LSTKXDATA
  -------         ENDMOD        ?C?LSTKXDATA

  -------         MODULE        ?C?PLDPTR
  C:1D9FH         PUBLIC        ?C?PLDPTR
  -------         ENDMOD        ?C?PLDPTR

  -------         MODULE        ?C?CCASE
  C:1DBFH         PUBLIC        ?C?CCASE
  -------         ENDMOD        ?C?CCASE

  -------         MODULE        ?C?ICALL
  C:1DE5H         PUBLIC        ?C?ICALL
  C:1DE9H         PUBLIC        ?C?ICALL2
  -------         ENDMOD        ?C?ICALL

  -------         MODULE        ?C_XBP
  D:000DH         PUBLIC        ?C_XBP
  -------         ENDMOD        ?C_XBP

  -------         MODULE        ?C?ADDXBP
  C:1DEBH         PUBLIC        ?C?ADDXBP
  -------         ENDMOD        ?C?ADDXBP

  -------         MODULE        ?C?XBPOFF
  C:1E0FH         PUBLIC        ?C?XBPOFF
  -------         ENDMOD        ?C?XBPOFF

  -------         MODULE        PRINTF
  X:001BH         PUBLIC        ?_PRINTF517?BYTE
  X:001BH         PUBLIC        ?_PRINTF?BYTE
  X:001BH         PUBLIC        ?_SPRINTF517?BYTE
  X:001BH         PUBLIC        ?_SPRINTF?BYTE
  C:200BH         PUBLIC        _PRINTF
  C:200BH         PUBLIC        _PRINTF517
  C:2005H         PUBLIC        _SPRINTF
  C:2005H         PUBLIC        _SPRINTF517
  -------         ENDMOD        PRINTF

  -------         MODULE        ?C?STRCPY
  C:1EE8H         PUBLIC        ?C?STRCPY
  -------         ENDMOD        ?C?STRCPY

  -------         MODULE        STRNCPY
BL51 BANKED LINKER/LOCATER V6.22                                                      12/15/2017  17:13:45  PAGE 75


  X:0010H         PUBLIC        ?_strncpy?BYTE
  C:2FACH         PUBLIC        _strncpy
  -------         ENDMOD        STRNCPY

  -------         MODULE        STRLEN
  C:3A3CH         PUBLIC        _STRLEN
  -------         ENDMOD        STRLEN

  -------         MODULE        ?C?MEMSET
  C:1F05H         PUBLIC        ?C?MEMSET
  -------         ENDMOD        ?C?MEMSET

  -------         MODULE        ?C?CSTPTR
  C:1F31H         PUBLIC        ?C?CSTPTR
  -------         ENDMOD        ?C?CSTPTR

  -------         MODULE        ?C?ILDIX
  C:1F43H         PUBLIC        ?C?ILDIX
  -------         ENDMOD        ?C?ILDIX

  -------         MODULE        ?C?PLDIDATA
  C:1F59H         PUBLIC        ?C?PLDIDATA
  -------         ENDMOD        ?C?PLDIDATA

  -------         MODULE        ?C?PLDXDATA
  C:1F62H         PUBLIC        ?C?PLDXDATA
  -------         ENDMOD        ?C?PLDXDATA

  -------         MODULE        ?C?PLDIXDATA
  C:1F6BH         PUBLIC        ?C?PLDIXDATA
  -------         ENDMOD        ?C?PLDIXDATA

  -------         MODULE        ?C?PSTXDATA
  C:1F82H         PUBLIC        ?C?PSTXDATA
  -------         ENDMOD        ?C?PSTXDATA

  -------         MODULE        ?C?PLDPDATA
  C:1F8BH         PUBLIC        ?C?PLDPDATA
  -------         ENDMOD        ?C?PLDPDATA

  -------         MODULE        ?C?PLDCODE
  C:1F94H         PUBLIC        ?C?PLDCODE
  -------         ENDMOD        ?C?PLDCODE

Program Size: data=185.3 xdata=192 code=15686
LINK/LOCATE RUN COMPLETE.  0 WARNING(S),  0 ERROR(S)
