BL51 BANKED LINKER/LOCATER V6.22                                                        08/20/2017  22:57:51  PAGE 1


BL51 BANKED LINKER/LOCATER V6.22, INVOKED BY:
C:\KEIL_V5\C51\BIN\BL51.EXE .\Out\Objects\main.obj, .\Out\Objects\app_key.obj, .\Out\Objects\app_work.obj, .\Out\Objects
>> \app_repeat_exe.obj, .\Out\Objects\app_2d4.obj, .\Out\Objects\bsp.obj, .\Out\Objects\bsp_key.obj, .\Out\Objects\bsp_d
>> isplay.obj, .\Out\Objects\bsp_uart.obj, .\Out\Objects\bsp_timer0.obj, .\Out\Objects\bsp_timer1.obj, .\Out\Objects\bsp
>> _adc.obj, .\Out\Objects\bsp_keyBright.obj, .\Out\Objects\bsp_lcdBright.obj, .\Out\Objects\bsp_2d4.obj, .\Out\Objects\
>> Common.obj, .\Out\Objects\Delay.obj, .\Out\Objects\Version.obj, .\Out\Objects\STARTUP.obj TO .\Out\Objects\project PR
>> INT (.\Out\Listings\project.m51) RAMSIZE (256) DISABLEWARNING (16)


MEMORY MODEL: LARGE


INPUT MODULES INCLUDED:
  .\Out\Objects\main.obj (MAIN)
  .\Out\Objects\app_key.obj (APP_KEY)
  .\Out\Objects\app_work.obj (APP_WORK)
  .\Out\Objects\app_repeat_exe.obj (APP_REPEAT_EXE)
  .\Out\Objects\app_2d4.obj (APP_2D4)
  .\Out\Objects\bsp.obj (BSP)
  .\Out\Objects\bsp_key.obj (BSP_KEY)
  .\Out\Objects\bsp_display.obj (BSP_DISPLAY)
  .\Out\Objects\bsp_uart.obj (BSP_UART)
  .\Out\Objects\bsp_timer0.obj (BSP_TIMER0)
  .\Out\Objects\bsp_timer1.obj (BSP_TIMER1)
  .\Out\Objects\bsp_adc.obj (BSP_ADC)
  .\Out\Objects\bsp_keyBright.obj (BSP_KEYBRIGHT)
  .\Out\Objects\bsp_lcdBright.obj (BSP_LCDBRIGHT)
  .\Out\Objects\bsp_2d4.obj (BSP_2D4)
  .\Out\Objects\Common.obj (COMMON)
  .\Out\Objects\Delay.obj (DELAY)
  .\Out\Objects\Version.obj (VERSION)
  .\Out\Objects\STARTUP.obj (?C_STARTUP)
  C:\KEIL_V5\C51\LIB\C51L.LIB (?C_INIT)
  C:\KEIL_V5\C51\LIB\C51L.LIB (?C?COPY)
  C:\KEIL_V5\C51\LIB\C51L.LIB (?C?CLDOPTR)
  C:\KEIL_V5\C51\LIB\C51L.LIB (?C?CILDOPTR)
  C:\KEIL_V5\C51\LIB\C51L.LIB (?C?CSTPTR)
  C:\KEIL_V5\C51\LIB\C51L.LIB (?C?CSTOPTR)
  C:\KEIL_V5\C51\LIB\C51L.LIB (?C?IILDX)
  C:\KEIL_V5\C51\LIB\C51L.LIB (?C?ILDOPTR)
  C:\KEIL_V5\C51\LIB\C51L.LIB (?C?IILDOPTR)
  C:\KEIL_V5\C51\LIB\C51L.LIB (?C?ISTOPTR)
  C:\KEIL_V5\C51\LIB\C51L.LIB (?C?ULDIV)
  C:\KEIL_V5\C51\LIB\C51L.LIB (?C?ULCMP)
  C:\KEIL_V5\C51\LIB\C51L.LIB (?C?ULSHR)
  C:\KEIL_V5\C51\LIB\C51L.LIB (?C?LSTXDATA)
  C:\KEIL_V5\C51\LIB\C51L.LIB (?C?LSTKXDATA)
  C:\KEIL_V5\C51\LIB\C51L.LIB (?C?PLDPTR)
  C:\KEIL_V5\C51\LIB\C51L.LIB (?C?CCASE)
  C:\KEIL_V5\C51\LIB\C51L.LIB (?C?ICALL)
  C:\KEIL_V5\C51\LIB\C51L.LIB (?C_XBP)
  C:\KEIL_V5\C51\LIB\C51L.LIB (?C?ADDXBP)
  C:\KEIL_V5\C51\LIB\C51L.LIB (?C?XBPOFF)
  C:\KEIL_V5\C51\LIB\C51L.LIB (PRINTF)
  C:\KEIL_V5\C51\LIB\C51L.LIB (STRLEN)
  C:\KEIL_V5\C51\LIB\C51L.LIB (?C?CLDPTR)
  C:\KEIL_V5\C51\LIB\C51L.LIB (?C?PLDIDATA)
  C:\KEIL_V5\C51\LIB\C51L.LIB (?C?PLDXDATA)
BL51 BANKED LINKER/LOCATER V6.22                                                      08/20/2017  22:57:51  PAGE 2


  C:\KEIL_V5\C51\LIB\C51L.LIB (?C?PLDIXDATA)
  C:\KEIL_V5\C51\LIB\C51L.LIB (?C?PSTXDATA)
  C:\KEIL_V5\C51\LIB\C51L.LIB (?C?PLDPDATA)
  C:\KEIL_V5\C51\LIB\C51L.LIB (?C?PLDCODE)


LINK MAP OF MODULE:  .\Out\Objects\project (MAIN)


            TYPE    BASE      LENGTH    RELOCATION   SEGMENT NAME
            -----------------------------------------------------

            * * * * * * *   D A T A   M E M O R Y   * * * * * * *
            REG     0000H     0008H     ABSOLUTE     "REG BANK 0"
            DATA    0008H     0005H     UNIT         _DATA_GROUP_
            DATA    000DH     0002H     UNIT         ?C?LIB_DATA
            IDATA   000FH     0006H     UNIT         ?ID?BSP_ADC
                    0015H     000BH                  *** GAP ***
            BIT     0020H.0   0001H.1   UNIT         _BIT_GROUP_
            BIT     0021H.1   0000H.1   UNIT         ?BI?APP_KEY
            BIT     0021H.2   0000H.1   UNIT         ?BI?APP_WORK
            BIT     0021H.3   0000H.1   UNIT         ?BI?BSP
            BIT     0021H.4   0000H.1   UNIT         ?BI?_GET_DATA_FROM_UART1?BSP_UART
            BIT     0021H.5   0000H.1   UNIT         ?BI?BSP_UART
                    0021H.6   0000H.2                *** GAP ***
            IDATA   0022H     0070H     UNIT         ?ID?BSP_KEY
            IDATA   0092H     0001H     UNIT         ?STACK

            * * * * * * *  X D A T A   M E M O R Y  * * * * * * *
            XDATA   0000H     002CH     UNIT         _XDATA_GROUP_
            XDATA   002CH     001CH     UNIT         ?XD?APP_2D4
            XDATA   0048H     0013H     UNIT         ?XD?_RF_CARRIER?BSP_2D4
            XDATA   005BH     0012H     UNIT         ?XD?APP_WORK
            XDATA   006DH     0012H     UNIT         ?XD?APP_REPEAT_EXE
            XDATA   007FH     0011H     UNIT         ?XD?MAIN
            XDATA   0090H     000BH     UNIT         ?XD?BSP_TIMER0
            XDATA   009BH     0007H     UNIT         ?XD?BSP_KEY
            XDATA   00A2H     0005H     UNIT         ?XD?APP_KEY
            XDATA   00A7H     0005H     UNIT         ?XD?BSP_2D4
            XDATA   00ACH     0004H     UNIT         ?XD?_INITIALUART0_TIMER3_TYPE5?COMMON
            XDATA   00B0H     0004H     UNIT         ?XD?_INITIALUART0_TIMER3_TYPE6?COMMON
            XDATA   00B4H     0004H     UNIT         ?XD?_INITIALUART1_TIMER3?COMMON
            XDATA   00B8H     0004H     UNIT         ?XD?_TIMER0_DELAY1MS?DELAY
            XDATA   00BCH     0004H     UNIT         ?XD?_TIMER1_DELAY1MS?DELAY
            XDATA   00C0H     0004H     UNIT         ?XD?_TIMER3_DELAY1MS?DELAY
            XDATA   00C4H     0004H     UNIT         ?XD?_WAKEUP_TIMER_DELAY25MS?DELAY
            XDATA   00C8H     0002H     UNIT         ?XD?_RF_TXDATA?BSP_2D4

            * * * * * * *   C O D E   M E M O R Y   * * * * * * *
            CODE    0000H     0003H     ABSOLUTE     
            CODE    0003H     0008H     UNIT         ?PR?RECEIVE_DATA_FROM_UART0?COMMON
            CODE    000BH     0003H     ABSOLUTE     
            CODE    000EH     000DH     UNIT         ?PR?APP_WORK_1S_PRO?APP_WORK
            CODE    001BH     0003H     ABSOLUTE     
            CODE    001EH     003DH     UNIT         ?PR?_PUTCHAR?COMMON
            CODE    005BH     0003H     ABSOLUTE     
            CODE    005EH     085EH     UNIT         ?PR?_LCD_SHOWCHAR?BSP_DISPLAY
BL51 BANKED LINKER/LOCATER V6.22                                                      08/20/2017  22:57:51  PAGE 3


            CODE    08BCH     045EH     UNIT         ?C?LIB_CODE
            CODE    0D1AH     0365H     UNIT         ?PR?PRINTF?PRINTF
            CODE    107FH     0154H     UNIT         ?PR?_BSP_DETECTKEY?BSP_KEY
            CODE    11D3H     0145H     UNIT         ?PR?_SYSTEM_CLOCK_SELECT?COMMON
            CODE    1318H     012EH     UNIT         ?PR?RF_INIT?BSP_2D4
            CODE    1446H     0112H     UNIT         ?CO?VERSION
            CODE    1558H     00E4H     UNIT         ?PR?_LCD_CLEAR_MI?BSP_DISPLAY
            CODE    163CH     00E3H     UNIT         ?PR?_RF_CARRIER?BSP_2D4
            CODE    171FH     00BFH     UNIT         ?PR?REPEAT_PRO?APP_REPEAT_EXE
            CODE    17DEH     00A2H     UNIT         ?PR?_LCD_SHOWSTRING?BSP_DISPLAY
            CODE    1880H     009EH     UNIT         ?PR?BSP_INITKEYVAR?BSP_KEY
            CODE    191EH     009AH     UNIT         ?C_C51STARTUP
            CODE    19B8H     0083H     UNIT         ?PR?_?RANDOM_DELAY?DELAY
            CODE    1A3BH     0080H     UNIT         ?PR?MAIN?MAIN
            CODE    1ABBH     0079H     UNIT         ?C_INITSEG
            CODE    1B34H     0079H     UNIT         ?PR?TIMER0_ISR?BSP_TIMER0
            CODE    1BADH     0067H     UNIT         ?PR?_ISKEYDOWN?BSP_KEY
            CODE    1C14H     0063H     UNIT         ?PR?_INITIALUART0_TIMER3_TYPE5?COMMON
            CODE    1C77H     0063H     UNIT         ?PR?_INITIALUART0_TIMER3_TYPE6?COMMON
            CODE    1CDAH     0061H     UNIT         ?PR?_WAKEUP_TIMER_DELAY25MS?DELAY
            CODE    1D3BH     0060H     UNIT         ?PR?ADC_ISR?MAIN
            CODE    1D9BH     005FH     UNIT         ?PR?SHOW_FW_VERSION_NUMBER_TO_PC?VERSION
            CODE    1DFAH     005DH     UNIT         ?PR?_INITIALUART1_TIMER3?COMMON
            CODE    1E57H     005BH     UNIT         ?PR?_TIMER3_DELAY1MS?DELAY
            CODE    1EB2H     0059H     UNIT         ?PR?_TIMER0_DELAY1MS?DELAY
            CODE    1F0BH     0059H     UNIT         ?PR?_TIMER1_DELAY1MS?DELAY
            CODE    1F64H     0056H     UNIT         ?PR?APP_2D4_PRO?APP_2D4
            CODE    1FBAH     0043H     UNIT         ?PR?_RF_WRITEBUF?BSP_2D4
            CODE    1FFDH     0043H     UNIT         ?PR?_RF_TXDATA?BSP_2D4
            CODE    2040H     003FH     UNIT         ?PR?_RF_READBUF?BSP_2D4
            CODE    207FH     0036H     UNIT         ?PR?LCD_DISPLAY_INITHARD?BSP_DISPLAY
            CODE    20B5H     0035H     UNIT         ?PR?ADC_INIT?BSP_ADC
            CODE    20EAH     0032H     UNIT         ?PR?_REPEAT_START?APP_REPEAT_EXE
            CODE    211CH     002AH     UNIT         ?PR?_INITIALUART0_TIMER1_TYPE3?COMMON
            CODE    2146H     002AH     UNIT         ?PR?_INITIALUART0_TIMER1_TYPE4?COMMON
            CODE    2170H     0029H     UNIT         ?PR?_UCRF_DUMPRXDATA?BSP_2D4
            CODE    2199H     0029H     UNIT         ?PR?_INITIALUART0_TIMER1_TYPE1?COMMON
            CODE    21C2H     0028H     UNIT         ?PR?_INITIALUART0_TIMER1_TYPE2?COMMON
            CODE    21EAH     0026H     UNIT         ?PR?TIMER0_PARAMINIT?BSP_TIMER0
            CODE    2210H     0026H     UNIT         ?PR?RF_RXMODE?BSP_2D4
            CODE    2236H     0025H     UNIT         ?PR?APP_KEY_INIT?APP_KEY
            CODE    225BH     0024H     UNIT         ?PR?QUERY_WORK_SUM?APP_WORK
            CODE    227FH     0024H     UNIT         ?PR?_BSP_SETKEYPARAM?BSP_KEY
            CODE    22A3H     0024H     UNIT         ?PR?ADC_START?BSP_ADC
            CODE    22C7H     0024H     UNIT         ?CO?BSP_2D4
            CODE    22EBH     0023H     UNIT         ?PR?TIMER0_INITHARD?BSP_TIMER0
            CODE    230EH     0023H     UNIT         ?PR?_SPI_WR?BSP_2D4
            CODE    2331H     0021H     UNIT         ?PR?_DELAY10US?DELAY
            CODE    2352H     0020H     UNIT         ?PR?SET_ALL_GPIO_INPUT_MODE?COMMON
            CODE    2372H     001DH     UNIT         ?PR?_SPI_WW?BSP_2D4
            CODE    238FH     001CH     UNIT         ?PR?WORK_INIT?APP_WORK
            CODE    23ABH     001CH     UNIT         ?PR?BSP_GETKEY?BSP_KEY
            CODE    23C7H     001CH     UNIT         ?PR?BSP_GETKEY2?BSP_KEY
            CODE    23E3H     001BH     UNIT         ?PR?BSP_INIT?BSP
            CODE    23FEH     001BH     UNIT         ?PR?BSP_KEYSCAN?BSP_KEY
            CODE    2419H     001AH     UNIT         ?PR?SET_ALL_GPIO_QUASI_MODE?COMMON
            CODE    2433H     001AH     UNIT         ?PR?SW_RESET?COMMON
BL51 BANKED LINKER/LOCATER V6.22                                                      08/20/2017  22:57:51  PAGE 4


            CODE    244DH     0019H     UNIT         ?PR?UCSPI_READ?BSP_2D4
            CODE    2466H     0015H     UNIT         ?PR?_STRLEN?STRLEN
            CODE    247BH     0014H     UNIT         ?PR?REPEAT_STOP?APP_REPEAT_EXE
            CODE    248FH     0014H     UNIT         ?PR?_BSP_PUTKEY?BSP_KEY
            CODE    24A3H     0013H     UNIT         ?PR?_GET_DATA_FROM_UART1?BSP_UART
            CODE    24B6H     0013H     UNIT         ?PR?TIMER1_INITHARD?BSP_TIMER1
            CODE    24C9H     0013H     UNIT         ?PR?WIRELESS2D4_INITHARD?BSP_2D4
            CODE    24DCH     0013H     UNIT         ?PR?_RF_WRITEREG?BSP_2D4
            CODE    24EFH     0013H     UNIT         ?PR?_UCRF_READREG?BSP_2D4
            CODE    2502H     0011H     UNIT         ?PR?UART_INITHARD?BSP_UART
            CODE    2513H     0010H     UNIT         ?PR?REPEAT_START_EXE?APP_REPEAT_EXE
            CODE    2523H     0010H     UNIT         ?PR?REPEAT_STOP_EXE?APP_REPEAT_EXE
            CODE    2533H     000FH     UNIT         ?PR?ISKEYDOWN2?BSP_KEY
            CODE    2542H     000FH     UNIT         ?PR?ISKEYDOWN3?BSP_KEY
            CODE    2551H     000FH     UNIT         ?PR?ISKEYDOWN4?BSP_KEY
            CODE    2560H     000FH     UNIT         ?PR?ISKEYDOWN8?BSP_KEY
            CODE    256FH     000FH     UNIT         ?PR?ISKEYDOWN9?BSP_KEY
            CODE    257EH     000FH     UNIT         ?PR?RF_TXMODE?BSP_2D4
            CODE    258DH     000EH     UNIT         ?PR?ISKEYDOWN5?BSP_KEY
            CODE    259BH     000EH     UNIT         ?PR?_RF_SETCHANNEL?BSP_2D4
            CODE    25A9H     000DH     UNIT         ?PR?LCD_CLEAR_ALL?BSP_DISPLAY
            CODE    25B6H     000DH     UNIT         ?PR?LCD_CLEAR_MI_ALL?BSP_DISPLAY
            CODE    25C3H     000CH     UNIT         ?PR?_APP_KEY_PRO?APP_KEY
            CODE    25CFH     000CH     UNIT         ?PR?APP_WORK_100MS_PRO?APP_WORK
            CODE    25DBH     000CH     UNIT         ?PR?_REPEAT_SETSTART?APP_REPEAT_EXE
            CODE    25E7H     000CH     UNIT         ?PR?_REPEAT_SETSTOP?APP_REPEAT_EXE
            CODE    25F3H     000CH     UNIT         ?PR?RF_CLEARFIFO?BSP_2D4
            CODE    25FFH     000BH     UNIT         ?PR?_BSP_GETKEYSTATE?BSP_KEY
            CODE    260AH     000AH     UNIT         ?PR?UCRF_GETSTATUS?BSP_2D4
            CODE    2614H     0009H     UNIT         ?PR?ISKEYDOWN1?BSP_KEY
            CODE    261DH     0009H     UNIT         ?PR?KEY_BRIGHT_INITHARD?BSP_KEYBRIGHT
            CODE    2626H     0009H     UNIT         ?PR?LCD_BRIGHT_INITHARD?BSP_LCDBRIGHT
            CODE    262FH     0008H     UNIT         ?PR?_SEND_DATA_TO_UART0?COMMON
            CODE    2637H     0008H     UNIT         ?PR?RECEIVE_DATA_FROM_UART1?COMMON
            CODE    263FH     0008H     UNIT         ?PR?_SEND_DATA_TO_UART1?COMMON
            CODE    2647H     0007H     UNIT         ?CO?MAIN
            CODE    264EH     0007H     UNIT         ?CO?APP_2D4
            CODE    2655H     0007H     UNIT         ?PR?BSP_INITKEYHARD?BSP_KEY
            CODE    265CH     0007H     UNIT         ?PR?LCD_CLEAR_LED_ICO?BSP_DISPLAY
            CODE    2663H     0007H     UNIT         ?PR?LCD_SHOW_LED_ICO?BSP_DISPLAY
            CODE    266AH     0007H     UNIT         ?PR?LCD_CLEAR_FM_ICO?BSP_DISPLAY
            CODE    2671H     0007H     UNIT         ?PR?LCD_SHOW_FM_ICO?BSP_DISPLAY
            CODE    2678H     0007H     UNIT         ?PR?LCD_CLEAR_BLUETOOTH_ICO?BSP_DISPLAY
            CODE    267FH     0007H     UNIT         ?PR?LCD_SHOW_BLUETOOTH_ICO?BSP_DISPLAY
            CODE    2686H     0007H     UNIT         ?PR?LCD_CLEAR_AUX_ICO?BSP_DISPLAY
            CODE    268DH     0007H     UNIT         ?PR?LCD_SHOW_AUX_ICO?BSP_DISPLAY
            CODE    2694H     0007H     UNIT         ?PR?LCD_CLEAR_USB_ICO?BSP_DISPLAY
            CODE    269BH     0007H     UNIT         ?PR?LCD_SHOW_USB_ICO?BSP_DISPLAY
            CODE    26A2H     0007H     UNIT         ?PR?LCD_CLEAR_MHZ_ICO?BSP_DISPLAY
            CODE    26A9H     0007H     UNIT         ?PR?LCD_SHOW_MHZ_ICO?BSP_DISPLAY
            CODE    26B0H     0007H     UNIT         ?PR?LCD_CLEAR_BAZOOKA_ICO?BSP_DISPLAY
            CODE    26B7H     0007H     UNIT         ?PR?LCD_SHOW_BAZOOKA_ICO?BSP_DISPLAY
            CODE    26BEH     0007H     UNIT         ?PR?LCD_CLEAR_UPCOLON_ICO?BSP_DISPLAY
            CODE    26C5H     0007H     UNIT         ?PR?LCD_SHOW_UPCOLON_ICO?BSP_DISPLAY
            CODE    26CCH     0007H     UNIT         ?PR?LCD_CLEAR_DOWNCOLON_ICO?BSP_DISPLAY
            CODE    26D3H     0007H     UNIT         ?PR?LCD_SHOW_DOWNCOLON_ICO?BSP_DISPLAY
            CODE    26DAH     0007H     UNIT         ?PR?RF_CLEARSTATUS?BSP_2D4
BL51 BANKED LINKER/LOCATER V6.22                                                      08/20/2017  22:57:51  PAGE 5


            CODE    26E1H     0006H     UNIT         ?PR?APP_POWER_OFF?APP_KEY
            CODE    26E7H     0006H     UNIT         ?PR?APP_KEY_CLEAR_NOOPS_TIMEOUTCNT?APP_KEY
            CODE    26EDH     0006H     UNIT         ?PR?APP_2D4_INIT?APP_2D4
            CODE    26F3H     0006H     UNIT         ?PR?ISKEYDOWN6?BSP_KEY
            CODE    26F9H     0006H     UNIT         ?PR?ISKEYDOWN7?BSP_KEY
            CODE    26FFH     0006H     UNIT         ?PR?BSP_INITKEY?BSP_KEY
            CODE    2705H     0006H     UNIT         ?PR?BSP_CLEARKEY?BSP_KEY
            CODE    270BH     0006H     UNIT         ?PR?LCD_CLEAR_COLON_ICO?BSP_DISPLAY
            CODE    2711H     0006H     UNIT         ?PR?LCD_SHOW_COLON_ICO?BSP_DISPLAY
            CODE    2717H     0006H     UNIT         ?PR?UCRF_GETRSSI?BSP_2D4
            CODE    271DH     0004H     UNIT         ?PR?FSYS_CLOCK_OUTPUT_ON_P26?COMMON
            CODE    2721H     0003H     UNIT         ?PR?APP_POWER_ON?APP_KEY
            CODE    2724H     0003H     UNIT         ?PR?KEY_BRIGHT_OFF?BSP_KEYBRIGHT
            CODE    2727H     0003H     UNIT         ?PR?KEY_BRIGHT_ON?BSP_KEYBRIGHT
            CODE    272AH     0003H     UNIT         ?PR?KEY_BRIGHT_TOGGLE?BSP_KEYBRIGHT
            CODE    272DH     0003H     UNIT         ?PR?LCD_BRIGHT_OFF?BSP_LCDBRIGHT
            CODE    2730H     0003H     UNIT         ?PR?LCD_BRIGHT_ON?BSP_LCDBRIGHT
            CODE    2733H     0001H     UNIT         ?PR?APP_FLASH_SHOW?APP_KEY
            CODE    2734H     0001H     UNIT         ?PR?APP_FLASH_CLEAR?APP_KEY
            CODE    2735H     0001H     UNIT         ?PR?APP_KEY_POWER_OR_RETURN?APP_KEY
            CODE    2736H     0001H     UNIT         ?PR?APP_KEY_SET?APP_KEY
            CODE    2737H     0001H     UNIT         ?PR?APP_KEY_ADD?APP_KEY
            CODE    2738H     0001H     UNIT         ?PR?APP_KEY_OK?APP_KEY
            CODE    2739H     0001H     UNIT         ?PR?APP_KEY_100MS_PRO?APP_KEY
            CODE    273AH     0001H     UNIT         ?PR?APP_KEY_1S_PRO?APP_KEY
            CODE    273BH     0001H     UNIT         ?PR?APP_WORK_PRO?APP_WORK
            CODE    273CH     0001H     UNIT         ?PR?TIMER1_ISR?BSP_TIMER1
            CODE    273DH     0001H     UNIT         ?PR?SPI_INIT?BSP_2D4



OVERLAY MAP OF MODULE:   .\Out\Objects\project (MAIN)


SEGMENT                                             BIT_GROUP          DATA_GROUP          XDATA_GROUP
  +--> CALLED SEGMENT                            START    LENGTH     START    LENGTH     START    LENGTH
--------------------------------------------------------------------------------------------------------
?C_C51STARTUP                                    -----    -----      -----    -----      -----    -----
  +--> ?PR?MAIN?MAIN
  +--> ?C_INITSEG

?PR?MAIN?MAIN                                    -----    -----      -----    -----      0000H    0002H
  +--> ?PR?_SYSTEM_CLOCK_SELECT?COMMON
  +--> ?PR?BSP_INIT?BSP
  +--> ?PR?APP_KEY_INIT?APP_KEY
  +--> ?PR?APP_2D4_INIT?APP_2D4
  +--> ?PR?ADC_START?BSP_ADC
  +--> ?PR?BSP_KEYSCAN?BSP_KEY
  +--> ?CO?MAIN
  +--> ?PR?PRINTF?PRINTF
  +--> ?PR?APP_2D4_PRO?APP_2D4
  +--> ?PR?BSP_GETKEY?BSP_KEY
  +--> ?PR?_APP_KEY_PRO?APP_KEY

?PR?BSP_INIT?BSP                                 -----    -----      -----    -----      -----    -----
  +--> ?PR?SET_ALL_GPIO_INPUT_MODE?COMMON
  +--> ?PR?ADC_INIT?BSP_ADC
BL51 BANKED LINKER/LOCATER V6.22                                                      08/20/2017  22:57:51  PAGE 6


  +--> ?PR?BSP_INITKEY?BSP_KEY
  +--> ?PR?KEY_BRIGHT_INITHARD?BSP_KEYBRIGHT
  +--> ?PR?LCD_BRIGHT_INITHARD?BSP_LCDBRIGHT
  +--> ?PR?LCD_DISPLAY_INITHARD?BSP_DISPLAY
  +--> ?PR?TIMER0_INITHARD?BSP_TIMER0
  +--> ?PR?WIRELESS2D4_INITHARD?BSP_2D4

?PR?BSP_INITKEY?BSP_KEY                          -----    -----      -----    -----      -----    -----
  +--> ?PR?BSP_INITKEYVAR?BSP_KEY
  +--> ?PR?BSP_INITKEYHARD?BSP_KEY

?PR?BSP_INITKEYVAR?BSP_KEY                       -----    -----      -----    -----      -----    -----
  +--> ?PR?ISKEYDOWN1?BSP_KEY
  +--> ?PR?ISKEYDOWN2?BSP_KEY
  +--> ?PR?ISKEYDOWN3?BSP_KEY
  +--> ?PR?ISKEYDOWN4?BSP_KEY
  +--> ?PR?ISKEYDOWN5?BSP_KEY
  +--> ?PR?ISKEYDOWN6?BSP_KEY
  +--> ?PR?ISKEYDOWN7?BSP_KEY
  +--> ?PR?ISKEYDOWN8?BSP_KEY
  +--> ?PR?ISKEYDOWN9?BSP_KEY

?PR?ISKEYDOWN2?BSP_KEY                           -----    -----      -----    -----      -----    -----
  +--> ?PR?_ISKEYDOWN?BSP_KEY

?PR?ISKEYDOWN3?BSP_KEY                           -----    -----      -----    -----      -----    -----
  +--> ?PR?_ISKEYDOWN?BSP_KEY

?PR?ISKEYDOWN4?BSP_KEY                           -----    -----      -----    -----      -----    -----
  +--> ?PR?_ISKEYDOWN?BSP_KEY

?PR?ISKEYDOWN5?BSP_KEY                           -----    -----      -----    -----      -----    -----
  +--> ?PR?_ISKEYDOWN?BSP_KEY

?PR?ISKEYDOWN6?BSP_KEY                           -----    -----      -----    -----      -----    -----
  +--> ?PR?_ISKEYDOWN?BSP_KEY

?PR?ISKEYDOWN7?BSP_KEY                           -----    -----      -----    -----      -----    -----
  +--> ?PR?_ISKEYDOWN?BSP_KEY

?PR?ISKEYDOWN8?BSP_KEY                           -----    -----      -----    -----      -----    -----
  +--> ?PR?_ISKEYDOWN?BSP_KEY

?PR?ISKEYDOWN9?BSP_KEY                           -----    -----      -----    -----      -----    -----
  +--> ?PR?_ISKEYDOWN?BSP_KEY

?PR?KEY_BRIGHT_INITHARD?BSP_KEYBRIGHT            -----    -----      -----    -----      -----    -----
  +--> ?PR?KEY_BRIGHT_OFF?BSP_KEYBRIGHT

?PR?LCD_BRIGHT_INITHARD?BSP_LCDBRIGHT            -----    -----      -----    -----      -----    -----
  +--> ?PR?LCD_BRIGHT_ON?BSP_LCDBRIGHT

?PR?LCD_DISPLAY_INITHARD?BSP_DISPLAY             -----    -----      -----    -----      -----    -----
  +--> ?PR?LCD_CLEAR_ALL?BSP_DISPLAY

?PR?TIMER0_INITHARD?BSP_TIMER0                   -----    -----      -----    -----      -----    -----
  +--> ?PR?TIMER0_PARAMINIT?BSP_TIMER0
BL51 BANKED LINKER/LOCATER V6.22                                                      08/20/2017  22:57:51  PAGE 7



?PR?APP_2D4_INIT?APP_2D4                         -----    -----      -----    -----      -----    -----
  +--> ?PR?RF_INIT?BSP_2D4
  +--> ?PR?RF_RXMODE?BSP_2D4

?PR?RF_INIT?BSP_2D4                              -----    -----      -----    -----      0002H    0012H
  +--> ?CO?BSP_2D4
  +--> ?PR?SPI_INIT?BSP_2D4
  +--> ?PR?_RF_WRITEREG?BSP_2D4
  +--> ?PR?_RF_WRITEBUF?BSP_2D4

?PR?_RF_WRITEREG?BSP_2D4                         -----    -----      -----    -----      -----    -----
  +--> ?PR?_SPI_WW?BSP_2D4

?PR?_RF_WRITEBUF?BSP_2D4                         -----    -----      -----    -----      0014H    0005H
  +--> ?PR?_SPI_WW?BSP_2D4

?PR?RF_RXMODE?BSP_2D4                            -----    -----      -----    -----      -----    -----
  +--> ?PR?_RF_WRITEREG?BSP_2D4

?PR?BSP_KEYSCAN?BSP_KEY                          -----    -----      -----    -----      0002H    0001H
  +--> ?PR?_BSP_DETECTKEY?BSP_KEY

?PR?_BSP_DETECTKEY?BSP_KEY                       -----    -----      -----    -----      0003H    0001H
  +--> ?PR?_BSP_PUTKEY?BSP_KEY

?PR?PRINTF?PRINTF                                0020H.0  0001H.1    0008H    0005H      0004H    0028H
  +--> ?PR?_PUTCHAR?COMMON

?PR?APP_2D4_PRO?APP_2D4                          -----    -----      -----    -----      0002H    0002H
  +--> ?PR?_UCRF_DUMPRXDATA?BSP_2D4
  +--> ?CO?APP_2D4
  +--> ?PR?PRINTF?PRINTF
  +--> ?PR?LCD_CLEAR_ALL?BSP_DISPLAY
  +--> ?PR?_LCD_SHOWSTRING?BSP_DISPLAY

?PR?_UCRF_DUMPRXDATA?BSP_2D4                     -----    -----      -----    -----      -----    -----
  +--> ?PR?UCRF_GETSTATUS?BSP_2D4
  +--> ?PR?_RF_WRITEREG?BSP_2D4
  +--> ?PR?_RF_READBUF?BSP_2D4
  +--> ?PR?RF_CLEARFIFO?BSP_2D4
  +--> ?PR?RF_CLEARSTATUS?BSP_2D4

?PR?UCRF_GETSTATUS?BSP_2D4                       -----    -----      -----    -----      -----    -----
  +--> ?PR?_UCRF_READREG?BSP_2D4

?PR?_UCRF_READREG?BSP_2D4                        -----    -----      -----    -----      -----    -----
  +--> ?PR?_SPI_WR?BSP_2D4
  +--> ?PR?UCSPI_READ?BSP_2D4

?PR?_RF_READBUF?BSP_2D4                          -----    -----      -----    -----      0004H    0005H
  +--> ?PR?_SPI_WR?BSP_2D4
  +--> ?PR?UCSPI_READ?BSP_2D4

?PR?RF_CLEARFIFO?BSP_2D4                         -----    -----      -----    -----      -----    -----
  +--> ?PR?_RF_WRITEREG?BSP_2D4

BL51 BANKED LINKER/LOCATER V6.22                                                      08/20/2017  22:57:51  PAGE 8


?PR?RF_CLEARSTATUS?BSP_2D4                       -----    -----      -----    -----      -----    -----
  +--> ?PR?_RF_WRITEREG?BSP_2D4

?PR?_LCD_SHOWSTRING?BSP_DISPLAY                  0020H.0  0000H.1    -----    -----      0004H    0004H
  +--> ?PR?_STRLEN?STRLEN
  +--> ?PR?_LCD_SHOWCHAR?BSP_DISPLAY

?PR?_LCD_SHOWCHAR?BSP_DISPLAY                    -----    -----      -----    -----      -----    -----
  +--> ?PR?_LCD_CLEAR_MI?BSP_DISPLAY

?PR?_APP_KEY_PRO?APP_KEY                         -----    -----      -----    -----      0002H    0001H
  +--> ?PR?APP_KEY_CLEAR_NOOPS_TIMEOUTCNT?AP...
  +--> ?PR?KEY_BRIGHT_TOGGLE?BSP_KEYBRIGHT



SYMBOL TABLE OF MODULE:  .\Out\Objects\project (MAIN)

  VALUE           TYPE          NAME
  ----------------------------------

  -------         MODULE        MAIN
  C:0000H         SYMBOL        _ICE_DUMMY_
  D:0080H         PUBLIC        P0
  D:0090H         PUBLIC        P1
  D:00A0H         PUBLIC        P2
  D:00B0H         PUBLIC        P3
  D:00D8H         PUBLIC        P5
  D:00A8H         PUBLIC        IE
  B:00E8H.7       PUBLIC        ADCF
  C:1D3BH         PUBLIC        ADC_ISR
  D:00B8H         PUBLIC        IP
  C:1A3BH         PUBLIC        main
  D:0098H         PUBLIC        SCON
  D:0088H         PUBLIC        TCON
  D:00F8H         PUBLIC        SCON_1
  D:00E8H         PUBLIC        ADCCON0
  D:00C0H         PUBLIC        I2CON
  D:00C3H         PUBLIC        ADCRH
  X:0080H         SYMBOL        ss
  D:00C8H         PUBLIC        T2CON
  D:00C2H         PUBLIC        ADCRL
  D:00D0H         PUBLIC        PSW
  -------         PROC          ADC_ISR
  C:1D3BH         LINE#         8
  C:1D4CH         LINE#         9
  C:1D4CH         LINE#         11
  C:1D4EH         LINE#         13
  C:1D5EH         LINE#         14
  C:1D7AH         LINE#         15
  C:1D88H         LINE#         17
  C:1D8CH         LINE#         18
  -------         ENDPROC       ADC_ISR
  -------         PROC          MAIN
  -------         DO            
  X:0000H         SYMBOL        ucKeyCode
  -------         DO            
BL51 BANKED LINKER/LOCATER V6.22                                                      08/20/2017  22:57:51  PAGE 9


  X:0001H         SYMBOL        i
  X:007FH         SYMBOL        n
  -------         ENDDO         
  -------         ENDDO         
  C:1A3BH         LINE#         20
  C:1A3BH         LINE#         22
  C:1A40H         LINE#         26
  C:1A43H         LINE#         30
  C:1A46H         LINE#         31
  C:1A49H         LINE#         34
  C:1A49H         LINE#         35
  C:1A4FH         LINE#         36
  C:1A51H         LINE#         39
  C:1A54H         LINE#         40
  C:1A54H         LINE#         41
  C:1A5AH         LINE#         42
  C:1A5CH         LINE#         45
  C:1A5FH         LINE#         47
  C:1A5FH         LINE#         48
  C:1A65H         LINE#         49
  C:1A6AH         LINE#         52
  C:1A6EH         LINE#         59
  C:1A74H         LINE#         60
  C:1A7AH         LINE#         61
  C:1A7CH         LINE#         63
  C:1A9FH         LINE#         69
  C:1A9FH         LINE#         70
  C:1AA2H         LINE#         71
  C:1AA2H         LINE#         72
  C:1AA8H         LINE#         73
  C:1AAAH         LINE#         82
  C:1AAAH         LINE#         86
  C:1AB2H         LINE#         87
  C:1AB4H         LINE#         88
  C:1AB9H         LINE#         89
  C:1AB9H         LINE#         91
  -------         ENDPROC       MAIN
  -------         ENDMOD        MAIN

  -------         MODULE        APP_KEY
  C:0000H         SYMBOL        _ICE_DUMMY_
  C:2734H         PUBLIC        app_flash_Clear
  D:0080H         PUBLIC        P0
  D:0090H         PUBLIC        P1
  D:00A0H         PUBLIC        P2
  D:00B0H         PUBLIC        P3
  C:2236H         PUBLIC        app_key_init
  D:00D8H         PUBLIC        P5
  D:00A8H         PUBLIC        IE
  X:00A2H         PUBLIC        g_tDevice
  C:2721H         PUBLIC        app_power_on
  X:00A3H         SYMBOL        letter
  D:00EDH         PUBLIC        PITYP
  D:00B8H         PUBLIC        IP
  X:00A4H         PUBLIC        level
  C:2736H         PUBLIC        app_key_set
  C:25C3H         PUBLIC        _app_key_pro
BL51 BANKED LINKER/LOCATER V6.22                                                      08/20/2017  22:57:51  PAGE 10


  X:00A5H         SYMBOL        noOps_timeoutCnt
  C:273AH         PUBLIC        app_key_1s_pro
  X:00A6H         SYMBOL        mode
  C:2738H         PUBLIC        app_key_ok
  B:0021H.1       SYMBOL        offBight_flag
  D:0098H         PUBLIC        SCON
  D:0088H         PUBLIC        TCON
  C:2733H         PUBLIC        app_flash_Show
  D:00F8H         PUBLIC        SCON_1
  C:2735H         PUBLIC        app_key_power_or_return
  D:00E8H         PUBLIC        ADCCON0
  D:00C0H         PUBLIC        I2CON
  C:26E7H         PUBLIC        app_key_clear_noOps_timeoutCnt
  D:00C8H         PUBLIC        T2CON
  C:26E1H         PUBLIC        app_power_off
  C:2739H         PUBLIC        app_key_100ms_pro
  C:2737H         PUBLIC        app_key_add
  D:00E9H         PUBLIC        PICON
  D:00D0H         PUBLIC        PSW
  D:00EAH         PUBLIC        PINEN
  D:00EBH         PUBLIC        PIPEN
  -------         PROC          APP_KEY_INIT
  C:2236H         LINE#         23
  C:2236H         LINE#         24
  C:223BH         LINE#         26
  C:223EH         LINE#         27
  C:2241H         LINE#         28
  C:2244H         LINE#         30
  C:2247H         LINE#         31
  C:224AH         LINE#         32
  C:224DH         LINE#         34
  C:2252H         LINE#         35
  C:2256H         LINE#         36
  C:225AH         LINE#         38
  -------         ENDPROC       APP_KEY_INIT
  -------         PROC          APP_FLASH_SHOW
  C:2733H         LINE#         40
  C:2733H         LINE#         42
  -------         ENDPROC       APP_FLASH_SHOW
  -------         PROC          APP_FLASH_CLEAR
  C:2734H         LINE#         43
  C:2734H         LINE#         45
  -------         ENDPROC       APP_FLASH_CLEAR
  -------         PROC          APP_KEY_POWER_OR_RETURN
  C:2735H         LINE#         46
  C:2735H         LINE#         48
  -------         ENDPROC       APP_KEY_POWER_OR_RETURN
  -------         PROC          APP_KEY_SET
  C:2736H         LINE#         49
  C:2736H         LINE#         51
  -------         ENDPROC       APP_KEY_SET
  -------         PROC          APP_KEY_ADD
  C:2737H         LINE#         53
  C:2737H         LINE#         55
  -------         ENDPROC       APP_KEY_ADD
  -------         PROC          APP_KEY_OK
  C:2738H         LINE#         56
BL51 BANKED LINKER/LOCATER V6.22                                                      08/20/2017  22:57:51  PAGE 11


  C:2738H         LINE#         58
  -------         ENDPROC       APP_KEY_OK
  -------         PROC          APP_POWER_ON
  C:2721H         LINE#         60
  C:2721H         LINE#         61
  -------         ENDPROC       APP_POWER_ON
  -------         PROC          APP_POWER_OFF
  C:26E1H         LINE#         63
  C:26E1H         LINE#         64
  C:26E4H         LINE#         65
  -------         ENDPROC       APP_POWER_OFF
  -------         PROC          APP_KEY_100MS_PRO
  C:2739H         LINE#         71
  C:2739H         LINE#         73
  -------         ENDPROC       APP_KEY_100MS_PRO
  -------         PROC          APP_KEY_1S_PRO
  C:273AH         LINE#         75
  C:273AH         LINE#         77
  -------         ENDPROC       APP_KEY_1S_PRO
  -------         PROC          APP_KEY_CLEAR_NOOPS_TIMEOUTCNT
  C:26E7H         LINE#         78
  C:26E7H         LINE#         79
  C:26ECH         LINE#         80
  -------         ENDPROC       APP_KEY_CLEAR_NOOPS_TIMEOUTCNT
  -------         PROC          _APP_KEY_PRO
  X:0002H         SYMBOL        keyCode
  C:25C3H         LINE#         82
  C:25C8H         LINE#         84
  C:25CBH         LINE#         86
  C:25CEH         LINE#         88
  C:25CEH         LINE#         89
  C:25CEH         LINE#         91
  C:25CEH         LINE#         92
  C:25CEH         LINE#         94
  C:25CEH         LINE#         95
  C:25CEH         LINE#         97
  C:25CEH         LINE#         98
  C:25CEH         LINE#         100
  C:25CEH         LINE#         101
  C:25CEH         LINE#         103
  C:25CEH         LINE#         104
  C:25CEH         LINE#         106
  C:25CEH         LINE#         107
  C:25CEH         LINE#         109
  C:25CEH         LINE#         110
  C:25CEH         LINE#         112
  C:25CEH         LINE#         113
  C:25CEH         LINE#         115
  C:25CEH         LINE#         116
  C:25CEH         LINE#         118
  C:25CEH         LINE#         119
  C:25CEH         LINE#         121
  C:25CEH         LINE#         122
  C:25CEH         LINE#         124
  C:25CEH         LINE#         125
  C:25CEH         LINE#         127
  C:25CEH         LINE#         128
BL51 BANKED LINKER/LOCATER V6.22                                                      08/20/2017  22:57:51  PAGE 12


  C:25CEH         LINE#         130
  C:25CEH         LINE#         131
  C:25CEH         LINE#         133
  C:25CEH         LINE#         134
  C:25CEH         LINE#         136
  C:25CEH         LINE#         137
  C:25CEH         LINE#         139
  C:25CEH         LINE#         140
  C:25CEH         LINE#         142
  C:25CEH         LINE#         143
  C:25CEH         LINE#         145
  C:25CEH         LINE#         146
  C:25CEH         LINE#         148
  C:25CEH         LINE#         149
  C:25CEH         LINE#         151
  C:25CEH         LINE#         152
  C:25CEH         LINE#         154
  C:25CEH         LINE#         155
  C:25CEH         LINE#         157
  C:25CEH         LINE#         158
  C:25CEH         LINE#         160
  C:25CEH         LINE#         161
  C:25CEH         LINE#         163
  C:25CEH         LINE#         164
  C:25CEH         LINE#         166
  C:25CEH         LINE#         167
  C:25CEH         LINE#         169
  C:25CEH         LINE#         170
  C:25CEH         LINE#         172
  C:25CEH         LINE#         174
  C:25CEH         LINE#         175
  -------         ENDPROC       _APP_KEY_PRO
  -------         ENDMOD        APP_KEY

  -------         MODULE        APP_WORK
  C:0000H         SYMBOL        _ICE_DUMMY_
  D:0080H         PUBLIC        P0
  D:0090H         PUBLIC        P1
  D:00A0H         PUBLIC        P2
  D:00B0H         PUBLIC        P3
  D:00D8H         PUBLIC        P5
  D:00A8H         PUBLIC        IE
  C:225BH         PUBLIC        query_work_sum
  D:00B8H         PUBLIC        IP
  C:273BH         SYMBOL        app_work_pro
  C:000EH         PUBLIC        app_work_1s_pro
  X:005BH         SYMBOL        count_NoAction
  D:0098H         PUBLIC        SCON
  D:0088H         PUBLIC        TCON
  C:238FH         PUBLIC        work_Init
  B:0021H.2       SYMBOL        pull_once_flag
  D:00F8H         PUBLIC        SCON_1
  X:005CH         PUBLIC        Rep_Pull_num
  D:00E8H         PUBLIC        ADCCON0
  D:00C0H         PUBLIC        I2CON
  X:0064H         PUBLIC        g_tWork
  D:00C8H         PUBLIC        T2CON
BL51 BANKED LINKER/LOCATER V6.22                                                      08/20/2017  22:57:51  PAGE 13


  C:25CFH         PUBLIC        app_work_100ms_pro
  D:00D0H         PUBLIC        PSW
  -------         PROC          WORK_INIT
  C:238FH         LINE#         24
  C:238FH         LINE#         25
  C:2395H         LINE#         26
  C:2398H         LINE#         27
  C:239CH         LINE#         28
  C:239EH         LINE#         29
  C:23A2H         LINE#         30
  C:23A6H         LINE#         32
  C:23AAH         LINE#         33
  -------         ENDPROC       WORK_INIT
  -------         PROC          QUERY_WORK_SUM
  C:225BH         LINE#         35
  C:225BH         LINE#         36
  C:2269H         LINE#         37
  C:2278H         LINE#         38
  C:227CH         LINE#         39
  C:227CH         LINE#         40
  C:227EH         LINE#         42
  -------         ENDPROC       QUERY_WORK_SUM
  -------         PROC          APP_WORK_1S_PRO
  C:000EH         LINE#         44
  C:000EH         LINE#         45
  C:0017H         LINE#         46
  C:001AH         LINE#         47
  C:001AH         LINE#         49
  -------         ENDPROC       APP_WORK_1S_PRO
  -------         PROC          APP_WORK_100MS_PRO
  C:25CFH         LINE#         50
  C:25CFH         LINE#         51
  C:25D2H         LINE#         52
  C:25D4H         LINE#         54
  C:25D7H         LINE#         55
  C:25DAH         LINE#         56
  C:25DAH         LINE#         58
  -------         ENDPROC       APP_WORK_100MS_PRO
  -------         PROC          APP_WORK_PRO
  C:273BH         LINE#         60
  C:273BH         LINE#         62
  -------         ENDPROC       APP_WORK_PRO
  -------         ENDMOD        APP_WORK

  -------         MODULE        APP_REPEAT_EXE
  C:0000H         SYMBOL        _ICE_DUMMY_
  D:0080H         PUBLIC        P0
  D:0090H         PUBLIC        P1
  D:00A0H         PUBLIC        P2
  D:00B0H         PUBLIC        P3
  C:25DBH         PUBLIC        _Repeat_SetStart
  D:00D8H         PUBLIC        P5
  D:00A8H         PUBLIC        IE
  C:2523H         SYMBOL        Repeat_Stop_exe
  D:00B8H         PUBLIC        IP
  C:25E7H         PUBLIC        _Repeat_SetStop
  X:006DH         SYMBOL        g_tRepeat
BL51 BANKED LINKER/LOCATER V6.22                                                      08/20/2017  22:57:51  PAGE 14


  D:0098H         PUBLIC        SCON
  D:0088H         PUBLIC        TCON
  D:00F8H         PUBLIC        SCON_1
  C:20EAH         PUBLIC        _Repeat_Start
  D:00E8H         PUBLIC        ADCCON0
  D:00C0H         PUBLIC        I2CON
  D:00C8H         PUBLIC        T2CON
  C:247BH         PUBLIC        Repeat_Stop
  C:171FH         PUBLIC        Repeat_Pro
  C:2513H         SYMBOL        Repeat_Start_exe
  D:00D0H         PUBLIC        PSW
  -------         PROC          _REPEAT_SETSTART
  D:0001H         SYMBOL        fun
  C:25DBH         LINE#         12
  C:25DBH         LINE#         13
  C:25E6H         LINE#         14
  -------         ENDPROC       _REPEAT_SETSTART
  -------         PROC          _REPEAT_SETSTOP
  D:0001H         SYMBOL        fun
  C:25E7H         LINE#         16
  C:25E7H         LINE#         17
  C:25F2H         LINE#         18
  -------         ENDPROC       _REPEAT_SETSTOP
  -------         PROC          REPEAT_START_EXE
  C:2513H         LINE#         20
  C:2513H         LINE#         21
  C:251FH         LINE#         22
  C:2522H         LINE#         23
  C:2522H         LINE#         24
  -------         ENDPROC       REPEAT_START_EXE
  -------         PROC          REPEAT_STOP_EXE
  C:2523H         LINE#         26
  C:2523H         LINE#         27
  C:252FH         LINE#         28
  C:2532H         LINE#         29
  C:2532H         LINE#         30
  -------         ENDPROC       REPEAT_STOP_EXE
  -------         PROC          _REPEAT_START
  D:0006H         SYMBOL        _usStartTime
  D:0004H         SYMBOL        _usStopTime
  D:0002H         SYMBOL        _usCycle
  C:20EAH         LINE#         42
  C:20EAH         LINE#         43
  C:20EAH         LINE#         44
  C:20EEH         LINE#         46
  C:20EEH         LINE#         48
  C:20F6H         LINE#         49
  C:20FEH         LINE#         50
  C:2106H         LINE#         51
  C:210BH         LINE#         52
  C:210FH         LINE#         53
  C:2113H         LINE#         54
  C:2118H         LINE#         56
  C:211BH         LINE#         57
  -------         ENDPROC       _REPEAT_START
  -------         PROC          REPEAT_STOP
  C:247BH         LINE#         67
BL51 BANKED LINKER/LOCATER V6.22                                                      08/20/2017  22:57:51  PAGE 15


  C:247BH         LINE#         68
  C:2480H         LINE#         69
  C:2483H         LINE#         70
  C:248CH         LINE#         71
  -------         ENDPROC       REPEAT_STOP
  -------         PROC          REPEAT_PRO
  C:171FH         LINE#         83
  C:171FH         LINE#         85
  C:1726H         LINE#         86
  C:1729H         LINE#         88
  C:1729H         LINE#         90
  C:1740H         LINE#         92
  C:1740H         LINE#         94
  C:1746H         LINE#         95
  C:1752H         LINE#         96
  C:1752H         LINE#         97
  C:176BH         LINE#         98
  C:176EH         LINE#         99
  C:1775H         LINE#         100
  C:177AH         LINE#         101
  C:177AH         LINE#         102
  C:177BH         LINE#         104
  C:177BH         LINE#         105
  C:1783H         LINE#         106
  C:179BH         LINE#         108
  C:17AAH         LINE#         109
  C:17BDH         LINE#         111
  C:17C2H         LINE#         112
  C:17C2H         LINE#         114
  C:17C8H         LINE#         115
  C:17CFH         LINE#         117
  C:17CFH         LINE#         118
  C:17CFH         LINE#         119
  C:17D6H         LINE#         120
  C:17DAH         LINE#         122
  C:17DDH         LINE#         123
  C:17DDH         LINE#         124
  C:17DDH         LINE#         126
  -------         ENDPROC       REPEAT_PRO
  -------         ENDMOD        APP_REPEAT_EXE

  -------         MODULE        APP_2D4
  C:0000H         SYMBOL        _ICE_DUMMY_
  D:0080H         PUBLIC        P0
  D:0090H         PUBLIC        P1
  D:00A0H         PUBLIC        P2
  D:00B0H         PUBLIC        P3
  C:26EDH         PUBLIC        app_2d4_init
  D:00D8H         PUBLIC        P5
  D:00A8H         PUBLIC        IE
  D:00B8H         PUBLIC        IP
  C:1F64H         PUBLIC        app_2d4_pro
  X:002EH         PUBLIC        ucPayload
  D:0098H         PUBLIC        SCON
  D:0088H         PUBLIC        TCON
  D:00F8H         PUBLIC        SCON_1
  D:00E8H         PUBLIC        ADCCON0
BL51 BANKED LINKER/LOCATER V6.22                                                      08/20/2017  22:57:51  PAGE 16


  D:00C0H         PUBLIC        I2CON
  X:0036H         PUBLIC        ss
  D:00C8H         PUBLIC        T2CON
  X:0046H         SYMBOL        n
  D:00D0H         PUBLIC        PSW
  -------         PROC          APP_2D4_INIT
  C:26EDH         LINE#         9
  C:26EDH         LINE#         11
  C:26F0H         LINE#         17
  -------         ENDPROC       APP_2D4_INIT
  -------         PROC          APP_2D4_PRO
  -------         DO            
  X:0002H         SYMBOL        sta
  -------         DO            
  X:002CH         SYMBOL        n
  -------         ENDDO         
  -------         ENDDO         
  C:1F64H         LINE#         23
  C:1F64H         LINE#         24
  C:1F6BH         LINE#         65
  C:1F79H         LINE#         68
  C:1F87H         LINE#         69
  C:1FADH         LINE#         71
  C:1FB0H         LINE#         72
  C:1FB9H         LINE#         73
  C:1FB9H         LINE#         75
  -------         ENDPROC       APP_2D4_PRO
  -------         ENDMOD        APP_2D4

  -------         MODULE        BSP
  C:0000H         SYMBOL        _ICE_DUMMY_
  D:0080H         PUBLIC        P0
  D:0090H         PUBLIC        P1
  D:00A0H         PUBLIC        P2
  D:00B0H         PUBLIC        P3
  D:00D8H         PUBLIC        P5
  B:00A8H.7       PUBLIC        EA
  D:00A8H         PUBLIC        IE
  D:00B8H         PUBLIC        IP
  B:0021H.3       PUBLIC        BIT_TMP
  D:0098H         PUBLIC        SCON
  D:0088H         PUBLIC        TCON
  C:23E3H         PUBLIC        bsp_Init
  D:00F8H         PUBLIC        SCON_1
  D:00E8H         PUBLIC        ADCCON0
  D:00C0H         PUBLIC        I2CON
  D:00C8H         PUBLIC        T2CON
  D:00D0H         PUBLIC        PSW
  -------         PROC          BSP_INIT
  C:23E3H         LINE#         5
  C:23E3H         LINE#         10
  C:23E6H         LINE#         12
  C:23E9H         LINE#         13
  C:23ECH         LINE#         14
  C:23EFH         LINE#         15
  C:23F2H         LINE#         17
  C:23F5H         LINE#         18
BL51 BANKED LINKER/LOCATER V6.22                                                      08/20/2017  22:57:51  PAGE 17


  C:23F8H         LINE#         23
  C:23FBH         LINE#         25
  C:23FDH         LINE#         27
  -------         ENDPROC       BSP_INIT
  -------         ENDMOD        BSP

  -------         MODULE        BSP_KEY
  C:0000H         SYMBOL        _ICE_DUMMY_
  D:00B1H         PUBLIC        P0M1
  D:00B2H         PUBLIC        P0M2
  D:0080H         PUBLIC        P0
  D:0090H         PUBLIC        P1
  D:00A0H         PUBLIC        P2
  C:1BB6H         SYMBOL        _IsKeyDown
  D:00B0H         PUBLIC        P3
  D:00D8H         PUBLIC        P5
  C:248FH         PUBLIC        _bsp_PutKey
  D:00A8H         PUBLIC        IE
  C:1880H         SYMBOL        bsp_InitKeyVar
  X:009BH         PUBLIC        pBtn
  D:00B8H         PUBLIC        IP
  C:23C7H         PUBLIC        bsp_GetKey2
  C:107FH         SYMBOL        _bsp_DetectKey
  B:0080H.2       PUBLIC        P02
  C:2614H         SYMBOL        IsKeyDown1
  D:0098H         PUBLIC        SCON
  C:2533H         SYMBOL        IsKeyDown2
  D:0088H         PUBLIC        TCON
  C:2542H         SYMBOL        IsKeyDown3
  C:2551H         SYMBOL        IsKeyDown4
  C:258DH         SYMBOL        IsKeyDown5
  C:26F3H         SYMBOL        IsKeyDown6
  C:26F9H         SYMBOL        IsKeyDown7
  C:2560H         SYMBOL        IsKeyDown8
  C:256FH         SYMBOL        IsKeyDown9
  C:2705H         PUBLIC        bsp_ClearKey
  X:009EH         PUBLIC        min
  D:00F8H         PUBLIC        SCON_1
  X:00A0H         PUBLIC        max
  C:23FEH         PUBLIC        bsp_KeyScan
  D:00E8H         PUBLIC        ADCCON0
  D:00C0H         PUBLIC        I2CON
  D:00C8H         PUBLIC        T2CON
  C:26FFH         PUBLIC        bsp_InitKey
  C:2655H         SYMBOL        bsp_InitKeyHard
  I:0022H         SYMBOL        s_tBtn
  I:0085H         SYMBOL        s_tKey
  C:23ABH         PUBLIC        bsp_GetKey
  C:227FH         PUBLIC        _bsp_SetKeyParam
  C:25FFH         PUBLIC        _bsp_GetKeyState
  D:00D0H         PUBLIC        PSW
  -------         PROC          ISKEYDOWN1
  C:2614H         LINE#         46
  C:2614H         LINE#         47
  C:2617H         LINE#         48
  C:261AH         LINE#         49
  C:261AH         LINE#         50
BL51 BANKED LINKER/LOCATER V6.22                                                      08/20/2017  22:57:51  PAGE 18


  C:261CH         LINE#         51
  C:261CH         LINE#         52
  -------         ENDPROC       ISKEYDOWN1
  -------         PROC          L?0064
  -------         ENDPROC       L?0064
  -------         PROC          _ISKEYDOWN
  D:0006H         SYMBOL        key_ad
  D:0004H         SYMBOL        result_ad
  C:1BB6H         LINE#         55
  C:1BB6H         LINE#         57
  C:1BDBH         LINE#         58
  C:1BFAH         LINE#         60
  C:1C13H         LINE#         61
  -------         ENDPROC       _ISKEYDOWN
  -------         PROC          ISKEYDOWN2
  C:2533H         LINE#         64
  C:2533H         LINE#         66
  C:2541H         LINE#         67
  -------         ENDPROC       ISKEYDOWN2
  -------         PROC          ISKEYDOWN3
  C:2542H         LINE#         69
  C:2542H         LINE#         70
  C:2550H         LINE#         71
  -------         ENDPROC       ISKEYDOWN3
  -------         PROC          ISKEYDOWN4
  C:2551H         LINE#         73
  C:2551H         LINE#         74
  C:255FH         LINE#         75
  -------         ENDPROC       ISKEYDOWN4
  -------         PROC          ISKEYDOWN5
  C:258DH         LINE#         77
  C:258DH         LINE#         79
  C:259AH         LINE#         80
  -------         ENDPROC       ISKEYDOWN5
  -------         PROC          ISKEYDOWN6
  C:26F3H         LINE#         82
  C:26F3H         LINE#         83
  C:26F8H         LINE#         84
  -------         ENDPROC       ISKEYDOWN6
  -------         PROC          ISKEYDOWN7
  C:26F9H         LINE#         86
  C:26F9H         LINE#         87
  C:26FEH         LINE#         88
  -------         ENDPROC       ISKEYDOWN7
  -------         PROC          ISKEYDOWN8
  C:2560H         LINE#         90
  C:2560H         LINE#         91
  C:256EH         LINE#         92
  -------         ENDPROC       ISKEYDOWN8
  -------         PROC          ISKEYDOWN9
  C:256FH         LINE#         94
  C:256FH         LINE#         95
  C:257DH         LINE#         96
  -------         ENDPROC       ISKEYDOWN9
  -------         PROC          BSP_INITKEY
  C:26FFH         LINE#         106
  C:26FFH         LINE#         107
BL51 BANKED LINKER/LOCATER V6.22                                                      08/20/2017  22:57:51  PAGE 19


  C:2702H         LINE#         108
  -------         ENDPROC       BSP_INITKEY
  -------         PROC          _BSP_PUTKEY
  D:0007H         SYMBOL        _KeyCode
  C:248FH         LINE#         119
  C:248FH         LINE#         120
  C:2497H         LINE#         122
  C:24A0H         LINE#         123
  C:24A2H         LINE#         124
  C:24A2H         LINE#         125
  -------         ENDPROC       _BSP_PUTKEY
  -------         PROC          BSP_GETKEY
  -------         DO            
  D:0007H         SYMBOL        ret
  -------         ENDDO         
  C:23ABH         LINE#         135
  C:23ABH         LINE#         138
  C:23B3H         LINE#         139
  C:23B5H         LINE#         140
  C:23B5H         LINE#         141
  C:23BBH         LINE#         143
  C:23C4H         LINE#         144
  C:23C6H         LINE#         145
  C:23C6H         LINE#         146
  C:23C6H         LINE#         147
  C:23C6H         LINE#         148
  -------         ENDPROC       BSP_GETKEY
  -------         PROC          BSP_GETKEY2
  -------         DO            
  D:0007H         SYMBOL        ret
  -------         ENDDO         
  C:23C7H         LINE#         158
  C:23C7H         LINE#         161
  C:23CFH         LINE#         162
  C:23D1H         LINE#         163
  C:23D1H         LINE#         164
  C:23D7H         LINE#         166
  C:23E0H         LINE#         167
  C:23E2H         LINE#         168
  C:23E2H         LINE#         169
  C:23E2H         LINE#         170
  C:23E2H         LINE#         171
  -------         ENDPROC       BSP_GETKEY2
  -------         PROC          _BSP_GETKEYSTATE
  D:0007H         SYMBOL        _ucKeyID
  C:25FFH         LINE#         181
  C:25FFH         LINE#         182
  C:2609H         LINE#         183
  -------         ENDPROC       _BSP_GETKEYSTATE
  -------         PROC          _BSP_SETKEYPARAM
  D:0007H         SYMBOL        _ucKeyID
  D:0004H         SYMBOL        _LongTime
  D:0003H         SYMBOL        _RepeatSpeed
  C:227FH         LINE#         195
  C:227FH         LINE#         196
  C:228CH         LINE#         197
  C:2298H         LINE#         198
BL51 BANKED LINKER/LOCATER V6.22                                                      08/20/2017  22:57:51  PAGE 20


  C:22A2H         LINE#         199
  -------         ENDPROC       _BSP_SETKEYPARAM
  -------         PROC          BSP_CLEARKEY
  C:2705H         LINE#         209
  C:2705H         LINE#         210
  C:270AH         LINE#         211
  -------         ENDPROC       BSP_CLEARKEY
  -------         PROC          BSP_INITKEYHARD
  C:2655H         LINE#         221
  C:2655H         LINE#         223
  C:2658H         LINE#         224
  C:265BH         LINE#         226
  -------         ENDPROC       BSP_INITKEYHARD
  -------         PROC          BSP_INITKEYVAR
  -------         DO            
  D:0007H         SYMBOL        i
  -------         ENDDO         
  C:1880H         LINE#         236
  C:1880H         LINE#         240
  C:1884H         LINE#         241
  C:1886H         LINE#         242
  C:1888H         LINE#         245
  C:1889H         LINE#         246
  C:1896H         LINE#         247
  C:18A0H         LINE#         248
  C:18AAH         LINE#         252
  C:18B4H         LINE#         253
  C:18BEH         LINE#         254
  C:18C3H         LINE#         257
  C:18CDH         LINE#         258
  C:18D7H         LINE#         259
  C:18E1H         LINE#         260
  C:18EBH         LINE#         261
  C:18F5H         LINE#         262
  C:18FFH         LINE#         263
  C:1909H         LINE#         264
  C:1913H         LINE#         265
  C:191DH         LINE#         267
  -------         ENDPROC       BSP_INITKEYVAR
  -------         PROC          _BSP_DETECTKEY
  X:0003H         SYMBOL        i
  C:107FH         LINE#         278
  C:1084H         LINE#         279
  C:1098H         LINE#         280
  C:10A4H         LINE#         281
  C:10BBH         LINE#         282
  C:10C0H         LINE#         283
  C:10C9H         LINE#         284
  C:10D1H         LINE#         285
  C:10D1H         LINE#         286
  C:10D9H         LINE#         287
  C:10E0H         LINE#         290
  C:10EDH         LINE#         291
  C:10EDH         LINE#         293
  C:110CH         LINE#         294
  C:1119H         LINE#         296
  C:1130H         LINE#         298
BL51 BANKED LINKER/LOCATER V6.22                                                      08/20/2017  22:57:51  PAGE 21


  C:113AH         LINE#         299
  C:113AH         LINE#         300
  C:113CH         LINE#         301
  C:114BH         LINE#         302
  C:1157H         LINE#         303
  C:115EH         LINE#         305
  C:116BH         LINE#         306
  C:116BH         LINE#         307
  C:116BH         LINE#         308
  C:116BH         LINE#         309
  C:116BH         LINE#         310
  C:116BH         LINE#         311
  C:116BH         LINE#         312
  C:1182H         LINE#         313
  C:118AH         LINE#         314
  C:118FH         LINE#         315
  C:1197H         LINE#         316
  C:1199H         LINE#         317
  C:11A2H         LINE#         318
  C:11A9H         LINE#         321
  C:11B7H         LINE#         322
  C:11B7H         LINE#         323
  C:11B7H         LINE#         324
  C:11CBH         LINE#         325
  C:11D2H         LINE#         326
  C:11D2H         LINE#         327
  -------         ENDPROC       _BSP_DETECTKEY
  -------         PROC          BSP_KEYSCAN
  -------         DO            
  X:0002H         SYMBOL        i
  -------         ENDDO         
  C:23FEH         LINE#         337
  C:23FEH         LINE#         340
  C:240DH         LINE#         341
  C:2410H         LINE#         342
  C:2418H         LINE#         343
  -------         ENDPROC       BSP_KEYSCAN
  -------         ENDMOD        BSP_KEY

  -------         MODULE        BSP_DISPLAY
  C:0000H         SYMBOL        _ICE_DUMMY_
  C:26B7H         PUBLIC        LCD_Show_BAZOOKA_ICO
  D:00B1H         PUBLIC        P0M1
  D:00B3H         PUBLIC        P1M1
  D:00B2H         PUBLIC        P0M2
  D:0080H         PUBLIC        P0
  D:00B5H         PUBLIC        P2M1
  D:00B4H         PUBLIC        P1M2
  D:0090H         PUBLIC        P1
  D:00B6H         PUBLIC        P2M2
  D:00ACH         PUBLIC        P3M1
  D:00A0H         PUBLIC        P2
  D:00DAH         PUBLIC        P4M1
  D:00B0H         PUBLIC        P3
  D:00ADH         PUBLIC        P3M2
  D:00DCH         PUBLIC        P5M1
  D:00DBH         PUBLIC        P4M2
BL51 BANKED LINKER/LOCATER V6.22                                                      08/20/2017  22:57:51  PAGE 22


  D:00DDH         PUBLIC        P5M2
  D:00D8H         PUBLIC        P5
  C:2671H         PUBLIC        LCD_Show_FM_ICO
  D:00A8H         PUBLIC        IE
  C:265CH         PUBLIC        LCD_Clear_LED_ICO
  C:25A9H         PUBLIC        LCD_Clear_All
  D:00B8H         PUBLIC        IP
  C:26BEH         PUBLIC        LCD_Clear_upColon_ICO
  C:2694H         PUBLIC        LCD_Clear_USB_ICO
  C:207FH         PUBLIC        LCD_display_InitHard
  C:2686H         PUBLIC        LCD_Clear_AUX_ICO
  C:26A2H         PUBLIC        LCD_Clear_MHZ_ICO
  C:26D3H         PUBLIC        LCD_Show_downColon_ICO
  D:00FCH         PUBLIC        LCDDAT
  D:00FAH         PUBLIC        LCDCLK
  D:0098H         PUBLIC        SCON
  D:00F9H         PUBLIC        LCDCON
  D:0088H         PUBLIC        TCON
  C:2678H         PUBLIC        LCD_Clear_BLUETooTH_ICO
  C:270BH         PUBLIC        LCD_Clear_Colon_ICO
  C:26B0H         PUBLIC        LCD_Clear_BAZOOKA_ICO
  D:00F8H         PUBLIC        SCON_1
  C:2663H         PUBLIC        LCD_Show_LED_ICO
  D:00FBH         PUBLIC        LCDPTR
  C:266AH         PUBLIC        LCD_Clear_FM_ICO
  C:17DEH         PUBLIC        _LCD_ShowString
  C:1558H         SYMBOL        _LCD_Clear_mi
  C:005EH         PUBLIC        _LCD_ShowChar
  C:26C5H         PUBLIC        LCD_Show_upColon_ICO
  D:00E8H         PUBLIC        ADCCON0
  D:00C0H         PUBLIC        I2CON
  C:269BH         PUBLIC        LCD_Show_USB_ICO
  C:268DH         PUBLIC        LCD_Show_AUX_ICO
  C:26A9H         PUBLIC        LCD_Show_MHZ_ICO
  D:00E5H         PUBLIC        LCDSEG0
  D:00E6H         PUBLIC        LCDSEG1
  D:00E7H         PUBLIC        LCDSEG2
  D:00EEH         PUBLIC        LCDSEG3
  D:00C8H         PUBLIC        T2CON
  C:267FH         PUBLIC        LCD_Show_BLUETooTH_ICO
  C:25B6H         PUBLIC        LCD_Clear_mi_all
  C:2711H         PUBLIC        LCD_Show_Colon_ICO
  C:26CCH         PUBLIC        LCD_Clear_downColon_ICO
  D:00D0H         PUBLIC        PSW
  -------         PROC          LCD_DISPLAY_INITHARD
  C:207FH         LINE#         16
  C:207FH         LINE#         19
  C:2082H         LINE#         20
  C:2085H         LINE#         22
  C:2087H         LINE#         23
  C:208AH         LINE#         25
  C:208CH         LINE#         26
  C:208FH         LINE#         28
  C:2091H         LINE#         29
  C:2094H         LINE#         31
  C:2096H         LINE#         32
  C:2099H         LINE#         34
BL51 BANKED LINKER/LOCATER V6.22                                                      08/20/2017  22:57:51  PAGE 23


  C:209BH         LINE#         35
  C:209EH         LINE#         39
  C:20A0H         LINE#         41
  C:20A3H         LINE#         44
  C:20A6H         LINE#         45
  C:20A9H         LINE#         46
  C:20ACH         LINE#         47
  C:20AFH         LINE#         49
  C:20B2H         LINE#         51
  -------         ENDPROC       LCD_DISPLAY_INITHARD
  -------         PROC          LCD_CLEAR_ALL
  -------         DO            
  D:0007H         SYMBOL        i
  -------         ENDDO         
  C:25A9H         LINE#         54
  C:25A9H         LINE#         56
  C:25ABH         LINE#         57
  C:25ADH         LINE#         58
  C:25B0H         LINE#         59
  C:25B5H         LINE#         60
  -------         ENDPROC       LCD_CLEAR_ALL
  -------         PROC          LCD_CLEAR_LED_ICO
  C:265CH         LINE#         62
  C:265CH         LINE#         63
  C:265FH         LINE#         64
  C:2662H         LINE#         65
  -------         ENDPROC       LCD_CLEAR_LED_ICO
  -------         PROC          LCD_SHOW_LED_ICO
  C:2663H         LINE#         66
  C:2663H         LINE#         67
  C:2666H         LINE#         68
  C:2669H         LINE#         69
  -------         ENDPROC       LCD_SHOW_LED_ICO
  -------         PROC          LCD_CLEAR_FM_ICO
  C:266AH         LINE#         70
  C:266AH         LINE#         71
  C:266DH         LINE#         72
  C:2670H         LINE#         73
  -------         ENDPROC       LCD_CLEAR_FM_ICO
  -------         PROC          LCD_SHOW_FM_ICO
  C:2671H         LINE#         74
  C:2671H         LINE#         75
  C:2674H         LINE#         76
  C:2677H         LINE#         77
  -------         ENDPROC       LCD_SHOW_FM_ICO
  -------         PROC          LCD_CLEAR_BLUETOOTH_ICO
  C:2678H         LINE#         78
  C:2678H         LINE#         79
  C:267BH         LINE#         80
  C:267EH         LINE#         81
  -------         ENDPROC       LCD_CLEAR_BLUETOOTH_ICO
  -------         PROC          LCD_SHOW_BLUETOOTH_ICO
  C:267FH         LINE#         82
  C:267FH         LINE#         83
  C:2682H         LINE#         84
  C:2685H         LINE#         85
  -------         ENDPROC       LCD_SHOW_BLUETOOTH_ICO
BL51 BANKED LINKER/LOCATER V6.22                                                      08/20/2017  22:57:51  PAGE 24


  -------         PROC          LCD_CLEAR_AUX_ICO
  C:2686H         LINE#         86
  C:2686H         LINE#         87
  C:2689H         LINE#         88
  C:268CH         LINE#         89
  -------         ENDPROC       LCD_CLEAR_AUX_ICO
  -------         PROC          LCD_SHOW_AUX_ICO
  C:268DH         LINE#         90
  C:268DH         LINE#         91
  C:2690H         LINE#         92
  C:2693H         LINE#         93
  -------         ENDPROC       LCD_SHOW_AUX_ICO
  -------         PROC          LCD_CLEAR_USB_ICO
  C:2694H         LINE#         94
  C:2694H         LINE#         95
  C:2697H         LINE#         96
  C:269AH         LINE#         97
  -------         ENDPROC       LCD_CLEAR_USB_ICO
  -------         PROC          LCD_SHOW_USB_ICO
  C:269BH         LINE#         98
  C:269BH         LINE#         99
  C:269EH         LINE#         100
  C:26A1H         LINE#         101
  -------         ENDPROC       LCD_SHOW_USB_ICO
  -------         PROC          LCD_CLEAR_MHZ_ICO
  C:26A2H         LINE#         102
  C:26A2H         LINE#         103
  C:26A5H         LINE#         104
  C:26A8H         LINE#         105
  -------         ENDPROC       LCD_CLEAR_MHZ_ICO
  -------         PROC          LCD_SHOW_MHZ_ICO
  C:26A9H         LINE#         106
  C:26A9H         LINE#         107
  C:26ACH         LINE#         108
  C:26AFH         LINE#         109
  -------         ENDPROC       LCD_SHOW_MHZ_ICO
  -------         PROC          LCD_CLEAR_BAZOOKA_ICO
  C:26B0H         LINE#         110
  C:26B0H         LINE#         111
  C:26B3H         LINE#         112
  C:26B6H         LINE#         113
  -------         ENDPROC       LCD_CLEAR_BAZOOKA_ICO
  -------         PROC          LCD_SHOW_BAZOOKA_ICO
  C:26B7H         LINE#         114
  C:26B7H         LINE#         115
  C:26BAH         LINE#         116
  C:26BDH         LINE#         117
  -------         ENDPROC       LCD_SHOW_BAZOOKA_ICO
  -------         PROC          LCD_CLEAR_UPCOLON_ICO
  C:26BEH         LINE#         123
  C:26BEH         LINE#         124
  C:26C1H         LINE#         125
  C:26C4H         LINE#         126
  -------         ENDPROC       LCD_CLEAR_UPCOLON_ICO
  -------         PROC          LCD_SHOW_UPCOLON_ICO
  C:26C5H         LINE#         127
  C:26C5H         LINE#         128
BL51 BANKED LINKER/LOCATER V6.22                                                      08/20/2017  22:57:51  PAGE 25


  C:26C8H         LINE#         129
  C:26CBH         LINE#         130
  -------         ENDPROC       LCD_SHOW_UPCOLON_ICO
  -------         PROC          LCD_CLEAR_DOWNCOLON_ICO
  C:26CCH         LINE#         131
  C:26CCH         LINE#         132
  C:26CFH         LINE#         133
  C:26D2H         LINE#         134
  -------         ENDPROC       LCD_CLEAR_DOWNCOLON_ICO
  -------         PROC          LCD_SHOW_DOWNCOLON_ICO
  C:26D3H         LINE#         135
  C:26D3H         LINE#         136
  C:26D6H         LINE#         137
  C:26D9H         LINE#         138
  -------         ENDPROC       LCD_SHOW_DOWNCOLON_ICO
  -------         PROC          LCD_CLEAR_COLON_ICO
  C:270BH         LINE#         139
  C:270BH         LINE#         140
  C:270EH         LINE#         141
  -------         ENDPROC       LCD_CLEAR_COLON_ICO
  -------         PROC          LCD_SHOW_COLON_ICO
  C:2711H         LINE#         143
  C:2711H         LINE#         144
  C:2714H         LINE#         145
  -------         ENDPROC       LCD_SHOW_COLON_ICO
  -------         PROC          _LCD_CLEAR_MI
  D:0007H         SYMBOL        n
  C:1558H         LINE#         147
  C:1558H         LINE#         148
  C:1580H         LINE#         149
  C:1580H         LINE#         150
  C:1583H         LINE#         151
  C:1586H         LINE#         153
  C:1589H         LINE#         154
  C:158CH         LINE#         156
  C:158FH         LINE#         157
  C:1592H         LINE#         159
  C:1595H         LINE#         160
  C:1595H         LINE#         161
  C:1598H         LINE#         162
  C:1598H         LINE#         163
  C:159BH         LINE#         164
  C:159EH         LINE#         166
  C:15A1H         LINE#         167
  C:15A4H         LINE#         169
  C:15A7H         LINE#         170
  C:15AAH         LINE#         172
  C:15ADH         LINE#         173
  C:15ADH         LINE#         174
  C:15B0H         LINE#         175
  C:15B0H         LINE#         176
  C:15B3H         LINE#         177
  C:15B6H         LINE#         179
  C:15B9H         LINE#         180
  C:15BCH         LINE#         182
  C:15BFH         LINE#         183
  C:15C2H         LINE#         185
BL51 BANKED LINKER/LOCATER V6.22                                                      08/20/2017  22:57:51  PAGE 26


  C:15C5H         LINE#         186
  C:15C5H         LINE#         187
  C:15C7H         LINE#         188
  C:15C7H         LINE#         189
  C:15CAH         LINE#         190
  C:15CDH         LINE#         192
  C:15D0H         LINE#         193
  C:15D3H         LINE#         195
  C:15D6H         LINE#         196
  C:15D9H         LINE#         198
  C:15DCH         LINE#         199
  C:15DCH         LINE#         200
  C:15DEH         LINE#         201
  C:15DEH         LINE#         202
  C:15E1H         LINE#         203
  C:15E4H         LINE#         205
  C:15E7H         LINE#         206
  C:15EAH         LINE#         208
  C:15EDH         LINE#         209
  C:15F0H         LINE#         211
  C:15F3H         LINE#         212
  C:15F3H         LINE#         213
  C:15F5H         LINE#         214
  C:15F5H         LINE#         215
  C:15F8H         LINE#         216
  C:15FBH         LINE#         218
  C:15FEH         LINE#         219
  C:1601H         LINE#         221
  C:1604H         LINE#         222
  C:1607H         LINE#         224
  C:160AH         LINE#         225
  C:160AH         LINE#         226
  C:160CH         LINE#         227
  C:160CH         LINE#         228
  C:160FH         LINE#         229
  C:1612H         LINE#         231
  C:1615H         LINE#         232
  C:1618H         LINE#         234
  C:161BH         LINE#         235
  C:161EH         LINE#         237
  C:1621H         LINE#         238
  C:1621H         LINE#         239
  C:1623H         LINE#         240
  C:1623H         LINE#         241
  C:1626H         LINE#         242
  C:1629H         LINE#         244
  C:162CH         LINE#         245
  C:162FH         LINE#         247
  C:1632H         LINE#         248
  C:1635H         LINE#         250
  C:1638H         LINE#         251
  C:163BH         LINE#         252
  C:163BH         LINE#         253
  C:163BH         LINE#         254
  -------         ENDPROC       _LCD_CLEAR_MI
  -------         PROC          LCD_CLEAR_MI_ALL
  -------         DO            
BL51 BANKED LINKER/LOCATER V6.22                                                      08/20/2017  22:57:51  PAGE 27


  D:0006H         SYMBOL        i
  -------         ENDDO         
  C:25B6H         LINE#         255
  C:25B6H         LINE#         256
  C:25B8H         LINE#         257
  C:25B8H         LINE#         258
  C:25BDH         LINE#         259
  C:25C2H         LINE#         260
  -------         ENDPROC       LCD_CLEAR_MI_ALL
  -------         PROC          _LCD_SHOWCHAR
  D:0007H         SYMBOL        n
  D:0005H         SYMBOL        c
  C:005EH         LINE#         261
  C:005EH         LINE#         262
  C:0067H         LINE#         264
  C:0067H         LINE#         266
  C:0070H         LINE#         267
  C:0072H         LINE#         268
  C:0078H         LINE#         269
  C:007AH         LINE#         270
  C:0080H         LINE#         271
  C:0082H         LINE#         272
  C:0088H         LINE#         273
  C:008AH         LINE#         274
  C:0090H         LINE#         275
  C:0092H         LINE#         276
  C:0092H         LINE#         277
  C:0145H         LINE#         278
  C:0145H         LINE#         279
  C:0151H         LINE#         280
  C:0154H         LINE#         282
  C:015AH         LINE#         283
  C:015DH         LINE#         285
  C:0163H         LINE#         286
  C:0166H         LINE#         288
  C:0166H         LINE#         289
  C:0166H         LINE#         290
  C:0169H         LINE#         291
  C:0169H         LINE#         292
  C:0175H         LINE#         293
  C:0178H         LINE#         295
  C:017EH         LINE#         296
  C:0181H         LINE#         298
  C:0187H         LINE#         299
  C:018AH         LINE#         301
  C:018AH         LINE#         302
  C:018AH         LINE#         303
  C:018DH         LINE#         304
  C:018DH         LINE#         305
  C:0199H         LINE#         306
  C:019CH         LINE#         308
  C:019CH         LINE#         309
  C:019CH         LINE#         311
  C:019CH         LINE#         312
  C:019CH         LINE#         314
  C:019CH         LINE#         315
  C:019CH         LINE#         316
BL51 BANKED LINKER/LOCATER V6.22                                                      08/20/2017  22:57:51  PAGE 28


  C:019FH         LINE#         317
  C:019FH         LINE#         318
  C:01ABH         LINE#         319
  C:01AEH         LINE#         321
  C:01AEH         LINE#         322
  C:01AEH         LINE#         324
  C:01AEH         LINE#         325
  C:01AEH         LINE#         327
  C:01AEH         LINE#         328
  C:01AEH         LINE#         329
  C:01B1H         LINE#         330
  C:01B1H         LINE#         331
  C:01BDH         LINE#         332
  C:01C0H         LINE#         334
  C:01C0H         LINE#         335
  C:01C0H         LINE#         337
  C:01C0H         LINE#         338
  C:01C0H         LINE#         340
  C:01C0H         LINE#         341
  C:01C0H         LINE#         342
  C:01C3H         LINE#         343
  C:01C3H         LINE#         344
  C:01CFH         LINE#         345
  C:01D2H         LINE#         347
  C:01D2H         LINE#         348
  C:01D2H         LINE#         350
  C:01D2H         LINE#         351
  C:01D2H         LINE#         353
  C:01D2H         LINE#         354
  C:01D2H         LINE#         355
  C:01D5H         LINE#         356
  C:01D5H         LINE#         357
  C:01E1H         LINE#         358
  C:01E4H         LINE#         360
  C:01E4H         LINE#         361
  C:01E4H         LINE#         363
  C:01E4H         LINE#         364
  C:01E4H         LINE#         366
  C:01E4H         LINE#         367
  C:01E4H         LINE#         368
  C:01E7H         LINE#         369
  C:01E7H         LINE#         370
  C:01F3H         LINE#         371
  C:01F6H         LINE#         373
  C:01FCH         LINE#         374
  C:01FFH         LINE#         376
  C:0205H         LINE#         377
  C:0208H         LINE#         379
  C:0208H         LINE#         380
  C:0208H         LINE#         381
  C:020BH         LINE#         382
  C:020BH         LINE#         383
  C:0217H         LINE#         384
  C:021AH         LINE#         386
  C:021AH         LINE#         387
  C:021AH         LINE#         389
  C:021AH         LINE#         390
BL51 BANKED LINKER/LOCATER V6.22                                                      08/20/2017  22:57:51  PAGE 29


  C:021AH         LINE#         392
  C:021AH         LINE#         393
  C:021AH         LINE#         394
  C:021DH         LINE#         395
  C:021DH         LINE#         396
  C:0229H         LINE#         397
  C:022CH         LINE#         399
  C:022CH         LINE#         400
  C:022CH         LINE#         402
  C:022CH         LINE#         403
  C:022CH         LINE#         405
  C:022CH         LINE#         406
  C:022CH         LINE#         407
  C:022FH         LINE#         408
  C:022FH         LINE#         409
  C:0232H         LINE#         410
  C:0232H         LINE#         411
  C:0232H         LINE#         412
  C:023EH         LINE#         413
  C:0241H         LINE#         415
  C:0241H         LINE#         416
  C:0241H         LINE#         418
  C:0241H         LINE#         419
  C:0241H         LINE#         421
  C:0241H         LINE#         422
  C:0241H         LINE#         423
  C:0244H         LINE#         424
  C:0244H         LINE#         425
  C:0250H         LINE#         426
  C:0253H         LINE#         428
  C:0259H         LINE#         429
  C:025CH         LINE#         431
  C:0262H         LINE#         432
  C:0265H         LINE#         434
  C:0265H         LINE#         435
  C:0265H         LINE#         436
  C:0268H         LINE#         437
  C:0268H         LINE#         438
  C:0274H         LINE#         439
  C:0277H         LINE#         441
  C:027DH         LINE#         442
  C:0280H         LINE#         444
  C:0280H         LINE#         445
  C:0280H         LINE#         447
  C:0280H         LINE#         448
  C:0280H         LINE#         449
  C:0283H         LINE#         450
  C:0283H         LINE#         451
  C:028FH         LINE#         452
  C:0292H         LINE#         454
  C:0298H         LINE#         455
  C:029BH         LINE#         457
  C:02A1H         LINE#         458
  C:02A4H         LINE#         460
  C:02A4H         LINE#         461
  C:02A4H         LINE#         462
  C:02A7H         LINE#         463
BL51 BANKED LINKER/LOCATER V6.22                                                      08/20/2017  22:57:51  PAGE 30


  C:02A7H         LINE#         464
  C:02B3H         LINE#         465
  C:02B6H         LINE#         467
  C:02BCH         LINE#         468
  C:02BFH         LINE#         470
  C:02BFH         LINE#         471
  C:02BFH         LINE#         473
  C:02BFH         LINE#         474
  C:02BFH         LINE#         475
  C:02C2H         LINE#         476
  C:02C2H         LINE#         477
  C:02CEH         LINE#         478
  C:02D1H         LINE#         480
  C:02D7H         LINE#         481
  C:02DAH         LINE#         483
  C:02E0H         LINE#         484
  C:02E3H         LINE#         486
  C:02E3H         LINE#         487
  C:02E3H         LINE#         488
  C:02E6H         LINE#         489
  C:02E6H         LINE#         490
  C:02F2H         LINE#         491
  C:02F5H         LINE#         493
  C:02FBH         LINE#         494
  C:02FEH         LINE#         496
  C:02FEH         LINE#         497
  C:02FEH         LINE#         499
  C:02FEH         LINE#         500
  C:02FEH         LINE#         501
  C:0301H         LINE#         502
  C:0301H         LINE#         503
  C:030DH         LINE#         504
  C:0310H         LINE#         506
  C:0316H         LINE#         507
  C:0319H         LINE#         509
  C:031FH         LINE#         510
  C:0322H         LINE#         512
  C:0322H         LINE#         513
  C:0322H         LINE#         514
  C:0325H         LINE#         515
  C:0325H         LINE#         516
  C:0331H         LINE#         517
  C:0334H         LINE#         519
  C:033AH         LINE#         520
  C:033DH         LINE#         522
  C:0343H         LINE#         523
  C:0346H         LINE#         525
  C:0346H         LINE#         526
  C:0346H         LINE#         527
  C:0349H         LINE#         528
  C:0349H         LINE#         529
  C:0355H         LINE#         530
  C:0358H         LINE#         532
  C:035EH         LINE#         533
  C:0361H         LINE#         535
  C:0367H         LINE#         536
  C:036AH         LINE#         538
BL51 BANKED LINKER/LOCATER V6.22                                                      08/20/2017  22:57:51  PAGE 31


  C:036AH         LINE#         539
  C:036AH         LINE#         540
  C:036DH         LINE#         541
  C:036DH         LINE#         542
  C:0379H         LINE#         543
  C:037CH         LINE#         545
  C:0382H         LINE#         546
  C:0385H         LINE#         548
  C:038BH         LINE#         549
  C:038EH         LINE#         551
  C:038EH         LINE#         552
  C:038EH         LINE#         553
  C:0391H         LINE#         554
  C:0391H         LINE#         555
  C:039DH         LINE#         556
  C:03A0H         LINE#         558
  C:03A6H         LINE#         559
  C:03A9H         LINE#         561
  C:03AFH         LINE#         562
  C:03B2H         LINE#         564
  C:03B2H         LINE#         565
  C:03B2H         LINE#         566
  C:03B5H         LINE#         567
  C:03B5H         LINE#         568
  C:03C1H         LINE#         569
  C:03C4H         LINE#         571
  C:03CAH         LINE#         572
  C:03CDH         LINE#         574
  C:03D3H         LINE#         575
  C:03D6H         LINE#         577
  C:03D6H         LINE#         578
  C:03D6H         LINE#         579
  C:03D9H         LINE#         580
  C:03D9H         LINE#         581
  C:03E5H         LINE#         582
  C:03E8H         LINE#         584
  C:03EEH         LINE#         585
  C:03F1H         LINE#         587
  C:03F7H         LINE#         588
  C:03FAH         LINE#         590
  C:03FAH         LINE#         591
[...]
  C:2143H         LINE#         194
  C:2145H         LINE#         195
  -------         ENDPROC       _INITIALUART0_TIMER1_TYPE3
  -------         PROC          _INITIALUART0_TIMER1_TYPE4
  D:0004H         SYMBOL        u32Baudrate
  C:2146H         LINE#         200
  C:2146H         LINE#         201
  C:2146H         LINE#         202
  C:2149H         LINE#         203
  C:214CH         LINE#         205
  C:214FH         LINE#         206
BL51 BANKED LINKER/LOCATER V6.22                                                      08/20/2017  22:57:51  PAGE 53


  C:2152H         LINE#         207
  C:2155H         LINE#         210
  C:216DH         LINE#         215
  C:216FH         LINE#         216
  -------         ENDPROC       _INITIALUART0_TIMER1_TYPE4
  -------         PROC          _INITIALUART0_TIMER3_TYPE5
  X:00ACH         SYMBOL        u32Baudrate
  C:1C14H         LINE#         218
  C:1C1AH         LINE#         219
  C:1C1AH         LINE#         220
  C:1C1DH         LINE#         221
  C:1C20H         LINE#         222
  C:1C23H         LINE#         223
  C:1C26H         LINE#         226
  C:1C54H         LINE#         227
  C:1C73H         LINE#         233
  C:1C76H         LINE#         234
  -------         ENDPROC       _INITIALUART0_TIMER3_TYPE5
  -------         PROC          _INITIALUART0_TIMER3_TYPE6
  X:00B0H         SYMBOL        u32Baudrate
  C:1C77H         LINE#         236
  C:1C7DH         LINE#         237
  C:1C7DH         LINE#         238
  C:1C80H         LINE#         239
  C:1C83H         LINE#         240
  C:1C86H         LINE#         241
  C:1C89H         LINE#         244
  C:1CB7H         LINE#         245
  C:1CD6H         LINE#         251
  C:1CD9H         LINE#         252
  -------         ENDPROC       _INITIALUART0_TIMER3_TYPE6
  -------         PROC          _INITIALUART1_TIMER3
  X:00B4H         SYMBOL        u32Baudrate
  C:1DFAH         LINE#         254
  C:1E00H         LINE#         255
  C:1E00H         LINE#         256
  C:1E03H         LINE#         257
  C:1E06H         LINE#         260
  C:1E34H         LINE#         261
  C:1E53H         LINE#         267
  C:1E56H         LINE#         268
  -------         ENDPROC       _INITIALUART1_TIMER3
  -------         PROC          RECEIVE_DATA_FROM_UART0
  -------         DO            
  D:0007H         SYMBOL        c
  -------         ENDDO         
  C:0003H         LINE#         280
  C:0003H         LINE#         283
  C:0006H         LINE#         285
  C:0008H         LINE#         286
  C:000AH         LINE#         287
  C:000AH         LINE#         288
  -------         ENDPROC       RECEIVE_DATA_FROM_UART0
  -------         PROC          _SEND_DATA_TO_UART0
  D:0007H         SYMBOL        c
  C:262FH         LINE#         300
  C:262FH         LINE#         301
BL51 BANKED LINKER/LOCATER V6.22                                                      08/20/2017  22:57:51  PAGE 54


  C:2631H         LINE#         302
  C:2633H         LINE#         303
  C:2636H         LINE#         305
  -------         ENDPROC       _SEND_DATA_TO_UART0
  -------         PROC          RECEIVE_DATA_FROM_UART1
  -------         DO            
  D:0007H         SYMBOL        c
  -------         ENDDO         
  C:2637H         LINE#         317
  C:2637H         LINE#         320
  C:263AH         LINE#         322
  C:263CH         LINE#         323
  C:263EH         LINE#         324
  C:263EH         LINE#         325
  -------         ENDPROC       RECEIVE_DATA_FROM_UART1
  -------         PROC          _SEND_DATA_TO_UART1
  D:0007H         SYMBOL        c
  C:263FH         LINE#         337
  C:263FH         LINE#         338
  C:2641H         LINE#         339
  C:2643H         LINE#         340
  C:2646H         LINE#         342
  -------         ENDPROC       _SEND_DATA_TO_UART1
  -------         PROC          SET_ALL_GPIO_QUASI_MODE
  C:2419H         LINE#         344
  C:2419H         LINE#         345
  C:241CH         LINE#         346
  C:241EH         LINE#         347
  C:2420H         LINE#         348
  C:2422H         LINE#         349
  C:2424H         LINE#         350
  C:2426H         LINE#         351
  C:2428H         LINE#         352
  C:242AH         LINE#         353
  C:242CH         LINE#         354
  C:242EH         LINE#         355
  C:2430H         LINE#         356
  C:2432H         LINE#         357
  -------         ENDPROC       SET_ALL_GPIO_QUASI_MODE
  -------         PROC          SET_ALL_GPIO_INPUT_MODE
  C:2352H         LINE#         359
  C:2352H         LINE#         360
  C:2355H         LINE#         361
  C:2358H         LINE#         362
  C:235BH         LINE#         363
  C:235DH         LINE#         364
  C:2360H         LINE#         365
  C:2362H         LINE#         366
  C:2365H         LINE#         367
  C:2367H         LINE#         368
  C:236AH         LINE#         369
  C:236CH         LINE#         370
  C:236FH         LINE#         371
  C:2371H         LINE#         372
  -------         ENDPROC       SET_ALL_GPIO_INPUT_MODE
  -------         PROC          SW_RESET
  C:2433H         LINE#         375
BL51 BANKED LINKER/LOCATER V6.22                                                      08/20/2017  22:57:51  PAGE 55


  C:2433H         LINE#         376
  C:2436H         LINE#         377
  C:2439H         LINE#         378
  C:244CH         LINE#         380
  -------         ENDPROC       SW_RESET
  -------         PROC          FSYS_CLOCK_OUTPUT_ON_P26
  C:271DH         LINE#         382
  C:271DH         LINE#         383
  C:2720H         LINE#         384
  -------         ENDPROC       FSYS_CLOCK_OUTPUT_ON_P26
  -------         PROC          _PUTCHAR
  D:0007H         SYMBOL        c
  C:001EH         LINE#         393
  C:001EH         LINE#         431
  C:0023H         LINE#         432
  C:0026H         LINE#         433
  C:002BH         LINE#         434
  C:002BH         LINE#         435
  C:002DH         LINE#         436
  C:0030H         LINE#         438
  C:0035H         LINE#         439
  C:0037H         LINE#         440
  C:0037H         LINE#         441
  C:0037H         LINE#         442
  C:003AH         LINE#         444
  C:003CH         LINE#         445
  C:003FH         LINE#         446
  C:003FH         LINE#         447
  C:0042H         LINE#         448
  C:0047H         LINE#         449
  C:0047H         LINE#         450
  C:0049H         LINE#         451
  C:004CH         LINE#         453
  C:0051H         LINE#         454
  C:0053H         LINE#         455
  C:0053H         LINE#         456
  C:0053H         LINE#         457
  C:0056H         LINE#         459
  C:0058H         LINE#         460
  C:005AH         LINE#         462
  -------         ENDPROC       _PUTCHAR
  -------         ENDMOD        COMMON

  -------         MODULE        DELAY
  C:0000H         SYMBOL        _ICE_DUMMY_
  D:0080H         PUBLIC        P0
  D:0090H         PUBLIC        P1
  D:00A0H         PUBLIC        P2
  D:00B0H         PUBLIC        P3
  D:008FH         PUBLIC        WKCON
  D:00D8H         PUBLIC        P5
  D:00A8H         PUBLIC        IE
  D:00B8H         PUBLIC        IP
  C:1EB2H         PUBLIC        _Timer0_Delay1ms
  C:1F0BH         PUBLIC        _Timer1_Delay1ms
  C:1E57H         PUBLIC        _Timer3_Delay1ms
  D:0098H         PUBLIC        SCON
BL51 BANKED LINKER/LOCATER V6.22                                                      08/20/2017  22:57:51  PAGE 56


  D:0089H         PUBLIC        TMOD
  D:0088H         PUBLIC        TCON
  C:19B8H         PUBLIC        _?Random_Delay
  C:2331H         PUBLIC        _Delay10us
  D:00F8H         PUBLIC        SCON_1
  B:0088H.5       PUBLIC        TF0
  B:0088H.7       PUBLIC        TF1
  D:008CH         PUBLIC        TH0
  D:00C6H         PUBLIC        R3H
  D:008DH         PUBLIC        TH1
  D:008AH         PUBLIC        TL0
  C:1CDAH         PUBLIC        _WakeUp_Timer_Delay25ms
  D:00C5H         PUBLIC        R3L
  D:008BH         PUBLIC        TL1
  B:0088H.4       PUBLIC        TR0
  B:0088H.6       PUBLIC        TR1
  D:00E8H         PUBLIC        ADCCON0
  D:00C0H         PUBLIC        I2CON
  D:00C8H         PUBLIC        T2CON
  D:00C4H         PUBLIC        T3CON
  D:008EH         PUBLIC        CKCON
  D:0086H         PUBLIC        RWK
  D:00D0H         PUBLIC        PSW
  -------         PROC          _?RANDOM_DELAY
  -------         DO            
  x:0000H         SYMBOL        u32CNT
  x:0004H         SYMBOL        u32Tmp
  -------         ENDDO         
  C:19B8H         LINE#         36
  C:19BEH         LINE#         37
  C:19BEH         LINE#         41
  C:19E9H         LINE#         42
  C:19E9H         LINE#         43
  C:1A0EH         LINE#         44
  C:1A35H         LINE#         45
  -------         ENDPROC       _?RANDOM_DELAY
  -------         PROC          _DELAY10US
  D:0006H         SYMBOL        u16CNT
  C:2331H         LINE#         47
  C:2331H         LINE#         48
  C:2334H         LINE#         49
  C:2337H         LINE#         50
  C:2339H         LINE#         51
  C:233DH         LINE#         52
  C:2340H         LINE#         53
  C:2343H         LINE#         54
  C:2346H         LINE#         56
  C:2348H         LINE#         57
  C:234DH         LINE#         58
  C:234FH         LINE#         59
  C:2351H         LINE#         60
  -------         ENDPROC       _DELAY10US
  -------         PROC          _TIMER0_DELAY1MS
  X:00B8H         SYMBOL        u32CNT
  C:1EB2H         LINE#         62
  C:1EB8H         LINE#         63
  C:1EBBH         LINE#         64
BL51 BANKED LINKER/LOCATER V6.22                                                      08/20/2017  22:57:51  PAGE 57


  C:1EBEH         LINE#         65
  C:1EC0H         LINE#         66
  C:1ED9H         LINE#         67
  C:1EDCH         LINE#         68
  C:1EDFH         LINE#         69
  C:1EE2H         LINE#         71
  C:1EE4H         LINE#         72
  C:1F06H         LINE#         73
  C:1F08H         LINE#         74
  C:1F0AH         LINE#         75
  -------         ENDPROC       _TIMER0_DELAY1MS
  -------         PROC          _TIMER1_DELAY1MS
  X:00BCH         SYMBOL        u32CNT
  C:1F0BH         LINE#         77
  C:1F11H         LINE#         78
  C:1F14H         LINE#         79
  C:1F17H         LINE#         80
  C:1F19H         LINE#         81
  C:1F32H         LINE#         82
  C:1F35H         LINE#         83
  C:1F38H         LINE#         84
  C:1F3BH         LINE#         86
  C:1F3DH         LINE#         87
  C:1F5FH         LINE#         88
  C:1F61H         LINE#         89
  C:1F63H         LINE#         90
  -------         ENDPROC       _TIMER1_DELAY1MS
  -------         PROC          _TIMER3_DELAY1MS
  X:00C0H         SYMBOL        u32CNT
  C:1E57H         LINE#         92
  C:1E5DH         LINE#         93
  C:1E60H         LINE#         94
  C:1E63H         LINE#         95
  C:1E7CH         LINE#         96
  C:1E7FH         LINE#         97
  C:1E82H         LINE#         98
  C:1E87H         LINE#         100
  C:1E8AH         LINE#         101
  C:1EACH         LINE#         102
  C:1EAEH         LINE#         103
  C:1EB1H         LINE#         104
  -------         ENDPROC       _TIMER3_DELAY1MS
  -------         PROC          _WAKEUP_TIMER_DELAY25MS
  X:00C4H         SYMBOL        u32CNT
  C:1CDAH         LINE#         106
  C:1CE0H         LINE#         107
  C:1CE0H         LINE#         108
  C:1CE3H         LINE#         109
  C:1CE6H         LINE#         110
  C:1CE9H         LINE#         112
  C:1CECH         LINE#         114
  C:1CEFH         LINE#         115
  C:1CF2H         LINE#         116
  C:1D0BH         LINE#         117
  C:1D10H         LINE#         119
  C:1D13H         LINE#         120
  C:1D35H         LINE#         121
BL51 BANKED LINKER/LOCATER V6.22                                                      08/20/2017  22:57:51  PAGE 58


  C:1D37H         LINE#         122
  C:1D3AH         LINE#         123
  -------         ENDPROC       _WAKEUP_TIMER_DELAY25MS
  -------         ENDMOD        DELAY

  -------         MODULE        VERSION
  C:0000H         SYMBOL        _ICE_DUMMY_
  D:0080H         PUBLIC        P0
  D:0090H         PUBLIC        P1
  D:00A0H         PUBLIC        P2
  D:00B0H         PUBLIC        P3
  D:00D8H         PUBLIC        P5
  D:00A8H         PUBLIC        IE
  D:00B8H         PUBLIC        IP
  D:0098H         PUBLIC        SCON
  D:0088H         PUBLIC        TCON
  D:00F8H         PUBLIC        SCON_1
  C:1D9BH         PUBLIC        Show_FW_Version_Number_To_PC
  D:00E8H         PUBLIC        ADCCON0
  D:00C0H         PUBLIC        I2CON
  D:00C8H         PUBLIC        T2CON
  D:00D0H         PUBLIC        PSW
  -------         PROC          SHOW_FW_VERSION_NUMBER_TO_PC
  C:1D9BH         LINE#         32
  C:1D9BH         LINE#         33
  C:1D9BH         LINE#         34
  C:1DA4H         LINE#         35
  C:1DADH         LINE#         36
  C:1DB6H         LINE#         37
  C:1DD0H         LINE#         38
  C:1DF1H         LINE#         39
  -------         ENDPROC       SHOW_FW_VERSION_NUMBER_TO_PC
  -------         ENDMOD        VERSION

  -------         MODULE        ?C_STARTUP
  C:191EH         SEGMENT       ?C_C51STARTUP
  I:0092H         SEGMENT       ?STACK
  C:0000H         PUBLIC        ?C_STARTUP
  D:00E0H         SYMBOL        ACC
  D:00F0H         SYMBOL        B
  D:0083H         SYMBOL        DPH
  D:0082H         SYMBOL        DPL
  N:0000H         SYMBOL        IBPSTACK
  N:0100H         SYMBOL        IBPSTACKTOP
  N:0080H         SYMBOL        IDATALEN
  C:1921H         SYMBOL        IDATALOOP
  N:0000H         SYMBOL        PBPSTACK
  N:0000H         SYMBOL        PBPSTACKTOP
  N:0000H         SYMBOL        PDATALEN
  N:0000H         SYMBOL        PDATASTART
  N:0000H         SYMBOL        PPAGE
  N:0000H         SYMBOL        PPAGEENABLE
  D:00A0H         SYMBOL        PPAGE_SFR
  D:0081H         SYMBOL        SP
  C:191EH         SYMBOL        STARTUP1
  N:0000H         SYMBOL        XBPSTACK
  N:0000H         SYMBOL        XBPSTACKTOP
BL51 BANKED LINKER/LOCATER V6.22                                                      08/20/2017  22:57:51  PAGE 59


  N:00FFH         SYMBOL        XDATALEN
  C:192CH         SYMBOL        XDATALOOP
  N:0000H         SYMBOL        XDATASTART
  C:0000H         LINE#         92
  C:191EH         LINE#         99
  C:1920H         LINE#         100
  C:1921H         LINE#         101
  C:1922H         LINE#         102
  C:1924H         LINE#         106
  C:1927H         LINE#         107
  C:1929H         LINE#         109
  C:192BH         LINE#         113
  C:192CH         LINE#         114
  C:192DH         LINE#         115
  C:192EH         LINE#         116
  C:1930H         LINE#         117
  C:1932H         LINE#         151
  C:1935H         LINE#         155
  -------         ENDMOD        ?C_STARTUP

  -------         MODULE        ?C?COPY
  C:098CH         PUBLIC        ?C?COPY
  -------         ENDMOD        ?C?COPY

  -------         MODULE        ?C?CLDOPTR
  C:09B2H         PUBLIC        ?C?CLDOPTR
  -------         ENDMOD        ?C?CLDOPTR

  -------         MODULE        ?C?CILDOPTR
  C:09DFH         PUBLIC        ?C?CILDOPTR
  -------         ENDMOD        ?C?CILDOPTR

  -------         MODULE        ?C?CSTPTR
  C:0A12H         PUBLIC        ?C?CSTPTR
  -------         ENDMOD        ?C?CSTPTR

  -------         MODULE        ?C?CSTOPTR
  C:0A24H         PUBLIC        ?C?CSTOPTR
  -------         ENDMOD        ?C?CSTOPTR

  -------         MODULE        ?C?IILDX
  C:0A46H         PUBLIC        ?C?IILDX
  -------         ENDMOD        ?C?IILDX

  -------         MODULE        ?C?ILDOPTR
  C:0A5CH         PUBLIC        ?C?ILDOPTR
  -------         ENDMOD        ?C?ILDOPTR

  -------         MODULE        ?C?IILDOPTR
  C:0A94H         PUBLIC        ?C?IILDOPTR
  -------         ENDMOD        ?C?IILDOPTR

  -------         MODULE        ?C?ISTOPTR
  C:0AE1H         PUBLIC        ?C?ISTOPTR
  -------         ENDMOD        ?C?ISTOPTR

  -------         MODULE        ?C?ULDIV
BL51 BANKED LINKER/LOCATER V6.22                                                      08/20/2017  22:57:51  PAGE 60


  C:0B4AH         PUBLIC        ?C?ULDIV
  -------         ENDMOD        ?C?ULDIV

  -------         MODULE        ?C?ULCMP
  C:0BDCH         PUBLIC        ?C?ULCMP
  -------         ENDMOD        ?C?ULCMP

  -------         MODULE        ?C?ULSHR
  C:0BEDH         PUBLIC        ?C?ULSHR
  -------         ENDMOD        ?C?ULSHR

  -------         MODULE        ?C?LSTXDATA
  C:0C00H         PUBLIC        ?C?LSTXDATA
  -------         ENDMOD        ?C?LSTXDATA

  -------         MODULE        ?C?LSTKXDATA
  C:0C0CH         PUBLIC        ?C?LSTKXDATA
  -------         ENDMOD        ?C?LSTKXDATA

  -------         MODULE        ?C?PLDPTR
  C:0C3DH         PUBLIC        ?C?PLDPTR
  -------         ENDMOD        ?C?PLDPTR

  -------         MODULE        ?C?CCASE
  C:0C5DH         PUBLIC        ?C?CCASE
  -------         ENDMOD        ?C?CCASE

  -------         MODULE        ?C?ICALL
  C:0C83H         PUBLIC        ?C?ICALL
  C:0C87H         PUBLIC        ?C?ICALL2
  -------         ENDMOD        ?C?ICALL

  -------         MODULE        ?C_XBP
  D:000DH         PUBLIC        ?C_XBP
  -------         ENDMOD        ?C_XBP

  -------         MODULE        ?C?ADDXBP
  C:0C89H         PUBLIC        ?C?ADDXBP
  -------         ENDMOD        ?C?ADDXBP

  -------         MODULE        ?C?XBPOFF
  C:0CADH         PUBLIC        ?C?XBPOFF
  -------         ENDMOD        ?C?XBPOFF

  -------         MODULE        PRINTF
  X:0004H         PUBLIC        ?_PRINTF517?BYTE
  X:0004H         PUBLIC        ?_PRINTF?BYTE
  X:0004H         PUBLIC        ?_SPRINTF517?BYTE
  X:0004H         PUBLIC        ?_SPRINTF?BYTE
  C:0D85H         PUBLIC        _PRINTF
  C:0D85H         PUBLIC        _PRINTF517
  C:0D7FH         PUBLIC        _SPRINTF
  C:0D7FH         PUBLIC        _SPRINTF517
  -------         ENDMOD        PRINTF

  -------         MODULE        STRLEN
  C:2466H         PUBLIC        _STRLEN
BL51 BANKED LINKER/LOCATER V6.22                                                      08/20/2017  22:57:51  PAGE 61


  -------         ENDMOD        STRLEN

  -------         MODULE        ?C?CLDPTR
  C:0CBAH         PUBLIC        ?C?CLDPTR
  -------         ENDMOD        ?C?CLDPTR

  -------         MODULE        ?C?PLDIDATA
  C:0CD3H         PUBLIC        ?C?PLDIDATA
  -------         ENDMOD        ?C?PLDIDATA

  -------         MODULE        ?C?PLDXDATA
  C:0CDCH         PUBLIC        ?C?PLDXDATA
  -------         ENDMOD        ?C?PLDXDATA

  -------         MODULE        ?C?PLDIXDATA
  C:0CE5H         PUBLIC        ?C?PLDIXDATA
  -------         ENDMOD        ?C?PLDIXDATA

  -------         MODULE        ?C?PSTXDATA
  C:0CFCH         PUBLIC        ?C?PSTXDATA
  -------         ENDMOD        ?C?PSTXDATA

  -------         MODULE        ?C?PLDPDATA
  C:0D05H         PUBLIC        ?C?PLDPDATA
  -------         ENDMOD        ?C?PLDPDATA

  -------         MODULE        ?C?PLDCODE
  C:0D0EH         PUBLIC        ?C?PLDCODE
  -------         ENDMOD        ?C?PLDCODE

Program Size: data=135.6 xdata=202 code=10046
LINK/LOCATE RUN COMPLETE.  0 WARNING(S),  0 ERROR(S)
