BL51 BANKED LINKER/LOCATER V6.22                                                        09/17/2017  10:10:00  PAGE 1


BL51 BANKED LINKER/LOCATER V6.22, INVOKED BY:
C:\KEIL_V5\C51\BIN\BL51.EXE .\Out\Objects\main.obj, .\Out\Objects\app_key.obj, .\Out\Objects\app_work.obj, .\Out\Objects
>> \app_repeat_exe.obj, .\Out\Objects\app_2d4.obj, .\Out\Objects\app_lcd.obj, .\Out\Objects\bsp.obj, .\Out\Objects\bsp_k
>> ey.obj, .\Out\Objects\bsp_display.obj, .\Out\Objects\bsp_timer0.obj, .\Out\Objects\bsp_adc.obj, .\Out\Objects\bsp_key
>> Bright.obj, .\Out\Objects\bsp_lcdBright.obj, .\Out\Objects\bsp_2d4.obj, .\Out\Objects\Common.obj, .\Out\Objects\Delay
>> .obj, .\Out\Objects\Version.obj, .\Out\Objects\STARTUP.obj TO .\Out\Objects\project PRINT (.\Out\Listings\project.m51
>> ) RAMSIZE (256) DISABLEWARNING (16)


MEMORY MODEL: LARGE


INPUT MODULES INCLUDED:
  .\Out\Objects\main.obj (MAIN)
  .\Out\Objects\app_key.obj (APP_KEY)
  .\Out\Objects\app_work.obj (APP_WORK)
  .\Out\Objects\app_repeat_exe.obj (APP_REPEAT_EXE)
  .\Out\Objects\app_2d4.obj (APP_2D4)
  .\Out\Objects\app_lcd.obj (APP_LCD)
  .\Out\Objects\bsp.obj (BSP)
  .\Out\Objects\bsp_key.obj (BSP_KEY)
  .\Out\Objects\bsp_display.obj (BSP_DISPLAY)
  .\Out\Objects\bsp_timer0.obj (BSP_TIMER0)
  .\Out\Objects\bsp_adc.obj (BSP_ADC)
  .\Out\Objects\bsp_keyBright.obj (BSP_KEYBRIGHT)
  .\Out\Objects\bsp_lcdBright.obj (BSP_LCDBRIGHT)
  .\Out\Objects\bsp_2d4.obj (BSP_2D4)
  .\Out\Objects\Common.obj (COMMON)
  .\Out\Objects\Delay.obj (DELAY)
  .\Out\Objects\Version.obj (VERSION)
  .\Out\Objects\STARTUP.obj (?C_STARTUP)
  C:\KEIL_V5\C51\LIB\C51L.LIB (?C_INIT)
  C:\KEIL_V5\C51\LIB\C51L.LIB (?C?COPY)
  C:\KEIL_V5\C51\LIB\C51L.LIB (?C?CLDPTR)
  C:\KEIL_V5\C51\LIB\C51L.LIB (?C?CLDOPTR)
  C:\KEIL_V5\C51\LIB\C51L.LIB (?C?CILDOPTR)
  C:\KEIL_V5\C51\LIB\C51L.LIB (?C?CSTOPTR)
  C:\KEIL_V5\C51\LIB\C51L.LIB (?C?UIDIV)
  C:\KEIL_V5\C51\LIB\C51L.LIB (?C?IILDX)
  C:\KEIL_V5\C51\LIB\C51L.LIB (?C?ILDOPTR)
  C:\KEIL_V5\C51\LIB\C51L.LIB (?C?IILDOPTR)
  C:\KEIL_V5\C51\LIB\C51L.LIB (?C?ISTOPTR)
  C:\KEIL_V5\C51\LIB\C51L.LIB (?C?ULDIV)
  C:\KEIL_V5\C51\LIB\C51L.LIB (?C?ULCMP)
  C:\KEIL_V5\C51\LIB\C51L.LIB (?C?ULSHR)
  C:\KEIL_V5\C51\LIB\C51L.LIB (?C?LSTXDATA)
  C:\KEIL_V5\C51\LIB\C51L.LIB (?C?LSTKXDATA)
  C:\KEIL_V5\C51\LIB\C51L.LIB (?C?PLDPTR)
  C:\KEIL_V5\C51\LIB\C51L.LIB (?C?CCASE)
  C:\KEIL_V5\C51\LIB\C51L.LIB (?C?ICALL)
  C:\KEIL_V5\C51\LIB\C51L.LIB (?C_XBP)
  C:\KEIL_V5\C51\LIB\C51L.LIB (?C?ADDXBP)
  C:\KEIL_V5\C51\LIB\C51L.LIB (?C?XBPOFF)
  C:\KEIL_V5\C51\LIB\C51L.LIB (PRINTF)
  C:\KEIL_V5\C51\LIB\C51L.LIB (?C?STRCPY)
  C:\KEIL_V5\C51\LIB\C51L.LIB (STRLEN)
  C:\KEIL_V5\C51\LIB\C51L.LIB (?C?MEMSET)
  C:\KEIL_V5\C51\LIB\C51L.LIB (?C?CSTPTR)
BL51 BANKED LINKER/LOCATER V6.22                                                      09/17/2017  10:10:00  PAGE 2


  C:\KEIL_V5\C51\LIB\C51L.LIB (?C?PLDIDATA)
  C:\KEIL_V5\C51\LIB\C51L.LIB (?C?PLDXDATA)
  C:\KEIL_V5\C51\LIB\C51L.LIB (?C?PLDIXDATA)
  C:\KEIL_V5\C51\LIB\C51L.LIB (?C?PSTXDATA)
  C:\KEIL_V5\C51\LIB\C51L.LIB (?C?PLDPDATA)
  C:\KEIL_V5\C51\LIB\C51L.LIB (?C?PLDCODE)


LINK MAP OF MODULE:  .\Out\Objects\project (MAIN)


            TYPE    BASE      LENGTH    RELOCATION   SEGMENT NAME
            -----------------------------------------------------

            * * * * * * *   D A T A   M E M O R Y   * * * * * * *
            REG     0000H     0008H     ABSOLUTE     "REG BANK 0"
            DATA    0008H     0005H     UNIT         _DATA_GROUP_
            DATA    000DH     0002H     UNIT         ?C?LIB_DATA
            IDATA   000FH     0006H     UNIT         ?ID?APP_WORK
            IDATA   0015H     0005H     UNIT         ?ID?BSP_ADC
                    001AH     0006H                  *** GAP ***
            BIT     0020H.0   0001H.1   UNIT         _BIT_GROUP_
            BIT     0021H.1   0000H.1   UNIT         ?BI?BSP
                    0021H.2   0000H.6                *** GAP ***
            IDATA   0022H     007BH     UNIT         ?ID?BSP_KEY
            IDATA   009DH     0021H     UNIT         ?ID?APP_2D4
            IDATA   00BEH     0001H     UNIT         ?STACK

            * * * * * * *  X D A T A   M E M O R Y  * * * * * * *
            XDATA   0000H     0042H     UNIT         _XDATA_GROUP_
            XDATA   0042H     0013H     UNIT         ?XD?_RF_CARRIER?BSP_2D4
            XDATA   0055H     0012H     UNIT         ?XD?MAIN
            XDATA   0067H     0012H     UNIT         ?XD?APP_REPEAT_EXE
            XDATA   0079H     0010H     UNIT         ?XD?APP_2D4
            XDATA   0089H     0010H     UNIT         ?XD?APP_LCD
            XDATA   0099H     000BH     UNIT         ?XD?BSP_TIMER0
            XDATA   00A4H     0007H     UNIT         ?XD?BSP_KEY
            XDATA   00ABH     0005H     UNIT         ?XD?BSP_2D4
            XDATA   00B0H     0004H     UNIT         ?XD?_INITIALUART0_TIMER3_TYPE5?COMMON
            XDATA   00B4H     0004H     UNIT         ?XD?_INITIALUART0_TIMER3_TYPE6?COMMON
            XDATA   00B8H     0004H     UNIT         ?XD?_INITIALUART1_TIMER3?COMMON
            XDATA   00BCH     0004H     UNIT         ?XD?_TIMER0_DELAY1MS?DELAY
            XDATA   00C0H     0004H     UNIT         ?XD?_TIMER1_DELAY1MS?DELAY
            XDATA   00C4H     0004H     UNIT         ?XD?_TIMER3_DELAY1MS?DELAY
            XDATA   00C8H     0004H     UNIT         ?XD?_WAKEUP_TIMER_DELAY25MS?DELAY

            * * * * * * *   C O D E   M E M O R Y   * * * * * * *
            CODE    0000H     0003H     ABSOLUTE     
            CODE    0003H     0008H     UNIT         ?CO?APP_LCD
            CODE    000BH     0003H     ABSOLUTE     
            CODE    000EH     004DH     UNIT         ?PR?APP_2D4_PRO?APP_2D4
            CODE    005BH     0003H     ABSOLUTE     
            CODE    005EH     08FAH     UNIT         ?PR?_LCD_SHOWCHAR?BSP_DISPLAY
            CODE    0958H     0746H     UNIT         ?PR?_APP_2D4_RCV?APP_2D4
            CODE    109EH     05C8H     UNIT         ?C?LIB_CODE
            CODE    1666H     044FH     UNIT         ?PR?_APP_KEY_PRO?APP_KEY
            CODE    1AB5H     0365H     UNIT         ?PR?PRINTF?PRINTF
BL51 BANKED LINKER/LOCATER V6.22                                                      09/17/2017  10:10:00  PAGE 3


            CODE    1E1AH     0154H     UNIT         ?PR?_BSP_DETECTKEY?BSP_KEY
            CODE    1F6EH     0145H     UNIT         ?PR?_SYSTEM_CLOCK_SELECT?COMMON
            CODE    20B3H     012EH     UNIT         ?PR?RF_INIT?BSP_2D4
            CODE    21E1H     0112H     UNIT         ?CO?VERSION
            CODE    22F3H     00E4H     UNIT         ?PR?_LCD_CLEAR_MI?BSP_DISPLAY
            CODE    23D7H     00E3H     UNIT         ?PR?_RF_CARRIER?BSP_2D4
            CODE    24BAH     00DFH     UNIT         ?CO?APP_2D4
            CODE    2599H     00B5H     UNIT         ?PR?REPEAT_PRO?APP_REPEAT_EXE
            CODE    264EH     00B0H     UNIT         ?PR?BSP_INITKEYVAR?BSP_KEY
            CODE    26FEH     00A2H     UNIT         ?PR?_LCD_SHOWSTRING?BSP_DISPLAY
            CODE    27A0H     009AH     UNIT         ?C_C51STARTUP
            CODE    283AH     008FH     UNIT         ?PR?MAIN?MAIN
            CODE    28C9H     0083H     UNIT         ?C_INITSEG
            CODE    294CH     0083H     UNIT         ?PR?_?RANDOM_DELAY?DELAY
            CODE    29CFH     0079H     UNIT         ?PR?TIMER0_ISR?BSP_TIMER0
            CODE    2A48H     0067H     UNIT         ?PR?_ISKEYDOWN?BSP_KEY
            CODE    2AAFH     0063H     UNIT         ?PR?_INITIALUART0_TIMER3_TYPE5?COMMON
            CODE    2B12H     0063H     UNIT         ?PR?_INITIALUART0_TIMER3_TYPE6?COMMON
            CODE    2B75H     0061H     UNIT         ?PR?_WAKEUP_TIMER_DELAY25MS?DELAY
            CODE    2BD6H     005FH     UNIT         ?PR?SHOW_FW_VERSION_NUMBER_TO_PC?VERSION
            CODE    2C35H     005DH     UNIT         ?PR?_INITIALUART1_TIMER3?COMMON
            CODE    2C92H     005CH     UNIT         ?PR?ADC_ISR?MAIN
            CODE    2CEEH     005BH     UNIT         ?PR?_TIMER3_DELAY1MS?DELAY
            CODE    2D49H     0059H     UNIT         ?PR?_TIMER0_DELAY1MS?DELAY
            CODE    2DA2H     0059H     UNIT         ?PR?_TIMER1_DELAY1MS?DELAY
            CODE    2DFBH     0051H     UNIT         ?PR?_APP_2D4_SEND?APP_2D4
            CODE    2E4CH     0043H     UNIT         ?PR?_RF_WRITEBUF?BSP_2D4
            CODE    2E8FH     0043H     UNIT         ?PR?_RF_TXDATA?BSP_2D4
            CODE    2ED2H     003FH     UNIT         ?PR?_RF_READBUF?BSP_2D4
            CODE    2F11H     003DH     UNIT         ?PR?VOL_RESP?APP_2D4
            CODE    2F4EH     003DH     UNIT         ?PR?_PUTCHAR?COMMON
            CODE    2F8BH     0036H     UNIT         ?PR?LCD_DISPLAY_INITHARD?BSP_DISPLAY
            CODE    2FC1H     0033H     UNIT         ?PR?ADC_INIT?BSP_ADC
            CODE    2FF4H     0032H     UNIT         ?PR?_REPEAT_START?APP_REPEAT_EXE
            CODE    3026H     0032H     UNIT         ?PR?USB_TRACK_SHOW_LCD_RESP?APP_2D4
            CODE    3058H     0030H     UNIT         ?PR?FM_STATION_SHOW_LCD_RESP?APP_2D4
            CODE    3088H     002AH     UNIT         ?PR?_INITIALUART0_TIMER1_TYPE3?COMMON
            CODE    30B2H     002AH     UNIT         ?PR?_INITIALUART0_TIMER1_TYPE4?COMMON
            CODE    30DCH     0029H     UNIT         ?PR?_UCRF_DUMPRXDATA?BSP_2D4
            CODE    3105H     0029H     UNIT         ?PR?_INITIALUART0_TIMER1_TYPE1?COMMON
            CODE    312EH     0028H     UNIT         ?PR?_INITIALUART0_TIMER1_TYPE2?COMMON
            CODE    3156H     0026H     UNIT         ?PR?TIMER0_PARAMINIT?BSP_TIMER0
            CODE    317CH     0026H     UNIT         ?PR?RF_RXMODE?BSP_2D4
            CODE    31A2H     0025H     UNIT         ?PR?APP_2D4_INIT?APP_2D4
            CODE    31C7H     0024H     UNIT         ?PR?_BSP_SETKEYPARAM?BSP_KEY
            CODE    31EBH     0024H     UNIT         ?CO?BSP_2D4
            CODE    320FH     0023H     UNIT         ?PR?TIMER0_INITHARD?BSP_TIMER0
            CODE    3232H     0023H     UNIT         ?PR?_SPI_WR?BSP_2D4
            CODE    3255H     0021H     UNIT         ?PR?_APP_LCD_DEFAULT_STRING_SET?APP_LCD
            CODE    3276H     0021H     UNIT         ?PR?ADC_START?BSP_ADC
            CODE    3297H     0021H     UNIT         ?PR?_DELAY10US?DELAY
            CODE    32B8H     0020H     UNIT         ?PR?SET_ALL_GPIO_INPUT_MODE?COMMON
            CODE    32D8H     001DH     UNIT         ?PR?_SPI_WW?BSP_2D4
            CODE    32F5H     001CH     UNIT         ?PR?BSP_GETKEY?BSP_KEY
            CODE    3311H     001CH     UNIT         ?PR?BSP_GETKEY2?BSP_KEY
            CODE    332DH     001BH     UNIT         ?PR?BSP_INIT?BSP
            CODE    3348H     001BH     UNIT         ?PR?BSP_KEYSCAN?BSP_KEY
BL51 BANKED LINKER/LOCATER V6.22                                                      09/17/2017  10:10:00  PAGE 4


            CODE    3363H     001AH     UNIT         ?PR?SET_ALL_GPIO_QUASI_MODE?COMMON
            CODE    337DH     001AH     UNIT         ?PR?SW_RESET?COMMON
            CODE    3397H     0019H     UNIT         ?PR?UCSPI_READ?BSP_2D4
            CODE    33B0H     0018H     UNIT         ?PR?APP_LCD_INIT?APP_LCD
            CODE    33C8H     0016H     UNIT         ?PR?SPEAKER_STATUS_RESP?APP_2D4
            CODE    33DEH     0016H     UNIT         ?PR?RELAY_STATUS_RESP?APP_2D4
            CODE    33F4H     0015H     UNIT         ?PR?_STRLEN?STRLEN
            CODE    3409H     0014H     UNIT         ?PR?REPEAT_STOP?APP_REPEAT_EXE
            CODE    341DH     0014H     UNIT         ?PR?_BSP_PUTKEY?BSP_KEY
            CODE    3431H     0013H     UNIT         ?PR?WIRELESS2D4_INITHARD?BSP_2D4
            CODE    3444H     0013H     UNIT         ?PR?_RF_WRITEREG?BSP_2D4
            CODE    3457H     0013H     UNIT         ?PR?_UCRF_READREG?BSP_2D4
            CODE    346AH     0012H     UNIT         ?PR?FM_SCANNING_SHOW_LCD_RESP?APP_2D4
            CODE    347CH     0012H     UNIT         ?PR?ISKEYDOWN_1AND6?BSP_KEY
            CODE    348EH     0010H     UNIT         ?PR?REPEAT_START_EXE?APP_REPEAT_EXE
            CODE    349EH     0010H     UNIT         ?PR?REPEAT_STOP_EXE?APP_REPEAT_EXE
            CODE    34AEH     000FH     UNIT         ?PR?CLEAR_LCD_RESP?APP_2D4
            CODE    34BDH     000FH     UNIT         ?PR?USB_PAUSE_SHOW_LCD_RESP?APP_2D4
            CODE    34CCH     000FH     UNIT         ?PR?BT_NEXT_SHOW_LCD_RESP?APP_2D4
            CODE    34DBH     000FH     UNIT         ?PR?BT_PREV_SHOW_LCD_RESP?APP_2D4
            CODE    34EAH     000FH     UNIT         ?PR?LED_SHOW_BLINK_NAME_SHOW_LCD_RESP?APP_2D4
            CODE    34F9H     000FH     UNIT         ?PR?LED_CLEAR_BLINK_NAME_SHOW_LCD_RESP?APP_2D4
            CODE    3508H     000FH     UNIT         ?PR?APP_LCD_PRO?APP_LCD
            CODE    3517H     000FH     UNIT         ?PR?ISKEYDOWN2?BSP_KEY
            CODE    3526H     000FH     UNIT         ?PR?ISKEYDOWN3?BSP_KEY
            CODE    3535H     000FH     UNIT         ?PR?ISKEYDOWN4?BSP_KEY
            CODE    3544H     000FH     UNIT         ?PR?ISKEYDOWN8?BSP_KEY
            CODE    3553H     000FH     UNIT         ?PR?ISKEYDOWN9?BSP_KEY
            CODE    3562H     000FH     UNIT         ?PR?RF_TXMODE?BSP_2D4
            CODE    3571H     000EH     UNIT         ?PR?ISKEYDOWN5?BSP_KEY
            CODE    357FH     000EH     UNIT         ?PR?_RF_SETCHANNEL?BSP_2D4
            CODE    358DH     000DH     UNIT         ?PR?LCD_CLEAR_ALL?BSP_DISPLAY
            CODE    359AH     000DH     UNIT         ?PR?LCD_CLEAR_MI_ALL?BSP_DISPLAY
            CODE    35A7H     000CH     UNIT         ?PR?_REPEAT_SETSTART?APP_REPEAT_EXE
            CODE    35B3H     000CH     UNIT         ?PR?_REPEAT_SETSTOP?APP_REPEAT_EXE
            CODE    35BFH     000CH     UNIT         ?PR?RF_CLEARFIFO?BSP_2D4
            CODE    35CBH     000BH     UNIT         ?PR?_BSP_GETKEYSTATE?BSP_KEY
            CODE    35D6H     000AH     UNIT         ?PR?APP_REPEAT_ISENABLE?APP_REPEAT_EXE
            CODE    35E0H     000AH     UNIT         ?PR?UCRF_GETSTATUS?BSP_2D4
            CODE    35EAH     0009H     UNIT         ?PR?BT_PAUSE_SHOW_LCD_RESP?APP_2D4
            CODE    35F3H     0009H     UNIT         ?PR?BT_PLAY_SHOW_LCD_RESP?APP_2D4
            CODE    35FCH     0009H     UNIT         ?PR?AUX_MUTE_SHOW_LCD_RESP?APP_2D4
            CODE    3605H     0009H     UNIT         ?PR?AUX_PLAY_SHOW_LCD_RESP?APP_2D4
            CODE    360EH     0009H     UNIT         ?PR?ISKEYDOWN1?BSP_KEY
            CODE    3617H     0009H     UNIT         ?PR?KEY_BRIGHT_INITHARD?BSP_KEYBRIGHT
            CODE    3620H     0009H     UNIT         ?PR?LCD_BRIGHT_INITHARD?BSP_LCDBRIGHT
            CODE    3629H     0008H     UNIT         ?PR?RECEIVE_DATA_FROM_UART0?COMMON
            CODE    3631H     0008H     UNIT         ?PR?_SEND_DATA_TO_UART0?COMMON
            CODE    3639H     0008H     UNIT         ?PR?RECEIVE_DATA_FROM_UART1?COMMON
            CODE    3641H     0008H     UNIT         ?PR?_SEND_DATA_TO_UART1?COMMON
            CODE    3649H     0007H     UNIT         ?CO?MAIN
            CODE    3650H     0007H     UNIT         ?PR?BSP_INITKEYHARD?BSP_KEY
            CODE    3657H     0007H     UNIT         ?PR?LCD_CLEAR_LED_ICO?BSP_DISPLAY
            CODE    365EH     0007H     UNIT         ?PR?LCD_SHOW_LED_ICO?BSP_DISPLAY
            CODE    3665H     0007H     UNIT         ?PR?LCD_CLEAR_FM_ICO?BSP_DISPLAY
            CODE    366CH     0007H     UNIT         ?PR?LCD_SHOW_FM_ICO?BSP_DISPLAY
            CODE    3673H     0007H     UNIT         ?PR?LCD_CLEAR_BLUETOOTH_ICO?BSP_DISPLAY
BL51 BANKED LINKER/LOCATER V6.22                                                      09/17/2017  10:10:00  PAGE 5


            CODE    367AH     0007H     UNIT         ?PR?LCD_SHOW_BLUETOOTH_ICO?BSP_DISPLAY
            CODE    3681H     0007H     UNIT         ?PR?LCD_CLEAR_AUX_ICO?BSP_DISPLAY
            CODE    3688H     0007H     UNIT         ?PR?LCD_SHOW_AUX_ICO?BSP_DISPLAY
            CODE    368FH     0007H     UNIT         ?PR?LCD_CLEAR_USB_ICO?BSP_DISPLAY
            CODE    3696H     0007H     UNIT         ?PR?LCD_SHOW_USB_ICO?BSP_DISPLAY
            CODE    369DH     0007H     UNIT         ?PR?LCD_CLEAR_MHZ_ICO?BSP_DISPLAY
            CODE    36A4H     0007H     UNIT         ?PR?LCD_SHOW_MHZ_ICO?BSP_DISPLAY
            CODE    36ABH     0007H     UNIT         ?PR?LCD_CLEAR_BAZOOKA_ICO?BSP_DISPLAY
            CODE    36B2H     0007H     UNIT         ?PR?LCD_SHOW_BAZOOKA_ICO?BSP_DISPLAY
            CODE    36B9H     0007H     UNIT         ?PR?LCD_CLEAR_UPCOLON_ICO?BSP_DISPLAY
            CODE    36C0H     0007H     UNIT         ?PR?LCD_SHOW_UPCOLON_ICO?BSP_DISPLAY
            CODE    36C7H     0007H     UNIT         ?PR?LCD_CLEAR_DOWNCOLON_ICO?BSP_DISPLAY
            CODE    36CEH     0007H     UNIT         ?PR?LCD_SHOW_DOWNCOLON_ICO?BSP_DISPLAY
            CODE    36D5H     0007H     UNIT         ?PR?RF_CLEARSTATUS?BSP_2D4
            CODE    36DCH     0006H     UNIT         ?PR?ISKEYDOWN6?BSP_KEY
            CODE    36E2H     0006H     UNIT         ?PR?ISKEYDOWN7?BSP_KEY
            CODE    36E8H     0006H     UNIT         ?PR?BSP_INITKEY?BSP_KEY
            CODE    36EEH     0006H     UNIT         ?PR?BSP_CLEARKEY?BSP_KEY
            CODE    36F4H     0006H     UNIT         ?PR?LCD_CLEAR_COLON_ICO?BSP_DISPLAY
            CODE    36FAH     0006H     UNIT         ?PR?LCD_SHOW_COLON_ICO?BSP_DISPLAY
            CODE    3700H     0006H     UNIT         ?PR?UCRF_GETRSSI?BSP_2D4
            CODE    3706H     0004H     UNIT         ?PR?FSYS_CLOCK_OUTPUT_ON_P26?COMMON
            CODE    370AH     0003H     UNIT         ?PR?APP_WORK_INIT?APP_WORK
            CODE    370DH     0003H     UNIT         ?PR?KEY_BRIGHT_OFF?BSP_KEYBRIGHT
            CODE    3710H     0003H     UNIT         ?PR?KEY_BRIGHT_ON?BSP_KEYBRIGHT
            CODE    3713H     0003H     UNIT         ?PR?KEY_BRIGHT_TOGGLE?BSP_KEYBRIGHT
            CODE    3716H     0003H     UNIT         ?PR?LCD_BRIGHT_OFF?BSP_LCDBRIGHT
            CODE    3719H     0003H     UNIT         ?PR?LCD_BRIGHT_ON?BSP_LCDBRIGHT
            CODE    371CH     0001H     UNIT         ?PR?APP_WORK_1S_PRO?APP_WORK
            CODE    371DH     0001H     UNIT         ?PR?APP_WORK_100MS_PRO?APP_WORK
            CODE    371EH     0001H     UNIT         ?PR?APP_WORK_PRO?APP_WORK
            CODE    371FH     0001H     UNIT         ?PR?SPI_INIT?BSP_2D4



OVERLAY MAP OF MODULE:   .\Out\Objects\project (MAIN)


SEGMENT                                             BIT_GROUP          DATA_GROUP          XDATA_GROUP
  +--> CALLED SEGMENT                            START    LENGTH     START    LENGTH     START    LENGTH
--------------------------------------------------------------------------------------------------------
?C_C51STARTUP                                    -----    -----      -----    -----      -----    -----
  +--> ?PR?MAIN?MAIN
  +--> ?C_INITSEG

?PR?MAIN?MAIN                                    -----    -----      -----    -----      0000H    0002H
  +--> ?PR?_SYSTEM_CLOCK_SELECT?COMMON
  +--> ?PR?BSP_INIT?BSP
  +--> ?PR?APP_2D4_INIT?APP_2D4
  +--> ?PR?APP_LCD_INIT?APP_LCD
  +--> ?PR?APP_WORK_INIT?APP_WORK
  +--> ?PR?ADC_START?BSP_ADC
  +--> ?PR?BSP_KEYSCAN?BSP_KEY
  +--> ?PR?REPEAT_PRO?APP_REPEAT_EXE
  +--> ?PR?APP_LCD_PRO?APP_LCD
  +--> ?CO?MAIN
  +--> ?PR?PRINTF?PRINTF
BL51 BANKED LINKER/LOCATER V6.22                                                      09/17/2017  10:10:00  PAGE 6


  +--> ?PR?APP_2D4_PRO?APP_2D4
  +--> ?PR?BSP_GETKEY?BSP_KEY
  +--> ?PR?_APP_KEY_PRO?APP_KEY

?PR?BSP_INIT?BSP                                 -----    -----      -----    -----      -----    -----
  +--> ?PR?SET_ALL_GPIO_INPUT_MODE?COMMON
  +--> ?PR?LCD_DISPLAY_INITHARD?BSP_DISPLAY
  +--> ?PR?ADC_INIT?BSP_ADC
  +--> ?PR?BSP_INITKEY?BSP_KEY
  +--> ?PR?KEY_BRIGHT_INITHARD?BSP_KEYBRIGHT
  +--> ?PR?TIMER0_INITHARD?BSP_TIMER0
  +--> ?PR?WIRELESS2D4_INITHARD?BSP_2D4
  +--> ?PR?LCD_BRIGHT_INITHARD?BSP_LCDBRIGHT

?PR?LCD_DISPLAY_INITHARD?BSP_DISPLAY             -----    -----      -----    -----      -----    -----
  +--> ?PR?LCD_CLEAR_ALL?BSP_DISPLAY

?PR?BSP_INITKEY?BSP_KEY                          -----    -----      -----    -----      -----    -----
  +--> ?PR?BSP_INITKEYVAR?BSP_KEY
  +--> ?PR?BSP_INITKEYHARD?BSP_KEY

?PR?BSP_INITKEYVAR?BSP_KEY                       -----    -----      -----    -----      -----    -----
  +--> ?PR?ISKEYDOWN1?BSP_KEY
  +--> ?PR?ISKEYDOWN2?BSP_KEY
  +--> ?PR?ISKEYDOWN3?BSP_KEY
  +--> ?PR?ISKEYDOWN4?BSP_KEY
  +--> ?PR?ISKEYDOWN5?BSP_KEY
  +--> ?PR?ISKEYDOWN6?BSP_KEY
  +--> ?PR?ISKEYDOWN7?BSP_KEY
  +--> ?PR?ISKEYDOWN8?BSP_KEY
  +--> ?PR?ISKEYDOWN9?BSP_KEY
  +--> ?PR?ISKEYDOWN_1AND6?BSP_KEY

?PR?ISKEYDOWN2?BSP_KEY                           -----    -----      -----    -----      -----    -----
  +--> ?PR?_ISKEYDOWN?BSP_KEY

?PR?ISKEYDOWN3?BSP_KEY                           -----    -----      -----    -----      -----    -----
  +--> ?PR?_ISKEYDOWN?BSP_KEY

?PR?ISKEYDOWN4?BSP_KEY                           -----    -----      -----    -----      -----    -----
  +--> ?PR?_ISKEYDOWN?BSP_KEY

?PR?ISKEYDOWN5?BSP_KEY                           -----    -----      -----    -----      -----    -----
  +--> ?PR?_ISKEYDOWN?BSP_KEY

?PR?ISKEYDOWN6?BSP_KEY                           -----    -----      -----    -----      -----    -----
  +--> ?PR?_ISKEYDOWN?BSP_KEY

?PR?ISKEYDOWN7?BSP_KEY                           -----    -----      -----    -----      -----    -----
  +--> ?PR?_ISKEYDOWN?BSP_KEY

?PR?ISKEYDOWN8?BSP_KEY                           -----    -----      -----    -----      -----    -----
  +--> ?PR?_ISKEYDOWN?BSP_KEY

?PR?ISKEYDOWN9?BSP_KEY                           -----    -----      -----    -----      -----    -----
  +--> ?PR?_ISKEYDOWN?BSP_KEY

BL51 BANKED LINKER/LOCATER V6.22                                                      09/17/2017  10:10:00  PAGE 7


?PR?ISKEYDOWN_1AND6?BSP_KEY                      -----    -----      -----    -----      -----    -----
  +--> ?PR?ISKEYDOWN1?BSP_KEY
  +--> ?PR?ISKEYDOWN6?BSP_KEY

?PR?KEY_BRIGHT_INITHARD?BSP_KEYBRIGHT            -----    -----      -----    -----      -----    -----
  +--> ?PR?KEY_BRIGHT_OFF?BSP_KEYBRIGHT

?PR?TIMER0_INITHARD?BSP_TIMER0                   -----    -----      -----    -----      -----    -----
  +--> ?PR?TIMER0_PARAMINIT?BSP_TIMER0

?PR?LCD_BRIGHT_INITHARD?BSP_LCDBRIGHT            -----    -----      -----    -----      -----    -----
  +--> ?PR?LCD_BRIGHT_ON?BSP_LCDBRIGHT

?PR?APP_2D4_INIT?APP_2D4                         -----    -----      -----    -----      -----    -----
  +--> ?PR?RF_INIT?BSP_2D4
  +--> ?PR?RF_RXMODE?BSP_2D4

?PR?RF_INIT?BSP_2D4                              -----    -----      -----    -----      0002H    0012H
  +--> ?CO?BSP_2D4
  +--> ?PR?SPI_INIT?BSP_2D4
  +--> ?PR?_RF_WRITEREG?BSP_2D4
  +--> ?PR?_RF_WRITEBUF?BSP_2D4

?PR?_RF_WRITEREG?BSP_2D4                         -----    -----      -----    -----      -----    -----
  +--> ?PR?_SPI_WW?BSP_2D4

?PR?_RF_WRITEBUF?BSP_2D4                         -----    -----      -----    -----      0014H    0005H
  +--> ?PR?_SPI_WW?BSP_2D4

?PR?RF_RXMODE?BSP_2D4                            -----    -----      -----    -----      -----    -----
  +--> ?PR?_RF_WRITEREG?BSP_2D4

?PR?APP_LCD_INIT?APP_LCD                         -----    -----      -----    -----      -----    -----
  +--> ?CO?APP_LCD
  +--> ?PR?_STRLEN?STRLEN

?PR?APP_WORK_INIT?APP_WORK                       -----    -----      -----    -----      -----    -----
  +--> ?PR?LCD_SHOW_BAZOOKA_ICO?BSP_DISPLAY

?PR?BSP_KEYSCAN?BSP_KEY                          -----    -----      -----    -----      0002H    0001H
  +--> ?PR?_BSP_DETECTKEY?BSP_KEY

?PR?_BSP_DETECTKEY?BSP_KEY                       -----    -----      -----    -----      0003H    0001H
  +--> ?PR?_BSP_PUTKEY?BSP_KEY

?PR?REPEAT_PRO?APP_REPEAT_EXE                    -----    -----      -----    -----      -----    -----
  +--> ?PR?REPEAT_STOP_EXE?APP_REPEAT_EXE
  +--> ?PR?REPEAT_START_EXE?APP_REPEAT_EXE

?PR?APP_LCD_PRO?APP_LCD                          -----    -----      -----    -----      -----    -----
  +--> ?PR?APP_REPEAT_ISENABLE?APP_REPEAT_EXE
  +--> ?PR?_LCD_SHOWSTRING?BSP_DISPLAY

?PR?_LCD_SHOWSTRING?BSP_DISPLAY                  0020H.0  0000H.1    -----    -----      001AH    0004H
  +--> ?PR?_STRLEN?STRLEN
  +--> ?PR?_LCD_SHOWCHAR?BSP_DISPLAY

BL51 BANKED LINKER/LOCATER V6.22                                                      09/17/2017  10:10:00  PAGE 8


?PR?_LCD_SHOWCHAR?BSP_DISPLAY                    -----    -----      -----    -----      -----    -----
  +--> ?PR?_LCD_CLEAR_MI?BSP_DISPLAY

?PR?PRINTF?PRINTF                                0020H.0  0001H.1    0008H    0005H      001AH    0028H
  +--> ?PR?_PUTCHAR?COMMON

?PR?APP_2D4_PRO?APP_2D4                          -----    -----      -----    -----      -----    -----
  +--> ?PR?UCRF_GETSTATUS?BSP_2D4
  +--> ?PR?RF_CLEARFIFO?BSP_2D4
  +--> ?PR?RF_CLEARSTATUS?BSP_2D4
  +--> ?PR?RF_RXMODE?BSP_2D4
  +--> ?PR?_RF_TXDATA?BSP_2D4
  +--> ?PR?_UCRF_DUMPRXDATA?BSP_2D4
  +--> ?PR?_APP_2D4_RCV?APP_2D4

?PR?UCRF_GETSTATUS?BSP_2D4                       -----    -----      -----    -----      -----    -----
  +--> ?PR?_UCRF_READREG?BSP_2D4

?PR?_UCRF_READREG?BSP_2D4                        -----    -----      -----    -----      -----    -----
  +--> ?PR?_SPI_WR?BSP_2D4
  +--> ?PR?UCSPI_READ?BSP_2D4

?PR?RF_CLEARFIFO?BSP_2D4                         -----    -----      -----    -----      -----    -----
  +--> ?PR?_RF_WRITEREG?BSP_2D4

?PR?RF_CLEARSTATUS?BSP_2D4                       -----    -----      -----    -----      -----    -----
  +--> ?PR?_RF_WRITEREG?BSP_2D4

?PR?_RF_TXDATA?BSP_2D4                           -----    -----      -----    -----      0002H    0002H
  +--> ?PR?UCRF_GETSTATUS?BSP_2D4
  +--> ?PR?_RF_WRITEBUF?BSP_2D4
  +--> ?PR?_RF_WRITEREG?BSP_2D4

?PR?_UCRF_DUMPRXDATA?BSP_2D4                     -----    -----      -----    -----      -----    -----
  +--> ?PR?UCRF_GETSTATUS?BSP_2D4
  +--> ?PR?_RF_WRITEREG?BSP_2D4
  +--> ?PR?_RF_READBUF?BSP_2D4
  +--> ?PR?RF_CLEARFIFO?BSP_2D4
  +--> ?PR?RF_CLEARSTATUS?BSP_2D4

?PR?_RF_READBUF?BSP_2D4                          -----    -----      -----    -----      0002H    0005H
  +--> ?PR?_SPI_WR?BSP_2D4
  +--> ?PR?UCSPI_READ?BSP_2D4

?PR?_APP_2D4_RCV?APP_2D4                         -----    -----      -----    -----      0002H    0008H
  +--> ?PR?KEY_BRIGHT_TOGGLE?BSP_KEYBRIGHT
  +--> ?PR?SPEAKER_STATUS_RESP?APP_2D4
  +--> ?PR?RELAY_STATUS_RESP?APP_2D4
  +--> ?PR?BT_PREV_SHOW_LCD_RESP?APP_2D4
  +--> ?PR?FM_STATION_SHOW_LCD_RESP?APP_2D4
  +--> ?PR?USB_TRACK_SHOW_LCD_RESP?APP_2D4
  +--> ?PR?BT_NEXT_SHOW_LCD_RESP?APP_2D4
  +--> ?PR?VOL_RESP?APP_2D4
  +--> ?PR?BT_PLAY_SHOW_LCD_RESP?APP_2D4
  +--> ?PR?_REPEAT_SETSTART?APP_REPEAT_EXE
  +--> ?PR?_REPEAT_SETSTOP?APP_REPEAT_EXE
  +--> ?PR?BT_PAUSE_SHOW_LCD_RESP?APP_2D4
BL51 BANKED LINKER/LOCATER V6.22                                                      09/17/2017  10:10:00  PAGE 9


  +--> ?PR?FM_SCANNING_SHOW_LCD_RESP?APP_2D4
  +--> ?PR?AUX_PLAY_SHOW_LCD_RESP?APP_2D4
  +--> ?PR?CLEAR_LCD_RESP?APP_2D4
  +--> ?PR?AUX_MUTE_SHOW_LCD_RESP?APP_2D4
  +--> ?PR?USB_PAUSE_SHOW_LCD_RESP?APP_2D4
  +--> ?PR?LED_SHOW_BLINK_NAME_SHOW_LCD_RESP...
  +--> ?PR?LED_CLEAR_BLINK_NAME_SHOW_LCD_RES...
  +--> ?PR?_APP_LCD_DEFAULT_STRING_SET?APP_LCD
  +--> ?PR?_REPEAT_START?APP_REPEAT_EXE
  +--> ?PR?LCD_CLEAR_MHZ_ICO?BSP_DISPLAY
  +--> ?PR?LCD_CLEAR_UPCOLON_ICO?BSP_DISPLAY
  +--> ?PR?LCD_CLEAR_DOWNCOLON_ICO?BSP_DISPLAY
  +--> ?PR?LCD_CLEAR_BLUETOOTH_ICO?BSP_DISPLAY
  +--> ?PR?LCD_CLEAR_FM_ICO?BSP_DISPLAY
  +--> ?PR?LCD_CLEAR_AUX_ICO?BSP_DISPLAY
  +--> ?PR?LCD_CLEAR_USB_ICO?BSP_DISPLAY
  +--> ?PR?LCD_SHOW_BLUETOOTH_ICO?BSP_DISPLAY
  +--> ?CO?APP_2D4
  +--> ?PR?_STRLEN?STRLEN
  +--> ?PR?LCD_SHOW_FM_ICO?BSP_DISPLAY
  +--> ?PR?LCD_SHOW_MHZ_ICO?BSP_DISPLAY
  +--> ?PR?PRINTF?PRINTF
  +--> ?PR?LCD_SHOW_AUX_ICO?BSP_DISPLAY
  +--> ?PR?LCD_SHOW_USB_ICO?BSP_DISPLAY

?PR?SPEAKER_STATUS_RESP?APP_2D4                  -----    -----      -----    -----      -----    -----
  +--> ?CO?APP_2D4
  +--> ?PR?_LCD_SHOWSTRING?BSP_DISPLAY

?PR?RELAY_STATUS_RESP?APP_2D4                    -----    -----      -----    -----      -----    -----
  +--> ?CO?APP_2D4
  +--> ?PR?_LCD_SHOWSTRING?BSP_DISPLAY

?PR?BT_PREV_SHOW_LCD_RESP?APP_2D4                -----    -----      -----    -----      -----    -----
  +--> ?CO?APP_2D4
  +--> ?PR?_LCD_SHOWSTRING?BSP_DISPLAY
  +--> ?PR?LCD_CLEAR_UPCOLON_ICO?BSP_DISPLAY
  +--> ?PR?LCD_CLEAR_DOWNCOLON_ICO?BSP_DISPLAY

?PR?FM_STATION_SHOW_LCD_RESP?APP_2D4             -----    -----      -----    -----      -----    -----
  +--> ?CO?APP_2D4
  +--> ?PR?PRINTF?PRINTF
  +--> ?PR?_LCD_SHOWSTRING?BSP_DISPLAY
  +--> ?PR?LCD_CLEAR_UPCOLON_ICO?BSP_DISPLAY
  +--> ?PR?LCD_SHOW_DOWNCOLON_ICO?BSP_DISPLAY

?PR?USB_TRACK_SHOW_LCD_RESP?APP_2D4              -----    -----      -----    -----      -----    -----
  +--> ?CO?APP_2D4
  +--> ?PR?PRINTF?PRINTF
  +--> ?PR?_LCD_SHOWSTRING?BSP_DISPLAY
  +--> ?PR?LCD_CLEAR_UPCOLON_ICO?BSP_DISPLAY
  +--> ?PR?LCD_CLEAR_DOWNCOLON_ICO?BSP_DISPLAY

?PR?BT_NEXT_SHOW_LCD_RESP?APP_2D4                -----    -----      -----    -----      -----    -----
  +--> ?CO?APP_2D4
  +--> ?PR?_LCD_SHOWSTRING?BSP_DISPLAY
  +--> ?PR?LCD_CLEAR_UPCOLON_ICO?BSP_DISPLAY
BL51 BANKED LINKER/LOCATER V6.22                                                      09/17/2017  10:10:00  PAGE 10


  +--> ?PR?LCD_CLEAR_DOWNCOLON_ICO?BSP_DISPLAY

?PR?VOL_RESP?APP_2D4                             -----    -----      -----    -----      000AH    0010H
  +--> ?CO?APP_2D4
  +--> ?PR?PRINTF?PRINTF
  +--> ?PR?_LCD_SHOWSTRING?BSP_DISPLAY

?PR?BT_PLAY_SHOW_LCD_RESP?APP_2D4                -----    -----      -----    -----      -----    -----
  +--> ?CO?APP_2D4
  +--> ?PR?_LCD_SHOWSTRING?BSP_DISPLAY

?PR?BT_PAUSE_SHOW_LCD_RESP?APP_2D4               -----    -----      -----    -----      -----    -----
  +--> ?CO?APP_2D4
  +--> ?PR?_LCD_SHOWSTRING?BSP_DISPLAY

?PR?FM_SCANNING_SHOW_LCD_RESP?APP_2D4            -----    -----      -----    -----      -----    -----
  +--> ?CO?APP_2D4
  +--> ?PR?_LCD_SHOWSTRING?BSP_DISPLAY
  +--> ?PR?LCD_CLEAR_UPCOLON_ICO?BSP_DISPLAY
  +--> ?PR?LCD_CLEAR_DOWNCOLON_ICO?BSP_DISPLAY
  +--> ?PR?LCD_CLEAR_MHZ_ICO?BSP_DISPLAY

?PR?AUX_PLAY_SHOW_LCD_RESP?APP_2D4               -----    -----      -----    -----      -----    -----
  +--> ?CO?APP_2D4
  +--> ?PR?_LCD_SHOWSTRING?BSP_DISPLAY

?PR?CLEAR_LCD_RESP?APP_2D4                       -----    -----      -----    -----      -----    -----
  +--> ?CO?APP_2D4
  +--> ?PR?_LCD_SHOWSTRING?BSP_DISPLAY
  +--> ?PR?LCD_CLEAR_UPCOLON_ICO?BSP_DISPLAY
  +--> ?PR?LCD_CLEAR_DOWNCOLON_ICO?BSP_DISPLAY

?PR?AUX_MUTE_SHOW_LCD_RESP?APP_2D4               -----    -----      -----    -----      -----    -----
  +--> ?CO?APP_2D4
  +--> ?PR?_LCD_SHOWSTRING?BSP_DISPLAY

?PR?USB_PAUSE_SHOW_LCD_RESP?APP_2D4              -----    -----      -----    -----      -----    -----
  +--> ?CO?APP_2D4
  +--> ?PR?_LCD_SHOWSTRING?BSP_DISPLAY
  +--> ?PR?LCD_CLEAR_UPCOLON_ICO?BSP_DISPLAY
  +--> ?PR?LCD_CLEAR_DOWNCOLON_ICO?BSP_DISPLAY

?PR?LED_SHOW_BLINK_NAME_SHOW_LCD_RESP...         -----    -----      -----    -----      -----    -----
  +--> ?PR?_LCD_SHOWSTRING?BSP_DISPLAY
  +--> ?PR?LCD_CLEAR_UPCOLON_ICO?BSP_DISPLAY
  +--> ?PR?LCD_CLEAR_DOWNCOLON_ICO?BSP_DISPLAY

?PR?LED_CLEAR_BLINK_NAME_SHOW_LCD_RES...         -----    -----      -----    -----      -----    -----
  +--> ?CO?APP_2D4
  +--> ?PR?_LCD_SHOWSTRING?BSP_DISPLAY
  +--> ?PR?LCD_CLEAR_UPCOLON_ICO?BSP_DISPLAY
  +--> ?PR?LCD_CLEAR_DOWNCOLON_ICO?BSP_DISPLAY

?PR?_APP_LCD_DEFAULT_STRING_SET?APP_LCD          -----    -----      -----    -----      000AH    0001H

?PR?_REPEAT_START?APP_REPEAT_EXE                 -----    -----      -----    -----      -----    -----
  +--> ?PR?REPEAT_START_EXE?APP_REPEAT_EXE
BL51 BANKED LINKER/LOCATER V6.22                                                      09/17/2017  10:10:00  PAGE 11



?PR?_APP_KEY_PRO?APP_KEY                         -----    -----      -----    -----      0002H    0003H
  +--> ?PR?_APP_2D4_SEND?APP_2D4

?PR?_APP_2D4_SEND?APP_2D4                        -----    -----      -----    -----      0005H    0004H
  +--> ?PR?RF_TXMODE?BSP_2D4

?PR?RF_TXMODE?BSP_2D4                            -----    -----      -----    -----      -----    -----
  +--> ?PR?_RF_WRITEREG?BSP_2D4



SYMBOL TABLE OF MODULE:  .\Out\Objects\project (MAIN)

  VALUE           TYPE          NAME
  ----------------------------------

  -------         MODULE        MAIN
  C:0000H         SYMBOL        _ICE_DUMMY_
  D:0080H         PUBLIC        P0
  D:0090H         PUBLIC        P1
  D:00A0H         PUBLIC        P2
  D:00B0H         PUBLIC        P3
  D:00D8H         PUBLIC        P5
  D:00A8H         PUBLIC        IE
  B:00E8H.7       PUBLIC        ADCF
  C:2C92H         PUBLIC        ADC_ISR
  D:00B8H         PUBLIC        IP
  C:283AH         PUBLIC        main
  D:0098H         PUBLIC        SCON
  D:0088H         PUBLIC        TCON
  D:00F8H         PUBLIC        SCON_1
  D:00E8H         PUBLIC        ADCCON0
  D:00C0H         PUBLIC        I2CON
  D:00C3H         PUBLIC        ADCRH
  X:0057H         SYMBOL        ss
  D:00C8H         PUBLIC        T2CON
  D:00C2H         PUBLIC        ADCRL
  D:00D0H         PUBLIC        PSW
  -------         PROC          ADC_ISR
  C:2C92H         LINE#         8
  C:2CA3H         LINE#         9
  C:2CA3H         LINE#         11
  C:2CA5H         LINE#         13
  C:2CB5H         LINE#         14
  C:2CD1H         LINE#         15
  C:2CDFH         LINE#         17
  -------         ENDPROC       ADC_ISR
  -------         PROC          MAIN
  -------         DO            
  X:0000H         SYMBOL        ucKeyCode
  -------         DO            
  X:0001H         SYMBOL        i
  X:0055H         SYMBOL        n
  X:0056H         SYMBOL        cnt
  -------         ENDDO         
  -------         DO            
BL51 BANKED LINKER/LOCATER V6.22                                                      09/17/2017  10:10:00  PAGE 12


  X:0056H         SYMBOL        cnt
  -------         ENDDO         
  -------         ENDDO         
  C:283AH         LINE#         19
  C:283AH         LINE#         21
  C:283FH         LINE#         24
  C:2842H         LINE#         29
  C:2845H         LINE#         30
  C:2848H         LINE#         31
  C:284BH         LINE#         35
  C:284BH         LINE#         36
  C:2851H         LINE#         37
  C:2853H         LINE#         39
  C:2856H         LINE#         40
  C:2856H         LINE#         41
  C:285CH         LINE#         42
  C:285EH         LINE#         45
  C:2861H         LINE#         46
  C:2861H         LINE#         47
  C:2867H         LINE#         48
  C:286CH         LINE#         51
  C:2870H         LINE#         56
  C:2873H         LINE#         60
  C:2876H         LINE#         62
  C:287CH         LINE#         63
  C:2882H         LINE#         64
  C:2884H         LINE#         66
  C:28A7H         LINE#         72
  C:28A7H         LINE#         73
  C:28AAH         LINE#         74
  C:28AAH         LINE#         75
  C:28B0H         LINE#         77
  C:28B2H         LINE#         81
  C:28B8H         LINE#         85
  C:28B8H         LINE#         89
  C:28C0H         LINE#         90
  C:28C2H         LINE#         91
  C:28C7H         LINE#         92
  C:28C7H         LINE#         94
  -------         ENDPROC       MAIN
  -------         ENDMOD        MAIN

  -------         MODULE        APP_KEY
  C:0000H         SYMBOL        _ICE_DUMMY_
  D:0080H         PUBLIC        P0
  D:0090H         PUBLIC        P1
  D:00A0H         PUBLIC        P2
  D:00B0H         PUBLIC        P3
  D:00D8H         PUBLIC        P5
  D:00A8H         PUBLIC        IE
  D:00B8H         PUBLIC        IP
  C:1666H         PUBLIC        _app_key_pro
  D:0098H         PUBLIC        SCON
  D:0088H         PUBLIC        TCON
  D:00F8H         PUBLIC        SCON_1
  D:00E8H         PUBLIC        ADCCON0
  D:00C0H         PUBLIC        I2CON
BL51 BANKED LINKER/LOCATER V6.22                                                      09/17/2017  10:10:00  PAGE 13


  D:00C8H         PUBLIC        T2CON
  D:00D0H         PUBLIC        PSW
  -------         PROC          _APP_KEY_PRO
  X:0002H         SYMBOL        keyCode
  -------         DO            
  X:0003H         SYMBOL        index
  X:0004H         SYMBOL        i
  -------         ENDDO         
  C:1666H         LINE#         25
  C:166BH         LINE#         26
  C:166EH         LINE#         27
  C:1670H         LINE#         29
  C:1674H         LINE#         30
  C:1680H         LINE#         31
  C:16E7H         LINE#         32
  C:16E7H         LINE#         33
  C:16F4H         LINE#         34
  C:16FEH         LINE#         35
  C:1708H         LINE#         36
  C:1712H         LINE#         37
  C:1731H         LINE#         38
  C:1741H         LINE#         39
  C:1747H         LINE#         41
  C:1747H         LINE#         42
  C:1747H         LINE#         44
  C:1747H         LINE#         45
  C:1747H         LINE#         46
  C:1754H         LINE#         47
  C:175EH         LINE#         48
  C:1768H         LINE#         49
  C:1772H         LINE#         50
  C:1791H         LINE#         51
  C:17A1H         LINE#         52
  C:17A7H         LINE#         54
  C:17A7H         LINE#         55
  C:17A7H         LINE#         56
  C:17B4H         LINE#         57
  C:17BEH         LINE#         58
  C:17C8H         LINE#         59
  C:17D2H         LINE#         60
  C:17F1H         LINE#         61
  C:1801H         LINE#         62
  C:1807H         LINE#         64
  C:1807H         LINE#         65
  C:1807H         LINE#         67
  C:1807H         LINE#         68
  C:1807H         LINE#         70
  C:1807H         LINE#         71
  C:1807H         LINE#         73
  C:1807H         LINE#         74
  C:1807H         LINE#         75
  C:1814H         LINE#         76
  C:181EH         LINE#         77
  C:1828H         LINE#         78
  C:1832H         LINE#         79
  C:1851H         LINE#         80
  C:1861H         LINE#         81
BL51 BANKED LINKER/LOCATER V6.22                                                      09/17/2017  10:10:00  PAGE 14


  C:1867H         LINE#         82
  C:1867H         LINE#         83
  C:1867H         LINE#         85
  C:1867H         LINE#         86
  C:1867H         LINE#         88
  C:1867H         LINE#         89
  C:1867H         LINE#         90
  C:1874H         LINE#         91
  C:187EH         LINE#         92
  C:1888H         LINE#         93
  C:1892H         LINE#         94
  C:18B1H         LINE#         95
  C:18C1H         LINE#         96
  C:18C7H         LINE#         97
  C:18C7H         LINE#         98
  C:18C7H         LINE#         100
  C:18C7H         LINE#         101
  C:18C7H         LINE#         102
  C:18D4H         LINE#         103
  C:18DEH         LINE#         104
  C:18E8H         LINE#         105
  C:18F2H         LINE#         106
  C:1911H         LINE#         107
  C:1921H         LINE#         108
  C:1927H         LINE#         110
  C:1927H         LINE#         111
  C:1927H         LINE#         113
  C:1927H         LINE#         114
  C:1927H         LINE#         116
  C:1927H         LINE#         117
  C:1927H         LINE#         119
  C:1934H         LINE#         120
  C:193EH         LINE#         121
  C:1948H         LINE#         122
  C:1952H         LINE#         123
  C:1971H         LINE#         124
  C:1981H         LINE#         125
  C:1987H         LINE#         127
  C:1987H         LINE#         128
  C:1987H         LINE#         130
  C:1987H         LINE#         131
  C:1987H         LINE#         133
  C:1987H         LINE#         134
  C:1987H         LINE#         135
  C:1994H         LINE#         136
  C:199EH         LINE#         137
  C:19A8H         LINE#         138
  C:19B2H         LINE#         139
  C:19D1H         LINE#         140
  C:19E1H         LINE#         141
  C:19E7H         LINE#         143
  C:19E7H         LINE#         144
  C:19E7H         LINE#         146
  C:19E7H         LINE#         147
  C:19E7H         LINE#         149
  C:19E7H         LINE#         150
  C:19E7H         LINE#         152
BL51 BANKED LINKER/LOCATER V6.22                                                      09/17/2017  10:10:00  PAGE 15


  C:19F4H         LINE#         153
  C:19FEH         LINE#         154
  C:1A08H         LINE#         155
  C:1A12H         LINE#         156
  C:1A2EH         LINE#         157
  C:1A3EH         LINE#         158
  C:1A44H         LINE#         160
  C:1A44H         LINE#         161
  C:1A44H         LINE#         163
  C:1A44H         LINE#         164
  C:1A44H         LINE#         166
  C:1A44H         LINE#         167
  C:1A44H         LINE#         168
  C:1A51H         LINE#         169
  C:1A5BH         LINE#         170
  C:1A65H         LINE#         171
  C:1A6FH         LINE#         172
  C:1A8BH         LINE#         173
  C:1A9BH         LINE#         174
  C:1AA1H         LINE#         176
  C:1AA1H         LINE#         177
  C:1AA1H         LINE#         179
  C:1AA1H         LINE#         180
  C:1AA1H         LINE#         182
  C:1AA1H         LINE#         183
  C:1AA1H         LINE#         185
  C:1AA1H         LINE#         186
  C:1AA1H         LINE#         188
  C:1AA1H         LINE#         189
  C:1AA1H         LINE#         191
  C:1AA1H         LINE#         192
  C:1AA1H         LINE#         194
  C:1AA1H         LINE#         196
  C:1AA1H         LINE#         197
  C:1AA7H         LINE#         198
  C:1AA9H         LINE#         199
  C:1AB4H         LINE#         200
  C:1AB4H         LINE#         202
  -------         ENDPROC       _APP_KEY_PRO
  -------         ENDMOD        APP_KEY

  -------         MODULE        APP_WORK
  C:0000H         SYMBOL        _ICE_DUMMY_
  D:0080H         PUBLIC        P0
  D:0090H         PUBLIC        P1
  D:00A0H         PUBLIC        P2
  D:00B0H         PUBLIC        P3
  D:00D8H         PUBLIC        P5
  D:00A8H         PUBLIC        IE
  D:00B8H         PUBLIC        IP
  C:371EH         SYMBOL        app_work_pro
  C:371CH         PUBLIC        app_work_1s_pro
  D:0098H         PUBLIC        SCON
  D:0088H         PUBLIC        TCON
  D:00F8H         PUBLIC        SCON_1
  D:00E8H         PUBLIC        ADCCON0
  D:00C0H         PUBLIC        I2CON
BL51 BANKED LINKER/LOCATER V6.22                                                      09/17/2017  10:10:00  PAGE 16


  C:370AH         PUBLIC        app_work_Init
  I:000FH         PUBLIC        g_tWork
  D:00C8H         PUBLIC        T2CON
  C:371DH         PUBLIC        app_work_100ms_pro
  D:00D0H         PUBLIC        PSW
  -------         PROC          APP_WORK_INIT
  C:370AH         LINE#         14
  C:370AH         LINE#         16
  -------         ENDPROC       APP_WORK_INIT
  -------         PROC          APP_WORK_1S_PRO
  C:371CH         LINE#         19
  C:371CH         LINE#         21
  -------         ENDPROC       APP_WORK_1S_PRO
  -------         PROC          APP_WORK_100MS_PRO
  C:371DH         LINE#         22
  C:371DH         LINE#         24
  -------         ENDPROC       APP_WORK_100MS_PRO
  -------         PROC          APP_WORK_PRO
  C:371EH         LINE#         26
  C:371EH         LINE#         28
  -------         ENDPROC       APP_WORK_PRO
  -------         ENDMOD        APP_WORK

  -------         MODULE        APP_REPEAT_EXE
  C:0000H         SYMBOL        _ICE_DUMMY_
  D:0080H         PUBLIC        P0
  D:0090H         PUBLIC        P1
  D:00A0H         PUBLIC        P2
  D:00B0H         PUBLIC        P3
  C:35A7H         PUBLIC        _Repeat_SetStart
  D:00D8H         PUBLIC        P5
  D:00A8H         PUBLIC        IE
  C:35D6H         PUBLIC        app_repeat_IsEnable
  C:349EH         SYMBOL        Repeat_Stop_exe
  D:00B8H         PUBLIC        IP
  C:35B3H         PUBLIC        _Repeat_SetStop
  X:0067H         SYMBOL        g_tRepeat
  D:0098H         PUBLIC        SCON
  D:0088H         PUBLIC        TCON
  D:00F8H         PUBLIC        SCON_1
  C:2FF4H         PUBLIC        _Repeat_Start
  D:00E8H         PUBLIC        ADCCON0
  D:00C0H         PUBLIC        I2CON
  D:00C8H         PUBLIC        T2CON
  C:3409H         PUBLIC        Repeat_Stop
  C:2599H         PUBLIC        Repeat_Pro
  C:348EH         SYMBOL        Repeat_Start_exe
  D:00D0H         PUBLIC        PSW
  -------         PROC          _REPEAT_SETSTART
  D:0001H         SYMBOL        fun
  C:35A7H         LINE#         12
  C:35A7H         LINE#         13
  C:35B2H         LINE#         14
  -------         ENDPROC       _REPEAT_SETSTART
  -------         PROC          _REPEAT_SETSTOP
  D:0001H         SYMBOL        fun
  C:35B3H         LINE#         16
BL51 BANKED LINKER/LOCATER V6.22                                                      09/17/2017  10:10:00  PAGE 17


  C:35B3H         LINE#         17
  C:35BEH         LINE#         18
  -------         ENDPROC       _REPEAT_SETSTOP
  -------         PROC          REPEAT_START_EXE
  C:348EH         LINE#         20
  C:348EH         LINE#         21
  C:349AH         LINE#         22
  C:349DH         LINE#         23
  C:349DH         LINE#         24
  -------         ENDPROC       REPEAT_START_EXE
  -------         PROC          REPEAT_STOP_EXE
  C:349EH         LINE#         26
  C:349EH         LINE#         27
  C:34AAH         LINE#         28
  C:34ADH         LINE#         29
  C:34ADH         LINE#         30
  -------         ENDPROC       REPEAT_STOP_EXE
  -------         PROC          _REPEAT_START
  D:0006H         SYMBOL        _usStartTime
  D:0004H         SYMBOL        _usStopTime
  D:0002H         SYMBOL        _usCycle
  C:2FF4H         LINE#         42
  C:2FF4H         LINE#         43
  C:2FF4H         LINE#         44
  C:2FF8H         LINE#         46
  C:2FF8H         LINE#         48
  C:3000H         LINE#         49
  C:3008H         LINE#         50
  C:3010H         LINE#         51
  C:3015H         LINE#         52
  C:3019H         LINE#         53
  C:301DH         LINE#         54
  C:3022H         LINE#         56
  C:3025H         LINE#         57
  -------         ENDPROC       _REPEAT_START
  -------         PROC          REPEAT_STOP
  C:3409H         LINE#         67
  C:3409H         LINE#         68
  C:340EH         LINE#         69
  C:3411H         LINE#         70
  C:341AH         LINE#         71
  -------         ENDPROC       REPEAT_STOP
  -------         PROC          APP_REPEAT_ISENABLE
  C:35D6H         LINE#         75
  C:35D6H         LINE#         76
  C:35DCH         LINE#         77
  C:35DEH         LINE#         78
  C:35DEH         LINE#         79
  C:35DFH         LINE#         80
  -------         ENDPROC       APP_REPEAT_ISENABLE
  -------         PROC          REPEAT_PRO
  C:2599H         LINE#         90
  C:2599H         LINE#         92
  C:25B0H         LINE#         94
  C:25B0H         LINE#         96
  C:25B6H         LINE#         97
  C:25C2H         LINE#         98
BL51 BANKED LINKER/LOCATER V6.22                                                      09/17/2017  10:10:00  PAGE 18


  C:25C2H         LINE#         99
  C:25DBH         LINE#         100
  C:25DEH         LINE#         101
  C:25E5H         LINE#         102
  C:25EAH         LINE#         103
  C:25EAH         LINE#         104
  C:25EBH         LINE#         106
  C:25EBH         LINE#         107
  C:25F3H         LINE#         108
  C:260BH         LINE#         110
  C:261AH         LINE#         111
  C:262DH         LINE#         113
  C:2632H         LINE#         114
  C:2632H         LINE#         116
  C:2638H         LINE#         117
  C:263FH         LINE#         119
  C:263FH         LINE#         120
  C:263FH         LINE#         121
  C:2646H         LINE#         122
  C:264AH         LINE#         124
  C:264DH         LINE#         125
  C:264DH         LINE#         126
  C:264DH         LINE#         128
  -------         ENDPROC       REPEAT_PRO
  -------         ENDMOD        APP_REPEAT_EXE

  -------         MODULE        APP_2D4
  C:0000H         SYMBOL        _ICE_DUMMY_
  D:0080H         PUBLIC        P0
  D:0090H         PUBLIC        P1
  D:00A0H         PUBLIC        P2
  D:00B0H         PUBLIC        P3
  C:31A2H         PUBLIC        app_2d4_init
  D:00D8H         PUBLIC        P5
  C:35F3H         SYMBOL        BT_play_show_lcd_resp
  C:34DBH         SYMBOL        BT_prev_show_lcd_resp
  D:00A8H         PUBLIC        IE
  C:34F9H         SYMBOL        LED_clear_blink_name_show_lcd_resp
  C:34CCH         SYMBOL        BT_next_show_lcd_resp
  C:33C8H         SYMBOL        speaker_status_resp
  D:00B8H         PUBLIC        IP
  C:346AH         SYMBOL        FM_scanning_show_lcd_resp
  C:000EH         PUBLIC        app_2d4_pro
  D:0098H         PUBLIC        SCON
  D:0088H         PUBLIC        TCON
  C:3026H         SYMBOL        USB_track_show_lcd_resp
  C:34AEH         SYMBOL        clear_lcd_resp
  C:34BDH         SYMBOL        USB_pause_show_lcd_resp
  C:2589H         SYMBOL        _?ix1000
  D:00F8H         PUBLIC        SCON_1
  C:33DEH         SYMBOL        relay_status_resp
  C:34EAH         SYMBOL        LED_show_blink_name_show_lcd_resp
  I:009DH         PUBLIC        sendBuf
  C:3058H         SYMBOL        FM_station_show_lcd_resp
  I:00ADH         SYMBOL        sendRcv_flag
  D:00E8H         PUBLIC        ADCCON0
  D:00C0H         PUBLIC        I2CON
BL51 BANKED LINKER/LOCATER V6.22                                                      09/17/2017  10:10:00  PAGE 19


  C:3605H         SYMBOL        AUX_play_show_lcd_resp
  C:35FCH         SYMBOL        AUX_mute_show_lcd_resp
  D:00C8H         PUBLIC        T2CON
  I:00AEH         SYMBOL        rcvBuf
  C:35EAH         SYMBOL        BT_pause_show_lcd_resp
  C:2F11H         SYMBOL        vol_resp
  X:0079H         SYMBOL        tmpBuf
  C:0958H         SYMBOL        _app_2d4_Rcv
  C:2DFBH         PUBLIC        _app_2d4_send
  D:00D0H         PUBLIC        PSW
  -------         PROC          APP_2D4_INIT
  C:31A2H         LINE#         16
  C:31A2H         LINE#         18
  C:31A6H         LINE#         19
  C:31B2H         LINE#         20
  C:31C1H         LINE#         22
  C:31C4H         LINE#         23
  -------         ENDPROC       APP_2D4_INIT
  -------         PROC          _APP_2D4_SEND
  X:0005H         SYMBOL        d
  X:0008H         SYMBOL        len
  C:2DFBH         LINE#         28
  C:2E09H         LINE#         30
  C:2E0EH         LINE#         32
  C:2E0EH         LINE#         34
  C:2E11H         LINE#         35
  C:2E15H         LINE#         37
  C:2E30H         LINE#         38
  C:2E4BH         LINE#         39
  C:2E4BH         LINE#         41
  -------         ENDPROC       _APP_2D4_SEND
  -------         PROC          SPEAKER_STATUS_RESP
  C:33C8H         LINE#         42
  C:33C8H         LINE#         43
  C:33D0H         LINE#         44
  C:33D4H         LINE#         45
  C:33D6H         LINE#         46
  C:33DDH         LINE#         47
  C:33DDH         LINE#         48
  -------         ENDPROC       SPEAKER_STATUS_RESP
  -------         PROC          RELAY_STATUS_RESP
  C:33DEH         LINE#         49
  C:33DEH         LINE#         50
  C:33E6H         LINE#         51
  C:33EAH         LINE#         52
  C:33ECH         LINE#         53
  C:33F3H         LINE#         54
  C:33F3H         LINE#         56
  -------         ENDPROC       RELAY_STATUS_RESP
  -------         PROC          VOL_RESP
  -------         DO            
  X:000AH         SYMBOL        str
  -------         ENDDO         
  C:2F11H         LINE#         57
  C:2F11H         LINE#         58
  C:2F24H         LINE#         60
  C:2F45H         LINE#         61
BL51 BANKED LINKER/LOCATER V6.22                                                      09/17/2017  10:10:00  PAGE 20


  -------         ENDPROC       VOL_RESP
  -------         PROC          CLEAR_LCD_RESP
  C:34AEH         LINE#         64
  C:34AEH         LINE#         65
  C:34B7H         LINE#         67
  C:34BAH         LINE#         68
  -------         ENDPROC       CLEAR_LCD_RESP
  -------         PROC          BT_PAUSE_SHOW_LCD_RESP
  C:35EAH         LINE#         70
  C:35EAH         LINE#         71
  -------         ENDPROC       BT_PAUSE_SHOW_LCD_RESP
  -------         PROC          BT_PLAY_SHOW_LCD_RESP
  C:35F3H         LINE#         74
  C:35F3H         LINE#         75
  -------         ENDPROC       BT_PLAY_SHOW_LCD_RESP
  -------         PROC          FM_SCANNING_SHOW_LCD_RESP
  C:346AH         LINE#         77
  C:346AH         LINE#         78
  C:3473H         LINE#         79
  C:3476H         LINE#         80
  C:3479H         LINE#         81
  -------         ENDPROC       FM_SCANNING_SHOW_LCD_RESP
  -------         PROC          AUX_MUTE_SHOW_LCD_RESP
  C:35FCH         LINE#         91
  C:35FCH         LINE#         92
  -------         ENDPROC       AUX_MUTE_SHOW_LCD_RESP
  -------         PROC          AUX_PLAY_SHOW_LCD_RESP
  C:3605H         LINE#         95
  C:3605H         LINE#         96
  -------         ENDPROC       AUX_PLAY_SHOW_LCD_RESP
  -------         PROC          USB_PAUSE_SHOW_LCD_RESP
  C:34BDH         LINE#         99
  C:34BDH         LINE#         100
  C:34C6H         LINE#         101
  C:34C9H         LINE#         102
  -------         ENDPROC       USB_PAUSE_SHOW_LCD_RESP
  -------         PROC          BT_NEXT_SHOW_LCD_RESP
  C:34CCH         LINE#         111
  C:34CCH         LINE#         112
  C:34D5H         LINE#         113
  C:34D8H         LINE#         114
  -------         ENDPROC       BT_NEXT_SHOW_LCD_RESP
  -------         PROC          BT_PREV_SHOW_LCD_RESP
  C:34DBH         LINE#         116
  C:34DBH         LINE#         117
  C:34E4H         LINE#         118
  C:34E7H         LINE#         119
  -------         ENDPROC       BT_PREV_SHOW_LCD_RESP
  -------         PROC          FM_STATION_SHOW_LCD_RESP
  C:3058H         LINE#         121
  C:3058H         LINE#         122
  C:3079H         LINE#         123
  C:3082H         LINE#         124
  C:3085H         LINE#         125
  -------         ENDPROC       FM_STATION_SHOW_LCD_RESP
  -------         PROC          USB_TRACK_SHOW_LCD_RESP
  C:3026H         LINE#         127
BL51 BANKED LINKER/LOCATER V6.22                                                      09/17/2017  10:10:00  PAGE 21


  C:3026H         LINE#         128
  C:3049H         LINE#         129
  C:3052H         LINE#         130
  C:3055H         LINE#         131
  -------         ENDPROC       USB_TRACK_SHOW_LCD_RESP
  -------         PROC          LED_SHOW_BLINK_NAME_SHOW_LCD_RESP
  C:34EAH         LINE#         133
  C:34EAH         LINE#         135
  C:34F3H         LINE#         137
  C:34F6H         LINE#         138
  -------         ENDPROC       LED_SHOW_BLINK_NAME_SHOW_LCD_RESP
  -------         PROC          LED_CLEAR_BLINK_NAME_SHOW_LCD_RESP
  C:34F9H         LINE#         140
  C:34F9H         LINE#         142
  C:3502H         LINE#         143
  C:3505H         LINE#         144
  -------         ENDPROC       LED_CLEAR_BLINK_NAME_SHOW_LCD_RESP
  -------         PROC          _APP_2D4_RCV
  X:0002H         SYMBOL        buf
  -------         DO            
  X:0005H         SYMBOL        i
  X:0006H         SYMBOL        index
  X:0007H         SYMBOL        check
  -------         DO            
  X:0008H         SYMBOL        time
  -------         ENDDO         
  -------         ENDDO         
  C:0958H         LINE#         146
  C:0963H         LINE#         147
  C:0966H         LINE#         148
  C:0968H         LINE#         149
  C:096AH         LINE#         151
  C:0974H         LINE#         153
  C:0974H         LINE#         154
  C:0977H         LINE#         155
  C:0990H         LINE#         157
  C:0990H         LINE#         158
  C:09BCH         LINE#         159
  C:09D1H         LINE#         160
  C:09D9H         LINE#         161
  C:09FFH         LINE#         163
  C:09FFH         LINE#         165
  C:0A0EH         LINE#         166
  C:0A13H         LINE#         167
  C:0A57H         LINE#         168
  C:0A57H         LINE#         170
  C:0A57H         LINE#         171
  C:0A57H         LINE#         173
  C:0A61H         LINE#         174
  C:0A65H         LINE#         175
  C:0A6BH         LINE#         176
  C:0A6BH         LINE#         178
  C:0A6BH         LINE#         179
  C:0A6EH         LINE#         180
  C:0A72H         LINE#         181
  C:0A78H         LINE#         182
  C:0A78H         LINE#         184
BL51 BANKED LINKER/LOCATER V6.22                                                      09/17/2017  10:10:00  PAGE 22


  C:0A78H         LINE#         185
  C:0A78H         LINE#         187
  C:0A7BH         LINE#         188
  C:0A7BH         LINE#         190
  C:0A91H         LINE#         191
  C:0A95H         LINE#         192
  C:0A97H         LINE#         193
  C:0A9BH         LINE#         194
  C:0A9BH         LINE#         195
  C:0AA1H         LINE#         196
  C:0AA1H         LINE#         197
  C:0AA1H         LINE#         199
  C:0AA4H         LINE#         200
  C:0AA4H         LINE#         201
  C:0AC7H         LINE#         202
  C:0AC7H         LINE#         203
  C:0ACDH         LINE#         204
  C:0ACDH         LINE#         205
  C:0ACDH         LINE#         207
  C:0AD0H         LINE#         208
  C:0AD0H         LINE#         209
  C:0AE4H         LINE#         210
  C:0AEAH         LINE#         211
  C:0AEAH         LINE#         212
  C:0AEAH         LINE#         214
  C:0AEDH         LINE#         215
  C:0AEDH         LINE#         216
  C:0B04H         LINE#         217
  C:0B11H         LINE#         218
  C:0B17H         LINE#         219
  C:0B17H         LINE#         220
  C:0B17H         LINE#         221
  C:0B1AH         LINE#         222
  C:0B1AH         LINE#         224
  C:0B1AH         LINE#         226
  C:0B1CH         LINE#         227
  C:0B1CH         LINE#         228
  C:0B1CH         LINE#         229
  C:0B1CH         LINE#         230
  C:0B1CH         LINE#         231
  C:0B1CH         LINE#         233
  C:0B3FH         LINE#         234
  C:0B3FH         LINE#         235
  C:0B45H         LINE#         236
  C:0B45H         LINE#         237
  C:0B45H         LINE#         239
  C:0B48H         LINE#         240
  C:0B48H         LINE#         241
  C:0B5CH         LINE#         242
  C:0B62H         LINE#         243
  C:0B62H         LINE#         244
  C:0B62H         LINE#         245
  C:0B65H         LINE#         246
  C:0B65H         LINE#         247
  C:0B7CH         LINE#         248
  C:0B89H         LINE#         249
  C:0B8FH         LINE#         250
BL51 BANKED LINKER/LOCATER V6.22                                                      09/17/2017  10:10:00  PAGE 23


  C:0B8FH         LINE#         251
  C:0B8FH         LINE#         252
  C:0B92H         LINE#         253
  C:0B92H         LINE#         254
  C:0BA4H         LINE#         255
  C:0BA7H         LINE#         256
  C:0BA7H         LINE#         257
  C:0BA7H         LINE#         258
  C:0BA7H         LINE#         260
  C:0BA7H         LINE#         261
  C:0BA7H         LINE#         262
  C:0BBCH         LINE#         263
  C:0BC6H         LINE#         264
  C:0BC6H         LINE#         265
  C:0BC6H         LINE#         266
  C:0BC6H         LINE#         267
  C:0BC6H         LINE#         268
  C:0BC9H         LINE#         269
  C:0BC9H         LINE#         270
  C:0BC9H         LINE#         271
  C:0BC9H         LINE#         272
  C:0BC9H         LINE#         273
  C:0BC9H         LINE#         274
  C:0BCCH         LINE#         276
  C:0BD2H         LINE#         277
  C:0BD2H         LINE#         278
  C:0BD2H         LINE#         279
  C:0BD2H         LINE#         281
  C:0BD5H         LINE#         282
  C:0BD5H         LINE#         283
  C:0BE9H         LINE#         285
  C:0BEFH         LINE#         286
  C:0BEFH         LINE#         288
  C:0BEFH         LINE#         289
  C:0BF1H         LINE#         290
  C:0BF1H         LINE#         291
  C:0C05H         LINE#         293
  C:0C0BH         LINE#         294
  C:0C0BH         LINE#         296
  C:0C0BH         LINE#         297
  C:0C0DH         LINE#         298
  C:0C0DH         LINE#         299
  C:0C3BH         LINE#         300
  C:0C3BH         LINE#         301
  C:0C44H         LINE#         302
  C:0C4DH         LINE#         303
  C:0C56H         LINE#         304
  C:0C60H         LINE#         305
  C:0C7BH         LINE#         306
  C:0C81H         LINE#         307
  C:0C81H         LINE#         308
  C:0C81H         LINE#         309
  C:0C81H         LINE#         310
  C:0C83H         LINE#         311
  C:0C83H         LINE#         312
  C:0C97H         LINE#         313
  C:0CA0H         LINE#         314
BL51 BANKED LINKER/LOCATER V6.22                                                      09/17/2017  10:10:00  PAGE 24


  C:0CA9H         LINE#         315
  C:0CB1H         LINE#         316
  C:0CC7H         LINE#         320
  C:0CC7H         LINE#         321
  C:0CCAH         LINE#         322
  C:0CCAH         LINE#         323
  C:0CDEH         LINE#         324
  C:0CE7H         LINE#         325
  C:0CF0H         LINE#         326
  C:0CF8H         LINE#         327
  C:0D13H         LINE#         328
  C:0D1CH         LINE#         329
  C:0D25H         LINE#         330
  C:0D2DH         LINE#         331
  C:0D2DH         LINE#         332
  C:0D30H         LINE#         333
  C:0D30H         LINE#         334
  C:0D49H         LINE#         338
  C:0D51H         LINE#         339
  C:0D5AH         LINE#         340
  C:0D63H         LINE#         341
  C:0D6BH         LINE#         342
  C:0D6BH         LINE#         343
  C:0D6DH         LINE#         344
  C:0D6DH         LINE#         346
  C:0D82H         LINE#         347
  C:0D96H         LINE#         348
  C:0D9FH         LINE#         349
  C:0DA8H         LINE#         350
  C:0DB1H         LINE#         352
  C:0DB3H         LINE#         353
  C:0DC8H         LINE#         354
  C:0DD1H         LINE#         355
  C:0DDAH         LINE#         356
  C:0DE9H         LINE#         357
  C:0DE9H         LINE#         358
  C:0DECH         LINE#         359
  C:0DECH         LINE#         360
  C:0DECH         LINE#         361
  C:0DECH         LINE#         362
  C:0DEFH         LINE#         363
  C:0DF2H         LINE#         364
  C:0DF5H         LINE#         365
  C:0DF8H         LINE#         366
  C:0DFBH         LINE#         367
  C:0DFEH         LINE#         368
  C:0E01H         LINE#         370
  C:0E29H         LINE#         371
  C:0E29H         LINE#         373
  C:0E2CH         LINE#         374
  C:0E40H         LINE#         375
  C:0E4CH         LINE#         376
  C:0E62H         LINE#         377
  C:0E71H         LINE#         378
  C:0E71H         LINE#         379
  C:0E82H         LINE#         380
  C:0E85H         LINE#         381
BL51 BANKED LINKER/LOCATER V6.22                                                      09/17/2017  10:10:00  PAGE 25


  C:0E85H         LINE#         382
  C:0E88H         LINE#         383
  C:0E8BH         LINE#         384
  C:0E8EH         LINE#         386
  C:0EA5H         LINE#         388
  C:0EB3H         LINE#         389
  C:0ED1H         LINE#         391
  C:0EDAH         LINE#         392
  C:0EDCH         LINE#         394
  C:0F17H         LINE#         395
  C:0F17H         LINE#         396
  C:0F28H         LINE#         398
  C:0F2BH         LINE#         399
  C:0F2BH         LINE#         400
  C:0F2EH         LINE#         401
  C:0F42H         LINE#         402
  C:0F4EH         LINE#         403
  C:0F64H         LINE#         404
  C:0F73H         LINE#         405
  C:0F73H         LINE#         406
  C:0F84H         LINE#         408
  C:0F87H         LINE#         409
  C:0F87H         LINE#         410
  C:0F87H         LINE#         411
  C:0F8EH         LINE#         412
  C:0FA8H         LINE#         413
  C:0FB1H         LINE#         414
  C:0FC1H         LINE#         415
  C:0FC4H         LINE#         417
  C:0FE0H         LINE#         418
  C:1002H         LINE#         419
  C:1025H         LINE#         420
  C:1042H         LINE#         421
  C:1044H         LINE#         422
  C:1081H         LINE#         423
  C:1081H         LINE#         424
  C:1095H         LINE#         425
  C:1095H         LINE#         426
  C:1095H         LINE#         427
  C:1095H         LINE#         428
  C:1095H         LINE#         429
  C:1095H         LINE#         430
  C:109BH         LINE#         431
  C:109DH         LINE#         433
  C:109DH         LINE#         435
  -------         ENDPROC       _APP_2D4_RCV
  -------         PROC          APP_2D4_PRO
  C:000EH         LINE#         437
  C:000EH         LINE#         438
  C:0013H         LINE#         440
  C:0023H         LINE#         441
  C:0023H         LINE#         443
  C:0026H         LINE#         444
  C:0029H         LINE#         446
  C:002DH         LINE#         447
  C:0030H         LINE#         451
  C:0030H         LINE#         452
BL51 BANKED LINKER/LOCATER V6.22                                                      09/17/2017  10:10:00  PAGE 26


  C:0030H         LINE#         454
  C:0030H         LINE#         455
  C:0030H         LINE#         456
  C:0032H         LINE#         457
  C:0032H         LINE#         459
  C:0035H         LINE#         460
  C:0038H         LINE#         461
  C:0038H         LINE#         462
  C:0038H         LINE#         464
  C:0043H         LINE#         466
  C:0043H         LINE#         467
  C:0043H         LINE#         469
  C:0043H         LINE#         470
  C:0051H         LINE#         472
  C:005AH         LINE#         473
  C:005AH         LINE#         475
  C:005AH         LINE#         477
  -------         ENDPROC       APP_2D4_PRO
  -------         ENDMOD        APP_2D4

  -------         MODULE        APP_LCD
  C:0000H         SYMBOL        _ICE_DUMMY_
  D:0080H         PUBLIC        P0
  D:0090H         PUBLIC        P1
  D:00A0H         PUBLIC        P2
  D:00B0H         PUBLIC        P3
  D:00D8H         PUBLIC        P5
  C:3508H         PUBLIC        app_lcd_pro
  D:00A8H         PUBLIC        IE
  D:00B8H         PUBLIC        IP
  D:0098H         PUBLIC        SCON
  D:0088H         PUBLIC        TCON
  D:00F8H         PUBLIC        SCON_1
  C:3255H         PUBLIC        _app_lcd_default_string_set
  D:00E8H         PUBLIC        ADCCON0
  D:00C0H         PUBLIC        I2CON
  D:00C8H         PUBLIC        T2CON
  C:33B0H         PUBLIC        app_lcd_init
  X:0089H         SYMBOL        lcd_default_string
  D:00D0H         PUBLIC        PSW
  -------         PROC          APP_LCD_INIT
  C:33B0H         LINE#         13
  C:33B0H         LINE#         14
  -------         ENDPROC       APP_LCD_INIT
  -------         PROC          _APP_LCD_DEFAULT_STRING_SET
  D:0001H         SYMBOL        s
  X:000AH         SYMBOL        len
  C:3255H         LINE#         20
  C:325AH         LINE#         21
  C:3266H         LINE#         22
  C:3275H         LINE#         23
  -------         ENDPROC       _APP_LCD_DEFAULT_STRING_SET
  -------         PROC          APP_LCD_PRO
  C:3508H         LINE#         25
  C:3508H         LINE#         27
  C:350DH         LINE#         29
  C:3516H         LINE#         31
BL51 BANKED LINKER/LOCATER V6.22                                                      09/17/2017  10:10:00  PAGE 27


  C:3516H         LINE#         33
  -------         ENDPROC       APP_LCD_PRO
  -------         ENDMOD        APP_LCD

  -------         MODULE        BSP
  C:0000H         SYMBOL        _ICE_DUMMY_
  D:0080H         PUBLIC        P0
  D:0090H         PUBLIC        P1
  D:00A0H         PUBLIC        P2
  D:00B0H         PUBLIC        P3
  D:00D8H         PUBLIC        P5
  B:00A8H.7       PUBLIC        EA
  D:00A8H         PUBLIC        IE
  D:00B8H         PUBLIC        IP
  B:0021H.1       PUBLIC        BIT_TMP
  D:0098H         PUBLIC        SCON
  D:0088H         PUBLIC        TCON
  C:332DH         PUBLIC        bsp_Init
  D:00F8H         PUBLIC        SCON_1
  D:00E8H         PUBLIC        ADCCON0
  D:00C0H         PUBLIC        I2CON
  D:00C8H         PUBLIC        T2CON
  D:00D0H         PUBLIC        PSW
  -------         PROC          BSP_INIT
  C:332DH         LINE#         5
  C:332DH         LINE#         10
  C:3330H         LINE#         12
  C:3333H         LINE#         14
  C:3336H         LINE#         15
  C:3339H         LINE#         16
  C:333CH         LINE#         19
  C:333FH         LINE#         21
  C:3342H         LINE#         23
  C:3345H         LINE#         25
  C:3347H         LINE#         26
  -------         ENDPROC       BSP_INIT
  -------         ENDMOD        BSP

  -------         MODULE        BSP_KEY
  C:0000H         SYMBOL        _ICE_DUMMY_
  D:00B1H         PUBLIC        P0M1
  D:00B2H         PUBLIC        P0M2
  D:0080H         PUBLIC        P0
  D:0090H         PUBLIC        P1
  D:00A0H         PUBLIC        P2
  C:2A51H         SYMBOL        _IsKeyDown
  D:00B0H         PUBLIC        P3
  D:00D8H         PUBLIC        P5
  C:341DH         PUBLIC        _bsp_PutKey
  D:00A8H         PUBLIC        IE
  C:264EH         SYMBOL        bsp_InitKeyVar
  X:00A4H         PUBLIC        pBtn
  D:00B8H         PUBLIC        IP
  C:347CH         SYMBOL        IsKeyDown_1AND6
  C:3311H         PUBLIC        bsp_GetKey2
  C:1E1AH         SYMBOL        _bsp_DetectKey
  B:0080H.2       PUBLIC        P02
BL51 BANKED LINKER/LOCATER V6.22                                                      09/17/2017  10:10:00  PAGE 28


  C:360EH         SYMBOL        IsKeyDown1
  D:0098H         PUBLIC        SCON
  C:3517H         SYMBOL        IsKeyDown2
  D:0088H         PUBLIC        TCON
  C:3526H         SYMBOL        IsKeyDown3
  C:3535H         SYMBOL        IsKeyDown4
  C:3571H         SYMBOL        IsKeyDown5
  C:36DCH         SYMBOL        IsKeyDown6
  C:36E2H         SYMBOL        IsKeyDown7
  C:3544H         SYMBOL        IsKeyDown8
  C:3553H         SYMBOL        IsKeyDown9
  C:36EEH         PUBLIC        bsp_ClearKey
  X:00A7H         PUBLIC        min
  D:00F8H         PUBLIC        SCON_1
  X:00A9H         PUBLIC        max
  C:3348H         PUBLIC        bsp_KeyScan
  D:00E8H         PUBLIC        ADCCON0
  D:00C0H         PUBLIC        I2CON
  D:00C8H         PUBLIC        T2CON
  C:36E8H         PUBLIC        bsp_InitKey
  C:3650H         SYMBOL        bsp_InitKeyHard
  I:0022H         SYMBOL        s_tBtn
  I:0090H         SYMBOL        s_tKey
  C:32F5H         PUBLIC        bsp_GetKey
  C:31C7H         PUBLIC        _bsp_SetKeyParam
  C:35CBH         PUBLIC        _bsp_GetKeyState
  D:00D0H         PUBLIC        PSW
  -------         PROC          ISKEYDOWN1
  C:360EH         LINE#         46
  C:360EH         LINE#         47
  C:3611H         LINE#         48
  C:3614H         LINE#         49
  C:3614H         LINE#         50
  C:3616H         LINE#         51
  C:3616H         LINE#         52
  -------         ENDPROC       ISKEYDOWN1
  -------         PROC          L?0067
  -------         ENDPROC       L?0067
  -------         PROC          _ISKEYDOWN
  D:0006H         SYMBOL        key_ad
  D:0004H         SYMBOL        result_ad
  C:2A51H         LINE#         55
  C:2A51H         LINE#         57
  C:2A76H         LINE#         58
  C:2A95H         LINE#         60
  C:2AAEH         LINE#         61
  -------         ENDPROC       _ISKEYDOWN
  -------         PROC          ISKEYDOWN2
  C:3517H         LINE#         64
  C:3517H         LINE#         66
  C:3525H         LINE#         67
  -------         ENDPROC       ISKEYDOWN2
  -------         PROC          ISKEYDOWN3
  C:3526H         LINE#         69
  C:3526H         LINE#         70
  C:3534H         LINE#         71
  -------         ENDPROC       ISKEYDOWN3
BL51 BANKED LINKER/LOCATER V6.22                                                      09/17/2017  10:10:00  PAGE 29


  -------         PROC          ISKEYDOWN4
  C:3535H         LINE#         73
  C:3535H         LINE#         74
  C:3543H         LINE#         75
  -------         ENDPROC       ISKEYDOWN4
  -------         PROC          ISKEYDOWN5
  C:3571H         LINE#         77
  C:3571H         LINE#         79
  C:357EH         LINE#         80
  -------         ENDPROC       ISKEYDOWN5
  -------         PROC          ISKEYDOWN6
  C:36DCH         LINE#         82
  C:36DCH         LINE#         83
  C:36E1H         LINE#         84
  -------         ENDPROC       ISKEYDOWN6
  -------         PROC          ISKEYDOWN7
  C:36E2H         LINE#         86
  C:36E2H         LINE#         87
  C:36E7H         LINE#         88
  -------         ENDPROC       ISKEYDOWN7
  -------         PROC          ISKEYDOWN8
  C:3544H         LINE#         90
  C:3544H         LINE#         91
  C:3552H         LINE#         92
  -------         ENDPROC       ISKEYDOWN8
  -------         PROC          ISKEYDOWN9
  C:3553H         LINE#         94
  C:3553H         LINE#         95
  C:3561H         LINE#         96
  -------         ENDPROC       ISKEYDOWN9
  -------         PROC          ISKEYDOWN_1AND6
  C:347CH         LINE#         98
  C:347CH         LINE#         99
  C:3488H         LINE#         100
  C:348BH         LINE#         101
  C:348BH         LINE#         102
  C:348DH         LINE#         103
  C:348DH         LINE#         105
  -------         ENDPROC       ISKEYDOWN_1AND6
  -------         PROC          BSP_INITKEY
  C:36E8H         LINE#         114
  C:36E8H         LINE#         115
  C:36EBH         LINE#         116
  -------         ENDPROC       BSP_INITKEY
  -------         PROC          _BSP_PUTKEY
  D:0007H         SYMBOL        _KeyCode
  C:341DH         LINE#         127
  C:341DH         LINE#         128
  C:3425H         LINE#         130
  C:342EH         LINE#         131
  C:3430H         LINE#         132
  C:3430H         LINE#         133
  -------         ENDPROC       _BSP_PUTKEY
  -------         PROC          BSP_GETKEY
  -------         DO            
  D:0007H         SYMBOL        ret
  -------         ENDDO         
BL51 BANKED LINKER/LOCATER V6.22                                                      09/17/2017  10:10:00  PAGE 30


  C:32F5H         LINE#         143
  C:32F5H         LINE#         146
  C:32FDH         LINE#         147
  C:32FFH         LINE#         148
  C:32FFH         LINE#         149
  C:3305H         LINE#         151
  C:330EH         LINE#         152
  C:3310H         LINE#         153
  C:3310H         LINE#         154
  C:3310H         LINE#         155
  C:3310H         LINE#         156
  -------         ENDPROC       BSP_GETKEY
  -------         PROC          BSP_GETKEY2
  -------         DO            
  D:0007H         SYMBOL        ret
  -------         ENDDO         
  C:3311H         LINE#         166
  C:3311H         LINE#         169
  C:3319H         LINE#         170
  C:331BH         LINE#         171
  C:331BH         LINE#         172
  C:3321H         LINE#         174
  C:332AH         LINE#         175
  C:332CH         LINE#         176
  C:332CH         LINE#         177
  C:332CH         LINE#         178
  C:332CH         LINE#         179
  -------         ENDPROC       BSP_GETKEY2
  -------         PROC          _BSP_GETKEYSTATE
  D:0007H         SYMBOL        _ucKeyID
  C:35CBH         LINE#         189
  C:35CBH         LINE#         190
  C:35D5H         LINE#         191
  -------         ENDPROC       _BSP_GETKEYSTATE
  -------         PROC          _BSP_SETKEYPARAM
  D:0007H         SYMBOL        _ucKeyID
  D:0004H         SYMBOL        _LongTime
  D:0003H         SYMBOL        _RepeatSpeed
  C:31C7H         LINE#         203
  C:31C7H         LINE#         204
  C:31D4H         LINE#         205
  C:31E0H         LINE#         206
  C:31EAH         LINE#         207
  -------         ENDPROC       _BSP_SETKEYPARAM
  -------         PROC          BSP_CLEARKEY
  C:36EEH         LINE#         217
  C:36EEH         LINE#         218
  C:36F3H         LINE#         219
  -------         ENDPROC       BSP_CLEARKEY
  -------         PROC          BSP_INITKEYHARD
  C:3650H         LINE#         229
  C:3650H         LINE#         231
  C:3653H         LINE#         232
  C:3656H         LINE#         234
  -------         ENDPROC       BSP_INITKEYHARD
  -------         PROC          BSP_INITKEYVAR
  -------         DO            
BL51 BANKED LINKER/LOCATER V6.22                                                      09/17/2017  10:10:00  PAGE 31


  D:0007H         SYMBOL        i
  -------         ENDDO         
  C:264EH         LINE#         244
  C:264EH         LINE#         248
  C:2652H         LINE#         249
  C:2654H         LINE#         250
  C:2656H         LINE#         253
  C:2657H         LINE#         254
  C:2664H         LINE#         255
  C:266EH         LINE#         256
  C:2678H         LINE#         260
  C:2682H         LINE#         261
  C:268CH         LINE#         262
  C:2691H         LINE#         264
  C:2695H         LINE#         265
  C:2699H         LINE#         268
  C:26A3H         LINE#         269
  C:26ADH         LINE#         270
  C:26B7H         LINE#         271
  C:26C1H         LINE#         272
  C:26CBH         LINE#         273
  C:26D5H         LINE#         274
  C:26DFH         LINE#         275
[...]
  C:30B8H         LINE#         205
  C:30BBH         LINE#         206
  C:30BEH         LINE#         207
  C:30C1H         LINE#         210
  C:30D9H         LINE#         215
  C:30DBH         LINE#         216
  -------         ENDPROC       _INITIALUART0_TIMER1_TYPE4
  -------         PROC          _INITIALUART0_TIMER3_TYPE5
  X:00B0H         SYMBOL        u32Baudrate
  C:2AAFH         LINE#         218
  C:2AB5H         LINE#         219
  C:2AB5H         LINE#         220
  C:2AB8H         LINE#         221
  C:2ABBH         LINE#         222
  C:2ABEH         LINE#         223
  C:2AC1H         LINE#         226
  C:2AEFH         LINE#         227
  C:2B0EH         LINE#         233
  C:2B11H         LINE#         234
  -------         ENDPROC       _INITIALUART0_TIMER3_TYPE5
  -------         PROC          _INITIALUART0_TIMER3_TYPE6
  X:00B4H         SYMBOL        u32Baudrate
  C:2B12H         LINE#         236
  C:2B18H         LINE#         237
  C:2B18H         LINE#         238
  C:2B1BH         LINE#         239
  C:2B1EH         LINE#         240
  C:2B21H         LINE#         241
  C:2B24H         LINE#         244
  C:2B52H         LINE#         245
  C:2B71H         LINE#         251
  C:2B74H         LINE#         252
  -------         ENDPROC       _INITIALUART0_TIMER3_TYPE6
  -------         PROC          _INITIALUART1_TIMER3
  X:00B8H         SYMBOL        u32Baudrate
  C:2C35H         LINE#         254
  C:2C3BH         LINE#         255
  C:2C3BH         LINE#         256
  C:2C3EH         LINE#         257
  C:2C41H         LINE#         260
  C:2C6FH         LINE#         261
  C:2C8EH         LINE#         267
BL51 BANKED LINKER/LOCATER V6.22                                                      09/17/2017  10:10:00  PAGE 64


  C:2C91H         LINE#         268
  -------         ENDPROC       _INITIALUART1_TIMER3
  -------         PROC          RECEIVE_DATA_FROM_UART0
  -------         DO            
  D:0007H         SYMBOL        c
  -------         ENDDO         
  C:3629H         LINE#         280
  C:3629H         LINE#         283
  C:362CH         LINE#         285
  C:362EH         LINE#         286
  C:3630H         LINE#         287
  C:3630H         LINE#         288
  -------         ENDPROC       RECEIVE_DATA_FROM_UART0
  -------         PROC          _SEND_DATA_TO_UART0
  D:0007H         SYMBOL        c
  C:3631H         LINE#         300
  C:3631H         LINE#         301
  C:3633H         LINE#         302
  C:3635H         LINE#         303
  C:3638H         LINE#         305
  -------         ENDPROC       _SEND_DATA_TO_UART0
  -------         PROC          RECEIVE_DATA_FROM_UART1
  -------         DO            
  D:0007H         SYMBOL        c
  -------         ENDDO         
  C:3639H         LINE#         317
  C:3639H         LINE#         320
  C:363CH         LINE#         322
  C:363EH         LINE#         323
  C:3640H         LINE#         324
  C:3640H         LINE#         325
  -------         ENDPROC       RECEIVE_DATA_FROM_UART1
  -------         PROC          _SEND_DATA_TO_UART1
  D:0007H         SYMBOL        c
  C:3641H         LINE#         337
  C:3641H         LINE#         338
  C:3643H         LINE#         339
  C:3645H         LINE#         340
  C:3648H         LINE#         342
  -------         ENDPROC       _SEND_DATA_TO_UART1
  -------         PROC          SET_ALL_GPIO_QUASI_MODE
  C:3363H         LINE#         344
  C:3363H         LINE#         345
  C:3366H         LINE#         346
  C:3368H         LINE#         347
  C:336AH         LINE#         348
  C:336CH         LINE#         349
  C:336EH         LINE#         350
  C:3370H         LINE#         351
  C:3372H         LINE#         352
  C:3374H         LINE#         353
  C:3376H         LINE#         354
  C:3378H         LINE#         355
  C:337AH         LINE#         356
  C:337CH         LINE#         357
  -------         ENDPROC       SET_ALL_GPIO_QUASI_MODE
  -------         PROC          SET_ALL_GPIO_INPUT_MODE
BL51 BANKED LINKER/LOCATER V6.22                                                      09/17/2017  10:10:00  PAGE 65


  C:32B8H         LINE#         359
  C:32B8H         LINE#         360
  C:32BBH         LINE#         361
  C:32BEH         LINE#         362
  C:32C1H         LINE#         363
  C:32C3H         LINE#         364
  C:32C6H         LINE#         365
  C:32C8H         LINE#         366
  C:32CBH         LINE#         367
  C:32CDH         LINE#         368
  C:32D0H         LINE#         369
  C:32D2H         LINE#         370
  C:32D5H         LINE#         371
  C:32D7H         LINE#         372
  -------         ENDPROC       SET_ALL_GPIO_INPUT_MODE
  -------         PROC          SW_RESET
  C:337DH         LINE#         375
  C:337DH         LINE#         376
  C:3380H         LINE#         377
  C:3383H         LINE#         378
  C:3396H         LINE#         380
  -------         ENDPROC       SW_RESET
  -------         PROC          FSYS_CLOCK_OUTPUT_ON_P26
  C:3706H         LINE#         382
  C:3706H         LINE#         383
  C:3709H         LINE#         384
  -------         ENDPROC       FSYS_CLOCK_OUTPUT_ON_P26
  -------         PROC          _PUTCHAR
  D:0007H         SYMBOL        c
  C:2F4EH         LINE#         393
  C:2F4EH         LINE#         431
  C:2F53H         LINE#         432
  C:2F56H         LINE#         433
  C:2F5BH         LINE#         434
  C:2F5BH         LINE#         435
  C:2F5DH         LINE#         436
  C:2F60H         LINE#         438
  C:2F65H         LINE#         439
  C:2F67H         LINE#         440
  C:2F67H         LINE#         441
  C:2F67H         LINE#         442
  C:2F6AH         LINE#         444
  C:2F6CH         LINE#         445
  C:2F6FH         LINE#         446
  C:2F6FH         LINE#         447
  C:2F72H         LINE#         448
  C:2F77H         LINE#         449
  C:2F77H         LINE#         450
  C:2F79H         LINE#         451
  C:2F7CH         LINE#         453
  C:2F81H         LINE#         454
  C:2F83H         LINE#         455
  C:2F83H         LINE#         456
  C:2F83H         LINE#         457
  C:2F86H         LINE#         459
  C:2F88H         LINE#         460
  C:2F8AH         LINE#         462
BL51 BANKED LINKER/LOCATER V6.22                                                      09/17/2017  10:10:00  PAGE 66


  -------         ENDPROC       _PUTCHAR
  -------         ENDMOD        COMMON

  -------         MODULE        DELAY
  C:0000H         SYMBOL        _ICE_DUMMY_
  D:0080H         PUBLIC        P0
  D:0090H         PUBLIC        P1
  D:00A0H         PUBLIC        P2
  D:00B0H         PUBLIC        P3
  D:008FH         PUBLIC        WKCON
  D:00D8H         PUBLIC        P5
  D:00A8H         PUBLIC        IE
  D:00B8H         PUBLIC        IP
  C:2D49H         PUBLIC        _Timer0_Delay1ms
  C:2DA2H         PUBLIC        _Timer1_Delay1ms
  C:2CEEH         PUBLIC        _Timer3_Delay1ms
  D:0098H         PUBLIC        SCON
  D:0089H         PUBLIC        TMOD
  D:0088H         PUBLIC        TCON
  C:294CH         PUBLIC        _?Random_Delay
  C:3297H         PUBLIC        _Delay10us
  D:00F8H         PUBLIC        SCON_1
  B:0088H.5       PUBLIC        TF0
  B:0088H.7       PUBLIC        TF1
  D:008CH         PUBLIC        TH0
  D:00C6H         PUBLIC        R3H
  D:008DH         PUBLIC        TH1
  D:008AH         PUBLIC        TL0
  C:2B75H         PUBLIC        _WakeUp_Timer_Delay25ms
  D:00C5H         PUBLIC        R3L
  D:008BH         PUBLIC        TL1
  B:0088H.4       PUBLIC        TR0
  B:0088H.6       PUBLIC        TR1
  D:00E8H         PUBLIC        ADCCON0
  D:00C0H         PUBLIC        I2CON
  D:00C8H         PUBLIC        T2CON
  D:00C4H         PUBLIC        T3CON
  D:008EH         PUBLIC        CKCON
  D:0086H         PUBLIC        RWK
  D:00D0H         PUBLIC        PSW
  -------         PROC          _?RANDOM_DELAY
  -------         DO            
  x:0000H         SYMBOL        u32CNT
  x:0004H         SYMBOL        u32Tmp
  -------         ENDDO         
  C:294CH         LINE#         36
  C:2952H         LINE#         37
  C:2952H         LINE#         41
  C:297DH         LINE#         42
  C:297DH         LINE#         43
  C:29A2H         LINE#         44
  C:29C9H         LINE#         45
  -------         ENDPROC       _?RANDOM_DELAY
  -------         PROC          _DELAY10US
  D:0006H         SYMBOL        u16CNT
  C:3297H         LINE#         47
  C:3297H         LINE#         48
BL51 BANKED LINKER/LOCATER V6.22                                                      09/17/2017  10:10:00  PAGE 67


  C:329AH         LINE#         49
  C:329DH         LINE#         50
  C:329FH         LINE#         51
  C:32A3H         LINE#         52
  C:32A6H         LINE#         53
  C:32A9H         LINE#         54
  C:32ACH         LINE#         56
  C:32AEH         LINE#         57
  C:32B3H         LINE#         58
  C:32B5H         LINE#         59
  C:32B7H         LINE#         60
  -------         ENDPROC       _DELAY10US
  -------         PROC          _TIMER0_DELAY1MS
  X:00BCH         SYMBOL        u32CNT
  C:2D49H         LINE#         62
  C:2D4FH         LINE#         63
  C:2D52H         LINE#         64
  C:2D55H         LINE#         65
  C:2D57H         LINE#         66
  C:2D70H         LINE#         67
  C:2D73H         LINE#         68
  C:2D76H         LINE#         69
  C:2D79H         LINE#         71
  C:2D7BH         LINE#         72
  C:2D9DH         LINE#         73
  C:2D9FH         LINE#         74
  C:2DA1H         LINE#         75
  -------         ENDPROC       _TIMER0_DELAY1MS
  -------         PROC          _TIMER1_DELAY1MS
  X:00C0H         SYMBOL        u32CNT
  C:2DA2H         LINE#         77
  C:2DA8H         LINE#         78
  C:2DABH         LINE#         79
  C:2DAEH         LINE#         80
  C:2DB0H         LINE#         81
  C:2DC9H         LINE#         82
  C:2DCCH         LINE#         83
  C:2DCFH         LINE#         84
  C:2DD2H         LINE#         86
  C:2DD4H         LINE#         87
  C:2DF6H         LINE#         88
  C:2DF8H         LINE#         89
  C:2DFAH         LINE#         90
  -------         ENDPROC       _TIMER1_DELAY1MS
  -------         PROC          _TIMER3_DELAY1MS
  X:00C4H         SYMBOL        u32CNT
  C:2CEEH         LINE#         92
  C:2CF4H         LINE#         93
  C:2CF7H         LINE#         94
  C:2CFAH         LINE#         95
  C:2D13H         LINE#         96
  C:2D16H         LINE#         97
  C:2D19H         LINE#         98
  C:2D1EH         LINE#         100
  C:2D21H         LINE#         101
  C:2D43H         LINE#         102
  C:2D45H         LINE#         103
BL51 BANKED LINKER/LOCATER V6.22                                                      09/17/2017  10:10:00  PAGE 68


  C:2D48H         LINE#         104
  -------         ENDPROC       _TIMER3_DELAY1MS
  -------         PROC          _WAKEUP_TIMER_DELAY25MS
  X:00C8H         SYMBOL        u32CNT
  C:2B75H         LINE#         106
  C:2B7BH         LINE#         107
  C:2B7BH         LINE#         108
  C:2B7EH         LINE#         109
  C:2B81H         LINE#         110
  C:2B84H         LINE#         112
  C:2B87H         LINE#         114
  C:2B8AH         LINE#         115
  C:2B8DH         LINE#         116
  C:2BA6H         LINE#         117
  C:2BABH         LINE#         119
  C:2BAEH         LINE#         120
  C:2BD0H         LINE#         121
  C:2BD2H         LINE#         122
  C:2BD5H         LINE#         123
  -------         ENDPROC       _WAKEUP_TIMER_DELAY25MS
  -------         ENDMOD        DELAY

  -------         MODULE        VERSION
  C:0000H         SYMBOL        _ICE_DUMMY_
  D:0080H         PUBLIC        P0
  D:0090H         PUBLIC        P1
  D:00A0H         PUBLIC        P2
  D:00B0H         PUBLIC        P3
  D:00D8H         PUBLIC        P5
  D:00A8H         PUBLIC        IE
  D:00B8H         PUBLIC        IP
  D:0098H         PUBLIC        SCON
  D:0088H         PUBLIC        TCON
  D:00F8H         PUBLIC        SCON_1
  C:2BD6H         PUBLIC        Show_FW_Version_Number_To_PC
  D:00E8H         PUBLIC        ADCCON0
  D:00C0H         PUBLIC        I2CON
  D:00C8H         PUBLIC        T2CON
  D:00D0H         PUBLIC        PSW
  -------         PROC          SHOW_FW_VERSION_NUMBER_TO_PC
  C:2BD6H         LINE#         32
  C:2BD6H         LINE#         33
  C:2BD6H         LINE#         34
  C:2BDFH         LINE#         35
  C:2BE8H         LINE#         36
  C:2BF1H         LINE#         37
  C:2C0BH         LINE#         38
  C:2C2CH         LINE#         39
  -------         ENDPROC       SHOW_FW_VERSION_NUMBER_TO_PC
  -------         ENDMOD        VERSION

  -------         MODULE        ?C_STARTUP
  C:27A0H         SEGMENT       ?C_C51STARTUP
  I:00BEH         SEGMENT       ?STACK
  C:0000H         PUBLIC        ?C_STARTUP
  D:00E0H         SYMBOL        ACC
  D:00F0H         SYMBOL        B
BL51 BANKED LINKER/LOCATER V6.22                                                      09/17/2017  10:10:00  PAGE 69


  D:0083H         SYMBOL        DPH
  D:0082H         SYMBOL        DPL
  N:0000H         SYMBOL        IBPSTACK
  N:0100H         SYMBOL        IBPSTACKTOP
  N:0080H         SYMBOL        IDATALEN
  C:27A3H         SYMBOL        IDATALOOP
  N:0000H         SYMBOL        PBPSTACK
  N:0000H         SYMBOL        PBPSTACKTOP
  N:0000H         SYMBOL        PDATALEN
  N:0000H         SYMBOL        PDATASTART
  N:0000H         SYMBOL        PPAGE
  N:0000H         SYMBOL        PPAGEENABLE
  D:00A0H         SYMBOL        PPAGE_SFR
  D:0081H         SYMBOL        SP
  C:27A0H         SYMBOL        STARTUP1
  N:0000H         SYMBOL        XBPSTACK
  N:0000H         SYMBOL        XBPSTACKTOP
  N:00FFH         SYMBOL        XDATALEN
  C:27AEH         SYMBOL        XDATALOOP
  N:0000H         SYMBOL        XDATASTART
  C:0000H         LINE#         92
  C:27A0H         LINE#         99
  C:27A2H         LINE#         100
  C:27A3H         LINE#         101
  C:27A4H         LINE#         102
  C:27A6H         LINE#         106
  C:27A9H         LINE#         107
  C:27ABH         LINE#         109
  C:27ADH         LINE#         113
  C:27AEH         LINE#         114
  C:27AFH         LINE#         115
  C:27B0H         LINE#         116
  C:27B2H         LINE#         117
  C:27B4H         LINE#         151
  C:27B7H         LINE#         155
  -------         ENDMOD        ?C_STARTUP

  -------         MODULE        ?C?COPY
  C:116EH         PUBLIC        ?C?COPY
  -------         ENDMOD        ?C?COPY

  -------         MODULE        ?C?CLDPTR
  C:1194H         PUBLIC        ?C?CLDPTR
  -------         ENDMOD        ?C?CLDPTR

  -------         MODULE        ?C?CLDOPTR
  C:11ADH         PUBLIC        ?C?CLDOPTR
  -------         ENDMOD        ?C?CLDOPTR

  -------         MODULE        ?C?CILDOPTR
  C:11DAH         PUBLIC        ?C?CILDOPTR
  -------         ENDMOD        ?C?CILDOPTR

  -------         MODULE        ?C?CSTOPTR
  C:120DH         PUBLIC        ?C?CSTOPTR
  -------         ENDMOD        ?C?CSTOPTR

BL51 BANKED LINKER/LOCATER V6.22                                                      09/17/2017  10:10:00  PAGE 70


  -------         MODULE        ?C?UIDIV
  C:122FH         PUBLIC        ?C?UIDIV
  -------         ENDMOD        ?C?UIDIV

  -------         MODULE        ?C?IILDX
  C:1284H         PUBLIC        ?C?IILDX
  -------         ENDMOD        ?C?IILDX

  -------         MODULE        ?C?ILDOPTR
  C:129AH         PUBLIC        ?C?ILDOPTR
  -------         ENDMOD        ?C?ILDOPTR

  -------         MODULE        ?C?IILDOPTR
  C:12D2H         PUBLIC        ?C?IILDOPTR
  -------         ENDMOD        ?C?IILDOPTR

  -------         MODULE        ?C?ISTOPTR
  C:131FH         PUBLIC        ?C?ISTOPTR
  -------         ENDMOD        ?C?ISTOPTR

  -------         MODULE        ?C?ULDIV
  C:1388H         PUBLIC        ?C?ULDIV
  -------         ENDMOD        ?C?ULDIV

  -------         MODULE        ?C?ULCMP
  C:141AH         PUBLIC        ?C?ULCMP
  -------         ENDMOD        ?C?ULCMP

  -------         MODULE        ?C?ULSHR
  C:142BH         PUBLIC        ?C?ULSHR
  -------         ENDMOD        ?C?ULSHR

  -------         MODULE        ?C?LSTXDATA
  C:143EH         PUBLIC        ?C?LSTXDATA
  -------         ENDMOD        ?C?LSTXDATA

  -------         MODULE        ?C?LSTKXDATA
  C:144AH         PUBLIC        ?C?LSTKXDATA
  -------         ENDMOD        ?C?LSTKXDATA

  -------         MODULE        ?C?PLDPTR
  C:147BH         PUBLIC        ?C?PLDPTR
  -------         ENDMOD        ?C?PLDPTR

  -------         MODULE        ?C?CCASE
  C:149BH         PUBLIC        ?C?CCASE
  -------         ENDMOD        ?C?CCASE

  -------         MODULE        ?C?ICALL
  C:14C1H         PUBLIC        ?C?ICALL
  C:14C5H         PUBLIC        ?C?ICALL2
  -------         ENDMOD        ?C?ICALL

  -------         MODULE        ?C_XBP
  D:000DH         PUBLIC        ?C_XBP
  -------         ENDMOD        ?C_XBP

BL51 BANKED LINKER/LOCATER V6.22                                                      09/17/2017  10:10:00  PAGE 71


  -------         MODULE        ?C?ADDXBP
  C:14C7H         PUBLIC        ?C?ADDXBP
  -------         ENDMOD        ?C?ADDXBP

  -------         MODULE        ?C?XBPOFF
  C:14EBH         PUBLIC        ?C?XBPOFF
  -------         ENDMOD        ?C?XBPOFF

  -------         MODULE        PRINTF
  X:001AH         PUBLIC        ?_PRINTF517?BYTE
  X:001AH         PUBLIC        ?_PRINTF?BYTE
  X:001AH         PUBLIC        ?_SPRINTF517?BYTE
  X:001AH         PUBLIC        ?_SPRINTF?BYTE
  C:1B20H         PUBLIC        _PRINTF
  C:1B20H         PUBLIC        _PRINTF517
  C:1B1AH         PUBLIC        _SPRINTF
  C:1B1AH         PUBLIC        _SPRINTF517
  -------         ENDMOD        PRINTF

  -------         MODULE        ?C?STRCPY
  C:15C4H         PUBLIC        ?C?STRCPY
  -------         ENDMOD        ?C?STRCPY

  -------         MODULE        STRLEN
  C:33F4H         PUBLIC        _STRLEN
  -------         ENDMOD        STRLEN

  -------         MODULE        ?C?MEMSET
  C:15E1H         PUBLIC        ?C?MEMSET
  -------         ENDMOD        ?C?MEMSET

  -------         MODULE        ?C?CSTPTR
  C:160DH         PUBLIC        ?C?CSTPTR
  -------         ENDMOD        ?C?CSTPTR

  -------         MODULE        ?C?PLDIDATA
  C:161FH         PUBLIC        ?C?PLDIDATA
  -------         ENDMOD        ?C?PLDIDATA

  -------         MODULE        ?C?PLDXDATA
  C:1628H         PUBLIC        ?C?PLDXDATA
  -------         ENDMOD        ?C?PLDXDATA

  -------         MODULE        ?C?PLDIXDATA
  C:1631H         PUBLIC        ?C?PLDIXDATA
  -------         ENDMOD        ?C?PLDIXDATA

  -------         MODULE        ?C?PSTXDATA
  C:1648H         PUBLIC        ?C?PSTXDATA
  -------         ENDMOD        ?C?PSTXDATA

  -------         MODULE        ?C?PLDPDATA
  C:1651H         PUBLIC        ?C?PLDPDATA
  -------         ENDMOD        ?C?PLDPDATA

  -------         MODULE        ?C?PLDCODE
  C:165AH         PUBLIC        ?C?PLDCODE
BL51 BANKED LINKER/LOCATER V6.22                                                      09/17/2017  10:10:00  PAGE 72


  -------         ENDMOD        ?C?PLDCODE

Program Size: data=184.2 xdata=204 code=14112
LINK/LOCATE RUN COMPLETE.  0 WARNING(S),  0 ERROR(S)
