BL51 BANKED LINKER/LOCATER V6.22                                                        09/05/2017  23:07:02  PAGE 1


BL51 BANKED LINKER/LOCATER V6.22, INVOKED BY:
C:\KEIL_V5\C51\BIN\BL51.EXE .\Out\Objects\main.obj, .\Out\Objects\app_key.obj, .\Out\Objects\app_work.obj, .\Out\Objects
>> \app_repeat_exe.obj, .\Out\Objects\app_2d4.obj, .\Out\Objects\app_lcd.obj, .\Out\Objects\bsp.obj, .\Out\Objects\bsp_k
>> ey.obj, .\Out\Objects\bsp_display.obj, .\Out\Objects\bsp_timer0.obj, .\Out\Objects\bsp_adc.obj, .\Out\Objects\bsp_key
>> Bright.obj, .\Out\Objects\bsp_lcdBright.obj, .\Out\Objects\bsp_2d4.obj, .\Out\Objects\Common.obj, .\Out\Objects\Delay
>> .obj, .\Out\Objects\Version.obj, .\Out\Objects\STARTUP.obj TO .\Out\Objects\project PRINT (.\Out\Listings\project.m51
>> ) RAMSIZE (256) DISABLEWARNING (16)


MEMORY MODEL: LARGE


INPUT MODULES INCLUDED:
  .\Out\Objects\main.obj (MAIN)
  .\Out\Objects\app_key.obj (APP_KEY)
  .\Out\Objects\app_work.obj (APP_WORK)
  .\Out\Objects\app_repeat_exe.obj (APP_REPEAT_EXE)
  .\Out\Objects\app_2d4.obj (APP_2D4)
  .\Out\Objects\app_lcd.obj (APP_LCD)
  .\Out\Objects\bsp.obj (BSP)
  .\Out\Objects\bsp_key.obj (BSP_KEY)
  .\Out\Objects\bsp_display.obj (BSP_DISPLAY)
  .\Out\Objects\bsp_timer0.obj (BSP_TIMER0)
  .\Out\Objects\bsp_adc.obj (BSP_ADC)
  .\Out\Objects\bsp_keyBright.obj (BSP_KEYBRIGHT)
  .\Out\Objects\bsp_lcdBright.obj (BSP_LCDBRIGHT)
  .\Out\Objects\bsp_2d4.obj (BSP_2D4)
  .\Out\Objects\Common.obj (COMMON)
  .\Out\Objects\Delay.obj (DELAY)
  .\Out\Objects\Version.obj (VERSION)
  .\Out\Objects\STARTUP.obj (?C_STARTUP)
  C:\KEIL_V5\C51\LIB\C51L.LIB (?C_INIT)
  C:\KEIL_V5\C51\LIB\C51L.LIB (?C?COPY)
  C:\KEIL_V5\C51\LIB\C51L.LIB (?C?CLDPTR)
  C:\KEIL_V5\C51\LIB\C51L.LIB (?C?CLDOPTR)
  C:\KEIL_V5\C51\LIB\C51L.LIB (?C?CILDOPTR)
  C:\KEIL_V5\C51\LIB\C51L.LIB (?C?CSTOPTR)
  C:\KEIL_V5\C51\LIB\C51L.LIB (?C?UIDIV)
  C:\KEIL_V5\C51\LIB\C51L.LIB (?C?IILDX)
  C:\KEIL_V5\C51\LIB\C51L.LIB (?C?ILDOPTR)
  C:\KEIL_V5\C51\LIB\C51L.LIB (?C?IILDOPTR)
  C:\KEIL_V5\C51\LIB\C51L.LIB (?C?ISTOPTR)
  C:\KEIL_V5\C51\LIB\C51L.LIB (?C?ULDIV)
  C:\KEIL_V5\C51\LIB\C51L.LIB (?C?ULCMP)
  C:\KEIL_V5\C51\LIB\C51L.LIB (?C?ULSHR)
  C:\KEIL_V5\C51\LIB\C51L.LIB (?C?LSTXDATA)
  C:\KEIL_V5\C51\LIB\C51L.LIB (?C?LSTKXDATA)
  C:\KEIL_V5\C51\LIB\C51L.LIB (?C?PLDPTR)
  C:\KEIL_V5\C51\LIB\C51L.LIB (?C?CCASE)
  C:\KEIL_V5\C51\LIB\C51L.LIB (?C?ICALL)
  C:\KEIL_V5\C51\LIB\C51L.LIB (?C_XBP)
  C:\KEIL_V5\C51\LIB\C51L.LIB (?C?ADDXBP)
  C:\KEIL_V5\C51\LIB\C51L.LIB (?C?XBPOFF)
  C:\KEIL_V5\C51\LIB\C51L.LIB (PRINTF)
  C:\KEIL_V5\C51\LIB\C51L.LIB (?C?STRCPY)
  C:\KEIL_V5\C51\LIB\C51L.LIB (STRLEN)
  C:\KEIL_V5\C51\LIB\C51L.LIB (?C?MEMSET)
  C:\KEIL_V5\C51\LIB\C51L.LIB (?C?CSTPTR)
BL51 BANKED LINKER/LOCATER V6.22                                                      09/05/2017  23:07:02  PAGE 2


  C:\KEIL_V5\C51\LIB\C51L.LIB (?C?PLDIDATA)
  C:\KEIL_V5\C51\LIB\C51L.LIB (?C?PLDXDATA)
  C:\KEIL_V5\C51\LIB\C51L.LIB (?C?PLDIXDATA)
  C:\KEIL_V5\C51\LIB\C51L.LIB (?C?PSTXDATA)
  C:\KEIL_V5\C51\LIB\C51L.LIB (?C?PLDPDATA)
  C:\KEIL_V5\C51\LIB\C51L.LIB (?C?PLDCODE)


LINK MAP OF MODULE:  .\Out\Objects\project (MAIN)


            TYPE    BASE      LENGTH    RELOCATION   SEGMENT NAME
            -----------------------------------------------------

            * * * * * * *   D A T A   M E M O R Y   * * * * * * *
            REG     0000H     0008H     ABSOLUTE     "REG BANK 0"
            DATA    0008H     0005H     UNIT         _DATA_GROUP_
            DATA    000DH     0002H     UNIT         ?C?LIB_DATA
            IDATA   000FH     0006H     UNIT         ?ID?APP_WORK
            IDATA   0015H     0005H     UNIT         ?ID?BSP_ADC
                    001AH     0006H                  *** GAP ***
            BIT     0020H.0   0001H.1   UNIT         _BIT_GROUP_
            BIT     0021H.1   0000H.1   UNIT         ?BI?BSP
                    0021H.2   0000H.6                *** GAP ***
            IDATA   0022H     007BH     UNIT         ?ID?BSP_KEY
            IDATA   009DH     0021H     UNIT         ?ID?APP_2D4
            IDATA   00BEH     0001H     UNIT         ?STACK

            * * * * * * *  X D A T A   M E M O R Y  * * * * * * *
            XDATA   0000H     0042H     UNIT         _XDATA_GROUP_
            XDATA   0042H     0013H     UNIT         ?XD?_RF_CARRIER?BSP_2D4
            XDATA   0055H     0012H     UNIT         ?XD?MAIN
            XDATA   0067H     0012H     UNIT         ?XD?APP_REPEAT_EXE
            XDATA   0079H     0010H     UNIT         ?XD?APP_2D4
            XDATA   0089H     0010H     UNIT         ?XD?APP_LCD
            XDATA   0099H     000BH     UNIT         ?XD?BSP_TIMER0
            XDATA   00A4H     0007H     UNIT         ?XD?BSP_KEY
            XDATA   00ABH     0005H     UNIT         ?XD?BSP_2D4
            XDATA   00B0H     0004H     UNIT         ?XD?_INITIALUART0_TIMER3_TYPE5?COMMON
            XDATA   00B4H     0004H     UNIT         ?XD?_INITIALUART0_TIMER3_TYPE6?COMMON
            XDATA   00B8H     0004H     UNIT         ?XD?_INITIALUART1_TIMER3?COMMON
            XDATA   00BCH     0004H     UNIT         ?XD?_TIMER0_DELAY1MS?DELAY
            XDATA   00C0H     0004H     UNIT         ?XD?_TIMER1_DELAY1MS?DELAY
            XDATA   00C4H     0004H     UNIT         ?XD?_TIMER3_DELAY1MS?DELAY
            XDATA   00C8H     0004H     UNIT         ?XD?_WAKEUP_TIMER_DELAY25MS?DELAY

            * * * * * * *   C O D E   M E M O R Y   * * * * * * *
            CODE    0000H     0003H     ABSOLUTE     
            CODE    0003H     0008H     UNIT         ?CO?APP_LCD
            CODE    000BH     0003H     ABSOLUTE     
            CODE    000EH     004DH     UNIT         ?PR?APP_2D4_PRO?APP_2D4
            CODE    005BH     0003H     ABSOLUTE     
            CODE    005EH     08FAH     UNIT         ?PR?_LCD_SHOWCHAR?BSP_DISPLAY
            CODE    0958H     0668H     UNIT         ?PR?_APP_2D4_RCV?APP_2D4
            CODE    0FC0H     05C8H     UNIT         ?C?LIB_CODE
            CODE    1588H     044FH     UNIT         ?PR?_APP_KEY_PRO?APP_KEY
            CODE    19D7H     0365H     UNIT         ?PR?PRINTF?PRINTF
BL51 BANKED LINKER/LOCATER V6.22                                                      09/05/2017  23:07:02  PAGE 3


            CODE    1D3CH     0154H     UNIT         ?PR?_BSP_DETECTKEY?BSP_KEY
            CODE    1E90H     0145H     UNIT         ?PR?_SYSTEM_CLOCK_SELECT?COMMON
            CODE    1FD5H     012EH     UNIT         ?PR?RF_INIT?BSP_2D4
            CODE    2103H     0112H     UNIT         ?CO?VERSION
            CODE    2215H     00E4H     UNIT         ?PR?_LCD_CLEAR_MI?BSP_DISPLAY
            CODE    22F9H     00E3H     UNIT         ?PR?_RF_CARRIER?BSP_2D4
            CODE    23DCH     00DFH     UNIT         ?CO?APP_2D4
            CODE    24BBH     00B5H     UNIT         ?PR?REPEAT_PRO?APP_REPEAT_EXE
            CODE    2570H     00B0H     UNIT         ?PR?BSP_INITKEYVAR?BSP_KEY
            CODE    2620H     00A2H     UNIT         ?PR?_LCD_SHOWSTRING?BSP_DISPLAY
            CODE    26C2H     009AH     UNIT         ?C_C51STARTUP
            CODE    275CH     008FH     UNIT         ?PR?MAIN?MAIN
            CODE    27EBH     0083H     UNIT         ?C_INITSEG
            CODE    286EH     0083H     UNIT         ?PR?_?RANDOM_DELAY?DELAY
            CODE    28F1H     0079H     UNIT         ?PR?TIMER0_ISR?BSP_TIMER0
            CODE    296AH     0067H     UNIT         ?PR?_ISKEYDOWN?BSP_KEY
            CODE    29D1H     0063H     UNIT         ?PR?_INITIALUART0_TIMER3_TYPE5?COMMON
            CODE    2A34H     0063H     UNIT         ?PR?_INITIALUART0_TIMER3_TYPE6?COMMON
            CODE    2A97H     0061H     UNIT         ?PR?_WAKEUP_TIMER_DELAY25MS?DELAY
            CODE    2AF8H     005FH     UNIT         ?PR?SHOW_FW_VERSION_NUMBER_TO_PC?VERSION
            CODE    2B57H     005DH     UNIT         ?PR?_INITIALUART1_TIMER3?COMMON
            CODE    2BB4H     005CH     UNIT         ?PR?ADC_ISR?MAIN
            CODE    2C10H     005BH     UNIT         ?PR?_TIMER3_DELAY1MS?DELAY
            CODE    2C6BH     0059H     UNIT         ?PR?_TIMER0_DELAY1MS?DELAY
            CODE    2CC4H     0059H     UNIT         ?PR?_TIMER1_DELAY1MS?DELAY
            CODE    2D1DH     0051H     UNIT         ?PR?_APP_2D4_SEND?APP_2D4
            CODE    2D6EH     0043H     UNIT         ?PR?_RF_WRITEBUF?BSP_2D4
            CODE    2DB1H     0043H     UNIT         ?PR?_RF_TXDATA?BSP_2D4
            CODE    2DF4H     003FH     UNIT         ?PR?_RF_READBUF?BSP_2D4
            CODE    2E33H     003DH     UNIT         ?PR?VOL_RESP?APP_2D4
            CODE    2E70H     003DH     UNIT         ?PR?_PUTCHAR?COMMON
            CODE    2EADH     0036H     UNIT         ?PR?LCD_DISPLAY_INITHARD?BSP_DISPLAY
            CODE    2EE3H     0033H     UNIT         ?PR?ADC_INIT?BSP_ADC
            CODE    2F16H     0032H     UNIT         ?PR?_REPEAT_START?APP_REPEAT_EXE
            CODE    2F48H     0032H     UNIT         ?PR?USB_TRACK_SHOW_LCD_RESP?APP_2D4
            CODE    2F7AH     0030H     UNIT         ?PR?FM_STATION_SHOW_LCD_RESP?APP_2D4
            CODE    2FAAH     002AH     UNIT         ?PR?_INITIALUART0_TIMER1_TYPE3?COMMON
            CODE    2FD4H     002AH     UNIT         ?PR?_INITIALUART0_TIMER1_TYPE4?COMMON
            CODE    2FFEH     0029H     UNIT         ?PR?_UCRF_DUMPRXDATA?BSP_2D4
            CODE    3027H     0029H     UNIT         ?PR?_INITIALUART0_TIMER1_TYPE1?COMMON
            CODE    3050H     0028H     UNIT         ?PR?_INITIALUART0_TIMER1_TYPE2?COMMON
            CODE    3078H     0026H     UNIT         ?PR?TIMER0_PARAMINIT?BSP_TIMER0
            CODE    309EH     0026H     UNIT         ?PR?RF_RXMODE?BSP_2D4
            CODE    30C4H     0025H     UNIT         ?PR?APP_2D4_INIT?APP_2D4
            CODE    30E9H     0024H     UNIT         ?PR?_BSP_SETKEYPARAM?BSP_KEY
            CODE    310DH     0024H     UNIT         ?CO?BSP_2D4
            CODE    3131H     0023H     UNIT         ?PR?TIMER0_INITHARD?BSP_TIMER0
            CODE    3154H     0023H     UNIT         ?PR?_SPI_WR?BSP_2D4
            CODE    3177H     0021H     UNIT         ?PR?_APP_LCD_DEFAULT_STRING_SET?APP_LCD
            CODE    3198H     0021H     UNIT         ?PR?ADC_START?BSP_ADC
            CODE    31B9H     0021H     UNIT         ?PR?_DELAY10US?DELAY
            CODE    31DAH     0020H     UNIT         ?PR?SET_ALL_GPIO_INPUT_MODE?COMMON
            CODE    31FAH     001DH     UNIT         ?PR?_SPI_WW?BSP_2D4
            CODE    3217H     001CH     UNIT         ?PR?BSP_GETKEY?BSP_KEY
            CODE    3233H     001CH     UNIT         ?PR?BSP_GETKEY2?BSP_KEY
            CODE    324FH     001BH     UNIT         ?PR?BSP_INIT?BSP
            CODE    326AH     001BH     UNIT         ?PR?BSP_KEYSCAN?BSP_KEY
BL51 BANKED LINKER/LOCATER V6.22                                                      09/05/2017  23:07:02  PAGE 4


            CODE    3285H     001AH     UNIT         ?PR?SET_ALL_GPIO_QUASI_MODE?COMMON
            CODE    329FH     001AH     UNIT         ?PR?SW_RESET?COMMON
            CODE    32B9H     0019H     UNIT         ?PR?UCSPI_READ?BSP_2D4
            CODE    32D2H     0018H     UNIT         ?PR?APP_LCD_INIT?APP_LCD
            CODE    32EAH     0016H     UNIT         ?PR?SPEAKER_STATUS_RESP?APP_2D4
            CODE    3300H     0016H     UNIT         ?PR?RELAY_STATUS_RESP?APP_2D4
            CODE    3316H     0015H     UNIT         ?PR?_STRLEN?STRLEN
            CODE    332BH     0014H     UNIT         ?PR?REPEAT_STOP?APP_REPEAT_EXE
            CODE    333FH     0014H     UNIT         ?PR?_BSP_PUTKEY?BSP_KEY
            CODE    3353H     0013H     UNIT         ?PR?WIRELESS2D4_INITHARD?BSP_2D4
            CODE    3366H     0013H     UNIT         ?PR?_RF_WRITEREG?BSP_2D4
            CODE    3379H     0013H     UNIT         ?PR?_UCRF_READREG?BSP_2D4
            CODE    338CH     0012H     UNIT         ?PR?FM_SCANNING_SHOW_LCD_RESP?APP_2D4
            CODE    339EH     0012H     UNIT         ?PR?ISKEYDOWN_1AND6?BSP_KEY
            CODE    33B0H     0010H     UNIT         ?PR?REPEAT_START_EXE?APP_REPEAT_EXE
            CODE    33C0H     0010H     UNIT         ?PR?REPEAT_STOP_EXE?APP_REPEAT_EXE
            CODE    33D0H     000FH     UNIT         ?PR?CLEAR_LCD_RESP?APP_2D4
            CODE    33DFH     000FH     UNIT         ?PR?USB_PAUSE_SHOW_LCD_RESP?APP_2D4
            CODE    33EEH     000FH     UNIT         ?PR?BT_NEXT_SHOW_LCD_RESP?APP_2D4
            CODE    33FDH     000FH     UNIT         ?PR?BT_PREV_SHOW_LCD_RESP?APP_2D4
            CODE    340CH     000FH     UNIT         ?PR?APP_LCD_PRO?APP_LCD
            CODE    341BH     000FH     UNIT         ?PR?ISKEYDOWN2?BSP_KEY
            CODE    342AH     000FH     UNIT         ?PR?ISKEYDOWN3?BSP_KEY
            CODE    3439H     000FH     UNIT         ?PR?ISKEYDOWN4?BSP_KEY
            CODE    3448H     000FH     UNIT         ?PR?ISKEYDOWN8?BSP_KEY
            CODE    3457H     000FH     UNIT         ?PR?ISKEYDOWN9?BSP_KEY
            CODE    3466H     000FH     UNIT         ?PR?RF_TXMODE?BSP_2D4
            CODE    3475H     000EH     UNIT         ?PR?ISKEYDOWN5?BSP_KEY
            CODE    3483H     000EH     UNIT         ?PR?_RF_SETCHANNEL?BSP_2D4
            CODE    3491H     000DH     UNIT         ?PR?LCD_CLEAR_ALL?BSP_DISPLAY
            CODE    349EH     000DH     UNIT         ?PR?LCD_CLEAR_MI_ALL?BSP_DISPLAY
            CODE    34ABH     000CH     UNIT         ?PR?_REPEAT_SETSTART?APP_REPEAT_EXE
            CODE    34B7H     000CH     UNIT         ?PR?_REPEAT_SETSTOP?APP_REPEAT_EXE
            CODE    34C3H     000CH     UNIT         ?PR?RF_CLEARFIFO?BSP_2D4
            CODE    34CFH     000BH     UNIT         ?PR?_BSP_GETKEYSTATE?BSP_KEY
            CODE    34DAH     000AH     UNIT         ?PR?APP_REPEAT_ISENABLE?APP_REPEAT_EXE
            CODE    34E4H     000AH     UNIT         ?PR?UCRF_GETSTATUS?BSP_2D4
            CODE    34EEH     0009H     UNIT         ?PR?BT_PAUSE_SHOW_LCD_RESP?APP_2D4
            CODE    34F7H     0009H     UNIT         ?PR?BT_PLAY_SHOW_LCD_RESP?APP_2D4
            CODE    3500H     0009H     UNIT         ?PR?AUX_MUTE_SHOW_LCD_RESP?APP_2D4
            CODE    3509H     0009H     UNIT         ?PR?AUX_PLAY_SHOW_LCD_RESP?APP_2D4
            CODE    3512H     0009H     UNIT         ?PR?ISKEYDOWN1?BSP_KEY
            CODE    351BH     0009H     UNIT         ?PR?KEY_BRIGHT_INITHARD?BSP_KEYBRIGHT
            CODE    3524H     0009H     UNIT         ?PR?LCD_BRIGHT_INITHARD?BSP_LCDBRIGHT
            CODE    352DH     0008H     UNIT         ?PR?RECEIVE_DATA_FROM_UART0?COMMON
            CODE    3535H     0008H     UNIT         ?PR?_SEND_DATA_TO_UART0?COMMON
            CODE    353DH     0008H     UNIT         ?PR?RECEIVE_DATA_FROM_UART1?COMMON
            CODE    3545H     0008H     UNIT         ?PR?_SEND_DATA_TO_UART1?COMMON
            CODE    354DH     0007H     UNIT         ?CO?MAIN
            CODE    3554H     0007H     UNIT         ?PR?BSP_INITKEYHARD?BSP_KEY
            CODE    355BH     0007H     UNIT         ?PR?LCD_CLEAR_LED_ICO?BSP_DISPLAY
            CODE    3562H     0007H     UNIT         ?PR?LCD_SHOW_LED_ICO?BSP_DISPLAY
            CODE    3569H     0007H     UNIT         ?PR?LCD_CLEAR_FM_ICO?BSP_DISPLAY
            CODE    3570H     0007H     UNIT         ?PR?LCD_SHOW_FM_ICO?BSP_DISPLAY
            CODE    3577H     0007H     UNIT         ?PR?LCD_CLEAR_BLUETOOTH_ICO?BSP_DISPLAY
            CODE    357EH     0007H     UNIT         ?PR?LCD_SHOW_BLUETOOTH_ICO?BSP_DISPLAY
            CODE    3585H     0007H     UNIT         ?PR?LCD_CLEAR_AUX_ICO?BSP_DISPLAY
BL51 BANKED LINKER/LOCATER V6.22                                                      09/05/2017  23:07:02  PAGE 5


            CODE    358CH     0007H     UNIT         ?PR?LCD_SHOW_AUX_ICO?BSP_DISPLAY
            CODE    3593H     0007H     UNIT         ?PR?LCD_CLEAR_USB_ICO?BSP_DISPLAY
            CODE    359AH     0007H     UNIT         ?PR?LCD_SHOW_USB_ICO?BSP_DISPLAY
            CODE    35A1H     0007H     UNIT         ?PR?LCD_CLEAR_MHZ_ICO?BSP_DISPLAY
            CODE    35A8H     0007H     UNIT         ?PR?LCD_SHOW_MHZ_ICO?BSP_DISPLAY
            CODE    35AFH     0007H     UNIT         ?PR?LCD_CLEAR_BAZOOKA_ICO?BSP_DISPLAY
            CODE    35B6H     0007H     UNIT         ?PR?LCD_SHOW_BAZOOKA_ICO?BSP_DISPLAY
            CODE    35BDH     0007H     UNIT         ?PR?LCD_CLEAR_UPCOLON_ICO?BSP_DISPLAY
            CODE    35C4H     0007H     UNIT         ?PR?LCD_SHOW_UPCOLON_ICO?BSP_DISPLAY
            CODE    35CBH     0007H     UNIT         ?PR?LCD_CLEAR_DOWNCOLON_ICO?BSP_DISPLAY
            CODE    35D2H     0007H     UNIT         ?PR?LCD_SHOW_DOWNCOLON_ICO?BSP_DISPLAY
            CODE    35D9H     0007H     UNIT         ?PR?RF_CLEARSTATUS?BSP_2D4
            CODE    35E0H     0006H     UNIT         ?PR?ISKEYDOWN6?BSP_KEY
            CODE    35E6H     0006H     UNIT         ?PR?ISKEYDOWN7?BSP_KEY
            CODE    35ECH     0006H     UNIT         ?PR?BSP_INITKEY?BSP_KEY
            CODE    35F2H     0006H     UNIT         ?PR?BSP_CLEARKEY?BSP_KEY
            CODE    35F8H     0006H     UNIT         ?PR?LCD_CLEAR_COLON_ICO?BSP_DISPLAY
            CODE    35FEH     0006H     UNIT         ?PR?LCD_SHOW_COLON_ICO?BSP_DISPLAY
            CODE    3604H     0006H     UNIT         ?PR?UCRF_GETRSSI?BSP_2D4
            CODE    360AH     0004H     UNIT         ?PR?FSYS_CLOCK_OUTPUT_ON_P26?COMMON
            CODE    360EH     0003H     UNIT         ?PR?APP_WORK_INIT?APP_WORK
            CODE    3611H     0003H     UNIT         ?PR?KEY_BRIGHT_OFF?BSP_KEYBRIGHT
            CODE    3614H     0003H     UNIT         ?PR?KEY_BRIGHT_ON?BSP_KEYBRIGHT
            CODE    3617H     0003H     UNIT         ?PR?KEY_BRIGHT_TOGGLE?BSP_KEYBRIGHT
            CODE    361AH     0003H     UNIT         ?PR?LCD_BRIGHT_OFF?BSP_LCDBRIGHT
            CODE    361DH     0003H     UNIT         ?PR?LCD_BRIGHT_ON?BSP_LCDBRIGHT
            CODE    3620H     0001H     UNIT         ?PR?APP_WORK_1S_PRO?APP_WORK
            CODE    3621H     0001H     UNIT         ?PR?APP_WORK_100MS_PRO?APP_WORK
            CODE    3622H     0001H     UNIT         ?PR?APP_WORK_PRO?APP_WORK
            CODE    3623H     0001H     UNIT         ?PR?SPI_INIT?BSP_2D4



OVERLAY MAP OF MODULE:   .\Out\Objects\project (MAIN)


SEGMENT                                             BIT_GROUP          DATA_GROUP          XDATA_GROUP
  +--> CALLED SEGMENT                            START    LENGTH     START    LENGTH     START    LENGTH
--------------------------------------------------------------------------------------------------------
?C_C51STARTUP                                    -----    -----      -----    -----      -----    -----
  +--> ?PR?MAIN?MAIN
  +--> ?C_INITSEG

?PR?MAIN?MAIN                                    -----    -----      -----    -----      0000H    0002H
  +--> ?PR?_SYSTEM_CLOCK_SELECT?COMMON
  +--> ?PR?BSP_INIT?BSP
  +--> ?PR?APP_2D4_INIT?APP_2D4
  +--> ?PR?APP_LCD_INIT?APP_LCD
  +--> ?PR?APP_WORK_INIT?APP_WORK
  +--> ?PR?ADC_START?BSP_ADC
  +--> ?PR?BSP_KEYSCAN?BSP_KEY
  +--> ?PR?REPEAT_PRO?APP_REPEAT_EXE
  +--> ?PR?APP_LCD_PRO?APP_LCD
  +--> ?CO?MAIN
  +--> ?PR?PRINTF?PRINTF
  +--> ?PR?APP_2D4_PRO?APP_2D4
  +--> ?PR?BSP_GETKEY?BSP_KEY
BL51 BANKED LINKER/LOCATER V6.22                                                      09/05/2017  23:07:02  PAGE 6


  +--> ?PR?_APP_KEY_PRO?APP_KEY

?PR?BSP_INIT?BSP                                 -----    -----      -----    -----      -----    -----
  +--> ?PR?SET_ALL_GPIO_INPUT_MODE?COMMON
  +--> ?PR?LCD_DISPLAY_INITHARD?BSP_DISPLAY
  +--> ?PR?ADC_INIT?BSP_ADC
  +--> ?PR?BSP_INITKEY?BSP_KEY
  +--> ?PR?KEY_BRIGHT_INITHARD?BSP_KEYBRIGHT
  +--> ?PR?TIMER0_INITHARD?BSP_TIMER0
  +--> ?PR?WIRELESS2D4_INITHARD?BSP_2D4
  +--> ?PR?LCD_BRIGHT_INITHARD?BSP_LCDBRIGHT

?PR?LCD_DISPLAY_INITHARD?BSP_DISPLAY             -----    -----      -----    -----      -----    -----
  +--> ?PR?LCD_CLEAR_ALL?BSP_DISPLAY

?PR?BSP_INITKEY?BSP_KEY                          -----    -----      -----    -----      -----    -----
  +--> ?PR?BSP_INITKEYVAR?BSP_KEY
  +--> ?PR?BSP_INITKEYHARD?BSP_KEY

?PR?BSP_INITKEYVAR?BSP_KEY                       -----    -----      -----    -----      -----    -----
  +--> ?PR?ISKEYDOWN1?BSP_KEY
  +--> ?PR?ISKEYDOWN2?BSP_KEY
  +--> ?PR?ISKEYDOWN3?BSP_KEY
  +--> ?PR?ISKEYDOWN4?BSP_KEY
  +--> ?PR?ISKEYDOWN5?BSP_KEY
  +--> ?PR?ISKEYDOWN6?BSP_KEY
  +--> ?PR?ISKEYDOWN7?BSP_KEY
  +--> ?PR?ISKEYDOWN8?BSP_KEY
  +--> ?PR?ISKEYDOWN9?BSP_KEY
  +--> ?PR?ISKEYDOWN_1AND6?BSP_KEY

?PR?ISKEYDOWN2?BSP_KEY                           -----    -----      -----    -----      -----    -----
  +--> ?PR?_ISKEYDOWN?BSP_KEY

?PR?ISKEYDOWN3?BSP_KEY                           -----    -----      -----    -----      -----    -----
  +--> ?PR?_ISKEYDOWN?BSP_KEY

?PR?ISKEYDOWN4?BSP_KEY                           -----    -----      -----    -----      -----    -----
  +--> ?PR?_ISKEYDOWN?BSP_KEY

?PR?ISKEYDOWN5?BSP_KEY                           -----    -----      -----    -----      -----    -----
  +--> ?PR?_ISKEYDOWN?BSP_KEY

?PR?ISKEYDOWN6?BSP_KEY                           -----    -----      -----    -----      -----    -----
  +--> ?PR?_ISKEYDOWN?BSP_KEY

?PR?ISKEYDOWN7?BSP_KEY                           -----    -----      -----    -----      -----    -----
  +--> ?PR?_ISKEYDOWN?BSP_KEY

?PR?ISKEYDOWN8?BSP_KEY                           -----    -----      -----    -----      -----    -----
  +--> ?PR?_ISKEYDOWN?BSP_KEY

?PR?ISKEYDOWN9?BSP_KEY                           -----    -----      -----    -----      -----    -----
  +--> ?PR?_ISKEYDOWN?BSP_KEY

?PR?ISKEYDOWN_1AND6?BSP_KEY                      -----    -----      -----    -----      -----    -----
  +--> ?PR?ISKEYDOWN1?BSP_KEY
BL51 BANKED LINKER/LOCATER V6.22                                                      09/05/2017  23:07:02  PAGE 7


  +--> ?PR?ISKEYDOWN6?BSP_KEY

?PR?KEY_BRIGHT_INITHARD?BSP_KEYBRIGHT            -----    -----      -----    -----      -----    -----
  +--> ?PR?KEY_BRIGHT_OFF?BSP_KEYBRIGHT

?PR?TIMER0_INITHARD?BSP_TIMER0                   -----    -----      -----    -----      -----    -----
  +--> ?PR?TIMER0_PARAMINIT?BSP_TIMER0

?PR?LCD_BRIGHT_INITHARD?BSP_LCDBRIGHT            -----    -----      -----    -----      -----    -----
  +--> ?PR?LCD_BRIGHT_ON?BSP_LCDBRIGHT

?PR?APP_2D4_INIT?APP_2D4                         -----    -----      -----    -----      -----    -----
  +--> ?PR?RF_INIT?BSP_2D4
  +--> ?PR?RF_RXMODE?BSP_2D4

?PR?RF_INIT?BSP_2D4                              -----    -----      -----    -----      0002H    0012H
  +--> ?CO?BSP_2D4
  +--> ?PR?SPI_INIT?BSP_2D4
  +--> ?PR?_RF_WRITEREG?BSP_2D4
  +--> ?PR?_RF_WRITEBUF?BSP_2D4

?PR?_RF_WRITEREG?BSP_2D4                         -----    -----      -----    -----      -----    -----
  +--> ?PR?_SPI_WW?BSP_2D4

?PR?_RF_WRITEBUF?BSP_2D4                         -----    -----      -----    -----      0014H    0005H
  +--> ?PR?_SPI_WW?BSP_2D4

?PR?RF_RXMODE?BSP_2D4                            -----    -----      -----    -----      -----    -----
  +--> ?PR?_RF_WRITEREG?BSP_2D4

?PR?APP_LCD_INIT?APP_LCD                         -----    -----      -----    -----      -----    -----
  +--> ?CO?APP_LCD
  +--> ?PR?_STRLEN?STRLEN

?PR?APP_WORK_INIT?APP_WORK                       -----    -----      -----    -----      -----    -----
  +--> ?PR?LCD_SHOW_BAZOOKA_ICO?BSP_DISPLAY

?PR?BSP_KEYSCAN?BSP_KEY                          -----    -----      -----    -----      0002H    0001H
  +--> ?PR?_BSP_DETECTKEY?BSP_KEY

?PR?_BSP_DETECTKEY?BSP_KEY                       -----    -----      -----    -----      0003H    0001H
  +--> ?PR?_BSP_PUTKEY?BSP_KEY

?PR?REPEAT_PRO?APP_REPEAT_EXE                    -----    -----      -----    -----      -----    -----
  +--> ?PR?REPEAT_STOP_EXE?APP_REPEAT_EXE
  +--> ?PR?REPEAT_START_EXE?APP_REPEAT_EXE

?PR?APP_LCD_PRO?APP_LCD                          -----    -----      -----    -----      -----    -----
  +--> ?PR?APP_REPEAT_ISENABLE?APP_REPEAT_EXE
  +--> ?PR?_LCD_SHOWSTRING?BSP_DISPLAY

?PR?_LCD_SHOWSTRING?BSP_DISPLAY                  0020H.0  0000H.1    -----    -----      001AH    0004H
  +--> ?PR?_STRLEN?STRLEN
  +--> ?PR?_LCD_SHOWCHAR?BSP_DISPLAY

?PR?_LCD_SHOWCHAR?BSP_DISPLAY                    -----    -----      -----    -----      -----    -----
  +--> ?PR?_LCD_CLEAR_MI?BSP_DISPLAY
BL51 BANKED LINKER/LOCATER V6.22                                                      09/05/2017  23:07:02  PAGE 8



?PR?PRINTF?PRINTF                                0020H.0  0001H.1    0008H    0005H      001AH    0028H
  +--> ?PR?_PUTCHAR?COMMON

?PR?APP_2D4_PRO?APP_2D4                          -----    -----      -----    -----      -----    -----
  +--> ?PR?UCRF_GETSTATUS?BSP_2D4
  +--> ?PR?RF_CLEARFIFO?BSP_2D4
  +--> ?PR?RF_CLEARSTATUS?BSP_2D4
  +--> ?PR?RF_RXMODE?BSP_2D4
  +--> ?PR?_RF_TXDATA?BSP_2D4
  +--> ?PR?_UCRF_DUMPRXDATA?BSP_2D4
  +--> ?PR?_APP_2D4_RCV?APP_2D4

?PR?UCRF_GETSTATUS?BSP_2D4                       -----    -----      -----    -----      -----    -----
  +--> ?PR?_UCRF_READREG?BSP_2D4

?PR?_UCRF_READREG?BSP_2D4                        -----    -----      -----    -----      -----    -----
  +--> ?PR?_SPI_WR?BSP_2D4
  +--> ?PR?UCSPI_READ?BSP_2D4

?PR?RF_CLEARFIFO?BSP_2D4                         -----    -----      -----    -----      -----    -----
  +--> ?PR?_RF_WRITEREG?BSP_2D4

?PR?RF_CLEARSTATUS?BSP_2D4                       -----    -----      -----    -----      -----    -----
  +--> ?PR?_RF_WRITEREG?BSP_2D4

?PR?_RF_TXDATA?BSP_2D4                           -----    -----      -----    -----      0002H    0002H
  +--> ?PR?UCRF_GETSTATUS?BSP_2D4
  +--> ?PR?_RF_WRITEBUF?BSP_2D4
  +--> ?PR?_RF_WRITEREG?BSP_2D4

?PR?_UCRF_DUMPRXDATA?BSP_2D4                     -----    -----      -----    -----      -----    -----
  +--> ?PR?UCRF_GETSTATUS?BSP_2D4
  +--> ?PR?_RF_WRITEREG?BSP_2D4
  +--> ?PR?_RF_READBUF?BSP_2D4
  +--> ?PR?RF_CLEARFIFO?BSP_2D4
  +--> ?PR?RF_CLEARSTATUS?BSP_2D4

?PR?_RF_READBUF?BSP_2D4                          -----    -----      -----    -----      0002H    0005H
  +--> ?PR?_SPI_WR?BSP_2D4
  +--> ?PR?UCSPI_READ?BSP_2D4

?PR?_APP_2D4_RCV?APP_2D4                         -----    -----      -----    -----      0002H    0008H
  +--> ?PR?KEY_BRIGHT_TOGGLE?BSP_KEYBRIGHT
  +--> ?PR?SPEAKER_STATUS_RESP?APP_2D4
  +--> ?PR?RELAY_STATUS_RESP?APP_2D4
  +--> ?PR?BT_PREV_SHOW_LCD_RESP?APP_2D4
  +--> ?PR?FM_STATION_SHOW_LCD_RESP?APP_2D4
  +--> ?PR?USB_TRACK_SHOW_LCD_RESP?APP_2D4
  +--> ?PR?BT_NEXT_SHOW_LCD_RESP?APP_2D4
  +--> ?PR?VOL_RESP?APP_2D4
  +--> ?PR?BT_PLAY_SHOW_LCD_RESP?APP_2D4
  +--> ?PR?_REPEAT_SETSTART?APP_REPEAT_EXE
  +--> ?PR?_REPEAT_SETSTOP?APP_REPEAT_EXE
  +--> ?PR?BT_PAUSE_SHOW_LCD_RESP?APP_2D4
  +--> ?PR?CLEAR_LCD_RESP?APP_2D4
  +--> ?PR?FM_SCANNING_SHOW_LCD_RESP?APP_2D4
BL51 BANKED LINKER/LOCATER V6.22                                                      09/05/2017  23:07:02  PAGE 9


  +--> ?PR?AUX_PLAY_SHOW_LCD_RESP?APP_2D4
  +--> ?PR?AUX_MUTE_SHOW_LCD_RESP?APP_2D4
  +--> ?PR?USB_PAUSE_SHOW_LCD_RESP?APP_2D4
  +--> ?PR?_REPEAT_START?APP_REPEAT_EXE
  +--> ?PR?LCD_CLEAR_MHZ_ICO?BSP_DISPLAY
  +--> ?PR?LCD_CLEAR_UPCOLON_ICO?BSP_DISPLAY
  +--> ?PR?LCD_CLEAR_DOWNCOLON_ICO?BSP_DISPLAY
  +--> ?PR?LCD_CLEAR_BLUETOOTH_ICO?BSP_DISPLAY
  +--> ?PR?LCD_CLEAR_FM_ICO?BSP_DISPLAY
  +--> ?PR?LCD_CLEAR_AUX_ICO?BSP_DISPLAY
  +--> ?PR?LCD_CLEAR_USB_ICO?BSP_DISPLAY
  +--> ?PR?LCD_SHOW_BLUETOOTH_ICO?BSP_DISPLAY
  +--> ?CO?APP_2D4
  +--> ?PR?LCD_SHOW_FM_ICO?BSP_DISPLAY
  +--> ?PR?LCD_SHOW_MHZ_ICO?BSP_DISPLAY
  +--> ?PR?PRINTF?PRINTF
  +--> ?PR?LCD_SHOW_AUX_ICO?BSP_DISPLAY
  +--> ?PR?LCD_SHOW_USB_ICO?BSP_DISPLAY
  +--> ?PR?_STRLEN?STRLEN
  +--> ?PR?_APP_LCD_DEFAULT_STRING_SET?APP_LCD

?PR?SPEAKER_STATUS_RESP?APP_2D4                  -----    -----      -----    -----      -----    -----
  +--> ?CO?APP_2D4
  +--> ?PR?_LCD_SHOWSTRING?BSP_DISPLAY

?PR?RELAY_STATUS_RESP?APP_2D4                    -----    -----      -----    -----      -----    -----
  +--> ?CO?APP_2D4
  +--> ?PR?_LCD_SHOWSTRING?BSP_DISPLAY

?PR?BT_PREV_SHOW_LCD_RESP?APP_2D4                -----    -----      -----    -----      -----    -----
  +--> ?CO?APP_2D4
  +--> ?PR?_LCD_SHOWSTRING?BSP_DISPLAY
  +--> ?PR?LCD_CLEAR_UPCOLON_ICO?BSP_DISPLAY
  +--> ?PR?LCD_CLEAR_DOWNCOLON_ICO?BSP_DISPLAY

?PR?FM_STATION_SHOW_LCD_RESP?APP_2D4             -----    -----      -----    -----      -----    -----
  +--> ?CO?APP_2D4
  +--> ?PR?PRINTF?PRINTF
  +--> ?PR?_LCD_SHOWSTRING?BSP_DISPLAY
  +--> ?PR?LCD_CLEAR_UPCOLON_ICO?BSP_DISPLAY
  +--> ?PR?LCD_SHOW_DOWNCOLON_ICO?BSP_DISPLAY

?PR?USB_TRACK_SHOW_LCD_RESP?APP_2D4              -----    -----      -----    -----      -----    -----
  +--> ?CO?APP_2D4
  +--> ?PR?PRINTF?PRINTF
  +--> ?PR?_LCD_SHOWSTRING?BSP_DISPLAY
  +--> ?PR?LCD_CLEAR_UPCOLON_ICO?BSP_DISPLAY
  +--> ?PR?LCD_CLEAR_DOWNCOLON_ICO?BSP_DISPLAY

?PR?BT_NEXT_SHOW_LCD_RESP?APP_2D4                -----    -----      -----    -----      -----    -----
  +--> ?CO?APP_2D4
  +--> ?PR?_LCD_SHOWSTRING?BSP_DISPLAY
  +--> ?PR?LCD_CLEAR_UPCOLON_ICO?BSP_DISPLAY
  +--> ?PR?LCD_CLEAR_DOWNCOLON_ICO?BSP_DISPLAY

?PR?VOL_RESP?APP_2D4                             -----    -----      -----    -----      000AH    0010H
  +--> ?CO?APP_2D4
BL51 BANKED LINKER/LOCATER V6.22                                                      09/05/2017  23:07:02  PAGE 10


  +--> ?PR?PRINTF?PRINTF
  +--> ?PR?_LCD_SHOWSTRING?BSP_DISPLAY

?PR?BT_PLAY_SHOW_LCD_RESP?APP_2D4                -----    -----      -----    -----      -----    -----
  +--> ?CO?APP_2D4
  +--> ?PR?_LCD_SHOWSTRING?BSP_DISPLAY

?PR?BT_PAUSE_SHOW_LCD_RESP?APP_2D4               -----    -----      -----    -----      -----    -----
  +--> ?CO?APP_2D4
  +--> ?PR?_LCD_SHOWSTRING?BSP_DISPLAY

?PR?CLEAR_LCD_RESP?APP_2D4                       -----    -----      -----    -----      -----    -----
  +--> ?CO?APP_2D4
  +--> ?PR?_LCD_SHOWSTRING?BSP_DISPLAY
  +--> ?PR?LCD_CLEAR_UPCOLON_ICO?BSP_DISPLAY
  +--> ?PR?LCD_CLEAR_DOWNCOLON_ICO?BSP_DISPLAY

?PR?FM_SCANNING_SHOW_LCD_RESP?APP_2D4            -----    -----      -----    -----      -----    -----
  +--> ?CO?APP_2D4
  +--> ?PR?_LCD_SHOWSTRING?BSP_DISPLAY
  +--> ?PR?LCD_CLEAR_UPCOLON_ICO?BSP_DISPLAY
  +--> ?PR?LCD_CLEAR_DOWNCOLON_ICO?BSP_DISPLAY
  +--> ?PR?LCD_CLEAR_MHZ_ICO?BSP_DISPLAY

?PR?AUX_PLAY_SHOW_LCD_RESP?APP_2D4               -----    -----      -----    -----      -----    -----
  +--> ?CO?APP_2D4
  +--> ?PR?_LCD_SHOWSTRING?BSP_DISPLAY

?PR?AUX_MUTE_SHOW_LCD_RESP?APP_2D4               -----    -----      -----    -----      -----    -----
  +--> ?CO?APP_2D4
  +--> ?PR?_LCD_SHOWSTRING?BSP_DISPLAY

?PR?USB_PAUSE_SHOW_LCD_RESP?APP_2D4              -----    -----      -----    -----      -----    -----
  +--> ?CO?APP_2D4
  +--> ?PR?_LCD_SHOWSTRING?BSP_DISPLAY
  +--> ?PR?LCD_CLEAR_UPCOLON_ICO?BSP_DISPLAY
  +--> ?PR?LCD_CLEAR_DOWNCOLON_ICO?BSP_DISPLAY

?PR?_REPEAT_START?APP_REPEAT_EXE                 -----    -----      -----    -----      -----    -----
  +--> ?PR?REPEAT_START_EXE?APP_REPEAT_EXE

?PR?_APP_LCD_DEFAULT_STRING_SET?APP_LCD          -----    -----      -----    -----      000AH    0001H

?PR?_APP_KEY_PRO?APP_KEY                         -----    -----      -----    -----      0002H    0003H
  +--> ?PR?_APP_2D4_SEND?APP_2D4

?PR?_APP_2D4_SEND?APP_2D4                        -----    -----      -----    -----      0005H    0004H
  +--> ?PR?RF_TXMODE?BSP_2D4

?PR?RF_TXMODE?BSP_2D4                            -----    -----      -----    -----      -----    -----
  +--> ?PR?_RF_WRITEREG?BSP_2D4



SYMBOL TABLE OF MODULE:  .\Out\Objects\project (MAIN)

  VALUE           TYPE          NAME
BL51 BANKED LINKER/LOCATER V6.22                                                      09/05/2017  23:07:02  PAGE 11


  ----------------------------------

  -------         MODULE        MAIN
  C:0000H         SYMBOL        _ICE_DUMMY_
  D:0080H         PUBLIC        P0
  D:0090H         PUBLIC        P1
  D:00A0H         PUBLIC        P2
  D:00B0H         PUBLIC        P3
  D:00D8H         PUBLIC        P5
  D:00A8H         PUBLIC        IE
  B:00E8H.7       PUBLIC        ADCF
  C:2BB4H         PUBLIC        ADC_ISR
  D:00B8H         PUBLIC        IP
  C:275CH         PUBLIC        main
  D:0098H         PUBLIC        SCON
  D:0088H         PUBLIC        TCON
  D:00F8H         PUBLIC        SCON_1
  D:00E8H         PUBLIC        ADCCON0
  D:00C0H         PUBLIC        I2CON
  D:00C3H         PUBLIC        ADCRH
  X:0057H         SYMBOL        ss
  D:00C8H         PUBLIC        T2CON
  D:00C2H         PUBLIC        ADCRL
  D:00D0H         PUBLIC        PSW
  -------         PROC          ADC_ISR
  C:2BB4H         LINE#         8
  C:2BC5H         LINE#         9
  C:2BC5H         LINE#         11
  C:2BC7H         LINE#         13
  C:2BD7H         LINE#         14
  C:2BF3H         LINE#         15
  C:2C01H         LINE#         17
  -------         ENDPROC       ADC_ISR
  -------         PROC          MAIN
  -------         DO            
  X:0000H         SYMBOL        ucKeyCode
  -------         DO            
  X:0001H         SYMBOL        i
  X:0055H         SYMBOL        n
  X:0056H         SYMBOL        cnt
  -------         ENDDO         
  -------         DO            
  X:0056H         SYMBOL        cnt
  -------         ENDDO         
  -------         ENDDO         
  C:275CH         LINE#         19
  C:275CH         LINE#         21
  C:2761H         LINE#         24
  C:2764H         LINE#         29
  C:2767H         LINE#         30
  C:276AH         LINE#         31
  C:276DH         LINE#         35
  C:276DH         LINE#         36
  C:2773H         LINE#         37
  C:2775H         LINE#         39
  C:2778H         LINE#         40
  C:2778H         LINE#         41
BL51 BANKED LINKER/LOCATER V6.22                                                      09/05/2017  23:07:02  PAGE 12


  C:277EH         LINE#         42
  C:2780H         LINE#         45
  C:2783H         LINE#         46
  C:2783H         LINE#         47
  C:2789H         LINE#         48
  C:278EH         LINE#         51
  C:2792H         LINE#         56
  C:2795H         LINE#         60
  C:2798H         LINE#         62
  C:279EH         LINE#         63
  C:27A4H         LINE#         64
  C:27A6H         LINE#         66
  C:27C9H         LINE#         72
  C:27C9H         LINE#         73
  C:27CCH         LINE#         74
  C:27CCH         LINE#         75
  C:27D2H         LINE#         77
  C:27D4H         LINE#         81
  C:27DAH         LINE#         85
  C:27DAH         LINE#         89
  C:27E2H         LINE#         90
  C:27E4H         LINE#         91
  C:27E9H         LINE#         92
  C:27E9H         LINE#         94
  -------         ENDPROC       MAIN
  -------         ENDMOD        MAIN

  -------         MODULE        APP_KEY
  C:0000H         SYMBOL        _ICE_DUMMY_
  D:0080H         PUBLIC        P0
  D:0090H         PUBLIC        P1
  D:00A0H         PUBLIC        P2
  D:00B0H         PUBLIC        P3
  D:00D8H         PUBLIC        P5
  D:00A8H         PUBLIC        IE
  D:00B8H         PUBLIC        IP
  C:1588H         PUBLIC        _app_key_pro
  D:0098H         PUBLIC        SCON
  D:0088H         PUBLIC        TCON
  D:00F8H         PUBLIC        SCON_1
  D:00E8H         PUBLIC        ADCCON0
  D:00C0H         PUBLIC        I2CON
  D:00C8H         PUBLIC        T2CON
  D:00D0H         PUBLIC        PSW
  -------         PROC          _APP_KEY_PRO
  X:0002H         SYMBOL        keyCode
  -------         DO            
  X:0003H         SYMBOL        index
  X:0004H         SYMBOL        i
  -------         ENDDO         
  C:1588H         LINE#         25
  C:158DH         LINE#         26
  C:1590H         LINE#         27
  C:1592H         LINE#         29
  C:1596H         LINE#         30
  C:15A2H         LINE#         31
  C:1609H         LINE#         32
BL51 BANKED LINKER/LOCATER V6.22                                                      09/05/2017  23:07:02  PAGE 13


  C:1609H         LINE#         33
  C:1616H         LINE#         34
  C:1620H         LINE#         35
  C:162AH         LINE#         36
  C:1634H         LINE#         37
  C:1653H         LINE#         38
  C:1663H         LINE#         39
  C:1669H         LINE#         41
  C:1669H         LINE#         42
  C:1669H         LINE#         44
  C:1669H         LINE#         45
  C:1669H         LINE#         46
  C:1676H         LINE#         47
  C:1680H         LINE#         48
  C:168AH         LINE#         49
  C:1694H         LINE#         50
  C:16B3H         LINE#         51
  C:16C3H         LINE#         52
  C:16C9H         LINE#         54
  C:16C9H         LINE#         55
  C:16C9H         LINE#         56
  C:16D6H         LINE#         57
  C:16E0H         LINE#         58
  C:16EAH         LINE#         59
  C:16F4H         LINE#         60
  C:1713H         LINE#         61
  C:1723H         LINE#         62
  C:1729H         LINE#         64
  C:1729H         LINE#         65
  C:1729H         LINE#         67
  C:1729H         LINE#         68
  C:1729H         LINE#         70
  C:1729H         LINE#         71
  C:1729H         LINE#         73
  C:1729H         LINE#         74
  C:1729H         LINE#         75
  C:1736H         LINE#         76
  C:1740H         LINE#         77
  C:174AH         LINE#         78
  C:1754H         LINE#         79
  C:1773H         LINE#         80
  C:1783H         LINE#         81
  C:1789H         LINE#         82
  C:1789H         LINE#         83
  C:1789H         LINE#         85
  C:1789H         LINE#         86
  C:1789H         LINE#         88
  C:1789H         LINE#         89
  C:1789H         LINE#         90
  C:1796H         LINE#         91
  C:17A0H         LINE#         92
  C:17AAH         LINE#         93
  C:17B4H         LINE#         94
  C:17D3H         LINE#         95
  C:17E3H         LINE#         96
  C:17E9H         LINE#         97
  C:17E9H         LINE#         98
BL51 BANKED LINKER/LOCATER V6.22                                                      09/05/2017  23:07:02  PAGE 14


  C:17E9H         LINE#         100
  C:17E9H         LINE#         101
  C:17E9H         LINE#         102
  C:17F6H         LINE#         103
  C:1800H         LINE#         104
  C:180AH         LINE#         105
  C:1814H         LINE#         106
  C:1833H         LINE#         107
  C:1843H         LINE#         108
  C:1849H         LINE#         110
  C:1849H         LINE#         111
  C:1849H         LINE#         113
  C:1849H         LINE#         114
  C:1849H         LINE#         116
  C:1849H         LINE#         117
  C:1849H         LINE#         119
  C:1856H         LINE#         120
  C:1860H         LINE#         121
  C:186AH         LINE#         122
  C:1874H         LINE#         123
  C:1893H         LINE#         124
  C:18A3H         LINE#         125
  C:18A9H         LINE#         127
  C:18A9H         LINE#         128
  C:18A9H         LINE#         130
  C:18A9H         LINE#         131
  C:18A9H         LINE#         133
  C:18A9H         LINE#         134
  C:18A9H         LINE#         135
  C:18B6H         LINE#         136
  C:18C0H         LINE#         137
  C:18CAH         LINE#         138
  C:18D4H         LINE#         139
  C:18F3H         LINE#         140
  C:1903H         LINE#         141
  C:1909H         LINE#         143
  C:1909H         LINE#         144
  C:1909H         LINE#         146
  C:1909H         LINE#         147
  C:1909H         LINE#         149
  C:1909H         LINE#         150
  C:1909H         LINE#         152
  C:1916H         LINE#         153
  C:1920H         LINE#         154
  C:192AH         LINE#         155
  C:1934H         LINE#         156
  C:1950H         LINE#         157
  C:1960H         LINE#         158
  C:1966H         LINE#         160
  C:1966H         LINE#         161
  C:1966H         LINE#         163
  C:1966H         LINE#         164
  C:1966H         LINE#         166
  C:1966H         LINE#         167
  C:1966H         LINE#         168
  C:1973H         LINE#         169
  C:197DH         LINE#         170
BL51 BANKED LINKER/LOCATER V6.22                                                      09/05/2017  23:07:02  PAGE 15


  C:1987H         LINE#         171
  C:1991H         LINE#         172
  C:19ADH         LINE#         173
  C:19BDH         LINE#         174
  C:19C3H         LINE#         176
  C:19C3H         LINE#         177
  C:19C3H         LINE#         179
  C:19C3H         LINE#         180
  C:19C3H         LINE#         182
  C:19C3H         LINE#         183
  C:19C3H         LINE#         185
  C:19C3H         LINE#         186
  C:19C3H         LINE#         188
  C:19C3H         LINE#         189
  C:19C3H         LINE#         191
  C:19C3H         LINE#         192
  C:19C3H         LINE#         194
  C:19C3H         LINE#         196
  C:19C3H         LINE#         197
  C:19C9H         LINE#         198
  C:19CBH         LINE#         199
  C:19D6H         LINE#         200
  C:19D6H         LINE#         202
  -------         ENDPROC       _APP_KEY_PRO
  -------         ENDMOD        APP_KEY

  -------         MODULE        APP_WORK
  C:0000H         SYMBOL        _ICE_DUMMY_
  D:0080H         PUBLIC        P0
  D:0090H         PUBLIC        P1
  D:00A0H         PUBLIC        P2
  D:00B0H         PUBLIC        P3
  D:00D8H         PUBLIC        P5
  D:00A8H         PUBLIC        IE
  D:00B8H         PUBLIC        IP
  C:3622H         SYMBOL        app_work_pro
  C:3620H         PUBLIC        app_work_1s_pro
  D:0098H         PUBLIC        SCON
  D:0088H         PUBLIC        TCON
  D:00F8H         PUBLIC        SCON_1
  D:00E8H         PUBLIC        ADCCON0
  D:00C0H         PUBLIC        I2CON
  C:360EH         PUBLIC        app_work_Init
  I:000FH         PUBLIC        g_tWork
  D:00C8H         PUBLIC        T2CON
  C:3621H         PUBLIC        app_work_100ms_pro
  D:00D0H         PUBLIC        PSW
  -------         PROC          APP_WORK_INIT
  C:360EH         LINE#         14
  C:360EH         LINE#         16
  -------         ENDPROC       APP_WORK_INIT
  -------         PROC          APP_WORK_1S_PRO
  C:3620H         LINE#         19
  C:3620H         LINE#         21
  -------         ENDPROC       APP_WORK_1S_PRO
  -------         PROC          APP_WORK_100MS_PRO
  C:3621H         LINE#         22
BL51 BANKED LINKER/LOCATER V6.22                                                      09/05/2017  23:07:02  PAGE 16


  C:3621H         LINE#         24
  -------         ENDPROC       APP_WORK_100MS_PRO
  -------         PROC          APP_WORK_PRO
  C:3622H         LINE#         26
  C:3622H         LINE#         28
  -------         ENDPROC       APP_WORK_PRO
  -------         ENDMOD        APP_WORK

  -------         MODULE        APP_REPEAT_EXE
  C:0000H         SYMBOL        _ICE_DUMMY_
  D:0080H         PUBLIC        P0
  D:0090H         PUBLIC        P1
  D:00A0H         PUBLIC        P2
  D:00B0H         PUBLIC        P3
  C:34ABH         PUBLIC        _Repeat_SetStart
  D:00D8H         PUBLIC        P5
  D:00A8H         PUBLIC        IE
  C:34DAH         PUBLIC        app_repeat_IsEnable
  C:33C0H         SYMBOL        Repeat_Stop_exe
  D:00B8H         PUBLIC        IP
  C:34B7H         PUBLIC        _Repeat_SetStop
  X:0067H         SYMBOL        g_tRepeat
  D:0098H         PUBLIC        SCON
  D:0088H         PUBLIC        TCON
  D:00F8H         PUBLIC        SCON_1
  C:2F16H         PUBLIC        _Repeat_Start
  D:00E8H         PUBLIC        ADCCON0
  D:00C0H         PUBLIC        I2CON
  D:00C8H         PUBLIC        T2CON
  C:332BH         PUBLIC        Repeat_Stop
  C:24BBH         PUBLIC        Repeat_Pro
  C:33B0H         SYMBOL        Repeat_Start_exe
  D:00D0H         PUBLIC        PSW
  -------         PROC          _REPEAT_SETSTART
  D:0001H         SYMBOL        fun
  C:34ABH         LINE#         12
  C:34ABH         LINE#         13
  C:34B6H         LINE#         14
  -------         ENDPROC       _REPEAT_SETSTART
  -------         PROC          _REPEAT_SETSTOP
  D:0001H         SYMBOL        fun
  C:34B7H         LINE#         16
  C:34B7H         LINE#         17
  C:34C2H         LINE#         18
  -------         ENDPROC       _REPEAT_SETSTOP
  -------         PROC          REPEAT_START_EXE
  C:33B0H         LINE#         20
  C:33B0H         LINE#         21
  C:33BCH         LINE#         22
  C:33BFH         LINE#         23
  C:33BFH         LINE#         24
  -------         ENDPROC       REPEAT_START_EXE
  -------         PROC          REPEAT_STOP_EXE
  C:33C0H         LINE#         26
  C:33C0H         LINE#         27
  C:33CCH         LINE#         28
  C:33CFH         LINE#         29
BL51 BANKED LINKER/LOCATER V6.22                                                      09/05/2017  23:07:02  PAGE 17


  C:33CFH         LINE#         30
  -------         ENDPROC       REPEAT_STOP_EXE
  -------         PROC          _REPEAT_START
  D:0006H         SYMBOL        _usStartTime
  D:0004H         SYMBOL        _usStopTime
  D:0002H         SYMBOL        _usCycle
  C:2F16H         LINE#         42
  C:2F16H         LINE#         43
  C:2F16H         LINE#         44
  C:2F1AH         LINE#         46
  C:2F1AH         LINE#         48
  C:2F22H         LINE#         49
  C:2F2AH         LINE#         50
  C:2F32H         LINE#         51
  C:2F37H         LINE#         52
  C:2F3BH         LINE#         53
  C:2F3FH         LINE#         54
  C:2F44H         LINE#         56
  C:2F47H         LINE#         57
  -------         ENDPROC       _REPEAT_START
  -------         PROC          REPEAT_STOP
  C:332BH         LINE#         67
  C:332BH         LINE#         68
  C:3330H         LINE#         69
  C:3333H         LINE#         70
  C:333CH         LINE#         71
  -------         ENDPROC       REPEAT_STOP
  -------         PROC          APP_REPEAT_ISENABLE
  C:34DAH         LINE#         75
  C:34DAH         LINE#         76
  C:34E0H         LINE#         77
  C:34E2H         LINE#         78
  C:34E2H         LINE#         79
  C:34E3H         LINE#         80
  -------         ENDPROC       APP_REPEAT_ISENABLE
  -------         PROC          REPEAT_PRO
  C:24BBH         LINE#         90
  C:24BBH         LINE#         92
  C:24D2H         LINE#         94
  C:24D2H         LINE#         96
  C:24D8H         LINE#         97
  C:24E4H         LINE#         98
  C:24E4H         LINE#         99
  C:24FDH         LINE#         100
  C:2500H         LINE#         101
  C:2507H         LINE#         102
  C:250CH         LINE#         103
  C:250CH         LINE#         104
  C:250DH         LINE#         106
  C:250DH         LINE#         107
  C:2515H         LINE#         108
  C:252DH         LINE#         110
  C:253CH         LINE#         111
  C:254FH         LINE#         113
  C:2554H         LINE#         114
  C:2554H         LINE#         116
  C:255AH         LINE#         117
BL51 BANKED LINKER/LOCATER V6.22                                                      09/05/2017  23:07:02  PAGE 18


  C:2561H         LINE#         119
  C:2561H         LINE#         120
  C:2561H         LINE#         121
  C:2568H         LINE#         122
  C:256CH         LINE#         124
  C:256FH         LINE#         125
  C:256FH         LINE#         126
  C:256FH         LINE#         128
  -------         ENDPROC       REPEAT_PRO
  -------         ENDMOD        APP_REPEAT_EXE

  -------         MODULE        APP_2D4
  C:0000H         SYMBOL        _ICE_DUMMY_
  D:0080H         PUBLIC        P0
  D:0090H         PUBLIC        P1
  D:00A0H         PUBLIC        P2
  D:00B0H         PUBLIC        P3
  C:30C4H         PUBLIC        app_2d4_init
  D:00D8H         PUBLIC        P5
  C:34F7H         SYMBOL        BT_play_show_lcd_resp
  C:33FDH         SYMBOL        BT_prev_show_lcd_resp
  D:00A8H         PUBLIC        IE
  C:33EEH         SYMBOL        BT_next_show_lcd_resp
  C:32EAH         SYMBOL        speaker_status_resp
  D:00B8H         PUBLIC        IP
  C:338CH         SYMBOL        FM_scanning_show_lcd_resp
  C:000EH         PUBLIC        app_2d4_pro
  D:0098H         PUBLIC        SCON
  D:0088H         PUBLIC        TCON
  C:2F48H         SYMBOL        USB_track_show_lcd_resp
  C:33D0H         SYMBOL        clear_lcd_resp
  C:33DFH         SYMBOL        USB_pause_show_lcd_resp
  C:24ABH         SYMBOL        _?ix1000
  D:00F8H         PUBLIC        SCON_1
  C:3300H         SYMBOL        relay_status_resp
  I:009DH         PUBLIC        sendBuf
  C:2F7AH         SYMBOL        FM_station_show_lcd_resp
  I:00ADH         SYMBOL        sendRcv_flag
  D:00E8H         PUBLIC        ADCCON0
  D:00C0H         PUBLIC        I2CON
  C:3509H         SYMBOL        AUX_play_show_lcd_resp
  C:3500H         SYMBOL        AUX_mute_show_lcd_resp
  D:00C8H         PUBLIC        T2CON
  I:00AEH         SYMBOL        rcvBuf
  C:34EEH         SYMBOL        BT_pause_show_lcd_resp
  C:2E33H         SYMBOL        vol_resp
  X:0079H         SYMBOL        tmpBuf
  C:0958H         SYMBOL        _app_2d4_Rcv
  C:2D1DH         PUBLIC        _app_2d4_send
  D:00D0H         PUBLIC        PSW
  -------         PROC          APP_2D4_INIT
  C:30C4H         LINE#         16
  C:30C4H         LINE#         18
  C:30C8H         LINE#         19
  C:30D4H         LINE#         20
  C:30E3H         LINE#         22
  C:30E6H         LINE#         23
BL51 BANKED LINKER/LOCATER V6.22                                                      09/05/2017  23:07:02  PAGE 19


  -------         ENDPROC       APP_2D4_INIT
  -------         PROC          _APP_2D4_SEND
  X:0005H         SYMBOL        d
  X:0008H         SYMBOL        len
  C:2D1DH         LINE#         28
  C:2D2BH         LINE#         30
  C:2D30H         LINE#         32
  C:2D30H         LINE#         34
  C:2D33H         LINE#         35
  C:2D37H         LINE#         37
  C:2D52H         LINE#         38
  C:2D6DH         LINE#         39
  C:2D6DH         LINE#         41
  -------         ENDPROC       _APP_2D4_SEND
  -------         PROC          SPEAKER_STATUS_RESP
  C:32EAH         LINE#         42
  C:32EAH         LINE#         43
  C:32F2H         LINE#         44
  C:32F6H         LINE#         45
  C:32F8H         LINE#         46
  C:32FFH         LINE#         47
  C:32FFH         LINE#         48
  -------         ENDPROC       SPEAKER_STATUS_RESP
  -------         PROC          RELAY_STATUS_RESP
  C:3300H         LINE#         49
  C:3300H         LINE#         50
  C:3308H         LINE#         51
  C:330CH         LINE#         52
  C:330EH         LINE#         53
  C:3315H         LINE#         54
  C:3315H         LINE#         56
  -------         ENDPROC       RELAY_STATUS_RESP
  -------         PROC          VOL_RESP
  -------         DO            
  X:000AH         SYMBOL        str
  -------         ENDDO         
  C:2E33H         LINE#         57
  C:2E33H         LINE#         58
  C:2E46H         LINE#         60
  C:2E67H         LINE#         61
  -------         ENDPROC       VOL_RESP
  -------         PROC          CLEAR_LCD_RESP
  C:33D0H         LINE#         64
  C:33D0H         LINE#         65
  C:33D9H         LINE#         67
  C:33DCH         LINE#         68
  -------         ENDPROC       CLEAR_LCD_RESP
  -------         PROC          BT_PAUSE_SHOW_LCD_RESP
  C:34EEH         LINE#         70
  C:34EEH         LINE#         71
  -------         ENDPROC       BT_PAUSE_SHOW_LCD_RESP
  -------         PROC          BT_PLAY_SHOW_LCD_RESP
  C:34F7H         LINE#         74
  C:34F7H         LINE#         75
  -------         ENDPROC       BT_PLAY_SHOW_LCD_RESP
  -------         PROC          FM_SCANNING_SHOW_LCD_RESP
  C:338CH         LINE#         77
BL51 BANKED LINKER/LOCATER V6.22                                                      09/05/2017  23:07:02  PAGE 20


  C:338CH         LINE#         78
  C:3395H         LINE#         79
  C:3398H         LINE#         80
  C:339BH         LINE#         81
  -------         ENDPROC       FM_SCANNING_SHOW_LCD_RESP
  -------         PROC          AUX_MUTE_SHOW_LCD_RESP
  C:3500H         LINE#         91
  C:3500H         LINE#         92
  -------         ENDPROC       AUX_MUTE_SHOW_LCD_RESP
  -------         PROC          AUX_PLAY_SHOW_LCD_RESP
  C:3509H         LINE#         95
  C:3509H         LINE#         96
  -------         ENDPROC       AUX_PLAY_SHOW_LCD_RESP
  -------         PROC          USB_PAUSE_SHOW_LCD_RESP
  C:33DFH         LINE#         99
  C:33DFH         LINE#         100
  C:33E8H         LINE#         101
  C:33EBH         LINE#         102
  -------         ENDPROC       USB_PAUSE_SHOW_LCD_RESP
  -------         PROC          BT_NEXT_SHOW_LCD_RESP
  C:33EEH         LINE#         111
  C:33EEH         LINE#         112
  C:33F7H         LINE#         113
  C:33FAH         LINE#         114
  -------         ENDPROC       BT_NEXT_SHOW_LCD_RESP
  -------         PROC          BT_PREV_SHOW_LCD_RESP
  C:33FDH         LINE#         116
  C:33FDH         LINE#         117
  C:3406H         LINE#         118
  C:3409H         LINE#         119
  -------         ENDPROC       BT_PREV_SHOW_LCD_RESP
  -------         PROC          FM_STATION_SHOW_LCD_RESP
  C:2F7AH         LINE#         121
  C:2F7AH         LINE#         122
  C:2F9BH         LINE#         123
  C:2FA4H         LINE#         124
  C:2FA7H         LINE#         125
  -------         ENDPROC       FM_STATION_SHOW_LCD_RESP
  -------         PROC          USB_TRACK_SHOW_LCD_RESP
  C:2F48H         LINE#         127
  C:2F48H         LINE#         128
  C:2F6BH         LINE#         129
  C:2F74H         LINE#         130
  C:2F77H         LINE#         131
  -------         ENDPROC       USB_TRACK_SHOW_LCD_RESP
  -------         PROC          _APP_2D4_RCV
  X:0002H         SYMBOL        buf
  -------         DO            
  X:0005H         SYMBOL        i
  X:0006H         SYMBOL        index
  X:0007H         SYMBOL        check
  -------         DO            
  X:0008H         SYMBOL        time
  -------         ENDDO         
  -------         ENDDO         
  C:0958H         LINE#         134
  C:0963H         LINE#         135
BL51 BANKED LINKER/LOCATER V6.22                                                      09/05/2017  23:07:02  PAGE 21


  C:0966H         LINE#         136
  C:0968H         LINE#         137
  C:096AH         LINE#         139
  C:0974H         LINE#         141
  C:0974H         LINE#         142
  C:0977H         LINE#         143
  C:0990H         LINE#         145
  C:0990H         LINE#         146
  C:09BCH         LINE#         147
  C:09D1H         LINE#         148
  C:09D9H         LINE#         149
  C:09FFH         LINE#         151
  C:09FFH         LINE#         153
  C:0A0EH         LINE#         154
  C:0A13H         LINE#         155
  C:0A57H         LINE#         156
  C:0A57H         LINE#         158
  C:0A57H         LINE#         159
  C:0A57H         LINE#         161
  C:0A61H         LINE#         162
  C:0A65H         LINE#         163
  C:0A6BH         LINE#         164
  C:0A6BH         LINE#         166
  C:0A6BH         LINE#         167
  C:0A6EH         LINE#         168
  C:0A72H         LINE#         169
  C:0A78H         LINE#         170
  C:0A78H         LINE#         172
  C:0A78H         LINE#         173
  C:0A78H         LINE#         175
  C:0A7BH         LINE#         176
  C:0A7BH         LINE#         178
  C:0A91H         LINE#         179
  C:0A95H         LINE#         180
  C:0A97H         LINE#         181
  C:0A9BH         LINE#         182
  C:0A9BH         LINE#         183
  C:0AA1H         LINE#         184
  C:0AA1H         LINE#         185
  C:0AA1H         LINE#         187
  C:0AA4H         LINE#         188
  C:0AA4H         LINE#         189
  C:0AC4H         LINE#         190
  C:0AC4H         LINE#         191
  C:0ACAH         LINE#         192
  C:0ACAH         LINE#         193
  C:0ACAH         LINE#         195
  C:0ACDH         LINE#         196
  C:0ACDH         LINE#         197
  C:0AE1H         LINE#         198
  C:0AE7H         LINE#         199
  C:0AE7H         LINE#         200
  C:0AE7H         LINE#         202
  C:0AEAH         LINE#         203
  C:0AEAH         LINE#         205
  C:0AEAH         LINE#         206
  C:0AEAH         LINE#         207
BL51 BANKED LINKER/LOCATER V6.22                                                      09/05/2017  23:07:02  PAGE 22


  C:0B01H         LINE#         208
  C:0B0EH         LINE#         209
  C:0B14H         LINE#         210
  C:0B14H         LINE#         211
  C:0B14H         LINE#         212
  C:0B17H         LINE#         213
  C:0B17H         LINE#         214
  C:0B17H         LINE#         215
  C:0B17H         LINE#         216
  C:0B17H         LINE#         217
  C:0B17H         LINE#         219
  C:0B37H         LINE#         220
  C:0B37H         LINE#         221
  C:0B3DH         LINE#         222
  C:0B3DH         LINE#         223
  C:0B3DH         LINE#         225
  C:0B40H         LINE#         226
  C:0B40H         LINE#         227
  C:0B54H         LINE#         228
  C:0B5AH         LINE#         229
  C:0B5AH         LINE#         230
  C:0B5AH         LINE#         231
  C:0B5DH         LINE#         232
  C:0B5DH         LINE#         234
  C:0B5DH         LINE#         235
  C:0B5DH         LINE#         236
  C:0B74H         LINE#         237
  C:0B81H         LINE#         238
  C:0B87H         LINE#         239
  C:0B87H         LINE#         240
  C:0B87H         LINE#         241
  C:0B89H         LINE#         242
  C:0B89H         LINE#         243
  C:0B89H         LINE#         244
  C:0B89H         LINE#         246
  C:0B89H         LINE#         247
  C:0B89H         LINE#         248
  C:0B89H         LINE#         249
  C:0B89H         LINE#         250
  C:0B9DH         LINE#         252
  C:0BA3H         LINE#         253
  C:0BA3H         LINE#         255
  C:0BA3H         LINE#         256
  C:0BA5H         LINE#         257
  C:0BA5H         LINE#         258
  C:0BB9H         LINE#         260
  C:0BBFH         LINE#         261
  C:0BBFH         LINE#         263
  C:0BBFH         LINE#         264
  C:0BC1H         LINE#         265
  C:0BC1H         LINE#         266
  C:0BE9H         LINE#         267
  C:0BE9H         LINE#         268
  C:0BF2H         LINE#         269
  C:0BFBH         LINE#         270
  C:0C04H         LINE#         271
  C:0C10H         LINE#         272
BL51 BANKED LINKER/LOCATER V6.22                                                      09/05/2017  23:07:02  PAGE 23


  C:0C2BH         LINE#         273
  C:0C34H         LINE#         274
  C:0C3DH         LINE#         275
  C:0C46H         LINE#         276
  C:0C46H         LINE#         277
  C:0C49H         LINE#         278
  C:0C49H         LINE#         279
  C:0C5DH         LINE#         280
  C:0C66H         LINE#         281
  C:0C6FH         LINE#         282
  C:0C78H         LINE#         283
  C:0C8EH         LINE#         287
  C:0C8EH         LINE#         288
  C:0C91H         LINE#         289
  C:0C91H         LINE#         290
  C:0CA5H         LINE#         291
  C:0CAEH         LINE#         292
  C:0CB7H         LINE#         293
  C:0CC0H         LINE#         294
  C:0CDAH         LINE#         295
  C:0CE3H         LINE#         296
  C:0CECH         LINE#         297
  C:0CF5H         LINE#         298
  C:0CF5H         LINE#         299
  C:0CF7H         LINE#         300
  C:0CF7H         LINE#         301
  C:0D10H         LINE#         305
  C:0D18H         LINE#         306
  C:0D21H         LINE#         307
  C:0D2AH         LINE#         308
  C:0D36H         LINE#         309
  C:0D36H         LINE#         310
  C:0D39H         LINE#         311
  C:0D39H         LINE#         313
  C:0D39H         LINE#         314
  C:0D39H         LINE#         315
  C:0D3CH         LINE#         316
  C:0D3FH         LINE#         317
  C:0D42H         LINE#         318
  C:0D45H         LINE#         319
  C:0D48H         LINE#         320
  C:0D4BH         LINE#         321
  C:0D4EH         LINE#         323
  C:0D76H         LINE#         324
  C:0D76H         LINE#         326
  C:0D79H         LINE#         327
  C:0D8DH         LINE#         328
  C:0D99H         LINE#         329
  C:0DAFH         LINE#         330
  C:0DBEH         LINE#         331
  C:0DBEH         LINE#         332
  C:0DBEH         LINE#         333
  C:0DC1H         LINE#         334
  C:0DC1H         LINE#         335
  C:0DC4H         LINE#         336
  C:0DC7H         LINE#         337
  C:0DCAH         LINE#         339
BL51 BANKED LINKER/LOCATER V6.22                                                      09/05/2017  23:07:02  PAGE 24


  C:0DE1H         LINE#         340
  C:0DF8H         LINE#         341
  C:0E16H         LINE#         342
  C:0E28H         LINE#         343
  C:0E2AH         LINE#         344
  C:0E5BH         LINE#         345
  C:0E5BH         LINE#         346
  C:0E5BH         LINE#         348
  C:0E5EH         LINE#         349
  C:0E5EH         LINE#         350
  C:0E61H         LINE#         351
  C:0E75H         LINE#         352
  C:0E81H         LINE#         353
  C:0E97H         LINE#         354
  C:0EA6H         LINE#         355
  C:0EA6H         LINE#         356
  C:0EA6H         LINE#         358
  C:0EA9H         LINE#         359
  C:0EA9H         LINE#         360
  C:0EA9H         LINE#         361
  C:0EB0H         LINE#         362
  C:0ECAH         LINE#         363
  C:0ED3H         LINE#         364
  C:0EE3H         LINE#         365
  C:0EE6H         LINE#         367
  C:0F02H         LINE#         368
  C:0F24H         LINE#         369
  C:0F47H         LINE#         370
  C:0F64H         LINE#         371
  C:0F66H         LINE#         372
  C:0FA3H         LINE#         373
  C:0FA3H         LINE#         374
  C:0FB7H         LINE#         375
  C:0FB7H         LINE#         376
  C:0FB7H         LINE#         377
  C:0FB7H         LINE#         378
  C:0FB7H         LINE#         379
  C:0FB7H         LINE#         380
  C:0FBDH         LINE#         381
  C:0FBFH         LINE#         383
  C:0FBFH         LINE#         385
  -------         ENDPROC       _APP_2D4_RCV
  -------         PROC          APP_2D4_PRO
  C:000EH         LINE#         387
  C:000EH         LINE#         388
  C:0013H         LINE#         390
  C:0023H         LINE#         391
  C:0023H         LINE#         393
  C:0026H         LINE#         394
  C:0029H         LINE#         396
  C:002DH         LINE#         397
  C:0030H         LINE#         401
  C:0030H         LINE#         402
  C:0030H         LINE#         404
  C:0030H         LINE#         405
  C:0030H         LINE#         406
  C:0032H         LINE#         407
BL51 BANKED LINKER/LOCATER V6.22                                                      09/05/2017  23:07:02  PAGE 25


  C:0032H         LINE#         409
  C:0035H         LINE#         410
  C:0038H         LINE#         411
  C:0038H         LINE#         412
  C:0038H         LINE#         414
  C:0043H         LINE#         416
  C:0043H         LINE#         417
  C:0043H         LINE#         419
  C:0043H         LINE#         420
  C:0051H         LINE#         422
  C:005AH         LINE#         423
  C:005AH         LINE#         425
  C:005AH         LINE#         427
  -------         ENDPROC       APP_2D4_PRO
  -------         ENDMOD        APP_2D4

  -------         MODULE        APP_LCD
  C:0000H         SYMBOL        _ICE_DUMMY_
  D:0080H         PUBLIC        P0
  D:0090H         PUBLIC        P1
  D:00A0H         PUBLIC        P2
  D:00B0H         PUBLIC        P3
  D:00D8H         PUBLIC        P5
  C:340CH         PUBLIC        app_lcd_pro
  D:00A8H         PUBLIC        IE
  D:00B8H         PUBLIC        IP
  D:0098H         PUBLIC        SCON
  D:0088H         PUBLIC        TCON
  D:00F8H         PUBLIC        SCON_1
  C:3177H         PUBLIC        _app_lcd_default_string_set
  D:00E8H         PUBLIC        ADCCON0
  D:00C0H         PUBLIC        I2CON
  D:00C8H         PUBLIC        T2CON
  C:32D2H         PUBLIC        app_lcd_init
  X:0089H         SYMBOL        lcd_default_string
  D:00D0H         PUBLIC        PSW
  -------         PROC          APP_LCD_INIT
  C:32D2H         LINE#         13
  C:32D2H         LINE#         14
  -------         ENDPROC       APP_LCD_INIT
  -------         PROC          _APP_LCD_DEFAULT_STRING_SET
  D:0001H         SYMBOL        s
  X:000AH         SYMBOL        len
  C:3177H         LINE#         20
  C:317CH         LINE#         21
  C:3188H         LINE#         22
  C:3197H         LINE#         23
  -------         ENDPROC       _APP_LCD_DEFAULT_STRING_SET
  -------         PROC          APP_LCD_PRO
  C:340CH         LINE#         25
  C:340CH         LINE#         27
  C:3411H         LINE#         29
  C:341AH         LINE#         31
  C:341AH         LINE#         33
  -------         ENDPROC       APP_LCD_PRO
  -------         ENDMOD        APP_LCD

BL51 BANKED LINKER/LOCATER V6.22                                                      09/05/2017  23:07:02  PAGE 26


  -------         MODULE        BSP
  C:0000H         SYMBOL        _ICE_DUMMY_
  D:0080H         PUBLIC        P0
  D:0090H         PUBLIC        P1
  D:00A0H         PUBLIC        P2
  D:00B0H         PUBLIC        P3
  D:00D8H         PUBLIC        P5
  B:00A8H.7       PUBLIC        EA
  D:00A8H         PUBLIC        IE
  D:00B8H         PUBLIC        IP
  B:0021H.1       PUBLIC        BIT_TMP
  D:0098H         PUBLIC        SCON
  D:0088H         PUBLIC        TCON
  C:324FH         PUBLIC        bsp_Init
  D:00F8H         PUBLIC        SCON_1
  D:00E8H         PUBLIC        ADCCON0
  D:00C0H         PUBLIC        I2CON
  D:00C8H         PUBLIC        T2CON
  D:00D0H         PUBLIC        PSW
  -------         PROC          BSP_INIT
  C:324FH         LINE#         5
  C:324FH         LINE#         10
  C:3252H         LINE#         12
  C:3255H         LINE#         14
  C:3258H         LINE#         15
  C:325BH         LINE#         16
  C:325EH         LINE#         19
  C:3261H         LINE#         21
  C:3264H         LINE#         23
  C:3267H         LINE#         25
  C:3269H         LINE#         26
  -------         ENDPROC       BSP_INIT
  -------         ENDMOD        BSP

  -------         MODULE        BSP_KEY
  C:0000H         SYMBOL        _ICE_DUMMY_
  D:00B1H         PUBLIC        P0M1
  D:00B2H         PUBLIC        P0M2
  D:0080H         PUBLIC        P0
  D:0090H         PUBLIC        P1
  D:00A0H         PUBLIC        P2
  C:2973H         SYMBOL        _IsKeyDown
  D:00B0H         PUBLIC        P3
  D:00D8H         PUBLIC        P5
  C:333FH         PUBLIC        _bsp_PutKey
  D:00A8H         PUBLIC        IE
  C:2570H         SYMBOL        bsp_InitKeyVar
  X:00A4H         PUBLIC        pBtn
  D:00B8H         PUBLIC        IP
  C:339EH         SYMBOL        IsKeyDown_1AND6
  C:3233H         PUBLIC        bsp_GetKey2
  C:1D3CH         SYMBOL        _bsp_DetectKey
  B:0080H.2       PUBLIC        P02
  C:3512H         SYMBOL        IsKeyDown1
  D:0098H         PUBLIC        SCON
  C:341BH         SYMBOL        IsKeyDown2
  D:0088H         PUBLIC        TCON
BL51 BANKED LINKER/LOCATER V6.22                                                      09/05/2017  23:07:02  PAGE 27


  C:342AH         SYMBOL        IsKeyDown3
  C:3439H         SYMBOL        IsKeyDown4
  C:3475H         SYMBOL        IsKeyDown5
  C:35E0H         SYMBOL        IsKeyDown6
  C:35E6H         SYMBOL        IsKeyDown7
  C:3448H         SYMBOL        IsKeyDown8
  C:3457H         SYMBOL        IsKeyDown9
  C:35F2H         PUBLIC        bsp_ClearKey
  X:00A7H         PUBLIC        min
  D:00F8H         PUBLIC        SCON_1
  X:00A9H         PUBLIC        max
  C:326AH         PUBLIC        bsp_KeyScan
  D:00E8H         PUBLIC        ADCCON0
  D:00C0H         PUBLIC        I2CON
  D:00C8H         PUBLIC        T2CON
  C:35ECH         PUBLIC        bsp_InitKey
  C:3554H         SYMBOL        bsp_InitKeyHard
  I:0022H         SYMBOL        s_tBtn
  I:0090H         SYMBOL        s_tKey
  C:3217H         PUBLIC        bsp_GetKey
  C:30E9H         PUBLIC        _bsp_SetKeyParam
  C:34CFH         PUBLIC        _bsp_GetKeyState
  D:00D0H         PUBLIC        PSW
  -------         PROC          ISKEYDOWN1
  C:3512H         LINE#         46
  C:3512H         LINE#         47
  C:3515H         LINE#         48
  C:3518H         LINE#         49
  C:3518H         LINE#         50
  C:351AH         LINE#         51
  C:351AH         LINE#         52
  -------         ENDPROC       ISKEYDOWN1
  -------         PROC          L?0067
  -------         ENDPROC       L?0067
  -------         PROC          _ISKEYDOWN
  D:0006H         SYMBOL        key_ad
  D:0004H         SYMBOL        result_ad
  C:2973H         LINE#         55
  C:2973H         LINE#         57
  C:2998H         LINE#         58
  C:29B7H         LINE#         60
  C:29D0H         LINE#         61
  -------         ENDPROC       _ISKEYDOWN
  -------         PROC          ISKEYDOWN2
  C:341BH         LINE#         64
  C:341BH         LINE#         66
  C:3429H         LINE#         67
  -------         ENDPROC       ISKEYDOWN2
  -------         PROC          ISKEYDOWN3
  C:342AH         LINE#         69
  C:342AH         LINE#         70
  C:3438H         LINE#         71
  -------         ENDPROC       ISKEYDOWN3
  -------         PROC          ISKEYDOWN4
  C:3439H         LINE#         73
  C:3439H         LINE#         74
  C:3447H         LINE#         75
BL51 BANKED LINKER/LOCATER V6.22                                                      09/05/2017  23:07:02  PAGE 28


  -------         ENDPROC       ISKEYDOWN4
  -------         PROC          ISKEYDOWN5
  C:3475H         LINE#         77
  C:3475H         LINE#         79
  C:3482H         LINE#         80
  -------         ENDPROC       ISKEYDOWN5
  -------         PROC          ISKEYDOWN6
  C:35E0H         LINE#         82
  C:35E0H         LINE#         83
  C:35E5H         LINE#         84
  -------         ENDPROC       ISKEYDOWN6
  -------         PROC          ISKEYDOWN7
  C:35E6H         LINE#         86
  C:35E6H         LINE#         87
  C:35EBH         LINE#         88
  -------         ENDPROC       ISKEYDOWN7
  -------         PROC          ISKEYDOWN8
  C:3448H         LINE#         90
  C:3448H         LINE#         91
  C:3456H         LINE#         92
  -------         ENDPROC       ISKEYDOWN8
  -------         PROC          ISKEYDOWN9
  C:3457H         LINE#         94
  C:3457H         LINE#         95
  C:3465H         LINE#         96
  -------         ENDPROC       ISKEYDOWN9
  -------         PROC          ISKEYDOWN_1AND6
  C:339EH         LINE#         98
  C:339EH         LINE#         99
  C:33AAH         LINE#         100
  C:33ADH         LINE#         101
  C:33ADH         LINE#         102
  C:33AFH         LINE#         103
  C:33AFH         LINE#         105
  -------         ENDPROC       ISKEYDOWN_1AND6
  -------         PROC          BSP_INITKEY
  C:35ECH         LINE#         114
  C:35ECH         LINE#         115
  C:35EFH         LINE#         116
  -------         ENDPROC       BSP_INITKEY
  -------         PROC          _BSP_PUTKEY
  D:0007H         SYMBOL        _KeyCode
  C:333FH         LINE#         127
  C:333FH         LINE#         128
  C:3347H         LINE#         130
  C:3350H         LINE#         131
  C:3352H         LINE#         132
  C:3352H         LINE#         133
  -------         ENDPROC       _BSP_PUTKEY
  -------         PROC          BSP_GETKEY
  -------         DO            
  D:0007H         SYMBOL        ret
  -------         ENDDO         
  C:3217H         LINE#         143
  C:3217H         LINE#         146
  C:321FH         LINE#         147
  C:3221H         LINE#         148
BL51 BANKED LINKER/LOCATER V6.22                                                      09/05/2017  23:07:02  PAGE 29


  C:3221H         LINE#         149
  C:3227H         LINE#         151
  C:3230H         LINE#         152
  C:3232H         LINE#         153
  C:3232H         LINE#         154
  C:3232H         LINE#         155
  C:3232H         LINE#         156
  -------         ENDPROC       BSP_GETKEY
  -------         PROC          BSP_GETKEY2
  -------         DO            
  D:0007H         SYMBOL        ret
  -------         ENDDO         
  C:3233H         LINE#         166
  C:3233H         LINE#         169
  C:323BH         LINE#         170
  C:323DH         LINE#         171
  C:323DH         LINE#         172
  C:3243H         LINE#         174
  C:324CH         LINE#         175
  C:324EH         LINE#         176
  C:324EH         LINE#         177
  C:324EH         LINE#         178
  C:324EH         LINE#         179
  -------         ENDPROC       BSP_GETKEY2
  -------         PROC          _BSP_GETKEYSTATE
  D:0007H         SYMBOL        _ucKeyID
  C:34CFH         LINE#         189
  C:34CFH         LINE#         190
  C:34D9H         LINE#         191
  -------         ENDPROC       _BSP_GETKEYSTATE
  -------         PROC          _BSP_SETKEYPARAM
  D:0007H         SYMBOL        _ucKeyID
  D:0004H         SYMBOL        _LongTime
  D:0003H         SYMBOL        _RepeatSpeed
  C:30E9H         LINE#         203
  C:30E9H         LINE#         204
  C:30F6H         LINE#         205
  C:3102H         LINE#         206
  C:310CH         LINE#         207
  -------         ENDPROC       _BSP_SETKEYPARAM
  -------         PROC          BSP_CLEARKEY
  C:35F2H         LINE#         217
  C:35F2H         LINE#         218
  C:35F7H         LINE#         219
  -------         ENDPROC       BSP_CLEARKEY
  -------         PROC          BSP_INITKEYHARD
  C:3554H         LINE#         229
  C:3554H         LINE#         231
  C:3557H         LINE#         232
  C:355AH         LINE#         234
  -------         ENDPROC       BSP_INITKEYHARD
  -------         PROC          BSP_INITKEYVAR
  -------         DO            
  D:0007H         SYMBOL        i
  -------         ENDDO         
  C:2570H         LINE#         244
  C:2570H         LINE#         248
BL51 BANKED LINKER/LOCATER V6.22                                                      09/05/2017  23:07:02  PAGE 30


  C:2574H         LINE#         249
  C:2576H         LINE#         250
  C:2578H         LINE#         253
  C:2579H         LINE#         254
  C:2586H         LINE#         255
  C:2590H         LINE#         256
  C:259AH         LINE#         260
  C:25A4H         LINE#         261
  C:25AEH         LINE#         262
  C:25B3H         LINE#         264
  C:25B7H         LINE#         265
  C:25BBH         LINE#         268
  C:25C5H         LINE#         269
  C:25CFH         LINE#         270
  C:25D9H         LINE#         271
  C:25E3H         LINE#         272
  C:25EDH         LINE#         273
  C:25F7H         LINE#         274
  C:2601H         LINE#         275
  C:260BH         LINE#         276
  C:2615H         LINE#         277
  C:261FH         LINE#         278
  -------         ENDPROC       BSP_INITKEYVAR
  -------         PROC          _BSP_DETECTKEY
  X:0003H         SYMBOL        i
  C:1D3CH         LINE#         289
  C:1D41H         LINE#         290
  C:1D55H         LINE#         291
  C:1D61H         LINE#         292
  C:1D78H         LINE#         293
  C:1D7DH         LINE#         294
  C:1D86H         LINE#         295
  C:1D8EH         LINE#         296
  C:1D8EH         LINE#         297
  C:1D96H         LINE#         298
  C:1D9DH         LINE#         301
  C:1DAAH         LINE#         302
  C:1DAAH         LINE#         304
  C:1DC9H         LINE#         305
  C:1DD6H         LINE#         307
  C:1DEDH         LINE#         309
  C:1DF7H         LINE#         310
  C:1DF7H         LINE#         311
  C:1DF9H         LINE#         312
  C:1E08H         LINE#         313
  C:1E14H         LINE#         314
  C:1E1BH         LINE#         316
  C:1E28H         LINE#         317
  C:1E28H         LINE#         318
  C:1E28H         LINE#         319
  C:1E28H         LINE#         320
  C:1E28H         LINE#         321
  C:1E28H         LINE#         322
  C:1E28H         LINE#         323
  C:1E3FH         LINE#         324
  C:1E47H         LINE#         325
  C:1E4CH         LINE#         326
BL51 BANKED LINKER/LOCATER V6.22                                                      09/05/2017  23:07:02  PAGE 31


  C:1E54H         LINE#         327
  C:1E56H         LINE#         328
  C:1E5FH         LINE#         329
  C:1E66H         LINE#         332
  C:1E74H         LINE#         333
  C:1E74H         LINE#         334
  C:1E74H         LINE#         335
  C:1E88H         LINE#         336
  C:1E8FH         LINE#         337
  C:1E8FH         LINE#         338
  -------         ENDPROC       _BSP_DETECTKEY
  -------         PROC          BSP_KEYSCAN
  -------         DO            
  X:0002H         SYMBOL        i
  -------         ENDDO         
  C:326AH         LINE#         348
  C:326AH         LINE#         351
  C:3279H         LINE#         352
  C:327CH         LINE#         353
  C:3284H         LINE#         354
  -------         ENDPROC       BSP_KEYSCAN
  -------         ENDMOD        BSP_KEY

  -------         MODULE        BSP_DISPLAY
  C:0000H         SYMBOL        _ICE_DUMMY_
  C:35B6H         PUBLIC        LCD_Show_BAZOOKA_ICO
  D:00B1H         PUBLIC        P0M1
  D:00B3H         PUBLIC        P1M1
  D:00B2H         PUBLIC        P0M2
  D:0080H         PUBLIC        P0
  D:00B5H         PUBLIC        P2M1
  D:00B4H         PUBLIC        P1M2
  D:0090H         PUBLIC        P1
  D:00B6H         PUBLIC        P2M2
[...]
  C:2FD4H         LINE#         201
  C:2FD4H         LINE#         202
  C:2FD7H         LINE#         203
  C:2FDAH         LINE#         205
  C:2FDDH         LINE#         206
  C:2FE0H         LINE#         207
  C:2FE3H         LINE#         210
  C:2FFBH         LINE#         215
  C:2FFDH         LINE#         216
  -------         ENDPROC       _INITIALUART0_TIMER1_TYPE4
  -------         PROC          _INITIALUART0_TIMER3_TYPE5
  X:00B0H         SYMBOL        u32Baudrate
  C:29D1H         LINE#         218
  C:29D7H         LINE#         219
  C:29D7H         LINE#         220
  C:29DAH         LINE#         221
  C:29DDH         LINE#         222
  C:29E0H         LINE#         223
  C:29E3H         LINE#         226
  C:2A11H         LINE#         227
  C:2A30H         LINE#         233
  C:2A33H         LINE#         234
  -------         ENDPROC       _INITIALUART0_TIMER3_TYPE5
  -------         PROC          _INITIALUART0_TIMER3_TYPE6
  X:00B4H         SYMBOL        u32Baudrate
  C:2A34H         LINE#         236
  C:2A3AH         LINE#         237
  C:2A3AH         LINE#         238
  C:2A3DH         LINE#         239
  C:2A40H         LINE#         240
  C:2A43H         LINE#         241
  C:2A46H         LINE#         244
  C:2A74H         LINE#         245
  C:2A93H         LINE#         251
  C:2A96H         LINE#         252
  -------         ENDPROC       _INITIALUART0_TIMER3_TYPE6
  -------         PROC          _INITIALUART1_TIMER3
  X:00B8H         SYMBOL        u32Baudrate
  C:2B57H         LINE#         254
  C:2B5DH         LINE#         255
  C:2B5DH         LINE#         256
  C:2B60H         LINE#         257
  C:2B63H         LINE#         260
  C:2B91H         LINE#         261
  C:2BB0H         LINE#         267
  C:2BB3H         LINE#         268
  -------         ENDPROC       _INITIALUART1_TIMER3
  -------         PROC          RECEIVE_DATA_FROM_UART0
  -------         DO            
BL51 BANKED LINKER/LOCATER V6.22                                                      09/05/2017  23:07:02  PAGE 63


  D:0007H         SYMBOL        c
  -------         ENDDO         
  C:352DH         LINE#         280
  C:352DH         LINE#         283
  C:3530H         LINE#         285
  C:3532H         LINE#         286
  C:3534H         LINE#         287
  C:3534H         LINE#         288
  -------         ENDPROC       RECEIVE_DATA_FROM_UART0
  -------         PROC          _SEND_DATA_TO_UART0
  D:0007H         SYMBOL        c
  C:3535H         LINE#         300
  C:3535H         LINE#         301
  C:3537H         LINE#         302
  C:3539H         LINE#         303
  C:353CH         LINE#         305
  -------         ENDPROC       _SEND_DATA_TO_UART0
  -------         PROC          RECEIVE_DATA_FROM_UART1
  -------         DO            
  D:0007H         SYMBOL        c
  -------         ENDDO         
  C:353DH         LINE#         317
  C:353DH         LINE#         320
  C:3540H         LINE#         322
  C:3542H         LINE#         323
  C:3544H         LINE#         324
  C:3544H         LINE#         325
  -------         ENDPROC       RECEIVE_DATA_FROM_UART1
  -------         PROC          _SEND_DATA_TO_UART1
  D:0007H         SYMBOL        c
  C:3545H         LINE#         337
  C:3545H         LINE#         338
  C:3547H         LINE#         339
  C:3549H         LINE#         340
  C:354CH         LINE#         342
  -------         ENDPROC       _SEND_DATA_TO_UART1
  -------         PROC          SET_ALL_GPIO_QUASI_MODE
  C:3285H         LINE#         344
  C:3285H         LINE#         345
  C:3288H         LINE#         346
  C:328AH         LINE#         347
  C:328CH         LINE#         348
  C:328EH         LINE#         349
  C:3290H         LINE#         350
  C:3292H         LINE#         351
  C:3294H         LINE#         352
  C:3296H         LINE#         353
  C:3298H         LINE#         354
  C:329AH         LINE#         355
  C:329CH         LINE#         356
  C:329EH         LINE#         357
  -------         ENDPROC       SET_ALL_GPIO_QUASI_MODE
  -------         PROC          SET_ALL_GPIO_INPUT_MODE
  C:31DAH         LINE#         359
  C:31DAH         LINE#         360
  C:31DDH         LINE#         361
  C:31E0H         LINE#         362
BL51 BANKED LINKER/LOCATER V6.22                                                      09/05/2017  23:07:02  PAGE 64


  C:31E3H         LINE#         363
  C:31E5H         LINE#         364
  C:31E8H         LINE#         365
  C:31EAH         LINE#         366
  C:31EDH         LINE#         367
  C:31EFH         LINE#         368
  C:31F2H         LINE#         369
  C:31F4H         LINE#         370
  C:31F7H         LINE#         371
  C:31F9H         LINE#         372
  -------         ENDPROC       SET_ALL_GPIO_INPUT_MODE
  -------         PROC          SW_RESET
  C:329FH         LINE#         375
  C:329FH         LINE#         376
  C:32A2H         LINE#         377
  C:32A5H         LINE#         378
  C:32B8H         LINE#         380
  -------         ENDPROC       SW_RESET
  -------         PROC          FSYS_CLOCK_OUTPUT_ON_P26
  C:360AH         LINE#         382
  C:360AH         LINE#         383
  C:360DH         LINE#         384
  -------         ENDPROC       FSYS_CLOCK_OUTPUT_ON_P26
  -------         PROC          _PUTCHAR
  D:0007H         SYMBOL        c
  C:2E70H         LINE#         393
  C:2E70H         LINE#         431
  C:2E75H         LINE#         432
  C:2E78H         LINE#         433
  C:2E7DH         LINE#         434
  C:2E7DH         LINE#         435
  C:2E7FH         LINE#         436
  C:2E82H         LINE#         438
  C:2E87H         LINE#         439
  C:2E89H         LINE#         440
  C:2E89H         LINE#         441
  C:2E89H         LINE#         442
  C:2E8CH         LINE#         444
  C:2E8EH         LINE#         445
  C:2E91H         LINE#         446
  C:2E91H         LINE#         447
  C:2E94H         LINE#         448
  C:2E99H         LINE#         449
  C:2E99H         LINE#         450
  C:2E9BH         LINE#         451
  C:2E9EH         LINE#         453
  C:2EA3H         LINE#         454
  C:2EA5H         LINE#         455
  C:2EA5H         LINE#         456
  C:2EA5H         LINE#         457
  C:2EA8H         LINE#         459
  C:2EAAH         LINE#         460
  C:2EACH         LINE#         462
  -------         ENDPROC       _PUTCHAR
  -------         ENDMOD        COMMON

  -------         MODULE        DELAY
BL51 BANKED LINKER/LOCATER V6.22                                                      09/05/2017  23:07:02  PAGE 65


  C:0000H         SYMBOL        _ICE_DUMMY_
  D:0080H         PUBLIC        P0
  D:0090H         PUBLIC        P1
  D:00A0H         PUBLIC        P2
  D:00B0H         PUBLIC        P3
  D:008FH         PUBLIC        WKCON
  D:00D8H         PUBLIC        P5
  D:00A8H         PUBLIC        IE
  D:00B8H         PUBLIC        IP
  C:2C6BH         PUBLIC        _Timer0_Delay1ms
  C:2CC4H         PUBLIC        _Timer1_Delay1ms
  C:2C10H         PUBLIC        _Timer3_Delay1ms
  D:0098H         PUBLIC        SCON
  D:0089H         PUBLIC        TMOD
  D:0088H         PUBLIC        TCON
  C:286EH         PUBLIC        _?Random_Delay
  C:31B9H         PUBLIC        _Delay10us
  D:00F8H         PUBLIC        SCON_1
  B:0088H.5       PUBLIC        TF0
  B:0088H.7       PUBLIC        TF1
  D:008CH         PUBLIC        TH0
  D:00C6H         PUBLIC        R3H
  D:008DH         PUBLIC        TH1
  D:008AH         PUBLIC        TL0
  C:2A97H         PUBLIC        _WakeUp_Timer_Delay25ms
  D:00C5H         PUBLIC        R3L
  D:008BH         PUBLIC        TL1
  B:0088H.4       PUBLIC        TR0
  B:0088H.6       PUBLIC        TR1
  D:00E8H         PUBLIC        ADCCON0
  D:00C0H         PUBLIC        I2CON
  D:00C8H         PUBLIC        T2CON
  D:00C4H         PUBLIC        T3CON
  D:008EH         PUBLIC        CKCON
  D:0086H         PUBLIC        RWK
  D:00D0H         PUBLIC        PSW
  -------         PROC          _?RANDOM_DELAY
  -------         DO            
  x:0000H         SYMBOL        u32CNT
  x:0004H         SYMBOL        u32Tmp
  -------         ENDDO         
  C:286EH         LINE#         36
  C:2874H         LINE#         37
  C:2874H         LINE#         41
  C:289FH         LINE#         42
  C:289FH         LINE#         43
  C:28C4H         LINE#         44
  C:28EBH         LINE#         45
  -------         ENDPROC       _?RANDOM_DELAY
  -------         PROC          _DELAY10US
  D:0006H         SYMBOL        u16CNT
  C:31B9H         LINE#         47
  C:31B9H         LINE#         48
  C:31BCH         LINE#         49
  C:31BFH         LINE#         50
  C:31C1H         LINE#         51
  C:31C5H         LINE#         52
BL51 BANKED LINKER/LOCATER V6.22                                                      09/05/2017  23:07:02  PAGE 66


  C:31C8H         LINE#         53
  C:31CBH         LINE#         54
  C:31CEH         LINE#         56
  C:31D0H         LINE#         57
  C:31D5H         LINE#         58
  C:31D7H         LINE#         59
  C:31D9H         LINE#         60
  -------         ENDPROC       _DELAY10US
  -------         PROC          _TIMER0_DELAY1MS
  X:00BCH         SYMBOL        u32CNT
  C:2C6BH         LINE#         62
  C:2C71H         LINE#         63
  C:2C74H         LINE#         64
  C:2C77H         LINE#         65
  C:2C79H         LINE#         66
  C:2C92H         LINE#         67
  C:2C95H         LINE#         68
  C:2C98H         LINE#         69
  C:2C9BH         LINE#         71
  C:2C9DH         LINE#         72
  C:2CBFH         LINE#         73
  C:2CC1H         LINE#         74
  C:2CC3H         LINE#         75
  -------         ENDPROC       _TIMER0_DELAY1MS
  -------         PROC          _TIMER1_DELAY1MS
  X:00C0H         SYMBOL        u32CNT
  C:2CC4H         LINE#         77
  C:2CCAH         LINE#         78
  C:2CCDH         LINE#         79
  C:2CD0H         LINE#         80
  C:2CD2H         LINE#         81
  C:2CEBH         LINE#         82
  C:2CEEH         LINE#         83
  C:2CF1H         LINE#         84
  C:2CF4H         LINE#         86
  C:2CF6H         LINE#         87
  C:2D18H         LINE#         88
  C:2D1AH         LINE#         89
  C:2D1CH         LINE#         90
  -------         ENDPROC       _TIMER1_DELAY1MS
  -------         PROC          _TIMER3_DELAY1MS
  X:00C4H         SYMBOL        u32CNT
  C:2C10H         LINE#         92
  C:2C16H         LINE#         93
  C:2C19H         LINE#         94
  C:2C1CH         LINE#         95
  C:2C35H         LINE#         96
  C:2C38H         LINE#         97
  C:2C3BH         LINE#         98
  C:2C40H         LINE#         100
  C:2C43H         LINE#         101
  C:2C65H         LINE#         102
  C:2C67H         LINE#         103
  C:2C6AH         LINE#         104
  -------         ENDPROC       _TIMER3_DELAY1MS
  -------         PROC          _WAKEUP_TIMER_DELAY25MS
  X:00C8H         SYMBOL        u32CNT
BL51 BANKED LINKER/LOCATER V6.22                                                      09/05/2017  23:07:02  PAGE 67


  C:2A97H         LINE#         106
  C:2A9DH         LINE#         107
  C:2A9DH         LINE#         108
  C:2AA0H         LINE#         109
  C:2AA3H         LINE#         110
  C:2AA6H         LINE#         112
  C:2AA9H         LINE#         114
  C:2AACH         LINE#         115
  C:2AAFH         LINE#         116
  C:2AC8H         LINE#         117
  C:2ACDH         LINE#         119
  C:2AD0H         LINE#         120
  C:2AF2H         LINE#         121
  C:2AF4H         LINE#         122
  C:2AF7H         LINE#         123
  -------         ENDPROC       _WAKEUP_TIMER_DELAY25MS
  -------         ENDMOD        DELAY

  -------         MODULE        VERSION
  C:0000H         SYMBOL        _ICE_DUMMY_
  D:0080H         PUBLIC        P0
  D:0090H         PUBLIC        P1
  D:00A0H         PUBLIC        P2
  D:00B0H         PUBLIC        P3
  D:00D8H         PUBLIC        P5
  D:00A8H         PUBLIC        IE
  D:00B8H         PUBLIC        IP
  D:0098H         PUBLIC        SCON
  D:0088H         PUBLIC        TCON
  D:00F8H         PUBLIC        SCON_1
  C:2AF8H         PUBLIC        Show_FW_Version_Number_To_PC
  D:00E8H         PUBLIC        ADCCON0
  D:00C0H         PUBLIC        I2CON
  D:00C8H         PUBLIC        T2CON
  D:00D0H         PUBLIC        PSW
  -------         PROC          SHOW_FW_VERSION_NUMBER_TO_PC
  C:2AF8H         LINE#         32
  C:2AF8H         LINE#         33
  C:2AF8H         LINE#         34
  C:2B01H         LINE#         35
  C:2B0AH         LINE#         36
  C:2B13H         LINE#         37
  C:2B2DH         LINE#         38
  C:2B4EH         LINE#         39
  -------         ENDPROC       SHOW_FW_VERSION_NUMBER_TO_PC
  -------         ENDMOD        VERSION

  -------         MODULE        ?C_STARTUP
  C:26C2H         SEGMENT       ?C_C51STARTUP
  I:00BEH         SEGMENT       ?STACK
  C:0000H         PUBLIC        ?C_STARTUP
  D:00E0H         SYMBOL        ACC
  D:00F0H         SYMBOL        B
  D:0083H         SYMBOL        DPH
  D:0082H         SYMBOL        DPL
  N:0000H         SYMBOL        IBPSTACK
  N:0100H         SYMBOL        IBPSTACKTOP
BL51 BANKED LINKER/LOCATER V6.22                                                      09/05/2017  23:07:02  PAGE 68


  N:0080H         SYMBOL        IDATALEN
  C:26C5H         SYMBOL        IDATALOOP
  N:0000H         SYMBOL        PBPSTACK
  N:0000H         SYMBOL        PBPSTACKTOP
  N:0000H         SYMBOL        PDATALEN
  N:0000H         SYMBOL        PDATASTART
  N:0000H         SYMBOL        PPAGE
  N:0000H         SYMBOL        PPAGEENABLE
  D:00A0H         SYMBOL        PPAGE_SFR
  D:0081H         SYMBOL        SP
  C:26C2H         SYMBOL        STARTUP1
  N:0000H         SYMBOL        XBPSTACK
  N:0000H         SYMBOL        XBPSTACKTOP
  N:00FFH         SYMBOL        XDATALEN
  C:26D0H         SYMBOL        XDATALOOP
  N:0000H         SYMBOL        XDATASTART
  C:0000H         LINE#         92
  C:26C2H         LINE#         99
  C:26C4H         LINE#         100
  C:26C5H         LINE#         101
  C:26C6H         LINE#         102
  C:26C8H         LINE#         106
  C:26CBH         LINE#         107
  C:26CDH         LINE#         109
  C:26CFH         LINE#         113
  C:26D0H         LINE#         114
  C:26D1H         LINE#         115
  C:26D2H         LINE#         116
  C:26D4H         LINE#         117
  C:26D6H         LINE#         151
  C:26D9H         LINE#         155
  -------         ENDMOD        ?C_STARTUP

  -------         MODULE        ?C?COPY
  C:1090H         PUBLIC        ?C?COPY
  -------         ENDMOD        ?C?COPY

  -------         MODULE        ?C?CLDPTR
  C:10B6H         PUBLIC        ?C?CLDPTR
  -------         ENDMOD        ?C?CLDPTR

  -------         MODULE        ?C?CLDOPTR
  C:10CFH         PUBLIC        ?C?CLDOPTR
  -------         ENDMOD        ?C?CLDOPTR

  -------         MODULE        ?C?CILDOPTR
  C:10FCH         PUBLIC        ?C?CILDOPTR
  -------         ENDMOD        ?C?CILDOPTR

  -------         MODULE        ?C?CSTOPTR
  C:112FH         PUBLIC        ?C?CSTOPTR
  -------         ENDMOD        ?C?CSTOPTR

  -------         MODULE        ?C?UIDIV
  C:1151H         PUBLIC        ?C?UIDIV
  -------         ENDMOD        ?C?UIDIV

BL51 BANKED LINKER/LOCATER V6.22                                                      09/05/2017  23:07:02  PAGE 69


  -------         MODULE        ?C?IILDX
  C:11A6H         PUBLIC        ?C?IILDX
  -------         ENDMOD        ?C?IILDX

  -------         MODULE        ?C?ILDOPTR
  C:11BCH         PUBLIC        ?C?ILDOPTR
  -------         ENDMOD        ?C?ILDOPTR

  -------         MODULE        ?C?IILDOPTR
  C:11F4H         PUBLIC        ?C?IILDOPTR
  -------         ENDMOD        ?C?IILDOPTR

  -------         MODULE        ?C?ISTOPTR
  C:1241H         PUBLIC        ?C?ISTOPTR
  -------         ENDMOD        ?C?ISTOPTR

  -------         MODULE        ?C?ULDIV
  C:12AAH         PUBLIC        ?C?ULDIV
  -------         ENDMOD        ?C?ULDIV

  -------         MODULE        ?C?ULCMP
  C:133CH         PUBLIC        ?C?ULCMP
  -------         ENDMOD        ?C?ULCMP

  -------         MODULE        ?C?ULSHR
  C:134DH         PUBLIC        ?C?ULSHR
  -------         ENDMOD        ?C?ULSHR

  -------         MODULE        ?C?LSTXDATA
  C:1360H         PUBLIC        ?C?LSTXDATA
  -------         ENDMOD        ?C?LSTXDATA

  -------         MODULE        ?C?LSTKXDATA
  C:136CH         PUBLIC        ?C?LSTKXDATA
  -------         ENDMOD        ?C?LSTKXDATA

  -------         MODULE        ?C?PLDPTR
  C:139DH         PUBLIC        ?C?PLDPTR
  -------         ENDMOD        ?C?PLDPTR

  -------         MODULE        ?C?CCASE
  C:13BDH         PUBLIC        ?C?CCASE
  -------         ENDMOD        ?C?CCASE

  -------         MODULE        ?C?ICALL
  C:13E3H         PUBLIC        ?C?ICALL
  C:13E7H         PUBLIC        ?C?ICALL2
  -------         ENDMOD        ?C?ICALL

  -------         MODULE        ?C_XBP
  D:000DH         PUBLIC        ?C_XBP
  -------         ENDMOD        ?C_XBP

  -------         MODULE        ?C?ADDXBP
  C:13E9H         PUBLIC        ?C?ADDXBP
  -------         ENDMOD        ?C?ADDXBP

BL51 BANKED LINKER/LOCATER V6.22                                                      09/05/2017  23:07:02  PAGE 70


  -------         MODULE        ?C?XBPOFF
  C:140DH         PUBLIC        ?C?XBPOFF
  -------         ENDMOD        ?C?XBPOFF

  -------         MODULE        PRINTF
  X:001AH         PUBLIC        ?_PRINTF517?BYTE
  X:001AH         PUBLIC        ?_PRINTF?BYTE
  X:001AH         PUBLIC        ?_SPRINTF517?BYTE
  X:001AH         PUBLIC        ?_SPRINTF?BYTE
  C:1A42H         PUBLIC        _PRINTF
  C:1A42H         PUBLIC        _PRINTF517
  C:1A3CH         PUBLIC        _SPRINTF
  C:1A3CH         PUBLIC        _SPRINTF517
  -------         ENDMOD        PRINTF

  -------         MODULE        ?C?STRCPY
  C:14E6H         PUBLIC        ?C?STRCPY
  -------         ENDMOD        ?C?STRCPY

  -------         MODULE        STRLEN
  C:3316H         PUBLIC        _STRLEN
  -------         ENDMOD        STRLEN

  -------         MODULE        ?C?MEMSET
  C:1503H         PUBLIC        ?C?MEMSET
  -------         ENDMOD        ?C?MEMSET

  -------         MODULE        ?C?CSTPTR
  C:152FH         PUBLIC        ?C?CSTPTR
  -------         ENDMOD        ?C?CSTPTR

  -------         MODULE        ?C?PLDIDATA
  C:1541H         PUBLIC        ?C?PLDIDATA
  -------         ENDMOD        ?C?PLDIDATA

  -------         MODULE        ?C?PLDXDATA
  C:154AH         PUBLIC        ?C?PLDXDATA
  -------         ENDMOD        ?C?PLDXDATA

  -------         MODULE        ?C?PLDIXDATA
  C:1553H         PUBLIC        ?C?PLDIXDATA
  -------         ENDMOD        ?C?PLDIXDATA

  -------         MODULE        ?C?PSTXDATA
  C:156AH         PUBLIC        ?C?PSTXDATA
  -------         ENDMOD        ?C?PSTXDATA

  -------         MODULE        ?C?PLDPDATA
  C:1573H         PUBLIC        ?C?PLDPDATA
  -------         ENDMOD        ?C?PLDPDATA

  -------         MODULE        ?C?PLDCODE
  C:157CH         PUBLIC        ?C?PLDCODE
  -------         ENDMOD        ?C?PLDCODE

Program Size: data=184.2 xdata=204 code=13860
LINK/LOCATE RUN COMPLETE.  0 WARNING(S),  0 ERROR(S)
