BL51 BANKED LINKER/LOCATER V6.22                                                        08/01/2017  22:22:46  PAGE 1


BL51 BANKED LINKER/LOCATER V6.22, INVOKED BY:
C:\KEIL_V5\C51\BIN\BL51.EXE .\Out\Objects\main.obj, .\Out\Objects\app_key.obj, .\Out\Objects\app_work.obj, .\Out\Objects
>> \app_repeat_exe.obj, .\Out\Objects\app_charge.obj, .\Out\Objects\app_battery.obj, .\Out\Objects\bsp.obj, .\Out\Object
>> s\bsp_beep.obj, .\Out\Objects\bsp_key.obj, .\Out\Objects\bsp_bright.obj, .\Out\Objects\bsp_bt.obj, .\Out\Objects\bsp_
>> display.obj, .\Out\Objects\bsp_hall.obj, .\Out\Objects\bsp_uart.obj, .\Out\Objects\bsp_timer0.obj, .\Out\Objects\bsp_
>> timer1.obj, .\Out\Objects\bsp_adc.obj, .\Out\Objects\Common.obj, .\Out\Objects\Delay.obj, .\Out\Objects\Version.obj, 
>> .\Out\Objects\STARTUP.obj TO .\Out\Objects\project PRINT (.\Out\Listings\project.m51) RAMSIZE (256) DISABLEWARNING (1
>> 6)


MEMORY MODEL: LARGE


INPUT MODULES INCLUDED:
  .\Out\Objects\main.obj (MAIN)
  .\Out\Objects\app_key.obj (APP_KEY)
  .\Out\Objects\app_work.obj (APP_WORK)
  .\Out\Objects\app_repeat_exe.obj (APP_REPEAT_EXE)
  .\Out\Objects\app_charge.obj (APP_CHARGE)
  .\Out\Objects\app_battery.obj (APP_BATTERY)
  .\Out\Objects\bsp.obj (BSP)
  .\Out\Objects\bsp_beep.obj (BSP_BEEP)
  .\Out\Objects\bsp_key.obj (BSP_KEY)
  .\Out\Objects\bsp_bright.obj (BSP_BRIGHT)
  .\Out\Objects\bsp_bt.obj (BSP_BT)
  .\Out\Objects\bsp_display.obj (BSP_DISPLAY)
  .\Out\Objects\bsp_hall.obj (BSP_HALL)
  .\Out\Objects\bsp_uart.obj (BSP_UART)
  .\Out\Objects\bsp_timer0.obj (BSP_TIMER0)
  .\Out\Objects\bsp_timer1.obj (BSP_TIMER1)
  .\Out\Objects\bsp_adc.obj (BSP_ADC)
  .\Out\Objects\Common.obj (COMMON)
  .\Out\Objects\Delay.obj (DELAY)
  .\Out\Objects\Version.obj (VERSION)
  .\Out\Objects\STARTUP.obj (?C_STARTUP)
  C:\KEIL_V5\C51\LIB\C51L.LIB (?C_INIT)
  C:\KEIL_V5\C51\LIB\C51L.LIB (?C?CLDOPTR)
  C:\KEIL_V5\C51\LIB\C51L.LIB (?C?CILDOPTR)
  C:\KEIL_V5\C51\LIB\C51L.LIB (?C?CSTPTR)
  C:\KEIL_V5\C51\LIB\C51L.LIB (?C?CSTOPTR)
  C:\KEIL_V5\C51\LIB\C51L.LIB (?C?UIDIV)
  C:\KEIL_V5\C51\LIB\C51L.LIB (?C?IILDX)
  C:\KEIL_V5\C51\LIB\C51L.LIB (?C?ILDOPTR)
  C:\KEIL_V5\C51\LIB\C51L.LIB (?C?IILDOPTR)
  C:\KEIL_V5\C51\LIB\C51L.LIB (?C?ISTOPTR)
  C:\KEIL_V5\C51\LIB\C51L.LIB (?C?ULDIV)
  C:\KEIL_V5\C51\LIB\C51L.LIB (?C?ULCMP)
  C:\KEIL_V5\C51\LIB\C51L.LIB (?C?ULSHR)
  C:\KEIL_V5\C51\LIB\C51L.LIB (?C?LSTXDATA)
  C:\KEIL_V5\C51\LIB\C51L.LIB (?C?LSTKXDATA)
  C:\KEIL_V5\C51\LIB\C51L.LIB (?C?PLDPTR)
  C:\KEIL_V5\C51\LIB\C51L.LIB (?C?ICALL)
  C:\KEIL_V5\C51\LIB\C51L.LIB (?C_XBP)
  C:\KEIL_V5\C51\LIB\C51L.LIB (?C?ADDXBP)
  C:\KEIL_V5\C51\LIB\C51L.LIB (?C?XBPOFF)
  C:\KEIL_V5\C51\LIB\C51L.LIB (PRINTF)
  C:\KEIL_V5\C51\LIB\C51L.LIB (?C?CLDPTR)
  C:\KEIL_V5\C51\LIB\C51L.LIB (?C?PLDIDATA)
BL51 BANKED LINKER/LOCATER V6.22                                                      08/01/2017  22:22:46  PAGE 2


  C:\KEIL_V5\C51\LIB\C51L.LIB (?C?PLDXDATA)
  C:\KEIL_V5\C51\LIB\C51L.LIB (?C?PLDIXDATA)
  C:\KEIL_V5\C51\LIB\C51L.LIB (?C?PSTXDATA)
  C:\KEIL_V5\C51\LIB\C51L.LIB (?C?PLDPDATA)
  C:\KEIL_V5\C51\LIB\C51L.LIB (?C?PLDCODE)
  C:\KEIL_V5\C51\LIB\C51L.LIB (?C?CCASE)


LINK MAP OF MODULE:  .\Out\Objects\project (MAIN)


            TYPE    BASE      LENGTH    RELOCATION   SEGMENT NAME
            -----------------------------------------------------

            * * * * * * *   D A T A   M E M O R Y   * * * * * * *
            REG     0000H     0008H     ABSOLUTE     "REG BANK 0"
            DATA    0008H     0005H     UNIT         _DATA_GROUP_
            DATA    000DH     0002H     UNIT         ?C?LIB_DATA
            IDATA   000FH     000EH     UNIT         ?ID?BSP_BEEP
            IDATA   001DH     0001H     UNIT         ?ID?APP_BATTERY
                    001EH     0002H                  *** GAP ***
            BIT     0020H.0   0001H.2   UNIT         _BIT_GROUP_
            BIT     0021H.2   0000H.3   UNIT         ?BI?APP_WORK
            BIT     0021H.5   0000H.2   UNIT         ?BI?APP_CHARGE
            BIT     0021H.7   0000H.1   UNIT         ?BI?APP_KEY
            BIT     0022H.0   0000H.1   UNIT         ?BI?BSP
            BIT     0022H.1   0000H.1   UNIT         ?BI?BSP_BEEP
            BIT     0022H.2   0000H.1   UNIT         ?BI?BSP_HALL
            BIT     0022H.3   0000H.1   UNIT         ?BI?_GET_DATA_FROM_UART1?BSP_UART
            BIT     0022H.4   0000H.1   UNIT         ?BI?BSP_UART
                    0022H.5   0000H.3                *** GAP ***
            IDATA   0023H     0004H     UNIT         ?ID?APP_CHARGE
            IDATA   0027H     0001H     UNIT         ?STACK

            * * * * * * *  X D A T A   M E M O R Y  * * * * * * *
            XDATA   0000H     0052H     UNIT         ?XD?BSP_KEY
            XDATA   0052H     002AH     UNIT         _XDATA_GROUP_
            XDATA   007CH     0012H     UNIT         ?XD?APP_WORK
            XDATA   008EH     0012H     UNIT         ?XD?APP_REPEAT_EXE
            XDATA   00A0H     0009H     UNIT         ?XD?BSP_TIMER0
            XDATA   00A9H     0006H     UNIT         ?XD?APP_KEY
            XDATA   00AFH     0004H     UNIT         ?XD?_INITIALUART0_TIMER3_TYPE5?COMMON
            XDATA   00B3H     0004H     UNIT         ?XD?_INITIALUART0_TIMER3_TYPE6?COMMON
            XDATA   00B7H     0004H     UNIT         ?XD?_TIMER0_DELAY1MS?DELAY
            XDATA   00BBH     0004H     UNIT         ?XD?_TIMER1_DELAY1MS?DELAY
            XDATA   00BFH     0004H     UNIT         ?XD?_TIMER3_DELAY1MS?DELAY
            XDATA   00C3H     0004H     UNIT         ?XD?_WAKEUP_TIMER_DELAY25MS?DELAY
            XDATA   00C7H     0003H     UNIT         ?XD?BSP_HALL
            XDATA   00CAH     0002H     UNIT         ?XD?MAIN

            * * * * * * *   C O D E   M E M O R Y   * * * * * * *
            CODE    0000H     0003H     ABSOLUTE     
            CODE    0003H     0008H     UNIT         ?PR?RECEIVE_DATA_FROM_UART0?COMMON
            CODE    000BH     0003H     ABSOLUTE     
            CODE    000EH     000DH     UNIT         ?PR?APP_WORK_1S_PRO?APP_WORK
            CODE    001BH     0003H     ABSOLUTE     
            CODE    001EH     001DH     UNIT         ?PR?_BSP_PUTKEY?BSP_KEY
BL51 BANKED LINKER/LOCATER V6.22                                                      08/01/2017  22:22:46  PAGE 3


            CODE    003BH     0003H     ABSOLUTE     
            CODE    003EH     001CH     UNIT         ?PR?WORK_INIT?APP_WORK
            CODE    005AH     0001H     UNIT         ?PR?APP_BATTERY_INIT?APP_BATTERY
            CODE    005BH     0003H     ABSOLUTE     
            CODE    005EH     03C2H     UNIT         ?PR?APP_WORK_PRO?APP_WORK
            CODE    0420H     03BDH     UNIT         ?C?LIB_CODE
            CODE    07DDH     0365H     UNIT         ?PR?PRINTF?PRINTF
            CODE    0B42H     0322H     UNIT         ?PR?_LCD_SHOW_CAL_NUM?BSP_DISPLAY
            CODE    0E64H     0253H     UNIT         ?PR?_LCD_SHOW_PULLS_NUM?BSP_DISPLAY
            CODE    10B7H     015EH     UNIT         ?PR?_LCD_SHOW_REP_NUM?BSP_DISPLAY
            CODE    1215H     015AH     UNIT         ?PR?_BSP_DETECTKEY?BSP_KEY
            CODE    136FH     0145H     UNIT         ?PR?_SYSTEM_CLOCK_SELECT?COMMON
            CODE    14B4H     0112H     UNIT         ?CO?VERSION
            CODE    15C6H     00E9H     UNIT         ?PR?APP_KEY_POWER_OR_RETURN?APP_KEY
            CODE    16AFH     00C0H     UNIT         ?PR?_APP_KEY_PRO?APP_KEY
            CODE    176FH     00BFH     UNIT         ?PR?REPEAT_PRO?APP_REPEAT_EXE
            CODE    182EH     00B9H     UNIT         ?PR?BSP_INITKEYVAR?BSP_KEY
            CODE    18E7H     00B2H     UNIT         ?PR?BEEP_PRO?BSP_BEEP
            CODE    1999H     00A6H     UNIT         ?PR?APP_UI_INIT?APP_KEY
            CODE    1A3FH     009AH     UNIT         ?C_C51STARTUP
            CODE    1AD9H     0091H     UNIT         ?PR?APP_FLASH_SHOW?APP_KEY
            CODE    1B6AH     0083H     UNIT         ?PR?_?RANDOM_DELAY?DELAY
            CODE    1BEDH     0070H     UNIT         ?PR?MAIN?MAIN
            CODE    1C5DH     006CH     UNIT         ?PR?APP_KEY_ADD?APP_KEY
            CODE    1CC9H     006AH     UNIT         ?PR?APP_FLASH_CLEAR?APP_KEY
            CODE    1D33H     0069H     UNIT         ?PR?TIMER0_ISR?BSP_TIMER0
            CODE    1D9CH     0063H     UNIT         ?PR?_INITIALUART0_TIMER3_TYPE5?COMMON
            CODE    1DFFH     0063H     UNIT         ?PR?_INITIALUART0_TIMER3_TYPE6?COMMON
            CODE    1E62H     0062H     UNIT         ?PR?APP_KEY_SET?APP_KEY
            CODE    1EC4H     0061H     UNIT         ?PR?_WAKEUP_TIMER_DELAY25MS?DELAY
            CODE    1F25H     005FH     UNIT         ?PR?APP_CHARGE_100MS_PRO?APP_CHARGE
            CODE    1F84H     005FH     UNIT         ?PR?SHOW_FW_VERSION_NUMBER_TO_PC?VERSION
            CODE    1FE3H     005DH     UNIT         ?PR?_INITIALUART1_TIMER3?COMMON
            CODE    2040H     005BH     UNIT         ?PR?_TIMER3_DELAY1MS?DELAY
            CODE    209BH     005AH     UNIT         ?PR?APP_KEY_OK?APP_KEY
            CODE    20F5H     0059H     UNIT         ?PR?_TIMER0_DELAY1MS?DELAY
            CODE    214EH     0059H     UNIT         ?PR?_TIMER1_DELAY1MS?DELAY
            CODE    21A7H     0057H     UNIT         ?PR?_HALL_PRO?BSP_HALL
            CODE    21FEH     0043H     UNIT         ?C_INITSEG
            CODE    2241H     003FH     UNIT         ?PR?_BEEP_START?BSP_BEEP
            CODE    2280H     003DH     UNIT         ?PR?ADC_ISR?MAIN
            CODE    22BDH     003DH     UNIT         ?PR?_PUTCHAR?COMMON
            CODE    22FAH     003CH     UNIT         ?PR?APP_CHARGE_1S_PRO?APP_CHARGE
            CODE    2336H     003AH     UNIT         ?PR?APP_BATTERY_VOLTAGE_RESULT?APP_CHARGE
            CODE    2370H     0034H     UNIT         ?PR?_BSP_SETKEYPARAM?BSP_KEY
            CODE    23A4H     0032H     UNIT         ?PR?APP_KEY_1S_PRO?APP_KEY
            CODE    23D6H     0032H     UNIT         ?PR?_REPEAT_START?APP_REPEAT_EXE
            CODE    2408H     0031H     UNIT         ?PR?BSP_INIT?BSP
            CODE    2439H     002DH     UNIT         ?PR?LCD_CLEAR_CAL_NUM?BSP_DISPLAY
            CODE    2466H     002DH     UNIT         ?PR?ADC_INIT?BSP_ADC
            CODE    2493H     002AH     UNIT         ?PR?BSP_GETKEY?BSP_KEY
            CODE    24BDH     002AH     UNIT         ?PR?_INITIALUART0_TIMER1_TYPE3?COMMON
            CODE    24E7H     002AH     UNIT         ?PR?_INITIALUART0_TIMER1_TYPE4?COMMON
            CODE    2511H     0029H     UNIT         ?PR?_INITIALUART0_TIMER1_TYPE1?COMMON
            CODE    253AH     0028H     UNIT         ?PR?BSP_GETKEY2?BSP_KEY
            CODE    2562H     0028H     UNIT         ?PR?_INITIALUART0_TIMER1_TYPE2?COMMON
            CODE    258AH     0027H     UNIT         ?PR?APP_KEY_INIT?APP_KEY
BL51 BANKED LINKER/LOCATER V6.22                                                      08/01/2017  22:22:46  PAGE 4


            CODE    25B1H     0024H     UNIT         ?PR?QUERY_WORK_SUM?APP_WORK
            CODE    25D5H     0024H     UNIT         ?PR?LCD_DISPLAY_INITHARD?BSP_DISPLAY
            CODE    25F9H     0023H     UNIT         ?PR?PININTERRUPT_ISR?MAIN
            CODE    261CH     0023H     UNIT         ?PR?LCD_CLEAR_PULLS_NUM?BSP_DISPLAY
            CODE    263FH     0023H     UNIT         ?PR?TIMER0_INITHARD?BSP_TIMER0
            CODE    2662H     0022H     UNIT         ?PR?APP_KEY_100MS_PRO?APP_KEY
            CODE    2684H     0022H     UNIT         ?PR?_LCD_SHOW_ABCD?BSP_DISPLAY
            CODE    26A6H     0021H     UNIT         ?PR?BEEP_INITHARD?BSP_BEEP
            CODE    26C7H     0021H     UNIT         ?PR?_DELAY10US?DELAY
            CODE    26E8H     0020H     UNIT         ?PR?SET_ALL_GPIO_INPUT_MODE?COMMON
            CODE    2708H     001FH     UNIT         ?PR?BSP_INITKEYHARD?BSP_KEY
            CODE    2727H     001CH     UNIT         ?PR?TIMER0_PARAMINIT?BSP_TIMER0
            CODE    2743H     001BH     UNIT         ?PR?BSP_KEYSCAN?BSP_KEY
            CODE    275EH     001AH     UNIT         ?PR?SET_ALL_GPIO_QUASI_MODE?COMMON
            CODE    2778H     001AH     UNIT         ?PR?SW_RESET?COMMON
            CODE    2792H     0018H     UNIT         ?PR?APP_BATTERY_1S_PRO?APP_BATTERY
            CODE    27AAH     0018H     UNIT         ?PR?LCD_CLEAR_REP_NUM?BSP_DISPLAY
            CODE    27C2H     0017H     UNIT         ?CO?APP_KEY
            CODE    27D9H     0015H     UNIT         ?PR?BEEP_KEYTONE?BSP_BEEP
            CODE    27EEH     0014H     UNIT         ?PR?REPEAT_STOP?APP_REPEAT_EXE
            CODE    2802H     0013H     UNIT         ?PR?_GET_DATA_FROM_UART1?BSP_UART
            CODE    2815H     0013H     UNIT         ?PR?TIMER1_INITHARD?BSP_TIMER1
            CODE    2828H     0011H     UNIT         ?PR?_BSP_GETKEYSTATE?BSP_KEY
            CODE    2839H     0011H     UNIT         ?PR?UART_INITHARD?BSP_UART
            CODE    284AH     0010H     UNIT         ?PR?REPEAT_START_EXE?APP_REPEAT_EXE
            CODE    285AH     0010H     UNIT         ?PR?REPEAT_STOP_EXE?APP_REPEAT_EXE
            CODE    286AH     000DH     UNIT         ?PR?LCD_CLEAR_ALL?BSP_DISPLAY
            CODE    2877H     000DH     UNIT         ?PR?HALL_INITHARD?BSP_HALL
            CODE    2884H     000CH     UNIT         ?PR?APP_WORK_100MS_PRO?APP_WORK
            CODE    2890H     000CH     UNIT         ?PR?_REPEAT_SETSTART?APP_REPEAT_EXE
            CODE    289CH     000CH     UNIT         ?PR?_REPEAT_SETSTOP?APP_REPEAT_EXE
            CODE    28A8H     000CH     UNIT         ?PR?ISKEYDOWN_1AND3?BSP_KEY
            CODE    28B4H     000AH     UNIT         ?CO?APP_CHARGE
            CODE    28BEH     000AH     UNIT         ?PR?HALL_INITVAR?BSP_HALL
            CODE    28C8H     0009H     UNIT         ?PR?ISKEYDOWN1?BSP_KEY
            CODE    28D1H     0009H     UNIT         ?PR?ISKEYDOWN2?BSP_KEY
            CODE    28DAH     0009H     UNIT         ?PR?ISKEYDOWN3?BSP_KEY
            CODE    28E3H     0009H     UNIT         ?PR?ISKEYDOWN4?BSP_KEY
            CODE    28ECH     0009H     UNIT         ?PR?ISKEYDOWN5?BSP_KEY
            CODE    28F5H     0009H     UNIT         ?PR?BSP_CLEARKEY?BSP_KEY
            CODE    28FEH     0009H     UNIT         ?PR?BRIGHT_INITHARD?BSP_BRIGHT
            CODE    2907H     0008H     UNIT         ?PR?_SEND_DATA_TO_UART0?COMMON
            CODE    290FH     0008H     UNIT         ?PR?RECEIVE_DATA_FROM_UART1?COMMON
            CODE    2917H     0008H     UNIT         ?PR?_SEND_DATA_TO_UART1?COMMON
            CODE    291FH     0007H     UNIT         ?PR?BEEP_STOP?BSP_BEEP
            CODE    2926H     0007H     UNIT         ?PR?LCD_CLEAR_BLUETOOTH_ICO?BSP_DISPLAY
            CODE    292DH     0007H     UNIT         ?PR?LCD_SHOW_BLUETOOTH_ICO?BSP_DISPLAY
            CODE    2934H     0007H     UNIT         ?PR?LCD_CLEAR_BLUETOOTH_FILL_ICO?BSP_DISPLAY
            CODE    293BH     0007H     UNIT         ?PR?LCD_SHOW_BLUETOOTH_FILL_ICO?BSP_DISPLAY
            CODE    2942H     0007H     UNIT         ?PR?LCD_CLEAR_LINE_UP?BSP_DISPLAY
            CODE    2949H     0007H     UNIT         ?PR?LCD_SHOW_LINE_UP?BSP_DISPLAY
            CODE    2950H     0007H     UNIT         ?PR?LCD_CLEAR_BATTERY_ICO?BSP_DISPLAY
            CODE    2957H     0007H     UNIT         ?PR?LCD_SHOW_BATTERY_ICO?BSP_DISPLAY
            CODE    295EH     0007H     UNIT         ?PR?LCD_CLEAR_REP_ICO?BSP_DISPLAY
            CODE    2965H     0007H     UNIT         ?PR?LCD_SHOW_REP_ICO?BSP_DISPLAY
            CODE    296CH     0007H     UNIT         ?PR?LCD_CLEAR_ABCD?BSP_DISPLAY
            CODE    2973H     0007H     UNIT         ?PR?LCD_SHOW_ABCD_ALL?BSP_DISPLAY
BL51 BANKED LINKER/LOCATER V6.22                                                      08/01/2017  22:22:46  PAGE 5


            CODE    297AH     0007H     UNIT         ?PR?LCD_CLEAR_QS_ICO?BSP_DISPLAY
            CODE    2981H     0007H     UNIT         ?PR?LCD_SHOW_QS_ICO?BSP_DISPLAY
            CODE    2988H     0007H     UNIT         ?PR?LCD_CLEAR_COACH_ICO?BSP_DISPLAY
            CODE    298FH     0007H     UNIT         ?PR?LCD_SHOW_COACH_ICO?BSP_DISPLAY
            CODE    2996H     0007H     UNIT         ?PR?LCD_CLEAR_LINE_DOWN?BSP_DISPLAY
            CODE    299DH     0007H     UNIT         ?PR?LCD_SHOW_LINE_DOWN?BSP_DISPLAY
            CODE    29A4H     0007H     UNIT         ?PR?LCD_CLEAR_HEART_ICO?BSP_DISPLAY
            CODE    29ABH     0007H     UNIT         ?PR?LCD_SHOW_HEART_ICO?BSP_DISPLAY
            CODE    29B2H     0007H     UNIT         ?PR?LCD_CLEAR_CAL_ICO?BSP_DISPLAY
            CODE    29B9H     0007H     UNIT         ?PR?LCD_SHOW_CAL_ICO?BSP_DISPLAY
            CODE    29C0H     0006H     UNIT         ?PR?APP_POWER_OFF?APP_KEY
            CODE    29C6H     0006H     UNIT         ?PR?APP_KEY_CLEAR_NOOPS_TIMEOUTCNT?APP_KEY
            CODE    29CCH     0006H     UNIT         ?PR?BEEP_ENABLE?BSP_BEEP
            CODE    29D2H     0006H     UNIT         ?PR?BEEP_DISABLE?BSP_BEEP
            CODE    29D8H     0006H     UNIT         ?PR?BSP_INITKEY?BSP_KEY
            CODE    29DEH     0006H     UNIT         ?PR?HALL_INIT?BSP_HALL
            CODE    29E4H     0005H     UNIT         ?PR?APP_CHARGE_INIT?APP_CHARGE
            CODE    29E9H     0005H     UNIT         ?PR?HALL_1_INTERRUPT?BSP_HALL
            CODE    29EEH     0005H     UNIT         ?PR?HALL_2_INTERRUPT?BSP_HALL
            CODE    29F3H     0005H     UNIT         ?PR?HALL_3_INTERRUPT?BSP_HALL
            CODE    29F8H     0004H     UNIT         ?PR?FSYS_CLOCK_OUTPUT_ON_P26?COMMON
            CODE    29FCH     0003H     UNIT         ?PR?APP_POWER_ON?APP_KEY
            CODE    29FFH     0003H     UNIT         ?PR?APP_BATTERY_DETECTION?APP_BATTERY
            CODE    2A02H     0003H     UNIT         ?PR?LCD_BRIGHT_OFF?BSP_BRIGHT
            CODE    2A05H     0003H     UNIT         ?PR?LCD_BRIGHT_ON?BSP_BRIGHT
            CODE    2A08H     0001H     UNIT         ?PR?TIMER1_ISR?BSP_TIMER1



OVERLAY MAP OF MODULE:   .\Out\Objects\project (MAIN)


SEGMENT                                             BIT_GROUP          DATA_GROUP          XDATA_GROUP
  +--> CALLED SEGMENT                            START    LENGTH     START    LENGTH     START    LENGTH
--------------------------------------------------------------------------------------------------------
?PR?ADC_ISR?MAIN                                 -----    -----      -----    -----      -----    -----
  +--> ?PR?APP_BATTERY_VOLTAGE_RESULT?APP_CH...

?PR?APP_BATTERY_VOLTAGE_RESULT?APP_CH...         0020H.0  0000H.1    -----    -----      -----    -----

*** NEW ROOT ***************************************************

?C_C51STARTUP                                    -----    -----      -----    -----      -----    -----
  +--> ?PR?MAIN?MAIN
  +--> ?C_INITSEG

?PR?MAIN?MAIN                                    -----    -----      -----    -----      0052H    0001H
  +--> ?PR?_SYSTEM_CLOCK_SELECT?COMMON
  +--> ?PR?BSP_INIT?BSP
  +--> ?PR?WORK_INIT?APP_WORK
  +--> ?PR?APP_KEY_INIT?APP_KEY
  +--> ?PR?APP_CHARGE_INIT?APP_CHARGE
  +--> ?PR?SHOW_FW_VERSION_NUMBER_TO_PC?VERSION
  +--> ?PR?BEEP_PRO?BSP_BEEP
  +--> ?PR?BSP_KEYSCAN?BSP_KEY
  +--> ?PR?APP_KEY_100MS_PRO?APP_KEY
  +--> ?PR?APP_WORK_100MS_PRO?APP_WORK
BL51 BANKED LINKER/LOCATER V6.22                                                      08/01/2017  22:22:46  PAGE 6


  +--> ?PR?APP_CHARGE_100MS_PRO?APP_CHARGE
  +--> ?PR?REPEAT_PRO?APP_REPEAT_EXE
  +--> ?PR?APP_KEY_1S_PRO?APP_KEY
  +--> ?PR?APP_WORK_1S_PRO?APP_WORK
  +--> ?PR?APP_CHARGE_1S_PRO?APP_CHARGE
  +--> ?PR?APP_BATTERY_1S_PRO?APP_BATTERY
  +--> ?PR?BSP_GETKEY?BSP_KEY
  +--> ?PR?_APP_KEY_PRO?APP_KEY

?PR?BSP_INIT?BSP                                 -----    -----      -----    -----      -----    -----
  +--> ?PR?SET_ALL_GPIO_INPUT_MODE?COMMON
  +--> ?PR?ADC_INIT?BSP_ADC
  +--> ?PR?BSP_INITKEY?BSP_KEY
  +--> ?PR?HALL_INIT?BSP_HALL
  +--> ?PR?BRIGHT_INITHARD?BSP_BRIGHT
  +--> ?PR?BEEP_INITHARD?BSP_BEEP
  +--> ?PR?LCD_DISPLAY_INITHARD?BSP_DISPLAY
  +--> ?PR?TIMER0_INITHARD?BSP_TIMER0
  +--> ?PR?UART_INITHARD?BSP_UART

?PR?BSP_INITKEY?BSP_KEY                          -----    -----      -----    -----      -----    -----
  +--> ?PR?BSP_INITKEYVAR?BSP_KEY
  +--> ?PR?BSP_INITKEYHARD?BSP_KEY

?PR?BSP_INITKEYVAR?BSP_KEY                       -----    -----      -----    -----      -----    -----
  +--> ?PR?ISKEYDOWN1?BSP_KEY
  +--> ?PR?ISKEYDOWN2?BSP_KEY
  +--> ?PR?ISKEYDOWN3?BSP_KEY
  +--> ?PR?ISKEYDOWN4?BSP_KEY
  +--> ?PR?ISKEYDOWN5?BSP_KEY
  +--> ?PR?ISKEYDOWN_1AND3?BSP_KEY

?PR?HALL_INIT?BSP_HALL                           -----    -----      -----    -----      -----    -----
  +--> ?PR?HALL_INITHARD?BSP_HALL
  +--> ?PR?HALL_INITVAR?BSP_HALL

?PR?BRIGHT_INITHARD?BSP_BRIGHT                   -----    -----      -----    -----      -----    -----
  +--> ?PR?LCD_BRIGHT_ON?BSP_BRIGHT

?PR?LCD_DISPLAY_INITHARD?BSP_DISPLAY             -----    -----      -----    -----      -----    -----
  +--> ?PR?LCD_CLEAR_ALL?BSP_DISPLAY

?PR?TIMER0_INITHARD?BSP_TIMER0                   -----    -----      -----    -----      -----    -----
  +--> ?PR?TIMER0_PARAMINIT?BSP_TIMER0

?PR?UART_INITHARD?BSP_UART                       -----    -----      -----    -----      -----    -----
  +--> ?PR?_INITIALUART1_TIMER3?COMMON

?PR?_INITIALUART1_TIMER3?COMMON                  -----    -----      -----    -----      0053H    0004H

?PR?APP_KEY_INIT?APP_KEY                         -----    -----      -----    -----      -----    -----
  +--> ?PR?APP_UI_INIT?APP_KEY

?PR?APP_UI_INIT?APP_KEY                          -----    -----      -----    -----      -----    -----
  +--> ?PR?_LCD_SHOW_PULLS_NUM?BSP_DISPLAY
  +--> ?PR?_LCD_SHOW_CAL_NUM?BSP_DISPLAY
  +--> ?PR?LCD_SHOW_LINE_UP?BSP_DISPLAY
BL51 BANKED LINKER/LOCATER V6.22                                                      08/01/2017  22:22:46  PAGE 7


  +--> ?PR?LCD_CLEAR_REP_ICO?BSP_DISPLAY
  +--> ?PR?LCD_CLEAR_ABCD?BSP_DISPLAY
  +--> ?PR?LCD_SHOW_CAL_ICO?BSP_DISPLAY
  +--> ?PR?LCD_CLEAR_QS_ICO?BSP_DISPLAY
  +--> ?PR?LCD_CLEAR_COACH_ICO?BSP_DISPLAY
  +--> ?PR?LCD_SHOW_REP_ICO?BSP_DISPLAY
  +--> ?PR?_LCD_SHOW_ABCD?BSP_DISPLAY
  +--> ?PR?REPEAT_STOP?APP_REPEAT_EXE
  +--> ?PR?LCD_SHOW_QS_ICO?BSP_DISPLAY
  +--> ?PR?_REPEAT_SETSTART?APP_REPEAT_EXE
  +--> ?PR?LCD_SHOW_COACH_ICO?BSP_DISPLAY
  +--> ?PR?_REPEAT_SETSTOP?APP_REPEAT_EXE
  +--> ?PR?_REPEAT_START?APP_REPEAT_EXE

?PR?_LCD_SHOW_PULLS_NUM?BSP_DISPLAY              -----    -----      -----    -----      0054H    0002H

?PR?_LCD_SHOW_CAL_NUM?BSP_DISPLAY                -----    -----      -----    -----      0054H    0003H

?PR?REPEAT_STOP?APP_REPEAT_EXE                   -----    -----      -----    -----      -----    -----
  +--> ?PR?REPEAT_STOP_EXE?APP_REPEAT_EXE
  +--> ?PR?_REPEAT_SETSTART?APP_REPEAT_EXE
  +--> ?PR?_REPEAT_SETSTOP?APP_REPEAT_EXE

?PR?_REPEAT_START?APP_REPEAT_EXE                 -----    -----      -----    -----      -----    -----
  +--> ?PR?REPEAT_START_EXE?APP_REPEAT_EXE

?PR?SHOW_FW_VERSION_NUMBER_TO_PC?VERSION         -----    -----      -----    -----      -----    -----
  +--> ?CO?VERSION
  +--> ?PR?PRINTF?PRINTF

?PR?PRINTF?PRINTF                                0020H.1  0001H.1    0008H    0005H      0054H    0028H
  +--> ?PR?_PUTCHAR?COMMON

?PR?BEEP_PRO?BSP_BEEP                            -----    -----      -----    -----      -----    -----
  +--> ?PR?BEEP_ENABLE?BSP_BEEP
  +--> ?PR?BEEP_DISABLE?BSP_BEEP

?PR?BSP_KEYSCAN?BSP_KEY                          -----    -----      -----    -----      0053H    0001H
  +--> ?PR?_BSP_DETECTKEY?BSP_KEY

?PR?_BSP_DETECTKEY?BSP_KEY                       -----    -----      -----    -----      0054H    0001H
  +--> ?PR?_BSP_PUTKEY?BSP_KEY

?PR?APP_KEY_100MS_PRO?APP_KEY                    -----    -----      -----    -----      -----    -----
  +--> ?PR?APP_KEY_CLEAR_NOOPS_TIMEOUTCNT?AP...

?PR?APP_WORK_100MS_PRO?APP_WORK                  -----    -----      -----    -----      -----    -----
  +--> ?PR?APP_KEY_CLEAR_NOOPS_TIMEOUTCNT?AP...
  +--> ?PR?APP_WORK_PRO?APP_WORK

?PR?APP_WORK_PRO?APP_WORK                        -----    -----      -----    -----      -----    -----
  +--> ?PR?REPEAT_STOP?APP_REPEAT_EXE
  +--> ?PR?_BEEP_START?BSP_BEEP
  +--> ?PR?_LCD_SHOW_PULLS_NUM?BSP_DISPLAY
  +--> ?PR?_LCD_SHOW_CAL_NUM?BSP_DISPLAY
  +--> ?PR?LCD_CLEAR_REP_NUM?BSP_DISPLAY
  +--> ?PR?LCD_CLEAR_REP_ICO?BSP_DISPLAY
BL51 BANKED LINKER/LOCATER V6.22                                                      08/01/2017  22:22:46  PAGE 8


  +--> ?PR?LCD_CLEAR_ABCD?BSP_DISPLAY
  +--> ?PR?LCD_CLEAR_QS_ICO?BSP_DISPLAY
  +--> ?PR?_LCD_SHOW_REP_NUM?BSP_DISPLAY
  +--> ?PR?LCD_SHOW_REP_ICO?BSP_DISPLAY
  +--> ?PR?_LCD_SHOW_ABCD?BSP_DISPLAY
  +--> ?PR?LCD_SHOW_QS_ICO?BSP_DISPLAY
  +--> ?PR?LCD_CLEAR_COACH_ICO?BSP_DISPLAY
  +--> ?PR?LCD_SHOW_COACH_ICO?BSP_DISPLAY
  +--> ?PR?LCD_SHOW_CAL_ICO?BSP_DISPLAY
  +--> ?PR?LCD_SHOW_LINE_UP?BSP_DISPLAY

?PR?_BEEP_START?BSP_BEEP                         -----    -----      -----    -----      0054H    0008H

?PR?APP_CHARGE_100MS_PRO?APP_CHARGE              -----    -----      -----    -----      -----    -----
  +--> ?PR?LCD_SHOW_BATTERY_ICO?BSP_DISPLAY
  +--> ?PR?LCD_CLEAR_BATTERY_ICO?BSP_DISPLAY

?PR?REPEAT_PRO?APP_REPEAT_EXE                    -----    -----      -----    -----      -----    -----
  +--> ?PR?REPEAT_STOP?APP_REPEAT_EXE
  +--> ?PR?REPEAT_STOP_EXE?APP_REPEAT_EXE
  +--> ?PR?REPEAT_START_EXE?APP_REPEAT_EXE

?PR?APP_KEY_1S_PRO?APP_KEY                       -----    -----      -----    -----      -----    -----
  +--> ?PR?LCD_BRIGHT_OFF?BSP_BRIGHT
  +--> ?CO?APP_KEY
  +--> ?PR?PRINTF?PRINTF
  +--> ?PR?APP_POWER_OFF?APP_KEY

?PR?APP_POWER_OFF?APP_KEY                        -----    -----      -----    -----      -----    -----
  +--> ?PR?LCD_BRIGHT_OFF?BSP_BRIGHT
  +--> ?PR?LCD_CLEAR_ALL?BSP_DISPLAY

?PR?APP_CHARGE_1S_PRO?APP_CHARGE                 -----    -----      -----    -----      -----    -----
  +--> ?CO?APP_CHARGE
  +--> ?PR?PRINTF?PRINTF

?PR?APP_BATTERY_1S_PRO?APP_BATTERY               -----    -----      -----    -----      -----    -----
  +--> ?PR?APP_BATTERY_DETECTION?APP_BATTERY

?PR?_APP_KEY_PRO?APP_KEY                         -----    -----      -----    -----      0053H    0001H
  +--> ?PR?APP_KEY_CLEAR_NOOPS_TIMEOUTCNT?AP...
  +--> ?PR?LCD_BRIGHT_ON?BSP_BRIGHT
  +--> ?PR?APP_POWER_OFF?APP_KEY
  +--> ?CO?APP_KEY
  +--> ?PR?PRINTF?PRINTF
  +--> ?PR?BEEP_KEYTONE?BSP_BEEP
  +--> ?PR?APP_KEY_POWER_OR_RETURN?APP_KEY
  +--> ?PR?APP_POWER_ON?APP_KEY
  +--> ?PR?APP_KEY_SET?APP_KEY
  +--> ?PR?APP_KEY_ADD?APP_KEY
  +--> ?PR?APP_KEY_OK?APP_KEY
  +--> ?PR?QUERY_WORK_SUM?APP_WORK

?PR?BEEP_KEYTONE?BSP_BEEP                        -----    -----      -----    -----      -----    -----
  +--> ?PR?_BEEP_START?BSP_BEEP

?PR?APP_KEY_POWER_OR_RETURN?APP_KEY              -----    -----      -----    -----      -----    -----
BL51 BANKED LINKER/LOCATER V6.22                                                      08/01/2017  22:22:46  PAGE 9


  +--> ?PR?_LCD_SHOW_PULLS_NUM?BSP_DISPLAY
  +--> ?PR?_LCD_SHOW_CAL_NUM?BSP_DISPLAY
  +--> ?PR?LCD_SHOW_LINE_UP?BSP_DISPLAY
  +--> ?PR?LCD_CLEAR_REP_ICO?BSP_DISPLAY
  +--> ?PR?LCD_CLEAR_ABCD?BSP_DISPLAY
  +--> ?PR?LCD_SHOW_CAL_ICO?BSP_DISPLAY
  +--> ?PR?LCD_CLEAR_QS_ICO?BSP_DISPLAY
  +--> ?PR?_LCD_SHOW_REP_NUM?BSP_DISPLAY
  +--> ?PR?LCD_SHOW_REP_ICO?BSP_DISPLAY
  +--> ?PR?_LCD_SHOW_ABCD?BSP_DISPLAY
  +--> ?PR?LCD_SHOW_QS_ICO?BSP_DISPLAY
  +--> ?PR?LCD_CLEAR_COACH_ICO?BSP_DISPLAY
  +--> ?PR?LCD_SHOW_COACH_ICO?BSP_DISPLAY
  +--> ?PR?REPEAT_STOP?APP_REPEAT_EXE

?PR?APP_POWER_ON?APP_KEY                         -----    -----      -----    -----      -----    -----
  +--> ?PR?SW_RESET?COMMON

?PR?APP_KEY_SET?APP_KEY                          -----    -----      -----    -----      -----    -----
  +--> ?PR?_LCD_SHOW_REP_NUM?BSP_DISPLAY
  +--> ?PR?_LCD_SHOW_PULLS_NUM?BSP_DISPLAY
  +--> ?PR?_LCD_SHOW_CAL_NUM?BSP_DISPLAY
  +--> ?PR?LCD_SHOW_LINE_UP?BSP_DISPLAY
  +--> ?PR?LCD_SHOW_REP_ICO?BSP_DISPLAY
  +--> ?PR?LCD_SHOW_ABCD_ALL?BSP_DISPLAY
  +--> ?PR?LCD_SHOW_CAL_ICO?BSP_DISPLAY
  +--> ?PR?REPEAT_STOP?APP_REPEAT_EXE
  +--> ?PR?APP_FLASH_SHOW?APP_KEY
  +--> ?PR?_REPEAT_SETSTART?APP_REPEAT_EXE
  +--> ?PR?APP_FLASH_CLEAR?APP_KEY
  +--> ?PR?_REPEAT_SETSTOP?APP_REPEAT_EXE
  +--> ?PR?_REPEAT_START?APP_REPEAT_EXE

?PR?APP_FLASH_SHOW?APP_KEY                       -----    -----      -----    -----      -----    -----
  +--> ?PR?LCD_SHOW_LINE_UP?BSP_DISPLAY
  +--> ?PR?LCD_SHOW_QS_ICO?BSP_DISPLAY
  +--> ?PR?LCD_SHOW_COACH_ICO?BSP_DISPLAY
  +--> ?PR?_LCD_SHOW_REP_NUM?BSP_DISPLAY
  +--> ?PR?_LCD_SHOW_PULLS_NUM?BSP_DISPLAY
  +--> ?PR?LCD_SHOW_ABCD_ALL?BSP_DISPLAY

?PR?APP_FLASH_CLEAR?APP_KEY                      -----    -----      -----    -----      -----    -----
  +--> ?PR?LCD_CLEAR_QS_ICO?BSP_DISPLAY
  +--> ?PR?LCD_CLEAR_ABCD?BSP_DISPLAY
  +--> ?PR?_LCD_SHOW_ABCD?BSP_DISPLAY
  +--> ?PR?LCD_CLEAR_COACH_ICO?BSP_DISPLAY

?PR?APP_KEY_OK?APP_KEY                           -----    -----      -----    -----      -----    -----
  +--> ?PR?LCD_SHOW_QS_ICO?BSP_DISPLAY
  +--> ?PR?LCD_CLEAR_COACH_ICO?BSP_DISPLAY
  +--> ?PR?LCD_CLEAR_QS_ICO?BSP_DISPLAY
  +--> ?PR?LCD_SHOW_COACH_ICO?BSP_DISPLAY
  +--> ?PR?REPEAT_STOP?APP_REPEAT_EXE



SYMBOL TABLE OF MODULE:  .\Out\Objects\project (MAIN)
BL51 BANKED LINKER/LOCATER V6.22                                                      08/01/2017  22:22:46  PAGE 10



  VALUE           TYPE          NAME
  ----------------------------------

  -------         MODULE        MAIN
  C:0000H         SYMBOL        _ICE_DUMMY_
  D:0080H         PUBLIC        P0
  D:0090H         PUBLIC        P1
  D:00A0H         PUBLIC        P2
  D:00B0H         PUBLIC        P3
  D:00D8H         PUBLIC        P5
  D:00A8H         PUBLIC        IE
  B:00E8H.7       PUBLIC        ADCF
  C:2280H         PUBLIC        ADC_ISR
  D:00B8H         PUBLIC        IP
  C:1BEDH         PUBLIC        main
  D:0098H         PUBLIC        SCON
  D:0088H         PUBLIC        TCON
  D:00F8H         PUBLIC        SCON_1
  C:25F9H         PUBLIC        PinInterrupt_ISR
  D:00E8H         PUBLIC        ADCCON0
  D:00C0H         PUBLIC        I2CON
  D:00ECH         PUBLIC        PIF
  D:00C8H         PUBLIC        T2CON
  D:00D0H         PUBLIC        PSW
  -------         PROC          ADC_ISR
  C:2280H         LINE#         8
  C:229DH         LINE#         10
  C:229FH         LINE#         11
  C:22A2H         LINE#         12
  -------         ENDPROC       ADC_ISR
  -------         PROC          PININTERRUPT_ISR
  C:25F9H         LINE#         16
  C:2601H         LINE#         17
  C:2601H         LINE#         20
  C:2606H         LINE#         22
  C:260DH         LINE#         24
  C:2610H         LINE#         26
  C:2610H         LINE#         28
  C:2610H         LINE#         30
  C:2613H         LINE#         31
  -------         ENDPROC       PININTERRUPT_ISR
  -------         PROC          MAIN
  -------         DO            
  X:0052H         SYMBOL        ucKeyCode
  -------         DO            
  X:00CAH         SYMBOL        tmp
  X:00CBH         SYMBOL        cnt
  -------         ENDDO         
  -------         ENDDO         
  C:1BEDH         LINE#         32
  C:1BEDH         LINE#         34
  C:1BF2H         LINE#         41
  C:1BF5H         LINE#         44
  C:1BF8H         LINE#         45
  C:1BFBH         LINE#         46
  C:1BFEH         LINE#         49
BL51 BANKED LINKER/LOCATER V6.22                                                      08/01/2017  22:22:46  PAGE 11


  C:1C01H         LINE#         51
  C:1C01H         LINE#         53
  C:1C07H         LINE#         54
  C:1C09H         LINE#         56
  C:1C0CH         LINE#         57
  C:1C0FH         LINE#         58
  C:1C0FH         LINE#         59
  C:1C15H         LINE#         60
  C:1C17H         LINE#         62
  C:1C1AH         LINE#         63
  C:1C1DH         LINE#         64
  C:1C20H         LINE#         65
  C:1C23H         LINE#         67
  C:1C23H         LINE#         68
  C:1C29H         LINE#         71
  C:1C2BH         LINE#         73
  C:1C2EH         LINE#         74
  C:1C31H         LINE#         75
  C:1C34H         LINE#         76
  C:1C37H         LINE#         78
  C:1C3DH         LINE#         79
  C:1C43H         LINE#         80
  C:1C46H         LINE#         82
  C:1C4CH         LINE#         86
  C:1C4CH         LINE#         89
  C:1C4CH         LINE#         93
  C:1C54H         LINE#         94
  C:1C56H         LINE#         95
  C:1C5BH         LINE#         96
  C:1C5BH         LINE#         98
  -------         ENDPROC       MAIN
  -------         ENDMOD        MAIN

  -------         MODULE        APP_KEY
  C:0000H         SYMBOL        _ICE_DUMMY_
  C:1CC9H         PUBLIC        app_flash_Clear
  D:0080H         PUBLIC        P0
  D:0090H         PUBLIC        P1
  D:00A0H         PUBLIC        P2
  D:00B0H         PUBLIC        P3
  C:258AH         PUBLIC        app_key_init
  D:00D8H         PUBLIC        P5
  D:00A8H         PUBLIC        IE
  X:00AAH         PUBLIC        g_tDevice
  C:29FCH         PUBLIC        app_power_on
  X:00ABH         SYMBOL        letter
  D:00EDH         PUBLIC        PITYP
  D:00B8H         PUBLIC        IP
  X:00ACH         PUBLIC        level
  C:1E62H         PUBLIC        app_key_set
  C:16AFH         PUBLIC        _app_key_pro
  X:00ADH         SYMBOL        noOps_timeoutCnt
  C:23A4H         PUBLIC        app_key_1s_pro
  X:00AEH         SYMBOL        mode
  C:209BH         PUBLIC        app_key_ok
  B:0021H.7       SYMBOL        offBight_flag
  D:0087H         PUBLIC        PCON
BL51 BANKED LINKER/LOCATER V6.22                                                      08/01/2017  22:22:46  PAGE 12


  D:0098H         PUBLIC        SCON
  D:0088H         PUBLIC        TCON
  C:1AD9H         PUBLIC        app_flash_Show
  D:00F8H         PUBLIC        SCON_1
  C:15C6H         PUBLIC        app_key_power_or_return
  C:1999H         SYMBOL        app_UI_init
  D:00E8H         PUBLIC        ADCCON0
  D:00C0H         PUBLIC        I2CON
  C:29C6H         PUBLIC        app_key_clear_noOps_timeoutCnt
  D:00C8H         PUBLIC        T2CON
  C:29C0H         PUBLIC        app_power_off
  C:2662H         PUBLIC        app_key_100ms_pro
  C:1C5DH         PUBLIC        app_key_add
  D:00E9H         PUBLIC        PICON
  D:00D0H         PUBLIC        PSW
  D:00EAH         PUBLIC        PINEN
  D:00EBH         PUBLIC        PIPEN
  -------         PROC          APP_KEY_INIT
  C:258AH         LINE#         25
  C:258AH         LINE#         26
  C:258FH         LINE#         28
  C:2592H         LINE#         29
  C:2595H         LINE#         30
  C:2598H         LINE#         32
  C:259BH         LINE#         33
  C:259EH         LINE#         34
  C:25A1H         LINE#         36
  C:25A6H         LINE#         37
  C:25AAH         LINE#         38
  C:25AEH         LINE#         39
  -------         ENDPROC       APP_KEY_INIT
  -------         PROC          APP_UI_INIT
  C:1999H         LINE#         42
  C:1999H         LINE#         43
  C:19ABH         LINE#         44
  C:19ABH         LINE#         46
  C:19B1H         LINE#         47
  C:19B7H         LINE#         49
  C:19BAH         LINE#         50
  C:19BDH         LINE#         52
  C:19C0H         LINE#         54
  C:19C3H         LINE#         55
  C:19C6H         LINE#         56
  C:19C9H         LINE#         58
  C:19C9H         LINE#         59
  C:19C9H         LINE#         61
  C:19CCH         LINE#         62
  C:19CFH         LINE#         64
  C:19D4H         LINE#         65
  C:19D9H         LINE#         66
  C:19DEH         LINE#         67
  C:19E3H         LINE#         69
  C:19E6H         LINE#         71
  C:19E9H         LINE#         73
  C:19ECH         LINE#         74
  C:19F5H         LINE#         75
  C:19FBH         LINE#         76
BL51 BANKED LINKER/LOCATER V6.22                                                      08/01/2017  22:22:46  PAGE 13


  C:19FBH         LINE#         77
  C:19FDH         LINE#         78
  C:19FDH         LINE#         79
  C:1A00H         LINE#         80
  C:1A03H         LINE#         82
  C:1A08H         LINE#         83
  C:1A0DH         LINE#         84
  C:1A12H         LINE#         85
  C:1A17H         LINE#         87
  C:1A1AH         LINE#         89
  C:1A1DH         LINE#         91
  C:1A20H         LINE#         92
  C:1A29H         LINE#         93
  C:1A32H         LINE#         94
  C:1A3EH         LINE#         95
  C:1A3EH         LINE#         96
  C:1A3EH         LINE#         97
  -------         ENDPROC       APP_UI_INIT
  -------         PROC          APP_FLASH_SHOW
  C:1AD9H         LINE#         99
  C:1AD9H         LINE#         101
  C:1ADCH         LINE#         102
  C:1AEAH         LINE#         103
  C:1AEAH         LINE#         104
  C:1AEAH         LINE#         105
  C:1AEAH         LINE#         106
  C:1AF1H         LINE#         107
  C:1AF4H         LINE#         108
  C:1AFEH         LINE#         109
  C:1B01H         LINE#         110
  C:1B01H         LINE#         111
  C:1B03H         LINE#         112
  C:1B03H         LINE#         114
  C:1B15H         LINE#         115
  C:1B15H         LINE#         116
  C:1B15H         LINE#         117
  C:1B15H         LINE#         118
  C:1B1DH         LINE#         119
  C:1B20H         LINE#         120
  C:1B22H         LINE#         121
  C:1B22H         LINE#         122
  C:1B2AH         LINE#         123
  C:1B2DH         LINE#         124
  C:1B2FH         LINE#         125
  C:1B2FH         LINE#         126
  C:1B37H         LINE#         127
  C:1B3AH         LINE#         128
  C:1B3CH         LINE#         129
  C:1B3CH         LINE#         130
  C:1B44H         LINE#         131
  C:1B4EH         LINE#         132
  C:1B4EH         LINE#         133
  C:1B4EH         LINE#         134
  C:1B55H         LINE#         135
  C:1B58H         LINE#         136
  C:1B61H         LINE#         137
  C:1B64H         LINE#         138
BL51 BANKED LINKER/LOCATER V6.22                                                      08/01/2017  22:22:46  PAGE 14


  C:1B64H         LINE#         139
  C:1B67H         LINE#         141
  C:1B67H         LINE#         142
  C:1B67H         LINE#         143
  C:1B67H         LINE#         144
  C:1B67H         LINE#         145
  -------         ENDPROC       APP_FLASH_SHOW
  -------         PROC          APP_FLASH_CLEAR
  C:1CC9H         LINE#         147
  C:1CC9H         LINE#         149
  C:1CD4H         LINE#         150
  C:1CD4H         LINE#         151
  C:1CD4H         LINE#         152
  C:1CD4H         LINE#         160
  C:1CD7H         LINE#         161
  C:1CD7H         LINE#         162
  C:1CD9H         LINE#         163
  C:1CD9H         LINE#         165
  C:1CDFH         LINE#         166
  C:1CE2H         LINE#         167
  C:1CE2H         LINE#         168
  C:1CE9H         LINE#         169
  C:1CECH         LINE#         170
  C:1CF1H         LINE#         171
  C:1CF1H         LINE#         172
  C:1CF8H         LINE#         173
  C:1CFBH         LINE#         174
  C:1D00H         LINE#         175
  C:1D00H         LINE#         176
  C:1D07H         LINE#         177
  C:1D0AH         LINE#         178
  C:1D0FH         LINE#         179
  C:1D0FH         LINE#         180
  C:1D16H         LINE#         181
  C:1D19H         LINE#         182
  C:1D1EH         LINE#         183
  C:1D1EH         LINE#         184
  C:1D25H         LINE#         185
  C:1D28H         LINE#         186
  C:1D2FH         LINE#         187
  C:1D32H         LINE#         188
  C:1D32H         LINE#         189
  C:1D32H         LINE#         190
  C:1D32H         LINE#         191
  C:1D32H         LINE#         192
  C:1D32H         LINE#         194
  -------         ENDPROC       APP_FLASH_CLEAR
  -------         PROC          APP_KEY_POWER_OR_RETURN
  C:15C6H         LINE#         195
  C:15C6H         LINE#         197
  C:15E3H         LINE#         198
  C:15E3H         LINE#         199
  C:15F5H         LINE#         200
  C:15F5H         LINE#         201
  C:15FCH         LINE#         202
  C:1602H         LINE#         204
  C:160DH         LINE#         205
BL51 BANKED LINKER/LOCATER V6.22                                                      08/01/2017  22:22:46  PAGE 15


  C:1618H         LINE#         207
  C:161BH         LINE#         208
  C:161EH         LINE#         210
  C:1621H         LINE#         212
  C:1624H         LINE#         213
  C:1627H         LINE#         214
  C:1627H         LINE#         216
  C:1629H         LINE#         217
  C:1629H         LINE#         218
  C:1630H         LINE#         219
  C:1636H         LINE#         221
  C:163AH         LINE#         222
  C:1640H         LINE#         223
  C:1646H         LINE#         225
  C:1649H         LINE#         226
  C:164CH         LINE#         228
  C:1654H         LINE#         230
  C:1657H         LINE#         231
  C:165AH         LINE#         232
  C:165DH         LINE#         233
  C:165DH         LINE#         234
  C:165DH         LINE#         235
  C:1664H         LINE#         236
  C:166AH         LINE#         238
  C:166EH         LINE#         239
  C:1674H         LINE#         240
  C:167AH         LINE#         242
  C:167DH         LINE#         243
  C:1680H         LINE#         245
  C:1688H         LINE#         247
  C:168BH         LINE#         248
  C:168EH         LINE#         249
  C:1691H         LINE#         251
  C:1691H         LINE#         252
  C:1691H         LINE#         253
  C:1691H         LINE#         254
  C:1691H         LINE#         255
  C:1694H         LINE#         256
  C:169AH         LINE#         257
  C:169CH         LINE#         258
  C:169CH         LINE#         260
  C:169DH         LINE#         261
  C:169DH         LINE#         262
  C:16A3H         LINE#         263
  C:16A5H         LINE#         264
  C:16A5H         LINE#         265
  C:16A6H         LINE#         266
  C:16A6H         LINE#         267
  C:16ACH         LINE#         268
  C:16AEH         LINE#         269
  C:16AEH         LINE#         270
  C:16AEH         LINE#         271
  C:16AEH         LINE#         273
  -------         ENDPROC       APP_KEY_POWER_OR_RETURN
  -------         PROC          APP_KEY_SET
  C:1E62H         LINE#         274
  C:1E62H         LINE#         277
BL51 BANKED LINKER/LOCATER V6.22                                                      08/01/2017  22:22:46  PAGE 16


  C:1E68H         LINE#         278
  C:1E68H         LINE#         280
  C:1E6FH         LINE#         281
  C:1E6FH         LINE#         284
  C:1E75H         LINE#         285
  C:1E75H         LINE#         286
  C:1E75H         LINE#         288
  C:1E75H         LINE#         289
  C:1E75H         LINE#         291
  C:1E75H         LINE#         292
  C:1E75H         LINE#         294
  C:1E7AH         LINE#         295
  C:1E80H         LINE#         296
  C:1E86H         LINE#         298
  C:1E89H         LINE#         299
  C:1E8CH         LINE#         301
  C:1E8FH         LINE#         303
  C:1E92H         LINE#         305
  C:1E9AH         LINE#         306
  C:1E9DH         LINE#         307
  C:1EA2H         LINE#         308
  C:1EA5H         LINE#         309
  C:1EAEH         LINE#         310
  C:1EB7H         LINE#         311
  C:1EC3H         LINE#         312
  C:1EC3H         LINE#         313
  C:1EC3H         LINE#         316
  C:1EC3H         LINE#         317
  C:1EC3H         LINE#         318
  C:1EC3H         LINE#         319
  C:1EC3H         LINE#         320
  C:1EC3H         LINE#         321
  C:1EC3H         LINE#         324
  -------         ENDPROC       APP_KEY_SET
  -------         PROC          APP_KEY_ADD
  C:1C5DH         LINE#         326
  C:1C5DH         LINE#         328
  C:1C68H         LINE#         329
  C:1C68H         LINE#         331
  C:1C68H         LINE#         332
  C:1C68H         LINE#         333
  C:1C77H         LINE#         334
  C:1C77H         LINE#         335
  C:1C7DH         LINE#         337
  C:1C7EH         LINE#         338
  C:1C7EH         LINE#         339
  C:1C84H         LINE#         341
  C:1C85H         LINE#         342
  C:1C85H         LINE#         344
  C:1C8BH         LINE#         346
  C:1C8CH         LINE#         347
  C:1C8CH         LINE#         348
  C:1C8CH         LINE#         349
  C:1C8CH         LINE#         350
  C:1C97H         LINE#         351
  C:1C97H         LINE#         353
  C:1C97H         LINE#         354
BL51 BANKED LINKER/LOCATER V6.22                                                      08/01/2017  22:22:46  PAGE 17


  C:1C97H         LINE#         356
  C:1C9DH         LINE#         357
  C:1C9DH         LINE#         358
  C:1C9FH         LINE#         359
  C:1CA5H         LINE#         360
  C:1CADH         LINE#         361
  C:1CADH         LINE#         362
  C:1CADH         LINE#         363
  C:1CADH         LINE#         365
  C:1CAFH         LINE#         366
  C:1CAFH         LINE#         367
  C:1CB5H         LINE#         368
  C:1CB5H         LINE#         369
  C:1CB7H         LINE#         370
  C:1CBDH         LINE#         371
  C:1CC5H         LINE#         372
  C:1CC8H         LINE#         373
  C:1CC8H         LINE#         374
  C:1CC8H         LINE#         375
  C:1CC8H         LINE#         376
  C:1CC8H         LINE#         377
  C:1CC8H         LINE#         378
  C:1CC8H         LINE#         379
  C:1CC8H         LINE#         380
  C:1CC8H         LINE#         382
  -------         ENDPROC       APP_KEY_ADD
  -------         PROC          APP_KEY_OK
  C:209BH         LINE#         383
  C:209BH         LINE#         386
  C:20A6H         LINE#         387
  C:20A6H         LINE#         389
  C:20A6H         LINE#         390
  C:20A6H         LINE#         392
  C:20B1H         LINE#         393
  C:20B1H         LINE#         395
  C:20B1H         LINE#         396
  C:20B1H         LINE#         398
  C:20B4H         LINE#         399
  C:20B7H         LINE#         401
  C:20B9H         LINE#         402
  C:20B9H         LINE#         403
  C:20BCH         LINE#         404
  C:20BFH         LINE#         406
  C:20BFH         LINE#         407
  C:20BFH         LINE#         408
  C:20C5H         LINE#         409
  C:20C9H         LINE#         410
  C:20CAH         LINE#         411
  C:20CAH         LINE#         412
  C:20D2H         LINE#         413
  C:20D2H         LINE#         415
  C:20D2H         LINE#         416
  C:20D2H         LINE#         418
  C:20D5H         LINE#         419
  C:20D8H         LINE#         420
  C:20DBH         LINE#         422
  C:20DBH         LINE#         423
BL51 BANKED LINKER/LOCATER V6.22                                                      08/01/2017  22:22:46  PAGE 18


  C:20DBH         LINE#         425
  C:20DBH         LINE#         426
  C:20DBH         LINE#         427
  C:20E3H         LINE#         428
  C:20EBH         LINE#         429
  C:20F0H         LINE#         430
  C:20F4H         LINE#         431
  C:20F4H         LINE#         432
  C:20F4H         LINE#         433
  C:20F4H         LINE#         434
  C:20F4H         LINE#         440
  -------         ENDPROC       APP_KEY_OK
  -------         PROC          APP_POWER_ON
  C:29FCH         LINE#         442
  C:29FCH         LINE#         443
  -------         ENDPROC       APP_POWER_ON
  -------         PROC          APP_POWER_OFF
  C:29C0H         LINE#         445
  C:29C0H         LINE#         446
  C:29C3H         LINE#         447
  -------         ENDPROC       APP_POWER_OFF
  -------         PROC          APP_KEY_100MS_PRO
  -------         DO            
  X:00A9H         SYMBOL        cnt
  -------         ENDDO         
  C:2662H         LINE#         453
  C:2662H         LINE#         456
  C:2669H         LINE#         457
  C:266FH         LINE#         458
  C:2675H         LINE#         459
  C:2677H         LINE#         461
  C:267AH         LINE#         463
  C:267DH         LINE#         464
  C:267DH         LINE#         465
  C:267EH         LINE#         466
  C:2683H         LINE#         467
  C:2683H         LINE#         468
  -------         ENDPROC       APP_KEY_100MS_PRO
  -------         PROC          APP_KEY_1S_PRO
  C:23A4H         LINE#         470
  C:23A4H         LINE#         472
  C:23AAH         LINE#         473
  C:23AEH         LINE#         474
  C:23B0H         LINE#         476
  C:23B3H         LINE#         477
  C:23BCH         LINE#         478
  C:23C3H         LINE#         479
  C:23C6H         LINE#         480
  C:23CFH         LINE#         481
  C:23D5H         LINE#         482
  C:23D5H         LINE#         484
  -------         ENDPROC       APP_KEY_1S_PRO
  -------         PROC          APP_KEY_CLEAR_NOOPS_TIMEOUTCNT
  C:29C6H         LINE#         485
  C:29C6H         LINE#         486
  C:29CBH         LINE#         487
  -------         ENDPROC       APP_KEY_CLEAR_NOOPS_TIMEOUTCNT
BL51 BANKED LINKER/LOCATER V6.22                                                      08/01/2017  22:22:46  PAGE 19


  -------         PROC          _APP_KEY_PRO
  X:0053H         SYMBOL        keyCode
  C:16AFH         LINE#         488
  C:16B4H         LINE#         490
  C:16B7H         LINE#         492
  C:16C1H         LINE#         493
  C:16C3H         LINE#         494
  C:16C6H         LINE#         497
  C:16C6H         LINE#         499
  C:1708H         LINE#         500
  C:1708H         LINE#         502
  C:1710H         LINE#         503
  C:1713H         LINE#         504
  C:171CH         LINE#         505
  C:1722H         LINE#         506
  C:1722H         LINE#         508
  C:1723H         LINE#         509
  C:1723H         LINE#         510
  C:1726H         LINE#         511
  C:172EH         LINE#         512
  C:1731H         LINE#         513
  C:1731H         LINE#         515
  C:1731H         LINE#         516
  C:1731H         LINE#         517
  C:1734H         LINE#         518
  C:173BH         LINE#         519
  C:173EH         LINE#         520
  C:1741H         LINE#         521
  C:1748H         LINE#         522
  C:174AH         LINE#         523
  C:174AH         LINE#         524
  C:1754H         LINE#         525
  C:1756H         LINE#         526
  C:1759H         LINE#         527
  C:1759H         LINE#         529
  C:1759H         LINE#         530
  C:1759H         LINE#         532
  C:1759H         LINE#         533
  C:1759H         LINE#         534
  C:175CH         LINE#         535
  C:175FH         LINE#         536
  C:175FH         LINE#         537
  C:175FH         LINE#         539
  C:175FH         LINE#         540
  C:175FH         LINE#         542
  C:175FH         LINE#         543
  C:175FH         LINE#         544
  C:1762H         LINE#         545
  C:1765H         LINE#         546
  C:1765H         LINE#         547
  C:1765H         LINE#         549
  C:1765H         LINE#         550
  C:1765H         LINE#         552
  C:1765H         LINE#         553
  C:1765H         LINE#         554
  C:1768H         LINE#         555
  C:176BH         LINE#         556
BL51 BANKED LINKER/LOCATER V6.22                                                      08/01/2017  22:22:46  PAGE 20


  C:176BH         LINE#         557
  C:176BH         LINE#         559
  C:176BH         LINE#         561
  C:176BH         LINE#         563
  C:176BH         LINE#         564
  C:176BH         LINE#         566
  C:176EH         LINE#         567
  C:176EH         LINE#         568
  C:176EH         LINE#         570
  C:176EH         LINE#         572
  C:176EH         LINE#         574
  C:176EH         LINE#         575
  C:176EH         LINE#         577
  C:176EH         LINE#         578
  C:176EH         LINE#         580
  C:176EH         LINE#         581
  C:176EH         LINE#         583
  C:176EH         LINE#         585
  C:176EH         LINE#         586
  -------         ENDPROC       _APP_KEY_PRO
  -------         ENDMOD        APP_KEY

  -------         MODULE        APP_WORK
  C:0000H         SYMBOL        _ICE_DUMMY_
  D:0080H         PUBLIC        P0
  D:0090H         PUBLIC        P1
  D:00A0H         PUBLIC        P2
  D:00B0H         PUBLIC        P3
  D:00D8H         PUBLIC        P5
  D:00A8H         PUBLIC        IE
  C:25B1H         PUBLIC        query_work_sum
  D:00B8H         PUBLIC        IP
  C:005EH         SYMBOL        app_work_pro
  C:000EH         PUBLIC        app_work_1s_pro
  X:007CH         SYMBOL        count_NoAction
  D:0098H         PUBLIC        SCON
  D:0088H         PUBLIC        TCON
  C:003EH         PUBLIC        work_Init
  B:0021H.4       SYMBOL        pull_once_flag
  D:00F8H         PUBLIC        SCON_1
  X:007DH         PUBLIC        Rep_Pull_num
  D:00E8H         PUBLIC        ADCCON0
  D:00C0H         PUBLIC        I2CON
  X:0085H         PUBLIC        g_tWork
  D:00C8H         PUBLIC        T2CON
  C:2884H         PUBLIC        app_work_100ms_pro
  D:00D0H         PUBLIC        PSW
  -------         PROC          WORK_INIT
  C:003EH         LINE#         24
  C:003EH         LINE#         25
  C:0044H         LINE#         26
  C:0047H         LINE#         27
  C:004BH         LINE#         28
  C:004DH         LINE#         29
  C:0051H         LINE#         30
  C:0055H         LINE#         32
  C:0059H         LINE#         33
BL51 BANKED LINKER/LOCATER V6.22                                                      08/01/2017  22:22:46  PAGE 21


  -------         ENDPROC       WORK_INIT
  -------         PROC          QUERY_WORK_SUM
  C:25B1H         LINE#         35
  C:25B1H         LINE#         36
  C:25BFH         LINE#         37
  C:25CEH         LINE#         38
  C:25D2H         LINE#         39
  C:25D2H         LINE#         40
  C:25D4H         LINE#         42
  -------         ENDPROC       QUERY_WORK_SUM
  -------         PROC          APP_WORK_1S_PRO
  C:000EH         LINE#         44
  C:000EH         LINE#         45
  C:0017H         LINE#         46
  C:001AH         LINE#         47
  C:001AH         LINE#         49
  -------         ENDPROC       APP_WORK_1S_PRO
  -------         PROC          APP_WORK_100MS_PRO
  C:2884H         LINE#         50
  C:2884H         LINE#         51
  C:2887H         LINE#         52
  C:2889H         LINE#         54
  C:288CH         LINE#         55
  C:288FH         LINE#         56
  C:288FH         LINE#         58
  -------         ENDPROC       APP_WORK_100MS_PRO
  -------         PROC          APP_WORK_PRO
  -------         DO            
  B:0021H.2       SYMBOL        finish_flag
  B:0021H.3       SYMBOL        reps_num_appear_flag
  -------         ENDDO         
  C:005EH         LINE#         60
  C:005EH         LINE#         64
  C:0063H         LINE#         65
  C:0066H         LINE#         67
  C:007EH         LINE#         68
  C:007EH         LINE#         70
  C:0094H         LINE#         71
  C:009DH         LINE#         72
  C:009FH         LINE#         73
  C:00B1H         LINE#         74
  C:00B1H         LINE#         75
  C:00C0H         LINE#         76
  C:00D3H         LINE#         79
  C:00DEH         LINE#         80
  C:00E9H         LINE#         82
  C:00ECH         LINE#         83
  C:00EFH         LINE#         84
  C:00F2H         LINE#         85
  C:00F5H         LINE#         86
  C:00F5H         LINE#         88
  C:00F5H         LINE#         89
  C:00F5H         LINE#         90
  C:00F8H         LINE#         91
  C:00F8H         LINE#         93
  C:00FBH         LINE#         94
  C:0110H         LINE#         95
BL51 BANKED LINKER/LOCATER V6.22                                                      08/01/2017  22:22:46  PAGE 22


  C:0144H         LINE#         97
  C:0147H         LINE#         98
  C:017EH         LINE#         100
  C:017EH         LINE#         101
  C:0180H         LINE#         102
  C:0190H         LINE#         103
  C:0192H         LINE#         104
  C:01C2H         LINE#         105
  C:01C2H         LINE#         106
  C:01D1H         LINE#         107
  C:01D3H         LINE#         108
  C:01E5H         LINE#         109
  C:01E5H         LINE#         110
  C:01E5H         LINE#         111
  C:01E7H         LINE#         112
  C:0213H         LINE#         114
  C:0244H         LINE#         116
  C:0257H         LINE#         117
  C:0257H         LINE#         118
  C:025FH         LINE#         119
  C:026AH         LINE#         120
  C:0275H         LINE#         122
  C:0278H         LINE#         123
  C:0280H         LINE#         125
  C:0283H         LINE#         126
  C:0286H         LINE#         128
  C:0286H         LINE#         129
  C:0286H         LINE#         131
  C:0289H         LINE#         132
  C:0289H         LINE#         133
  C:028CH         LINE#         134
  C:02A2H         LINE#         135
  C:02D6H         LINE#         137
  C:02D9H         LINE#         138
  C:0310H         LINE#         140
  C:0310H         LINE#         141
  C:0312H         LINE#         142
  C:0322H         LINE#         143
  C:0324H         LINE#         144
  C:0354H         LINE#         145
  C:0354H         LINE#         146
  C:0363H         LINE#         147
  C:0365H         LINE#         148
  C:0378H         LINE#         149
  C:0378H         LINE#         150
  C:0378H         LINE#         151
  C:037AH         LINE#         152
  C:03A6H         LINE#         154
  C:03D7H         LINE#         156
  C:03EAH         LINE#         157
  C:03EAH         LINE#         158
  C:03F2H         LINE#         159
  C:03FDH         LINE#         160
  C:0408H         LINE#         162
  C:040BH         LINE#         163
  C:0413H         LINE#         165
  C:0416H         LINE#         166
BL51 BANKED LINKER/LOCATER V6.22                                                      08/01/2017  22:22:46  PAGE 23


  C:0419H         LINE#         168
  C:041CH         LINE#         169
  C:041FH         LINE#         171
  C:041FH         LINE#         172
  C:041FH         LINE#         183
  -------         ENDPROC       APP_WORK_PRO
  -------         ENDMOD        APP_WORK

  -------         MODULE        APP_REPEAT_EXE
  C:0000H         SYMBOL        _ICE_DUMMY_
  D:0080H         PUBLIC        P0
  D:0090H         PUBLIC        P1
  D:00A0H         PUBLIC        P2
  D:00B0H         PUBLIC        P3
  C:2890H         PUBLIC        _Repeat_SetStart
  D:00D8H         PUBLIC        P5
  D:00A8H         PUBLIC        IE
  C:285AH         SYMBOL        Repeat_Stop_exe
  D:00B8H         PUBLIC        IP
  C:289CH         PUBLIC        _Repeat_SetStop
  X:008EH         SYMBOL        g_tRepeat
  D:0098H         PUBLIC        SCON
  D:0088H         PUBLIC        TCON
  D:00F8H         PUBLIC        SCON_1
  C:23D6H         PUBLIC        _Repeat_Start
  D:00E8H         PUBLIC        ADCCON0
  D:00C0H         PUBLIC        I2CON
  D:00C8H         PUBLIC        T2CON
  C:27EEH         PUBLIC        Repeat_Stop
  C:176FH         PUBLIC        Repeat_Pro
  C:284AH         SYMBOL        Repeat_Start_exe
  D:00D0H         PUBLIC        PSW
  -------         PROC          _REPEAT_SETSTART
  D:0001H         SYMBOL        fun
  C:2890H         LINE#         12
  C:2890H         LINE#         13
  C:289BH         LINE#         14
  -------         ENDPROC       _REPEAT_SETSTART
  -------         PROC          _REPEAT_SETSTOP
  D:0001H         SYMBOL        fun
  C:289CH         LINE#         16
  C:289CH         LINE#         17
  C:28A7H         LINE#         18
  -------         ENDPROC       _REPEAT_SETSTOP
  -------         PROC          REPEAT_START_EXE
  C:284AH         LINE#         20
  C:284AH         LINE#         21
  C:2856H         LINE#         22
  C:2859H         LINE#         23
  C:2859H         LINE#         24
  -------         ENDPROC       REPEAT_START_EXE
  -------         PROC          REPEAT_STOP_EXE
  C:285AH         LINE#         26
  C:285AH         LINE#         27
  C:2866H         LINE#         28
  C:2869H         LINE#         29
  C:2869H         LINE#         30
BL51 BANKED LINKER/LOCATER V6.22                                                      08/01/2017  22:22:46  PAGE 24


  -------         ENDPROC       REPEAT_STOP_EXE
  -------         PROC          _REPEAT_START
  D:0006H         SYMBOL        _usStartTime
  D:0004H         SYMBOL        _usStopTime
  D:0002H         SYMBOL        _usCycle
  C:23D6H         LINE#         42
  C:23D6H         LINE#         43
  C:23D6H         LINE#         44
  C:23DAH         LINE#         46
  C:23DAH         LINE#         48
  C:23E2H         LINE#         49
  C:23EAH         LINE#         50
  C:23F2H         LINE#         51
  C:23F7H         LINE#         52
  C:23FBH         LINE#         53
  C:23FFH         LINE#         54
  C:2404H         LINE#         56
  C:2407H         LINE#         57
  -------         ENDPROC       _REPEAT_START
  -------         PROC          REPEAT_STOP
  C:27EEH         LINE#         67
  C:27EEH         LINE#         68
  C:27F3H         LINE#         69
  C:27F6H         LINE#         70
  C:27FFH         LINE#         71
  -------         ENDPROC       REPEAT_STOP
  -------         PROC          REPEAT_PRO
  C:176FH         LINE#         83
  C:176FH         LINE#         85
  C:1776H         LINE#         86
  C:1779H         LINE#         88
  C:1779H         LINE#         90
  C:1790H         LINE#         92
  C:1790H         LINE#         94
  C:1796H         LINE#         95
  C:17A2H         LINE#         96
  C:17A2H         LINE#         97
  C:17BBH         LINE#         98
  C:17BEH         LINE#         99
  C:17C5H         LINE#         100
  C:17CAH         LINE#         101
  C:17CAH         LINE#         102
  C:17CBH         LINE#         104
  C:17CBH         LINE#         105
  C:17D3H         LINE#         106
  C:17EBH         LINE#         108
  C:17FAH         LINE#         109
  C:180DH         LINE#         111
  C:1812H         LINE#         112
  C:1812H         LINE#         114
  C:1818H         LINE#         115
  C:181FH         LINE#         117
  C:181FH         LINE#         118
  C:181FH         LINE#         119
  C:1826H         LINE#         120
  C:182AH         LINE#         122
  C:182DH         LINE#         123
BL51 BANKED LINKER/LOCATER V6.22                                                      08/01/2017  22:22:46  PAGE 25


  C:182DH         LINE#         124
  C:182DH         LINE#         126
  -------         ENDPROC       REPEAT_PRO
  -------         ENDMOD        APP_REPEAT_EXE

  -------         MODULE        APP_CHARGE
  C:0000H         SYMBOL        _ICE_DUMMY_
  C:2336H         PUBLIC        app_battery_voltage_result
  D:0080H         PUBLIC        P0
  D:0090H         PUBLIC        P1
  D:00A0H         PUBLIC        P2
  D:00B0H         PUBLIC        P3
  D:00D8H         PUBLIC        P5
  C:29E4H         PUBLIC        app_charge_Init
  I:0023H         SYMBOL        g_tCharge
  D:00A8H         PUBLIC        IE
  C:1F25H         PUBLIC        app_charge_100ms_pro
  D:00B8H         PUBLIC        IP
  B:0021H.6       SYMBOL        result_flag
  B:0080H.1       PUBLIC        P01
  D:0098H         PUBLIC        SCON
  B:00D8H.0       PUBLIC        P50
  D:0088H         PUBLIC        TCON
  D:00F8H         PUBLIC        SCON_1
  C:22FAH         PUBLIC        app_charge_1s_pro
  D:00E8H         PUBLIC        ADCCON0
  D:00E2H         PUBLIC        ADCCON2
  D:00C0H         PUBLIC        I2CON
  D:00C3H         PUBLIC        ADCRH
  D:00C8H         PUBLIC        T2CON
  D:00C2H         PUBLIC        ADCRL
  D:00D0H         PUBLIC        PSW
  -------         PROC          APP_CHARGE_INIT
  C:29E4H         LINE#         12
  C:29E4H         LINE#         14
  C:29E8H         LINE#         15
  -------         ENDPROC       APP_CHARGE_INIT
  -------         PROC          APP_CHARGE_100MS_PRO
  -------         DO            
  B:0021H.5       SYMBOL        flag
  -------         ENDDO         
  C:1F25H         LINE#         17
  C:1F25H         LINE#         20
  C:1F2CH         LINE#         21
  C:1F2EH         LINE#         23
  C:1F2EH         LINE#         25
  C:1F31H         LINE#         26
  C:1F41H         LINE#         27
  C:1F41H         LINE#         28
  C:1F49H         LINE#         29
  C:1F4BH         LINE#         31
  C:1F4EH         LINE#         32
  C:1F4EH         LINE#         33
  C:1F4EH         LINE#         34
  C:1F50H         LINE#         35
  C:1F52H         LINE#         36
  C:1F52H         LINE#         37
BL51 BANKED LINKER/LOCATER V6.22                                                      08/01/2017  22:22:46  PAGE 26


  C:1F52H         LINE#         38
  C:1F52H         LINE#         39
  C:1F54H         LINE#         40
  C:1F54H         LINE#         41
  C:1F5CH         LINE#         42
  C:1F5EH         LINE#         44
  C:1F61H         LINE#         45
  C:1F63H         LINE#         46
  C:1F63H         LINE#         47
  C:1F65H         LINE#         48
  C:1F67H         LINE#         49
  C:1F67H         LINE#         50
  C:1F67H         LINE#         51
  C:1F67H         LINE#         52
  C:1F69H         LINE#         53
  C:1F69H         LINE#         54
  C:1F71H         LINE#         55
  C:1F73H         LINE#         57
  C:1F76H         LINE#         58
  C:1F76H         LINE#         59
  C:1F76H         LINE#         60
  C:1F76H         LINE#         61
  C:1F7EH         LINE#         62
  C:1F80H         LINE#         64
  C:1F83H         LINE#         65
  C:1F83H         LINE#         66
  C:1F83H         LINE#         67
  C:1F83H         LINE#         69
  -------         ENDPROC       APP_CHARGE_100MS_PRO
  -------         PROC          APP_BATTERY_VOLTAGE_RESULT
  -------         DO            
  B:0020H.0       SYMBOL        cmp
  -------         ENDDO         
  C:2336H         LINE#         73
  C:2336H         LINE#         74
  C:2338H         LINE#         76
  C:233AH         LINE#         78
  C:2343H         LINE#         79
  C:2359H         LINE#         80
  C:2362H         LINE#         82
  C:236DH         LINE#         84
  C:236FH         LINE#         88
  -------         ENDPROC       APP_BATTERY_VOLTAGE_RESULT
  -------         PROC          APP_CHARGE_1S_PRO
  C:22FAH         LINE#         90
  C:22FAH         LINE#         92
  C:22FFH         LINE#         93
  C:2301H         LINE#         94
  C:2303H         LINE#         95
  C:2305H         LINE#         96
  C:2305H         LINE#         98
  C:2308H         LINE#         99
  C:230AH         LINE#         101
  C:2318H         LINE#         102
  C:231AH         LINE#         103
  C:231CH         LINE#         104
  C:231EH         LINE#         105
BL51 BANKED LINKER/LOCATER V6.22                                                      08/01/2017  22:22:46  PAGE 27


  C:231EH         LINE#         108
  C:2335H         LINE#         109
  C:2335H         LINE#         111
  -------         ENDPROC       APP_CHARGE_1S_PRO
  -------         ENDMOD        APP_CHARGE

  -------         MODULE        APP_BATTERY
  C:0000H         SYMBOL        _ICE_DUMMY_
  D:0080H         PUBLIC        P0
  D:0090H         PUBLIC        P1
  D:00A0H         PUBLIC        P2
  D:00B0H         PUBLIC        P3
  D:00D8H         PUBLIC        P5
  D:00A8H         PUBLIC        IE
  D:00B8H         PUBLIC        IP
  C:005AH         PUBLIC        app_battery_Init
  B:00E8H.6       PUBLIC        ADCS
  B:0080H.1       PUBLIC        P01
  D:0098H         PUBLIC        SCON
  D:0088H         PUBLIC        TCON
  D:00F8H         PUBLIC        SCON_1
  C:29FFH         SYMBOL        app_battery_detection
  D:00E8H         PUBLIC        ADCCON0
  C:2792H         PUBLIC        app_battery_1s_pro
  D:00C0H         PUBLIC        I2CON
  D:00C8H         PUBLIC        T2CON
  D:00D0H         PUBLIC        PSW
  -------         PROC          APP_BATTERY_INIT
  C:005AH         LINE#         10
  C:005AH         LINE#         12
  -------         ENDPROC       APP_BATTERY_INIT
  -------         PROC          APP_BATTERY_DETECTION
  C:29FFH         LINE#         14
  C:29FFH         LINE#         16
  C:2A01H         LINE#         17
  -------         ENDPROC       APP_BATTERY_DETECTION
  -------         PROC          APP_BATTERY_1S_PRO
  -------         DO            
  I:001DH         SYMBOL        cnt
  -------         ENDDO         
  C:2792H         LINE#         19
  C:2792H         LINE#         23
  C:2795H         LINE#         24
  C:279AH         LINE#         25
  C:279CH         LINE#         26
  C:279CH         LINE#         28
  C:27A2H         LINE#         29
  C:27A6H         LINE#         30
  C:27A9H         LINE#         31
  C:27A9H         LINE#         33
  -------         ENDPROC       APP_BATTERY_1S_PRO
  -------         ENDMOD        APP_BATTERY

  -------         MODULE        BSP
  C:0000H         SYMBOL        _ICE_DUMMY_
  D:0080H         PUBLIC        P0
  D:0090H         PUBLIC        P1
BL51 BANKED LINKER/LOCATER V6.22                                                      08/01/2017  22:22:46  PAGE 28


  D:00A0H         PUBLIC        P2
  D:00B0H         PUBLIC        P3
  D:00D8H         PUBLIC        P5
  B:00A8H.7       PUBLIC        EA
  D:00A8H         PUBLIC        IE
  D:00C7H         PUBLIC        TA
  D:00B8H         PUBLIC        IP
  B:0022H.0       PUBLIC        BIT_TMP
  D:0098H         PUBLIC        SCON
  D:0088H         PUBLIC        TCON
  C:2408H         PUBLIC        bsp_Init
  D:00F8H         PUBLIC        SCON_1
  D:00E8H         PUBLIC        ADCCON0
  D:00C0H         PUBLIC        I2CON
  D:00C8H         PUBLIC        T2CON
  D:00A3H         PUBLIC        BODCON0
  D:00D0H         PUBLIC        PSW
  -------         PROC          BSP_INIT
  C:2408H         LINE#         5
  C:2408H         LINE#         7
  C:241BH         LINE#         10
  C:241EH         LINE#         12
  C:2421H         LINE#         13
  C:2424H         LINE#         14
  C:2427H         LINE#         15
  C:242AH         LINE#         16
  C:242DH         LINE#         17
  C:2430H         LINE#         18
  C:2433H         LINE#         21
  C:2436H         LINE#         23
  C:2438H         LINE#         25
  -------         ENDPROC       BSP_INIT
  -------         ENDMOD        BSP

  -------         MODULE        BSP_BEEP
  C:0000H         SYMBOL        _ICE_DUMMY_
  D:0080H         PUBLIC        P0
  D:0090H         PUBLIC        P1
  D:00ACH         PUBLIC        P3M1
  D:00A0H         PUBLIC        P2
  D:00B0H         PUBLIC        P3
  D:00ADH         PUBLIC        P3M2
  D:00D8H         PUBLIC        P5
  D:00A8H         PUBLIC        IE
  B:0022H.1       SYMBOL        delay_flag
  C:2241H         PUBLIC        _BEEP_Start
  D:00D7H         PUBLIC        R2DH
  D:00D6H         PUBLIC        R2DL
  C:26A6H         PUBLIC        BEEP_InitHard
  D:00CAH         PUBLIC        T2MOD1
  D:00B8H         PUBLIC        IP
  D:00CBH         PUBLIC        T2OE
  B:00C8H.3       PUBLIC        TR2D
  C:291FH         PUBLIC        BEEP_Stop
  C:29CCH         PUBLIC        BEEP_ENABLE
  C:18E7H         PUBLIC        BEEP_Pro
  B:00B0H.0       PUBLIC        P30
BL51 BANKED LINKER/LOCATER V6.22                                                      08/01/2017  22:22:46  PAGE 29


  D:0098H         PUBLIC        SCON
  D:0088H         PUBLIC        TCON
  I:000FH         SYMBOL        g_tBeep
  C:27D9H         PUBLIC        BEEP_KeyTone
  D:00F8H         PUBLIC        SCON_1
  D:00E8H         PUBLIC        ADCCON0
  D:00C0H         PUBLIC        I2CON
  D:00C8H         PUBLIC        T2CON
  C:29D2H         PUBLIC        BEEP_DISABLE
  D:00D0H         PUBLIC        PSW
  -------         PROC          BEEP_INITHARD
  C:26A6H         LINE#         13
  C:26A6H         LINE#         15
  C:26A9H         LINE#         16
  C:26ACH         LINE#         18
  C:26AEH         LINE#         27
  C:26B1H         LINE#         28
  C:26B4H         LINE#         29
  C:26B7H         LINE#         32
  C:26BAH         LINE#         34
  C:26BDH         LINE#         37
  C:26C0H         LINE#         46
  C:26C2H         LINE#         48
  C:26C6H         LINE#         50
  -------         ENDPROC       BEEP_INITHARD
  -------         PROC          BEEP_ENABLE
  C:29CCH         LINE#         52
  C:29CCH         LINE#         53
  C:29CFH         LINE#         54
  C:29D1H         LINE#         55
  -------         ENDPROC       BEEP_ENABLE
  -------         PROC          BEEP_DISABLE
  C:29D2H         LINE#         57
  C:29D2H         LINE#         58
  C:29D5H         LINE#         60
  C:29D7H         LINE#         62
  -------         ENDPROC       BEEP_DISABLE
  -------         PROC          _BEEP_START
  D:0006H         SYMBOL        _usDelayTime
  D:0004H         SYMBOL        _usBeepTime
  D:0002H         SYMBOL        _usStopTime
  X:005AH         SYMBOL        _usCycle
  C:2241H         LINE#         74
  C:2241H         LINE#         75
  C:2241H         LINE#         76
  C:2245H         LINE#         78
  C:2245H         LINE#         79
  C:224CH         LINE#         80
  C:2256H         LINE#         81
  C:2260H         LINE#         82
  C:226EH         LINE#         83
  C:2273H         LINE#         84
  C:2277H         LINE#         85
  C:227AH         LINE#         86
  C:227DH         LINE#         88
  C:227FH         LINE#         90
  -------         ENDPROC       _BEEP_START
BL51 BANKED LINKER/LOCATER V6.22                                                      08/01/2017  22:22:46  PAGE 30


  -------         PROC          BEEP_STOP
  C:291FH         LINE#         100
  C:291FH         LINE#         101
  C:2923H         LINE#         103
  -------         ENDPROC       BEEP_STOP
  -------         PROC          BEEP_KEYTONE
  C:27D9H         LINE#         114
  C:27D9H         LINE#         115
  -------         ENDPROC       BEEP_KEYTONE
  -------         PROC          BEEP_PRO
  C:18E7H         LINE#         126
  C:18E7H         LINE#         127
  C:18F9H         LINE#         129
  C:18F9H         LINE#         130
  C:1900H         LINE#         131
  C:1908H         LINE#         133
  C:1908H         LINE#         134
  C:190BH         LINE#         135
  C:190DH         LINE#         136
  C:1910H         LINE#         137
  C:1910H         LINE#         139
  C:1916H         LINE#         140
  C:1922H         LINE#         141
  C:1922H         LINE#         142
  C:1936H         LINE#         143
  C:1939H         LINE#         144
  C:193FH         LINE#         145
  C:1943H         LINE#         146
  C:1943H         LINE#         147
  C:1944H         LINE#         149
  C:1944H         LINE#         150
  C:1949H         LINE#         151
  C:195DH         LINE#         153
  C:196CH         LINE#         154
  C:197DH         LINE#         156
  C:1981H         LINE#         157
  C:1981H         LINE#         159
  C:1986H         LINE#         160
  C:198CH         LINE#         162
  C:198CH         LINE#         163
  C:198CH         LINE#         165
  C:1992H         LINE#         166
  C:1995H         LINE#         168
  C:1998H         LINE#         169
  C:1998H         LINE#         170
  C:1998H         LINE#         171
  -------         ENDPROC       BEEP_PRO
  -------         ENDMOD        BSP_BEEP

  -------         MODULE        BSP_KEY
  C:0000H         SYMBOL        _ICE_DUMMY_
  D:00B1H         PUBLIC        P0M1
  D:00B2H         PUBLIC        P0M2
  D:0080H         PUBLIC        P0
  D:0090H         PUBLIC        P1
  D:00A0H         PUBLIC        P2
  D:00B0H         PUBLIC        P3
BL51 BANKED LINKER/LOCATER V6.22                                                      08/01/2017  22:22:46  PAGE 31


  D:00DCH         PUBLIC        P5M1
  D:00DDH         PUBLIC        P5M2
  D:00D8H         PUBLIC        P5
  C:001EH         PUBLIC        _bsp_PutKey
  D:00A8H         PUBLIC        IE
  C:182EH         SYMBOL        bsp_InitKeyVar
  X:0000H         PUBLIC        pBtn
  D:00B8H         PUBLIC        IP
  C:253AH         PUBLIC        bsp_GetKey2
  C:1215H         SYMBOL        _bsp_DetectKey
  B:0080H.3       PUBLIC        P03
  C:28C8H         SYMBOL        IsKeyDown1
  B:0080H.4       PUBLIC        P04
  D:0098H         PUBLIC        SCON
  C:28D1H         SYMBOL        IsKeyDown2
  B:0080H.5       PUBLIC        P05
  D:0088H         PUBLIC        TCON
  C:28DAH         SYMBOL        IsKeyDown3
  B:0080H.6       PUBLIC        P06
  C:28E3H         SYMBOL        IsKeyDown4
  C:28ECH         SYMBOL        IsKeyDown5
  B:00D8H.5       PUBLIC        P55
  C:28F5H         PUBLIC        bsp_ClearKey
  D:00F8H         PUBLIC        SCON_1
  C:2743H         PUBLIC        bsp_KeyScan
  D:00E8H         PUBLIC        ADCCON0
  D:00C0H         PUBLIC        I2CON
  D:00C8H         PUBLIC        T2CON
  C:29D8H         PUBLIC        bsp_InitKey
  C:2708H         SYMBOL        bsp_InitKeyHard
  X:0003H         SYMBOL        s_tBtn
  X:0045H         SYMBOL        s_tKey
  C:2493H         PUBLIC        bsp_GetKey
  C:2370H         PUBLIC        _bsp_SetKeyParam
  C:2828H         PUBLIC        _bsp_GetKeyState
  D:00D0H         PUBLIC        PSW
  C:28A8H         SYMBOL        IsKeyDown_1and3
  -------         PROC          ISKEYDOWN1
  C:28C8H         LINE#         47
  C:28C8H         LINE#         48
  C:28CBH         LINE#         49
  C:28CEH         LINE#         50
  C:28CEH         LINE#         51
  C:28D0H         LINE#         52
  C:28D0H         LINE#         53
  -------         ENDPROC       ISKEYDOWN1
  -------         PROC          ISKEYDOWN2
  C:28D1H         LINE#         54
[...]
  C:24C6H         LINE#         185
  C:24C9H         LINE#         186
  C:24CCH         LINE#         189
  C:24E4H         LINE#         194
  C:24E6H         LINE#         195
  -------         ENDPROC       _INITIALUART0_TIMER1_TYPE3
  -------         PROC          _INITIALUART0_TIMER1_TYPE4
  D:0004H         SYMBOL        u32Baudrate
  C:24E7H         LINE#         200
  C:24E7H         LINE#         201
  C:24E7H         LINE#         202
  C:24EAH         LINE#         203
  C:24EDH         LINE#         205
BL51 BANKED LINKER/LOCATER V6.22                                                      08/01/2017  22:22:46  PAGE 61


  C:24F0H         LINE#         206
  C:24F3H         LINE#         207
  C:24F6H         LINE#         210
  C:250EH         LINE#         215
  C:2510H         LINE#         216
  -------         ENDPROC       _INITIALUART0_TIMER1_TYPE4
  -------         PROC          _INITIALUART0_TIMER3_TYPE5
  X:00AFH         SYMBOL        u32Baudrate
  C:1D9CH         LINE#         218
  C:1DA2H         LINE#         219
  C:1DA2H         LINE#         220
  C:1DA5H         LINE#         221
  C:1DA8H         LINE#         222
  C:1DABH         LINE#         223
  C:1DAEH         LINE#         226
  C:1DDCH         LINE#         227
  C:1DFBH         LINE#         233
  C:1DFEH         LINE#         234
  -------         ENDPROC       _INITIALUART0_TIMER3_TYPE5
  -------         PROC          _INITIALUART0_TIMER3_TYPE6
  X:00B3H         SYMBOL        u32Baudrate
  C:1DFFH         LINE#         236
  C:1E05H         LINE#         237
  C:1E05H         LINE#         238
  C:1E08H         LINE#         239
  C:1E0BH         LINE#         240
  C:1E0EH         LINE#         241
  C:1E11H         LINE#         244
  C:1E3FH         LINE#         245
  C:1E5EH         LINE#         251
  C:1E61H         LINE#         252
  -------         ENDPROC       _INITIALUART0_TIMER3_TYPE6
  -------         PROC          _INITIALUART1_TIMER3
  X:0053H         SYMBOL        u32Baudrate
  C:1FE3H         LINE#         254
  C:1FE9H         LINE#         255
  C:1FE9H         LINE#         256
  C:1FECH         LINE#         257
  C:1FEFH         LINE#         260
  C:201DH         LINE#         261
  C:203CH         LINE#         267
  C:203FH         LINE#         268
  -------         ENDPROC       _INITIALUART1_TIMER3
  -------         PROC          RECEIVE_DATA_FROM_UART0
  -------         DO            
  D:0007H         SYMBOL        c
  -------         ENDDO         
  C:0003H         LINE#         280
  C:0003H         LINE#         283
  C:0006H         LINE#         285
  C:0008H         LINE#         286
  C:000AH         LINE#         287
  C:000AH         LINE#         288
  -------         ENDPROC       RECEIVE_DATA_FROM_UART0
  -------         PROC          _SEND_DATA_TO_UART0
  D:0007H         SYMBOL        c
  C:2907H         LINE#         300
BL51 BANKED LINKER/LOCATER V6.22                                                      08/01/2017  22:22:46  PAGE 62


  C:2907H         LINE#         301
  C:2909H         LINE#         302
  C:290BH         LINE#         303
  C:290EH         LINE#         305
  -------         ENDPROC       _SEND_DATA_TO_UART0
  -------         PROC          RECEIVE_DATA_FROM_UART1
  -------         DO            
  D:0007H         SYMBOL        c
  -------         ENDDO         
  C:290FH         LINE#         317
  C:290FH         LINE#         320
  C:2912H         LINE#         322
  C:2914H         LINE#         323
  C:2916H         LINE#         324
  C:2916H         LINE#         325
  -------         ENDPROC       RECEIVE_DATA_FROM_UART1
  -------         PROC          _SEND_DATA_TO_UART1
  D:0007H         SYMBOL        c
  C:2917H         LINE#         337
  C:2917H         LINE#         338
  C:2919H         LINE#         339
  C:291BH         LINE#         340
  C:291EH         LINE#         342
  -------         ENDPROC       _SEND_DATA_TO_UART1
  -------         PROC          SET_ALL_GPIO_QUASI_MODE
  C:275EH         LINE#         344
  C:275EH         LINE#         345
  C:2761H         LINE#         346
  C:2763H         LINE#         347
  C:2765H         LINE#         348
  C:2767H         LINE#         349
  C:2769H         LINE#         350
  C:276BH         LINE#         351
  C:276DH         LINE#         352
  C:276FH         LINE#         353
  C:2771H         LINE#         354
  C:2773H         LINE#         355
  C:2775H         LINE#         356
  C:2777H         LINE#         357
  -------         ENDPROC       SET_ALL_GPIO_QUASI_MODE
  -------         PROC          SET_ALL_GPIO_INPUT_MODE
  C:26E8H         LINE#         359
  C:26E8H         LINE#         360
  C:26EBH         LINE#         361
  C:26EEH         LINE#         362
  C:26F1H         LINE#         363
  C:26F3H         LINE#         364
  C:26F6H         LINE#         365
  C:26F8H         LINE#         366
  C:26FBH         LINE#         367
  C:26FDH         LINE#         368
  C:2700H         LINE#         369
  C:2702H         LINE#         370
  C:2705H         LINE#         371
  C:2707H         LINE#         372
  -------         ENDPROC       SET_ALL_GPIO_INPUT_MODE
  -------         PROC          SW_RESET
BL51 BANKED LINKER/LOCATER V6.22                                                      08/01/2017  22:22:46  PAGE 63


  C:2778H         LINE#         375
  C:2778H         LINE#         376
  C:277BH         LINE#         377
  C:277EH         LINE#         378
  C:2791H         LINE#         380
  -------         ENDPROC       SW_RESET
  -------         PROC          FSYS_CLOCK_OUTPUT_ON_P26
  C:29F8H         LINE#         382
  C:29F8H         LINE#         383
  C:29FBH         LINE#         384
  -------         ENDPROC       FSYS_CLOCK_OUTPUT_ON_P26
  -------         PROC          _PUTCHAR
  D:0007H         SYMBOL        c
  C:22BDH         LINE#         393
  C:22BDH         LINE#         431
  C:22C2H         LINE#         432
  C:22C5H         LINE#         433
  C:22CAH         LINE#         434
  C:22CAH         LINE#         435
  C:22CCH         LINE#         436
  C:22CFH         LINE#         438
  C:22D4H         LINE#         439
  C:22D6H         LINE#         440
  C:22D6H         LINE#         441
  C:22D6H         LINE#         442
  C:22D9H         LINE#         444
  C:22DBH         LINE#         445
  C:22DEH         LINE#         446
  C:22DEH         LINE#         447
  C:22E1H         LINE#         448
  C:22E6H         LINE#         449
  C:22E6H         LINE#         450
  C:22E8H         LINE#         451
  C:22EBH         LINE#         453
  C:22F0H         LINE#         454
  C:22F2H         LINE#         455
  C:22F2H         LINE#         456
  C:22F2H         LINE#         457
  C:22F5H         LINE#         459
  C:22F7H         LINE#         460
  C:22F9H         LINE#         462
  -------         ENDPROC       _PUTCHAR
  -------         ENDMOD        COMMON

  -------         MODULE        DELAY
  C:0000H         SYMBOL        _ICE_DUMMY_
  D:0080H         PUBLIC        P0
  D:0090H         PUBLIC        P1
  D:00A0H         PUBLIC        P2
  D:00B0H         PUBLIC        P3
  D:008FH         PUBLIC        WKCON
  D:00D8H         PUBLIC        P5
  D:00A8H         PUBLIC        IE
  D:00B8H         PUBLIC        IP
  C:20F5H         PUBLIC        _Timer0_Delay1ms
  C:214EH         PUBLIC        _Timer1_Delay1ms
  C:2040H         PUBLIC        _Timer3_Delay1ms
BL51 BANKED LINKER/LOCATER V6.22                                                      08/01/2017  22:22:46  PAGE 64


  D:0098H         PUBLIC        SCON
  D:0089H         PUBLIC        TMOD
  D:0088H         PUBLIC        TCON
  C:1B6AH         PUBLIC        _?Random_Delay
  C:26C7H         PUBLIC        _Delay10us
  D:00F8H         PUBLIC        SCON_1
  B:0088H.5       PUBLIC        TF0
  B:0088H.7       PUBLIC        TF1
  D:008CH         PUBLIC        TH0
  D:00C6H         PUBLIC        R3H
  D:008DH         PUBLIC        TH1
  D:008AH         PUBLIC        TL0
  C:1EC4H         PUBLIC        _WakeUp_Timer_Delay25ms
  D:00C5H         PUBLIC        R3L
  D:008BH         PUBLIC        TL1
  B:0088H.4       PUBLIC        TR0
  B:0088H.6       PUBLIC        TR1
  D:00E8H         PUBLIC        ADCCON0
  D:00C0H         PUBLIC        I2CON
  D:00C8H         PUBLIC        T2CON
  D:00C4H         PUBLIC        T3CON
  D:008EH         PUBLIC        CKCON
  D:0086H         PUBLIC        RWK
  D:00D0H         PUBLIC        PSW
  -------         PROC          _?RANDOM_DELAY
  -------         DO            
  x:0000H         SYMBOL        u32CNT
  x:0004H         SYMBOL        u32Tmp
  -------         ENDDO         
  C:1B6AH         LINE#         36
  C:1B70H         LINE#         37
  C:1B70H         LINE#         41
  C:1B9BH         LINE#         42
  C:1B9BH         LINE#         43
  C:1BC0H         LINE#         44
  C:1BE7H         LINE#         45
  -------         ENDPROC       _?RANDOM_DELAY
  -------         PROC          _DELAY10US
  D:0006H         SYMBOL        u16CNT
  C:26C7H         LINE#         47
  C:26C7H         LINE#         48
  C:26CAH         LINE#         49
  C:26CDH         LINE#         50
  C:26CFH         LINE#         51
  C:26D3H         LINE#         52
  C:26D6H         LINE#         53
  C:26D9H         LINE#         54
  C:26DCH         LINE#         56
  C:26DEH         LINE#         57
  C:26E3H         LINE#         58
  C:26E5H         LINE#         59
  C:26E7H         LINE#         60
  -------         ENDPROC       _DELAY10US
  -------         PROC          _TIMER0_DELAY1MS
  X:00B7H         SYMBOL        u32CNT
  C:20F5H         LINE#         62
  C:20FBH         LINE#         63
BL51 BANKED LINKER/LOCATER V6.22                                                      08/01/2017  22:22:46  PAGE 65


  C:20FEH         LINE#         64
  C:2101H         LINE#         65
  C:2103H         LINE#         66
  C:211CH         LINE#         67
  C:211FH         LINE#         68
  C:2122H         LINE#         69
  C:2125H         LINE#         71
  C:2127H         LINE#         72
  C:2149H         LINE#         73
  C:214BH         LINE#         74
  C:214DH         LINE#         75
  -------         ENDPROC       _TIMER0_DELAY1MS
  -------         PROC          _TIMER1_DELAY1MS
  X:00BBH         SYMBOL        u32CNT
  C:214EH         LINE#         77
  C:2154H         LINE#         78
  C:2157H         LINE#         79
  C:215AH         LINE#         80
  C:215CH         LINE#         81
  C:2175H         LINE#         82
  C:2178H         LINE#         83
  C:217BH         LINE#         84
  C:217EH         LINE#         86
  C:2180H         LINE#         87
  C:21A2H         LINE#         88
  C:21A4H         LINE#         89
  C:21A6H         LINE#         90
  -------         ENDPROC       _TIMER1_DELAY1MS
  -------         PROC          _TIMER3_DELAY1MS
  X:00BFH         SYMBOL        u32CNT
  C:2040H         LINE#         92
  C:2046H         LINE#         93
  C:2049H         LINE#         94
  C:204CH         LINE#         95
  C:2065H         LINE#         96
  C:2068H         LINE#         97
  C:206BH         LINE#         98
  C:2070H         LINE#         100
  C:2073H         LINE#         101
  C:2095H         LINE#         102
  C:2097H         LINE#         103
  C:209AH         LINE#         104
  -------         ENDPROC       _TIMER3_DELAY1MS
  -------         PROC          _WAKEUP_TIMER_DELAY25MS
  X:00C3H         SYMBOL        u32CNT
  C:1EC4H         LINE#         106
  C:1ECAH         LINE#         107
  C:1ECAH         LINE#         108
  C:1ECDH         LINE#         109
  C:1ED0H         LINE#         110
  C:1ED3H         LINE#         112
  C:1ED6H         LINE#         114
  C:1ED9H         LINE#         115
  C:1EDCH         LINE#         116
  C:1EF5H         LINE#         117
  C:1EFAH         LINE#         119
  C:1EFDH         LINE#         120
BL51 BANKED LINKER/LOCATER V6.22                                                      08/01/2017  22:22:46  PAGE 66


  C:1F1FH         LINE#         121
  C:1F21H         LINE#         122
  C:1F24H         LINE#         123
  -------         ENDPROC       _WAKEUP_TIMER_DELAY25MS
  -------         ENDMOD        DELAY

  -------         MODULE        VERSION
  C:0000H         SYMBOL        _ICE_DUMMY_
  D:0080H         PUBLIC        P0
  D:0090H         PUBLIC        P1
  D:00A0H         PUBLIC        P2
  D:00B0H         PUBLIC        P3
  D:00D8H         PUBLIC        P5
  D:00A8H         PUBLIC        IE
  D:00B8H         PUBLIC        IP
  D:0098H         PUBLIC        SCON
  D:0088H         PUBLIC        TCON
  D:00F8H         PUBLIC        SCON_1
  C:1F84H         PUBLIC        Show_FW_Version_Number_To_PC
  D:00E8H         PUBLIC        ADCCON0
  D:00C0H         PUBLIC        I2CON
  D:00C8H         PUBLIC        T2CON
  D:00D0H         PUBLIC        PSW
  -------         PROC          SHOW_FW_VERSION_NUMBER_TO_PC
  C:1F84H         LINE#         32
  C:1F84H         LINE#         33
  C:1F84H         LINE#         34
  C:1F8DH         LINE#         35
  C:1F96H         LINE#         36
  C:1F9FH         LINE#         37
  C:1FB9H         LINE#         38
  C:1FDAH         LINE#         39
  -------         ENDPROC       SHOW_FW_VERSION_NUMBER_TO_PC
  -------         ENDMOD        VERSION

  -------         MODULE        ?C_STARTUP
  C:1A3FH         SEGMENT       ?C_C51STARTUP
  I:0027H         SEGMENT       ?STACK
  C:0000H         PUBLIC        ?C_STARTUP
  D:00E0H         SYMBOL        ACC
  D:00F0H         SYMBOL        B
  D:0083H         SYMBOL        DPH
  D:0082H         SYMBOL        DPL
  N:0000H         SYMBOL        IBPSTACK
  N:0100H         SYMBOL        IBPSTACKTOP
  N:0080H         SYMBOL        IDATALEN
  C:1A42H         SYMBOL        IDATALOOP
  N:0000H         SYMBOL        PBPSTACK
  N:0000H         SYMBOL        PBPSTACKTOP
  N:0000H         SYMBOL        PDATALEN
  N:0000H         SYMBOL        PDATASTART
  N:0000H         SYMBOL        PPAGE
  N:0000H         SYMBOL        PPAGEENABLE
  D:00A0H         SYMBOL        PPAGE_SFR
  D:0081H         SYMBOL        SP
  C:1A3FH         SYMBOL        STARTUP1
  N:0000H         SYMBOL        XBPSTACK
BL51 BANKED LINKER/LOCATER V6.22                                                      08/01/2017  22:22:46  PAGE 67


  N:0000H         SYMBOL        XBPSTACKTOP
  N:00FFH         SYMBOL        XDATALEN
  C:1A4DH         SYMBOL        XDATALOOP
  N:0000H         SYMBOL        XDATASTART
  C:0000H         LINE#         92
  C:1A3FH         LINE#         99
  C:1A41H         LINE#         100
  C:1A42H         LINE#         101
  C:1A43H         LINE#         102
  C:1A45H         LINE#         106
  C:1A48H         LINE#         107
  C:1A4AH         LINE#         109
  C:1A4CH         LINE#         113
  C:1A4DH         LINE#         114
  C:1A4EH         LINE#         115
  C:1A4FH         LINE#         116
  C:1A51H         LINE#         117
  C:1A53H         LINE#         151
  C:1A56H         LINE#         155
  -------         ENDMOD        ?C_STARTUP

  -------         MODULE        ?C?CLDOPTR
  C:0420H         PUBLIC        ?C?CLDOPTR
  -------         ENDMOD        ?C?CLDOPTR

  -------         MODULE        ?C?CILDOPTR
  C:044DH         PUBLIC        ?C?CILDOPTR
  -------         ENDMOD        ?C?CILDOPTR

  -------         MODULE        ?C?CSTPTR
  C:0480H         PUBLIC        ?C?CSTPTR
  -------         ENDMOD        ?C?CSTPTR

  -------         MODULE        ?C?CSTOPTR
  C:0492H         PUBLIC        ?C?CSTOPTR
  -------         ENDMOD        ?C?CSTOPTR

  -------         MODULE        ?C?UIDIV
  C:04B4H         PUBLIC        ?C?UIDIV
  -------         ENDMOD        ?C?UIDIV

  -------         MODULE        ?C?IILDX
  C:0509H         PUBLIC        ?C?IILDX
  -------         ENDMOD        ?C?IILDX

  -------         MODULE        ?C?ILDOPTR
  C:051FH         PUBLIC        ?C?ILDOPTR
  -------         ENDMOD        ?C?ILDOPTR

  -------         MODULE        ?C?IILDOPTR
  C:0557H         PUBLIC        ?C?IILDOPTR
  -------         ENDMOD        ?C?IILDOPTR

  -------         MODULE        ?C?ISTOPTR
  C:05A4H         PUBLIC        ?C?ISTOPTR
  -------         ENDMOD        ?C?ISTOPTR

BL51 BANKED LINKER/LOCATER V6.22                                                      08/01/2017  22:22:46  PAGE 68


  -------         MODULE        ?C?ULDIV
  C:060DH         PUBLIC        ?C?ULDIV
  -------         ENDMOD        ?C?ULDIV

  -------         MODULE        ?C?ULCMP
  C:069FH         PUBLIC        ?C?ULCMP
  -------         ENDMOD        ?C?ULCMP

  -------         MODULE        ?C?ULSHR
  C:06B0H         PUBLIC        ?C?ULSHR
  -------         ENDMOD        ?C?ULSHR

  -------         MODULE        ?C?LSTXDATA
  C:06C3H         PUBLIC        ?C?LSTXDATA
  -------         ENDMOD        ?C?LSTXDATA

  -------         MODULE        ?C?LSTKXDATA
  C:06CFH         PUBLIC        ?C?LSTKXDATA
  -------         ENDMOD        ?C?LSTKXDATA

  -------         MODULE        ?C?PLDPTR
  C:0700H         PUBLIC        ?C?PLDPTR
  -------         ENDMOD        ?C?PLDPTR

  -------         MODULE        ?C?ICALL
  C:0720H         PUBLIC        ?C?ICALL
  C:0724H         PUBLIC        ?C?ICALL2
  -------         ENDMOD        ?C?ICALL

  -------         MODULE        ?C_XBP
  D:000DH         PUBLIC        ?C_XBP
  -------         ENDMOD        ?C_XBP

  -------         MODULE        ?C?ADDXBP
  C:0726H         PUBLIC        ?C?ADDXBP
  -------         ENDMOD        ?C?ADDXBP

  -------         MODULE        ?C?XBPOFF
  C:074AH         PUBLIC        ?C?XBPOFF
  -------         ENDMOD        ?C?XBPOFF

  -------         MODULE        PRINTF
  X:0054H         PUBLIC        ?_PRINTF517?BYTE
  X:0054H         PUBLIC        ?_PRINTF?BYTE
  X:0054H         PUBLIC        ?_SPRINTF517?BYTE
  X:0054H         PUBLIC        ?_SPRINTF?BYTE
  C:0848H         PUBLIC        _PRINTF
  C:0848H         PUBLIC        _PRINTF517
  C:0842H         PUBLIC        _SPRINTF
  C:0842H         PUBLIC        _SPRINTF517
  -------         ENDMOD        PRINTF

  -------         MODULE        ?C?CLDPTR
  C:0757H         PUBLIC        ?C?CLDPTR
  -------         ENDMOD        ?C?CLDPTR

  -------         MODULE        ?C?PLDIDATA
BL51 BANKED LINKER/LOCATER V6.22                                                      08/01/2017  22:22:46  PAGE 69


  C:0770H         PUBLIC        ?C?PLDIDATA
  -------         ENDMOD        ?C?PLDIDATA

  -------         MODULE        ?C?PLDXDATA
  C:0779H         PUBLIC        ?C?PLDXDATA
  -------         ENDMOD        ?C?PLDXDATA

  -------         MODULE        ?C?PLDIXDATA
  C:0782H         PUBLIC        ?C?PLDIXDATA
  -------         ENDMOD        ?C?PLDIXDATA

  -------         MODULE        ?C?PSTXDATA
  C:0799H         PUBLIC        ?C?PSTXDATA
  -------         ENDMOD        ?C?PSTXDATA

  -------         MODULE        ?C?PLDPDATA
  C:07A2H         PUBLIC        ?C?PLDPDATA
  -------         ENDMOD        ?C?PLDPDATA

  -------         MODULE        ?C?PLDCODE
  C:07ABH         PUBLIC        ?C?PLDCODE
  -------         ENDMOD        ?C?PLDCODE

  -------         MODULE        ?C?CCASE
  C:07B7H         PUBLIC        ?C?CCASE
  -------         ENDMOD        ?C?CCASE

Program Size: data=37.5 xdata=204 code=10761
LINK/LOCATE RUN COMPLETE.  0 WARNING(S),  0 ERROR(S)
