BL51 BANKED LINKER/LOCATER V6.22                                                        09/12/2017  00:43:58  PAGE 1


BL51 BANKED LINKER/LOCATER V6.22, INVOKED BY:
C:\KEIL_V5\C51\BIN\BL51.EXE .\Out\Objects\main.obj, .\Out\Objects\app_key.obj, .\Out\Objects\app_work.obj, .\Out\Objects
>> \app_repeat_exe.obj, .\Out\Objects\app_2d4.obj, .\Out\Objects\app_lcd.obj, .\Out\Objects\bsp.obj, .\Out\Objects\bsp_k
>> ey.obj, .\Out\Objects\bsp_display.obj, .\Out\Objects\bsp_timer0.obj, .\Out\Objects\bsp_adc.obj, .\Out\Objects\bsp_key
>> Bright.obj, .\Out\Objects\bsp_lcdBright.obj, .\Out\Objects\bsp_2d4.obj, .\Out\Objects\Common.obj, .\Out\Objects\Delay
>> .obj, .\Out\Objects\Version.obj, .\Out\Objects\STARTUP.obj TO .\Out\Objects\project PRINT (.\Out\Listings\project.m51
>> ) RAMSIZE (256) DISABLEWARNING (16)


MEMORY MODEL: LARGE


INPUT MODULES INCLUDED:
  .\Out\Objects\main.obj (MAIN)
  .\Out\Objects\app_key.obj (APP_KEY)
  .\Out\Objects\app_work.obj (APP_WORK)
  .\Out\Objects\app_repeat_exe.obj (APP_REPEAT_EXE)
  .\Out\Objects\app_2d4.obj (APP_2D4)
  .\Out\Objects\app_lcd.obj (APP_LCD)
  .\Out\Objects\bsp.obj (BSP)
  .\Out\Objects\bsp_key.obj (BSP_KEY)
  .\Out\Objects\bsp_display.obj (BSP_DISPLAY)
  .\Out\Objects\bsp_timer0.obj (BSP_TIMER0)
  .\Out\Objects\bsp_adc.obj (BSP_ADC)
  .\Out\Objects\bsp_keyBright.obj (BSP_KEYBRIGHT)
  .\Out\Objects\bsp_lcdBright.obj (BSP_LCDBRIGHT)
  .\Out\Objects\bsp_2d4.obj (BSP_2D4)
  .\Out\Objects\Common.obj (COMMON)
  .\Out\Objects\Delay.obj (DELAY)
  .\Out\Objects\Version.obj (VERSION)
  .\Out\Objects\STARTUP.obj (?C_STARTUP)
  C:\KEIL_V5\C51\LIB\C51L.LIB (?C_INIT)
  C:\KEIL_V5\C51\LIB\C51L.LIB (?C?COPY)
  C:\KEIL_V5\C51\LIB\C51L.LIB (?C?CLDPTR)
  C:\KEIL_V5\C51\LIB\C51L.LIB (?C?CLDOPTR)
  C:\KEIL_V5\C51\LIB\C51L.LIB (?C?CILDOPTR)
  C:\KEIL_V5\C51\LIB\C51L.LIB (?C?CSTOPTR)
  C:\KEIL_V5\C51\LIB\C51L.LIB (?C?UIDIV)
  C:\KEIL_V5\C51\LIB\C51L.LIB (?C?IILDX)
  C:\KEIL_V5\C51\LIB\C51L.LIB (?C?ILDOPTR)
  C:\KEIL_V5\C51\LIB\C51L.LIB (?C?IILDOPTR)
  C:\KEIL_V5\C51\LIB\C51L.LIB (?C?ISTOPTR)
  C:\KEIL_V5\C51\LIB\C51L.LIB (?C?ULDIV)
  C:\KEIL_V5\C51\LIB\C51L.LIB (?C?ULCMP)
  C:\KEIL_V5\C51\LIB\C51L.LIB (?C?ULSHR)
  C:\KEIL_V5\C51\LIB\C51L.LIB (?C?LSTXDATA)
  C:\KEIL_V5\C51\LIB\C51L.LIB (?C?LSTKXDATA)
  C:\KEIL_V5\C51\LIB\C51L.LIB (?C?PLDPTR)
  C:\KEIL_V5\C51\LIB\C51L.LIB (?C?CCASE)
  C:\KEIL_V5\C51\LIB\C51L.LIB (?C?ICALL)
  C:\KEIL_V5\C51\LIB\C51L.LIB (?C_XBP)
  C:\KEIL_V5\C51\LIB\C51L.LIB (?C?ADDXBP)
  C:\KEIL_V5\C51\LIB\C51L.LIB (?C?XBPOFF)
  C:\KEIL_V5\C51\LIB\C51L.LIB (PRINTF)
  C:\KEIL_V5\C51\LIB\C51L.LIB (?C?STRCPY)
  C:\KEIL_V5\C51\LIB\C51L.LIB (STRLEN)
  C:\KEIL_V5\C51\LIB\C51L.LIB (?C?MEMSET)
  C:\KEIL_V5\C51\LIB\C51L.LIB (?C?CSTPTR)
BL51 BANKED LINKER/LOCATER V6.22                                                      09/12/2017  00:43:58  PAGE 2


  C:\KEIL_V5\C51\LIB\C51L.LIB (?C?PLDIDATA)
  C:\KEIL_V5\C51\LIB\C51L.LIB (?C?PLDXDATA)
  C:\KEIL_V5\C51\LIB\C51L.LIB (?C?PLDIXDATA)
  C:\KEIL_V5\C51\LIB\C51L.LIB (?C?PSTXDATA)
  C:\KEIL_V5\C51\LIB\C51L.LIB (?C?PLDPDATA)
  C:\KEIL_V5\C51\LIB\C51L.LIB (?C?PLDCODE)


LINK MAP OF MODULE:  .\Out\Objects\project (MAIN)


            TYPE    BASE      LENGTH    RELOCATION   SEGMENT NAME
            -----------------------------------------------------

            * * * * * * *   D A T A   M E M O R Y   * * * * * * *
            REG     0000H     0008H     ABSOLUTE     "REG BANK 0"
            DATA    0008H     0005H     UNIT         _DATA_GROUP_
            DATA    000DH     0002H     UNIT         ?C?LIB_DATA
            IDATA   000FH     0006H     UNIT         ?ID?APP_WORK
            IDATA   0015H     0005H     UNIT         ?ID?BSP_ADC
                    001AH     0006H                  *** GAP ***
            BIT     0020H.0   0001H.1   UNIT         _BIT_GROUP_
            BIT     0021H.1   0000H.1   UNIT         ?BI?BSP
                    0021H.2   0000H.6                *** GAP ***
            IDATA   0022H     007BH     UNIT         ?ID?BSP_KEY
            IDATA   009DH     0021H     UNIT         ?ID?APP_2D4
            IDATA   00BEH     0001H     UNIT         ?STACK

            * * * * * * *  X D A T A   M E M O R Y  * * * * * * *
            XDATA   0000H     0042H     UNIT         _XDATA_GROUP_
            XDATA   0042H     0013H     UNIT         ?XD?_RF_CARRIER?BSP_2D4
            XDATA   0055H     0012H     UNIT         ?XD?MAIN
            XDATA   0067H     0012H     UNIT         ?XD?APP_REPEAT_EXE
            XDATA   0079H     0010H     UNIT         ?XD?APP_2D4
            XDATA   0089H     0010H     UNIT         ?XD?APP_LCD
            XDATA   0099H     000BH     UNIT         ?XD?BSP_TIMER0
            XDATA   00A4H     0007H     UNIT         ?XD?BSP_KEY
            XDATA   00ABH     0005H     UNIT         ?XD?BSP_2D4
            XDATA   00B0H     0004H     UNIT         ?XD?_INITIALUART0_TIMER3_TYPE5?COMMON
            XDATA   00B4H     0004H     UNIT         ?XD?_INITIALUART0_TIMER3_TYPE6?COMMON
            XDATA   00B8H     0004H     UNIT         ?XD?_INITIALUART1_TIMER3?COMMON
            XDATA   00BCH     0004H     UNIT         ?XD?_TIMER0_DELAY1MS?DELAY
            XDATA   00C0H     0004H     UNIT         ?XD?_TIMER1_DELAY1MS?DELAY
            XDATA   00C4H     0004H     UNIT         ?XD?_TIMER3_DELAY1MS?DELAY
            XDATA   00C8H     0004H     UNIT         ?XD?_WAKEUP_TIMER_DELAY25MS?DELAY

            * * * * * * *   C O D E   M E M O R Y   * * * * * * *
            CODE    0000H     0003H     ABSOLUTE     
            CODE    0003H     0008H     UNIT         ?CO?APP_LCD
            CODE    000BH     0003H     ABSOLUTE     
            CODE    000EH     004DH     UNIT         ?PR?APP_2D4_PRO?APP_2D4
            CODE    005BH     0003H     ABSOLUTE     
            CODE    005EH     08FAH     UNIT         ?PR?_LCD_SHOWCHAR?BSP_DISPLAY
            CODE    0958H     074EH     UNIT         ?PR?_APP_2D4_RCV?APP_2D4
            CODE    10A6H     05C8H     UNIT         ?C?LIB_CODE
            CODE    166EH     044FH     UNIT         ?PR?_APP_KEY_PRO?APP_KEY
            CODE    1ABDH     0365H     UNIT         ?PR?PRINTF?PRINTF
BL51 BANKED LINKER/LOCATER V6.22                                                      09/12/2017  00:43:58  PAGE 3


            CODE    1E22H     0154H     UNIT         ?PR?_BSP_DETECTKEY?BSP_KEY
            CODE    1F76H     0145H     UNIT         ?PR?_SYSTEM_CLOCK_SELECT?COMMON
            CODE    20BBH     012EH     UNIT         ?PR?RF_INIT?BSP_2D4
            CODE    21E9H     0112H     UNIT         ?CO?VERSION
            CODE    22FBH     00E4H     UNIT         ?PR?_LCD_CLEAR_MI?BSP_DISPLAY
            CODE    23DFH     00E3H     UNIT         ?PR?_RF_CARRIER?BSP_2D4
            CODE    24C2H     00DFH     UNIT         ?CO?APP_2D4
            CODE    25A1H     00B5H     UNIT         ?PR?REPEAT_PRO?APP_REPEAT_EXE
            CODE    2656H     00B0H     UNIT         ?PR?BSP_INITKEYVAR?BSP_KEY
            CODE    2706H     00A2H     UNIT         ?PR?_LCD_SHOWSTRING?BSP_DISPLAY
            CODE    27A8H     009AH     UNIT         ?C_C51STARTUP
            CODE    2842H     008FH     UNIT         ?PR?MAIN?MAIN
            CODE    28D1H     0083H     UNIT         ?C_INITSEG
            CODE    2954H     0083H     UNIT         ?PR?_?RANDOM_DELAY?DELAY
            CODE    29D7H     0079H     UNIT         ?PR?TIMER0_ISR?BSP_TIMER0
            CODE    2A50H     0067H     UNIT         ?PR?_ISKEYDOWN?BSP_KEY
            CODE    2AB7H     0063H     UNIT         ?PR?_INITIALUART0_TIMER3_TYPE5?COMMON
            CODE    2B1AH     0063H     UNIT         ?PR?_INITIALUART0_TIMER3_TYPE6?COMMON
            CODE    2B7DH     0061H     UNIT         ?PR?_WAKEUP_TIMER_DELAY25MS?DELAY
            CODE    2BDEH     005FH     UNIT         ?PR?SHOW_FW_VERSION_NUMBER_TO_PC?VERSION
            CODE    2C3DH     005DH     UNIT         ?PR?_INITIALUART1_TIMER3?COMMON
            CODE    2C9AH     005CH     UNIT         ?PR?ADC_ISR?MAIN
            CODE    2CF6H     005BH     UNIT         ?PR?_TIMER3_DELAY1MS?DELAY
            CODE    2D51H     0059H     UNIT         ?PR?_TIMER0_DELAY1MS?DELAY
            CODE    2DAAH     0059H     UNIT         ?PR?_TIMER1_DELAY1MS?DELAY
            CODE    2E03H     0051H     UNIT         ?PR?_APP_2D4_SEND?APP_2D4
            CODE    2E54H     0043H     UNIT         ?PR?_RF_WRITEBUF?BSP_2D4
            CODE    2E97H     0043H     UNIT         ?PR?_RF_TXDATA?BSP_2D4
            CODE    2EDAH     003FH     UNIT         ?PR?_RF_READBUF?BSP_2D4
            CODE    2F19H     003DH     UNIT         ?PR?VOL_RESP?APP_2D4
            CODE    2F56H     003DH     UNIT         ?PR?_PUTCHAR?COMMON
            CODE    2F93H     0036H     UNIT         ?PR?LCD_DISPLAY_INITHARD?BSP_DISPLAY
            CODE    2FC9H     0033H     UNIT         ?PR?ADC_INIT?BSP_ADC
            CODE    2FFCH     0032H     UNIT         ?PR?_REPEAT_START?APP_REPEAT_EXE
            CODE    302EH     0032H     UNIT         ?PR?USB_TRACK_SHOW_LCD_RESP?APP_2D4
            CODE    3060H     0030H     UNIT         ?PR?FM_STATION_SHOW_LCD_RESP?APP_2D4
            CODE    3090H     002AH     UNIT         ?PR?_INITIALUART0_TIMER1_TYPE3?COMMON
            CODE    30BAH     002AH     UNIT         ?PR?_INITIALUART0_TIMER1_TYPE4?COMMON
            CODE    30E4H     0029H     UNIT         ?PR?_UCRF_DUMPRXDATA?BSP_2D4
            CODE    310DH     0029H     UNIT         ?PR?_INITIALUART0_TIMER1_TYPE1?COMMON
            CODE    3136H     0028H     UNIT         ?PR?_INITIALUART0_TIMER1_TYPE2?COMMON
            CODE    315EH     0026H     UNIT         ?PR?TIMER0_PARAMINIT?BSP_TIMER0
            CODE    3184H     0026H     UNIT         ?PR?RF_RXMODE?BSP_2D4
            CODE    31AAH     0025H     UNIT         ?PR?APP_2D4_INIT?APP_2D4
            CODE    31CFH     0024H     UNIT         ?PR?_BSP_SETKEYPARAM?BSP_KEY
            CODE    31F3H     0024H     UNIT         ?CO?BSP_2D4
            CODE    3217H     0023H     UNIT         ?PR?TIMER0_INITHARD?BSP_TIMER0
            CODE    323AH     0023H     UNIT         ?PR?_SPI_WR?BSP_2D4
            CODE    325DH     0021H     UNIT         ?PR?_APP_LCD_DEFAULT_STRING_SET?APP_LCD
            CODE    327EH     0021H     UNIT         ?PR?ADC_START?BSP_ADC
            CODE    329FH     0021H     UNIT         ?PR?_DELAY10US?DELAY
            CODE    32C0H     0020H     UNIT         ?PR?SET_ALL_GPIO_INPUT_MODE?COMMON
            CODE    32E0H     001DH     UNIT         ?PR?_SPI_WW?BSP_2D4
            CODE    32FDH     001CH     UNIT         ?PR?BSP_GETKEY?BSP_KEY
            CODE    3319H     001CH     UNIT         ?PR?BSP_GETKEY2?BSP_KEY
            CODE    3335H     001BH     UNIT         ?PR?BSP_INIT?BSP
            CODE    3350H     001BH     UNIT         ?PR?BSP_KEYSCAN?BSP_KEY
BL51 BANKED LINKER/LOCATER V6.22                                                      09/12/2017  00:43:58  PAGE 4


            CODE    336BH     001AH     UNIT         ?PR?SET_ALL_GPIO_QUASI_MODE?COMMON
            CODE    3385H     001AH     UNIT         ?PR?SW_RESET?COMMON
            CODE    339FH     0019H     UNIT         ?PR?UCSPI_READ?BSP_2D4
            CODE    33B8H     0018H     UNIT         ?PR?APP_LCD_INIT?APP_LCD
            CODE    33D0H     0016H     UNIT         ?PR?SPEAKER_STATUS_RESP?APP_2D4
            CODE    33E6H     0016H     UNIT         ?PR?RELAY_STATUS_RESP?APP_2D4
            CODE    33FCH     0015H     UNIT         ?PR?_STRLEN?STRLEN
            CODE    3411H     0014H     UNIT         ?PR?REPEAT_STOP?APP_REPEAT_EXE
            CODE    3425H     0014H     UNIT         ?PR?_BSP_PUTKEY?BSP_KEY
            CODE    3439H     0013H     UNIT         ?PR?WIRELESS2D4_INITHARD?BSP_2D4
            CODE    344CH     0013H     UNIT         ?PR?_RF_WRITEREG?BSP_2D4
            CODE    345FH     0013H     UNIT         ?PR?_UCRF_READREG?BSP_2D4
            CODE    3472H     0012H     UNIT         ?PR?FM_SCANNING_SHOW_LCD_RESP?APP_2D4
            CODE    3484H     0012H     UNIT         ?PR?ISKEYDOWN_1AND6?BSP_KEY
            CODE    3496H     0010H     UNIT         ?PR?REPEAT_START_EXE?APP_REPEAT_EXE
            CODE    34A6H     0010H     UNIT         ?PR?REPEAT_STOP_EXE?APP_REPEAT_EXE
            CODE    34B6H     000FH     UNIT         ?PR?CLEAR_LCD_RESP?APP_2D4
            CODE    34C5H     000FH     UNIT         ?PR?USB_PAUSE_SHOW_LCD_RESP?APP_2D4
            CODE    34D4H     000FH     UNIT         ?PR?BT_NEXT_SHOW_LCD_RESP?APP_2D4
            CODE    34E3H     000FH     UNIT         ?PR?BT_PREV_SHOW_LCD_RESP?APP_2D4
            CODE    34F2H     000FH     UNIT         ?PR?LED_SHOW_BLINK_NAME_SHOW_LCD_RESP?APP_2D4
            CODE    3501H     000FH     UNIT         ?PR?LED_CLEAR_BLINK_NAME_SHOW_LCD_RESP?APP_2D4
            CODE    3510H     000FH     UNIT         ?PR?APP_LCD_PRO?APP_LCD
            CODE    351FH     000FH     UNIT         ?PR?ISKEYDOWN2?BSP_KEY
            CODE    352EH     000FH     UNIT         ?PR?ISKEYDOWN3?BSP_KEY
            CODE    353DH     000FH     UNIT         ?PR?ISKEYDOWN4?BSP_KEY
            CODE    354CH     000FH     UNIT         ?PR?ISKEYDOWN8?BSP_KEY
            CODE    355BH     000FH     UNIT         ?PR?ISKEYDOWN9?BSP_KEY
            CODE    356AH     000FH     UNIT         ?PR?RF_TXMODE?BSP_2D4
            CODE    3579H     000EH     UNIT         ?PR?ISKEYDOWN5?BSP_KEY
            CODE    3587H     000EH     UNIT         ?PR?_RF_SETCHANNEL?BSP_2D4
            CODE    3595H     000DH     UNIT         ?PR?LCD_CLEAR_ALL?BSP_DISPLAY
            CODE    35A2H     000DH     UNIT         ?PR?LCD_CLEAR_MI_ALL?BSP_DISPLAY
            CODE    35AFH     000CH     UNIT         ?PR?_REPEAT_SETSTART?APP_REPEAT_EXE
            CODE    35BBH     000CH     UNIT         ?PR?_REPEAT_SETSTOP?APP_REPEAT_EXE
            CODE    35C7H     000CH     UNIT         ?PR?RF_CLEARFIFO?BSP_2D4
            CODE    35D3H     000BH     UNIT         ?PR?_BSP_GETKEYSTATE?BSP_KEY
            CODE    35DEH     000AH     UNIT         ?PR?APP_REPEAT_ISENABLE?APP_REPEAT_EXE
            CODE    35E8H     000AH     UNIT         ?PR?UCRF_GETSTATUS?BSP_2D4
            CODE    35F2H     0009H     UNIT         ?PR?BT_PAUSE_SHOW_LCD_RESP?APP_2D4
            CODE    35FBH     0009H     UNIT         ?PR?BT_PLAY_SHOW_LCD_RESP?APP_2D4
            CODE    3604H     0009H     UNIT         ?PR?AUX_MUTE_SHOW_LCD_RESP?APP_2D4
            CODE    360DH     0009H     UNIT         ?PR?AUX_PLAY_SHOW_LCD_RESP?APP_2D4
            CODE    3616H     0009H     UNIT         ?PR?ISKEYDOWN1?BSP_KEY
            CODE    361FH     0009H     UNIT         ?PR?KEY_BRIGHT_INITHARD?BSP_KEYBRIGHT
            CODE    3628H     0009H     UNIT         ?PR?LCD_BRIGHT_INITHARD?BSP_LCDBRIGHT
            CODE    3631H     0008H     UNIT         ?PR?RECEIVE_DATA_FROM_UART0?COMMON
            CODE    3639H     0008H     UNIT         ?PR?_SEND_DATA_TO_UART0?COMMON
            CODE    3641H     0008H     UNIT         ?PR?RECEIVE_DATA_FROM_UART1?COMMON
            CODE    3649H     0008H     UNIT         ?PR?_SEND_DATA_TO_UART1?COMMON
            CODE    3651H     0007H     UNIT         ?CO?MAIN
            CODE    3658H     0007H     UNIT         ?PR?BSP_INITKEYHARD?BSP_KEY
            CODE    365FH     0007H     UNIT         ?PR?LCD_CLEAR_LED_ICO?BSP_DISPLAY
            CODE    3666H     0007H     UNIT         ?PR?LCD_SHOW_LED_ICO?BSP_DISPLAY
            CODE    366DH     0007H     UNIT         ?PR?LCD_CLEAR_FM_ICO?BSP_DISPLAY
            CODE    3674H     0007H     UNIT         ?PR?LCD_SHOW_FM_ICO?BSP_DISPLAY
            CODE    367BH     0007H     UNIT         ?PR?LCD_CLEAR_BLUETOOTH_ICO?BSP_DISPLAY
BL51 BANKED LINKER/LOCATER V6.22                                                      09/12/2017  00:43:58  PAGE 5


            CODE    3682H     0007H     UNIT         ?PR?LCD_SHOW_BLUETOOTH_ICO?BSP_DISPLAY
            CODE    3689H     0007H     UNIT         ?PR?LCD_CLEAR_AUX_ICO?BSP_DISPLAY
            CODE    3690H     0007H     UNIT         ?PR?LCD_SHOW_AUX_ICO?BSP_DISPLAY
            CODE    3697H     0007H     UNIT         ?PR?LCD_CLEAR_USB_ICO?BSP_DISPLAY
            CODE    369EH     0007H     UNIT         ?PR?LCD_SHOW_USB_ICO?BSP_DISPLAY
            CODE    36A5H     0007H     UNIT         ?PR?LCD_CLEAR_MHZ_ICO?BSP_DISPLAY
            CODE    36ACH     0007H     UNIT         ?PR?LCD_SHOW_MHZ_ICO?BSP_DISPLAY
            CODE    36B3H     0007H     UNIT         ?PR?LCD_CLEAR_BAZOOKA_ICO?BSP_DISPLAY
            CODE    36BAH     0007H     UNIT         ?PR?LCD_SHOW_BAZOOKA_ICO?BSP_DISPLAY
            CODE    36C1H     0007H     UNIT         ?PR?LCD_CLEAR_UPCOLON_ICO?BSP_DISPLAY
            CODE    36C8H     0007H     UNIT         ?PR?LCD_SHOW_UPCOLON_ICO?BSP_DISPLAY
            CODE    36CFH     0007H     UNIT         ?PR?LCD_CLEAR_DOWNCOLON_ICO?BSP_DISPLAY
            CODE    36D6H     0007H     UNIT         ?PR?LCD_SHOW_DOWNCOLON_ICO?BSP_DISPLAY
            CODE    36DDH     0007H     UNIT         ?PR?RF_CLEARSTATUS?BSP_2D4
            CODE    36E4H     0006H     UNIT         ?PR?ISKEYDOWN6?BSP_KEY
            CODE    36EAH     0006H     UNIT         ?PR?ISKEYDOWN7?BSP_KEY
            CODE    36F0H     0006H     UNIT         ?PR?BSP_INITKEY?BSP_KEY
            CODE    36F6H     0006H     UNIT         ?PR?BSP_CLEARKEY?BSP_KEY
            CODE    36FCH     0006H     UNIT         ?PR?LCD_CLEAR_COLON_ICO?BSP_DISPLAY
            CODE    3702H     0006H     UNIT         ?PR?LCD_SHOW_COLON_ICO?BSP_DISPLAY
            CODE    3708H     0006H     UNIT         ?PR?UCRF_GETRSSI?BSP_2D4
            CODE    370EH     0004H     UNIT         ?PR?FSYS_CLOCK_OUTPUT_ON_P26?COMMON
            CODE    3712H     0003H     UNIT         ?PR?APP_WORK_INIT?APP_WORK
            CODE    3715H     0003H     UNIT         ?PR?KEY_BRIGHT_OFF?BSP_KEYBRIGHT
            CODE    3718H     0003H     UNIT         ?PR?KEY_BRIGHT_ON?BSP_KEYBRIGHT
            CODE    371BH     0003H     UNIT         ?PR?KEY_BRIGHT_TOGGLE?BSP_KEYBRIGHT
            CODE    371EH     0003H     UNIT         ?PR?LCD_BRIGHT_OFF?BSP_LCDBRIGHT
            CODE    3721H     0003H     UNIT         ?PR?LCD_BRIGHT_ON?BSP_LCDBRIGHT
            CODE    3724H     0001H     UNIT         ?PR?APP_WORK_1S_PRO?APP_WORK
            CODE    3725H     0001H     UNIT         ?PR?APP_WORK_100MS_PRO?APP_WORK
            CODE    3726H     0001H     UNIT         ?PR?APP_WORK_PRO?APP_WORK
            CODE    3727H     0001H     UNIT         ?PR?SPI_INIT?BSP_2D4



OVERLAY MAP OF MODULE:   .\Out\Objects\project (MAIN)


SEGMENT                                             BIT_GROUP          DATA_GROUP          XDATA_GROUP
  +--> CALLED SEGMENT                            START    LENGTH     START    LENGTH     START    LENGTH
--------------------------------------------------------------------------------------------------------
?C_C51STARTUP                                    -----    -----      -----    -----      -----    -----
  +--> ?PR?MAIN?MAIN
  +--> ?C_INITSEG

?PR?MAIN?MAIN                                    -----    -----      -----    -----      0000H    0002H
  +--> ?PR?_SYSTEM_CLOCK_SELECT?COMMON
  +--> ?PR?BSP_INIT?BSP
  +--> ?PR?APP_2D4_INIT?APP_2D4
  +--> ?PR?APP_LCD_INIT?APP_LCD
  +--> ?PR?APP_WORK_INIT?APP_WORK
  +--> ?PR?ADC_START?BSP_ADC
  +--> ?PR?BSP_KEYSCAN?BSP_KEY
  +--> ?PR?REPEAT_PRO?APP_REPEAT_EXE
  +--> ?PR?APP_LCD_PRO?APP_LCD
  +--> ?CO?MAIN
  +--> ?PR?PRINTF?PRINTF
BL51 BANKED LINKER/LOCATER V6.22                                                      09/12/2017  00:43:58  PAGE 6


  +--> ?PR?APP_2D4_PRO?APP_2D4
  +--> ?PR?BSP_GETKEY?BSP_KEY
  +--> ?PR?_APP_KEY_PRO?APP_KEY

?PR?BSP_INIT?BSP                                 -----    -----      -----    -----      -----    -----
  +--> ?PR?SET_ALL_GPIO_INPUT_MODE?COMMON
  +--> ?PR?LCD_DISPLAY_INITHARD?BSP_DISPLAY
  +--> ?PR?ADC_INIT?BSP_ADC
  +--> ?PR?BSP_INITKEY?BSP_KEY
  +--> ?PR?KEY_BRIGHT_INITHARD?BSP_KEYBRIGHT
  +--> ?PR?TIMER0_INITHARD?BSP_TIMER0
  +--> ?PR?WIRELESS2D4_INITHARD?BSP_2D4
  +--> ?PR?LCD_BRIGHT_INITHARD?BSP_LCDBRIGHT

?PR?LCD_DISPLAY_INITHARD?BSP_DISPLAY             -----    -----      -----    -----      -----    -----
  +--> ?PR?LCD_CLEAR_ALL?BSP_DISPLAY

?PR?BSP_INITKEY?BSP_KEY                          -----    -----      -----    -----      -----    -----
  +--> ?PR?BSP_INITKEYVAR?BSP_KEY
  +--> ?PR?BSP_INITKEYHARD?BSP_KEY

?PR?BSP_INITKEYVAR?BSP_KEY                       -----    -----      -----    -----      -----    -----
  +--> ?PR?ISKEYDOWN1?BSP_KEY
  +--> ?PR?ISKEYDOWN2?BSP_KEY
  +--> ?PR?ISKEYDOWN3?BSP_KEY
  +--> ?PR?ISKEYDOWN4?BSP_KEY
  +--> ?PR?ISKEYDOWN5?BSP_KEY
  +--> ?PR?ISKEYDOWN6?BSP_KEY
  +--> ?PR?ISKEYDOWN7?BSP_KEY
  +--> ?PR?ISKEYDOWN8?BSP_KEY
  +--> ?PR?ISKEYDOWN9?BSP_KEY
  +--> ?PR?ISKEYDOWN_1AND6?BSP_KEY

?PR?ISKEYDOWN2?BSP_KEY                           -----    -----      -----    -----      -----    -----
  +--> ?PR?_ISKEYDOWN?BSP_KEY

?PR?ISKEYDOWN3?BSP_KEY                           -----    -----      -----    -----      -----    -----
  +--> ?PR?_ISKEYDOWN?BSP_KEY

?PR?ISKEYDOWN4?BSP_KEY                           -----    -----      -----    -----      -----    -----
  +--> ?PR?_ISKEYDOWN?BSP_KEY

?PR?ISKEYDOWN5?BSP_KEY                           -----    -----      -----    -----      -----    -----
  +--> ?PR?_ISKEYDOWN?BSP_KEY

?PR?ISKEYDOWN6?BSP_KEY                           -----    -----      -----    -----      -----    -----
  +--> ?PR?_ISKEYDOWN?BSP_KEY

?PR?ISKEYDOWN7?BSP_KEY                           -----    -----      -----    -----      -----    -----
  +--> ?PR?_ISKEYDOWN?BSP_KEY

?PR?ISKEYDOWN8?BSP_KEY                           -----    -----      -----    -----      -----    -----
  +--> ?PR?_ISKEYDOWN?BSP_KEY

?PR?ISKEYDOWN9?BSP_KEY                           -----    -----      -----    -----      -----    -----
  +--> ?PR?_ISKEYDOWN?BSP_KEY

BL51 BANKED LINKER/LOCATER V6.22                                                      09/12/2017  00:43:58  PAGE 7


?PR?ISKEYDOWN_1AND6?BSP_KEY                      -----    -----      -----    -----      -----    -----
  +--> ?PR?ISKEYDOWN1?BSP_KEY
  +--> ?PR?ISKEYDOWN6?BSP_KEY

?PR?KEY_BRIGHT_INITHARD?BSP_KEYBRIGHT            -----    -----      -----    -----      -----    -----
  +--> ?PR?KEY_BRIGHT_OFF?BSP_KEYBRIGHT

?PR?TIMER0_INITHARD?BSP_TIMER0                   -----    -----      -----    -----      -----    -----
  +--> ?PR?TIMER0_PARAMINIT?BSP_TIMER0

?PR?LCD_BRIGHT_INITHARD?BSP_LCDBRIGHT            -----    -----      -----    -----      -----    -----
  +--> ?PR?LCD_BRIGHT_ON?BSP_LCDBRIGHT

?PR?APP_2D4_INIT?APP_2D4                         -----    -----      -----    -----      -----    -----
  +--> ?PR?RF_INIT?BSP_2D4
  +--> ?PR?RF_RXMODE?BSP_2D4

?PR?RF_INIT?BSP_2D4                              -----    -----      -----    -----      0002H    0012H
  +--> ?CO?BSP_2D4
  +--> ?PR?SPI_INIT?BSP_2D4
  +--> ?PR?_RF_WRITEREG?BSP_2D4
  +--> ?PR?_RF_WRITEBUF?BSP_2D4

?PR?_RF_WRITEREG?BSP_2D4                         -----    -----      -----    -----      -----    -----
  +--> ?PR?_SPI_WW?BSP_2D4

?PR?_RF_WRITEBUF?BSP_2D4                         -----    -----      -----    -----      0014H    0005H
  +--> ?PR?_SPI_WW?BSP_2D4

?PR?RF_RXMODE?BSP_2D4                            -----    -----      -----    -----      -----    -----
  +--> ?PR?_RF_WRITEREG?BSP_2D4

?PR?APP_LCD_INIT?APP_LCD                         -----    -----      -----    -----      -----    -----
  +--> ?CO?APP_LCD
  +--> ?PR?_STRLEN?STRLEN

?PR?APP_WORK_INIT?APP_WORK                       -----    -----      -----    -----      -----    -----
  +--> ?PR?LCD_SHOW_BAZOOKA_ICO?BSP_DISPLAY

?PR?BSP_KEYSCAN?BSP_KEY                          -----    -----      -----    -----      0002H    0001H
  +--> ?PR?_BSP_DETECTKEY?BSP_KEY

?PR?_BSP_DETECTKEY?BSP_KEY                       -----    -----      -----    -----      0003H    0001H
  +--> ?PR?_BSP_PUTKEY?BSP_KEY

?PR?REPEAT_PRO?APP_REPEAT_EXE                    -----    -----      -----    -----      -----    -----
  +--> ?PR?REPEAT_STOP_EXE?APP_REPEAT_EXE
  +--> ?PR?REPEAT_START_EXE?APP_REPEAT_EXE

?PR?APP_LCD_PRO?APP_LCD                          -----    -----      -----    -----      -----    -----
  +--> ?PR?APP_REPEAT_ISENABLE?APP_REPEAT_EXE
  +--> ?PR?_LCD_SHOWSTRING?BSP_DISPLAY

?PR?_LCD_SHOWSTRING?BSP_DISPLAY                  0020H.0  0000H.1    -----    -----      001AH    0004H
  +--> ?PR?_STRLEN?STRLEN
  +--> ?PR?_LCD_SHOWCHAR?BSP_DISPLAY

BL51 BANKED LINKER/LOCATER V6.22                                                      09/12/2017  00:43:58  PAGE 8


?PR?_LCD_SHOWCHAR?BSP_DISPLAY                    -----    -----      -----    -----      -----    -----
  +--> ?PR?_LCD_CLEAR_MI?BSP_DISPLAY

?PR?PRINTF?PRINTF                                0020H.0  0001H.1    0008H    0005H      001AH    0028H
  +--> ?PR?_PUTCHAR?COMMON

?PR?APP_2D4_PRO?APP_2D4                          -----    -----      -----    -----      -----    -----
  +--> ?PR?UCRF_GETSTATUS?BSP_2D4
  +--> ?PR?RF_CLEARFIFO?BSP_2D4
  +--> ?PR?RF_CLEARSTATUS?BSP_2D4
  +--> ?PR?RF_RXMODE?BSP_2D4
  +--> ?PR?_RF_TXDATA?BSP_2D4
  +--> ?PR?_UCRF_DUMPRXDATA?BSP_2D4
  +--> ?PR?_APP_2D4_RCV?APP_2D4

?PR?UCRF_GETSTATUS?BSP_2D4                       -----    -----      -----    -----      -----    -----
  +--> ?PR?_UCRF_READREG?BSP_2D4

?PR?_UCRF_READREG?BSP_2D4                        -----    -----      -----    -----      -----    -----
  +--> ?PR?_SPI_WR?BSP_2D4
  +--> ?PR?UCSPI_READ?BSP_2D4

?PR?RF_CLEARFIFO?BSP_2D4                         -----    -----      -----    -----      -----    -----
  +--> ?PR?_RF_WRITEREG?BSP_2D4

?PR?RF_CLEARSTATUS?BSP_2D4                       -----    -----      -----    -----      -----    -----
  +--> ?PR?_RF_WRITEREG?BSP_2D4

?PR?_RF_TXDATA?BSP_2D4                           -----    -----      -----    -----      0002H    0002H
  +--> ?PR?UCRF_GETSTATUS?BSP_2D4
  +--> ?PR?_RF_WRITEBUF?BSP_2D4
  +--> ?PR?_RF_WRITEREG?BSP_2D4

?PR?_UCRF_DUMPRXDATA?BSP_2D4                     -----    -----      -----    -----      -----    -----
  +--> ?PR?UCRF_GETSTATUS?BSP_2D4
  +--> ?PR?_RF_WRITEREG?BSP_2D4
  +--> ?PR?_RF_READBUF?BSP_2D4
  +--> ?PR?RF_CLEARFIFO?BSP_2D4
  +--> ?PR?RF_CLEARSTATUS?BSP_2D4

?PR?_RF_READBUF?BSP_2D4                          -----    -----      -----    -----      0002H    0005H
  +--> ?PR?_SPI_WR?BSP_2D4
  +--> ?PR?UCSPI_READ?BSP_2D4

?PR?_APP_2D4_RCV?APP_2D4                         -----    -----      -----    -----      0002H    0008H
  +--> ?PR?KEY_BRIGHT_TOGGLE?BSP_KEYBRIGHT
  +--> ?PR?SPEAKER_STATUS_RESP?APP_2D4
  +--> ?PR?RELAY_STATUS_RESP?APP_2D4
  +--> ?PR?BT_PREV_SHOW_LCD_RESP?APP_2D4
  +--> ?PR?FM_STATION_SHOW_LCD_RESP?APP_2D4
  +--> ?PR?USB_TRACK_SHOW_LCD_RESP?APP_2D4
  +--> ?PR?BT_NEXT_SHOW_LCD_RESP?APP_2D4
  +--> ?PR?VOL_RESP?APP_2D4
  +--> ?PR?BT_PLAY_SHOW_LCD_RESP?APP_2D4
  +--> ?PR?_REPEAT_SETSTART?APP_REPEAT_EXE
  +--> ?PR?_REPEAT_SETSTOP?APP_REPEAT_EXE
  +--> ?PR?BT_PAUSE_SHOW_LCD_RESP?APP_2D4
BL51 BANKED LINKER/LOCATER V6.22                                                      09/12/2017  00:43:58  PAGE 9


  +--> ?PR?FM_SCANNING_SHOW_LCD_RESP?APP_2D4
  +--> ?PR?AUX_PLAY_SHOW_LCD_RESP?APP_2D4
  +--> ?PR?CLEAR_LCD_RESP?APP_2D4
  +--> ?PR?AUX_MUTE_SHOW_LCD_RESP?APP_2D4
  +--> ?PR?USB_PAUSE_SHOW_LCD_RESP?APP_2D4
  +--> ?PR?LED_SHOW_BLINK_NAME_SHOW_LCD_RESP...
  +--> ?PR?LED_CLEAR_BLINK_NAME_SHOW_LCD_RES...
  +--> ?PR?_APP_LCD_DEFAULT_STRING_SET?APP_LCD
  +--> ?PR?_REPEAT_START?APP_REPEAT_EXE
  +--> ?PR?LCD_CLEAR_MHZ_ICO?BSP_DISPLAY
  +--> ?PR?LCD_CLEAR_UPCOLON_ICO?BSP_DISPLAY
  +--> ?PR?LCD_CLEAR_DOWNCOLON_ICO?BSP_DISPLAY
  +--> ?PR?LCD_CLEAR_BLUETOOTH_ICO?BSP_DISPLAY
  +--> ?PR?LCD_CLEAR_FM_ICO?BSP_DISPLAY
  +--> ?PR?LCD_CLEAR_AUX_ICO?BSP_DISPLAY
  +--> ?PR?LCD_CLEAR_USB_ICO?BSP_DISPLAY
  +--> ?PR?LCD_SHOW_BLUETOOTH_ICO?BSP_DISPLAY
  +--> ?CO?APP_2D4
  +--> ?PR?_STRLEN?STRLEN
  +--> ?PR?LCD_SHOW_FM_ICO?BSP_DISPLAY
  +--> ?PR?LCD_SHOW_MHZ_ICO?BSP_DISPLAY
  +--> ?PR?PRINTF?PRINTF
  +--> ?PR?LCD_SHOW_AUX_ICO?BSP_DISPLAY
  +--> ?PR?LCD_SHOW_USB_ICO?BSP_DISPLAY

?PR?SPEAKER_STATUS_RESP?APP_2D4                  -----    -----      -----    -----      -----    -----
  +--> ?CO?APP_2D4
  +--> ?PR?_LCD_SHOWSTRING?BSP_DISPLAY

?PR?RELAY_STATUS_RESP?APP_2D4                    -----    -----      -----    -----      -----    -----
  +--> ?CO?APP_2D4
  +--> ?PR?_LCD_SHOWSTRING?BSP_DISPLAY

?PR?BT_PREV_SHOW_LCD_RESP?APP_2D4                -----    -----      -----    -----      -----    -----
  +--> ?CO?APP_2D4
  +--> ?PR?_LCD_SHOWSTRING?BSP_DISPLAY
  +--> ?PR?LCD_CLEAR_UPCOLON_ICO?BSP_DISPLAY
  +--> ?PR?LCD_CLEAR_DOWNCOLON_ICO?BSP_DISPLAY

?PR?FM_STATION_SHOW_LCD_RESP?APP_2D4             -----    -----      -----    -----      -----    -----
  +--> ?CO?APP_2D4
  +--> ?PR?PRINTF?PRINTF
  +--> ?PR?_LCD_SHOWSTRING?BSP_DISPLAY
  +--> ?PR?LCD_CLEAR_UPCOLON_ICO?BSP_DISPLAY
  +--> ?PR?LCD_SHOW_DOWNCOLON_ICO?BSP_DISPLAY

?PR?USB_TRACK_SHOW_LCD_RESP?APP_2D4              -----    -----      -----    -----      -----    -----
  +--> ?CO?APP_2D4
  +--> ?PR?PRINTF?PRINTF
  +--> ?PR?_LCD_SHOWSTRING?BSP_DISPLAY
  +--> ?PR?LCD_CLEAR_UPCOLON_ICO?BSP_DISPLAY
  +--> ?PR?LCD_CLEAR_DOWNCOLON_ICO?BSP_DISPLAY

?PR?BT_NEXT_SHOW_LCD_RESP?APP_2D4                -----    -----      -----    -----      -----    -----
  +--> ?CO?APP_2D4
  +--> ?PR?_LCD_SHOWSTRING?BSP_DISPLAY
  +--> ?PR?LCD_CLEAR_UPCOLON_ICO?BSP_DISPLAY
BL51 BANKED LINKER/LOCATER V6.22                                                      09/12/2017  00:43:58  PAGE 10


  +--> ?PR?LCD_CLEAR_DOWNCOLON_ICO?BSP_DISPLAY

?PR?VOL_RESP?APP_2D4                             -----    -----      -----    -----      000AH    0010H
  +--> ?CO?APP_2D4
  +--> ?PR?PRINTF?PRINTF
  +--> ?PR?_LCD_SHOWSTRING?BSP_DISPLAY

?PR?BT_PLAY_SHOW_LCD_RESP?APP_2D4                -----    -----      -----    -----      -----    -----
  +--> ?CO?APP_2D4
  +--> ?PR?_LCD_SHOWSTRING?BSP_DISPLAY

?PR?BT_PAUSE_SHOW_LCD_RESP?APP_2D4               -----    -----      -----    -----      -----    -----
  +--> ?CO?APP_2D4
  +--> ?PR?_LCD_SHOWSTRING?BSP_DISPLAY

?PR?FM_SCANNING_SHOW_LCD_RESP?APP_2D4            -----    -----      -----    -----      -----    -----
  +--> ?CO?APP_2D4
  +--> ?PR?_LCD_SHOWSTRING?BSP_DISPLAY
  +--> ?PR?LCD_CLEAR_UPCOLON_ICO?BSP_DISPLAY
  +--> ?PR?LCD_CLEAR_DOWNCOLON_ICO?BSP_DISPLAY
  +--> ?PR?LCD_CLEAR_MHZ_ICO?BSP_DISPLAY

?PR?AUX_PLAY_SHOW_LCD_RESP?APP_2D4               -----    -----      -----    -----      -----    -----
  +--> ?CO?APP_2D4
  +--> ?PR?_LCD_SHOWSTRING?BSP_DISPLAY

?PR?CLEAR_LCD_RESP?APP_2D4                       -----    -----      -----    -----      -----    -----
  +--> ?CO?APP_2D4
  +--> ?PR?_LCD_SHOWSTRING?BSP_DISPLAY
  +--> ?PR?LCD_CLEAR_UPCOLON_ICO?BSP_DISPLAY
  +--> ?PR?LCD_CLEAR_DOWNCOLON_ICO?BSP_DISPLAY

?PR?AUX_MUTE_SHOW_LCD_RESP?APP_2D4               -----    -----      -----    -----      -----    -----
  +--> ?CO?APP_2D4
  +--> ?PR?_LCD_SHOWSTRING?BSP_DISPLAY

?PR?USB_PAUSE_SHOW_LCD_RESP?APP_2D4              -----    -----      -----    -----      -----    -----
  +--> ?CO?APP_2D4
  +--> ?PR?_LCD_SHOWSTRING?BSP_DISPLAY
  +--> ?PR?LCD_CLEAR_UPCOLON_ICO?BSP_DISPLAY
  +--> ?PR?LCD_CLEAR_DOWNCOLON_ICO?BSP_DISPLAY

?PR?LED_SHOW_BLINK_NAME_SHOW_LCD_RESP...         -----    -----      -----    -----      -----    -----
  +--> ?PR?_LCD_SHOWSTRING?BSP_DISPLAY
  +--> ?PR?LCD_CLEAR_UPCOLON_ICO?BSP_DISPLAY
  +--> ?PR?LCD_CLEAR_DOWNCOLON_ICO?BSP_DISPLAY

?PR?LED_CLEAR_BLINK_NAME_SHOW_LCD_RES...         -----    -----      -----    -----      -----    -----
  +--> ?CO?APP_2D4
  +--> ?PR?_LCD_SHOWSTRING?BSP_DISPLAY
  +--> ?PR?LCD_CLEAR_UPCOLON_ICO?BSP_DISPLAY
  +--> ?PR?LCD_CLEAR_DOWNCOLON_ICO?BSP_DISPLAY

?PR?_APP_LCD_DEFAULT_STRING_SET?APP_LCD          -----    -----      -----    -----      000AH    0001H

?PR?_REPEAT_START?APP_REPEAT_EXE                 -----    -----      -----    -----      -----    -----
  +--> ?PR?REPEAT_START_EXE?APP_REPEAT_EXE
BL51 BANKED LINKER/LOCATER V6.22                                                      09/12/2017  00:43:58  PAGE 11



?PR?_APP_KEY_PRO?APP_KEY                         -----    -----      -----    -----      0002H    0003H
  +--> ?PR?_APP_2D4_SEND?APP_2D4

?PR?_APP_2D4_SEND?APP_2D4                        -----    -----      -----    -----      0005H    0004H
  +--> ?PR?RF_TXMODE?BSP_2D4

?PR?RF_TXMODE?BSP_2D4                            -----    -----      -----    -----      -----    -----
  +--> ?PR?_RF_WRITEREG?BSP_2D4



SYMBOL TABLE OF MODULE:  .\Out\Objects\project (MAIN)

  VALUE           TYPE          NAME
  ----------------------------------

  -------         MODULE        MAIN
  C:0000H         SYMBOL        _ICE_DUMMY_
  D:0080H         PUBLIC        P0
  D:0090H         PUBLIC        P1
  D:00A0H         PUBLIC        P2
  D:00B0H         PUBLIC        P3
  D:00D8H         PUBLIC        P5
  D:00A8H         PUBLIC        IE
  B:00E8H.7       PUBLIC        ADCF
  C:2C9AH         PUBLIC        ADC_ISR
  D:00B8H         PUBLIC        IP
  C:2842H         PUBLIC        main
  D:0098H         PUBLIC        SCON
  D:0088H         PUBLIC        TCON
  D:00F8H         PUBLIC        SCON_1
  D:00E8H         PUBLIC        ADCCON0
  D:00C0H         PUBLIC        I2CON
  D:00C3H         PUBLIC        ADCRH
  X:0057H         SYMBOL        ss
  D:00C8H         PUBLIC        T2CON
  D:00C2H         PUBLIC        ADCRL
  D:00D0H         PUBLIC        PSW
  -------         PROC          ADC_ISR
  C:2C9AH         LINE#         8
  C:2CABH         LINE#         9
  C:2CABH         LINE#         11
  C:2CADH         LINE#         13
  C:2CBDH         LINE#         14
  C:2CD9H         LINE#         15
  C:2CE7H         LINE#         17
  -------         ENDPROC       ADC_ISR
  -------         PROC          MAIN
  -------         DO            
  X:0000H         SYMBOL        ucKeyCode
  -------         DO            
  X:0001H         SYMBOL        i
  X:0055H         SYMBOL        n
  X:0056H         SYMBOL        cnt
  -------         ENDDO         
  -------         DO            
BL51 BANKED LINKER/LOCATER V6.22                                                      09/12/2017  00:43:58  PAGE 12


  X:0056H         SYMBOL        cnt
  -------         ENDDO         
  -------         ENDDO         
  C:2842H         LINE#         19
  C:2842H         LINE#         21
  C:2847H         LINE#         24
  C:284AH         LINE#         29
  C:284DH         LINE#         30
  C:2850H         LINE#         31
  C:2853H         LINE#         35
  C:2853H         LINE#         36
  C:2859H         LINE#         37
  C:285BH         LINE#         39
  C:285EH         LINE#         40
  C:285EH         LINE#         41
  C:2864H         LINE#         42
  C:2866H         LINE#         45
  C:2869H         LINE#         46
  C:2869H         LINE#         47
  C:286FH         LINE#         48
  C:2874H         LINE#         51
  C:2878H         LINE#         56
  C:287BH         LINE#         60
  C:287EH         LINE#         62
  C:2884H         LINE#         63
  C:288AH         LINE#         64
  C:288CH         LINE#         66
  C:28AFH         LINE#         72
  C:28AFH         LINE#         73
  C:28B2H         LINE#         74
  C:28B2H         LINE#         75
  C:28B8H         LINE#         77
  C:28BAH         LINE#         81
  C:28C0H         LINE#         85
  C:28C0H         LINE#         89
  C:28C8H         LINE#         90
  C:28CAH         LINE#         91
  C:28CFH         LINE#         92
  C:28CFH         LINE#         94
  -------         ENDPROC       MAIN
  -------         ENDMOD        MAIN

  -------         MODULE        APP_KEY
  C:0000H         SYMBOL        _ICE_DUMMY_
  D:0080H         PUBLIC        P0
  D:0090H         PUBLIC        P1
  D:00A0H         PUBLIC        P2
  D:00B0H         PUBLIC        P3
  D:00D8H         PUBLIC        P5
  D:00A8H         PUBLIC        IE
  D:00B8H         PUBLIC        IP
  C:166EH         PUBLIC        _app_key_pro
  D:0098H         PUBLIC        SCON
  D:0088H         PUBLIC        TCON
  D:00F8H         PUBLIC        SCON_1
  D:00E8H         PUBLIC        ADCCON0
  D:00C0H         PUBLIC        I2CON
BL51 BANKED LINKER/LOCATER V6.22                                                      09/12/2017  00:43:58  PAGE 13


  D:00C8H         PUBLIC        T2CON
  D:00D0H         PUBLIC        PSW
  -------         PROC          _APP_KEY_PRO
  X:0002H         SYMBOL        keyCode
  -------         DO            
  X:0003H         SYMBOL        index
  X:0004H         SYMBOL        i
  -------         ENDDO         
  C:166EH         LINE#         25
  C:1673H         LINE#         26
  C:1676H         LINE#         27
  C:1678H         LINE#         29
  C:167CH         LINE#         30
  C:1688H         LINE#         31
  C:16EFH         LINE#         32
  C:16EFH         LINE#         33
  C:16FCH         LINE#         34
  C:1706H         LINE#         35
  C:1710H         LINE#         36
  C:171AH         LINE#         37
  C:1739H         LINE#         38
  C:1749H         LINE#         39
  C:174FH         LINE#         41
  C:174FH         LINE#         42
  C:174FH         LINE#         44
  C:174FH         LINE#         45
  C:174FH         LINE#         46
  C:175CH         LINE#         47
  C:1766H         LINE#         48
  C:1770H         LINE#         49
  C:177AH         LINE#         50
  C:1799H         LINE#         51
  C:17A9H         LINE#         52
  C:17AFH         LINE#         54
  C:17AFH         LINE#         55
  C:17AFH         LINE#         56
  C:17BCH         LINE#         57
  C:17C6H         LINE#         58
  C:17D0H         LINE#         59
  C:17DAH         LINE#         60
  C:17F9H         LINE#         61
  C:1809H         LINE#         62
  C:180FH         LINE#         64
  C:180FH         LINE#         65
  C:180FH         LINE#         67
  C:180FH         LINE#         68
  C:180FH         LINE#         70
  C:180FH         LINE#         71
  C:180FH         LINE#         73
  C:180FH         LINE#         74
  C:180FH         LINE#         75
  C:181CH         LINE#         76
  C:1826H         LINE#         77
  C:1830H         LINE#         78
  C:183AH         LINE#         79
  C:1859H         LINE#         80
  C:1869H         LINE#         81
BL51 BANKED LINKER/LOCATER V6.22                                                      09/12/2017  00:43:58  PAGE 14


  C:186FH         LINE#         82
  C:186FH         LINE#         83
  C:186FH         LINE#         85
  C:186FH         LINE#         86
  C:186FH         LINE#         88
  C:186FH         LINE#         89
  C:186FH         LINE#         90
  C:187CH         LINE#         91
  C:1886H         LINE#         92
  C:1890H         LINE#         93
  C:189AH         LINE#         94
  C:18B9H         LINE#         95
  C:18C9H         LINE#         96
  C:18CFH         LINE#         97
  C:18CFH         LINE#         98
  C:18CFH         LINE#         100
  C:18CFH         LINE#         101
  C:18CFH         LINE#         102
  C:18DCH         LINE#         103
  C:18E6H         LINE#         104
  C:18F0H         LINE#         105
  C:18FAH         LINE#         106
  C:1919H         LINE#         107
  C:1929H         LINE#         108
  C:192FH         LINE#         110
  C:192FH         LINE#         111
  C:192FH         LINE#         113
  C:192FH         LINE#         114
  C:192FH         LINE#         116
  C:192FH         LINE#         117
  C:192FH         LINE#         119
  C:193CH         LINE#         120
  C:1946H         LINE#         121
  C:1950H         LINE#         122
  C:195AH         LINE#         123
  C:1979H         LINE#         124
  C:1989H         LINE#         125
  C:198FH         LINE#         127
  C:198FH         LINE#         128
  C:198FH         LINE#         130
  C:198FH         LINE#         131
  C:198FH         LINE#         133
  C:198FH         LINE#         134
  C:198FH         LINE#         135
  C:199CH         LINE#         136
  C:19A6H         LINE#         137
  C:19B0H         LINE#         138
  C:19BAH         LINE#         139
  C:19D9H         LINE#         140
  C:19E9H         LINE#         141
  C:19EFH         LINE#         143
  C:19EFH         LINE#         144
  C:19EFH         LINE#         146
  C:19EFH         LINE#         147
  C:19EFH         LINE#         149
  C:19EFH         LINE#         150
  C:19EFH         LINE#         152
BL51 BANKED LINKER/LOCATER V6.22                                                      09/12/2017  00:43:58  PAGE 15


  C:19FCH         LINE#         153
  C:1A06H         LINE#         154
  C:1A10H         LINE#         155
  C:1A1AH         LINE#         156
  C:1A36H         LINE#         157
  C:1A46H         LINE#         158
  C:1A4CH         LINE#         160
  C:1A4CH         LINE#         161
  C:1A4CH         LINE#         163
  C:1A4CH         LINE#         164
  C:1A4CH         LINE#         166
  C:1A4CH         LINE#         167
  C:1A4CH         LINE#         168
  C:1A59H         LINE#         169
  C:1A63H         LINE#         170
  C:1A6DH         LINE#         171
  C:1A77H         LINE#         172
  C:1A93H         LINE#         173
  C:1AA3H         LINE#         174
  C:1AA9H         LINE#         176
  C:1AA9H         LINE#         177
  C:1AA9H         LINE#         179
  C:1AA9H         LINE#         180
  C:1AA9H         LINE#         182
  C:1AA9H         LINE#         183
  C:1AA9H         LINE#         185
  C:1AA9H         LINE#         186
  C:1AA9H         LINE#         188
  C:1AA9H         LINE#         189
  C:1AA9H         LINE#         191
  C:1AA9H         LINE#         192
  C:1AA9H         LINE#         194
  C:1AA9H         LINE#         196
  C:1AA9H         LINE#         197
  C:1AAFH         LINE#         198
  C:1AB1H         LINE#         199
  C:1ABCH         LINE#         200
  C:1ABCH         LINE#         202
  -------         ENDPROC       _APP_KEY_PRO
  -------         ENDMOD        APP_KEY

  -------         MODULE        APP_WORK
  C:0000H         SYMBOL        _ICE_DUMMY_
  D:0080H         PUBLIC        P0
  D:0090H         PUBLIC        P1
  D:00A0H         PUBLIC        P2
  D:00B0H         PUBLIC        P3
  D:00D8H         PUBLIC        P5
  D:00A8H         PUBLIC        IE
  D:00B8H         PUBLIC        IP
  C:3726H         SYMBOL        app_work_pro
  C:3724H         PUBLIC        app_work_1s_pro
  D:0098H         PUBLIC        SCON
  D:0088H         PUBLIC        TCON
  D:00F8H         PUBLIC        SCON_1
  D:00E8H         PUBLIC        ADCCON0
  D:00C0H         PUBLIC        I2CON
BL51 BANKED LINKER/LOCATER V6.22                                                      09/12/2017  00:43:58  PAGE 16


  C:3712H         PUBLIC        app_work_Init
  I:000FH         PUBLIC        g_tWork
  D:00C8H         PUBLIC        T2CON
  C:3725H         PUBLIC        app_work_100ms_pro
  D:00D0H         PUBLIC        PSW
  -------         PROC          APP_WORK_INIT
  C:3712H         LINE#         14
  C:3712H         LINE#         16
  -------         ENDPROC       APP_WORK_INIT
  -------         PROC          APP_WORK_1S_PRO
  C:3724H         LINE#         19
  C:3724H         LINE#         21
  -------         ENDPROC       APP_WORK_1S_PRO
  -------         PROC          APP_WORK_100MS_PRO
  C:3725H         LINE#         22
  C:3725H         LINE#         24
  -------         ENDPROC       APP_WORK_100MS_PRO
  -------         PROC          APP_WORK_PRO
  C:3726H         LINE#         26
  C:3726H         LINE#         28
  -------         ENDPROC       APP_WORK_PRO
  -------         ENDMOD        APP_WORK

  -------         MODULE        APP_REPEAT_EXE
  C:0000H         SYMBOL        _ICE_DUMMY_
  D:0080H         PUBLIC        P0
  D:0090H         PUBLIC        P1
  D:00A0H         PUBLIC        P2
  D:00B0H         PUBLIC        P3
  C:35AFH         PUBLIC        _Repeat_SetStart
  D:00D8H         PUBLIC        P5
  D:00A8H         PUBLIC        IE
  C:35DEH         PUBLIC        app_repeat_IsEnable
  C:34A6H         SYMBOL        Repeat_Stop_exe
  D:00B8H         PUBLIC        IP
  C:35BBH         PUBLIC        _Repeat_SetStop
  X:0067H         SYMBOL        g_tRepeat
  D:0098H         PUBLIC        SCON
  D:0088H         PUBLIC        TCON
  D:00F8H         PUBLIC        SCON_1
  C:2FFCH         PUBLIC        _Repeat_Start
  D:00E8H         PUBLIC        ADCCON0
  D:00C0H         PUBLIC        I2CON
  D:00C8H         PUBLIC        T2CON
  C:3411H         PUBLIC        Repeat_Stop
  C:25A1H         PUBLIC        Repeat_Pro
  C:3496H         SYMBOL        Repeat_Start_exe
  D:00D0H         PUBLIC        PSW
  -------         PROC          _REPEAT_SETSTART
  D:0001H         SYMBOL        fun
  C:35AFH         LINE#         12
  C:35AFH         LINE#         13
  C:35BAH         LINE#         14
  -------         ENDPROC       _REPEAT_SETSTART
  -------         PROC          _REPEAT_SETSTOP
  D:0001H         SYMBOL        fun
  C:35BBH         LINE#         16
BL51 BANKED LINKER/LOCATER V6.22                                                      09/12/2017  00:43:58  PAGE 17


  C:35BBH         LINE#         17
  C:35C6H         LINE#         18
  -------         ENDPROC       _REPEAT_SETSTOP
  -------         PROC          REPEAT_START_EXE
  C:3496H         LINE#         20
  C:3496H         LINE#         21
  C:34A2H         LINE#         22
  C:34A5H         LINE#         23
  C:34A5H         LINE#         24
  -------         ENDPROC       REPEAT_START_EXE
  -------         PROC          REPEAT_STOP_EXE
  C:34A6H         LINE#         26
  C:34A6H         LINE#         27
  C:34B2H         LINE#         28
  C:34B5H         LINE#         29
  C:34B5H         LINE#         30
  -------         ENDPROC       REPEAT_STOP_EXE
  -------         PROC          _REPEAT_START
  D:0006H         SYMBOL        _usStartTime
  D:0004H         SYMBOL        _usStopTime
  D:0002H         SYMBOL        _usCycle
  C:2FFCH         LINE#         42
  C:2FFCH         LINE#         43
  C:2FFCH         LINE#         44
  C:3000H         LINE#         46
  C:3000H         LINE#         48
  C:3008H         LINE#         49
  C:3010H         LINE#         50
  C:3018H         LINE#         51
  C:301DH         LINE#         52
  C:3021H         LINE#         53
  C:3025H         LINE#         54
  C:302AH         LINE#         56
  C:302DH         LINE#         57
  -------         ENDPROC       _REPEAT_START
  -------         PROC          REPEAT_STOP
  C:3411H         LINE#         67
  C:3411H         LINE#         68
  C:3416H         LINE#         69
  C:3419H         LINE#         70
  C:3422H         LINE#         71
  -------         ENDPROC       REPEAT_STOP
  -------         PROC          APP_REPEAT_ISENABLE
  C:35DEH         LINE#         75
  C:35DEH         LINE#         76
  C:35E4H         LINE#         77
  C:35E6H         LINE#         78
  C:35E6H         LINE#         79
  C:35E7H         LINE#         80
  -------         ENDPROC       APP_REPEAT_ISENABLE
  -------         PROC          REPEAT_PRO
  C:25A1H         LINE#         90
  C:25A1H         LINE#         92
  C:25B8H         LINE#         94
  C:25B8H         LINE#         96
  C:25BEH         LINE#         97
  C:25CAH         LINE#         98
BL51 BANKED LINKER/LOCATER V6.22                                                      09/12/2017  00:43:58  PAGE 18


  C:25CAH         LINE#         99
  C:25E3H         LINE#         100
  C:25E6H         LINE#         101
  C:25EDH         LINE#         102
  C:25F2H         LINE#         103
  C:25F2H         LINE#         104
  C:25F3H         LINE#         106
  C:25F3H         LINE#         107
  C:25FBH         LINE#         108
  C:2613H         LINE#         110
  C:2622H         LINE#         111
  C:2635H         LINE#         113
  C:263AH         LINE#         114
  C:263AH         LINE#         116
  C:2640H         LINE#         117
  C:2647H         LINE#         119
  C:2647H         LINE#         120
  C:2647H         LINE#         121
  C:264EH         LINE#         122
  C:2652H         LINE#         124
  C:2655H         LINE#         125
  C:2655H         LINE#         126
  C:2655H         LINE#         128
  -------         ENDPROC       REPEAT_PRO
  -------         ENDMOD        APP_REPEAT_EXE

  -------         MODULE        APP_2D4
  C:0000H         SYMBOL        _ICE_DUMMY_
  D:0080H         PUBLIC        P0
  D:0090H         PUBLIC        P1
  D:00A0H         PUBLIC        P2
  D:00B0H         PUBLIC        P3
  C:31AAH         PUBLIC        app_2d4_init
  D:00D8H         PUBLIC        P5
  C:35FBH         SYMBOL        BT_play_show_lcd_resp
  C:34E3H         SYMBOL        BT_prev_show_lcd_resp
  D:00A8H         PUBLIC        IE
  C:3501H         SYMBOL        LED_clear_blink_name_show_lcd_resp
  C:34D4H         SYMBOL        BT_next_show_lcd_resp
  C:33D0H         SYMBOL        speaker_status_resp
  D:00B8H         PUBLIC        IP
  C:3472H         SYMBOL        FM_scanning_show_lcd_resp
  C:000EH         PUBLIC        app_2d4_pro
  D:0098H         PUBLIC        SCON
  D:0088H         PUBLIC        TCON
  C:302EH         SYMBOL        USB_track_show_lcd_resp
  C:34B6H         SYMBOL        clear_lcd_resp
  C:34C5H         SYMBOL        USB_pause_show_lcd_resp
  C:2591H         SYMBOL        _?ix1000
  D:00F8H         PUBLIC        SCON_1
  C:33E6H         SYMBOL        relay_status_resp
  C:34F2H         SYMBOL        LED_show_blink_name_show_lcd_resp
  I:009DH         PUBLIC        sendBuf
  C:3060H         SYMBOL        FM_station_show_lcd_resp
  I:00ADH         SYMBOL        sendRcv_flag
  D:00E8H         PUBLIC        ADCCON0
  D:00C0H         PUBLIC        I2CON
BL51 BANKED LINKER/LOCATER V6.22                                                      09/12/2017  00:43:58  PAGE 19


  C:360DH         SYMBOL        AUX_play_show_lcd_resp
  C:3604H         SYMBOL        AUX_mute_show_lcd_resp
  D:00C8H         PUBLIC        T2CON
  I:00AEH         SYMBOL        rcvBuf
  C:35F2H         SYMBOL        BT_pause_show_lcd_resp
  C:2F19H         SYMBOL        vol_resp
  X:0079H         SYMBOL        tmpBuf
  C:0958H         SYMBOL        _app_2d4_Rcv
  C:2E03H         PUBLIC        _app_2d4_send
  D:00D0H         PUBLIC        PSW
  -------         PROC          APP_2D4_INIT
  C:31AAH         LINE#         16
  C:31AAH         LINE#         18
  C:31AEH         LINE#         19
  C:31BAH         LINE#         20
  C:31C9H         LINE#         22
  C:31CCH         LINE#         23
  -------         ENDPROC       APP_2D4_INIT
  -------         PROC          _APP_2D4_SEND
  X:0005H         SYMBOL        d
  X:0008H         SYMBOL        len
  C:2E03H         LINE#         28
  C:2E11H         LINE#         30
  C:2E16H         LINE#         32
  C:2E16H         LINE#         34
  C:2E19H         LINE#         35
  C:2E1DH         LINE#         37
  C:2E38H         LINE#         38
  C:2E53H         LINE#         39
  C:2E53H         LINE#         41
  -------         ENDPROC       _APP_2D4_SEND
  -------         PROC          SPEAKER_STATUS_RESP
  C:33D0H         LINE#         42
  C:33D0H         LINE#         43
  C:33D8H         LINE#         44
  C:33DCH         LINE#         45
  C:33DEH         LINE#         46
  C:33E5H         LINE#         47
  C:33E5H         LINE#         48
  -------         ENDPROC       SPEAKER_STATUS_RESP
  -------         PROC          RELAY_STATUS_RESP
  C:33E6H         LINE#         49
  C:33E6H         LINE#         50
  C:33EEH         LINE#         51
  C:33F2H         LINE#         52
  C:33F4H         LINE#         53
  C:33FBH         LINE#         54
  C:33FBH         LINE#         56
  -------         ENDPROC       RELAY_STATUS_RESP
  -------         PROC          VOL_RESP
  -------         DO            
  X:000AH         SYMBOL        str
  -------         ENDDO         
  C:2F19H         LINE#         57
  C:2F19H         LINE#         58
  C:2F2CH         LINE#         60
  C:2F4DH         LINE#         61
BL51 BANKED LINKER/LOCATER V6.22                                                      09/12/2017  00:43:58  PAGE 20


  -------         ENDPROC       VOL_RESP
  -------         PROC          CLEAR_LCD_RESP
  C:34B6H         LINE#         64
  C:34B6H         LINE#         65
  C:34BFH         LINE#         67
  C:34C2H         LINE#         68
  -------         ENDPROC       CLEAR_LCD_RESP
  -------         PROC          BT_PAUSE_SHOW_LCD_RESP
  C:35F2H         LINE#         70
  C:35F2H         LINE#         71
  -------         ENDPROC       BT_PAUSE_SHOW_LCD_RESP
  -------         PROC          BT_PLAY_SHOW_LCD_RESP
  C:35FBH         LINE#         74
  C:35FBH         LINE#         75
  -------         ENDPROC       BT_PLAY_SHOW_LCD_RESP
  -------         PROC          FM_SCANNING_SHOW_LCD_RESP
  C:3472H         LINE#         77
  C:3472H         LINE#         78
  C:347BH         LINE#         79
  C:347EH         LINE#         80
  C:3481H         LINE#         81
  -------         ENDPROC       FM_SCANNING_SHOW_LCD_RESP
  -------         PROC          AUX_MUTE_SHOW_LCD_RESP
  C:3604H         LINE#         91
  C:3604H         LINE#         92
  -------         ENDPROC       AUX_MUTE_SHOW_LCD_RESP
  -------         PROC          AUX_PLAY_SHOW_LCD_RESP
  C:360DH         LINE#         95
  C:360DH         LINE#         96
  -------         ENDPROC       AUX_PLAY_SHOW_LCD_RESP
  -------         PROC          USB_PAUSE_SHOW_LCD_RESP
  C:34C5H         LINE#         99
  C:34C5H         LINE#         100
  C:34CEH         LINE#         101
  C:34D1H         LINE#         102
  -------         ENDPROC       USB_PAUSE_SHOW_LCD_RESP
  -------         PROC          BT_NEXT_SHOW_LCD_RESP
  C:34D4H         LINE#         111
  C:34D4H         LINE#         112
  C:34DDH         LINE#         113
  C:34E0H         LINE#         114
  -------         ENDPROC       BT_NEXT_SHOW_LCD_RESP
  -------         PROC          BT_PREV_SHOW_LCD_RESP
  C:34E3H         LINE#         116
  C:34E3H         LINE#         117
  C:34ECH         LINE#         118
  C:34EFH         LINE#         119
  -------         ENDPROC       BT_PREV_SHOW_LCD_RESP
  -------         PROC          FM_STATION_SHOW_LCD_RESP
  C:3060H         LINE#         121
  C:3060H         LINE#         122
  C:3081H         LINE#         123
  C:308AH         LINE#         124
  C:308DH         LINE#         125
  -------         ENDPROC       FM_STATION_SHOW_LCD_RESP
  -------         PROC          USB_TRACK_SHOW_LCD_RESP
  C:302EH         LINE#         127
BL51 BANKED LINKER/LOCATER V6.22                                                      09/12/2017  00:43:58  PAGE 21


  C:302EH         LINE#         128
  C:3051H         LINE#         129
  C:305AH         LINE#         130
  C:305DH         LINE#         131
  -------         ENDPROC       USB_TRACK_SHOW_LCD_RESP
  -------         PROC          LED_SHOW_BLINK_NAME_SHOW_LCD_RESP
  C:34F2H         LINE#         133
  C:34F2H         LINE#         135
  C:34FBH         LINE#         137
  C:34FEH         LINE#         138
  -------         ENDPROC       LED_SHOW_BLINK_NAME_SHOW_LCD_RESP
  -------         PROC          LED_CLEAR_BLINK_NAME_SHOW_LCD_RESP
  C:3501H         LINE#         140
  C:3501H         LINE#         142
  C:350AH         LINE#         143
  C:350DH         LINE#         144
  -------         ENDPROC       LED_CLEAR_BLINK_NAME_SHOW_LCD_RESP
  -------         PROC          _APP_2D4_RCV
  X:0002H         SYMBOL        buf
  -------         DO            
  X:0005H         SYMBOL        i
  X:0006H         SYMBOL        index
  X:0007H         SYMBOL        check
  -------         DO            
  X:0008H         SYMBOL        time
  -------         ENDDO         
  -------         ENDDO         
  C:0958H         LINE#         146
  C:0963H         LINE#         147
  C:0966H         LINE#         148
  C:0968H         LINE#         149
  C:096AH         LINE#         151
  C:0974H         LINE#         153
  C:0974H         LINE#         154
  C:0977H         LINE#         155
  C:0990H         LINE#         157
  C:0990H         LINE#         158
  C:09BCH         LINE#         159
  C:09D1H         LINE#         160
  C:09D9H         LINE#         161
  C:09FFH         LINE#         163
  C:09FFH         LINE#         165
  C:0A0EH         LINE#         166
  C:0A13H         LINE#         167
  C:0A57H         LINE#         168
  C:0A57H         LINE#         170
  C:0A57H         LINE#         171
  C:0A57H         LINE#         173
  C:0A61H         LINE#         174
  C:0A65H         LINE#         175
  C:0A6BH         LINE#         176
  C:0A6BH         LINE#         178
  C:0A6BH         LINE#         179
  C:0A6EH         LINE#         180
  C:0A72H         LINE#         181
  C:0A78H         LINE#         182
  C:0A78H         LINE#         184
BL51 BANKED LINKER/LOCATER V6.22                                                      09/12/2017  00:43:58  PAGE 22


  C:0A78H         LINE#         185
  C:0A78H         LINE#         187
  C:0A7BH         LINE#         188
  C:0A7BH         LINE#         190
  C:0A91H         LINE#         191
  C:0A95H         LINE#         192
  C:0A97H         LINE#         193
  C:0A9BH         LINE#         194
  C:0A9BH         LINE#         195
  C:0AA1H         LINE#         196
  C:0AA1H         LINE#         197
  C:0AA1H         LINE#         199
  C:0AA4H         LINE#         200
  C:0AA4H         LINE#         201
  C:0AC7H         LINE#         202
  C:0AC7H         LINE#         203
  C:0ACDH         LINE#         204
  C:0ACDH         LINE#         205
  C:0ACDH         LINE#         207
  C:0AD0H         LINE#         208
  C:0AD0H         LINE#         209
  C:0AE4H         LINE#         210
  C:0AEAH         LINE#         211
  C:0AEAH         LINE#         212
  C:0AEAH         LINE#         214
  C:0AEDH         LINE#         215
  C:0AEDH         LINE#         216
  C:0B04H         LINE#         217
  C:0B11H         LINE#         218
  C:0B17H         LINE#         219
  C:0B17H         LINE#         220
  C:0B17H         LINE#         221
  C:0B1AH         LINE#         222
  C:0B1AH         LINE#         224
  C:0B1AH         LINE#         226
  C:0B1CH         LINE#         227
  C:0B1CH         LINE#         228
  C:0B1CH         LINE#         229
  C:0B1CH         LINE#         230
  C:0B1CH         LINE#         231
  C:0B1CH         LINE#         233
  C:0B3FH         LINE#         234
  C:0B3FH         LINE#         235
  C:0B45H         LINE#         236
  C:0B45H         LINE#         237
  C:0B45H         LINE#         239
  C:0B48H         LINE#         240
  C:0B48H         LINE#         241
  C:0B5CH         LINE#         242
  C:0B62H         LINE#         243
  C:0B62H         LINE#         244
  C:0B62H         LINE#         245
  C:0B65H         LINE#         246
  C:0B65H         LINE#         247
  C:0B7CH         LINE#         248
  C:0B89H         LINE#         249
  C:0B8FH         LINE#         250
BL51 BANKED LINKER/LOCATER V6.22                                                      09/12/2017  00:43:58  PAGE 23


  C:0B8FH         LINE#         251
  C:0B8FH         LINE#         252
  C:0B92H         LINE#         253
  C:0B92H         LINE#         254
  C:0BA4H         LINE#         255
  C:0BA7H         LINE#         256
  C:0BA7H         LINE#         257
  C:0BA7H         LINE#         258
  C:0BA7H         LINE#         260
  C:0BA7H         LINE#         261
  C:0BA7H         LINE#         262
  C:0BBCH         LINE#         263
  C:0BC6H         LINE#         264
  C:0BC6H         LINE#         265
  C:0BC6H         LINE#         266
  C:0BC6H         LINE#         267
  C:0BC6H         LINE#         268
  C:0BC9H         LINE#         269
  C:0BC9H         LINE#         270
  C:0BC9H         LINE#         271
  C:0BC9H         LINE#         272
  C:0BC9H         LINE#         273
  C:0BC9H         LINE#         274
  C:0BCCH         LINE#         276
  C:0BD2H         LINE#         277
  C:0BD2H         LINE#         278
  C:0BD2H         LINE#         279
  C:0BD2H         LINE#         281
  C:0BD5H         LINE#         282
  C:0BD5H         LINE#         283
  C:0BE9H         LINE#         285
  C:0BEFH         LINE#         286
  C:0BEFH         LINE#         288
  C:0BEFH         LINE#         289
  C:0BF1H         LINE#         290
  C:0BF1H         LINE#         291
  C:0C05H         LINE#         293
  C:0C0BH         LINE#         294
  C:0C0BH         LINE#         296
  C:0C0BH         LINE#         297
  C:0C0DH         LINE#         298
  C:0C0DH         LINE#         299
  C:0C3BH         LINE#         300
  C:0C3BH         LINE#         301
  C:0C44H         LINE#         302
  C:0C4DH         LINE#         303
  C:0C56H         LINE#         304
  C:0C60H         LINE#         305
  C:0C7BH         LINE#         306
  C:0C81H         LINE#         307
  C:0C81H         LINE#         308
  C:0C81H         LINE#         309
  C:0C81H         LINE#         310
  C:0C83H         LINE#         311
  C:0C83H         LINE#         312
  C:0C97H         LINE#         313
  C:0CA0H         LINE#         314
BL51 BANKED LINKER/LOCATER V6.22                                                      09/12/2017  00:43:58  PAGE 24


  C:0CA9H         LINE#         315
  C:0CB1H         LINE#         316
  C:0CC7H         LINE#         320
  C:0CC7H         LINE#         321
  C:0CCAH         LINE#         322
  C:0CCAH         LINE#         323
  C:0CDEH         LINE#         324
  C:0CE7H         LINE#         325
  C:0CF0H         LINE#         326
  C:0CF8H         LINE#         327
  C:0D13H         LINE#         328
  C:0D1CH         LINE#         329
  C:0D25H         LINE#         330
  C:0D2DH         LINE#         331
  C:0D2DH         LINE#         332
  C:0D30H         LINE#         333
  C:0D30H         LINE#         334
  C:0D49H         LINE#         338
  C:0D51H         LINE#         339
  C:0D5AH         LINE#         340
  C:0D63H         LINE#         341
  C:0D6BH         LINE#         342
  C:0D6BH         LINE#         343
  C:0D6DH         LINE#         344
  C:0D6DH         LINE#         346
  C:0D82H         LINE#         347
  C:0D96H         LINE#         348
  C:0D9FH         LINE#         349
  C:0DA8H         LINE#         350
  C:0DB1H         LINE#         352
  C:0DB3H         LINE#         353
  C:0DC8H         LINE#         354
  C:0DD1H         LINE#         355
  C:0DDAH         LINE#         356
  C:0DE9H         LINE#         357
  C:0DE9H         LINE#         358
  C:0DECH         LINE#         359
  C:0DECH         LINE#         360
  C:0DECH         LINE#         361
  C:0DECH         LINE#         362
  C:0DEFH         LINE#         363
  C:0DF2H         LINE#         364
  C:0DF5H         LINE#         365
  C:0DF8H         LINE#         366
  C:0DFBH         LINE#         367
  C:0DFEH         LINE#         368
  C:0E01H         LINE#         370
  C:0E29H         LINE#         371
  C:0E29H         LINE#         373
  C:0E2CH         LINE#         374
  C:0E40H         LINE#         375
  C:0E4CH         LINE#         376
  C:0E62H         LINE#         377
  C:0E71H         LINE#         378
  C:0E71H         LINE#         379
  C:0E82H         LINE#         380
  C:0E85H         LINE#         381
BL51 BANKED LINKER/LOCATER V6.22                                                      09/12/2017  00:43:58  PAGE 25


  C:0E85H         LINE#         382
  C:0E88H         LINE#         383
  C:0E8BH         LINE#         384
  C:0E8EH         LINE#         386
  C:0EA5H         LINE#         387
  C:0EBCH         LINE#         388
  C:0EDAH         LINE#         389
  C:0EECH         LINE#         390
  C:0EEEH         LINE#         391
  C:0F1FH         LINE#         392
  C:0F1FH         LINE#         393
  C:0F30H         LINE#         395
  C:0F33H         LINE#         396
  C:0F33H         LINE#         397
  C:0F36H         LINE#         398
  C:0F4AH         LINE#         399
  C:0F56H         LINE#         400
  C:0F6CH         LINE#         401
  C:0F7BH         LINE#         402
  C:0F7BH         LINE#         403
  C:0F8CH         LINE#         405
  C:0F8FH         LINE#         406
  C:0F8FH         LINE#         407
  C:0F8FH         LINE#         408
  C:0F96H         LINE#         409
  C:0FB0H         LINE#         410
  C:0FB9H         LINE#         411
  C:0FC9H         LINE#         412
  C:0FCCH         LINE#         414
  C:0FE8H         LINE#         415
  C:100AH         LINE#         416
  C:102DH         LINE#         417
  C:104AH         LINE#         418
  C:104CH         LINE#         419
  C:1089H         LINE#         420
  C:1089H         LINE#         421
  C:109DH         LINE#         422
  C:109DH         LINE#         423
  C:109DH         LINE#         424
  C:109DH         LINE#         425
  C:109DH         LINE#         426
  C:109DH         LINE#         427
  C:10A3H         LINE#         428
  C:10A5H         LINE#         430
  C:10A5H         LINE#         432
  -------         ENDPROC       _APP_2D4_RCV
  -------         PROC          APP_2D4_PRO
  C:000EH         LINE#         434
  C:000EH         LINE#         435
  C:0013H         LINE#         437
  C:0023H         LINE#         438
  C:0023H         LINE#         440
  C:0026H         LINE#         441
  C:0029H         LINE#         443
  C:002DH         LINE#         444
  C:0030H         LINE#         448
  C:0030H         LINE#         449
BL51 BANKED LINKER/LOCATER V6.22                                                      09/12/2017  00:43:58  PAGE 26


  C:0030H         LINE#         451
  C:0030H         LINE#         452
  C:0030H         LINE#         453
  C:0032H         LINE#         454
  C:0032H         LINE#         456
  C:0035H         LINE#         457
  C:0038H         LINE#         458
  C:0038H         LINE#         459
  C:0038H         LINE#         461
  C:0043H         LINE#         463
  C:0043H         LINE#         464
  C:0043H         LINE#         466
  C:0043H         LINE#         467
  C:0051H         LINE#         469
  C:005AH         LINE#         470
  C:005AH         LINE#         472
  C:005AH         LINE#         474
  -------         ENDPROC       APP_2D4_PRO
  -------         ENDMOD        APP_2D4

  -------         MODULE        APP_LCD
  C:0000H         SYMBOL        _ICE_DUMMY_
  D:0080H         PUBLIC        P0
  D:0090H         PUBLIC        P1
  D:00A0H         PUBLIC        P2
  D:00B0H         PUBLIC        P3
  D:00D8H         PUBLIC        P5
  C:3510H         PUBLIC        app_lcd_pro
  D:00A8H         PUBLIC        IE
  D:00B8H         PUBLIC        IP
  D:0098H         PUBLIC        SCON
  D:0088H         PUBLIC        TCON
  D:00F8H         PUBLIC        SCON_1
  C:325DH         PUBLIC        _app_lcd_default_string_set
  D:00E8H         PUBLIC        ADCCON0
  D:00C0H         PUBLIC        I2CON
  D:00C8H         PUBLIC        T2CON
  C:33B8H         PUBLIC        app_lcd_init
  X:0089H         SYMBOL        lcd_default_string
  D:00D0H         PUBLIC        PSW
  -------         PROC          APP_LCD_INIT
  C:33B8H         LINE#         13
  C:33B8H         LINE#         14
  -------         ENDPROC       APP_LCD_INIT
  -------         PROC          _APP_LCD_DEFAULT_STRING_SET
  D:0001H         SYMBOL        s
  X:000AH         SYMBOL        len
  C:325DH         LINE#         20
  C:3262H         LINE#         21
  C:326EH         LINE#         22
  C:327DH         LINE#         23
  -------         ENDPROC       _APP_LCD_DEFAULT_STRING_SET
  -------         PROC          APP_LCD_PRO
  C:3510H         LINE#         25
  C:3510H         LINE#         27
  C:3515H         LINE#         29
  C:351EH         LINE#         31
BL51 BANKED LINKER/LOCATER V6.22                                                      09/12/2017  00:43:58  PAGE 27


  C:351EH         LINE#         33
  -------         ENDPROC       APP_LCD_PRO
  -------         ENDMOD        APP_LCD

  -------         MODULE        BSP
  C:0000H         SYMBOL        _ICE_DUMMY_
  D:0080H         PUBLIC        P0
  D:0090H         PUBLIC        P1
  D:00A0H         PUBLIC        P2
  D:00B0H         PUBLIC        P3
  D:00D8H         PUBLIC        P5
  B:00A8H.7       PUBLIC        EA
  D:00A8H         PUBLIC        IE
  D:00B8H         PUBLIC        IP
  B:0021H.1       PUBLIC        BIT_TMP
  D:0098H         PUBLIC        SCON
  D:0088H         PUBLIC        TCON
  C:3335H         PUBLIC        bsp_Init
  D:00F8H         PUBLIC        SCON_1
  D:00E8H         PUBLIC        ADCCON0
  D:00C0H         PUBLIC        I2CON
  D:00C8H         PUBLIC        T2CON
  D:00D0H         PUBLIC        PSW
  -------         PROC          BSP_INIT
  C:3335H         LINE#         5
  C:3335H         LINE#         10
  C:3338H         LINE#         12
  C:333BH         LINE#         14
  C:333EH         LINE#         15
  C:3341H         LINE#         16
  C:3344H         LINE#         19
  C:3347H         LINE#         21
  C:334AH         LINE#         23
  C:334DH         LINE#         25
  C:334FH         LINE#         26
  -------         ENDPROC       BSP_INIT
  -------         ENDMOD        BSP

  -------         MODULE        BSP_KEY
  C:0000H         SYMBOL        _ICE_DUMMY_
  D:00B1H         PUBLIC        P0M1
  D:00B2H         PUBLIC        P0M2
  D:0080H         PUBLIC        P0
  D:0090H         PUBLIC        P1
  D:00A0H         PUBLIC        P2
  C:2A59H         SYMBOL        _IsKeyDown
  D:00B0H         PUBLIC        P3
  D:00D8H         PUBLIC        P5
  C:3425H         PUBLIC        _bsp_PutKey
  D:00A8H         PUBLIC        IE
  C:2656H         SYMBOL        bsp_InitKeyVar
  X:00A4H         PUBLIC        pBtn
  D:00B8H         PUBLIC        IP
  C:3484H         SYMBOL        IsKeyDown_1AND6
  C:3319H         PUBLIC        bsp_GetKey2
  C:1E22H         SYMBOL        _bsp_DetectKey
  B:0080H.2       PUBLIC        P02
BL51 BANKED LINKER/LOCATER V6.22                                                      09/12/2017  00:43:58  PAGE 28


  C:3616H         SYMBOL        IsKeyDown1
  D:0098H         PUBLIC        SCON
  C:351FH         SYMBOL        IsKeyDown2
  D:0088H         PUBLIC        TCON
  C:352EH         SYMBOL        IsKeyDown3
  C:353DH         SYMBOL        IsKeyDown4
  C:3579H         SYMBOL        IsKeyDown5
  C:36E4H         SYMBOL        IsKeyDown6
  C:36EAH         SYMBOL        IsKeyDown7
  C:354CH         SYMBOL        IsKeyDown8
  C:355BH         SYMBOL        IsKeyDown9
  C:36F6H         PUBLIC        bsp_ClearKey
  X:00A7H         PUBLIC        min
  D:00F8H         PUBLIC        SCON_1
  X:00A9H         PUBLIC        max
  C:3350H         PUBLIC        bsp_KeyScan
  D:00E8H         PUBLIC        ADCCON0
  D:00C0H         PUBLIC        I2CON
  D:00C8H         PUBLIC        T2CON
  C:36F0H         PUBLIC        bsp_InitKey
  C:3658H         SYMBOL        bsp_InitKeyHard
  I:0022H         SYMBOL        s_tBtn
  I:0090H         SYMBOL        s_tKey
  C:32FDH         PUBLIC        bsp_GetKey
  C:31CFH         PUBLIC        _bsp_SetKeyParam
  C:35D3H         PUBLIC        _bsp_GetKeyState
  D:00D0H         PUBLIC        PSW
  -------         PROC          ISKEYDOWN1
  C:3616H         LINE#         46
  C:3616H         LINE#         47
  C:3619H         LINE#         48
  C:361CH         LINE#         49
  C:361CH         LINE#         50
  C:361EH         LINE#         51
  C:361EH         LINE#         52
  -------         ENDPROC       ISKEYDOWN1
  -------         PROC          L?0067
  -------         ENDPROC       L?0067
  -------         PROC          _ISKEYDOWN
  D:0006H         SYMBOL        key_ad
  D:0004H         SYMBOL        result_ad
  C:2A59H         LINE#         55
  C:2A59H         LINE#         57
  C:2A7EH         LINE#         58
  C:2A9DH         LINE#         60
  C:2AB6H         LINE#         61
  -------         ENDPROC       _ISKEYDOWN
  -------         PROC          ISKEYDOWN2
  C:351FH         LINE#         64
  C:351FH         LINE#         66
  C:352DH         LINE#         67
  -------         ENDPROC       ISKEYDOWN2
  -------         PROC          ISKEYDOWN3
  C:352EH         LINE#         69
  C:352EH         LINE#         70
  C:353CH         LINE#         71
  -------         ENDPROC       ISKEYDOWN3
BL51 BANKED LINKER/LOCATER V6.22                                                      09/12/2017  00:43:58  PAGE 29


  -------         PROC          ISKEYDOWN4
  C:353DH         LINE#         73
  C:353DH         LINE#         74
  C:354BH         LINE#         75
  -------         ENDPROC       ISKEYDOWN4
  -------         PROC          ISKEYDOWN5
  C:3579H         LINE#         77
  C:3579H         LINE#         79
  C:3586H         LINE#         80
  -------         ENDPROC       ISKEYDOWN5
  -------         PROC          ISKEYDOWN6
  C:36E4H         LINE#         82
  C:36E4H         LINE#         83
  C:36E9H         LINE#         84
  -------         ENDPROC       ISKEYDOWN6
  -------         PROC          ISKEYDOWN7
  C:36EAH         LINE#         86
  C:36EAH         LINE#         87
  C:36EFH         LINE#         88
  -------         ENDPROC       ISKEYDOWN7
  -------         PROC          ISKEYDOWN8
  C:354CH         LINE#         90
  C:354CH         LINE#         91
  C:355AH         LINE#         92
  -------         ENDPROC       ISKEYDOWN8
  -------         PROC          ISKEYDOWN9
  C:355BH         LINE#         94
  C:355BH         LINE#         95
  C:3569H         LINE#         96
  -------         ENDPROC       ISKEYDOWN9
  -------         PROC          ISKEYDOWN_1AND6
  C:3484H         LINE#         98
  C:3484H         LINE#         99
  C:3490H         LINE#         100
  C:3493H         LINE#         101
  C:3493H         LINE#         102
  C:3495H         LINE#         103
  C:3495H         LINE#         105
  -------         ENDPROC       ISKEYDOWN_1AND6
  -------         PROC          BSP_INITKEY
  C:36F0H         LINE#         114
  C:36F0H         LINE#         115
  C:36F3H         LINE#         116
  -------         ENDPROC       BSP_INITKEY
  -------         PROC          _BSP_PUTKEY
  D:0007H         SYMBOL        _KeyCode
  C:3425H         LINE#         127
  C:3425H         LINE#         128
  C:342DH         LINE#         130
  C:3436H         LINE#         131
  C:3438H         LINE#         132
  C:3438H         LINE#         133
  -------         ENDPROC       _BSP_PUTKEY
  -------         PROC          BSP_GETKEY
  -------         DO            
  D:0007H         SYMBOL        ret
  -------         ENDDO         
BL51 BANKED LINKER/LOCATER V6.22                                                      09/12/2017  00:43:58  PAGE 30


  C:32FDH         LINE#         143
  C:32FDH         LINE#         146
  C:3305H         LINE#         147
  C:3307H         LINE#         148
  C:3307H         LINE#         149
  C:330DH         LINE#         151
  C:3316H         LINE#         152
  C:3318H         LINE#         153
  C:3318H         LINE#         154
  C:3318H         LINE#         155
  C:3318H         LINE#         156
  -------         ENDPROC       BSP_GETKEY
  -------         PROC          BSP_GETKEY2
  -------         DO            
  D:0007H         SYMBOL        ret
  -------         ENDDO         
  C:3319H         LINE#         166
  C:3319H         LINE#         169
  C:3321H         LINE#         170
  C:3323H         LINE#         171
  C:3323H         LINE#         172
  C:3329H         LINE#         174
  C:3332H         LINE#         175
  C:3334H         LINE#         176
  C:3334H         LINE#         177
  C:3334H         LINE#         178
  C:3334H         LINE#         179
  -------         ENDPROC       BSP_GETKEY2
  -------         PROC          _BSP_GETKEYSTATE
  D:0007H         SYMBOL        _ucKeyID
  C:35D3H         LINE#         189
  C:35D3H         LINE#         190
  C:35DDH         LINE#         191
  -------         ENDPROC       _BSP_GETKEYSTATE
  -------         PROC          _BSP_SETKEYPARAM
  D:0007H         SYMBOL        _ucKeyID
  D:0004H         SYMBOL        _LongTime
  D:0003H         SYMBOL        _RepeatSpeed
  C:31CFH         LINE#         203
  C:31CFH         LINE#         204
  C:31DCH         LINE#         205
  C:31E8H         LINE#         206
  C:31F2H         LINE#         207
  -------         ENDPROC       _BSP_SETKEYPARAM
  -------         PROC          BSP_CLEARKEY
  C:36F6H         LINE#         217
  C:36F6H         LINE#         218
  C:36FBH         LINE#         219
  -------         ENDPROC       BSP_CLEARKEY
  -------         PROC          BSP_INITKEYHARD
  C:3658H         LINE#         229
  C:3658H         LINE#         231
  C:365BH         LINE#         232
  C:365EH         LINE#         234
  -------         ENDPROC       BSP_INITKEYHARD
  -------         PROC          BSP_INITKEYVAR
  -------         DO            
BL51 BANKED LINKER/LOCATER V6.22                                                      09/12/2017  00:43:58  PAGE 31


  D:0007H         SYMBOL        i
  -------         ENDDO         
  C:2656H         LINE#         244
  C:2656H         LINE#         248
  C:265AH         LINE#         249
  C:265CH         LINE#         250
  C:265EH         LINE#         253
  C:265FH         LINE#         254
  C:266CH         LINE#         255
  C:2676H         LINE#         256
  C:2680H         LINE#         260
  C:268AH         LINE#         261
  C:2694H         LINE#         262
  C:2699H         LINE#         264
  C:269DH         LINE#         265
  C:26A1H         LINE#         268
  C:26ABH         LINE#         269
  C:26B5H         LINE#         270
  C:26BFH         LINE#         271
  C:26C9H         LINE#         272
  C:26D3H         LINE#         273
  C:26DDH         LINE#         274
  C:26E7H         LINE#         275
[...]
  C:30C0H         LINE#         205
  C:30C3H         LINE#         206
  C:30C6H         LINE#         207
  C:30C9H         LINE#         210
  C:30E1H         LINE#         215
  C:30E3H         LINE#         216
  -------         ENDPROC       _INITIALUART0_TIMER1_TYPE4
  -------         PROC          _INITIALUART0_TIMER3_TYPE5
  X:00B0H         SYMBOL        u32Baudrate
  C:2AB7H         LINE#         218
  C:2ABDH         LINE#         219
  C:2ABDH         LINE#         220
  C:2AC0H         LINE#         221
  C:2AC3H         LINE#         222
  C:2AC6H         LINE#         223
  C:2AC9H         LINE#         226
  C:2AF7H         LINE#         227
  C:2B16H         LINE#         233
  C:2B19H         LINE#         234
  -------         ENDPROC       _INITIALUART0_TIMER3_TYPE5
  -------         PROC          _INITIALUART0_TIMER3_TYPE6
  X:00B4H         SYMBOL        u32Baudrate
  C:2B1AH         LINE#         236
  C:2B20H         LINE#         237
  C:2B20H         LINE#         238
  C:2B23H         LINE#         239
  C:2B26H         LINE#         240
  C:2B29H         LINE#         241
  C:2B2CH         LINE#         244
  C:2B5AH         LINE#         245
  C:2B79H         LINE#         251
  C:2B7CH         LINE#         252
  -------         ENDPROC       _INITIALUART0_TIMER3_TYPE6
  -------         PROC          _INITIALUART1_TIMER3
  X:00B8H         SYMBOL        u32Baudrate
  C:2C3DH         LINE#         254
  C:2C43H         LINE#         255
  C:2C43H         LINE#         256
  C:2C46H         LINE#         257
  C:2C49H         LINE#         260
  C:2C77H         LINE#         261
  C:2C96H         LINE#         267
BL51 BANKED LINKER/LOCATER V6.22                                                      09/12/2017  00:43:58  PAGE 64


  C:2C99H         LINE#         268
  -------         ENDPROC       _INITIALUART1_TIMER3
  -------         PROC          RECEIVE_DATA_FROM_UART0
  -------         DO            
  D:0007H         SYMBOL        c
  -------         ENDDO         
  C:3631H         LINE#         280
  C:3631H         LINE#         283
  C:3634H         LINE#         285
  C:3636H         LINE#         286
  C:3638H         LINE#         287
  C:3638H         LINE#         288
  -------         ENDPROC       RECEIVE_DATA_FROM_UART0
  -------         PROC          _SEND_DATA_TO_UART0
  D:0007H         SYMBOL        c
  C:3639H         LINE#         300
  C:3639H         LINE#         301
  C:363BH         LINE#         302
  C:363DH         LINE#         303
  C:3640H         LINE#         305
  -------         ENDPROC       _SEND_DATA_TO_UART0
  -------         PROC          RECEIVE_DATA_FROM_UART1
  -------         DO            
  D:0007H         SYMBOL        c
  -------         ENDDO         
  C:3641H         LINE#         317
  C:3641H         LINE#         320
  C:3644H         LINE#         322
  C:3646H         LINE#         323
  C:3648H         LINE#         324
  C:3648H         LINE#         325
  -------         ENDPROC       RECEIVE_DATA_FROM_UART1
  -------         PROC          _SEND_DATA_TO_UART1
  D:0007H         SYMBOL        c
  C:3649H         LINE#         337
  C:3649H         LINE#         338
  C:364BH         LINE#         339
  C:364DH         LINE#         340
  C:3650H         LINE#         342
  -------         ENDPROC       _SEND_DATA_TO_UART1
  -------         PROC          SET_ALL_GPIO_QUASI_MODE
  C:336BH         LINE#         344
  C:336BH         LINE#         345
  C:336EH         LINE#         346
  C:3370H         LINE#         347
  C:3372H         LINE#         348
  C:3374H         LINE#         349
  C:3376H         LINE#         350
  C:3378H         LINE#         351
  C:337AH         LINE#         352
  C:337CH         LINE#         353
  C:337EH         LINE#         354
  C:3380H         LINE#         355
  C:3382H         LINE#         356
  C:3384H         LINE#         357
  -------         ENDPROC       SET_ALL_GPIO_QUASI_MODE
  -------         PROC          SET_ALL_GPIO_INPUT_MODE
BL51 BANKED LINKER/LOCATER V6.22                                                      09/12/2017  00:43:58  PAGE 65


  C:32C0H         LINE#         359
  C:32C0H         LINE#         360
  C:32C3H         LINE#         361
  C:32C6H         LINE#         362
  C:32C9H         LINE#         363
  C:32CBH         LINE#         364
  C:32CEH         LINE#         365
  C:32D0H         LINE#         366
  C:32D3H         LINE#         367
  C:32D5H         LINE#         368
  C:32D8H         LINE#         369
  C:32DAH         LINE#         370
  C:32DDH         LINE#         371
  C:32DFH         LINE#         372
  -------         ENDPROC       SET_ALL_GPIO_INPUT_MODE
  -------         PROC          SW_RESET
  C:3385H         LINE#         375
  C:3385H         LINE#         376
  C:3388H         LINE#         377
  C:338BH         LINE#         378
  C:339EH         LINE#         380
  -------         ENDPROC       SW_RESET
  -------         PROC          FSYS_CLOCK_OUTPUT_ON_P26
  C:370EH         LINE#         382
  C:370EH         LINE#         383
  C:3711H         LINE#         384
  -------         ENDPROC       FSYS_CLOCK_OUTPUT_ON_P26
  -------         PROC          _PUTCHAR
  D:0007H         SYMBOL        c
  C:2F56H         LINE#         393
  C:2F56H         LINE#         431
  C:2F5BH         LINE#         432
  C:2F5EH         LINE#         433
  C:2F63H         LINE#         434
  C:2F63H         LINE#         435
  C:2F65H         LINE#         436
  C:2F68H         LINE#         438
  C:2F6DH         LINE#         439
  C:2F6FH         LINE#         440
  C:2F6FH         LINE#         441
  C:2F6FH         LINE#         442
  C:2F72H         LINE#         444
  C:2F74H         LINE#         445
  C:2F77H         LINE#         446
  C:2F77H         LINE#         447
  C:2F7AH         LINE#         448
  C:2F7FH         LINE#         449
  C:2F7FH         LINE#         450
  C:2F81H         LINE#         451
  C:2F84H         LINE#         453
  C:2F89H         LINE#         454
  C:2F8BH         LINE#         455
  C:2F8BH         LINE#         456
  C:2F8BH         LINE#         457
  C:2F8EH         LINE#         459
  C:2F90H         LINE#         460
  C:2F92H         LINE#         462
BL51 BANKED LINKER/LOCATER V6.22                                                      09/12/2017  00:43:58  PAGE 66


  -------         ENDPROC       _PUTCHAR
  -------         ENDMOD        COMMON

  -------         MODULE        DELAY
  C:0000H         SYMBOL        _ICE_DUMMY_
  D:0080H         PUBLIC        P0
  D:0090H         PUBLIC        P1
  D:00A0H         PUBLIC        P2
  D:00B0H         PUBLIC        P3
  D:008FH         PUBLIC        WKCON
  D:00D8H         PUBLIC        P5
  D:00A8H         PUBLIC        IE
  D:00B8H         PUBLIC        IP
  C:2D51H         PUBLIC        _Timer0_Delay1ms
  C:2DAAH         PUBLIC        _Timer1_Delay1ms
  C:2CF6H         PUBLIC        _Timer3_Delay1ms
  D:0098H         PUBLIC        SCON
  D:0089H         PUBLIC        TMOD
  D:0088H         PUBLIC        TCON
  C:2954H         PUBLIC        _?Random_Delay
  C:329FH         PUBLIC        _Delay10us
  D:00F8H         PUBLIC        SCON_1
  B:0088H.5       PUBLIC        TF0
  B:0088H.7       PUBLIC        TF1
  D:008CH         PUBLIC        TH0
  D:00C6H         PUBLIC        R3H
  D:008DH         PUBLIC        TH1
  D:008AH         PUBLIC        TL0
  C:2B7DH         PUBLIC        _WakeUp_Timer_Delay25ms
  D:00C5H         PUBLIC        R3L
  D:008BH         PUBLIC        TL1
  B:0088H.4       PUBLIC        TR0
  B:0088H.6       PUBLIC        TR1
  D:00E8H         PUBLIC        ADCCON0
  D:00C0H         PUBLIC        I2CON
  D:00C8H         PUBLIC        T2CON
  D:00C4H         PUBLIC        T3CON
  D:008EH         PUBLIC        CKCON
  D:0086H         PUBLIC        RWK
  D:00D0H         PUBLIC        PSW
  -------         PROC          _?RANDOM_DELAY
  -------         DO            
  x:0000H         SYMBOL        u32CNT
  x:0004H         SYMBOL        u32Tmp
  -------         ENDDO         
  C:2954H         LINE#         36
  C:295AH         LINE#         37
  C:295AH         LINE#         41
  C:2985H         LINE#         42
  C:2985H         LINE#         43
  C:29AAH         LINE#         44
  C:29D1H         LINE#         45
  -------         ENDPROC       _?RANDOM_DELAY
  -------         PROC          _DELAY10US
  D:0006H         SYMBOL        u16CNT
  C:329FH         LINE#         47
  C:329FH         LINE#         48
BL51 BANKED LINKER/LOCATER V6.22                                                      09/12/2017  00:43:58  PAGE 67


  C:32A2H         LINE#         49
  C:32A5H         LINE#         50
  C:32A7H         LINE#         51
  C:32ABH         LINE#         52
  C:32AEH         LINE#         53
  C:32B1H         LINE#         54
  C:32B4H         LINE#         56
  C:32B6H         LINE#         57
  C:32BBH         LINE#         58
  C:32BDH         LINE#         59
  C:32BFH         LINE#         60
  -------         ENDPROC       _DELAY10US
  -------         PROC          _TIMER0_DELAY1MS
  X:00BCH         SYMBOL        u32CNT
  C:2D51H         LINE#         62
  C:2D57H         LINE#         63
  C:2D5AH         LINE#         64
  C:2D5DH         LINE#         65
  C:2D5FH         LINE#         66
  C:2D78H         LINE#         67
  C:2D7BH         LINE#         68
  C:2D7EH         LINE#         69
  C:2D81H         LINE#         71
  C:2D83H         LINE#         72
  C:2DA5H         LINE#         73
  C:2DA7H         LINE#         74
  C:2DA9H         LINE#         75
  -------         ENDPROC       _TIMER0_DELAY1MS
  -------         PROC          _TIMER1_DELAY1MS
  X:00C0H         SYMBOL        u32CNT
  C:2DAAH         LINE#         77
  C:2DB0H         LINE#         78
  C:2DB3H         LINE#         79
  C:2DB6H         LINE#         80
  C:2DB8H         LINE#         81
  C:2DD1H         LINE#         82
  C:2DD4H         LINE#         83
  C:2DD7H         LINE#         84
  C:2DDAH         LINE#         86
  C:2DDCH         LINE#         87
  C:2DFEH         LINE#         88
  C:2E00H         LINE#         89
  C:2E02H         LINE#         90
  -------         ENDPROC       _TIMER1_DELAY1MS
  -------         PROC          _TIMER3_DELAY1MS
  X:00C4H         SYMBOL        u32CNT
  C:2CF6H         LINE#         92
  C:2CFCH         LINE#         93
  C:2CFFH         LINE#         94
  C:2D02H         LINE#         95
  C:2D1BH         LINE#         96
  C:2D1EH         LINE#         97
  C:2D21H         LINE#         98
  C:2D26H         LINE#         100
  C:2D29H         LINE#         101
  C:2D4BH         LINE#         102
  C:2D4DH         LINE#         103
BL51 BANKED LINKER/LOCATER V6.22                                                      09/12/2017  00:43:58  PAGE 68


  C:2D50H         LINE#         104
  -------         ENDPROC       _TIMER3_DELAY1MS
  -------         PROC          _WAKEUP_TIMER_DELAY25MS
  X:00C8H         SYMBOL        u32CNT
  C:2B7DH         LINE#         106
  C:2B83H         LINE#         107
  C:2B83H         LINE#         108
  C:2B86H         LINE#         109
  C:2B89H         LINE#         110
  C:2B8CH         LINE#         112
  C:2B8FH         LINE#         114
  C:2B92H         LINE#         115
  C:2B95H         LINE#         116
  C:2BAEH         LINE#         117
  C:2BB3H         LINE#         119
  C:2BB6H         LINE#         120
  C:2BD8H         LINE#         121
  C:2BDAH         LINE#         122
  C:2BDDH         LINE#         123
  -------         ENDPROC       _WAKEUP_TIMER_DELAY25MS
  -------         ENDMOD        DELAY

  -------         MODULE        VERSION
  C:0000H         SYMBOL        _ICE_DUMMY_
  D:0080H         PUBLIC        P0
  D:0090H         PUBLIC        P1
  D:00A0H         PUBLIC        P2
  D:00B0H         PUBLIC        P3
  D:00D8H         PUBLIC        P5
  D:00A8H         PUBLIC        IE
  D:00B8H         PUBLIC        IP
  D:0098H         PUBLIC        SCON
  D:0088H         PUBLIC        TCON
  D:00F8H         PUBLIC        SCON_1
  C:2BDEH         PUBLIC        Show_FW_Version_Number_To_PC
  D:00E8H         PUBLIC        ADCCON0
  D:00C0H         PUBLIC        I2CON
  D:00C8H         PUBLIC        T2CON
  D:00D0H         PUBLIC        PSW
  -------         PROC          SHOW_FW_VERSION_NUMBER_TO_PC
  C:2BDEH         LINE#         32
  C:2BDEH         LINE#         33
  C:2BDEH         LINE#         34
  C:2BE7H         LINE#         35
  C:2BF0H         LINE#         36
  C:2BF9H         LINE#         37
  C:2C13H         LINE#         38
  C:2C34H         LINE#         39
  -------         ENDPROC       SHOW_FW_VERSION_NUMBER_TO_PC
  -------         ENDMOD        VERSION

  -------         MODULE        ?C_STARTUP
  C:27A8H         SEGMENT       ?C_C51STARTUP
  I:00BEH         SEGMENT       ?STACK
  C:0000H         PUBLIC        ?C_STARTUP
  D:00E0H         SYMBOL        ACC
  D:00F0H         SYMBOL        B
BL51 BANKED LINKER/LOCATER V6.22                                                      09/12/2017  00:43:58  PAGE 69


  D:0083H         SYMBOL        DPH
  D:0082H         SYMBOL        DPL
  N:0000H         SYMBOL        IBPSTACK
  N:0100H         SYMBOL        IBPSTACKTOP
  N:0080H         SYMBOL        IDATALEN
  C:27ABH         SYMBOL        IDATALOOP
  N:0000H         SYMBOL        PBPSTACK
  N:0000H         SYMBOL        PBPSTACKTOP
  N:0000H         SYMBOL        PDATALEN
  N:0000H         SYMBOL        PDATASTART
  N:0000H         SYMBOL        PPAGE
  N:0000H         SYMBOL        PPAGEENABLE
  D:00A0H         SYMBOL        PPAGE_SFR
  D:0081H         SYMBOL        SP
  C:27A8H         SYMBOL        STARTUP1
  N:0000H         SYMBOL        XBPSTACK
  N:0000H         SYMBOL        XBPSTACKTOP
  N:00FFH         SYMBOL        XDATALEN
  C:27B6H         SYMBOL        XDATALOOP
  N:0000H         SYMBOL        XDATASTART
  C:0000H         LINE#         92
  C:27A8H         LINE#         99
  C:27AAH         LINE#         100
  C:27ABH         LINE#         101
  C:27ACH         LINE#         102
  C:27AEH         LINE#         106
  C:27B1H         LINE#         107
  C:27B3H         LINE#         109
  C:27B5H         LINE#         113
  C:27B6H         LINE#         114
  C:27B7H         LINE#         115
  C:27B8H         LINE#         116
  C:27BAH         LINE#         117
  C:27BCH         LINE#         151
  C:27BFH         LINE#         155
  -------         ENDMOD        ?C_STARTUP

  -------         MODULE        ?C?COPY
  C:1176H         PUBLIC        ?C?COPY
  -------         ENDMOD        ?C?COPY

  -------         MODULE        ?C?CLDPTR
  C:119CH         PUBLIC        ?C?CLDPTR
  -------         ENDMOD        ?C?CLDPTR

  -------         MODULE        ?C?CLDOPTR
  C:11B5H         PUBLIC        ?C?CLDOPTR
  -------         ENDMOD        ?C?CLDOPTR

  -------         MODULE        ?C?CILDOPTR
  C:11E2H         PUBLIC        ?C?CILDOPTR
  -------         ENDMOD        ?C?CILDOPTR

  -------         MODULE        ?C?CSTOPTR
  C:1215H         PUBLIC        ?C?CSTOPTR
  -------         ENDMOD        ?C?CSTOPTR

BL51 BANKED LINKER/LOCATER V6.22                                                      09/12/2017  00:43:58  PAGE 70


  -------         MODULE        ?C?UIDIV
  C:1237H         PUBLIC        ?C?UIDIV
  -------         ENDMOD        ?C?UIDIV

  -------         MODULE        ?C?IILDX
  C:128CH         PUBLIC        ?C?IILDX
  -------         ENDMOD        ?C?IILDX

  -------         MODULE        ?C?ILDOPTR
  C:12A2H         PUBLIC        ?C?ILDOPTR
  -------         ENDMOD        ?C?ILDOPTR

  -------         MODULE        ?C?IILDOPTR
  C:12DAH         PUBLIC        ?C?IILDOPTR
  -------         ENDMOD        ?C?IILDOPTR

  -------         MODULE        ?C?ISTOPTR
  C:1327H         PUBLIC        ?C?ISTOPTR
  -------         ENDMOD        ?C?ISTOPTR

  -------         MODULE        ?C?ULDIV
  C:1390H         PUBLIC        ?C?ULDIV
  -------         ENDMOD        ?C?ULDIV

  -------         MODULE        ?C?ULCMP
  C:1422H         PUBLIC        ?C?ULCMP
  -------         ENDMOD        ?C?ULCMP

  -------         MODULE        ?C?ULSHR
  C:1433H         PUBLIC        ?C?ULSHR
  -------         ENDMOD        ?C?ULSHR

  -------         MODULE        ?C?LSTXDATA
  C:1446H         PUBLIC        ?C?LSTXDATA
  -------         ENDMOD        ?C?LSTXDATA

  -------         MODULE        ?C?LSTKXDATA
  C:1452H         PUBLIC        ?C?LSTKXDATA
  -------         ENDMOD        ?C?LSTKXDATA

  -------         MODULE        ?C?PLDPTR
  C:1483H         PUBLIC        ?C?PLDPTR
  -------         ENDMOD        ?C?PLDPTR

  -------         MODULE        ?C?CCASE
  C:14A3H         PUBLIC        ?C?CCASE
  -------         ENDMOD        ?C?CCASE

  -------         MODULE        ?C?ICALL
  C:14C9H         PUBLIC        ?C?ICALL
  C:14CDH         PUBLIC        ?C?ICALL2
  -------         ENDMOD        ?C?ICALL

  -------         MODULE        ?C_XBP
  D:000DH         PUBLIC        ?C_XBP
  -------         ENDMOD        ?C_XBP

BL51 BANKED LINKER/LOCATER V6.22                                                      09/12/2017  00:43:58  PAGE 71


  -------         MODULE        ?C?ADDXBP
  C:14CFH         PUBLIC        ?C?ADDXBP
  -------         ENDMOD        ?C?ADDXBP

  -------         MODULE        ?C?XBPOFF
  C:14F3H         PUBLIC        ?C?XBPOFF
  -------         ENDMOD        ?C?XBPOFF

  -------         MODULE        PRINTF
  X:001AH         PUBLIC        ?_PRINTF517?BYTE
  X:001AH         PUBLIC        ?_PRINTF?BYTE
  X:001AH         PUBLIC        ?_SPRINTF517?BYTE
  X:001AH         PUBLIC        ?_SPRINTF?BYTE
  C:1B28H         PUBLIC        _PRINTF
  C:1B28H         PUBLIC        _PRINTF517
  C:1B22H         PUBLIC        _SPRINTF
  C:1B22H         PUBLIC        _SPRINTF517
  -------         ENDMOD        PRINTF

  -------         MODULE        ?C?STRCPY
  C:15CCH         PUBLIC        ?C?STRCPY
  -------         ENDMOD        ?C?STRCPY

  -------         MODULE        STRLEN
  C:33FCH         PUBLIC        _STRLEN
  -------         ENDMOD        STRLEN

  -------         MODULE        ?C?MEMSET
  C:15E9H         PUBLIC        ?C?MEMSET
  -------         ENDMOD        ?C?MEMSET

  -------         MODULE        ?C?CSTPTR
  C:1615H         PUBLIC        ?C?CSTPTR
  -------         ENDMOD        ?C?CSTPTR

  -------         MODULE        ?C?PLDIDATA
  C:1627H         PUBLIC        ?C?PLDIDATA
  -------         ENDMOD        ?C?PLDIDATA

  -------         MODULE        ?C?PLDXDATA
  C:1630H         PUBLIC        ?C?PLDXDATA
  -------         ENDMOD        ?C?PLDXDATA

  -------         MODULE        ?C?PLDIXDATA
  C:1639H         PUBLIC        ?C?PLDIXDATA
  -------         ENDMOD        ?C?PLDIXDATA

  -------         MODULE        ?C?PSTXDATA
  C:1650H         PUBLIC        ?C?PSTXDATA
  -------         ENDMOD        ?C?PSTXDATA

  -------         MODULE        ?C?PLDPDATA
  C:1659H         PUBLIC        ?C?PLDPDATA
  -------         ENDMOD        ?C?PLDPDATA

  -------         MODULE        ?C?PLDCODE
  C:1662H         PUBLIC        ?C?PLDCODE
BL51 BANKED LINKER/LOCATER V6.22                                                      09/12/2017  00:43:58  PAGE 72


  -------         ENDMOD        ?C?PLDCODE

Program Size: data=184.2 xdata=204 code=14120
LINK/LOCATE RUN COMPLETE.  0 WARNING(S),  0 ERROR(S)
