BL51 BANKED LINKER/LOCATER V6.22                                                        08/13/2017  23:05:21  PAGE 1


BL51 BANKED LINKER/LOCATER V6.22, INVOKED BY:
C:\KEIL_V5\C51\BIN\BL51.EXE .\Out\Objects\main.obj, .\Out\Objects\app_key.obj, .\Out\Objects\app_work.obj, .\Out\Objects
>> \app_repeat_exe.obj, .\Out\Objects\bsp.obj, .\Out\Objects\bsp_key.obj, .\Out\Objects\bsp_bt.obj, .\Out\Objects\bsp_di
>> splay.obj, .\Out\Objects\bsp_uart.obj, .\Out\Objects\bsp_timer0.obj, .\Out\Objects\bsp_timer1.obj, .\Out\Objects\bsp_
>> adc.obj, .\Out\Objects\bsp_keyBright.obj, .\Out\Objects\bsp_lcdBright.obj, .\Out\Objects\Common.obj, .\Out\Objects\De
>> lay.obj, .\Out\Objects\Version.obj, .\Out\Objects\STARTUP.obj TO .\Out\Objects\project PRINT (.\Out\Listings\project.
>> m51) RAMSIZE (256) DISABLEWARNING (16)


MEMORY MODEL: LARGE


INPUT MODULES INCLUDED:
  .\Out\Objects\main.obj (MAIN)
  .\Out\Objects\app_key.obj (APP_KEY)
  .\Out\Objects\app_work.obj (APP_WORK)
  .\Out\Objects\app_repeat_exe.obj (APP_REPEAT_EXE)
  .\Out\Objects\bsp.obj (BSP)
  .\Out\Objects\bsp_key.obj (BSP_KEY)
  .\Out\Objects\bsp_bt.obj (BSP_BT)
  .\Out\Objects\bsp_display.obj (BSP_DISPLAY)
  .\Out\Objects\bsp_uart.obj (BSP_UART)
  .\Out\Objects\bsp_timer0.obj (BSP_TIMER0)
  .\Out\Objects\bsp_timer1.obj (BSP_TIMER1)
  .\Out\Objects\bsp_adc.obj (BSP_ADC)
  .\Out\Objects\bsp_keyBright.obj (BSP_KEYBRIGHT)
  .\Out\Objects\bsp_lcdBright.obj (BSP_LCDBRIGHT)
  .\Out\Objects\Common.obj (COMMON)
  .\Out\Objects\Delay.obj (DELAY)
  .\Out\Objects\Version.obj (VERSION)
  .\Out\Objects\STARTUP.obj (?C_STARTUP)
  C:\KEIL_V5\C51\LIB\C51L.LIB (?C_INIT)
  C:\KEIL_V5\C51\LIB\C51L.LIB (?C?CLDOPTR)
  C:\KEIL_V5\C51\LIB\C51L.LIB (?C?CILDOPTR)
  C:\KEIL_V5\C51\LIB\C51L.LIB (?C?CSTPTR)
  C:\KEIL_V5\C51\LIB\C51L.LIB (?C?CSTOPTR)
  C:\KEIL_V5\C51\LIB\C51L.LIB (?C?UIDIV)
  C:\KEIL_V5\C51\LIB\C51L.LIB (?C?IILDX)
  C:\KEIL_V5\C51\LIB\C51L.LIB (?C?ILDOPTR)
  C:\KEIL_V5\C51\LIB\C51L.LIB (?C?IILDOPTR)
  C:\KEIL_V5\C51\LIB\C51L.LIB (?C?ISTOPTR)
  C:\KEIL_V5\C51\LIB\C51L.LIB (?C?ULDIV)
  C:\KEIL_V5\C51\LIB\C51L.LIB (?C?ULCMP)
  C:\KEIL_V5\C51\LIB\C51L.LIB (?C?ULSHR)
  C:\KEIL_V5\C51\LIB\C51L.LIB (?C?LSTXDATA)
  C:\KEIL_V5\C51\LIB\C51L.LIB (?C?LSTKXDATA)
  C:\KEIL_V5\C51\LIB\C51L.LIB (?C?PLDPTR)
  C:\KEIL_V5\C51\LIB\C51L.LIB (?C?ICALL)
  C:\KEIL_V5\C51\LIB\C51L.LIB (?C_XBP)
  C:\KEIL_V5\C51\LIB\C51L.LIB (?C?ADDXBP)
  C:\KEIL_V5\C51\LIB\C51L.LIB (?C?XBPOFF)
  C:\KEIL_V5\C51\LIB\C51L.LIB (PRINTF)
  C:\KEIL_V5\C51\LIB\C51L.LIB (?C?CLDPTR)
  C:\KEIL_V5\C51\LIB\C51L.LIB (?C?PLDIDATA)
  C:\KEIL_V5\C51\LIB\C51L.LIB (?C?PLDXDATA)
  C:\KEIL_V5\C51\LIB\C51L.LIB (?C?PLDIXDATA)
  C:\KEIL_V5\C51\LIB\C51L.LIB (?C?PSTXDATA)
  C:\KEIL_V5\C51\LIB\C51L.LIB (?C?PLDPDATA)
BL51 BANKED LINKER/LOCATER V6.22                                                      08/13/2017  23:05:21  PAGE 2


  C:\KEIL_V5\C51\LIB\C51L.LIB (?C?PLDCODE)
  C:\KEIL_V5\C51\LIB\C51L.LIB (?C?CCASE)


LINK MAP OF MODULE:  .\Out\Objects\project (MAIN)


            TYPE    BASE      LENGTH    RELOCATION   SEGMENT NAME
            -----------------------------------------------------

            * * * * * * *   D A T A   M E M O R Y   * * * * * * *
            REG     0000H     0008H     ABSOLUTE     "REG BANK 0"
            DATA    0008H     0005H     UNIT         ?DT?PRINTF?PRINTF
            DATA    000DH     0002H     UNIT         ?C?LIB_DATA
                    000FH     0011H                  *** GAP ***
            BIT     0020H.0   0001H.1   UNIT         ?BI?PRINTF?PRINTF
            BIT     0021H.1   0000H.1   UNIT         ?BI?APP_KEY
            BIT     0021H.2   0000H.1   UNIT         ?BI?APP_WORK
            BIT     0021H.3   0000H.1   UNIT         ?BI?BSP
            BIT     0021H.4   0000H.1   UNIT         ?BI?_GET_DATA_FROM_UART1?BSP_UART
            BIT     0021H.5   0000H.1   UNIT         ?BI?BSP_UART
                    0021H.6   0000H.2                *** GAP ***
            IDATA   0022H     0001H     UNIT         ?STACK

            * * * * * * *  X D A T A   M E M O R Y  * * * * * * *
            XDATA   0000H     0073H     UNIT         ?XD?BSP_KEY
            XDATA   0073H     0028H     UNIT         ?XD?PRINTF?PRINTF
            XDATA   009BH     0012H     UNIT         ?XD?APP_WORK
            XDATA   00ADH     0012H     UNIT         ?XD?APP_REPEAT_EXE
            XDATA   00BFH     0009H     UNIT         ?XD?BSP_TIMER0
            XDATA   00C8H     0006H     UNIT         ?XD?APP_KEY
            XDATA   00CEH     0004H     UNIT         ?XD?BSP_ADC
            XDATA   00D2H     0004H     UNIT         ?XD?_INITIALUART0_TIMER3_TYPE5?COMMON
            XDATA   00D6H     0004H     UNIT         ?XD?_INITIALUART0_TIMER3_TYPE6?COMMON
            XDATA   00DAH     0004H     UNIT         ?XD?_INITIALUART1_TIMER3?COMMON
            XDATA   00DEH     0004H     UNIT         ?XD?_TIMER0_DELAY1MS?DELAY
            XDATA   00E2H     0004H     UNIT         ?XD?_TIMER1_DELAY1MS?DELAY
            XDATA   00E6H     0004H     UNIT         ?XD?_TIMER3_DELAY1MS?DELAY
            XDATA   00EAH     0004H     UNIT         ?XD?_WAKEUP_TIMER_DELAY25MS?DELAY
            XDATA   00EEH     0003H     UNIT         ?XD?_LCD_SHOW_CAL_NUM?BSP_DISPLAY
            XDATA   00F1H     0002H     UNIT         ?XD?_LCD_SHOW_MI?BSP_DISPLAY
            XDATA   00F3H     0002H     UNIT         ?XD?_LCD_SHOW_PULLS_NUM?BSP_DISPLAY
            XDATA   00F5H     0001H     UNIT         ?XD?MAIN
            XDATA   00F6H     0001H     UNIT         ?XD?_APP_KEY_PRO?APP_KEY
            XDATA   00F7H     0001H     UNIT         ?XD?_BSP_DETECTKEY?BSP_KEY
            XDATA   00F8H     0001H     UNIT         ?XD?BSP_KEYSCAN?BSP_KEY
            XDATA   00F9H     0001H     UNIT         _XDATA_GROUP_

            * * * * * * *   C O D E   M E M O R Y   * * * * * * *
            CODE    0000H     0003H     ABSOLUTE     
            CODE    0003H     0008H     UNIT         ?PR?RECEIVE_DATA_FROM_UART0?COMMON
            CODE    000BH     0003H     ABSOLUTE     
            CODE    000EH     000DH     UNIT         ?PR?APP_WORK_1S_PRO?APP_WORK
            CODE    001BH     0003H     ABSOLUTE     
            CODE    001EH     001DH     UNIT         ?PR?_BSP_PUTKEY?BSP_KEY
            CODE    003BH     0003H     ABSOLUTE     
            CODE    003EH     001CH     UNIT         ?PR?WORK_INIT?APP_WORK
BL51 BANKED LINKER/LOCATER V6.22                                                      08/13/2017  23:05:21  PAGE 3


            CODE    005AH     0001H     UNIT         ?PR?APP_UI_INIT?APP_KEY
            CODE    005BH     0003H     ABSOLUTE     
            CODE    005EH     03BDH     UNIT         ?C?LIB_CODE
            CODE    041BH     0365H     UNIT         ?PR?PRINTF?PRINTF
            CODE    0780H     0322H     UNIT         ?PR?_LCD_SHOW_CAL_NUM?BSP_DISPLAY
            CODE    0AA2H     02CCH     UNIT         ?PR?_LCD_SHOW_MI_?BSP_DISPLAY
            CODE    0D6EH     0253H     UNIT         ?PR?_LCD_SHOW_PULLS_NUM?BSP_DISPLAY
            CODE    0FC1H     024CH     UNIT         ?PR?_LCD_SHOW_MI?BSP_DISPLAY
            CODE    120DH     015EH     UNIT         ?PR?_LCD_SHOW_REP_NUM?BSP_DISPLAY
            CODE    136BH     015AH     UNIT         ?PR?_BSP_DETECTKEY?BSP_KEY
            CODE    14C5H     0145H     UNIT         ?PR?_SYSTEM_CLOCK_SELECT?COMMON
            CODE    160AH     0112H     UNIT         ?CO?VERSION
            CODE    171CH     00E4H     UNIT         ?PR?_LCD_CLEAR_MI?BSP_DISPLAY
            CODE    1800H     00E3H     UNIT         ?PR?BSP_INITKEYVAR?BSP_KEY
            CODE    18E3H     00BFH     UNIT         ?PR?REPEAT_PRO?APP_REPEAT_EXE
            CODE    19A2H     00AFH     UNIT         ?PR?_APP_KEY_PRO?APP_KEY
            CODE    1A51H     009AH     UNIT         ?C_C51STARTUP
            CODE    1AEBH     0083H     UNIT         ?PR?_?RANDOM_DELAY?DELAY
            CODE    1B6EH     0069H     UNIT         ?PR?TIMER0_ISR?BSP_TIMER0
            CODE    1BD7H     0063H     UNIT         ?PR?_INITIALUART0_TIMER3_TYPE5?COMMON
            CODE    1C3AH     0063H     UNIT         ?PR?_INITIALUART0_TIMER3_TYPE6?COMMON
            CODE    1C9DH     0061H     UNIT         ?PR?_WAKEUP_TIMER_DELAY25MS?DELAY
            CODE    1CFEH     005FH     UNIT         ?PR?SHOW_FW_VERSION_NUMBER_TO_PC?VERSION
            CODE    1D5DH     005DH     UNIT         ?PR?_INITIALUART1_TIMER3?COMMON
            CODE    1DBAH     005BH     UNIT         ?PR?ADC_ISR?MAIN
            CODE    1E15H     005BH     UNIT         ?PR?_TIMER3_DELAY1MS?DELAY
            CODE    1E70H     0059H     UNIT         ?PR?_TIMER0_DELAY1MS?DELAY
            CODE    1EC9H     0059H     UNIT         ?PR?_TIMER1_DELAY1MS?DELAY
            CODE    1F22H     0051H     UNIT         ?PR?MAIN?MAIN
            CODE    1F73H     003DH     UNIT         ?PR?_PUTCHAR?COMMON
            CODE    1FB0H     0036H     UNIT         ?PR?LCD_DISPLAY_INITHARD?BSP_DISPLAY
            CODE    1FE6H     0036H     UNIT         ?PR?ADC_INIT?BSP_ADC
            CODE    201CH     0034H     UNIT         ?PR?_BSP_SETKEYPARAM?BSP_KEY
            CODE    2050H     0032H     UNIT         ?PR?APP_KEY_1S_PRO?APP_KEY
            CODE    2082H     0032H     UNIT         ?PR?_REPEAT_START?APP_REPEAT_EXE
            CODE    20B4H     0030H     UNIT         ?C_INITSEG
            CODE    20E4H     002DH     UNIT         ?PR?LCD_CLEAR_CAL_NUM?BSP_DISPLAY
            CODE    2111H     002AH     UNIT         ?PR?BSP_GETKEY?BSP_KEY
            CODE    213BH     002AH     UNIT         ?PR?_INITIALUART0_TIMER1_TYPE3?COMMON
            CODE    2165H     002AH     UNIT         ?PR?_INITIALUART0_TIMER1_TYPE4?COMMON
            CODE    218FH     0029H     UNIT         ?PR?_INITIALUART0_TIMER1_TYPE1?COMMON
            CODE    21B8H     0028H     UNIT         ?PR?BSP_GETKEY2?BSP_KEY
            CODE    21E0H     0028H     UNIT         ?PR?ADC_START?BSP_ADC
            CODE    2208H     0028H     UNIT         ?PR?_INITIALUART0_TIMER1_TYPE2?COMMON
            CODE    2230H     0027H     UNIT         ?PR?APP_KEY_INIT?APP_KEY
            CODE    2257H     0024H     UNIT         ?PR?QUERY_WORK_SUM?APP_WORK
            CODE    227BH     0023H     UNIT         ?PR?PININTERRUPT_ISR?MAIN
            CODE    229EH     0023H     UNIT         ?PR?LCD_CLEAR_PULLS_NUM?BSP_DISPLAY
            CODE    22C1H     0023H     UNIT         ?PR?TIMER0_INITHARD?BSP_TIMER0
            CODE    22E4H     0022H     UNIT         ?PR?APP_KEY_100MS_PRO?APP_KEY
            CODE    2306H     0022H     UNIT         ?PR?_LCD_SHOW_ABCD?BSP_DISPLAY
            CODE    2328H     0021H     UNIT         ?PR?_DELAY10US?DELAY
            CODE    2349H     0020H     UNIT         ?PR?SET_ALL_GPIO_INPUT_MODE?COMMON
            CODE    2369H     001CH     UNIT         ?PR?TIMER0_PARAMINIT?BSP_TIMER0
            CODE    2385H     001BH     UNIT         ?PR?BSP_KEYSCAN?BSP_KEY
            CODE    23A0H     001AH     UNIT         ?PR?SET_ALL_GPIO_QUASI_MODE?COMMON
            CODE    23BAH     001AH     UNIT         ?PR?SW_RESET?COMMON
BL51 BANKED LINKER/LOCATER V6.22                                                      08/13/2017  23:05:21  PAGE 4


            CODE    23D4H     0017H     UNIT         ?CO?APP_KEY
            CODE    23EBH     0014H     UNIT         ?PR?REPEAT_STOP?APP_REPEAT_EXE
            CODE    23FFH     0013H     UNIT         ?PR?_GET_DATA_FROM_UART1?BSP_UART
            CODE    2412H     0013H     UNIT         ?PR?TIMER1_INITHARD?BSP_TIMER1
            CODE    2425H     0012H     UNIT         ?PR?BSP_INIT?BSP
            CODE    2437H     0011H     UNIT         ?PR?_BSP_GETKEYSTATE?BSP_KEY
            CODE    2448H     0011H     UNIT         ?PR?UART_INITHARD?BSP_UART
            CODE    2459H     0010H     UNIT         ?PR?REPEAT_START_EXE?APP_REPEAT_EXE
            CODE    2469H     0010H     UNIT         ?PR?REPEAT_STOP_EXE?APP_REPEAT_EXE
            CODE    2479H     000DH     UNIT         ?PR?LCD_CLEAR_ALL?BSP_DISPLAY
            CODE    2486H     000DH     UNIT         ?PR?LCD_CLEAR_MI_ALL?BSP_DISPLAY
            CODE    2493H     000CH     UNIT         ?PR?APP_WORK_100MS_PRO?APP_WORK
            CODE    249FH     000CH     UNIT         ?PR?_REPEAT_SETSTART?APP_REPEAT_EXE
            CODE    24ABH     000CH     UNIT         ?PR?_REPEAT_SETSTOP?APP_REPEAT_EXE
            CODE    24B7H     0009H     UNIT         ?PR?ISKEYDOWN1?BSP_KEY
            CODE    24C0H     0009H     UNIT         ?PR?ISKEYDOWN2?BSP_KEY
            CODE    24C9H     0009H     UNIT         ?PR?ISKEYDOWN3?BSP_KEY
            CODE    24D2H     0009H     UNIT         ?PR?ISKEYDOWN4?BSP_KEY
            CODE    24DBH     0009H     UNIT         ?PR?ISKEYDOWN5?BSP_KEY
            CODE    24E4H     0009H     UNIT         ?PR?ISKEYDOWN6?BSP_KEY
            CODE    24EDH     0009H     UNIT         ?PR?ISKEYDOWN7?BSP_KEY
            CODE    24F6H     0009H     UNIT         ?PR?ISKEYDOWN8?BSP_KEY
            CODE    24FFH     0009H     UNIT         ?PR?ISKEYDOWN9?BSP_KEY
            CODE    2508H     0009H     UNIT         ?PR?BSP_CLEARKEY?BSP_KEY
            CODE    2511H     0009H     UNIT         ?PR?KEY_BRIGHT_INITHARD?BSP_KEYBRIGHT
            CODE    251AH     0009H     UNIT         ?PR?LCD_BRIGHT_INITHARD?BSP_LCDBRIGHT
            CODE    2523H     0008H     UNIT         ?PR?_SEND_DATA_TO_UART0?COMMON
            CODE    252BH     0008H     UNIT         ?PR?RECEIVE_DATA_FROM_UART1?COMMON
            CODE    2533H     0008H     UNIT         ?PR?_SEND_DATA_TO_UART1?COMMON
            CODE    253BH     0007H     UNIT         ?PR?BSP_INITKEYHARD?BSP_KEY
            CODE    2542H     0007H     UNIT         ?PR?LCD_CLEAR_LED_ICO?BSP_DISPLAY
            CODE    2549H     0007H     UNIT         ?PR?LCD_SHOW_LED_ICO?BSP_DISPLAY
            CODE    2550H     0007H     UNIT         ?PR?LCD_CLEAR_FM_ICO?BSP_DISPLAY
            CODE    2557H     0007H     UNIT         ?PR?LCD_SHOW_FM_ICO?BSP_DISPLAY
            CODE    255EH     0007H     UNIT         ?PR?LCD_CLEAR_BLUETOOTH_ICO?BSP_DISPLAY
            CODE    2565H     0007H     UNIT         ?PR?LCD_SHOW_BLUETOOTH_ICO?BSP_DISPLAY
            CODE    256CH     0007H     UNIT         ?PR?LCD_CLEAR_AUX_ICO?BSP_DISPLAY
            CODE    2573H     0007H     UNIT         ?PR?LCD_SHOW_AUX_ICO?BSP_DISPLAY
            CODE    257AH     0007H     UNIT         ?PR?LCD_CLEAR_USB_ICO?BSP_DISPLAY
            CODE    2581H     0007H     UNIT         ?PR?LCD_SHOW_USB_ICO?BSP_DISPLAY
            CODE    2588H     0007H     UNIT         ?PR?LCD_CLEAR_MHZ_ICO?BSP_DISPLAY
            CODE    258FH     0007H     UNIT         ?PR?LCD_SHOW_MHZ_ICO?BSP_DISPLAY
            CODE    2596H     0007H     UNIT         ?PR?LCD_CLEAR_BAZOOKA_ICO?BSP_DISPLAY
            CODE    259DH     0007H     UNIT         ?PR?LCD_SHOW_BAZOOKA_ICO?BSP_DISPLAY
            CODE    25A4H     0007H     UNIT         ?PR?LCD_CLEAR_UPCOLON_ICO?BSP_DISPLAY
            CODE    25ABH     0007H     UNIT         ?PR?LCD_SHOW_UPCOLON_ICO?BSP_DISPLAY
            CODE    25B2H     0007H     UNIT         ?PR?LCD_CLEAR_DOWNCOLON_ICO?BSP_DISPLAY
            CODE    25B9H     0007H     UNIT         ?PR?LCD_SHOW_DOWNCOLON_ICO?BSP_DISPLAY
            CODE    25C0H     0007H     UNIT         ?PR?LCD_CLEAR_ABCD?BSP_DISPLAY
            CODE    25C7H     0007H     UNIT         ?PR?LCD_SHOW_ABCD_ALL?BSP_DISPLAY
            CODE    25CEH     0007H     UNIT         ?PR?LCD_CLEAR_QS_ICO?BSP_DISPLAY
            CODE    25D5H     0007H     UNIT         ?PR?LCD_SHOW_QS_ICO?BSP_DISPLAY
            CODE    25DCH     0007H     UNIT         ?PR?LCD_CLEAR_COACH_ICO?BSP_DISPLAY
            CODE    25E3H     0007H     UNIT         ?PR?LCD_SHOW_COACH_ICO?BSP_DISPLAY
            CODE    25EAH     0007H     UNIT         ?PR?LCD_CLEAR_LINE_DOWN?BSP_DISPLAY
            CODE    25F1H     0007H     UNIT         ?PR?LCD_SHOW_LINE_DOWN?BSP_DISPLAY
            CODE    25F8H     0007H     UNIT         ?PR?LCD_CLEAR_HEART_ICO?BSP_DISPLAY
BL51 BANKED LINKER/LOCATER V6.22                                                      08/13/2017  23:05:21  PAGE 5


            CODE    25FFH     0007H     UNIT         ?PR?LCD_SHOW_HEART_ICO?BSP_DISPLAY
            CODE    2606H     0007H     UNIT         ?PR?LCD_CLEAR_CAL_ICO?BSP_DISPLAY
            CODE    260DH     0007H     UNIT         ?PR?LCD_SHOW_CAL_ICO?BSP_DISPLAY
            CODE    2614H     0006H     UNIT         ?PR?APP_POWER_OFF?APP_KEY
            CODE    261AH     0006H     UNIT         ?PR?APP_KEY_CLEAR_NOOPS_TIMEOUTCNT?APP_KEY
            CODE    2620H     0006H     UNIT         ?PR?BSP_INITKEY?BSP_KEY
            CODE    2626H     0004H     UNIT         ?PR?FSYS_CLOCK_OUTPUT_ON_P26?COMMON
            CODE    262AH     0003H     UNIT         ?PR?APP_POWER_ON?APP_KEY
            CODE    262DH     0003H     UNIT         ?PR?KEY_BRIGHT_OFF?BSP_KEYBRIGHT
            CODE    2630H     0003H     UNIT         ?PR?KEY_BRIGHT_ON?BSP_KEYBRIGHT
            CODE    2633H     0003H     UNIT         ?PR?LCD_BRIGHT_OFF?BSP_LCDBRIGHT
            CODE    2636H     0003H     UNIT         ?PR?LCD_BRIGHT_ON?BSP_LCDBRIGHT
            CODE    2639H     0001H     UNIT         ?PR?APP_FLASH_SHOW?APP_KEY
            CODE    263AH     0001H     UNIT         ?PR?APP_FLASH_CLEAR?APP_KEY
            CODE    263BH     0001H     UNIT         ?PR?APP_KEY_POWER_OR_RETURN?APP_KEY
            CODE    263CH     0001H     UNIT         ?PR?APP_KEY_SET?APP_KEY
            CODE    263DH     0001H     UNIT         ?PR?APP_KEY_ADD?APP_KEY
            CODE    263EH     0001H     UNIT         ?PR?APP_KEY_OK?APP_KEY
            CODE    263FH     0001H     UNIT         ?PR?APP_WORK_PRO?APP_WORK
            CODE    2640H     0001H     UNIT         ?PR?TIMER1_ISR?BSP_TIMER1



OVERLAY MAP OF MODULE:   .\Out\Objects\project (MAIN)


SEGMENT                                            XDATA_GROUP
  +--> CALLED SEGMENT                            START    LENGTH
----------------------------------------------------------------
?C_C51STARTUP                                    -----    -----
  +--> ?PR?MAIN?MAIN
  +--> ?C_INITSEG

?PR?MAIN?MAIN                                    00F9H    0001H
  +--> ?PR?_SYSTEM_CLOCK_SELECT?COMMON
  +--> ?PR?BSP_INIT?BSP
  +--> ?PR?_LCD_SHOW_MI_?BSP_DISPLAY
  +--> ?PR?_LCD_CLEAR_MI?BSP_DISPLAY

?PR?BSP_INIT?BSP                                 -----    -----
  +--> ?PR?SET_ALL_GPIO_INPUT_MODE?COMMON
  +--> ?PR?KEY_BRIGHT_INITHARD?BSP_KEYBRIGHT
  +--> ?PR?LCD_BRIGHT_INITHARD?BSP_LCDBRIGHT
  +--> ?PR?LCD_DISPLAY_INITHARD?BSP_DISPLAY
  +--> ?PR?TIMER0_INITHARD?BSP_TIMER0

?PR?KEY_BRIGHT_INITHARD?BSP_KEYBRIGHT            -----    -----
  +--> ?PR?KEY_BRIGHT_OFF?BSP_KEYBRIGHT

?PR?LCD_BRIGHT_INITHARD?BSP_LCDBRIGHT            -----    -----
  +--> ?PR?LCD_BRIGHT_ON?BSP_LCDBRIGHT

?PR?LCD_DISPLAY_INITHARD?BSP_DISPLAY             -----    -----
  +--> ?PR?LCD_CLEAR_ALL?BSP_DISPLAY

?PR?TIMER0_INITHARD?BSP_TIMER0                   -----    -----
  +--> ?PR?TIMER0_PARAMINIT?BSP_TIMER0
BL51 BANKED LINKER/LOCATER V6.22                                                      08/13/2017  23:05:21  PAGE 6



?PR?_LCD_SHOW_MI_?BSP_DISPLAY                    -----    -----
  +--> ?PR?_LCD_CLEAR_MI?BSP_DISPLAY



SYMBOL TABLE OF MODULE:  .\Out\Objects\project (MAIN)

  VALUE           TYPE          NAME
  ----------------------------------

  -------         MODULE        MAIN
  C:0000H         SYMBOL        _ICE_DUMMY_
  D:0080H         PUBLIC        P0
  D:0090H         PUBLIC        P1
  D:00A0H         PUBLIC        P2
  D:00B0H         PUBLIC        P3
  D:00D8H         PUBLIC        P5
  D:00A8H         PUBLIC        IE
  B:00E8H.7       PUBLIC        ADCF
  C:1DBAH         PUBLIC        ADC_ISR
  D:00B8H         PUBLIC        IP
  C:1F22H         PUBLIC        main
  D:0098H         PUBLIC        SCON
  D:0088H         PUBLIC        TCON
  D:00F8H         PUBLIC        SCON_1
  C:227BH         PUBLIC        PinInterrupt_ISR
  D:00E8H         PUBLIC        ADCCON0
  D:00C0H         PUBLIC        I2CON
  D:00ECH         PUBLIC        PIF
  D:00C3H         PUBLIC        ADCRH
  D:00C8H         PUBLIC        T2CON
  D:00C2H         PUBLIC        ADCRL
  D:00D0H         PUBLIC        PSW
  -------         PROC          ADC_ISR
  C:1DBAH         LINE#         8
  C:1DCDH         LINE#         9
  C:1DCDH         LINE#         11
  C:1DCFH         LINE#         13
  C:1DD9H         LINE#         14
  C:1DF2H         LINE#         15
  C:1DFFH         LINE#         17
  C:1E04H         LINE#         18
  -------         ENDPROC       ADC_ISR
  -------         PROC          PININTERRUPT_ISR
  C:227BH         LINE#         22
  C:2283H         LINE#         23
  C:2283H         LINE#         26
  C:2288H         LINE#         28
  C:228FH         LINE#         30
  C:2292H         LINE#         32
  C:2292H         LINE#         34
  C:2292H         LINE#         36
  C:2295H         LINE#         37
  -------         ENDPROC       PININTERRUPT_ISR
  -------         PROC          MAIN
  -------         DO            
BL51 BANKED LINKER/LOCATER V6.22                                                      08/13/2017  23:05:21  PAGE 7


  X:00F9H         SYMBOL        ucKeyCode
  -------         DO            
  X:00F5H         SYMBOL        cnt
  -------         ENDDO         
  -------         ENDDO         
  C:1F22H         LINE#         38
  C:1F22H         LINE#         40
  C:1F27H         LINE#         47
  C:1F2AH         LINE#         55
  C:1F2AH         LINE#         57
  C:1F30H         LINE#         58
  C:1F32H         LINE#         63
  C:1F32H         LINE#         64
  C:1F38H         LINE#         65
  C:1F3AH         LINE#         72
  C:1F3AH         LINE#         73
  C:1F40H         LINE#         75
  C:1F42H         LINE#         82
  C:1F52H         LINE#         83
  C:1F5EH         LINE#         84
  C:1F67H         LINE#         85
  C:1F6CH         LINE#         86
  C:1F71H         LINE#         87
  C:1F71H         LINE#         88
  C:1F71H         LINE#         97
  -------         ENDPROC       MAIN
  -------         ENDMOD        MAIN

  -------         MODULE        APP_KEY
  C:0000H         SYMBOL        _ICE_DUMMY_
  C:263AH         PUBLIC        app_flash_Clear
  D:0080H         PUBLIC        P0
  D:0090H         PUBLIC        P1
  D:00A0H         PUBLIC        P2
  D:00B0H         PUBLIC        P3
  C:2230H         PUBLIC        app_key_init
  D:00D8H         PUBLIC        P5
  D:00A8H         PUBLIC        IE
  X:00C9H         PUBLIC        g_tDevice
  C:262AH         PUBLIC        app_power_on
  X:00CAH         SYMBOL        letter
  D:00EDH         PUBLIC        PITYP
  D:00B8H         PUBLIC        IP
  X:00CBH         PUBLIC        level
  C:263CH         PUBLIC        app_key_set
  C:19A2H         PUBLIC        _app_key_pro
  X:00CCH         SYMBOL        noOps_timeoutCnt
  C:2050H         PUBLIC        app_key_1s_pro
  X:00CDH         SYMBOL        mode
  C:263EH         PUBLIC        app_key_ok
  B:0021H.1       SYMBOL        offBight_flag
  D:0087H         PUBLIC        PCON
  D:0098H         PUBLIC        SCON
  D:0088H         PUBLIC        TCON
  C:2639H         PUBLIC        app_flash_Show
  D:00F8H         PUBLIC        SCON_1
  C:263BH         PUBLIC        app_key_power_or_return
BL51 BANKED LINKER/LOCATER V6.22                                                      08/13/2017  23:05:21  PAGE 8


  C:005AH         SYMBOL        app_UI_init
  D:00E8H         PUBLIC        ADCCON0
  D:00C0H         PUBLIC        I2CON
  C:261AH         PUBLIC        app_key_clear_noOps_timeoutCnt
  D:00C8H         PUBLIC        T2CON
  C:2614H         PUBLIC        app_power_off
  C:22E4H         PUBLIC        app_key_100ms_pro
  C:263DH         PUBLIC        app_key_add
  D:00E9H         PUBLIC        PICON
  D:00D0H         PUBLIC        PSW
  D:00EAH         PUBLIC        PINEN
  D:00EBH         PUBLIC        PIPEN
  -------         PROC          APP_KEY_INIT
  C:2230H         LINE#         25
  C:2230H         LINE#         26
  C:2235H         LINE#         28
  C:2238H         LINE#         29
  C:223BH         LINE#         30
  C:223EH         LINE#         32
  C:2241H         LINE#         33
  C:2244H         LINE#         34
  C:2247H         LINE#         36
  C:224CH         LINE#         37
  C:2250H         LINE#         38
  C:2254H         LINE#         39
  -------         ENDPROC       APP_KEY_INIT
  -------         PROC          APP_UI_INIT
  C:005AH         LINE#         42
  C:005AH         LINE#         44
  -------         ENDPROC       APP_UI_INIT
  -------         PROC          APP_FLASH_SHOW
  C:2639H         LINE#         46
  C:2639H         LINE#         48
  -------         ENDPROC       APP_FLASH_SHOW
  -------         PROC          APP_FLASH_CLEAR
  C:263AH         LINE#         49
  C:263AH         LINE#         52
  -------         ENDPROC       APP_FLASH_CLEAR
  -------         PROC          APP_KEY_POWER_OR_RETURN
  C:263BH         LINE#         53
  C:263BH         LINE#         56
  -------         ENDPROC       APP_KEY_POWER_OR_RETURN
  -------         PROC          APP_KEY_SET
  C:263CH         LINE#         57
  C:263CH         LINE#         59
  -------         ENDPROC       APP_KEY_SET
  -------         PROC          APP_KEY_ADD
  C:263DH         LINE#         61
  C:263DH         LINE#         63
  -------         ENDPROC       APP_KEY_ADD
  -------         PROC          APP_KEY_OK
  C:263EH         LINE#         64
  C:263EH         LINE#         66
  -------         ENDPROC       APP_KEY_OK
  -------         PROC          APP_POWER_ON
  C:262AH         LINE#         68
  C:262AH         LINE#         69
BL51 BANKED LINKER/LOCATER V6.22                                                      08/13/2017  23:05:21  PAGE 9


  -------         ENDPROC       APP_POWER_ON
  -------         PROC          APP_POWER_OFF
  C:2614H         LINE#         71
  C:2614H         LINE#         72
  C:2617H         LINE#         73
  -------         ENDPROC       APP_POWER_OFF
  -------         PROC          APP_KEY_100MS_PRO
  -------         DO            
  X:00C8H         SYMBOL        cnt
  -------         ENDDO         
  C:22E4H         LINE#         79
  C:22E4H         LINE#         82
  C:22EBH         LINE#         83
  C:22F1H         LINE#         84
  C:22F7H         LINE#         85
  C:22F9H         LINE#         87
  C:22FCH         LINE#         89
  C:22FFH         LINE#         90
  C:22FFH         LINE#         91
  C:2300H         LINE#         92
  C:2305H         LINE#         93
  C:2305H         LINE#         94
  -------         ENDPROC       APP_KEY_100MS_PRO
  -------         PROC          APP_KEY_1S_PRO
  C:2050H         LINE#         96
  C:2050H         LINE#         98
  C:2056H         LINE#         99
  C:205AH         LINE#         100
  C:205CH         LINE#         102
  C:205FH         LINE#         103
  C:2068H         LINE#         104
  C:206FH         LINE#         105
  C:2072H         LINE#         106
  C:207BH         LINE#         107
  C:2081H         LINE#         108
  C:2081H         LINE#         110
  -------         ENDPROC       APP_KEY_1S_PRO
  -------         PROC          APP_KEY_CLEAR_NOOPS_TIMEOUTCNT
  C:261AH         LINE#         111
  C:261AH         LINE#         112
  C:261FH         LINE#         113
  -------         ENDPROC       APP_KEY_CLEAR_NOOPS_TIMEOUTCNT
  -------         PROC          _APP_KEY_PRO
  X:00F6H         SYMBOL        keyCode
  C:19A2H         LINE#         114
  C:19A7H         LINE#         116
  C:19AAH         LINE#         118
  C:19B4H         LINE#         119
  C:19B6H         LINE#         120
  C:19B9H         LINE#         123
  C:19B9H         LINE#         125
  C:19FBH         LINE#         126
  C:19FBH         LINE#         128
  C:1A03H         LINE#         129
  C:1A06H         LINE#         130
  C:1A0FH         LINE#         131
  C:1A15H         LINE#         132
BL51 BANKED LINKER/LOCATER V6.22                                                      08/13/2017  23:05:21  PAGE 10


  C:1A15H         LINE#         134
  C:1A16H         LINE#         135
  C:1A16H         LINE#         137
  C:1A1EH         LINE#         138
  C:1A21H         LINE#         139
  C:1A21H         LINE#         141
  C:1A21H         LINE#         142
  C:1A21H         LINE#         144
  C:1A28H         LINE#         145
  C:1A2BH         LINE#         146
  C:1A2EH         LINE#         147
  C:1A35H         LINE#         148
  C:1A35H         LINE#         149
  C:1A35H         LINE#         150
  C:1A3EH         LINE#         151
  C:1A41H         LINE#         152
  C:1A44H         LINE#         153
  C:1A44H         LINE#         155
  C:1A44H         LINE#         156
  C:1A44H         LINE#         158
  C:1A44H         LINE#         159
  C:1A44H         LINE#         161
  C:1A47H         LINE#         162
  C:1A47H         LINE#         163
  C:1A47H         LINE#         165
  C:1A47H         LINE#         166
  C:1A47H         LINE#         168
  C:1A47H         LINE#         169
  C:1A47H         LINE#         171
  C:1A4AH         LINE#         172
  C:1A4AH         LINE#         173
  C:1A4AH         LINE#         175
  C:1A4AH         LINE#         176
  C:1A4AH         LINE#         178
  C:1A4AH         LINE#         179
  C:1A4AH         LINE#         181
  C:1A4DH         LINE#         182
  C:1A4DH         LINE#         183
  C:1A4DH         LINE#         185
  C:1A4DH         LINE#         187
  C:1A4DH         LINE#         189
  C:1A4DH         LINE#         190
  C:1A4DH         LINE#         192
  C:1A50H         LINE#         193
  C:1A50H         LINE#         194
  C:1A50H         LINE#         196
  C:1A50H         LINE#         198
  C:1A50H         LINE#         200
  C:1A50H         LINE#         202
  C:1A50H         LINE#         203
  -------         ENDPROC       _APP_KEY_PRO
  -------         ENDMOD        APP_KEY

  -------         MODULE        APP_WORK
  C:0000H         SYMBOL        _ICE_DUMMY_
  D:0080H         PUBLIC        P0
  D:0090H         PUBLIC        P1
BL51 BANKED LINKER/LOCATER V6.22                                                      08/13/2017  23:05:21  PAGE 11


  D:00A0H         PUBLIC        P2
  D:00B0H         PUBLIC        P3
  D:00D8H         PUBLIC        P5
  D:00A8H         PUBLIC        IE
  C:2257H         PUBLIC        query_work_sum
  D:00B8H         PUBLIC        IP
  C:263FH         SYMBOL        app_work_pro
  C:000EH         PUBLIC        app_work_1s_pro
  X:009BH         SYMBOL        count_NoAction
  D:0098H         PUBLIC        SCON
  D:0088H         PUBLIC        TCON
  C:003EH         PUBLIC        work_Init
  B:0021H.2       SYMBOL        pull_once_flag
  D:00F8H         PUBLIC        SCON_1
  X:009CH         PUBLIC        Rep_Pull_num
  D:00E8H         PUBLIC        ADCCON0
  D:00C0H         PUBLIC        I2CON
  X:00A4H         PUBLIC        g_tWork
  D:00C8H         PUBLIC        T2CON
  C:2493H         PUBLIC        app_work_100ms_pro
  D:00D0H         PUBLIC        PSW
  -------         PROC          WORK_INIT
  C:003EH         LINE#         24
  C:003EH         LINE#         25
  C:0044H         LINE#         26
  C:0047H         LINE#         27
  C:004BH         LINE#         28
  C:004DH         LINE#         29
  C:0051H         LINE#         30
  C:0055H         LINE#         32
  C:0059H         LINE#         33
  -------         ENDPROC       WORK_INIT
  -------         PROC          QUERY_WORK_SUM
  C:2257H         LINE#         35
  C:2257H         LINE#         36
  C:2265H         LINE#         37
  C:2274H         LINE#         38
  C:2278H         LINE#         39
  C:2278H         LINE#         40
  C:227AH         LINE#         42
  -------         ENDPROC       QUERY_WORK_SUM
  -------         PROC          APP_WORK_1S_PRO
  C:000EH         LINE#         44
  C:000EH         LINE#         45
  C:0017H         LINE#         46
  C:001AH         LINE#         47
  C:001AH         LINE#         49
  -------         ENDPROC       APP_WORK_1S_PRO
  -------         PROC          APP_WORK_100MS_PRO
  C:2493H         LINE#         50
  C:2493H         LINE#         51
  C:2496H         LINE#         52
  C:2498H         LINE#         54
  C:249BH         LINE#         55
  C:249EH         LINE#         56
  C:249EH         LINE#         58
  -------         ENDPROC       APP_WORK_100MS_PRO
BL51 BANKED LINKER/LOCATER V6.22                                                      08/13/2017  23:05:21  PAGE 12


  -------         PROC          APP_WORK_PRO
  C:263FH         LINE#         60
  C:263FH         LINE#         62
  -------         ENDPROC       APP_WORK_PRO
  -------         ENDMOD        APP_WORK

  -------         MODULE        APP_REPEAT_EXE
  C:0000H         SYMBOL        _ICE_DUMMY_
  D:0080H         PUBLIC        P0
  D:0090H         PUBLIC        P1
  D:00A0H         PUBLIC        P2
  D:00B0H         PUBLIC        P3
  C:249FH         PUBLIC        _Repeat_SetStart
  D:00D8H         PUBLIC        P5
  D:00A8H         PUBLIC        IE
  C:2469H         SYMBOL        Repeat_Stop_exe
  D:00B8H         PUBLIC        IP
  C:24ABH         PUBLIC        _Repeat_SetStop
  X:00ADH         SYMBOL        g_tRepeat
  D:0098H         PUBLIC        SCON
  D:0088H         PUBLIC        TCON
  D:00F8H         PUBLIC        SCON_1
  C:2082H         PUBLIC        _Repeat_Start
  D:00E8H         PUBLIC        ADCCON0
  D:00C0H         PUBLIC        I2CON
  D:00C8H         PUBLIC        T2CON
  C:23EBH         PUBLIC        Repeat_Stop
  C:18E3H         PUBLIC        Repeat_Pro
  C:2459H         SYMBOL        Repeat_Start_exe
  D:00D0H         PUBLIC        PSW
  -------         PROC          _REPEAT_SETSTART
  D:0001H         SYMBOL        fun
  C:249FH         LINE#         12
  C:249FH         LINE#         13
  C:24AAH         LINE#         14
  -------         ENDPROC       _REPEAT_SETSTART
  -------         PROC          _REPEAT_SETSTOP
  D:0001H         SYMBOL        fun
  C:24ABH         LINE#         16
  C:24ABH         LINE#         17
  C:24B6H         LINE#         18
  -------         ENDPROC       _REPEAT_SETSTOP
  -------         PROC          REPEAT_START_EXE
  C:2459H         LINE#         20
  C:2459H         LINE#         21
  C:2465H         LINE#         22
  C:2468H         LINE#         23
  C:2468H         LINE#         24
  -------         ENDPROC       REPEAT_START_EXE
  -------         PROC          REPEAT_STOP_EXE
  C:2469H         LINE#         26
  C:2469H         LINE#         27
  C:2475H         LINE#         28
  C:2478H         LINE#         29
  C:2478H         LINE#         30
  -------         ENDPROC       REPEAT_STOP_EXE
  -------         PROC          _REPEAT_START
BL51 BANKED LINKER/LOCATER V6.22                                                      08/13/2017  23:05:21  PAGE 13


  D:0006H         SYMBOL        _usStartTime
  D:0004H         SYMBOL        _usStopTime
  D:0002H         SYMBOL        _usCycle
  C:2082H         LINE#         42
  C:2082H         LINE#         43
  C:2082H         LINE#         44
  C:2086H         LINE#         46
  C:2086H         LINE#         48
  C:208EH         LINE#         49
  C:2096H         LINE#         50
  C:209EH         LINE#         51
  C:20A3H         LINE#         52
  C:20A7H         LINE#         53
  C:20ABH         LINE#         54
  C:20B0H         LINE#         56
  C:20B3H         LINE#         57
  -------         ENDPROC       _REPEAT_START
  -------         PROC          REPEAT_STOP
  C:23EBH         LINE#         67
  C:23EBH         LINE#         68
  C:23F0H         LINE#         69
  C:23F3H         LINE#         70
  C:23FCH         LINE#         71
  -------         ENDPROC       REPEAT_STOP
  -------         PROC          REPEAT_PRO
  C:18E3H         LINE#         83
  C:18E3H         LINE#         85
  C:18EAH         LINE#         86
  C:18EDH         LINE#         88
  C:18EDH         LINE#         90
  C:1904H         LINE#         92
  C:1904H         LINE#         94
  C:190AH         LINE#         95
  C:1916H         LINE#         96
  C:1916H         LINE#         97
  C:192FH         LINE#         98
  C:1932H         LINE#         99
  C:1939H         LINE#         100
  C:193EH         LINE#         101
  C:193EH         LINE#         102
  C:193FH         LINE#         104
  C:193FH         LINE#         105
  C:1947H         LINE#         106
  C:195FH         LINE#         108
  C:196EH         LINE#         109
  C:1981H         LINE#         111
  C:1986H         LINE#         112
  C:1986H         LINE#         114
  C:198CH         LINE#         115
  C:1993H         LINE#         117
  C:1993H         LINE#         118
  C:1993H         LINE#         119
  C:199AH         LINE#         120
  C:199EH         LINE#         122
  C:19A1H         LINE#         123
  C:19A1H         LINE#         124
  C:19A1H         LINE#         126
BL51 BANKED LINKER/LOCATER V6.22                                                      08/13/2017  23:05:21  PAGE 14


  -------         ENDPROC       REPEAT_PRO
  -------         ENDMOD        APP_REPEAT_EXE

  -------         MODULE        BSP
  C:0000H         SYMBOL        _ICE_DUMMY_
  D:0080H         PUBLIC        P0
  D:0090H         PUBLIC        P1
  D:00A0H         PUBLIC        P2
  D:00B0H         PUBLIC        P3
  D:00D8H         PUBLIC        P5
  B:00A8H.7       PUBLIC        EA
  D:00A8H         PUBLIC        IE
  D:00B8H         PUBLIC        IP
  B:0021H.3       PUBLIC        BIT_TMP
  D:0098H         PUBLIC        SCON
  D:0088H         PUBLIC        TCON
  C:2425H         PUBLIC        bsp_Init
  D:00F8H         PUBLIC        SCON_1
  D:00E8H         PUBLIC        ADCCON0
  D:00C0H         PUBLIC        I2CON
  D:00C8H         PUBLIC        T2CON
  D:00D0H         PUBLIC        PSW
  -------         PROC          BSP_INIT
  C:2425H         LINE#         5
  C:2425H         LINE#         10
  C:2428H         LINE#         14
  C:242BH         LINE#         15
  C:242EH         LINE#         17
  C:2431H         LINE#         18
  C:2434H         LINE#         23
  C:2436H         LINE#         25
  -------         ENDPROC       BSP_INIT
  -------         ENDMOD        BSP

  -------         MODULE        BSP_KEY
  C:0000H         SYMBOL        _ICE_DUMMY_
  D:00B1H         PUBLIC        P0M1
  D:00B2H         PUBLIC        P0M2
  D:0080H         PUBLIC        P0
  D:0090H         PUBLIC        P1
  D:00A0H         PUBLIC        P2
  D:00B0H         PUBLIC        P3
  D:00D8H         PUBLIC        P5
  C:001EH         PUBLIC        _bsp_PutKey
  D:00A8H         PUBLIC        IE
  C:1800H         SYMBOL        bsp_InitKeyVar
  X:0000H         PUBLIC        pBtn
  D:00B8H         PUBLIC        IP
  C:21B8H         PUBLIC        bsp_GetKey2
  C:136BH         SYMBOL        _bsp_DetectKey
  B:0080H.2       PUBLIC        P02
  C:24B7H         SYMBOL        IsKeyDown1
  B:0080H.4       PUBLIC        P04
  D:0098H         PUBLIC        SCON
  C:24C0H         SYMBOL        IsKeyDown2
  B:0080H.5       PUBLIC        P05
  D:0088H         PUBLIC        TCON
BL51 BANKED LINKER/LOCATER V6.22                                                      08/13/2017  23:05:21  PAGE 15


  C:24C9H         SYMBOL        IsKeyDown3
  B:0080H.6       PUBLIC        P06
  C:24D2H         SYMBOL        IsKeyDown4
  C:24DBH         SYMBOL        IsKeyDown5
  C:24E4H         SYMBOL        IsKeyDown6
  C:24EDH         SYMBOL        IsKeyDown7
  B:00D8H.5       PUBLIC        P55
  C:24F6H         SYMBOL        IsKeyDown8
  C:24FFH         SYMBOL        IsKeyDown9
  C:2508H         PUBLIC        bsp_ClearKey
  D:00F8H         PUBLIC        SCON_1
  C:2385H         PUBLIC        bsp_KeyScan
  D:00E8H         PUBLIC        ADCCON0
  D:00C0H         PUBLIC        I2CON
  D:00C8H         PUBLIC        T2CON
  C:2620H         PUBLIC        bsp_InitKey
  C:253BH         SYMBOL        bsp_InitKeyHard
  X:0003H         SYMBOL        s_tBtn
  X:0066H         SYMBOL        s_tKey
  C:2111H         PUBLIC        bsp_GetKey
  C:201CH         PUBLIC        _bsp_SetKeyParam
  C:2437H         PUBLIC        _bsp_GetKeyState
  D:00D0H         PUBLIC        PSW
  -------         PROC          ISKEYDOWN1
  C:24B7H         LINE#         34
  C:24B7H         LINE#         35
  C:24BAH         LINE#         36
  C:24BDH         LINE#         37
  C:24BDH         LINE#         38
  C:24BFH         LINE#         39
  C:24BFH         LINE#         40
  -------         ENDPROC       ISKEYDOWN1
  -------         PROC          ISKEYDOWN2
  C:24C0H         LINE#         41
  C:24C0H         LINE#         42
  C:24C3H         LINE#         43
  C:24C6H         LINE#         44
  C:24C6H         LINE#         45
  C:24C8H         LINE#         46
  C:24C8H         LINE#         47
  -------         ENDPROC       ISKEYDOWN2
  -------         PROC          ISKEYDOWN3
  C:24C9H         LINE#         48
  C:24C9H         LINE#         49
  C:24CCH         LINE#         50
  C:24CFH         LINE#         51
  C:24CFH         LINE#         52
  C:24D1H         LINE#         53
  C:24D1H         LINE#         54
  -------         ENDPROC       ISKEYDOWN3
  -------         PROC          ISKEYDOWN4
  C:24D2H         LINE#         55
  C:24D2H         LINE#         56
  C:24D5H         LINE#         57
  C:24D8H         LINE#         58
  C:24D8H         LINE#         59
  C:24DAH         LINE#         60
BL51 BANKED LINKER/LOCATER V6.22                                                      08/13/2017  23:05:21  PAGE 16


  C:24DAH         LINE#         61
  -------         ENDPROC       ISKEYDOWN4
  -------         PROC          ISKEYDOWN5
  C:24DBH         LINE#         63
  C:24DBH         LINE#         64
  C:24DEH         LINE#         65
  C:24E1H         LINE#         66
  C:24E1H         LINE#         67
  C:24E3H         LINE#         68
  C:24E3H         LINE#         69
  -------         ENDPROC       ISKEYDOWN5
  -------         PROC          ISKEYDOWN6
  C:24E4H         LINE#         70
  C:24E4H         LINE#         71
  C:24E7H         LINE#         72
  C:24EAH         LINE#         73
  C:24EAH         LINE#         74
  C:24ECH         LINE#         75
  C:24ECH         LINE#         76
  -------         ENDPROC       ISKEYDOWN6
  -------         PROC          ISKEYDOWN7
  C:24EDH         LINE#         77
  C:24EDH         LINE#         78
  C:24F0H         LINE#         79
  C:24F3H         LINE#         80
  C:24F3H         LINE#         81
  C:24F5H         LINE#         82
  C:24F5H         LINE#         83
  -------         ENDPROC       ISKEYDOWN7
  -------         PROC          ISKEYDOWN8
  C:24F6H         LINE#         84
  C:24F6H         LINE#         85
  C:24F9H         LINE#         86
  C:24FCH         LINE#         87
  C:24FCH         LINE#         88
  C:24FEH         LINE#         89
  C:24FEH         LINE#         90
  -------         ENDPROC       ISKEYDOWN8
  -------         PROC          ISKEYDOWN9
  C:24FFH         LINE#         91
  C:24FFH         LINE#         92
  C:2502H         LINE#         93
  C:2505H         LINE#         94
  C:2505H         LINE#         95
  C:2507H         LINE#         96
  C:2507H         LINE#         97
  -------         ENDPROC       ISKEYDOWN9
  -------         PROC          BSP_INITKEY
  C:2620H         LINE#         107
  C:2620H         LINE#         108
  C:2623H         LINE#         109
  -------         ENDPROC       BSP_INITKEY
  -------         PROC          _BSP_PUTKEY
  D:0007H         SYMBOL        _KeyCode
  C:001EH         LINE#         120
  C:001EH         LINE#         121
  C:002DH         LINE#         123
BL51 BANKED LINKER/LOCATER V6.22                                                      08/13/2017  23:05:21  PAGE 17


  C:0038H         LINE#         124
  C:003AH         LINE#         125
  C:003AH         LINE#         126
  -------         ENDPROC       _BSP_PUTKEY
  -------         PROC          BSP_GETKEY
  -------         DO            
  D:0007H         SYMBOL        ret
  -------         ENDDO         
  C:2111H         LINE#         136
  C:2111H         LINE#         139
  C:211EH         LINE#         140
  C:2121H         LINE#         141
  C:2121H         LINE#         142
  C:212DH         LINE#         144
  C:2138H         LINE#         145
  C:213AH         LINE#         146
  C:213AH         LINE#         147
  C:213AH         LINE#         148
  C:213AH         LINE#         149
  -------         ENDPROC       BSP_GETKEY
  -------         PROC          BSP_GETKEY2
  -------         DO            
  D:0007H         SYMBOL        ret
  -------         ENDDO         
  C:21B8H         LINE#         159
  C:21B8H         LINE#         162
  C:21C3H         LINE#         163
  C:21C6H         LINE#         164
  C:21C6H         LINE#         165
  C:21D2H         LINE#         167
  C:21DDH         LINE#         168
  C:21DFH         LINE#         169
  C:21DFH         LINE#         170
  C:21DFH         LINE#         171
  C:21DFH         LINE#         172
  -------         ENDPROC       BSP_GETKEY2
  -------         PROC          _BSP_GETKEYSTATE
  D:0007H         SYMBOL        _ucKeyID
  C:2437H         LINE#         182
  C:2437H         LINE#         183
  C:2447H         LINE#         184
  -------         ENDPROC       _BSP_GETKEYSTATE
  -------         PROC          _BSP_SETKEYPARAM
  D:0007H         SYMBOL        _ucKeyID
  D:0004H         SYMBOL        _LongTime
  D:0003H         SYMBOL        _RepeatSpeed
  C:201CH         LINE#         196
  C:201CH         LINE#         197
  C:202FH         LINE#         198
  C:203FH         LINE#         199
  C:204FH         LINE#         200
  -------         ENDPROC       _BSP_SETKEYPARAM
  -------         PROC          BSP_CLEARKEY
  C:2508H         LINE#         210
  C:2508H         LINE#         211
  C:2510H         LINE#         212
  -------         ENDPROC       BSP_CLEARKEY
BL51 BANKED LINKER/LOCATER V6.22                                                      08/13/2017  23:05:21  PAGE 18


  -------         PROC          BSP_INITKEYHARD
  C:253BH         LINE#         222
  C:253BH         LINE#         224
  C:253EH         LINE#         225
  C:2541H         LINE#         227
  -------         ENDPROC       BSP_INITKEYHARD
  -------         PROC          BSP_INITKEYVAR
  -------         DO            
  D:0007H         SYMBOL        i
  -------         ENDDO         
  C:1800H         LINE#         237
  C:1800H         LINE#         241
  C:1805H         LINE#         242
  C:1807H         LINE#         243
  C:1809H         LINE#         246
  C:180AH         LINE#         247
  C:181EH         LINE#         248
  C:182FH         LINE#         249
  C:183FH         LINE#         253
  C:184FH         LINE#         254
  C:185FH         LINE#         255
  C:1864H         LINE#         258
  C:1872H         LINE#         259
  C:1880H         LINE#         260
  C:188EH         LINE#         261
  C:189CH         LINE#         262
  C:18AAH         LINE#         263
  C:18B8H         LINE#         264
  C:18C6H         LINE#         265
  C:18D4H         LINE#         266
  C:18E2H         LINE#         268
  -------         ENDPROC       BSP_INITKEYVAR
  -------         PROC          _BSP_DETECTKEY
  X:00F7H         SYMBOL        i
  C:136BH         LINE#         279
  C:1370H         LINE#         280
  C:138AH         LINE#         281
  C:1396H         LINE#         282
  C:13ADH         LINE#         283
  C:13B2H         LINE#         284
  C:13BBH         LINE#         285
  C:13C3H         LINE#         286
  C:13C3H         LINE#         287
  C:13CBH         LINE#         288
  C:13D2H         LINE#         291
  C:13DFH         LINE#         292
  C:13DFH         LINE#         294
  C:13FEH         LINE#         295
  C:140BH         LINE#         297
  C:1422H         LINE#         299
  C:142CH         LINE#         300
  C:142CH         LINE#         301
  C:142EH         LINE#         302
  C:143DH         LINE#         303
  C:1449H         LINE#         304
  C:1450H         LINE#         306
  C:145DH         LINE#         307
BL51 BANKED LINKER/LOCATER V6.22                                                      08/13/2017  23:05:21  PAGE 19


  C:145DH         LINE#         308
  C:145DH         LINE#         309
  C:145DH         LINE#         310
  C:145DH         LINE#         311
  C:145DH         LINE#         312
  C:145DH         LINE#         313
  C:1474H         LINE#         314
  C:147CH         LINE#         315
  C:1481H         LINE#         316
  C:1489H         LINE#         317
  C:148BH         LINE#         318
  C:1494H         LINE#         319
  C:149BH         LINE#         322
  C:14A9H         LINE#         323
  C:14A9H         LINE#         324
  C:14A9H         LINE#         325
  C:14BDH         LINE#         326
  C:14C4H         LINE#         327
  C:14C4H         LINE#         328
  -------         ENDPROC       _BSP_DETECTKEY
  -------         PROC          BSP_KEYSCAN
  -------         DO            
  X:00F8H         SYMBOL        i
  -------         ENDDO         
  C:2385H         LINE#         338
  C:2385H         LINE#         341
  C:2394H         LINE#         342
  C:2397H         LINE#         343
  C:239FH         LINE#         344
  -------         ENDPROC       BSP_KEYSCAN
  -------         ENDMOD        BSP_KEY

  -------         MODULE        BSP_BT
  C:0000H         SYMBOL        _ICE_DUMMY_
  D:0080H         PUBLIC        P0
  D:0090H         PUBLIC        P1
  D:00A0H         PUBLIC        P2
  D:00B0H         PUBLIC        P3
  D:00D8H         PUBLIC        P5
  D:00A8H         PUBLIC        IE
  D:00B8H         PUBLIC        IP
  D:0098H         PUBLIC        SCON
  D:0088H         PUBLIC        TCON
  D:00F8H         PUBLIC        SCON_1
  D:00E8H         PUBLIC        ADCCON0
  D:00C0H         PUBLIC        I2CON
  D:00C8H         PUBLIC        T2CON
  D:00D0H         PUBLIC        PSW
  -------         ENDMOD        BSP_BT

  -------         MODULE        BSP_DISPLAY
  C:0000H         SYMBOL        _ICE_DUMMY_
  C:259DH         PUBLIC        LCD_Show_BAZOOKA_ICO
  D:00B1H         PUBLIC        P0M1
  D:00B3H         PUBLIC        P1M1
  D:00B2H         PUBLIC        P0M2
  D:0080H         PUBLIC        P0
BL51 BANKED LINKER/LOCATER V6.22                                                      08/13/2017  23:05:21  PAGE 20


  D:00B5H         PUBLIC        P2M1
  D:00B4H         PUBLIC        P1M2
  D:0090H         PUBLIC        P1
  D:00B6H         PUBLIC        P2M2
  D:00ACH         PUBLIC        P3M1
  D:00A0H         PUBLIC        P2
  D:00DAH         PUBLIC        P4M1
  D:00B0H         PUBLIC        P3
  D:00ADH         PUBLIC        P3M2
  D:00DCH         PUBLIC        P5M1
  D:00DBH         PUBLIC        P4M2
  D:00DDH         PUBLIC        P5M2
  D:00D8H         PUBLIC        P5
  C:2557H         PUBLIC        LCD_Show_FM_ICO
  C:25C0H         PUBLIC        LCD_Clear_ABCD
  C:2606H         PUBLIC        LCD_Clear_CAL_ICO
  D:00A8H         PUBLIC        IE
  C:0FC1H         PUBLIC        _LCD_Show_mi
  C:2542H         PUBLIC        LCD_Clear_LED_ICO
  C:25D5H         PUBLIC        LCD_Show_QS_ICO
  C:2479H         PUBLIC        LCD_Clear_All
  D:00B8H         PUBLIC        IP
  C:0780H         PUBLIC        _LCD_Show_CAL_Num
  C:25DCH         PUBLIC        LCD_Clear_COACH_ICO
  C:25A4H         PUBLIC        LCD_Clear_upColon_ICO
  C:25EAH         PUBLIC        LCD_Clear_Line_down
  C:229EH         PUBLIC        LCD_Clear_Pulls_Num
  C:257AH         PUBLIC        LCD_Clear_USB_ICO
  C:1FB0H         PUBLIC        LCD_display_InitHard
  C:256CH         PUBLIC        LCD_Clear_AUX_ICO
  C:2588H         PUBLIC        LCD_Clear_MHZ_ICO
  C:25B9H         PUBLIC        LCD_Show_downColon_ICO
  D:00FCH         PUBLIC        LCDDAT
  D:00FAH         PUBLIC        LCDCLK
  C:25F8H         PUBLIC        LCD_Clear_Heart_ICO
  C:120DH         PUBLIC        _LCD_Show_REP_Num
  D:0098H         PUBLIC        SCON
  D:00F9H         PUBLIC        LCDCON
  D:0088H         PUBLIC        TCON
  C:255EH         PUBLIC        LCD_Clear_BLUETooTH_ICO
  C:2306H         PUBLIC        _LCD_Show_ABCD
  C:260DH         PUBLIC        LCD_Show_CAL_ICO
  C:2596H         PUBLIC        LCD_Clear_BAZOOKA_ICO
  D:00F8H         PUBLIC        SCON_1
  C:2549H         PUBLIC        LCD_Show_LED_ICO
  D:00FBH         PUBLIC        LCDPTR
  C:2550H         PUBLIC        LCD_Clear_FM_ICO
  C:25E3H         PUBLIC        LCD_Show_COACH_ICO
  C:171CH         PUBLIC        _LCD_Clear_mi
  C:25ABH         PUBLIC        LCD_Show_upColon_ICO
  D:00E8H         PUBLIC        ADCCON0
  D:00C0H         PUBLIC        I2CON
  C:25F1H         PUBLIC        LCD_Show_Line_down
  C:0D6EH         PUBLIC        _LCD_Show_Pulls_Num
  C:25C7H         PUBLIC        LCD_Show_ABCD_all
  C:25CEH         PUBLIC        LCD_Clear_QS_ICO
  C:2581H         PUBLIC        LCD_Show_USB_ICO
BL51 BANKED LINKER/LOCATER V6.22                                                      08/13/2017  23:05:21  PAGE 21


  C:20E4H         PUBLIC        LCD_Clear_CAL_Num
  C:2573H         PUBLIC        LCD_Show_AUX_ICO
  C:258FH         PUBLIC        LCD_Show_MHZ_ICO
  D:00E5H         PUBLIC        LCDSEG0
  D:00E6H         PUBLIC        LCDSEG1
  D:00E7H         PUBLIC        LCDSEG2
  D:00EEH         PUBLIC        LCDSEG3
  D:00C8H         PUBLIC        T2CON
  C:25FFH         PUBLIC        LCD_Show_Heart_ICO
  C:0AA2H         PUBLIC        _LCD_Show_mi_
  C:2565H         PUBLIC        LCD_Show_BLUETooTH_ICO
  C:2486H         PUBLIC        LCD_Clear_mi_all
  C:25B2H         PUBLIC        LCD_Clear_downColon_ICO
  D:00D0H         PUBLIC        PSW
  -------         PROC          LCD_DISPLAY_INITHARD
  C:1FB0H         LINE#         15
  C:1FB0H         LINE#         18
  C:1FB3H         LINE#         19
  C:1FB6H         LINE#         21
  C:1FB8H         LINE#         22
  C:1FBBH         LINE#         24
  C:1FBDH         LINE#         25
  C:1FC0H         LINE#         27
  C:1FC2H         LINE#         28
  C:1FC5H         LINE#         30
  C:1FC7H         LINE#         31
  C:1FCAH         LINE#         33
  C:1FCCH         LINE#         34
  C:1FCFH         LINE#         38
  C:1FD1H         LINE#         40
  C:1FD4H         LINE#         43
  C:1FD7H         LINE#         44
  C:1FDAH         LINE#         45
  C:1FDDH         LINE#         46
  C:1FE0H         LINE#         48
  C:1FE3H         LINE#         50
  -------         ENDPROC       LCD_DISPLAY_INITHARD
  -------         PROC          LCD_CLEAR_ALL
  -------         DO            
  D:0007H         SYMBOL        i
  -------         ENDDO         
  C:2479H         LINE#         53
  C:2479H         LINE#         55
  C:247BH         LINE#         56
  C:247DH         LINE#         57
  C:2480H         LINE#         58
  C:2485H         LINE#         59
  -------         ENDPROC       LCD_CLEAR_ALL
  -------         PROC          LCD_CLEAR_LED_ICO
  C:2542H         LINE#         61
  C:2542H         LINE#         62
  C:2545H         LINE#         63
  C:2548H         LINE#         64
  -------         ENDPROC       LCD_CLEAR_LED_ICO
  -------         PROC          LCD_SHOW_LED_ICO
  C:2549H         LINE#         65
  C:2549H         LINE#         66
BL51 BANKED LINKER/LOCATER V6.22                                                      08/13/2017  23:05:21  PAGE 22


  C:254CH         LINE#         67
  C:254FH         LINE#         68
  -------         ENDPROC       LCD_SHOW_LED_ICO
  -------         PROC          LCD_CLEAR_FM_ICO
  C:2550H         LINE#         69
  C:2550H         LINE#         70
  C:2553H         LINE#         71
  C:2556H         LINE#         72
  -------         ENDPROC       LCD_CLEAR_FM_ICO
  -------         PROC          LCD_SHOW_FM_ICO
  C:2557H         LINE#         73
  C:2557H         LINE#         74
  C:255AH         LINE#         75
  C:255DH         LINE#         76
  -------         ENDPROC       LCD_SHOW_FM_ICO
  -------         PROC          LCD_CLEAR_BLUETOOTH_ICO
  C:255EH         LINE#         77
  C:255EH         LINE#         78
  C:2561H         LINE#         79
  C:2564H         LINE#         80
  -------         ENDPROC       LCD_CLEAR_BLUETOOTH_ICO
  -------         PROC          LCD_SHOW_BLUETOOTH_ICO
  C:2565H         LINE#         81
  C:2565H         LINE#         82
  C:2568H         LINE#         83
  C:256BH         LINE#         84
  -------         ENDPROC       LCD_SHOW_BLUETOOTH_ICO
  -------         PROC          LCD_CLEAR_AUX_ICO
  C:256CH         LINE#         85
  C:256CH         LINE#         86
  C:256FH         LINE#         87
  C:2572H         LINE#         88
  -------         ENDPROC       LCD_CLEAR_AUX_ICO
  -------         PROC          LCD_SHOW_AUX_ICO
  C:2573H         LINE#         89
  C:2573H         LINE#         90
  C:2576H         LINE#         91
  C:2579H         LINE#         92
  -------         ENDPROC       LCD_SHOW_AUX_ICO
  -------         PROC          LCD_CLEAR_USB_ICO
  C:257AH         LINE#         93
  C:257AH         LINE#         94
  C:257DH         LINE#         95
  C:2580H         LINE#         96
  -------         ENDPROC       LCD_CLEAR_USB_ICO
  -------         PROC          LCD_SHOW_USB_ICO
  C:2581H         LINE#         97
  C:2581H         LINE#         98
  C:2584H         LINE#         99
  C:2587H         LINE#         100
  -------         ENDPROC       LCD_SHOW_USB_ICO
  -------         PROC          LCD_CLEAR_MHZ_ICO
  C:2588H         LINE#         101
  C:2588H         LINE#         102
  C:258BH         LINE#         103
  C:258EH         LINE#         104
  -------         ENDPROC       LCD_CLEAR_MHZ_ICO
BL51 BANKED LINKER/LOCATER V6.22                                                      08/13/2017  23:05:21  PAGE 23


  -------         PROC          LCD_SHOW_MHZ_ICO
  C:258FH         LINE#         105
  C:258FH         LINE#         106
  C:2592H         LINE#         107
  C:2595H         LINE#         108
  -------         ENDPROC       LCD_SHOW_MHZ_ICO
  -------         PROC          LCD_CLEAR_BAZOOKA_ICO
  C:2596H         LINE#         109
  C:2596H         LINE#         110
  C:2599H         LINE#         111
  C:259CH         LINE#         112
  -------         ENDPROC       LCD_CLEAR_BAZOOKA_ICO
  -------         PROC          LCD_SHOW_BAZOOKA_ICO
  C:259DH         LINE#         113
  C:259DH         LINE#         114
  C:25A0H         LINE#         115
  C:25A3H         LINE#         116
  -------         ENDPROC       LCD_SHOW_BAZOOKA_ICO
  -------         PROC          LCD_CLEAR_UPCOLON_ICO
  C:25A4H         LINE#         120
  C:25A4H         LINE#         121
  C:25A7H         LINE#         122
  C:25AAH         LINE#         123
  -------         ENDPROC       LCD_CLEAR_UPCOLON_ICO
  -------         PROC          LCD_SHOW_UPCOLON_ICO
  C:25ABH         LINE#         124
  C:25ABH         LINE#         125
  C:25AEH         LINE#         126
  C:25B1H         LINE#         127
  -------         ENDPROC       LCD_SHOW_UPCOLON_ICO
  -------         PROC          LCD_CLEAR_DOWNCOLON_ICO
  C:25B2H         LINE#         128
  C:25B2H         LINE#         129
  C:25B5H         LINE#         130
  C:25B8H         LINE#         131
  -------         ENDPROC       LCD_CLEAR_DOWNCOLON_ICO
  -------         PROC          LCD_SHOW_DOWNCOLON_ICO
  C:25B9H         LINE#         132
  C:25B9H         LINE#         133
  C:25BCH         LINE#         134
  C:25BFH         LINE#         135
  -------         ENDPROC       LCD_SHOW_DOWNCOLON_ICO
  -------         PROC          _LCD_CLEAR_MI
  D:0007H         SYMBOL        n
  C:171CH         LINE#         137
  C:171CH         LINE#         138
  C:1744H         LINE#         139
  C:1744H         LINE#         140
  C:1747H         LINE#         141
  C:174AH         LINE#         143
  C:174DH         LINE#         144
  C:1750H         LINE#         146
  C:1753H         LINE#         147
  C:1756H         LINE#         149
  C:1759H         LINE#         150
  C:1759H         LINE#         151
  C:175CH         LINE#         152
BL51 BANKED LINKER/LOCATER V6.22                                                      08/13/2017  23:05:21  PAGE 24


  C:175CH         LINE#         153
  C:175FH         LINE#         154
  C:1762H         LINE#         156
  C:1765H         LINE#         157
  C:1768H         LINE#         159
  C:176BH         LINE#         160
  C:176EH         LINE#         162
  C:1771H         LINE#         163
  C:1771H         LINE#         164
  C:1774H         LINE#         165
  C:1774H         LINE#         166
  C:1777H         LINE#         167
  C:177AH         LINE#         169
  C:177DH         LINE#         170
  C:1780H         LINE#         172
  C:1783H         LINE#         173
  C:1786H         LINE#         175
  C:1789H         LINE#         176
  C:1789H         LINE#         177
  C:178BH         LINE#         178
  C:178BH         LINE#         179
  C:178EH         LINE#         180
  C:1791H         LINE#         182
  C:1794H         LINE#         183
  C:1797H         LINE#         185
  C:179AH         LINE#         186
  C:179DH         LINE#         188
  C:17A0H         LINE#         189
  C:17A0H         LINE#         190
  C:17A2H         LINE#         191
  C:17A2H         LINE#         192
  C:17A5H         LINE#         193
  C:17A8H         LINE#         195
  C:17ABH         LINE#         196
  C:17AEH         LINE#         198
  C:17B1H         LINE#         199
  C:17B4H         LINE#         201
  C:17B7H         LINE#         202
  C:17B7H         LINE#         203
  C:17B9H         LINE#         204
  C:17B9H         LINE#         205
  C:17BCH         LINE#         206
  C:17BFH         LINE#         208
  C:17C2H         LINE#         209
  C:17C5H         LINE#         211
  C:17C8H         LINE#         212
  C:17CBH         LINE#         214
  C:17CEH         LINE#         215
  C:17CEH         LINE#         216
  C:17D0H         LINE#         217
  C:17D0H         LINE#         218
  C:17D3H         LINE#         219
  C:17D6H         LINE#         221
  C:17D9H         LINE#         222
  C:17DCH         LINE#         224
  C:17DFH         LINE#         225
  C:17E2H         LINE#         227
BL51 BANKED LINKER/LOCATER V6.22                                                      08/13/2017  23:05:21  PAGE 25


  C:17E5H         LINE#         228
  C:17E5H         LINE#         229
  C:17E7H         LINE#         230
  C:17E7H         LINE#         231
  C:17EAH         LINE#         232
  C:17EDH         LINE#         234
  C:17F0H         LINE#         235
  C:17F3H         LINE#         237
  C:17F6H         LINE#         238
  C:17F9H         LINE#         240
  C:17FCH         LINE#         241
  C:17FFH         LINE#         242
  C:17FFH         LINE#         243
  C:17FFH         LINE#         244
  -------         ENDPROC       _LCD_CLEAR_MI
  -------         PROC          LCD_CLEAR_MI_ALL
  -------         DO            
  D:0006H         SYMBOL        i
  -------         ENDDO         
  C:2486H         LINE#         245
  C:2486H         LINE#         246
  C:2488H         LINE#         247
  C:2488H         LINE#         248
  C:248DH         LINE#         249
  C:2492H         LINE#         250
  -------         ENDPROC       LCD_CLEAR_MI_ALL
  -------         PROC          _LCD_SHOW_MI_
  D:0007H         SYMBOL        n
  D:0005H         SYMBOL        c
  C:0AA2H         LINE#         251
  C:0AA2H         LINE#         252
  C:0AABH         LINE#         254
  C:0AABH         LINE#         256
  C:0B16H         LINE#         257
  C:0B16H         LINE#         258
  C:0B22H         LINE#         259
  C:0B25H         LINE#         261
  C:0B2BH         LINE#         262
  C:0B2EH         LINE#         264
  C:0B34H         LINE#         265
  C:0B37H         LINE#         267
  C:0B37H         LINE#         268
  C:0B37H         LINE#         269
  C:0B3AH         LINE#         270
  C:0B3AH         LINE#         271
  C:0B46H         LINE#         272
  C:0B49H         LINE#         274
  C:0B4FH         LINE#         275
  C:0B52H         LINE#         277
  C:0B58H         LINE#         278
  C:0B5BH         LINE#         280
  C:0B5BH         LINE#         281
  C:0B5BH         LINE#         282
  C:0B5EH         LINE#         283
  C:0B5EH         LINE#         284
  C:0B6AH         LINE#         285
  C:0B6DH         LINE#         287
BL51 BANKED LINKER/LOCATER V6.22                                                      08/13/2017  23:05:21  PAGE 26


  C:0B73H         LINE#         288
  C:0B76H         LINE#         290
  C:0B7CH         LINE#         291
  C:0B7FH         LINE#         293
  C:0B85H         LINE#         294
  C:0B88H         LINE#         295
  C:0B89H         LINE#         296
  C:0B89H         LINE#         297
  C:0B95H         LINE#         298
  C:0B98H         LINE#         300
  C:0B98H         LINE#         301
  C:0B98H         LINE#         303
  C:0B98H         LINE#         304
  C:0B98H         LINE#         306
  C:0B98H         LINE#         307
  C:0B98H         LINE#         308
  C:0B9AH         LINE#         309
  C:0B9AH         LINE#         310
  C:0BA6H         LINE#         311
  C:0BA9H         LINE#         313
  C:0BA9H         LINE#         314
  C:0BA9H         LINE#         316
  C:0BA9H         LINE#         317
  C:0BA9H         LINE#         319
  C:0BA9H         LINE#         320
  C:0BA9H         LINE#         321
  C:0BACH         LINE#         322
  C:0BACH         LINE#         323
  C:0BB8H         LINE#         324
  C:0BBBH         LINE#         326
  C:0BBBH         LINE#         327
  C:0BBBH         LINE#         329
  C:0BBBH         LINE#         330
  C:0BBBH         LINE#         332
  C:0BBBH         LINE#         333
  C:0BBBH         LINE#         334
  C:0BBEH         LINE#         335
  C:0BBEH         LINE#         336
  C:0BCAH         LINE#         337
  C:0BCDH         LINE#         339
  C:0BCDH         LINE#         340
  C:0BCDH         LINE#         342
  C:0BCDH         LINE#         343
  C:0BCDH         LINE#         345
  C:0BCDH         LINE#         346
  C:0BCDH         LINE#         347
  C:0BD0H         LINE#         348
  C:0BD0H         LINE#         349
  C:0BDCH         LINE#         350
  C:0BDFH         LINE#         352
  C:0BE5H         LINE#         353
  C:0BE8H         LINE#         355
  C:0BEEH         LINE#         356
  C:0BF1H         LINE#         358
  C:0BF1H         LINE#         359
  C:0BF1H         LINE#         360
  C:0BF4H         LINE#         361
BL51 BANKED LINKER/LOCATER V6.22                                                      08/13/2017  23:05:21  PAGE 27


  C:0BF4H         LINE#         362
  C:0C00H         LINE#         363
  C:0C03H         LINE#         365
  C:0C03H         LINE#         366
  C:0C03H         LINE#         368
  C:0C03H         LINE#         369
  C:0C03H         LINE#         371
  C:0C03H         LINE#         372
  C:0C03H         LINE#         373
  C:0C05H         LINE#         374
  C:0C05H         LINE#         375
  C:0C11H         LINE#         376
  C:0C14H         LINE#         378
  C:0C1AH         LINE#         379
  C:0C1DH         LINE#         381
  C:0C23H         LINE#         382
  C:0C26H         LINE#         384
  C:0C26H         LINE#         385
  C:0C26H         LINE#         386
  C:0C29H         LINE#         387
  C:0C29H         LINE#         388
  C:0C2CH         LINE#         389
  C:0C2CH         LINE#         390
  C:0C2CH         LINE#         391
  C:0C38H         LINE#         392
  C:0C3BH         LINE#         394
  C:0C41H         LINE#         395
  C:0C44H         LINE#         397
  C:0C4AH         LINE#         398
  C:0C4DH         LINE#         400
  C:0C4DH         LINE#         401
  C:0C4DH         LINE#         402
  C:0C50H         LINE#         403
  C:0C50H         LINE#         404
  C:0C5CH         LINE#         405
  C:0C5FH         LINE#         407
  C:0C65H         LINE#         408
  C:0C68H         LINE#         410
  C:0C6EH         LINE#         411
  C:0C71H         LINE#         413
  C:0C71H         LINE#         414
  C:0C71H         LINE#         415
  C:0C74H         LINE#         416
  C:0C74H         LINE#         417
  C:0C80H         LINE#         418
  C:0C83H         LINE#         420
  C:0C89H         LINE#         421
  C:0C8CH         LINE#         423
  C:0C92H         LINE#         424
  C:0C95H         LINE#         426
  C:0C9BH         LINE#         427
  C:0C9EH         LINE#         428
  C:0C9FH         LINE#         429
  C:0C9FH         LINE#         430
  C:0CABH         LINE#         431
  C:0CAEH         LINE#         433
  C:0CB4H         LINE#         434
BL51 BANKED LINKER/LOCATER V6.22                                                      08/13/2017  23:05:21  PAGE 28


  C:0CB7H         LINE#         436
  C:0CBDH         LINE#         437
  C:0CC0H         LINE#         439
  C:0CC6H         LINE#         440
  C:0CC9H         LINE#         441
  C:0CCAH         LINE#         442
  C:0CCAH         LINE#         443
  C:0CD6H         LINE#         444
  C:0CD9H         LINE#         446
  C:0CDFH         LINE#         447
  C:0CE2H         LINE#         449
  C:0CE8H         LINE#         450
  C:0CEBH         LINE#         452
  C:0CEBH         LINE#         453
  C:0CEBH         LINE#         454
  C:0CEDH         LINE#         455
  C:0CEDH         LINE#         456
  C:0CF9H         LINE#         457
  C:0CFCH         LINE#         459
  C:0D02H         LINE#         460
  C:0D05H         LINE#         462
  C:0D0BH         LINE#         463
  C:0D0EH         LINE#         465
  C:0D14H         LINE#         466
  C:0D17H         LINE#         467
  C:0D18H         LINE#         468
  C:0D18H         LINE#         469
  C:0D24H         LINE#         470
  C:0D27H         LINE#         472
  C:0D2DH         LINE#         473
  C:0D30H         LINE#         475
  C:0D36H         LINE#         476
  C:0D39H         LINE#         478
  C:0D3FH         LINE#         479
  C:0D42H         LINE#         480
  C:0D43H         LINE#         481
  C:0D43H         LINE#         482
  C:0D4FH         LINE#         483
  C:0D52H         LINE#         485
  C:0D58H         LINE#         486
  C:0D5BH         LINE#         488
  C:0D61H         LINE#         489
  C:0D64H         LINE#         491
  C:0D6AH         LINE#         492
  C:0D6DH         LINE#         493
  C:0D6DH         LINE#         494
  C:0D6DH         LINE#         496
  C:0D6DH         LINE#         497
  C:0D6DH         LINE#         499
  C:0D6DH         LINE#         500
  C:0D6DH         LINE#         502
  C:0D6DH         LINE#         503
  C:0D6DH         LINE#         505
  C:0D6DH         LINE#         506
  C:0D6DH         LINE#         508
  C:0D6DH         LINE#         509
  C:0D6DH         LINE#         511
BL51 BANKED LINKER/LOCATER V6.22                                                      08/13/2017  23:05:21  PAGE 29


  C:0D6DH         LINE#         512
  C:0D6DH         LINE#         514
  C:0D6DH         LINE#         515
  C:0D6DH         LINE#         517
  C:0D6DH         LINE#         518
  C:0D6DH         LINE#         520
  C:0D6DH         LINE#         521
  C:0D6DH         LINE#         523
  C:0D6DH         LINE#         524
  C:0D6DH         LINE#         526
  C:0D6DH         LINE#         527
  C:0D6DH         LINE#         529
  C:0D6DH         LINE#         530
  C:0D6DH         LINE#         532
  C:0D6DH         LINE#         533
  C:0D6DH         LINE#         535
  C:0D6DH         LINE#         536
  C:0D6DH         LINE#         538
  C:0D6DH         LINE#         539
  C:0D6DH         LINE#         541
  C:0D6DH         LINE#         542
  C:0D6DH         LINE#         544
  C:0D6DH         LINE#         545
  C:0D6DH         LINE#         547
  C:0D6DH         LINE#         548
  C:0D6DH         LINE#         549
  -------         ENDPROC       _LCD_SHOW_MI_
  -------         PROC          _LCD_SHOW_MI
  X:00F1H         SYMBOL        n
  X:00F2H         SYMBOL        c
  C:0FC1H         LINE#         550
  C:0FCBH         LINE#         551
  C:0FD7H         LINE#         552
  C:0FD7H         LINE#         553
  C:1018H         LINE#         554
  C:1018H         LINE#         555
  C:101BH         LINE#         556
  C:101EH         LINE#         558
  C:1021H         LINE#         559
  C:1024H         LINE#         561
  C:1027H         LINE#         562
  C:102AH         LINE#         564
  C:102AH         LINE#         565
  C:102AH         LINE#         566
  C:102CH         LINE#         567
  C:102CH         LINE#         568
  C:102FH         LINE#         569
  C:1032H         LINE#         571
  C:1035H         LINE#         572
  C:1037H         LINE#         574
  C:103AH         LINE#         575
  C:103DH         LINE#         577
  C:103DH         LINE#         578
  C:103DH         LINE#         579
  C:103FH         LINE#         580
  C:103FH         LINE#         581
  C:1042H         LINE#         582
BL51 BANKED LINKER/LOCATER V6.22                                                      08/13/2017  23:05:21  PAGE 30


  C:1045H         LINE#         584
  C:1048H         LINE#         585
  C:104BH         LINE#         587
  C:104EH         LINE#         588
  C:1051H         LINE#         590
  C:1054H         LINE#         591
  C:1054H         LINE#         592
  C:1057H         LINE#         593
  C:1057H         LINE#         594
  C:105AH         LINE#         595
  C:105DH         LINE#         597
  C:105DH         LINE#         598
  C:105DH         LINE#         600
  C:105DH         LINE#         601
  C:105DH         LINE#         603
  C:105DH         LINE#         604
  C:105DH         LINE#         605
  C:105FH         LINE#         606
  C:105FH         LINE#         607
  C:1062H         LINE#         608
  C:1065H         LINE#         610
  C:1068H         LINE#         611
  C:106BH         LINE#         613
  C:106EH         LINE#         614
  C:1070H         LINE#         616
  C:1070H         LINE#         617
  C:1070H         LINE#         618
  C:1072H         LINE#         619
  C:1072H         LINE#         620
  C:1075H         LINE#         621
  C:1078H         LINE#         623
  C:1078H         LINE#         624
  C:1078H         LINE#         626
  C:1078H         LINE#         627
  C:1078H         LINE#         629
  C:1078H         LINE#         630
  C:1078H         LINE#         631
  C:107AH         LINE#         632
  C:107AH         LINE#         633
  C:107DH         LINE#         634
  C:1080H         LINE#         636
  C:1083H         LINE#         637
  C:1086H         LINE#         639
  C:1089H         LINE#         640
  C:108CH         LINE#         642
  C:108FH         LINE#         643
  C:108FH         LINE#         644
  C:1092H         LINE#         645
  C:1092H         LINE#         646
  C:1095H         LINE#         647
  C:1098H         LINE#         649
  C:109BH         LINE#         650
  C:109EH         LINE#         652
  C:10A1H         LINE#         653
  C:10A3H         LINE#         655
  C:10A6H         LINE#         656
  C:10A6H         LINE#         657
BL51 BANKED LINKER/LOCATER V6.22                                                      08/13/2017  23:05:21  PAGE 31


  C:10A9H         LINE#         658
  C:10A9H         LINE#         659
  C:10ACH         LINE#         660
  C:10AFH         LINE#         662
  C:10B2H         LINE#         663
  C:10B5H         LINE#         665
  C:10B8H         LINE#         666
  C:10BBH         LINE#         668
  C:10BBH         LINE#         669
  C:10BBH         LINE#         670
  C:10BDH         LINE#         671
  C:10BDH         LINE#         672
  C:10C0H         LINE#         673
  C:10C3H         LINE#         675
  C:10C6H         LINE#         676
  C:10C9H         LINE#         678
  C:10CCH         LINE#         679
  C:10CFH         LINE#         681
  C:10D2H         LINE#         682
  C:10D2H         LINE#         683
  C:10D5H         LINE#         684
  C:10D5H         LINE#         687
  C:10D5H         LINE#         689
  C:10D5H         LINE#         690
  C:10D5H         LINE#         692
  C:10D5H         LINE#         693
  C:10D5H         LINE#         695
  C:10D5H         LINE#         696
  C:10D5H         LINE#         698
  C:10D5H         LINE#         699
  C:10D5H         LINE#         701
  C:10D5H         LINE#         702
  C:10D5H         LINE#         704
  C:10D5H         LINE#         705
  C:10D5H         LINE#         707
  C:10D5H         LINE#         708
  C:10D5H         LINE#         709
  C:10D5H         LINE#         710
  C:10D5H         LINE#         711
  C:10D5H         LINE#         712
  C:1116H         LINE#         713
  C:1116H         LINE#         714
  C:1119H         LINE#         715
  C:111CH         LINE#         717
  C:111FH         LINE#         718
  C:1122H         LINE#         720
  C:1125H         LINE#         721
  C:1128H         LINE#         723
  C:112BH         LINE#         724
  C:112BH         LINE#         725
  C:112EH         LINE#         726
  C:112EH         LINE#         727
  C:1131H         LINE#         728
  C:1134H         LINE#         730
  C:1137H         LINE#         731
  C:1139H         LINE#         733
  C:113CH         LINE#         734
BL51 BANKED LINKER/LOCATER V6.22                                                      08/13/2017  23:05:21  PAGE 32


  C:113FH         LINE#         736
  C:1142H         LINE#         737
  C:1142H         LINE#         738
  C:1145H         LINE#         739
  C:1145H         LINE#         740
[...]
  C:2144H         LINE#         185
  C:2147H         LINE#         186
  C:214AH         LINE#         189
  C:2162H         LINE#         194
  C:2164H         LINE#         195
  -------         ENDPROC       _INITIALUART0_TIMER1_TYPE3
  -------         PROC          _INITIALUART0_TIMER1_TYPE4
  D:0004H         SYMBOL        u32Baudrate
  C:2165H         LINE#         200
  C:2165H         LINE#         201
  C:2165H         LINE#         202
  C:2168H         LINE#         203
  C:216BH         LINE#         205
  C:216EH         LINE#         206
  C:2171H         LINE#         207
  C:2174H         LINE#         210
  C:218CH         LINE#         215
  C:218EH         LINE#         216
  -------         ENDPROC       _INITIALUART0_TIMER1_TYPE4
  -------         PROC          _INITIALUART0_TIMER3_TYPE5
  X:00D2H         SYMBOL        u32Baudrate
  C:1BD7H         LINE#         218
  C:1BDDH         LINE#         219
  C:1BDDH         LINE#         220
  C:1BE0H         LINE#         221
  C:1BE3H         LINE#         222
  C:1BE6H         LINE#         223
BL51 BANKED LINKER/LOCATER V6.22                                                      08/13/2017  23:05:21  PAGE 56


  C:1BE9H         LINE#         226
  C:1C17H         LINE#         227
  C:1C36H         LINE#         233
  C:1C39H         LINE#         234
  -------         ENDPROC       _INITIALUART0_TIMER3_TYPE5
  -------         PROC          _INITIALUART0_TIMER3_TYPE6
  X:00D6H         SYMBOL        u32Baudrate
  C:1C3AH         LINE#         236
  C:1C40H         LINE#         237
  C:1C40H         LINE#         238
  C:1C43H         LINE#         239
  C:1C46H         LINE#         240
  C:1C49H         LINE#         241
  C:1C4CH         LINE#         244
  C:1C7AH         LINE#         245
  C:1C99H         LINE#         251
  C:1C9CH         LINE#         252
  -------         ENDPROC       _INITIALUART0_TIMER3_TYPE6
  -------         PROC          _INITIALUART1_TIMER3
  X:00DAH         SYMBOL        u32Baudrate
  C:1D5DH         LINE#         254
  C:1D63H         LINE#         255
  C:1D63H         LINE#         256
  C:1D66H         LINE#         257
  C:1D69H         LINE#         260
  C:1D97H         LINE#         261
  C:1DB6H         LINE#         267
  C:1DB9H         LINE#         268
  -------         ENDPROC       _INITIALUART1_TIMER3
  -------         PROC          RECEIVE_DATA_FROM_UART0
  -------         DO            
  D:0007H         SYMBOL        c
  -------         ENDDO         
  C:0003H         LINE#         280
  C:0003H         LINE#         283
  C:0006H         LINE#         285
  C:0008H         LINE#         286
  C:000AH         LINE#         287
  C:000AH         LINE#         288
  -------         ENDPROC       RECEIVE_DATA_FROM_UART0
  -------         PROC          _SEND_DATA_TO_UART0
  D:0007H         SYMBOL        c
  C:2523H         LINE#         300
  C:2523H         LINE#         301
  C:2525H         LINE#         302
  C:2527H         LINE#         303
  C:252AH         LINE#         305
  -------         ENDPROC       _SEND_DATA_TO_UART0
  -------         PROC          RECEIVE_DATA_FROM_UART1
  -------         DO            
  D:0007H         SYMBOL        c
  -------         ENDDO         
  C:252BH         LINE#         317
  C:252BH         LINE#         320
  C:252EH         LINE#         322
  C:2530H         LINE#         323
  C:2532H         LINE#         324
BL51 BANKED LINKER/LOCATER V6.22                                                      08/13/2017  23:05:21  PAGE 57


  C:2532H         LINE#         325
  -------         ENDPROC       RECEIVE_DATA_FROM_UART1
  -------         PROC          _SEND_DATA_TO_UART1
  D:0007H         SYMBOL        c
  C:2533H         LINE#         337
  C:2533H         LINE#         338
  C:2535H         LINE#         339
  C:2537H         LINE#         340
  C:253AH         LINE#         342
  -------         ENDPROC       _SEND_DATA_TO_UART1
  -------         PROC          SET_ALL_GPIO_QUASI_MODE
  C:23A0H         LINE#         344
  C:23A0H         LINE#         345
  C:23A3H         LINE#         346
  C:23A5H         LINE#         347
  C:23A7H         LINE#         348
  C:23A9H         LINE#         349
  C:23ABH         LINE#         350
  C:23ADH         LINE#         351
  C:23AFH         LINE#         352
  C:23B1H         LINE#         353
  C:23B3H         LINE#         354
  C:23B5H         LINE#         355
  C:23B7H         LINE#         356
  C:23B9H         LINE#         357
  -------         ENDPROC       SET_ALL_GPIO_QUASI_MODE
  -------         PROC          SET_ALL_GPIO_INPUT_MODE
  C:2349H         LINE#         359
  C:2349H         LINE#         360
  C:234CH         LINE#         361
  C:234FH         LINE#         362
  C:2352H         LINE#         363
  C:2354H         LINE#         364
  C:2357H         LINE#         365
  C:2359H         LINE#         366
  C:235CH         LINE#         367
  C:235EH         LINE#         368
  C:2361H         LINE#         369
  C:2363H         LINE#         370
  C:2366H         LINE#         371
  C:2368H         LINE#         372
  -------         ENDPROC       SET_ALL_GPIO_INPUT_MODE
  -------         PROC          SW_RESET
  C:23BAH         LINE#         375
  C:23BAH         LINE#         376
  C:23BDH         LINE#         377
  C:23C0H         LINE#         378
  C:23D3H         LINE#         380
  -------         ENDPROC       SW_RESET
  -------         PROC          FSYS_CLOCK_OUTPUT_ON_P26
  C:2626H         LINE#         382
  C:2626H         LINE#         383
  C:2629H         LINE#         384
  -------         ENDPROC       FSYS_CLOCK_OUTPUT_ON_P26
  -------         PROC          _PUTCHAR
  D:0007H         SYMBOL        c
  C:1F73H         LINE#         393
BL51 BANKED LINKER/LOCATER V6.22                                                      08/13/2017  23:05:21  PAGE 58


  C:1F73H         LINE#         431
  C:1F78H         LINE#         432
  C:1F7BH         LINE#         433
  C:1F80H         LINE#         434
  C:1F80H         LINE#         435
  C:1F82H         LINE#         436
  C:1F85H         LINE#         438
  C:1F8AH         LINE#         439
  C:1F8CH         LINE#         440
  C:1F8CH         LINE#         441
  C:1F8CH         LINE#         442
  C:1F8FH         LINE#         444
  C:1F91H         LINE#         445
  C:1F94H         LINE#         446
  C:1F94H         LINE#         447
  C:1F97H         LINE#         448
  C:1F9CH         LINE#         449
  C:1F9CH         LINE#         450
  C:1F9EH         LINE#         451
  C:1FA1H         LINE#         453
  C:1FA6H         LINE#         454
  C:1FA8H         LINE#         455
  C:1FA8H         LINE#         456
  C:1FA8H         LINE#         457
  C:1FABH         LINE#         459
  C:1FADH         LINE#         460
  C:1FAFH         LINE#         462
  -------         ENDPROC       _PUTCHAR
  -------         ENDMOD        COMMON

  -------         MODULE        DELAY
  C:0000H         SYMBOL        _ICE_DUMMY_
  D:0080H         PUBLIC        P0
  D:0090H         PUBLIC        P1
  D:00A0H         PUBLIC        P2
  D:00B0H         PUBLIC        P3
  D:008FH         PUBLIC        WKCON
  D:00D8H         PUBLIC        P5
  D:00A8H         PUBLIC        IE
  D:00B8H         PUBLIC        IP
  C:1E70H         PUBLIC        _Timer0_Delay1ms
  C:1EC9H         PUBLIC        _Timer1_Delay1ms
  C:1E15H         PUBLIC        _Timer3_Delay1ms
  D:0098H         PUBLIC        SCON
  D:0089H         PUBLIC        TMOD
  D:0088H         PUBLIC        TCON
  C:1AEBH         PUBLIC        _?Random_Delay
  C:2328H         PUBLIC        _Delay10us
  D:00F8H         PUBLIC        SCON_1
  B:0088H.5       PUBLIC        TF0
  B:0088H.7       PUBLIC        TF1
  D:008CH         PUBLIC        TH0
  D:00C6H         PUBLIC        R3H
  D:008DH         PUBLIC        TH1
  D:008AH         PUBLIC        TL0
  C:1C9DH         PUBLIC        _WakeUp_Timer_Delay25ms
  D:00C5H         PUBLIC        R3L
BL51 BANKED LINKER/LOCATER V6.22                                                      08/13/2017  23:05:21  PAGE 59


  D:008BH         PUBLIC        TL1
  B:0088H.4       PUBLIC        TR0
  B:0088H.6       PUBLIC        TR1
  D:00E8H         PUBLIC        ADCCON0
  D:00C0H         PUBLIC        I2CON
  D:00C8H         PUBLIC        T2CON
  D:00C4H         PUBLIC        T3CON
  D:008EH         PUBLIC        CKCON
  D:0086H         PUBLIC        RWK
  D:00D0H         PUBLIC        PSW
  -------         PROC          _?RANDOM_DELAY
  -------         DO            
  x:0000H         SYMBOL        u32CNT
  x:0004H         SYMBOL        u32Tmp
  -------         ENDDO         
  C:1AEBH         LINE#         36
  C:1AF1H         LINE#         37
  C:1AF1H         LINE#         41
  C:1B1CH         LINE#         42
  C:1B1CH         LINE#         43
  C:1B41H         LINE#         44
  C:1B68H         LINE#         45
  -------         ENDPROC       _?RANDOM_DELAY
  -------         PROC          _DELAY10US
  D:0006H         SYMBOL        u16CNT
  C:2328H         LINE#         47
  C:2328H         LINE#         48
  C:232BH         LINE#         49
  C:232EH         LINE#         50
  C:2330H         LINE#         51
  C:2334H         LINE#         52
  C:2337H         LINE#         53
  C:233AH         LINE#         54
  C:233DH         LINE#         56
  C:233FH         LINE#         57
  C:2344H         LINE#         58
  C:2346H         LINE#         59
  C:2348H         LINE#         60
  -------         ENDPROC       _DELAY10US
  -------         PROC          _TIMER0_DELAY1MS
  X:00DEH         SYMBOL        u32CNT
  C:1E70H         LINE#         62
  C:1E76H         LINE#         63
  C:1E79H         LINE#         64
  C:1E7CH         LINE#         65
  C:1E7EH         LINE#         66
  C:1E97H         LINE#         67
  C:1E9AH         LINE#         68
  C:1E9DH         LINE#         69
  C:1EA0H         LINE#         71
  C:1EA2H         LINE#         72
  C:1EC4H         LINE#         73
  C:1EC6H         LINE#         74
  C:1EC8H         LINE#         75
  -------         ENDPROC       _TIMER0_DELAY1MS
  -------         PROC          _TIMER1_DELAY1MS
  X:00E2H         SYMBOL        u32CNT
BL51 BANKED LINKER/LOCATER V6.22                                                      08/13/2017  23:05:21  PAGE 60


  C:1EC9H         LINE#         77
  C:1ECFH         LINE#         78
  C:1ED2H         LINE#         79
  C:1ED5H         LINE#         80
  C:1ED7H         LINE#         81
  C:1EF0H         LINE#         82
  C:1EF3H         LINE#         83
  C:1EF6H         LINE#         84
  C:1EF9H         LINE#         86
  C:1EFBH         LINE#         87
  C:1F1DH         LINE#         88
  C:1F1FH         LINE#         89
  C:1F21H         LINE#         90
  -------         ENDPROC       _TIMER1_DELAY1MS
  -------         PROC          _TIMER3_DELAY1MS
  X:00E6H         SYMBOL        u32CNT
  C:1E15H         LINE#         92
  C:1E1BH         LINE#         93
  C:1E1EH         LINE#         94
  C:1E21H         LINE#         95
  C:1E3AH         LINE#         96
  C:1E3DH         LINE#         97
  C:1E40H         LINE#         98
  C:1E45H         LINE#         100
  C:1E48H         LINE#         101
  C:1E6AH         LINE#         102
  C:1E6CH         LINE#         103
  C:1E6FH         LINE#         104
  -------         ENDPROC       _TIMER3_DELAY1MS
  -------         PROC          _WAKEUP_TIMER_DELAY25MS
  X:00EAH         SYMBOL        u32CNT
  C:1C9DH         LINE#         106
  C:1CA3H         LINE#         107
  C:1CA3H         LINE#         108
  C:1CA6H         LINE#         109
  C:1CA9H         LINE#         110
  C:1CACH         LINE#         112
  C:1CAFH         LINE#         114
  C:1CB2H         LINE#         115
  C:1CB5H         LINE#         116
  C:1CCEH         LINE#         117
  C:1CD3H         LINE#         119
  C:1CD6H         LINE#         120
  C:1CF8H         LINE#         121
  C:1CFAH         LINE#         122
  C:1CFDH         LINE#         123
  -------         ENDPROC       _WAKEUP_TIMER_DELAY25MS
  -------         ENDMOD        DELAY

  -------         MODULE        VERSION
  C:0000H         SYMBOL        _ICE_DUMMY_
  D:0080H         PUBLIC        P0
  D:0090H         PUBLIC        P1
  D:00A0H         PUBLIC        P2
  D:00B0H         PUBLIC        P3
  D:00D8H         PUBLIC        P5
  D:00A8H         PUBLIC        IE
BL51 BANKED LINKER/LOCATER V6.22                                                      08/13/2017  23:05:21  PAGE 61


  D:00B8H         PUBLIC        IP
  D:0098H         PUBLIC        SCON
  D:0088H         PUBLIC        TCON
  D:00F8H         PUBLIC        SCON_1
  C:1CFEH         PUBLIC        Show_FW_Version_Number_To_PC
  D:00E8H         PUBLIC        ADCCON0
  D:00C0H         PUBLIC        I2CON
  D:00C8H         PUBLIC        T2CON
  D:00D0H         PUBLIC        PSW
  -------         PROC          SHOW_FW_VERSION_NUMBER_TO_PC
  C:1CFEH         LINE#         32
  C:1CFEH         LINE#         33
  C:1CFEH         LINE#         34
  C:1D07H         LINE#         35
  C:1D10H         LINE#         36
  C:1D19H         LINE#         37
  C:1D33H         LINE#         38
  C:1D54H         LINE#         39
  -------         ENDPROC       SHOW_FW_VERSION_NUMBER_TO_PC
  -------         ENDMOD        VERSION

  -------         MODULE        ?C_STARTUP
  C:1A51H         SEGMENT       ?C_C51STARTUP
  I:0022H         SEGMENT       ?STACK
  C:0000H         PUBLIC        ?C_STARTUP
  D:00E0H         SYMBOL        ACC
  D:00F0H         SYMBOL        B
  D:0083H         SYMBOL        DPH
  D:0082H         SYMBOL        DPL
  N:0000H         SYMBOL        IBPSTACK
  N:0100H         SYMBOL        IBPSTACKTOP
  N:0080H         SYMBOL        IDATALEN
  C:1A54H         SYMBOL        IDATALOOP
  N:0000H         SYMBOL        PBPSTACK
  N:0000H         SYMBOL        PBPSTACKTOP
  N:0000H         SYMBOL        PDATALEN
  N:0000H         SYMBOL        PDATASTART
  N:0000H         SYMBOL        PPAGE
  N:0000H         SYMBOL        PPAGEENABLE
  D:00A0H         SYMBOL        PPAGE_SFR
  D:0081H         SYMBOL        SP
  C:1A51H         SYMBOL        STARTUP1
  N:0000H         SYMBOL        XBPSTACK
  N:0000H         SYMBOL        XBPSTACKTOP
  N:00FFH         SYMBOL        XDATALEN
  C:1A5FH         SYMBOL        XDATALOOP
  N:0000H         SYMBOL        XDATASTART
  C:0000H         LINE#         92
  C:1A51H         LINE#         99
  C:1A53H         LINE#         100
  C:1A54H         LINE#         101
  C:1A55H         LINE#         102
  C:1A57H         LINE#         106
  C:1A5AH         LINE#         107
  C:1A5CH         LINE#         109
  C:1A5EH         LINE#         113
  C:1A5FH         LINE#         114
BL51 BANKED LINKER/LOCATER V6.22                                                      08/13/2017  23:05:21  PAGE 62


  C:1A60H         LINE#         115
  C:1A61H         LINE#         116
  C:1A63H         LINE#         117
  C:1A65H         LINE#         151
  C:1A68H         LINE#         155
  -------         ENDMOD        ?C_STARTUP

  -------         MODULE        ?C?CLDOPTR
  C:005EH         PUBLIC        ?C?CLDOPTR
  -------         ENDMOD        ?C?CLDOPTR

  -------         MODULE        ?C?CILDOPTR
  C:008BH         PUBLIC        ?C?CILDOPTR
  -------         ENDMOD        ?C?CILDOPTR

  -------         MODULE        ?C?CSTPTR
  C:00BEH         PUBLIC        ?C?CSTPTR
  -------         ENDMOD        ?C?CSTPTR

  -------         MODULE        ?C?CSTOPTR
  C:00D0H         PUBLIC        ?C?CSTOPTR
  -------         ENDMOD        ?C?CSTOPTR

  -------         MODULE        ?C?UIDIV
  C:00F2H         PUBLIC        ?C?UIDIV
  -------         ENDMOD        ?C?UIDIV

  -------         MODULE        ?C?IILDX
  C:0147H         PUBLIC        ?C?IILDX
  -------         ENDMOD        ?C?IILDX

  -------         MODULE        ?C?ILDOPTR
  C:015DH         PUBLIC        ?C?ILDOPTR
  -------         ENDMOD        ?C?ILDOPTR

  -------         MODULE        ?C?IILDOPTR
  C:0195H         PUBLIC        ?C?IILDOPTR
  -------         ENDMOD        ?C?IILDOPTR

  -------         MODULE        ?C?ISTOPTR
  C:01E2H         PUBLIC        ?C?ISTOPTR
  -------         ENDMOD        ?C?ISTOPTR

  -------         MODULE        ?C?ULDIV
  C:024BH         PUBLIC        ?C?ULDIV
  -------         ENDMOD        ?C?ULDIV

  -------         MODULE        ?C?ULCMP
  C:02DDH         PUBLIC        ?C?ULCMP
  -------         ENDMOD        ?C?ULCMP

  -------         MODULE        ?C?ULSHR
  C:02EEH         PUBLIC        ?C?ULSHR
  -------         ENDMOD        ?C?ULSHR

  -------         MODULE        ?C?LSTXDATA
  C:0301H         PUBLIC        ?C?LSTXDATA
BL51 BANKED LINKER/LOCATER V6.22                                                      08/13/2017  23:05:21  PAGE 63


  -------         ENDMOD        ?C?LSTXDATA

  -------         MODULE        ?C?LSTKXDATA
  C:030DH         PUBLIC        ?C?LSTKXDATA
  -------         ENDMOD        ?C?LSTKXDATA

  -------         MODULE        ?C?PLDPTR
  C:033EH         PUBLIC        ?C?PLDPTR
  -------         ENDMOD        ?C?PLDPTR

  -------         MODULE        ?C?ICALL
  C:035EH         PUBLIC        ?C?ICALL
  C:0362H         PUBLIC        ?C?ICALL2
  -------         ENDMOD        ?C?ICALL

  -------         MODULE        ?C_XBP
  D:000DH         PUBLIC        ?C_XBP
  -------         ENDMOD        ?C_XBP

  -------         MODULE        ?C?ADDXBP
  C:0364H         PUBLIC        ?C?ADDXBP
  -------         ENDMOD        ?C?ADDXBP

  -------         MODULE        ?C?XBPOFF
  C:0388H         PUBLIC        ?C?XBPOFF
  -------         ENDMOD        ?C?XBPOFF

  -------         MODULE        PRINTF
  X:0073H         PUBLIC        ?_PRINTF517?BYTE
  X:0073H         PUBLIC        ?_PRINTF?BYTE
  X:0073H         PUBLIC        ?_SPRINTF517?BYTE
  X:0073H         PUBLIC        ?_SPRINTF?BYTE
  C:0486H         PUBLIC        _PRINTF
  C:0486H         PUBLIC        _PRINTF517
  C:0480H         PUBLIC        _SPRINTF
  C:0480H         PUBLIC        _SPRINTF517
  -------         ENDMOD        PRINTF

  -------         MODULE        ?C?CLDPTR
  C:0395H         PUBLIC        ?C?CLDPTR
  -------         ENDMOD        ?C?CLDPTR

  -------         MODULE        ?C?PLDIDATA
  C:03AEH         PUBLIC        ?C?PLDIDATA
  -------         ENDMOD        ?C?PLDIDATA

  -------         MODULE        ?C?PLDXDATA
  C:03B7H         PUBLIC        ?C?PLDXDATA
  -------         ENDMOD        ?C?PLDXDATA

  -------         MODULE        ?C?PLDIXDATA
  C:03C0H         PUBLIC        ?C?PLDIXDATA
  -------         ENDMOD        ?C?PLDIXDATA

  -------         MODULE        ?C?PSTXDATA
  C:03D7H         PUBLIC        ?C?PSTXDATA
  -------         ENDMOD        ?C?PSTXDATA
BL51 BANKED LINKER/LOCATER V6.22                                                      08/13/2017  23:05:21  PAGE 64



  -------         MODULE        ?C?PLDPDATA
  C:03E0H         PUBLIC        ?C?PLDPDATA
  -------         ENDMOD        ?C?PLDPDATA

  -------         MODULE        ?C?PLDCODE
  C:03E9H         PUBLIC        ?C?PLDCODE
  -------         ENDMOD        ?C?PLDCODE

  -------         MODULE        ?C?CCASE
  C:03F5H         PUBLIC        ?C?CCASE
  -------         ENDMOD        ?C?CCASE

Program Size: data=17.6 xdata=250 code=9793
LINK/LOCATE RUN COMPLETE.  0 WARNING(S),  0 ERROR(S)
