BL51 BANKED LINKER/LOCATER V6.22                                                        09/04/2017  22:09:55  PAGE 1


BL51 BANKED LINKER/LOCATER V6.22, INVOKED BY:
C:\KEIL_V5\C51\BIN\BL51.EXE .\Out\Objects\main.obj, .\Out\Objects\app_key.obj, .\Out\Objects\app_work.obj, .\Out\Objects
>> \app_repeat_exe.obj, .\Out\Objects\app_2d4.obj, .\Out\Objects\app_lcd.obj, .\Out\Objects\bsp.obj, .\Out\Objects\bsp_k
>> ey.obj, .\Out\Objects\bsp_display.obj, .\Out\Objects\bsp_timer0.obj, .\Out\Objects\bsp_timer1.obj, .\Out\Objects\bsp_
>> adc.obj, .\Out\Objects\bsp_keyBright.obj, .\Out\Objects\bsp_lcdBright.obj, .\Out\Objects\bsp_2d4.obj, .\Out\Objects\C
>> ommon.obj, .\Out\Objects\Delay.obj, .\Out\Objects\Version.obj, .\Out\Objects\STARTUP.obj TO .\Out\Objects\project PRI
>> NT (.\Out\Listings\project.m51) RAMSIZE (256) DISABLEWARNING (16)


MEMORY MODEL: LARGE


INPUT MODULES INCLUDED:
  .\Out\Objects\main.obj (MAIN)
  .\Out\Objects\app_key.obj (APP_KEY)
  .\Out\Objects\app_work.obj (APP_WORK)
  .\Out\Objects\app_repeat_exe.obj (APP_REPEAT_EXE)
  .\Out\Objects\app_2d4.obj (APP_2D4)
  .\Out\Objects\app_lcd.obj (APP_LCD)
  .\Out\Objects\bsp.obj (BSP)
  .\Out\Objects\bsp_key.obj (BSP_KEY)
  .\Out\Objects\bsp_display.obj (BSP_DISPLAY)
  .\Out\Objects\bsp_timer0.obj (BSP_TIMER0)
  .\Out\Objects\bsp_timer1.obj (BSP_TIMER1)
  .\Out\Objects\bsp_adc.obj (BSP_ADC)
  .\Out\Objects\bsp_keyBright.obj (BSP_KEYBRIGHT)
  .\Out\Objects\bsp_lcdBright.obj (BSP_LCDBRIGHT)
  .\Out\Objects\bsp_2d4.obj (BSP_2D4)
  .\Out\Objects\Common.obj (COMMON)
  .\Out\Objects\Delay.obj (DELAY)
  .\Out\Objects\Version.obj (VERSION)
  .\Out\Objects\STARTUP.obj (?C_STARTUP)
  C:\KEIL_V5\C51\LIB\C51L.LIB (?C_INIT)
  C:\KEIL_V5\C51\LIB\C51L.LIB (?C?COPY)
  C:\KEIL_V5\C51\LIB\C51L.LIB (?C?CLDPTR)
  C:\KEIL_V5\C51\LIB\C51L.LIB (?C?CLDOPTR)
  C:\KEIL_V5\C51\LIB\C51L.LIB (?C?CILDOPTR)
  C:\KEIL_V5\C51\LIB\C51L.LIB (?C?CSTOPTR)
  C:\KEIL_V5\C51\LIB\C51L.LIB (?C?UIDIV)
  C:\KEIL_V5\C51\LIB\C51L.LIB (?C?IILDX)
  C:\KEIL_V5\C51\LIB\C51L.LIB (?C?ILDOPTR)
  C:\KEIL_V5\C51\LIB\C51L.LIB (?C?IILDOPTR)
  C:\KEIL_V5\C51\LIB\C51L.LIB (?C?ISTOPTR)
  C:\KEIL_V5\C51\LIB\C51L.LIB (?C?ULDIV)
  C:\KEIL_V5\C51\LIB\C51L.LIB (?C?ULCMP)
  C:\KEIL_V5\C51\LIB\C51L.LIB (?C?ULSHR)
  C:\KEIL_V5\C51\LIB\C51L.LIB (?C?LSTXDATA)
  C:\KEIL_V5\C51\LIB\C51L.LIB (?C?LSTKXDATA)
  C:\KEIL_V5\C51\LIB\C51L.LIB (?C?PLDPTR)
  C:\KEIL_V5\C51\LIB\C51L.LIB (?C?CCASE)
  C:\KEIL_V5\C51\LIB\C51L.LIB (?C?ICALL)
  C:\KEIL_V5\C51\LIB\C51L.LIB (?C_XBP)
  C:\KEIL_V5\C51\LIB\C51L.LIB (?C?ADDXBP)
  C:\KEIL_V5\C51\LIB\C51L.LIB (?C?XBPOFF)
  C:\KEIL_V5\C51\LIB\C51L.LIB (PRINTF)
  C:\KEIL_V5\C51\LIB\C51L.LIB (?C?STRCPY)
  C:\KEIL_V5\C51\LIB\C51L.LIB (STRLEN)
  C:\KEIL_V5\C51\LIB\C51L.LIB (?C?MEMSET)
BL51 BANKED LINKER/LOCATER V6.22                                                      09/04/2017  22:09:55  PAGE 2


  C:\KEIL_V5\C51\LIB\C51L.LIB (?C?CSTPTR)
  C:\KEIL_V5\C51\LIB\C51L.LIB (?C?PLDIDATA)
  C:\KEIL_V5\C51\LIB\C51L.LIB (?C?PLDXDATA)
  C:\KEIL_V5\C51\LIB\C51L.LIB (?C?PLDIXDATA)
  C:\KEIL_V5\C51\LIB\C51L.LIB (?C?PSTXDATA)
  C:\KEIL_V5\C51\LIB\C51L.LIB (?C?PLDPDATA)
  C:\KEIL_V5\C51\LIB\C51L.LIB (?C?PLDCODE)


LINK MAP OF MODULE:  .\Out\Objects\project (MAIN)


            TYPE    BASE      LENGTH    RELOCATION   SEGMENT NAME
            -----------------------------------------------------

            * * * * * * *   D A T A   M E M O R Y   * * * * * * *
            REG     0000H     0008H     ABSOLUTE     "REG BANK 0"
            DATA    0008H     0005H     UNIT         _DATA_GROUP_
            DATA    000DH     0002H     UNIT         ?C?LIB_DATA
            IDATA   000FH     0010H     UNIT         ?ID?APP_KEY
                    001FH     0001H                  *** GAP ***
            BIT     0020H.0   0001H.1   UNIT         _BIT_GROUP_
            BIT     0021H.1   0000H.1   UNIT         ?BI?BSP
                    0021H.2   0000H.6                *** GAP ***
            IDATA   0022H     007BH     UNIT         ?ID?BSP_KEY
            IDATA   009DH     0021H     UNIT         ?ID?APP_2D4
            IDATA   00BEH     0005H     UNIT         ?ID?APP_WORK
            IDATA   00C3H     0005H     UNIT         ?ID?BSP_ADC
            IDATA   00C8H     0001H     UNIT         ?STACK

            * * * * * * *  X D A T A   M E M O R Y  * * * * * * *
            XDATA   0000H     0042H     UNIT         _XDATA_GROUP_
            XDATA   0042H     0013H     UNIT         ?XD?_RF_CARRIER?BSP_2D4
            XDATA   0055H     0012H     UNIT         ?XD?MAIN
            XDATA   0067H     0012H     UNIT         ?XD?APP_REPEAT_EXE
            XDATA   0079H     0010H     UNIT         ?XD?MODE_RESP?APP_2D4
            XDATA   0089H     0010H     UNIT         ?XD?APP_2D4
            XDATA   0099H     0010H     UNIT         ?XD?APP_LCD
            XDATA   00A9H     000BH     UNIT         ?XD?BSP_TIMER0
            XDATA   00B4H     0007H     UNIT         ?XD?BSP_KEY
            XDATA   00BBH     0005H     UNIT         ?XD?BSP_2D4
            XDATA   00C0H     0004H     UNIT         ?XD?_INITIALUART0_TIMER3_TYPE5?COMMON
            XDATA   00C4H     0004H     UNIT         ?XD?_INITIALUART0_TIMER3_TYPE6?COMMON
            XDATA   00C8H     0004H     UNIT         ?XD?_INITIALUART1_TIMER3?COMMON
            XDATA   00CCH     0004H     UNIT         ?XD?_TIMER0_DELAY1MS?DELAY
            XDATA   00D0H     0004H     UNIT         ?XD?_TIMER1_DELAY1MS?DELAY
            XDATA   00D4H     0004H     UNIT         ?XD?_TIMER3_DELAY1MS?DELAY
            XDATA   00D8H     0004H     UNIT         ?XD?_WAKEUP_TIMER_DELAY25MS?DELAY

            * * * * * * *   C O D E   M E M O R Y   * * * * * * *
            CODE    0000H     0003H     ABSOLUTE     
            CODE    0003H     0008H     UNIT         ?CO?APP_LCD
            CODE    000BH     0003H     ABSOLUTE     
            CODE    000EH     000DH     UNIT         ?PR?LCD_CLEAR_ALL?BSP_DISPLAY
            CODE    001BH     0003H     ABSOLUTE     
            CODE    001EH     003DH     UNIT         ?PR?VOL_RESP?APP_2D4
            CODE    005BH     0003H     ABSOLUTE     
BL51 BANKED LINKER/LOCATER V6.22                                                      09/04/2017  22:09:55  PAGE 3


            CODE    005EH     08FAH     UNIT         ?PR?_LCD_SHOWCHAR?BSP_DISPLAY
            CODE    0958H     05C8H     UNIT         ?C?LIB_CODE
            CODE    0F20H     0576H     UNIT         ?PR?_APP_2D4_RCV?APP_2D4
            CODE    1496H     0452H     UNIT         ?PR?_APP_KEY_PRO?APP_KEY
            CODE    18E8H     0365H     UNIT         ?PR?PRINTF?PRINTF
            CODE    1C4DH     0154H     UNIT         ?PR?_BSP_DETECTKEY?BSP_KEY
            CODE    1DA1H     0145H     UNIT         ?PR?_SYSTEM_CLOCK_SELECT?COMMON
            CODE    1EE6H     012EH     UNIT         ?PR?RF_INIT?BSP_2D4
            CODE    2014H     0112H     UNIT         ?CO?VERSION
            CODE    2126H     00F2H     UNIT         ?CO?APP_2D4
            CODE    2218H     00E4H     UNIT         ?PR?_LCD_CLEAR_MI?BSP_DISPLAY
            CODE    22FCH     00E3H     UNIT         ?PR?_RF_CARRIER?BSP_2D4
            CODE    23DFH     00B5H     UNIT         ?PR?REPEAT_PRO?APP_REPEAT_EXE
            CODE    2494H     00B0H     UNIT         ?PR?BSP_INITKEYVAR?BSP_KEY
            CODE    2544H     00A2H     UNIT         ?PR?_LCD_SHOWSTRING?BSP_DISPLAY
            CODE    25E6H     009AH     UNIT         ?C_C51STARTUP
            CODE    2680H     0095H     UNIT         ?C_INITSEG
            CODE    2715H     0092H     UNIT         ?PR?MAIN?MAIN
            CODE    27A7H     0083H     UNIT         ?PR?_?RANDOM_DELAY?DELAY
            CODE    282AH     0079H     UNIT         ?PR?TIMER0_ISR?BSP_TIMER0
            CODE    28A3H     0067H     UNIT         ?PR?_ISKEYDOWN?BSP_KEY
            CODE    290AH     0066H     UNIT         ?PR?MODE_RESP?APP_2D4
            CODE    2970H     0063H     UNIT         ?PR?_INITIALUART0_TIMER3_TYPE5?COMMON
            CODE    29D3H     0063H     UNIT         ?PR?_INITIALUART0_TIMER3_TYPE6?COMMON
            CODE    2A36H     0061H     UNIT         ?PR?_WAKEUP_TIMER_DELAY25MS?DELAY
            CODE    2A97H     005FH     UNIT         ?PR?SHOW_FW_VERSION_NUMBER_TO_PC?VERSION
            CODE    2AF6H     005DH     UNIT         ?PR?_INITIALUART1_TIMER3?COMMON
            CODE    2B53H     005CH     UNIT         ?PR?ADC_ISR?MAIN
            CODE    2BAFH     005BH     UNIT         ?PR?_TIMER3_DELAY1MS?DELAY
            CODE    2C0AH     0059H     UNIT         ?PR?_TIMER0_DELAY1MS?DELAY
            CODE    2C63H     0059H     UNIT         ?PR?_TIMER1_DELAY1MS?DELAY
            CODE    2CBCH     0058H     UNIT         ?PR?APP_2D4_1S_PRO?APP_2D4
            CODE    2D14H     0051H     UNIT         ?PR?_APP_2D4_SEND?APP_2D4
            CODE    2D65H     004DH     UNIT         ?PR?APP_2D4_PRO?APP_2D4
            CODE    2DB2H     0043H     UNIT         ?PR?_RF_WRITEBUF?BSP_2D4
            CODE    2DF5H     0043H     UNIT         ?PR?_RF_TXDATA?BSP_2D4
            CODE    2E38H     003FH     UNIT         ?PR?_RF_READBUF?BSP_2D4
            CODE    2E77H     003DH     UNIT         ?PR?_PUTCHAR?COMMON
            CODE    2EB4H     0036H     UNIT         ?PR?LCD_DISPLAY_INITHARD?BSP_DISPLAY
            CODE    2EEAH     0033H     UNIT         ?PR?ADC_INIT?BSP_ADC
            CODE    2F1DH     0032H     UNIT         ?PR?_REPEAT_START?APP_REPEAT_EXE
            CODE    2F4FH     002AH     UNIT         ?PR?_INITIALUART0_TIMER1_TYPE3?COMMON
            CODE    2F79H     002AH     UNIT         ?PR?_INITIALUART0_TIMER1_TYPE4?COMMON
            CODE    2FA3H     0029H     UNIT         ?PR?_UCRF_DUMPRXDATA?BSP_2D4
            CODE    2FCCH     0029H     UNIT         ?PR?_INITIALUART0_TIMER1_TYPE1?COMMON
            CODE    2FF5H     0028H     UNIT         ?PR?_INITIALUART0_TIMER1_TYPE2?COMMON
            CODE    301DH     0026H     UNIT         ?PR?TIMER0_PARAMINIT?BSP_TIMER0
            CODE    3043H     0026H     UNIT         ?PR?RF_RXMODE?BSP_2D4
            CODE    3069H     0025H     UNIT         ?PR?APP_2D4_INIT?APP_2D4
            CODE    308EH     0024H     UNIT         ?PR?_BSP_SETKEYPARAM?BSP_KEY
            CODE    30B2H     0024H     UNIT         ?CO?BSP_2D4
            CODE    30D6H     0023H     UNIT         ?PR?TIMER0_INITHARD?BSP_TIMER0
            CODE    30F9H     0023H     UNIT         ?PR?_SPI_WR?BSP_2D4
            CODE    311CH     0021H     UNIT         ?PR?_APP_LCD_DEFAULT_STRING_SET?APP_LCD
            CODE    313DH     0021H     UNIT         ?PR?ADC_START?BSP_ADC
            CODE    315EH     0021H     UNIT         ?PR?_DELAY10US?DELAY
            CODE    317FH     0020H     UNIT         ?PR?SET_ALL_GPIO_INPUT_MODE?COMMON
BL51 BANKED LINKER/LOCATER V6.22                                                      09/04/2017  22:09:55  PAGE 4


            CODE    319FH     001DH     UNIT         ?PR?_SPI_WW?BSP_2D4
            CODE    31BCH     001CH     UNIT         ?PR?BSP_GETKEY?BSP_KEY
            CODE    31D8H     001CH     UNIT         ?PR?BSP_GETKEY2?BSP_KEY
            CODE    31F4H     001BH     UNIT         ?PR?BSP_INIT?BSP
            CODE    320FH     001BH     UNIT         ?PR?BSP_KEYSCAN?BSP_KEY
            CODE    322AH     001AH     UNIT         ?PR?SET_ALL_GPIO_QUASI_MODE?COMMON
            CODE    3244H     001AH     UNIT         ?PR?SW_RESET?COMMON
            CODE    325EH     0019H     UNIT         ?PR?UCSPI_READ?BSP_2D4
            CODE    3277H     0018H     UNIT         ?PR?APP_LCD_INIT?APP_LCD
            CODE    328FH     0016H     UNIT         ?PR?SPEAKER_STATUS_RESP?APP_2D4
            CODE    32A5H     0016H     UNIT         ?PR?RELAY_STATUS_RESP?APP_2D4
            CODE    32BBH     0015H     UNIT         ?PR?_STRLEN?STRLEN
            CODE    32D0H     0014H     UNIT         ?PR?REPEAT_STOP?APP_REPEAT_EXE
            CODE    32E4H     0014H     UNIT         ?PR?_BSP_PUTKEY?BSP_KEY
            CODE    32F8H     0013H     UNIT         ?PR?TIMER1_INITHARD?BSP_TIMER1
            CODE    330BH     0013H     UNIT         ?PR?WIRELESS2D4_INITHARD?BSP_2D4
            CODE    331EH     0013H     UNIT         ?PR?_RF_WRITEREG?BSP_2D4
            CODE    3331H     0013H     UNIT         ?PR?_UCRF_READREG?BSP_2D4
            CODE    3344H     0012H     UNIT         ?PR?FM_SCANNING_SHOW_LCD_RESP?APP_2D4
            CODE    3356H     0012H     UNIT         ?PR?FM_OK_SHOW_LCD_RESP?APP_2D4
            CODE    3368H     0012H     UNIT         ?PR?ISKEYDOWN_1AND6?BSP_KEY
            CODE    337AH     0010H     UNIT         ?PR?REPEAT_START_EXE?APP_REPEAT_EXE
            CODE    338AH     0010H     UNIT         ?PR?REPEAT_STOP_EXE?APP_REPEAT_EXE
            CODE    339AH     000FH     UNIT         ?PR?CLEAR_LCD_RESP?APP_2D4
            CODE    33A9H     000FH     UNIT         ?PR?USB_PAUSE_SHOW_LCD_RESP?APP_2D4
            CODE    33B8H     000FH     UNIT         ?PR?USB_TIME_SHOW_LCD_RESP?APP_2D4
            CODE    33C7H     000FH     UNIT         ?PR?APP_LCD_PRO?APP_LCD
            CODE    33D6H     000FH     UNIT         ?PR?ISKEYDOWN2?BSP_KEY
            CODE    33E5H     000FH     UNIT         ?PR?ISKEYDOWN3?BSP_KEY
            CODE    33F4H     000FH     UNIT         ?PR?ISKEYDOWN4?BSP_KEY
            CODE    3403H     000FH     UNIT         ?PR?ISKEYDOWN8?BSP_KEY
            CODE    3412H     000FH     UNIT         ?PR?ISKEYDOWN9?BSP_KEY
            CODE    3421H     000FH     UNIT         ?PR?RF_TXMODE?BSP_2D4
            CODE    3430H     000EH     UNIT         ?PR?ISKEYDOWN5?BSP_KEY
            CODE    343EH     000EH     UNIT         ?PR?_RF_SETCHANNEL?BSP_2D4
            CODE    344CH     000DH     UNIT         ?PR?LCD_CLEAR_MI_ALL?BSP_DISPLAY
            CODE    3459H     000CH     UNIT         ?PR?_REPEAT_SETSTART?APP_REPEAT_EXE
            CODE    3465H     000CH     UNIT         ?PR?_REPEAT_SETSTOP?APP_REPEAT_EXE
            CODE    3471H     000CH     UNIT         ?PR?RF_CLEARFIFO?BSP_2D4
            CODE    347DH     000BH     UNIT         ?PR?_BSP_GETKEYSTATE?BSP_KEY
            CODE    3488H     000AH     UNIT         ?PR?APP_REPEAT_ISENABLE?APP_REPEAT_EXE
            CODE    3492H     000AH     UNIT         ?PR?UCRF_GETSTATUS?BSP_2D4
            CODE    349CH     0009H     UNIT         ?PR?BT_PAUSE_SHOW_LCD_RESP?APP_2D4
            CODE    34A5H     0009H     UNIT         ?PR?BT_PLAY_SHOW_LCD_RESP?APP_2D4
            CODE    34AEH     0009H     UNIT         ?PR?AUX_MUTE_SHOW_LCD_RESP?APP_2D4
            CODE    34B7H     0009H     UNIT         ?PR?AUX_PLAY_SHOW_LCD_RESP?APP_2D4
            CODE    34C0H     0009H     UNIT         ?PR?ISKEYDOWN1?BSP_KEY
            CODE    34C9H     0009H     UNIT         ?PR?KEY_BRIGHT_INITHARD?BSP_KEYBRIGHT
            CODE    34D2H     0009H     UNIT         ?PR?LCD_BRIGHT_INITHARD?BSP_LCDBRIGHT
            CODE    34DBH     0008H     UNIT         ?PR?RECEIVE_DATA_FROM_UART0?COMMON
            CODE    34E3H     0008H     UNIT         ?PR?_SEND_DATA_TO_UART0?COMMON
            CODE    34EBH     0008H     UNIT         ?PR?RECEIVE_DATA_FROM_UART1?COMMON
            CODE    34F3H     0008H     UNIT         ?PR?_SEND_DATA_TO_UART1?COMMON
            CODE    34FBH     0007H     UNIT         ?CO?MAIN
            CODE    3502H     0007H     UNIT         ?PR?APP_WORK_INIT?APP_WORK
            CODE    3509H     0007H     UNIT         ?PR?BSP_INITKEYHARD?BSP_KEY
            CODE    3510H     0007H     UNIT         ?PR?LCD_CLEAR_LED_ICO?BSP_DISPLAY
BL51 BANKED LINKER/LOCATER V6.22                                                      09/04/2017  22:09:55  PAGE 5


            CODE    3517H     0007H     UNIT         ?PR?LCD_SHOW_LED_ICO?BSP_DISPLAY
            CODE    351EH     0007H     UNIT         ?PR?LCD_CLEAR_FM_ICO?BSP_DISPLAY
            CODE    3525H     0007H     UNIT         ?PR?LCD_SHOW_FM_ICO?BSP_DISPLAY
            CODE    352CH     0007H     UNIT         ?PR?LCD_CLEAR_BLUETOOTH_ICO?BSP_DISPLAY
            CODE    3533H     0007H     UNIT         ?PR?LCD_SHOW_BLUETOOTH_ICO?BSP_DISPLAY
            CODE    353AH     0007H     UNIT         ?PR?LCD_CLEAR_AUX_ICO?BSP_DISPLAY
            CODE    3541H     0007H     UNIT         ?PR?LCD_SHOW_AUX_ICO?BSP_DISPLAY
            CODE    3548H     0007H     UNIT         ?PR?LCD_CLEAR_USB_ICO?BSP_DISPLAY
            CODE    354FH     0007H     UNIT         ?PR?LCD_SHOW_USB_ICO?BSP_DISPLAY
            CODE    3556H     0007H     UNIT         ?PR?LCD_CLEAR_MHZ_ICO?BSP_DISPLAY
            CODE    355DH     0007H     UNIT         ?PR?LCD_SHOW_MHZ_ICO?BSP_DISPLAY
            CODE    3564H     0007H     UNIT         ?PR?LCD_CLEAR_BAZOOKA_ICO?BSP_DISPLAY
            CODE    356BH     0007H     UNIT         ?PR?LCD_SHOW_BAZOOKA_ICO?BSP_DISPLAY
            CODE    3572H     0007H     UNIT         ?PR?LCD_CLEAR_UPCOLON_ICO?BSP_DISPLAY
            CODE    3579H     0007H     UNIT         ?PR?LCD_SHOW_UPCOLON_ICO?BSP_DISPLAY
            CODE    3580H     0007H     UNIT         ?PR?LCD_CLEAR_DOWNCOLON_ICO?BSP_DISPLAY
            CODE    3587H     0007H     UNIT         ?PR?LCD_SHOW_DOWNCOLON_ICO?BSP_DISPLAY
            CODE    358EH     0007H     UNIT         ?PR?RF_CLEARSTATUS?BSP_2D4
            CODE    3595H     0006H     UNIT         ?PR?ISKEYDOWN6?BSP_KEY
            CODE    359BH     0006H     UNIT         ?PR?ISKEYDOWN7?BSP_KEY
            CODE    35A1H     0006H     UNIT         ?PR?BSP_INITKEY?BSP_KEY
            CODE    35A7H     0006H     UNIT         ?PR?BSP_CLEARKEY?BSP_KEY
            CODE    35ADH     0006H     UNIT         ?PR?LCD_CLEAR_COLON_ICO?BSP_DISPLAY
            CODE    35B3H     0006H     UNIT         ?PR?LCD_SHOW_COLON_ICO?BSP_DISPLAY
            CODE    35B9H     0006H     UNIT         ?PR?UCRF_GETRSSI?BSP_2D4
            CODE    35BFH     0004H     UNIT         ?PR?FSYS_CLOCK_OUTPUT_ON_P26?COMMON
            CODE    35C3H     0003H     UNIT         ?PR?APP_POWER_ON?APP_KEY
            CODE    35C6H     0003H     UNIT         ?PR?APP_POWER_OFF?APP_KEY
            CODE    35C9H     0003H     UNIT         ?PR?KEY_BRIGHT_OFF?BSP_KEYBRIGHT
            CODE    35CCH     0003H     UNIT         ?PR?KEY_BRIGHT_ON?BSP_KEYBRIGHT
            CODE    35CFH     0003H     UNIT         ?PR?KEY_BRIGHT_TOGGLE?BSP_KEYBRIGHT
            CODE    35D2H     0003H     UNIT         ?PR?LCD_BRIGHT_OFF?BSP_LCDBRIGHT
            CODE    35D5H     0003H     UNIT         ?PR?LCD_BRIGHT_ON?BSP_LCDBRIGHT
            CODE    35D8H     0001H     UNIT         ?PR?APP_KEY_INIT?APP_KEY
            CODE    35D9H     0001H     UNIT         ?PR?APP_KEY_100MS_PRO?APP_KEY
            CODE    35DAH     0001H     UNIT         ?PR?APP_KEY_1S_PRO?APP_KEY
            CODE    35DBH     0001H     UNIT         ?PR?APP_KEY_CLEAR_NOOPS_TIMEOUTCNT?APP_KEY
            CODE    35DCH     0001H     UNIT         ?PR?APP_WORK_1S_PRO?APP_WORK
            CODE    35DDH     0001H     UNIT         ?PR?APP_WORK_100MS_PRO?APP_WORK
            CODE    35DEH     0001H     UNIT         ?PR?APP_WORK_PRO?APP_WORK
            CODE    35DFH     0001H     UNIT         ?PR?TIMER1_ISR?BSP_TIMER1
            CODE    35E0H     0001H     UNIT         ?PR?SPI_INIT?BSP_2D4



OVERLAY MAP OF MODULE:   .\Out\Objects\project (MAIN)


SEGMENT                                             BIT_GROUP          DATA_GROUP          XDATA_GROUP
  +--> CALLED SEGMENT                            START    LENGTH     START    LENGTH     START    LENGTH
--------------------------------------------------------------------------------------------------------
?C_C51STARTUP                                    -----    -----      -----    -----      -----    -----
  +--> ?PR?MAIN?MAIN
  +--> ?C_INITSEG

?PR?MAIN?MAIN                                    -----    -----      -----    -----      0000H    0002H
  +--> ?PR?_SYSTEM_CLOCK_SELECT?COMMON
BL51 BANKED LINKER/LOCATER V6.22                                                      09/04/2017  22:09:55  PAGE 6


  +--> ?PR?BSP_INIT?BSP
  +--> ?PR?APP_KEY_INIT?APP_KEY
  +--> ?PR?APP_2D4_INIT?APP_2D4
  +--> ?PR?APP_LCD_INIT?APP_LCD
  +--> ?PR?APP_WORK_INIT?APP_WORK
  +--> ?PR?ADC_START?BSP_ADC
  +--> ?PR?BSP_KEYSCAN?BSP_KEY
  +--> ?PR?REPEAT_PRO?APP_REPEAT_EXE
  +--> ?PR?APP_LCD_PRO?APP_LCD
  +--> ?CO?MAIN
  +--> ?PR?PRINTF?PRINTF
  +--> ?PR?APP_2D4_PRO?APP_2D4
  +--> ?PR?BSP_GETKEY?BSP_KEY
  +--> ?PR?_APP_KEY_PRO?APP_KEY

?PR?BSP_INIT?BSP                                 -----    -----      -----    -----      -----    -----
  +--> ?PR?SET_ALL_GPIO_INPUT_MODE?COMMON
  +--> ?PR?LCD_DISPLAY_INITHARD?BSP_DISPLAY
  +--> ?PR?ADC_INIT?BSP_ADC
  +--> ?PR?BSP_INITKEY?BSP_KEY
  +--> ?PR?KEY_BRIGHT_INITHARD?BSP_KEYBRIGHT
  +--> ?PR?TIMER0_INITHARD?BSP_TIMER0
  +--> ?PR?WIRELESS2D4_INITHARD?BSP_2D4
  +--> ?PR?LCD_BRIGHT_INITHARD?BSP_LCDBRIGHT

?PR?LCD_DISPLAY_INITHARD?BSP_DISPLAY             -----    -----      -----    -----      -----    -----
  +--> ?PR?LCD_CLEAR_ALL?BSP_DISPLAY

?PR?BSP_INITKEY?BSP_KEY                          -----    -----      -----    -----      -----    -----
  +--> ?PR?BSP_INITKEYVAR?BSP_KEY
  +--> ?PR?BSP_INITKEYHARD?BSP_KEY

?PR?BSP_INITKEYVAR?BSP_KEY                       -----    -----      -----    -----      -----    -----
  +--> ?PR?ISKEYDOWN1?BSP_KEY
  +--> ?PR?ISKEYDOWN2?BSP_KEY
  +--> ?PR?ISKEYDOWN3?BSP_KEY
  +--> ?PR?ISKEYDOWN4?BSP_KEY
  +--> ?PR?ISKEYDOWN5?BSP_KEY
  +--> ?PR?ISKEYDOWN6?BSP_KEY
  +--> ?PR?ISKEYDOWN7?BSP_KEY
  +--> ?PR?ISKEYDOWN8?BSP_KEY
  +--> ?PR?ISKEYDOWN9?BSP_KEY
  +--> ?PR?ISKEYDOWN_1AND6?BSP_KEY

?PR?ISKEYDOWN2?BSP_KEY                           -----    -----      -----    -----      -----    -----
  +--> ?PR?_ISKEYDOWN?BSP_KEY

?PR?ISKEYDOWN3?BSP_KEY                           -----    -----      -----    -----      -----    -----
  +--> ?PR?_ISKEYDOWN?BSP_KEY

?PR?ISKEYDOWN4?BSP_KEY                           -----    -----      -----    -----      -----    -----
  +--> ?PR?_ISKEYDOWN?BSP_KEY

?PR?ISKEYDOWN5?BSP_KEY                           -----    -----      -----    -----      -----    -----
  +--> ?PR?_ISKEYDOWN?BSP_KEY

?PR?ISKEYDOWN6?BSP_KEY                           -----    -----      -----    -----      -----    -----
BL51 BANKED LINKER/LOCATER V6.22                                                      09/04/2017  22:09:55  PAGE 7


  +--> ?PR?_ISKEYDOWN?BSP_KEY

?PR?ISKEYDOWN7?BSP_KEY                           -----    -----      -----    -----      -----    -----
  +--> ?PR?_ISKEYDOWN?BSP_KEY

?PR?ISKEYDOWN8?BSP_KEY                           -----    -----      -----    -----      -----    -----
  +--> ?PR?_ISKEYDOWN?BSP_KEY

?PR?ISKEYDOWN9?BSP_KEY                           -----    -----      -----    -----      -----    -----
  +--> ?PR?_ISKEYDOWN?BSP_KEY

?PR?ISKEYDOWN_1AND6?BSP_KEY                      -----    -----      -----    -----      -----    -----
  +--> ?PR?ISKEYDOWN1?BSP_KEY
  +--> ?PR?ISKEYDOWN6?BSP_KEY

?PR?KEY_BRIGHT_INITHARD?BSP_KEYBRIGHT            -----    -----      -----    -----      -----    -----
  +--> ?PR?KEY_BRIGHT_OFF?BSP_KEYBRIGHT

?PR?TIMER0_INITHARD?BSP_TIMER0                   -----    -----      -----    -----      -----    -----
  +--> ?PR?TIMER0_PARAMINIT?BSP_TIMER0

?PR?LCD_BRIGHT_INITHARD?BSP_LCDBRIGHT            -----    -----      -----    -----      -----    -----
  +--> ?PR?LCD_BRIGHT_ON?BSP_LCDBRIGHT

?PR?APP_2D4_INIT?APP_2D4                         -----    -----      -----    -----      -----    -----
  +--> ?PR?RF_INIT?BSP_2D4
  +--> ?PR?RF_RXMODE?BSP_2D4

?PR?RF_INIT?BSP_2D4                              -----    -----      -----    -----      0002H    0012H
  +--> ?CO?BSP_2D4
  +--> ?PR?SPI_INIT?BSP_2D4
  +--> ?PR?_RF_WRITEREG?BSP_2D4
  +--> ?PR?_RF_WRITEBUF?BSP_2D4

?PR?_RF_WRITEREG?BSP_2D4                         -----    -----      -----    -----      -----    -----
  +--> ?PR?_SPI_WW?BSP_2D4

?PR?_RF_WRITEBUF?BSP_2D4                         -----    -----      -----    -----      0014H    0005H
  +--> ?PR?_SPI_WW?BSP_2D4

?PR?RF_RXMODE?BSP_2D4                            -----    -----      -----    -----      -----    -----
  +--> ?PR?_RF_WRITEREG?BSP_2D4

?PR?APP_LCD_INIT?APP_LCD                         -----    -----      -----    -----      -----    -----
  +--> ?CO?APP_LCD
  +--> ?PR?_STRLEN?STRLEN

?PR?APP_WORK_INIT?APP_WORK                       -----    -----      -----    -----      -----    -----
  +--> ?PR?LCD_SHOW_BAZOOKA_ICO?BSP_DISPLAY

?PR?BSP_KEYSCAN?BSP_KEY                          -----    -----      -----    -----      0002H    0001H
  +--> ?PR?_BSP_DETECTKEY?BSP_KEY

?PR?_BSP_DETECTKEY?BSP_KEY                       -----    -----      -----    -----      0003H    0001H
  +--> ?PR?_BSP_PUTKEY?BSP_KEY

?PR?REPEAT_PRO?APP_REPEAT_EXE                    -----    -----      -----    -----      -----    -----
BL51 BANKED LINKER/LOCATER V6.22                                                      09/04/2017  22:09:55  PAGE 8


  +--> ?PR?REPEAT_STOP_EXE?APP_REPEAT_EXE
  +--> ?PR?REPEAT_START_EXE?APP_REPEAT_EXE

?PR?APP_LCD_PRO?APP_LCD                          -----    -----      -----    -----      -----    -----
  +--> ?PR?APP_REPEAT_ISENABLE?APP_REPEAT_EXE
  +--> ?PR?_LCD_SHOWSTRING?BSP_DISPLAY

?PR?_LCD_SHOWSTRING?BSP_DISPLAY                  0020H.0  0000H.1    -----    -----      001AH    0004H
  +--> ?PR?_STRLEN?STRLEN
  +--> ?PR?_LCD_SHOWCHAR?BSP_DISPLAY

?PR?_LCD_SHOWCHAR?BSP_DISPLAY                    -----    -----      -----    -----      -----    -----
  +--> ?PR?_LCD_CLEAR_MI?BSP_DISPLAY

?PR?PRINTF?PRINTF                                0020H.0  0001H.1    0008H    0005H      001AH    0028H
  +--> ?PR?_PUTCHAR?COMMON

?PR?APP_2D4_PRO?APP_2D4                          -----    -----      -----    -----      -----    -----
  +--> ?PR?UCRF_GETSTATUS?BSP_2D4
  +--> ?PR?RF_CLEARFIFO?BSP_2D4
  +--> ?PR?RF_CLEARSTATUS?BSP_2D4
  +--> ?PR?RF_RXMODE?BSP_2D4
  +--> ?PR?_RF_TXDATA?BSP_2D4
  +--> ?PR?_UCRF_DUMPRXDATA?BSP_2D4
  +--> ?PR?_APP_2D4_RCV?APP_2D4

?PR?UCRF_GETSTATUS?BSP_2D4                       -----    -----      -----    -----      -----    -----
  +--> ?PR?_UCRF_READREG?BSP_2D4

?PR?_UCRF_READREG?BSP_2D4                        -----    -----      -----    -----      -----    -----
  +--> ?PR?_SPI_WR?BSP_2D4
  +--> ?PR?UCSPI_READ?BSP_2D4

?PR?RF_CLEARFIFO?BSP_2D4                         -----    -----      -----    -----      -----    -----
  +--> ?PR?_RF_WRITEREG?BSP_2D4

?PR?RF_CLEARSTATUS?BSP_2D4                       -----    -----      -----    -----      -----    -----
  +--> ?PR?_RF_WRITEREG?BSP_2D4

?PR?_RF_TXDATA?BSP_2D4                           -----    -----      -----    -----      0002H    0002H
  +--> ?PR?UCRF_GETSTATUS?BSP_2D4
  +--> ?PR?_RF_WRITEBUF?BSP_2D4
  +--> ?PR?_RF_WRITEREG?BSP_2D4

?PR?_UCRF_DUMPRXDATA?BSP_2D4                     -----    -----      -----    -----      -----    -----
  +--> ?PR?UCRF_GETSTATUS?BSP_2D4
  +--> ?PR?_RF_WRITEREG?BSP_2D4
  +--> ?PR?_RF_READBUF?BSP_2D4
  +--> ?PR?RF_CLEARFIFO?BSP_2D4
  +--> ?PR?RF_CLEARSTATUS?BSP_2D4

?PR?_RF_READBUF?BSP_2D4                          -----    -----      -----    -----      0002H    0005H
  +--> ?PR?_SPI_WR?BSP_2D4
  +--> ?PR?UCSPI_READ?BSP_2D4

?PR?_APP_2D4_RCV?APP_2D4                         -----    -----      -----    -----      0002H    0008H
  +--> ?PR?KEY_BRIGHT_TOGGLE?BSP_KEYBRIGHT
BL51 BANKED LINKER/LOCATER V6.22                                                      09/04/2017  22:09:55  PAGE 9


  +--> ?PR?SPEAKER_STATUS_RESP?APP_2D4
  +--> ?PR?RELAY_STATUS_RESP?APP_2D4
  +--> ?PR?VOL_RESP?APP_2D4
  +--> ?PR?BT_PLAY_SHOW_LCD_RESP?APP_2D4
  +--> ?PR?_REPEAT_SETSTART?APP_REPEAT_EXE
  +--> ?PR?_REPEAT_SETSTOP?APP_REPEAT_EXE
  +--> ?PR?BT_PAUSE_SHOW_LCD_RESP?APP_2D4
  +--> ?PR?CLEAR_LCD_RESP?APP_2D4
  +--> ?PR?FM_SCANNING_SHOW_LCD_RESP?APP_2D4
  +--> ?PR?AUX_PLAY_SHOW_LCD_RESP?APP_2D4
  +--> ?PR?AUX_MUTE_SHOW_LCD_RESP?APP_2D4
  +--> ?PR?USB_PAUSE_SHOW_LCD_RESP?APP_2D4
  +--> ?PR?_REPEAT_START?APP_REPEAT_EXE
  +--> ?PR?LCD_CLEAR_MHZ_ICO?BSP_DISPLAY
  +--> ?PR?LCD_CLEAR_UPCOLON_ICO?BSP_DISPLAY
  +--> ?PR?LCD_CLEAR_DOWNCOLON_ICO?BSP_DISPLAY
  +--> ?PR?LCD_CLEAR_BLUETOOTH_ICO?BSP_DISPLAY
  +--> ?PR?LCD_CLEAR_FM_ICO?BSP_DISPLAY
  +--> ?PR?LCD_CLEAR_AUX_ICO?BSP_DISPLAY
  +--> ?PR?LCD_CLEAR_USB_ICO?BSP_DISPLAY
  +--> ?PR?LCD_SHOW_BLUETOOTH_ICO?BSP_DISPLAY
  +--> ?CO?APP_2D4
  +--> ?PR?LCD_SHOW_FM_ICO?BSP_DISPLAY
  +--> ?PR?LCD_SHOW_MHZ_ICO?BSP_DISPLAY
  +--> ?PR?PRINTF?PRINTF
  +--> ?PR?LCD_SHOW_AUX_ICO?BSP_DISPLAY
  +--> ?PR?LCD_SHOW_USB_ICO?BSP_DISPLAY
  +--> ?PR?_STRLEN?STRLEN
  +--> ?PR?_APP_LCD_DEFAULT_STRING_SET?APP_LCD

?PR?SPEAKER_STATUS_RESP?APP_2D4                  -----    -----      -----    -----      -----    -----
  +--> ?CO?APP_2D4
  +--> ?PR?_LCD_SHOWSTRING?BSP_DISPLAY

?PR?RELAY_STATUS_RESP?APP_2D4                    -----    -----      -----    -----      -----    -----
  +--> ?CO?APP_2D4
  +--> ?PR?_LCD_SHOWSTRING?BSP_DISPLAY

?PR?VOL_RESP?APP_2D4                             -----    -----      -----    -----      000AH    0010H
  +--> ?CO?APP_2D4
  +--> ?PR?PRINTF?PRINTF
  +--> ?PR?_LCD_SHOWSTRING?BSP_DISPLAY

?PR?BT_PLAY_SHOW_LCD_RESP?APP_2D4                -----    -----      -----    -----      -----    -----
  +--> ?CO?APP_2D4
  +--> ?PR?_LCD_SHOWSTRING?BSP_DISPLAY

?PR?BT_PAUSE_SHOW_LCD_RESP?APP_2D4               -----    -----      -----    -----      -----    -----
  +--> ?CO?APP_2D4
  +--> ?PR?_LCD_SHOWSTRING?BSP_DISPLAY

?PR?CLEAR_LCD_RESP?APP_2D4                       -----    -----      -----    -----      -----    -----
  +--> ?CO?APP_2D4
  +--> ?PR?_LCD_SHOWSTRING?BSP_DISPLAY
  +--> ?PR?LCD_CLEAR_UPCOLON_ICO?BSP_DISPLAY
  +--> ?PR?LCD_CLEAR_DOWNCOLON_ICO?BSP_DISPLAY

BL51 BANKED LINKER/LOCATER V6.22                                                      09/04/2017  22:09:55  PAGE 10


?PR?FM_SCANNING_SHOW_LCD_RESP?APP_2D4            -----    -----      -----    -----      -----    -----
  +--> ?CO?APP_2D4
  +--> ?PR?_LCD_SHOWSTRING?BSP_DISPLAY
  +--> ?PR?LCD_CLEAR_UPCOLON_ICO?BSP_DISPLAY
  +--> ?PR?LCD_CLEAR_DOWNCOLON_ICO?BSP_DISPLAY
  +--> ?PR?LCD_CLEAR_MHZ_ICO?BSP_DISPLAY

?PR?AUX_PLAY_SHOW_LCD_RESP?APP_2D4               -----    -----      -----    -----      -----    -----
  +--> ?CO?APP_2D4
  +--> ?PR?_LCD_SHOWSTRING?BSP_DISPLAY

?PR?AUX_MUTE_SHOW_LCD_RESP?APP_2D4               -----    -----      -----    -----      -----    -----
  +--> ?CO?APP_2D4
  +--> ?PR?_LCD_SHOWSTRING?BSP_DISPLAY

?PR?USB_PAUSE_SHOW_LCD_RESP?APP_2D4              -----    -----      -----    -----      -----    -----
  +--> ?CO?APP_2D4
  +--> ?PR?_LCD_SHOWSTRING?BSP_DISPLAY
  +--> ?PR?LCD_CLEAR_UPCOLON_ICO?BSP_DISPLAY
  +--> ?PR?LCD_CLEAR_DOWNCOLON_ICO?BSP_DISPLAY

?PR?_REPEAT_START?APP_REPEAT_EXE                 -----    -----      -----    -----      -----    -----
  +--> ?PR?REPEAT_START_EXE?APP_REPEAT_EXE

?PR?_APP_LCD_DEFAULT_STRING_SET?APP_LCD          -----    -----      -----    -----      000AH    0001H

?PR?_APP_KEY_PRO?APP_KEY                         -----    -----      -----    -----      0002H    0003H
  +--> ?PR?APP_KEY_CLEAR_NOOPS_TIMEOUTCNT?AP...
  +--> ?PR?_APP_2D4_SEND?APP_2D4

?PR?_APP_2D4_SEND?APP_2D4                        -----    -----      -----    -----      0005H    0004H
  +--> ?PR?RF_TXMODE?BSP_2D4

?PR?RF_TXMODE?BSP_2D4                            -----    -----      -----    -----      -----    -----
  +--> ?PR?_RF_WRITEREG?BSP_2D4



SYMBOL TABLE OF MODULE:  .\Out\Objects\project (MAIN)

  VALUE           TYPE          NAME
  ----------------------------------

  -------         MODULE        MAIN
  C:0000H         SYMBOL        _ICE_DUMMY_
  D:0080H         PUBLIC        P0
  D:0090H         PUBLIC        P1
  D:00A0H         PUBLIC        P2
  D:00B0H         PUBLIC        P3
  D:00D8H         PUBLIC        P5
  D:00A8H         PUBLIC        IE
  B:00E8H.7       PUBLIC        ADCF
  C:2B53H         PUBLIC        ADC_ISR
  D:00B8H         PUBLIC        IP
  C:2715H         PUBLIC        main
  D:0098H         PUBLIC        SCON
  D:0088H         PUBLIC        TCON
BL51 BANKED LINKER/LOCATER V6.22                                                      09/04/2017  22:09:55  PAGE 11


  D:00F8H         PUBLIC        SCON_1
  D:00E8H         PUBLIC        ADCCON0
  D:00C0H         PUBLIC        I2CON
  D:00C3H         PUBLIC        ADCRH
  X:0057H         SYMBOL        ss
  D:00C8H         PUBLIC        T2CON
  D:00C2H         PUBLIC        ADCRL
  D:00D0H         PUBLIC        PSW
  -------         PROC          ADC_ISR
  C:2B53H         LINE#         8
  C:2B64H         LINE#         9
  C:2B64H         LINE#         11
  C:2B66H         LINE#         13
  C:2B76H         LINE#         14
  C:2B92H         LINE#         15
  C:2BA0H         LINE#         17
  -------         ENDPROC       ADC_ISR
  -------         PROC          MAIN
  -------         DO            
  X:0000H         SYMBOL        ucKeyCode
  -------         DO            
  X:0001H         SYMBOL        i
  X:0055H         SYMBOL        n
  X:0056H         SYMBOL        cnt
  -------         ENDDO         
  -------         DO            
  X:0056H         SYMBOL        cnt
  -------         ENDDO         
  -------         ENDDO         
  C:2715H         LINE#         19
  C:2715H         LINE#         21
  C:271AH         LINE#         24
  C:271DH         LINE#         28
  C:2720H         LINE#         29
  C:2723H         LINE#         30
  C:2726H         LINE#         31
  C:2729H         LINE#         35
  C:2729H         LINE#         36
  C:272FH         LINE#         37
  C:2731H         LINE#         39
  C:2734H         LINE#         40
  C:2734H         LINE#         41
  C:273AH         LINE#         42
  C:273CH         LINE#         45
  C:273FH         LINE#         46
  C:273FH         LINE#         47
  C:2745H         LINE#         48
  C:274AH         LINE#         51
  C:274EH         LINE#         56
  C:2751H         LINE#         60
  C:2754H         LINE#         62
  C:275AH         LINE#         63
  C:2760H         LINE#         64
  C:2762H         LINE#         66
  C:2785H         LINE#         72
  C:2785H         LINE#         73
  C:2788H         LINE#         74
BL51 BANKED LINKER/LOCATER V6.22                                                      09/04/2017  22:09:55  PAGE 12


  C:2788H         LINE#         75
  C:278EH         LINE#         77
  C:2790H         LINE#         81
  C:2796H         LINE#         85
  C:2796H         LINE#         89
  C:279EH         LINE#         90
  C:27A0H         LINE#         91
  C:27A5H         LINE#         92
  C:27A5H         LINE#         94
  -------         ENDPROC       MAIN
  -------         ENDMOD        MAIN

  -------         MODULE        APP_KEY
  C:0000H         SYMBOL        _ICE_DUMMY_
  D:0080H         PUBLIC        P0
  D:0090H         PUBLIC        P1
  D:00A0H         PUBLIC        P2
  D:00B0H         PUBLIC        P3
  C:35D8H         PUBLIC        app_key_init
  D:00D8H         PUBLIC        P5
  D:00A8H         PUBLIC        IE
  C:35C3H         PUBLIC        app_power_on
  D:00B8H         PUBLIC        IP
  C:1496H         PUBLIC        _app_key_pro
  C:35DAH         PUBLIC        app_key_1s_pro
  D:0098H         PUBLIC        SCON
  D:0088H         PUBLIC        TCON
  I:000FH         SYMBOL        buf
  D:00F8H         PUBLIC        SCON_1
  D:00E8H         PUBLIC        ADCCON0
  D:00C0H         PUBLIC        I2CON
  C:35DBH         PUBLIC        app_key_clear_noOps_timeoutCnt
  D:00C8H         PUBLIC        T2CON
  C:35C6H         PUBLIC        app_power_off
  C:35D9H         PUBLIC        app_key_100ms_pro
  D:00D0H         PUBLIC        PSW
  -------         PROC          APP_KEY_INIT
  C:35D8H         LINE#         12
  C:35D8H         LINE#         14
  -------         ENDPROC       APP_KEY_INIT
  -------         PROC          APP_POWER_ON
  C:35C3H         LINE#         16
  C:35C3H         LINE#         17
  -------         ENDPROC       APP_POWER_ON
  -------         PROC          APP_POWER_OFF
  C:35C6H         LINE#         19
  C:35C6H         LINE#         21
  -------         ENDPROC       APP_POWER_OFF
  -------         PROC          APP_KEY_100MS_PRO
  C:35D9H         LINE#         24
  C:35D9H         LINE#         26
  -------         ENDPROC       APP_KEY_100MS_PRO
  -------         PROC          APP_KEY_1S_PRO
  C:35DAH         LINE#         28
  C:35DAH         LINE#         30
  -------         ENDPROC       APP_KEY_1S_PRO
  -------         PROC          APP_KEY_CLEAR_NOOPS_TIMEOUTCNT
BL51 BANKED LINKER/LOCATER V6.22                                                      09/04/2017  22:09:55  PAGE 13


  C:35DBH         LINE#         31
  C:35DBH         LINE#         32
  -------         ENDPROC       APP_KEY_CLEAR_NOOPS_TIMEOUTCNT
  -------         PROC          _APP_KEY_PRO
  X:0002H         SYMBOL        keyCode
  -------         DO            
  X:0003H         SYMBOL        index
  X:0004H         SYMBOL        i
  -------         ENDDO         
  C:1496H         LINE#         34
  C:149BH         LINE#         35
  C:149EH         LINE#         36
  C:14A0H         LINE#         38
  C:14A3H         LINE#         42
  C:14A7H         LINE#         43
  C:14B3H         LINE#         44
  C:151AH         LINE#         45
  C:151AH         LINE#         46
  C:1527H         LINE#         47
  C:1531H         LINE#         48
  C:153BH         LINE#         49
  C:1545H         LINE#         50
  C:1564H         LINE#         51
  C:1574H         LINE#         52
  C:157AH         LINE#         54
  C:157AH         LINE#         55
  C:157AH         LINE#         57
  C:157AH         LINE#         58
  C:157AH         LINE#         59
  C:1587H         LINE#         60
  C:1591H         LINE#         61
  C:159BH         LINE#         62
  C:15A5H         LINE#         63
  C:15C4H         LINE#         64
  C:15D4H         LINE#         65
  C:15DAH         LINE#         67
  C:15DAH         LINE#         68
  C:15DAH         LINE#         69
  C:15E7H         LINE#         70
  C:15F1H         LINE#         71
  C:15FBH         LINE#         72
  C:1605H         LINE#         73
  C:1624H         LINE#         74
  C:1634H         LINE#         75
  C:163AH         LINE#         77
  C:163AH         LINE#         78
  C:163AH         LINE#         80
  C:163AH         LINE#         81
  C:163AH         LINE#         83
  C:163AH         LINE#         84
  C:163AH         LINE#         86
  C:163AH         LINE#         87
  C:163AH         LINE#         88
  C:1647H         LINE#         89
  C:1651H         LINE#         90
  C:165BH         LINE#         91
  C:1665H         LINE#         92
BL51 BANKED LINKER/LOCATER V6.22                                                      09/04/2017  22:09:55  PAGE 14


  C:1684H         LINE#         93
  C:1694H         LINE#         94
  C:169AH         LINE#         95
  C:169AH         LINE#         96
  C:169AH         LINE#         98
  C:169AH         LINE#         99
  C:169AH         LINE#         101
  C:169AH         LINE#         102
  C:169AH         LINE#         103
  C:16A7H         LINE#         104
  C:16B1H         LINE#         105
  C:16BBH         LINE#         106
  C:16C5H         LINE#         107
  C:16E4H         LINE#         108
  C:16F4H         LINE#         109
  C:16FAH         LINE#         110
  C:16FAH         LINE#         111
  C:16FAH         LINE#         113
  C:16FAH         LINE#         114
  C:16FAH         LINE#         115
  C:1707H         LINE#         116
  C:1711H         LINE#         117
  C:171BH         LINE#         118
  C:1725H         LINE#         119
  C:1744H         LINE#         120
  C:1754H         LINE#         121
  C:175AH         LINE#         123
  C:175AH         LINE#         124
  C:175AH         LINE#         126
  C:175AH         LINE#         127
  C:175AH         LINE#         129
  C:175AH         LINE#         130
  C:175AH         LINE#         132
  C:1767H         LINE#         133
  C:1771H         LINE#         134
  C:177BH         LINE#         135
  C:1785H         LINE#         136
  C:17A4H         LINE#         137
  C:17B4H         LINE#         138
  C:17BAH         LINE#         140
  C:17BAH         LINE#         141
  C:17BAH         LINE#         143
  C:17BAH         LINE#         144
  C:17BAH         LINE#         146
  C:17BAH         LINE#         147
  C:17BAH         LINE#         148
  C:17C7H         LINE#         149
  C:17D1H         LINE#         150
  C:17DBH         LINE#         151
  C:17E5H         LINE#         152
  C:1804H         LINE#         153
  C:1814H         LINE#         154
  C:181AH         LINE#         156
  C:181AH         LINE#         157
  C:181AH         LINE#         159
  C:181AH         LINE#         160
  C:181AH         LINE#         162
BL51 BANKED LINKER/LOCATER V6.22                                                      09/04/2017  22:09:55  PAGE 15


  C:181AH         LINE#         163
  C:181AH         LINE#         165
  C:1827H         LINE#         166
  C:1831H         LINE#         167
  C:183BH         LINE#         168
  C:1845H         LINE#         169
  C:1861H         LINE#         170
  C:1871H         LINE#         171
  C:1877H         LINE#         173
  C:1877H         LINE#         174
  C:1877H         LINE#         176
  C:1877H         LINE#         177
  C:1877H         LINE#         179
  C:1877H         LINE#         180
  C:1877H         LINE#         181
  C:1884H         LINE#         182
  C:188EH         LINE#         183
  C:1898H         LINE#         184
  C:18A2H         LINE#         185
  C:18BEH         LINE#         186
  C:18CEH         LINE#         187
  C:18D4H         LINE#         189
  C:18D4H         LINE#         190
  C:18D4H         LINE#         192
  C:18D4H         LINE#         193
  C:18D4H         LINE#         195
  C:18D4H         LINE#         196
  C:18D4H         LINE#         198
  C:18D4H         LINE#         199
  C:18D4H         LINE#         201
  C:18D4H         LINE#         202
  C:18D4H         LINE#         204
  C:18D4H         LINE#         205
  C:18D4H         LINE#         207
  C:18D4H         LINE#         209
  C:18D4H         LINE#         210
  C:18DAH         LINE#         211
  C:18DCH         LINE#         212
  C:18E7H         LINE#         213
  C:18E7H         LINE#         215
  -------         ENDPROC       _APP_KEY_PRO
  -------         ENDMOD        APP_KEY

  -------         MODULE        APP_WORK
  C:0000H         SYMBOL        _ICE_DUMMY_
  D:0080H         PUBLIC        P0
  D:0090H         PUBLIC        P1
  D:00A0H         PUBLIC        P2
  D:00B0H         PUBLIC        P3
  D:00D8H         PUBLIC        P5
  D:00A8H         PUBLIC        IE
  D:00B8H         PUBLIC        IP
  C:35DEH         SYMBOL        app_work_pro
  C:35DCH         PUBLIC        app_work_1s_pro
  D:0098H         PUBLIC        SCON
  D:0088H         PUBLIC        TCON
  D:00F8H         PUBLIC        SCON_1
BL51 BANKED LINKER/LOCATER V6.22                                                      09/04/2017  22:09:55  PAGE 16


  D:00E8H         PUBLIC        ADCCON0
  D:00C0H         PUBLIC        I2CON
  C:3502H         PUBLIC        app_work_Init
  I:00BEH         PUBLIC        g_tWork
  D:00C8H         PUBLIC        T2CON
  C:35DDH         PUBLIC        app_work_100ms_pro
  D:00D0H         PUBLIC        PSW
  -------         PROC          APP_WORK_INIT
  C:3502H         LINE#         14
  C:3502H         LINE#         15
  C:3506H         LINE#         17
  -------         ENDPROC       APP_WORK_INIT
  -------         PROC          APP_WORK_1S_PRO
  C:35DCH         LINE#         20
  C:35DCH         LINE#         22
  -------         ENDPROC       APP_WORK_1S_PRO
  -------         PROC          APP_WORK_100MS_PRO
  C:35DDH         LINE#         23
  C:35DDH         LINE#         25
  -------         ENDPROC       APP_WORK_100MS_PRO
  -------         PROC          APP_WORK_PRO
  C:35DEH         LINE#         27
  C:35DEH         LINE#         29
  -------         ENDPROC       APP_WORK_PRO
  -------         ENDMOD        APP_WORK

  -------         MODULE        APP_REPEAT_EXE
  C:0000H         SYMBOL        _ICE_DUMMY_
  D:0080H         PUBLIC        P0
  D:0090H         PUBLIC        P1
  D:00A0H         PUBLIC        P2
  D:00B0H         PUBLIC        P3
  C:3459H         PUBLIC        _Repeat_SetStart
  D:00D8H         PUBLIC        P5
  D:00A8H         PUBLIC        IE
  C:3488H         PUBLIC        app_repeat_IsEnable
  C:338AH         SYMBOL        Repeat_Stop_exe
  D:00B8H         PUBLIC        IP
  C:3465H         PUBLIC        _Repeat_SetStop
  X:0067H         SYMBOL        g_tRepeat
  D:0098H         PUBLIC        SCON
  D:0088H         PUBLIC        TCON
  D:00F8H         PUBLIC        SCON_1
  C:2F1DH         PUBLIC        _Repeat_Start
  D:00E8H         PUBLIC        ADCCON0
  D:00C0H         PUBLIC        I2CON
  D:00C8H         PUBLIC        T2CON
  C:32D0H         PUBLIC        Repeat_Stop
  C:23DFH         PUBLIC        Repeat_Pro
  C:337AH         SYMBOL        Repeat_Start_exe
  D:00D0H         PUBLIC        PSW
  -------         PROC          _REPEAT_SETSTART
  D:0001H         SYMBOL        fun
  C:3459H         LINE#         12
  C:3459H         LINE#         13
  C:3464H         LINE#         14
  -------         ENDPROC       _REPEAT_SETSTART
BL51 BANKED LINKER/LOCATER V6.22                                                      09/04/2017  22:09:55  PAGE 17


  -------         PROC          _REPEAT_SETSTOP
  D:0001H         SYMBOL        fun
  C:3465H         LINE#         16
  C:3465H         LINE#         17
  C:3470H         LINE#         18
  -------         ENDPROC       _REPEAT_SETSTOP
  -------         PROC          REPEAT_START_EXE
  C:337AH         LINE#         20
  C:337AH         LINE#         21
  C:3386H         LINE#         22
  C:3389H         LINE#         23
  C:3389H         LINE#         24
  -------         ENDPROC       REPEAT_START_EXE
  -------         PROC          REPEAT_STOP_EXE
  C:338AH         LINE#         26
  C:338AH         LINE#         27
  C:3396H         LINE#         28
  C:3399H         LINE#         29
  C:3399H         LINE#         30
  -------         ENDPROC       REPEAT_STOP_EXE
  -------         PROC          _REPEAT_START
  D:0006H         SYMBOL        _usStartTime
  D:0004H         SYMBOL        _usStopTime
  D:0002H         SYMBOL        _usCycle
  C:2F1DH         LINE#         42
  C:2F1DH         LINE#         43
  C:2F1DH         LINE#         44
  C:2F21H         LINE#         46
  C:2F21H         LINE#         48
  C:2F29H         LINE#         49
  C:2F31H         LINE#         50
  C:2F39H         LINE#         51
  C:2F3EH         LINE#         52
  C:2F42H         LINE#         53
  C:2F46H         LINE#         54
  C:2F4BH         LINE#         56
  C:2F4EH         LINE#         57
  -------         ENDPROC       _REPEAT_START
  -------         PROC          REPEAT_STOP
  C:32D0H         LINE#         67
  C:32D0H         LINE#         68
  C:32D5H         LINE#         69
  C:32D8H         LINE#         70
  C:32E1H         LINE#         71
  -------         ENDPROC       REPEAT_STOP
  -------         PROC          APP_REPEAT_ISENABLE
  C:3488H         LINE#         75
  C:3488H         LINE#         76
  C:348EH         LINE#         77
  C:3490H         LINE#         78
  C:3490H         LINE#         79
  C:3491H         LINE#         80
  -------         ENDPROC       APP_REPEAT_ISENABLE
  -------         PROC          REPEAT_PRO
  C:23DFH         LINE#         90
  C:23DFH         LINE#         92
  C:23F6H         LINE#         94
BL51 BANKED LINKER/LOCATER V6.22                                                      09/04/2017  22:09:55  PAGE 18


  C:23F6H         LINE#         96
  C:23FCH         LINE#         97
  C:2408H         LINE#         98
  C:2408H         LINE#         99
  C:2421H         LINE#         100
  C:2424H         LINE#         101
  C:242BH         LINE#         102
  C:2430H         LINE#         103
  C:2430H         LINE#         104
  C:2431H         LINE#         106
  C:2431H         LINE#         107
  C:2439H         LINE#         108
  C:2451H         LINE#         110
  C:2460H         LINE#         111
  C:2473H         LINE#         113
  C:2478H         LINE#         114
  C:2478H         LINE#         116
  C:247EH         LINE#         117
  C:2485H         LINE#         119
  C:2485H         LINE#         120
  C:2485H         LINE#         121
  C:248CH         LINE#         122
  C:2490H         LINE#         124
  C:2493H         LINE#         125
  C:2493H         LINE#         126
  C:2493H         LINE#         128
  -------         ENDPROC       REPEAT_PRO
  -------         ENDMOD        APP_REPEAT_EXE

  -------         MODULE        APP_2D4
  C:0000H         SYMBOL        _ICE_DUMMY_
  D:0080H         PUBLIC        P0
  D:0090H         PUBLIC        P1
  D:00A0H         PUBLIC        P2
  D:00B0H         PUBLIC        P3
  C:3069H         PUBLIC        app_2d4_init
  D:00D8H         PUBLIC        P5
  C:34A5H         SYMBOL        BT_play_show_lcd_resp
  C:2CBCH         PUBLIC        app_2d4_1S_pro
  D:00A8H         PUBLIC        IE
  C:328FH         SYMBOL        speaker_status_resp
  D:00B8H         PUBLIC        IP
  C:3344H         SYMBOL        FM_scanning_show_lcd_resp
  C:2D65H         PUBLIC        app_2d4_pro
  C:3356H         SYMBOL        FM_ok_show_lcd_resp
  D:0098H         PUBLIC        SCON
  D:0088H         PUBLIC        TCON
  C:339AH         SYMBOL        clear_lcd_resp
  C:33A9H         SYMBOL        USB_pause_show_lcd_resp
  C:21F8H         SYMBOL        _?ix1000
  C:2208H         SYMBOL        _?ix1001
  C:290AH         SYMBOL        mode_resp
  D:00F8H         PUBLIC        SCON_1
  C:32A5H         SYMBOL        relay_status_resp
  I:009DH         SYMBOL        sendBuf
  C:33B8H         SYMBOL        USB_time_show_lcd_resp
  I:00ADH         SYMBOL        sendRcv_flag
BL51 BANKED LINKER/LOCATER V6.22                                                      09/04/2017  22:09:55  PAGE 19


  D:00E8H         PUBLIC        ADCCON0
  D:00C0H         PUBLIC        I2CON
  C:34B7H         SYMBOL        AUX_play_show_lcd_resp
  C:34AEH         SYMBOL        AUX_mute_show_lcd_resp
  D:00C8H         PUBLIC        T2CON
  I:00AEH         SYMBOL        rcvBuf
  C:349CH         SYMBOL        BT_pause_show_lcd_resp
  C:001EH         SYMBOL        vol_resp
  X:0089H         SYMBOL        tmpBuf
  C:0F20H         SYMBOL        _app_2d4_Rcv
  C:2D14H         PUBLIC        _app_2d4_send
  D:00D0H         PUBLIC        PSW
  -------         PROC          APP_2D4_INIT
  C:3069H         LINE#         16
  C:3069H         LINE#         18
  C:306DH         LINE#         19
  C:3079H         LINE#         20
  C:3088H         LINE#         22
  C:308BH         LINE#         23
  -------         ENDPROC       APP_2D4_INIT
  -------         PROC          _APP_2D4_SEND
  X:0005H         SYMBOL        d
  X:0008H         SYMBOL        len
  C:2D14H         LINE#         28
  C:2D22H         LINE#         30
  C:2D27H         LINE#         32
  C:2D27H         LINE#         34
  C:2D2AH         LINE#         35
  C:2D2EH         LINE#         37
  C:2D49H         LINE#         38
  C:2D64H         LINE#         39
  C:2D64H         LINE#         41
  -------         ENDPROC       _APP_2D4_SEND
  -------         PROC          SPEAKER_STATUS_RESP
  C:328FH         LINE#         42
  C:328FH         LINE#         43
  C:3297H         LINE#         44
  C:329BH         LINE#         45
  C:329DH         LINE#         46
  C:32A4H         LINE#         47
  C:32A4H         LINE#         48
  -------         ENDPROC       SPEAKER_STATUS_RESP
  -------         PROC          RELAY_STATUS_RESP
  C:32A5H         LINE#         49
  C:32A5H         LINE#         50
  C:32ADH         LINE#         51
  C:32B1H         LINE#         52
  C:32B3H         LINE#         53
  C:32BAH         LINE#         54
  C:32BAH         LINE#         56
  -------         ENDPROC       RELAY_STATUS_RESP
  -------         PROC          VOL_RESP
  -------         DO            
  X:000AH         SYMBOL        str
  -------         ENDDO         
  C:001EH         LINE#         57
  C:001EH         LINE#         58
BL51 BANKED LINKER/LOCATER V6.22                                                      09/04/2017  22:09:55  PAGE 20


  C:0031H         LINE#         60
  C:0052H         LINE#         61
  -------         ENDPROC       VOL_RESP
  -------         PROC          MODE_RESP
  -------         DO            
  X:0079H         SYMBOL        str
  -------         ENDDO         
  C:290AH         LINE#         63
  C:290AH         LINE#         64
  C:291DH         LINE#         66
  C:2930H         LINE#         67
  C:2930H         LINE#         68
  C:2934H         LINE#         69
  C:2936H         LINE#         70
  C:2936H         LINE#         71
  C:293AH         LINE#         72
  C:293CH         LINE#         73
  C:293CH         LINE#         74
  C:2940H         LINE#         75
  C:2942H         LINE#         76
  C:2942H         LINE#         77
  C:2946H         LINE#         78
  C:2946H         LINE#         79
  C:2946H         LINE#         81
  C:2967H         LINE#         82
  -------         ENDPROC       MODE_RESP
  -------         PROC          CLEAR_LCD_RESP
  C:339AH         LINE#         84
  C:339AH         LINE#         85
  C:33A3H         LINE#         87
  C:33A6H         LINE#         88
  -------         ENDPROC       CLEAR_LCD_RESP
  -------         PROC          BT_PAUSE_SHOW_LCD_RESP
  C:349CH         LINE#         90
  C:349CH         LINE#         91
  -------         ENDPROC       BT_PAUSE_SHOW_LCD_RESP
  -------         PROC          BT_PLAY_SHOW_LCD_RESP
  C:34A5H         LINE#         94
  C:34A5H         LINE#         95
  -------         ENDPROC       BT_PLAY_SHOW_LCD_RESP
  -------         PROC          FM_SCANNING_SHOW_LCD_RESP
  C:3344H         LINE#         97
  C:3344H         LINE#         98
  C:334DH         LINE#         99
  C:3350H         LINE#         100
  C:3353H         LINE#         101
  -------         ENDPROC       FM_SCANNING_SHOW_LCD_RESP
  -------         PROC          FM_OK_SHOW_LCD_RESP
  C:3356H         LINE#         104
  C:3356H         LINE#         105
  C:335FH         LINE#         106
  C:3362H         LINE#         107
  C:3365H         LINE#         108
  -------         ENDPROC       FM_OK_SHOW_LCD_RESP
  -------         PROC          AUX_MUTE_SHOW_LCD_RESP
  C:34AEH         LINE#         111
  C:34AEH         LINE#         112
BL51 BANKED LINKER/LOCATER V6.22                                                      09/04/2017  22:09:55  PAGE 21


  -------         ENDPROC       AUX_MUTE_SHOW_LCD_RESP
  -------         PROC          AUX_PLAY_SHOW_LCD_RESP
  C:34B7H         LINE#         115
  C:34B7H         LINE#         116
  -------         ENDPROC       AUX_PLAY_SHOW_LCD_RESP
  -------         PROC          USB_PAUSE_SHOW_LCD_RESP
  C:33A9H         LINE#         119
  C:33A9H         LINE#         120
  C:33B2H         LINE#         121
  C:33B5H         LINE#         122
  -------         ENDPROC       USB_PAUSE_SHOW_LCD_RESP
  -------         PROC          USB_TIME_SHOW_LCD_RESP
  C:33B8H         LINE#         125
  C:33B8H         LINE#         126
  C:33C1H         LINE#         127
  C:33C4H         LINE#         128
  -------         ENDPROC       USB_TIME_SHOW_LCD_RESP
  -------         PROC          _APP_2D4_RCV
  X:0002H         SYMBOL        buf
  -------         DO            
  X:0005H         SYMBOL        i
  X:0006H         SYMBOL        index
  X:0007H         SYMBOL        check
  -------         DO            
  X:0008H         SYMBOL        time
  -------         ENDDO         
  -------         ENDDO         
  C:0F20H         LINE#         130
  C:0F2BH         LINE#         131
  C:0F2EH         LINE#         132
  C:0F30H         LINE#         133
  C:0F32H         LINE#         135
  C:0F3CH         LINE#         137
  C:0F3CH         LINE#         138
  C:0F3FH         LINE#         139
  C:0F58H         LINE#         141
  C:0F58H         LINE#         142
  C:0F84H         LINE#         143
  C:0F99H         LINE#         144
  C:0FA1H         LINE#         145
  C:0FC7H         LINE#         147
  C:0FC7H         LINE#         149
  C:0FD6H         LINE#         150
  C:0FDBH         LINE#         151
  C:100AH         LINE#         152
  C:100AH         LINE#         154
  C:100AH         LINE#         155
  C:100AH         LINE#         157
  C:1014H         LINE#         158
  C:1018H         LINE#         159
  C:101EH         LINE#         160
  C:101EH         LINE#         162
  C:101EH         LINE#         163
  C:1021H         LINE#         164
  C:1025H         LINE#         165
  C:102BH         LINE#         166
  C:102BH         LINE#         168
BL51 BANKED LINKER/LOCATER V6.22                                                      09/04/2017  22:09:55  PAGE 22


  C:102BH         LINE#         169
  C:102BH         LINE#         171
  C:102EH         LINE#         172
  C:102EH         LINE#         174
  C:1044H         LINE#         175
  C:1048H         LINE#         176
  C:104AH         LINE#         177
  C:104EH         LINE#         178
  C:104EH         LINE#         180
  C:1054H         LINE#         181
  C:1054H         LINE#         183
  C:1054H         LINE#         185
  C:1056H         LINE#         186
  C:1056H         LINE#         188
  C:1056H         LINE#         189
  C:1056H         LINE#         191
  C:1056H         LINE#         192
  C:1056H         LINE#         193
  C:1056H         LINE#         194
  C:1056H         LINE#         195
  C:106AH         LINE#         197
  C:1070H         LINE#         198
  C:1070H         LINE#         200
  C:1070H         LINE#         201
  C:1072H         LINE#         202
  C:1072H         LINE#         203
  C:1086H         LINE#         205
  C:108CH         LINE#         206
  C:108CH         LINE#         208
  C:108CH         LINE#         209
  C:108EH         LINE#         210
  C:108EH         LINE#         211
  C:10A2H         LINE#         212
  C:10B9H         LINE#         213
  C:10B9H         LINE#         214
  C:10C2H         LINE#         215
  C:10CBH         LINE#         216
  C:10D4H         LINE#         217
  C:10E0H         LINE#         218
  C:10FBH         LINE#         219
  C:1104H         LINE#         220
  C:110DH         LINE#         221
  C:1116H         LINE#         222
  C:1116H         LINE#         223
  C:1119H         LINE#         224
  C:1119H         LINE#         225
  C:112DH         LINE#         226
  C:1136H         LINE#         227
  C:113FH         LINE#         228
  C:1148H         LINE#         229
  C:115EH         LINE#         233
  C:115EH         LINE#         234
  C:1161H         LINE#         235
  C:1161H         LINE#         236
  C:1175H         LINE#         237
  C:117EH         LINE#         238
  C:1187H         LINE#         239
BL51 BANKED LINKER/LOCATER V6.22                                                      09/04/2017  22:09:55  PAGE 23


  C:1190H         LINE#         240
  C:11AAH         LINE#         241
  C:11B3H         LINE#         242
  C:11BCH         LINE#         243
  C:11C5H         LINE#         244
  C:11C5H         LINE#         245
  C:11C7H         LINE#         246
  C:11C7H         LINE#         247
  C:11E0H         LINE#         251
  C:11E8H         LINE#         252
  C:11F1H         LINE#         253
  C:11FAH         LINE#         254
  C:1206H         LINE#         255
  C:1206H         LINE#         256
  C:1209H         LINE#         257
  C:1209H         LINE#         259
  C:1209H         LINE#         260
  C:1209H         LINE#         261
  C:121DH         LINE#         263
  C:1220H         LINE#         264
  C:1223H         LINE#         265
  C:1226H         LINE#         266
  C:1229H         LINE#         267
  C:122CH         LINE#         268
  C:122FH         LINE#         269
  C:1232H         LINE#         271
  C:124CH         LINE#         272
  C:124CH         LINE#         274
  C:124FH         LINE#         275
  C:1263H         LINE#         276
  C:126FH         LINE#         277
  C:1285H         LINE#         278
  C:1294H         LINE#         279
  C:1294H         LINE#         280
  C:1294H         LINE#         281
  C:1297H         LINE#         282
  C:1297H         LINE#         283
  C:129AH         LINE#         284
  C:129DH         LINE#         285
  C:12A0H         LINE#         287
  C:12B7H         LINE#         288
  C:12CEH         LINE#         289
  C:12ECH         LINE#         290
  C:12FEH         LINE#         291
  C:1300H         LINE#         292
  C:1331H         LINE#         293
  C:1331H         LINE#         294
  C:1331H         LINE#         296
  C:1334H         LINE#         297
  C:1334H         LINE#         298
  C:1337H         LINE#         299
  C:134BH         LINE#         300
  C:1357H         LINE#         301
  C:136DH         LINE#         302
  C:137CH         LINE#         303
  C:137CH         LINE#         304
  C:137CH         LINE#         306
BL51 BANKED LINKER/LOCATER V6.22                                                      09/04/2017  22:09:55  PAGE 24


  C:137FH         LINE#         307
  C:137FH         LINE#         308
  C:137FH         LINE#         309
  C:1386H         LINE#         310
  C:13A0H         LINE#         311
  C:13A9H         LINE#         312
  C:13B9H         LINE#         313
  C:13BCH         LINE#         315
  C:13D8H         LINE#         316
  C:13FAH         LINE#         317
  C:141DH         LINE#         318
  C:143AH         LINE#         319
  C:143CH         LINE#         320
  C:1479H         LINE#         321
  C:1479H         LINE#         322
  C:148DH         LINE#         323
  C:148DH         LINE#         324
  C:148DH         LINE#         325
  C:148DH         LINE#         326
  C:148DH         LINE#         327
  C:148DH         LINE#         328
  C:1493H         LINE#         329
  C:1495H         LINE#         331
  C:1495H         LINE#         333
  -------         ENDPROC       _APP_2D4_RCV
  -------         PROC          APP_2D4_PRO
  C:2D65H         LINE#         335
  C:2D65H         LINE#         336
  C:2D6AH         LINE#         338
  C:2D7AH         LINE#         339
  C:2D7AH         LINE#         341
  C:2D7DH         LINE#         342
  C:2D80H         LINE#         344
  C:2D84H         LINE#         345
  C:2D87H         LINE#         349
  C:2D87H         LINE#         350
  C:2D87H         LINE#         352
  C:2D87H         LINE#         353
  C:2D87H         LINE#         354
  C:2D89H         LINE#         355
  C:2D89H         LINE#         357
  C:2D8CH         LINE#         358
  C:2D8FH         LINE#         359
  C:2D8FH         LINE#         360
  C:2D8FH         LINE#         362
  C:2D9AH         LINE#         364
  C:2D9AH         LINE#         365
  C:2D9AH         LINE#         367
  C:2D9AH         LINE#         368
  C:2DA8H         LINE#         370
  C:2DB1H         LINE#         371
  C:2DB1H         LINE#         373
  C:2DB1H         LINE#         375
  -------         ENDPROC       APP_2D4_PRO
  -------         PROC          APP_2D4_1S_PRO
  C:2CBCH         LINE#         377
  C:2CBCH         LINE#         379
BL51 BANKED LINKER/LOCATER V6.22                                                      09/04/2017  22:09:55  PAGE 25


  C:2CCFH         LINE#         380
  C:2CCFH         LINE#         382
  C:2CD5H         LINE#         383
  C:2CD5H         LINE#         385
  C:2CD5H         LINE#         386
  C:2CD5H         LINE#         388
  C:2CD7H         LINE#         389
  C:2CD7H         LINE#         390
  C:2CE2H         LINE#         391
  C:2CE5H         LINE#         392
  C:2CE8H         LINE#         394
  C:2CEBH         LINE#         395
  C:2CEBH         LINE#         396
  C:2CEBH         LINE#         397
  C:2CF6H         LINE#         398
  C:2CF9H         LINE#         399
  C:2CFCH         LINE#         400
  C:2CFFH         LINE#         401
  C:2CFFH         LINE#         402
  C:2CFFH         LINE#         403
  C:2D0AH         LINE#         404
  C:2D0DH         LINE#         405
  C:2D10H         LINE#         407
  C:2D13H         LINE#         408
  C:2D13H         LINE#         409
  C:2D13H         LINE#         411
  -------         ENDPROC       APP_2D4_1S_PRO
  -------         ENDMOD        APP_2D4

  -------         MODULE        APP_LCD
  C:0000H         SYMBOL        _ICE_DUMMY_
  D:0080H         PUBLIC        P0
  D:0090H         PUBLIC        P1
  D:00A0H         PUBLIC        P2
  D:00B0H         PUBLIC        P3
  D:00D8H         PUBLIC        P5
  C:33C7H         PUBLIC        app_lcd_pro
  D:00A8H         PUBLIC        IE
  D:00B8H         PUBLIC        IP
  D:0098H         PUBLIC        SCON
  D:0088H         PUBLIC        TCON
  D:00F8H         PUBLIC        SCON_1
  C:311CH         PUBLIC        _app_lcd_default_string_set
  D:00E8H         PUBLIC        ADCCON0
  D:00C0H         PUBLIC        I2CON
  D:00C8H         PUBLIC        T2CON
  C:3277H         PUBLIC        app_lcd_init
  X:0099H         SYMBOL        lcd_default_string
  D:00D0H         PUBLIC        PSW
  -------         PROC          APP_LCD_INIT
  C:3277H         LINE#         13
  C:3277H         LINE#         14
  -------         ENDPROC       APP_LCD_INIT
  -------         PROC          _APP_LCD_DEFAULT_STRING_SET
  D:0001H         SYMBOL        s
  X:000AH         SYMBOL        len
  C:311CH         LINE#         20
BL51 BANKED LINKER/LOCATER V6.22                                                      09/04/2017  22:09:55  PAGE 26


  C:3121H         LINE#         21
  C:312DH         LINE#         22
  C:313CH         LINE#         23
  -------         ENDPROC       _APP_LCD_DEFAULT_STRING_SET
  -------         PROC          APP_LCD_PRO
  C:33C7H         LINE#         25
  C:33C7H         LINE#         27
  C:33CCH         LINE#         29
  C:33D5H         LINE#         31
  C:33D5H         LINE#         33
  -------         ENDPROC       APP_LCD_PRO
  -------         ENDMOD        APP_LCD

  -------         MODULE        BSP
  C:0000H         SYMBOL        _ICE_DUMMY_
  D:0080H         PUBLIC        P0
  D:0090H         PUBLIC        P1
  D:00A0H         PUBLIC        P2
  D:00B0H         PUBLIC        P3
  D:00D8H         PUBLIC        P5
  B:00A8H.7       PUBLIC        EA
  D:00A8H         PUBLIC        IE
  D:00B8H         PUBLIC        IP
  B:0021H.1       PUBLIC        BIT_TMP
  D:0098H         PUBLIC        SCON
  D:0088H         PUBLIC        TCON
  C:31F4H         PUBLIC        bsp_Init
  D:00F8H         PUBLIC        SCON_1
  D:00E8H         PUBLIC        ADCCON0
  D:00C0H         PUBLIC        I2CON
  D:00C8H         PUBLIC        T2CON
  D:00D0H         PUBLIC        PSW
  -------         PROC          BSP_INIT
  C:31F4H         LINE#         5
  C:31F4H         LINE#         10
  C:31F7H         LINE#         12
  C:31FAH         LINE#         14
  C:31FDH         LINE#         15
  C:3200H         LINE#         16
  C:3203H         LINE#         20
  C:3206H         LINE#         24
  C:3209H         LINE#         26
  C:320CH         LINE#         27
  C:320EH         LINE#         29
  -------         ENDPROC       BSP_INIT
  -------         ENDMOD        BSP

  -------         MODULE        BSP_KEY
  C:0000H         SYMBOL        _ICE_DUMMY_
  D:00B1H         PUBLIC        P0M1
  D:00B2H         PUBLIC        P0M2
  D:0080H         PUBLIC        P0
  D:0090H         PUBLIC        P1
  D:00A0H         PUBLIC        P2
  C:28ACH         SYMBOL        _IsKeyDown
  D:00B0H         PUBLIC        P3
  D:00D8H         PUBLIC        P5
BL51 BANKED LINKER/LOCATER V6.22                                                      09/04/2017  22:09:55  PAGE 27


  C:32E4H         PUBLIC        _bsp_PutKey
  D:00A8H         PUBLIC        IE
  C:2494H         SYMBOL        bsp_InitKeyVar
  X:00B4H         PUBLIC        pBtn
  D:00B8H         PUBLIC        IP
  C:3368H         SYMBOL        IsKeyDown_1AND6
  C:31D8H         PUBLIC        bsp_GetKey2
  C:1C4DH         SYMBOL        _bsp_DetectKey
  B:0080H.2       PUBLIC        P02
  C:34C0H         SYMBOL        IsKeyDown1
  D:0098H         PUBLIC        SCON
  C:33D6H         SYMBOL        IsKeyDown2
  D:0088H         PUBLIC        TCON
  C:33E5H         SYMBOL        IsKeyDown3
  C:33F4H         SYMBOL        IsKeyDown4
  C:3430H         SYMBOL        IsKeyDown5
  C:3595H         SYMBOL        IsKeyDown6
  C:359BH         SYMBOL        IsKeyDown7
  C:3403H         SYMBOL        IsKeyDown8
  C:3412H         SYMBOL        IsKeyDown9
  C:35A7H         PUBLIC        bsp_ClearKey
  X:00B7H         PUBLIC        min
  D:00F8H         PUBLIC        SCON_1
  X:00B9H         PUBLIC        max
  C:320FH         PUBLIC        bsp_KeyScan
  D:00E8H         PUBLIC        ADCCON0
  D:00C0H         PUBLIC        I2CON
  D:00C8H         PUBLIC        T2CON
  C:35A1H         PUBLIC        bsp_InitKey
  C:3509H         SYMBOL        bsp_InitKeyHard
  I:0022H         SYMBOL        s_tBtn
  I:0090H         SYMBOL        s_tKey
  C:31BCH         PUBLIC        bsp_GetKey
  C:308EH         PUBLIC        _bsp_SetKeyParam
  C:347DH         PUBLIC        _bsp_GetKeyState
  D:00D0H         PUBLIC        PSW
  -------         PROC          ISKEYDOWN1
  C:34C0H         LINE#         46
  C:34C0H         LINE#         47
  C:34C3H         LINE#         48
  C:34C6H         LINE#         49
  C:34C6H         LINE#         50
  C:34C8H         LINE#         51
  C:34C8H         LINE#         52
  -------         ENDPROC       ISKEYDOWN1
  -------         PROC          L?0067
  -------         ENDPROC       L?0067
  -------         PROC          _ISKEYDOWN
  D:0006H         SYMBOL        key_ad
  D:0004H         SYMBOL        result_ad
  C:28ACH         LINE#         55
  C:28ACH         LINE#         57
  C:28D1H         LINE#         58
  C:28F0H         LINE#         60
  C:2909H         LINE#         61
  -------         ENDPROC       _ISKEYDOWN
  -------         PROC          ISKEYDOWN2
BL51 BANKED LINKER/LOCATER V6.22                                                      09/04/2017  22:09:55  PAGE 28


  C:33D6H         LINE#         64
  C:33D6H         LINE#         66
  C:33E4H         LINE#         67
  -------         ENDPROC       ISKEYDOWN2
  -------         PROC          ISKEYDOWN3
  C:33E5H         LINE#         69
  C:33E5H         LINE#         70
  C:33F3H         LINE#         71
  -------         ENDPROC       ISKEYDOWN3
  -------         PROC          ISKEYDOWN4
  C:33F4H         LINE#         73
  C:33F4H         LINE#         74
  C:3402H         LINE#         75
  -------         ENDPROC       ISKEYDOWN4
  -------         PROC          ISKEYDOWN5
  C:3430H         LINE#         77
  C:3430H         LINE#         79
  C:343DH         LINE#         80
  -------         ENDPROC       ISKEYDOWN5
  -------         PROC          ISKEYDOWN6
  C:3595H         LINE#         82
  C:3595H         LINE#         83
  C:359AH         LINE#         84
  -------         ENDPROC       ISKEYDOWN6
  -------         PROC          ISKEYDOWN7
  C:359BH         LINE#         86
  C:359BH         LINE#         87
  C:35A0H         LINE#         88
  -------         ENDPROC       ISKEYDOWN7
  -------         PROC          ISKEYDOWN8
  C:3403H         LINE#         90
  C:3403H         LINE#         91
  C:3411H         LINE#         92
  -------         ENDPROC       ISKEYDOWN8
  -------         PROC          ISKEYDOWN9
  C:3412H         LINE#         94
  C:3412H         LINE#         95
  C:3420H         LINE#         96
  -------         ENDPROC       ISKEYDOWN9
  -------         PROC          ISKEYDOWN_1AND6
  C:3368H         LINE#         98
  C:3368H         LINE#         99
  C:3374H         LINE#         100
  C:3377H         LINE#         101
  C:3377H         LINE#         102
  C:3379H         LINE#         103
  C:3379H         LINE#         105
  -------         ENDPROC       ISKEYDOWN_1AND6
  -------         PROC          BSP_INITKEY
  C:35A1H         LINE#         114
  C:35A1H         LINE#         115
  C:35A4H         LINE#         116
  -------         ENDPROC       BSP_INITKEY
  -------         PROC          _BSP_PUTKEY
  D:0007H         SYMBOL        _KeyCode
  C:32E4H         LINE#         127
  C:32E4H         LINE#         128
BL51 BANKED LINKER/LOCATER V6.22                                                      09/04/2017  22:09:55  PAGE 29


  C:32ECH         LINE#         130
  C:32F5H         LINE#         131
  C:32F7H         LINE#         132
  C:32F7H         LINE#         133
  -------         ENDPROC       _BSP_PUTKEY
  -------         PROC          BSP_GETKEY
  -------         DO            
  D:0007H         SYMBOL        ret
  -------         ENDDO         
  C:31BCH         LINE#         143
  C:31BCH         LINE#         146
  C:31C4H         LINE#         147
  C:31C6H         LINE#         148
  C:31C6H         LINE#         149
  C:31CCH         LINE#         151
  C:31D5H         LINE#         152
  C:31D7H         LINE#         153
  C:31D7H         LINE#         154
  C:31D7H         LINE#         155
  C:31D7H         LINE#         156
  -------         ENDPROC       BSP_GETKEY
  -------         PROC          BSP_GETKEY2
  -------         DO            
  D:0007H         SYMBOL        ret
  -------         ENDDO         
  C:31D8H         LINE#         166
  C:31D8H         LINE#         169
  C:31E0H         LINE#         170
  C:31E2H         LINE#         171
  C:31E2H         LINE#         172
  C:31E8H         LINE#         174
  C:31F1H         LINE#         175
  C:31F3H         LINE#         176
  C:31F3H         LINE#         177
  C:31F3H         LINE#         178
  C:31F3H         LINE#         179
  -------         ENDPROC       BSP_GETKEY2
  -------         PROC          _BSP_GETKEYSTATE
  D:0007H         SYMBOL        _ucKeyID
  C:347DH         LINE#         189
  C:347DH         LINE#         190
  C:3487H         LINE#         191
  -------         ENDPROC       _BSP_GETKEYSTATE
  -------         PROC          _BSP_SETKEYPARAM
  D:0007H         SYMBOL        _ucKeyID
  D:0004H         SYMBOL        _LongTime
  D:0003H         SYMBOL        _RepeatSpeed
  C:308EH         LINE#         203
  C:308EH         LINE#         204
  C:309BH         LINE#         205
  C:30A7H         LINE#         206
  C:30B1H         LINE#         207
  -------         ENDPROC       _BSP_SETKEYPARAM
  -------         PROC          BSP_CLEARKEY
  C:35A7H         LINE#         217
  C:35A7H         LINE#         218
  C:35ACH         LINE#         219
BL51 BANKED LINKER/LOCATER V6.22                                                      09/04/2017  22:09:55  PAGE 30


  -------         ENDPROC       BSP_CLEARKEY
  -------         PROC          BSP_INITKEYHARD
  C:3509H         LINE#         229
  C:3509H         LINE#         231
  C:350CH         LINE#         232
  C:350FH         LINE#         234
  -------         ENDPROC       BSP_INITKEYHARD
  -------         PROC          BSP_INITKEYVAR
  -------         DO            
  D:0007H         SYMBOL        i
  -------         ENDDO         
  C:2494H         LINE#         244
  C:2494H         LINE#         248
  C:2498H         LINE#         249
  C:249AH         LINE#         250
  C:249CH         LINE#         253
  C:249DH         LINE#         254
  C:24AAH         LINE#         255
  C:24B4H         LINE#         256
  C:24BEH         LINE#         260
  C:24C8H         LINE#         261
  C:24D2H         LINE#         262
  C:24D7H         LINE#         264
  C:24DBH         LINE#         265
  C:24DFH         LINE#         268
  C:24E9H         LINE#         269
  C:24F3H         LINE#         270
  C:24FDH         LINE#         271
  C:2507H         LINE#         272
  C:2511H         LINE#         273
  C:251BH         LINE#         274
  C:2525H         LINE#         275
  C:252FH         LINE#         276
  C:2539H         LINE#         277
  C:2543H         LINE#         278
  -------         ENDPROC       BSP_INITKEYVAR
  -------         PROC          _BSP_DETECTKEY
  X:0003H         SYMBOL        i
  C:1C4DH         LINE#         289
  C:1C52H         LINE#         290
  C:1C66H         LINE#         291
  C:1C72H         LINE#         292
  C:1C89H         LINE#         293
  C:1C8EH         LINE#         294
  C:1C97H         LINE#         295
  C:1C9FH         LINE#         296
  C:1C9FH         LINE#         297
  C:1CA7H         LINE#         298
  C:1CAEH         LINE#         301
  C:1CBBH         LINE#         302
  C:1CBBH         LINE#         304
  C:1CDAH         LINE#         305
  C:1CE7H         LINE#         307
  C:1CFEH         LINE#         309
  C:1D08H         LINE#         310
  C:1D08H         LINE#         311
  C:1D0AH         LINE#         312
BL51 BANKED LINKER/LOCATER V6.22                                                      09/04/2017  22:09:55  PAGE 31


  C:1D19H         LINE#         313
  C:1D25H         LINE#         314
  C:1D2CH         LINE#         316
  C:1D39H         LINE#         317
  C:1D39H         LINE#         318
  C:1D39H         LINE#         319
  C:1D39H         LINE#         320
  C:1D39H         LINE#         321
  C:1D39H         LINE#         322
  C:1D39H         LINE#         323
  C:1D50H         LINE#         324
  C:1D58H         LINE#         325
  C:1D5DH         LINE#         326
  C:1D65H         LINE#         327
  C:1D67H         LINE#         328
  C:1D70H         LINE#         329
  C:1D77H         LINE#         332
  C:1D85H         LINE#         333
  C:1D85H         LINE#         334
  C:1D85H         LINE#         335
  C:1D99H         LINE#         336
  C:1DA0H         LINE#         337
[...]
  C:2F79H         LINE#         201
  C:2F79H         LINE#         202
  C:2F7CH         LINE#         203
  C:2F7FH         LINE#         205
  C:2F82H         LINE#         206
  C:2F85H         LINE#         207
  C:2F88H         LINE#         210
  C:2FA0H         LINE#         215
  C:2FA2H         LINE#         216
  -------         ENDPROC       _INITIALUART0_TIMER1_TYPE4
  -------         PROC          _INITIALUART0_TIMER3_TYPE5
  X:00C0H         SYMBOL        u32Baudrate
  C:2970H         LINE#         218
  C:2976H         LINE#         219
  C:2976H         LINE#         220
  C:2979H         LINE#         221
  C:297CH         LINE#         222
  C:297FH         LINE#         223
  C:2982H         LINE#         226
  C:29B0H         LINE#         227
  C:29CFH         LINE#         233
  C:29D2H         LINE#         234
  -------         ENDPROC       _INITIALUART0_TIMER3_TYPE5
  -------         PROC          _INITIALUART0_TIMER3_TYPE6
  X:00C4H         SYMBOL        u32Baudrate
  C:29D3H         LINE#         236
  C:29D9H         LINE#         237
  C:29D9H         LINE#         238
  C:29DCH         LINE#         239
  C:29DFH         LINE#         240
  C:29E2H         LINE#         241
  C:29E5H         LINE#         244
  C:2A13H         LINE#         245
  C:2A32H         LINE#         251
  C:2A35H         LINE#         252
  -------         ENDPROC       _INITIALUART0_TIMER3_TYPE6
  -------         PROC          _INITIALUART1_TIMER3
  X:00C8H         SYMBOL        u32Baudrate
  C:2AF6H         LINE#         254
  C:2AFCH         LINE#         255
  C:2AFCH         LINE#         256
  C:2AFFH         LINE#         257
  C:2B02H         LINE#         260
  C:2B30H         LINE#         261
  C:2B4FH         LINE#         267
  C:2B52H         LINE#         268
  -------         ENDPROC       _INITIALUART1_TIMER3
  -------         PROC          RECEIVE_DATA_FROM_UART0
  -------         DO            
  D:0007H         SYMBOL        c
  -------         ENDDO         
  C:34DBH         LINE#         280
  C:34DBH         LINE#         283
  C:34DEH         LINE#         285
  C:34E0H         LINE#         286
BL51 BANKED LINKER/LOCATER V6.22                                                      09/04/2017  22:09:55  PAGE 64


  C:34E2H         LINE#         287
  C:34E2H         LINE#         288
  -------         ENDPROC       RECEIVE_DATA_FROM_UART0
  -------         PROC          _SEND_DATA_TO_UART0
  D:0007H         SYMBOL        c
  C:34E3H         LINE#         300
  C:34E3H         LINE#         301
  C:34E5H         LINE#         302
  C:34E7H         LINE#         303
  C:34EAH         LINE#         305
  -------         ENDPROC       _SEND_DATA_TO_UART0
  -------         PROC          RECEIVE_DATA_FROM_UART1
  -------         DO            
  D:0007H         SYMBOL        c
  -------         ENDDO         
  C:34EBH         LINE#         317
  C:34EBH         LINE#         320
  C:34EEH         LINE#         322
  C:34F0H         LINE#         323
  C:34F2H         LINE#         324
  C:34F2H         LINE#         325
  -------         ENDPROC       RECEIVE_DATA_FROM_UART1
  -------         PROC          _SEND_DATA_TO_UART1
  D:0007H         SYMBOL        c
  C:34F3H         LINE#         337
  C:34F3H         LINE#         338
  C:34F5H         LINE#         339
  C:34F7H         LINE#         340
  C:34FAH         LINE#         342
  -------         ENDPROC       _SEND_DATA_TO_UART1
  -------         PROC          SET_ALL_GPIO_QUASI_MODE
  C:322AH         LINE#         344
  C:322AH         LINE#         345
  C:322DH         LINE#         346
  C:322FH         LINE#         347
  C:3231H         LINE#         348
  C:3233H         LINE#         349
  C:3235H         LINE#         350
  C:3237H         LINE#         351
  C:3239H         LINE#         352
  C:323BH         LINE#         353
  C:323DH         LINE#         354
  C:323FH         LINE#         355
  C:3241H         LINE#         356
  C:3243H         LINE#         357
  -------         ENDPROC       SET_ALL_GPIO_QUASI_MODE
  -------         PROC          SET_ALL_GPIO_INPUT_MODE
  C:317FH         LINE#         359
  C:317FH         LINE#         360
  C:3182H         LINE#         361
  C:3185H         LINE#         362
  C:3188H         LINE#         363
  C:318AH         LINE#         364
  C:318DH         LINE#         365
  C:318FH         LINE#         366
  C:3192H         LINE#         367
  C:3194H         LINE#         368
BL51 BANKED LINKER/LOCATER V6.22                                                      09/04/2017  22:09:55  PAGE 65


  C:3197H         LINE#         369
  C:3199H         LINE#         370
  C:319CH         LINE#         371
  C:319EH         LINE#         372
  -------         ENDPROC       SET_ALL_GPIO_INPUT_MODE
  -------         PROC          SW_RESET
  C:3244H         LINE#         375
  C:3244H         LINE#         376
  C:3247H         LINE#         377
  C:324AH         LINE#         378
  C:325DH         LINE#         380
  -------         ENDPROC       SW_RESET
  -------         PROC          FSYS_CLOCK_OUTPUT_ON_P26
  C:35BFH         LINE#         382
  C:35BFH         LINE#         383
  C:35C2H         LINE#         384
  -------         ENDPROC       FSYS_CLOCK_OUTPUT_ON_P26
  -------         PROC          _PUTCHAR
  D:0007H         SYMBOL        c
  C:2E77H         LINE#         393
  C:2E77H         LINE#         431
  C:2E7CH         LINE#         432
  C:2E7FH         LINE#         433
  C:2E84H         LINE#         434
  C:2E84H         LINE#         435
  C:2E86H         LINE#         436
  C:2E89H         LINE#         438
  C:2E8EH         LINE#         439
  C:2E90H         LINE#         440
  C:2E90H         LINE#         441
  C:2E90H         LINE#         442
  C:2E93H         LINE#         444
  C:2E95H         LINE#         445
  C:2E98H         LINE#         446
  C:2E98H         LINE#         447
  C:2E9BH         LINE#         448
  C:2EA0H         LINE#         449
  C:2EA0H         LINE#         450
  C:2EA2H         LINE#         451
  C:2EA5H         LINE#         453
  C:2EAAH         LINE#         454
  C:2EACH         LINE#         455
  C:2EACH         LINE#         456
  C:2EACH         LINE#         457
  C:2EAFH         LINE#         459
  C:2EB1H         LINE#         460
  C:2EB3H         LINE#         462
  -------         ENDPROC       _PUTCHAR
  -------         ENDMOD        COMMON

  -------         MODULE        DELAY
  C:0000H         SYMBOL        _ICE_DUMMY_
  D:0080H         PUBLIC        P0
  D:0090H         PUBLIC        P1
  D:00A0H         PUBLIC        P2
  D:00B0H         PUBLIC        P3
  D:008FH         PUBLIC        WKCON
BL51 BANKED LINKER/LOCATER V6.22                                                      09/04/2017  22:09:55  PAGE 66


  D:00D8H         PUBLIC        P5
  D:00A8H         PUBLIC        IE
  D:00B8H         PUBLIC        IP
  C:2C0AH         PUBLIC        _Timer0_Delay1ms
  C:2C63H         PUBLIC        _Timer1_Delay1ms
  C:2BAFH         PUBLIC        _Timer3_Delay1ms
  D:0098H         PUBLIC        SCON
  D:0089H         PUBLIC        TMOD
  D:0088H         PUBLIC        TCON
  C:27A7H         PUBLIC        _?Random_Delay
  C:315EH         PUBLIC        _Delay10us
  D:00F8H         PUBLIC        SCON_1
  B:0088H.5       PUBLIC        TF0
  B:0088H.7       PUBLIC        TF1
  D:008CH         PUBLIC        TH0
  D:00C6H         PUBLIC        R3H
  D:008DH         PUBLIC        TH1
  D:008AH         PUBLIC        TL0
  C:2A36H         PUBLIC        _WakeUp_Timer_Delay25ms
  D:00C5H         PUBLIC        R3L
  D:008BH         PUBLIC        TL1
  B:0088H.4       PUBLIC        TR0
  B:0088H.6       PUBLIC        TR1
  D:00E8H         PUBLIC        ADCCON0
  D:00C0H         PUBLIC        I2CON
  D:00C8H         PUBLIC        T2CON
  D:00C4H         PUBLIC        T3CON
  D:008EH         PUBLIC        CKCON
  D:0086H         PUBLIC        RWK
  D:00D0H         PUBLIC        PSW
  -------         PROC          _?RANDOM_DELAY
  -------         DO            
  x:0000H         SYMBOL        u32CNT
  x:0004H         SYMBOL        u32Tmp
  -------         ENDDO         
  C:27A7H         LINE#         36
  C:27ADH         LINE#         37
  C:27ADH         LINE#         41
  C:27D8H         LINE#         42
  C:27D8H         LINE#         43
  C:27FDH         LINE#         44
  C:2824H         LINE#         45
  -------         ENDPROC       _?RANDOM_DELAY
  -------         PROC          _DELAY10US
  D:0006H         SYMBOL        u16CNT
  C:315EH         LINE#         47
  C:315EH         LINE#         48
  C:3161H         LINE#         49
  C:3164H         LINE#         50
  C:3166H         LINE#         51
  C:316AH         LINE#         52
  C:316DH         LINE#         53
  C:3170H         LINE#         54
  C:3173H         LINE#         56
  C:3175H         LINE#         57
  C:317AH         LINE#         58
  C:317CH         LINE#         59
BL51 BANKED LINKER/LOCATER V6.22                                                      09/04/2017  22:09:55  PAGE 67


  C:317EH         LINE#         60
  -------         ENDPROC       _DELAY10US
  -------         PROC          _TIMER0_DELAY1MS
  X:00CCH         SYMBOL        u32CNT
  C:2C0AH         LINE#         62
  C:2C10H         LINE#         63
  C:2C13H         LINE#         64
  C:2C16H         LINE#         65
  C:2C18H         LINE#         66
  C:2C31H         LINE#         67
  C:2C34H         LINE#         68
  C:2C37H         LINE#         69
  C:2C3AH         LINE#         71
  C:2C3CH         LINE#         72
  C:2C5EH         LINE#         73
  C:2C60H         LINE#         74
  C:2C62H         LINE#         75
  -------         ENDPROC       _TIMER0_DELAY1MS
  -------         PROC          _TIMER1_DELAY1MS
  X:00D0H         SYMBOL        u32CNT
  C:2C63H         LINE#         77
  C:2C69H         LINE#         78
  C:2C6CH         LINE#         79
  C:2C6FH         LINE#         80
  C:2C71H         LINE#         81
  C:2C8AH         LINE#         82
  C:2C8DH         LINE#         83
  C:2C90H         LINE#         84
  C:2C93H         LINE#         86
  C:2C95H         LINE#         87
  C:2CB7H         LINE#         88
  C:2CB9H         LINE#         89
  C:2CBBH         LINE#         90
  -------         ENDPROC       _TIMER1_DELAY1MS
  -------         PROC          _TIMER3_DELAY1MS
  X:00D4H         SYMBOL        u32CNT
  C:2BAFH         LINE#         92
  C:2BB5H         LINE#         93
  C:2BB8H         LINE#         94
  C:2BBBH         LINE#         95
  C:2BD4H         LINE#         96
  C:2BD7H         LINE#         97
  C:2BDAH         LINE#         98
  C:2BDFH         LINE#         100
  C:2BE2H         LINE#         101
  C:2C04H         LINE#         102
  C:2C06H         LINE#         103
  C:2C09H         LINE#         104
  -------         ENDPROC       _TIMER3_DELAY1MS
  -------         PROC          _WAKEUP_TIMER_DELAY25MS
  X:00D8H         SYMBOL        u32CNT
  C:2A36H         LINE#         106
  C:2A3CH         LINE#         107
  C:2A3CH         LINE#         108
  C:2A3FH         LINE#         109
  C:2A42H         LINE#         110
  C:2A45H         LINE#         112
BL51 BANKED LINKER/LOCATER V6.22                                                      09/04/2017  22:09:55  PAGE 68


  C:2A48H         LINE#         114
  C:2A4BH         LINE#         115
  C:2A4EH         LINE#         116
  C:2A67H         LINE#         117
  C:2A6CH         LINE#         119
  C:2A6FH         LINE#         120
  C:2A91H         LINE#         121
  C:2A93H         LINE#         122
  C:2A96H         LINE#         123
  -------         ENDPROC       _WAKEUP_TIMER_DELAY25MS
  -------         ENDMOD        DELAY

  -------         MODULE        VERSION
  C:0000H         SYMBOL        _ICE_DUMMY_
  D:0080H         PUBLIC        P0
  D:0090H         PUBLIC        P1
  D:00A0H         PUBLIC        P2
  D:00B0H         PUBLIC        P3
  D:00D8H         PUBLIC        P5
  D:00A8H         PUBLIC        IE
  D:00B8H         PUBLIC        IP
  D:0098H         PUBLIC        SCON
  D:0088H         PUBLIC        TCON
  D:00F8H         PUBLIC        SCON_1
  C:2A97H         PUBLIC        Show_FW_Version_Number_To_PC
  D:00E8H         PUBLIC        ADCCON0
  D:00C0H         PUBLIC        I2CON
  D:00C8H         PUBLIC        T2CON
  D:00D0H         PUBLIC        PSW
  -------         PROC          SHOW_FW_VERSION_NUMBER_TO_PC
  C:2A97H         LINE#         32
  C:2A97H         LINE#         33
  C:2A97H         LINE#         34
  C:2AA0H         LINE#         35
  C:2AA9H         LINE#         36
  C:2AB2H         LINE#         37
  C:2ACCH         LINE#         38
  C:2AEDH         LINE#         39
  -------         ENDPROC       SHOW_FW_VERSION_NUMBER_TO_PC
  -------         ENDMOD        VERSION

  -------         MODULE        ?C_STARTUP
  C:25E6H         SEGMENT       ?C_C51STARTUP
  I:00C8H         SEGMENT       ?STACK
  C:0000H         PUBLIC        ?C_STARTUP
  D:00E0H         SYMBOL        ACC
  D:00F0H         SYMBOL        B
  D:0083H         SYMBOL        DPH
  D:0082H         SYMBOL        DPL
  N:0000H         SYMBOL        IBPSTACK
  N:0100H         SYMBOL        IBPSTACKTOP
  N:0080H         SYMBOL        IDATALEN
  C:25E9H         SYMBOL        IDATALOOP
  N:0000H         SYMBOL        PBPSTACK
  N:0000H         SYMBOL        PBPSTACKTOP
  N:0000H         SYMBOL        PDATALEN
  N:0000H         SYMBOL        PDATASTART
BL51 BANKED LINKER/LOCATER V6.22                                                      09/04/2017  22:09:55  PAGE 69


  N:0000H         SYMBOL        PPAGE
  N:0000H         SYMBOL        PPAGEENABLE
  D:00A0H         SYMBOL        PPAGE_SFR
  D:0081H         SYMBOL        SP
  C:25E6H         SYMBOL        STARTUP1
  N:0000H         SYMBOL        XBPSTACK
  N:0000H         SYMBOL        XBPSTACKTOP
  N:00FFH         SYMBOL        XDATALEN
  C:25F4H         SYMBOL        XDATALOOP
  N:0000H         SYMBOL        XDATASTART
  C:0000H         LINE#         92
  C:25E6H         LINE#         99
  C:25E8H         LINE#         100
  C:25E9H         LINE#         101
  C:25EAH         LINE#         102
  C:25ECH         LINE#         106
  C:25EFH         LINE#         107
  C:25F1H         LINE#         109
  C:25F3H         LINE#         113
  C:25F4H         LINE#         114
  C:25F5H         LINE#         115
  C:25F6H         LINE#         116
  C:25F8H         LINE#         117
  C:25FAH         LINE#         151
  C:25FDH         LINE#         155
  -------         ENDMOD        ?C_STARTUP

  -------         MODULE        ?C?COPY
  C:0A28H         PUBLIC        ?C?COPY
  -------         ENDMOD        ?C?COPY

  -------         MODULE        ?C?CLDPTR
  C:0A4EH         PUBLIC        ?C?CLDPTR
  -------         ENDMOD        ?C?CLDPTR

  -------         MODULE        ?C?CLDOPTR
  C:0A67H         PUBLIC        ?C?CLDOPTR
  -------         ENDMOD        ?C?CLDOPTR

  -------         MODULE        ?C?CILDOPTR
  C:0A94H         PUBLIC        ?C?CILDOPTR
  -------         ENDMOD        ?C?CILDOPTR

  -------         MODULE        ?C?CSTOPTR
  C:0AC7H         PUBLIC        ?C?CSTOPTR
  -------         ENDMOD        ?C?CSTOPTR

  -------         MODULE        ?C?UIDIV
  C:0AE9H         PUBLIC        ?C?UIDIV
  -------         ENDMOD        ?C?UIDIV

  -------         MODULE        ?C?IILDX
  C:0B3EH         PUBLIC        ?C?IILDX
  -------         ENDMOD        ?C?IILDX

  -------         MODULE        ?C?ILDOPTR
  C:0B54H         PUBLIC        ?C?ILDOPTR
BL51 BANKED LINKER/LOCATER V6.22                                                      09/04/2017  22:09:55  PAGE 70


  -------         ENDMOD        ?C?ILDOPTR

  -------         MODULE        ?C?IILDOPTR
  C:0B8CH         PUBLIC        ?C?IILDOPTR
  -------         ENDMOD        ?C?IILDOPTR

  -------         MODULE        ?C?ISTOPTR
  C:0BD9H         PUBLIC        ?C?ISTOPTR
  -------         ENDMOD        ?C?ISTOPTR

  -------         MODULE        ?C?ULDIV
  C:0C42H         PUBLIC        ?C?ULDIV
  -------         ENDMOD        ?C?ULDIV

  -------         MODULE        ?C?ULCMP
  C:0CD4H         PUBLIC        ?C?ULCMP
  -------         ENDMOD        ?C?ULCMP

  -------         MODULE        ?C?ULSHR
  C:0CE5H         PUBLIC        ?C?ULSHR
  -------         ENDMOD        ?C?ULSHR

  -------         MODULE        ?C?LSTXDATA
  C:0CF8H         PUBLIC        ?C?LSTXDATA
  -------         ENDMOD        ?C?LSTXDATA

  -------         MODULE        ?C?LSTKXDATA
  C:0D04H         PUBLIC        ?C?LSTKXDATA
  -------         ENDMOD        ?C?LSTKXDATA

  -------         MODULE        ?C?PLDPTR
  C:0D35H         PUBLIC        ?C?PLDPTR
  -------         ENDMOD        ?C?PLDPTR

  -------         MODULE        ?C?CCASE
  C:0D55H         PUBLIC        ?C?CCASE
  -------         ENDMOD        ?C?CCASE

  -------         MODULE        ?C?ICALL
  C:0D7BH         PUBLIC        ?C?ICALL
  C:0D7FH         PUBLIC        ?C?ICALL2
  -------         ENDMOD        ?C?ICALL

  -------         MODULE        ?C_XBP
  D:000DH         PUBLIC        ?C_XBP
  -------         ENDMOD        ?C_XBP

  -------         MODULE        ?C?ADDXBP
  C:0D81H         PUBLIC        ?C?ADDXBP
  -------         ENDMOD        ?C?ADDXBP

  -------         MODULE        ?C?XBPOFF
  C:0DA5H         PUBLIC        ?C?XBPOFF
  -------         ENDMOD        ?C?XBPOFF

  -------         MODULE        PRINTF
  X:001AH         PUBLIC        ?_PRINTF517?BYTE
BL51 BANKED LINKER/LOCATER V6.22                                                      09/04/2017  22:09:55  PAGE 71


  X:001AH         PUBLIC        ?_PRINTF?BYTE
  X:001AH         PUBLIC        ?_SPRINTF517?BYTE
  X:001AH         PUBLIC        ?_SPRINTF?BYTE
  C:1953H         PUBLIC        _PRINTF
  C:1953H         PUBLIC        _PRINTF517
  C:194DH         PUBLIC        _SPRINTF
  C:194DH         PUBLIC        _SPRINTF517
  -------         ENDMOD        PRINTF

  -------         MODULE        ?C?STRCPY
  C:0E7EH         PUBLIC        ?C?STRCPY
  -------         ENDMOD        ?C?STRCPY

  -------         MODULE        STRLEN
  C:32BBH         PUBLIC        _STRLEN
  -------         ENDMOD        STRLEN

  -------         MODULE        ?C?MEMSET
  C:0E9BH         PUBLIC        ?C?MEMSET
  -------         ENDMOD        ?C?MEMSET

  -------         MODULE        ?C?CSTPTR
  C:0EC7H         PUBLIC        ?C?CSTPTR
  -------         ENDMOD        ?C?CSTPTR

  -------         MODULE        ?C?PLDIDATA
  C:0ED9H         PUBLIC        ?C?PLDIDATA
  -------         ENDMOD        ?C?PLDIDATA

  -------         MODULE        ?C?PLDXDATA
  C:0EE2H         PUBLIC        ?C?PLDXDATA
  -------         ENDMOD        ?C?PLDXDATA

  -------         MODULE        ?C?PLDIXDATA
  C:0EEBH         PUBLIC        ?C?PLDIXDATA
  -------         ENDMOD        ?C?PLDIXDATA

  -------         MODULE        ?C?PSTXDATA
  C:0F02H         PUBLIC        ?C?PSTXDATA
  -------         ENDMOD        ?C?PSTXDATA

  -------         MODULE        ?C?PLDPDATA
  C:0F0BH         PUBLIC        ?C?PLDPDATA
  -------         ENDMOD        ?C?PLDPDATA

  -------         MODULE        ?C?PLDCODE
  C:0F14H         PUBLIC        ?C?PLDCODE
  -------         ENDMOD        ?C?PLDCODE

Program Size: data=199.2 xdata=220 code=13793
LINK/LOCATE RUN COMPLETE.  0 WARNING(S),  0 ERROR(S)
