BL51 BANKED LINKER/LOCATER V6.22                                                        08/30/2017  23:22:33  PAGE 1


BL51 BANKED LINKER/LOCATER V6.22, INVOKED BY:
C:\KEIL_V5\C51\BIN\BL51.EXE .\Out\Objects\main.obj, .\Out\Objects\app_key.obj, .\Out\Objects\app_work.obj, .\Out\Objects
>> \app_repeat_exe.obj, .\Out\Objects\app_2d4.obj, .\Out\Objects\app_lcd.obj, .\Out\Objects\bsp.obj, .\Out\Objects\bsp_k
>> ey.obj, .\Out\Objects\bsp_display.obj, .\Out\Objects\bsp_uart.obj, .\Out\Objects\bsp_timer0.obj, .\Out\Objects\bsp_ti
>> mer1.obj, .\Out\Objects\bsp_adc.obj, .\Out\Objects\bsp_keyBright.obj, .\Out\Objects\bsp_lcdBright.obj, .\Out\Objects\
>> bsp_2d4.obj, .\Out\Objects\Common.obj, .\Out\Objects\Delay.obj, .\Out\Objects\Version.obj, .\Out\Objects\STARTUP.obj 
>> TO .\Out\Objects\project PRINT (.\Out\Listings\project.m51) RAMSIZE (256) DISABLEWARNING (16)


MEMORY MODEL: LARGE


INPUT MODULES INCLUDED:
  .\Out\Objects\main.obj (MAIN)
  .\Out\Objects\app_key.obj (APP_KEY)
  .\Out\Objects\app_work.obj (APP_WORK)
  .\Out\Objects\app_repeat_exe.obj (APP_REPEAT_EXE)
  .\Out\Objects\app_2d4.obj (APP_2D4)
  .\Out\Objects\app_lcd.obj (APP_LCD)
  .\Out\Objects\bsp.obj (BSP)
  .\Out\Objects\bsp_key.obj (BSP_KEY)
  .\Out\Objects\bsp_display.obj (BSP_DISPLAY)
  .\Out\Objects\bsp_uart.obj (BSP_UART)
  .\Out\Objects\bsp_timer0.obj (BSP_TIMER0)
  .\Out\Objects\bsp_timer1.obj (BSP_TIMER1)
  .\Out\Objects\bsp_adc.obj (BSP_ADC)
  .\Out\Objects\bsp_keyBright.obj (BSP_KEYBRIGHT)
  .\Out\Objects\bsp_lcdBright.obj (BSP_LCDBRIGHT)
  .\Out\Objects\bsp_2d4.obj (BSP_2D4)
  .\Out\Objects\Common.obj (COMMON)
  .\Out\Objects\Delay.obj (DELAY)
  .\Out\Objects\Version.obj (VERSION)
  .\Out\Objects\STARTUP.obj (?C_STARTUP)
  C:\KEIL_V5\C51\LIB\C51L.LIB (?C_INIT)
  C:\KEIL_V5\C51\LIB\C51L.LIB (?C?COPY)
  C:\KEIL_V5\C51\LIB\C51L.LIB (?C?CLDPTR)
  C:\KEIL_V5\C51\LIB\C51L.LIB (?C?CLDOPTR)
  C:\KEIL_V5\C51\LIB\C51L.LIB (?C?CILDOPTR)
  C:\KEIL_V5\C51\LIB\C51L.LIB (?C?CSTPTR)
  C:\KEIL_V5\C51\LIB\C51L.LIB (?C?CSTOPTR)
  C:\KEIL_V5\C51\LIB\C51L.LIB (?C?IILDX)
  C:\KEIL_V5\C51\LIB\C51L.LIB (?C?ILDOPTR)
  C:\KEIL_V5\C51\LIB\C51L.LIB (?C?IILDOPTR)
  C:\KEIL_V5\C51\LIB\C51L.LIB (?C?ISTOPTR)
  C:\KEIL_V5\C51\LIB\C51L.LIB (?C?ULDIV)
  C:\KEIL_V5\C51\LIB\C51L.LIB (?C?ULCMP)
  C:\KEIL_V5\C51\LIB\C51L.LIB (?C?ULSHR)
  C:\KEIL_V5\C51\LIB\C51L.LIB (?C?LSTXDATA)
  C:\KEIL_V5\C51\LIB\C51L.LIB (?C?LSTKXDATA)
  C:\KEIL_V5\C51\LIB\C51L.LIB (?C?PLDPTR)
  C:\KEIL_V5\C51\LIB\C51L.LIB (?C?CCASE)
  C:\KEIL_V5\C51\LIB\C51L.LIB (?C?ICALL)
  C:\KEIL_V5\C51\LIB\C51L.LIB (?C_XBP)
  C:\KEIL_V5\C51\LIB\C51L.LIB (?C?ADDXBP)
  C:\KEIL_V5\C51\LIB\C51L.LIB (?C?XBPOFF)
  C:\KEIL_V5\C51\LIB\C51L.LIB (PRINTF)
  C:\KEIL_V5\C51\LIB\C51L.LIB (STRLEN)
  C:\KEIL_V5\C51\LIB\C51L.LIB (?C?MEMSET)
BL51 BANKED LINKER/LOCATER V6.22                                                      08/30/2017  23:22:33  PAGE 2


  C:\KEIL_V5\C51\LIB\C51L.LIB (?C?PLDIDATA)
  C:\KEIL_V5\C51\LIB\C51L.LIB (?C?PLDXDATA)
  C:\KEIL_V5\C51\LIB\C51L.LIB (?C?PLDIXDATA)
  C:\KEIL_V5\C51\LIB\C51L.LIB (?C?PSTXDATA)
  C:\KEIL_V5\C51\LIB\C51L.LIB (?C?PLDPDATA)
  C:\KEIL_V5\C51\LIB\C51L.LIB (?C?PLDCODE)


LINK MAP OF MODULE:  .\Out\Objects\project (MAIN)


            TYPE    BASE      LENGTH    RELOCATION   SEGMENT NAME
            -----------------------------------------------------

            * * * * * * *   D A T A   M E M O R Y   * * * * * * *
            REG     0000H     0008H     ABSOLUTE     "REG BANK 0"
            DATA    0008H     0005H     UNIT         _DATA_GROUP_
            DATA    000DH     0002H     UNIT         ?C?LIB_DATA
            IDATA   000FH     0010H     UNIT         ?ID?APP_KEY
                    001FH     0001H                  *** GAP ***
            BIT     0020H.0   0001H.1   UNIT         _BIT_GROUP_
            BIT     0021H.1   0000H.1   UNIT         ?BI?BSP
            BIT     0021H.2   0000H.1   UNIT         ?BI?_GET_DATA_FROM_UART1?BSP_UART
            BIT     0021H.3   0000H.1   UNIT         ?BI?BSP_UART
                    0021H.4   0000H.4                *** GAP ***
            IDATA   0022H     007BH     UNIT         ?ID?BSP_KEY
            IDATA   009DH     0021H     UNIT         ?ID?APP_2D4
            IDATA   00BEH     0005H     UNIT         ?ID?APP_WORK
            IDATA   00C3H     0005H     UNIT         ?ID?BSP_ADC
            IDATA   00C8H     0001H     UNIT         ?STACK

            * * * * * * *  X D A T A   M E M O R Y  * * * * * * *
            XDATA   0000H     0040H     UNIT         _XDATA_GROUP_
            XDATA   0040H     0013H     UNIT         ?XD?_RF_CARRIER?BSP_2D4
            XDATA   0053H     0012H     UNIT         ?XD?APP_REPEAT_EXE
            XDATA   0065H     0011H     UNIT         ?XD?MAIN
            XDATA   0076H     0010H     UNIT         ?XD?MODE_RESP?APP_2D4
            XDATA   0086H     0010H     UNIT         ?XD?APP_LCD
            XDATA   0096H     000BH     UNIT         ?XD?BSP_TIMER0
            XDATA   00A1H     0007H     UNIT         ?XD?BSP_KEY
            XDATA   00A8H     0005H     UNIT         ?XD?BSP_2D4
            XDATA   00ADH     0004H     UNIT         ?XD?_INITIALUART0_TIMER3_TYPE5?COMMON
            XDATA   00B1H     0004H     UNIT         ?XD?_INITIALUART0_TIMER3_TYPE6?COMMON
            XDATA   00B5H     0004H     UNIT         ?XD?_INITIALUART1_TIMER3?COMMON
            XDATA   00B9H     0004H     UNIT         ?XD?_TIMER0_DELAY1MS?DELAY
            XDATA   00BDH     0004H     UNIT         ?XD?_TIMER1_DELAY1MS?DELAY
            XDATA   00C1H     0004H     UNIT         ?XD?_TIMER3_DELAY1MS?DELAY
            XDATA   00C5H     0004H     UNIT         ?XD?_WAKEUP_TIMER_DELAY25MS?DELAY
            XDATA   00C9H     0001H     UNIT         ?XD?_APP_LCD_DEFAULT_STRING_SET?APP_LCD

            * * * * * * *   C O D E   M E M O R Y   * * * * * * *
            CODE    0000H     0003H     ABSOLUTE     
            CODE    0003H     0008H     UNIT         ?CO?APP_LCD
            CODE    000BH     0003H     ABSOLUTE     
            CODE    000EH     000DH     UNIT         ?PR?LCD_CLEAR_ALL?BSP_DISPLAY
            CODE    001BH     0003H     ABSOLUTE     
            CODE    001EH     003DH     UNIT         ?PR?VOL_RESP?APP_2D4
BL51 BANKED LINKER/LOCATER V6.22                                                      08/30/2017  23:22:33  PAGE 3


            CODE    005BH     0003H     ABSOLUTE     
            CODE    005EH     08FAH     UNIT         ?PR?_LCD_SHOWCHAR?BSP_DISPLAY
            CODE    0958H     048AH     UNIT         ?C?LIB_CODE
            CODE    0DE2H     0392H     UNIT         ?PR?_APP_KEY_PRO?APP_KEY
            CODE    1174H     0365H     UNIT         ?PR?PRINTF?PRINTF
            CODE    14D9H     0223H     UNIT         ?PR?_APP_2D4_RCV?APP_2D4
            CODE    16FCH     0154H     UNIT         ?PR?_BSP_DETECTKEY?BSP_KEY
            CODE    1850H     0145H     UNIT         ?PR?_SYSTEM_CLOCK_SELECT?COMMON
            CODE    1995H     012EH     UNIT         ?PR?RF_INIT?BSP_2D4
            CODE    1AC3H     0112H     UNIT         ?CO?VERSION
            CODE    1BD5H     00E4H     UNIT         ?PR?_LCD_CLEAR_MI?BSP_DISPLAY
            CODE    1CB9H     00E3H     UNIT         ?PR?_RF_CARRIER?BSP_2D4
            CODE    1D9CH     00B5H     UNIT         ?PR?REPEAT_PRO?APP_REPEAT_EXE
            CODE    1E51H     00A8H     UNIT         ?PR?BSP_INITKEYVAR?BSP_KEY
            CODE    1EF9H     00A2H     UNIT         ?PR?_LCD_SHOWSTRING?BSP_DISPLAY
            CODE    1F9BH     009AH     UNIT         ?C_C51STARTUP
            CODE    2035H     008CH     UNIT         ?PR?MAIN?MAIN
            CODE    20C1H     0083H     UNIT         ?PR?_?RANDOM_DELAY?DELAY
            CODE    2144H     007EH     UNIT         ?C_INITSEG
            CODE    21C2H     0079H     UNIT         ?PR?TIMER0_ISR?BSP_TIMER0
            CODE    223BH     0067H     UNIT         ?PR?_ISKEYDOWN?BSP_KEY
            CODE    22A2H     0066H     UNIT         ?PR?MODE_RESP?APP_2D4
            CODE    2308H     0063H     UNIT         ?PR?_INITIALUART0_TIMER3_TYPE5?COMMON
            CODE    236BH     0063H     UNIT         ?PR?_INITIALUART0_TIMER3_TYPE6?COMMON
            CODE    23CEH     0061H     UNIT         ?PR?_WAKEUP_TIMER_DELAY25MS?DELAY
            CODE    242FH     005FH     UNIT         ?PR?SHOW_FW_VERSION_NUMBER_TO_PC?VERSION
            CODE    248EH     005DH     UNIT         ?PR?_INITIALUART1_TIMER3?COMMON
            CODE    24EBH     005CH     UNIT         ?PR?ADC_ISR?MAIN
            CODE    2547H     005BH     UNIT         ?PR?_TIMER3_DELAY1MS?DELAY
            CODE    25A2H     0059H     UNIT         ?PR?_TIMER0_DELAY1MS?DELAY
            CODE    25FBH     0059H     UNIT         ?PR?_TIMER1_DELAY1MS?DELAY
            CODE    2654H     0051H     UNIT         ?PR?_APP_2D4_SEND?APP_2D4
            CODE    26A5H     004DH     UNIT         ?PR?APP_2D4_PRO?APP_2D4
            CODE    26F2H     004CH     UNIT         ?CO?APP_2D4
            CODE    273EH     0043H     UNIT         ?PR?_RF_WRITEBUF?BSP_2D4
            CODE    2781H     0043H     UNIT         ?PR?_RF_TXDATA?BSP_2D4
            CODE    27C4H     003FH     UNIT         ?PR?_RF_READBUF?BSP_2D4
            CODE    2803H     003DH     UNIT         ?PR?_PUTCHAR?COMMON
            CODE    2840H     0036H     UNIT         ?PR?LCD_DISPLAY_INITHARD?BSP_DISPLAY
            CODE    2876H     0033H     UNIT         ?PR?ADC_INIT?BSP_ADC
            CODE    28A9H     0032H     UNIT         ?PR?_REPEAT_START?APP_REPEAT_EXE
            CODE    28DBH     002AH     UNIT         ?PR?_INITIALUART0_TIMER1_TYPE3?COMMON
            CODE    2905H     002AH     UNIT         ?PR?_INITIALUART0_TIMER1_TYPE4?COMMON
            CODE    292FH     0029H     UNIT         ?PR?_UCRF_DUMPRXDATA?BSP_2D4
            CODE    2958H     0029H     UNIT         ?PR?_INITIALUART0_TIMER1_TYPE1?COMMON
            CODE    2981H     0028H     UNIT         ?PR?_INITIALUART0_TIMER1_TYPE2?COMMON
            CODE    29A9H     0026H     UNIT         ?PR?TIMER0_PARAMINIT?BSP_TIMER0
            CODE    29CFH     0026H     UNIT         ?PR?RF_RXMODE?BSP_2D4
            CODE    29F5H     0025H     UNIT         ?PR?APP_2D4_INIT?APP_2D4
            CODE    2A1AH     0024H     UNIT         ?PR?_BSP_SETKEYPARAM?BSP_KEY
            CODE    2A3EH     0024H     UNIT         ?CO?BSP_2D4
            CODE    2A62H     0023H     UNIT         ?PR?TIMER0_INITHARD?BSP_TIMER0
            CODE    2A85H     0023H     UNIT         ?PR?_SPI_WR?BSP_2D4
            CODE    2AA8H     0021H     UNIT         ?PR?_APP_LCD_DEFAULT_STRING_SET?APP_LCD
            CODE    2AC9H     0021H     UNIT         ?PR?ADC_START?BSP_ADC
            CODE    2AEAH     0021H     UNIT         ?PR?_DELAY10US?DELAY
            CODE    2B0BH     0020H     UNIT         ?PR?SET_ALL_GPIO_INPUT_MODE?COMMON
BL51 BANKED LINKER/LOCATER V6.22                                                      08/30/2017  23:22:33  PAGE 4


            CODE    2B2BH     001DH     UNIT         ?PR?_SPI_WW?BSP_2D4
            CODE    2B48H     001CH     UNIT         ?PR?BSP_GETKEY?BSP_KEY
            CODE    2B64H     001CH     UNIT         ?PR?BSP_GETKEY2?BSP_KEY
            CODE    2B80H     001BH     UNIT         ?PR?BSP_INIT?BSP
            CODE    2B9BH     001BH     UNIT         ?PR?BSP_KEYSCAN?BSP_KEY
            CODE    2BB6H     001AH     UNIT         ?PR?SET_ALL_GPIO_QUASI_MODE?COMMON
            CODE    2BD0H     001AH     UNIT         ?PR?SW_RESET?COMMON
            CODE    2BEAH     0019H     UNIT         ?PR?UCSPI_READ?BSP_2D4
            CODE    2C03H     0018H     UNIT         ?PR?APP_LCD_INIT?APP_LCD
            CODE    2C1BH     0016H     UNIT         ?PR?SPEAKER_STATUS_RESP?APP_2D4
            CODE    2C31H     0016H     UNIT         ?PR?RELAY_STATUS_RESP?APP_2D4
            CODE    2C47H     0015H     UNIT         ?PR?_STRLEN?STRLEN
            CODE    2C5CH     0014H     UNIT         ?PR?REPEAT_STOP?APP_REPEAT_EXE
            CODE    2C70H     0014H     UNIT         ?PR?_BSP_PUTKEY?BSP_KEY
            CODE    2C84H     0013H     UNIT         ?PR?_GET_DATA_FROM_UART1?BSP_UART
            CODE    2C97H     0013H     UNIT         ?PR?TIMER1_INITHARD?BSP_TIMER1
            CODE    2CAAH     0013H     UNIT         ?PR?WIRELESS2D4_INITHARD?BSP_2D4
            CODE    2CBDH     0013H     UNIT         ?PR?_RF_WRITEREG?BSP_2D4
            CODE    2CD0H     0013H     UNIT         ?PR?_UCRF_READREG?BSP_2D4
            CODE    2CE3H     0012H     UNIT         ?PR?ISKEYDOWN_1AND6?BSP_KEY
            CODE    2CF5H     0011H     UNIT         ?PR?UART_INITHARD?BSP_UART
            CODE    2D06H     0010H     UNIT         ?PR?REPEAT_START_EXE?APP_REPEAT_EXE
            CODE    2D16H     0010H     UNIT         ?PR?REPEAT_STOP_EXE?APP_REPEAT_EXE
            CODE    2D26H     000FH     UNIT         ?PR?APP_LCD_PRO?APP_LCD
            CODE    2D35H     000FH     UNIT         ?PR?ISKEYDOWN2?BSP_KEY
            CODE    2D44H     000FH     UNIT         ?PR?ISKEYDOWN3?BSP_KEY
            CODE    2D53H     000FH     UNIT         ?PR?ISKEYDOWN4?BSP_KEY
            CODE    2D62H     000FH     UNIT         ?PR?ISKEYDOWN8?BSP_KEY
            CODE    2D71H     000FH     UNIT         ?PR?ISKEYDOWN9?BSP_KEY
            CODE    2D80H     000FH     UNIT         ?PR?RF_TXMODE?BSP_2D4
            CODE    2D8FH     000EH     UNIT         ?PR?ISKEYDOWN5?BSP_KEY
            CODE    2D9DH     000EH     UNIT         ?PR?_RF_SETCHANNEL?BSP_2D4
            CODE    2DABH     000DH     UNIT         ?PR?LCD_CLEAR_MI_ALL?BSP_DISPLAY
            CODE    2DB8H     000CH     UNIT         ?PR?_REPEAT_SETSTART?APP_REPEAT_EXE
            CODE    2DC4H     000CH     UNIT         ?PR?_REPEAT_SETSTOP?APP_REPEAT_EXE
            CODE    2DD0H     000CH     UNIT         ?PR?RF_CLEARFIFO?BSP_2D4
            CODE    2DDCH     000BH     UNIT         ?PR?_BSP_GETKEYSTATE?BSP_KEY
            CODE    2DE7H     000AH     UNIT         ?PR?APP_REPEAT_ISENABLE?APP_REPEAT_EXE
            CODE    2DF1H     000AH     UNIT         ?PR?UCRF_GETSTATUS?BSP_2D4
            CODE    2DFBH     0009H     UNIT         ?PR?ISKEYDOWN1?BSP_KEY
            CODE    2E04H     0009H     UNIT         ?PR?KEY_BRIGHT_INITHARD?BSP_KEYBRIGHT
            CODE    2E0DH     0009H     UNIT         ?PR?LCD_BRIGHT_INITHARD?BSP_LCDBRIGHT
            CODE    2E16H     0008H     UNIT         ?PR?RECEIVE_DATA_FROM_UART0?COMMON
            CODE    2E1EH     0008H     UNIT         ?PR?_SEND_DATA_TO_UART0?COMMON
            CODE    2E26H     0008H     UNIT         ?PR?RECEIVE_DATA_FROM_UART1?COMMON
            CODE    2E2EH     0008H     UNIT         ?PR?_SEND_DATA_TO_UART1?COMMON
            CODE    2E36H     0007H     UNIT         ?CO?MAIN
            CODE    2E3DH     0007H     UNIT         ?PR?APP_WORK_INIT?APP_WORK
            CODE    2E44H     0007H     UNIT         ?PR?BSP_INITKEYHARD?BSP_KEY
            CODE    2E4BH     0007H     UNIT         ?PR?LCD_CLEAR_LED_ICO?BSP_DISPLAY
            CODE    2E52H     0007H     UNIT         ?PR?LCD_SHOW_LED_ICO?BSP_DISPLAY
            CODE    2E59H     0007H     UNIT         ?PR?LCD_CLEAR_FM_ICO?BSP_DISPLAY
            CODE    2E60H     0007H     UNIT         ?PR?LCD_SHOW_FM_ICO?BSP_DISPLAY
            CODE    2E67H     0007H     UNIT         ?PR?LCD_CLEAR_BLUETOOTH_ICO?BSP_DISPLAY
            CODE    2E6EH     0007H     UNIT         ?PR?LCD_SHOW_BLUETOOTH_ICO?BSP_DISPLAY
            CODE    2E75H     0007H     UNIT         ?PR?LCD_CLEAR_AUX_ICO?BSP_DISPLAY
            CODE    2E7CH     0007H     UNIT         ?PR?LCD_SHOW_AUX_ICO?BSP_DISPLAY
BL51 BANKED LINKER/LOCATER V6.22                                                      08/30/2017  23:22:33  PAGE 5


            CODE    2E83H     0007H     UNIT         ?PR?LCD_CLEAR_USB_ICO?BSP_DISPLAY
            CODE    2E8AH     0007H     UNIT         ?PR?LCD_SHOW_USB_ICO?BSP_DISPLAY
            CODE    2E91H     0007H     UNIT         ?PR?LCD_CLEAR_MHZ_ICO?BSP_DISPLAY
            CODE    2E98H     0007H     UNIT         ?PR?LCD_SHOW_MHZ_ICO?BSP_DISPLAY
            CODE    2E9FH     0007H     UNIT         ?PR?LCD_CLEAR_BAZOOKA_ICO?BSP_DISPLAY
            CODE    2EA6H     0007H     UNIT         ?PR?LCD_SHOW_BAZOOKA_ICO?BSP_DISPLAY
            CODE    2EADH     0007H     UNIT         ?PR?LCD_CLEAR_UPCOLON_ICO?BSP_DISPLAY
            CODE    2EB4H     0007H     UNIT         ?PR?LCD_SHOW_UPCOLON_ICO?BSP_DISPLAY
            CODE    2EBBH     0007H     UNIT         ?PR?LCD_CLEAR_DOWNCOLON_ICO?BSP_DISPLAY
            CODE    2EC2H     0007H     UNIT         ?PR?LCD_SHOW_DOWNCOLON_ICO?BSP_DISPLAY
            CODE    2EC9H     0007H     UNIT         ?PR?RF_CLEARSTATUS?BSP_2D4
            CODE    2ED0H     0006H     UNIT         ?PR?APP_POWER_OFF?APP_KEY
            CODE    2ED6H     0006H     UNIT         ?PR?ISKEYDOWN6?BSP_KEY
            CODE    2EDCH     0006H     UNIT         ?PR?ISKEYDOWN7?BSP_KEY
            CODE    2EE2H     0006H     UNIT         ?PR?BSP_INITKEY?BSP_KEY
            CODE    2EE8H     0006H     UNIT         ?PR?BSP_CLEARKEY?BSP_KEY
            CODE    2EEEH     0006H     UNIT         ?PR?LCD_CLEAR_COLON_ICO?BSP_DISPLAY
            CODE    2EF4H     0006H     UNIT         ?PR?LCD_SHOW_COLON_ICO?BSP_DISPLAY
            CODE    2EFAH     0006H     UNIT         ?PR?UCRF_GETRSSI?BSP_2D4
            CODE    2F00H     0004H     UNIT         ?PR?FSYS_CLOCK_OUTPUT_ON_P26?COMMON
            CODE    2F04H     0003H     UNIT         ?PR?APP_POWER_ON?APP_KEY
            CODE    2F07H     0003H     UNIT         ?PR?KEY_BRIGHT_OFF?BSP_KEYBRIGHT
            CODE    2F0AH     0003H     UNIT         ?PR?KEY_BRIGHT_ON?BSP_KEYBRIGHT
            CODE    2F0DH     0003H     UNIT         ?PR?KEY_BRIGHT_TOGGLE?BSP_KEYBRIGHT
            CODE    2F10H     0003H     UNIT         ?PR?LCD_BRIGHT_OFF?BSP_LCDBRIGHT
            CODE    2F13H     0003H     UNIT         ?PR?LCD_BRIGHT_ON?BSP_LCDBRIGHT
            CODE    2F16H     0001H     UNIT         ?PR?APP_KEY_INIT?APP_KEY
            CODE    2F17H     0001H     UNIT         ?PR?APP_KEY_100MS_PRO?APP_KEY
            CODE    2F18H     0001H     UNIT         ?PR?APP_KEY_1S_PRO?APP_KEY
            CODE    2F19H     0001H     UNIT         ?PR?APP_KEY_CLEAR_NOOPS_TIMEOUTCNT?APP_KEY
            CODE    2F1AH     0001H     UNIT         ?PR?APP_WORK_1S_PRO?APP_WORK
            CODE    2F1BH     0001H     UNIT         ?PR?APP_WORK_100MS_PRO?APP_WORK
            CODE    2F1CH     0001H     UNIT         ?PR?APP_WORK_PRO?APP_WORK
            CODE    2F1DH     0001H     UNIT         ?PR?TIMER1_ISR?BSP_TIMER1
            CODE    2F1EH     0001H     UNIT         ?PR?SPI_INIT?BSP_2D4



OVERLAY MAP OF MODULE:   .\Out\Objects\project (MAIN)


SEGMENT                                             BIT_GROUP          DATA_GROUP          XDATA_GROUP
  +--> CALLED SEGMENT                            START    LENGTH     START    LENGTH     START    LENGTH
--------------------------------------------------------------------------------------------------------
?C_C51STARTUP                                    -----    -----      -----    -----      -----    -----
  +--> ?PR?MAIN?MAIN
  +--> ?C_INITSEG

?PR?MAIN?MAIN                                    -----    -----      -----    -----      0000H    0002H
  +--> ?PR?_SYSTEM_CLOCK_SELECT?COMMON
  +--> ?PR?BSP_INIT?BSP
  +--> ?PR?APP_KEY_INIT?APP_KEY
  +--> ?PR?APP_2D4_INIT?APP_2D4
  +--> ?PR?APP_LCD_INIT?APP_LCD
  +--> ?PR?APP_WORK_INIT?APP_WORK
  +--> ?PR?ADC_START?BSP_ADC
  +--> ?PR?BSP_KEYSCAN?BSP_KEY
BL51 BANKED LINKER/LOCATER V6.22                                                      08/30/2017  23:22:33  PAGE 6


  +--> ?PR?REPEAT_PRO?APP_REPEAT_EXE
  +--> ?PR?APP_LCD_PRO?APP_LCD
  +--> ?CO?MAIN
  +--> ?PR?PRINTF?PRINTF
  +--> ?PR?APP_2D4_PRO?APP_2D4
  +--> ?PR?BSP_GETKEY?BSP_KEY
  +--> ?PR?_APP_KEY_PRO?APP_KEY

?PR?BSP_INIT?BSP                                 -----    -----      -----    -----      -----    -----
  +--> ?PR?SET_ALL_GPIO_INPUT_MODE?COMMON
  +--> ?PR?ADC_INIT?BSP_ADC
  +--> ?PR?BSP_INITKEY?BSP_KEY
  +--> ?PR?KEY_BRIGHT_INITHARD?BSP_KEYBRIGHT
  +--> ?PR?LCD_BRIGHT_INITHARD?BSP_LCDBRIGHT
  +--> ?PR?LCD_DISPLAY_INITHARD?BSP_DISPLAY
  +--> ?PR?TIMER0_INITHARD?BSP_TIMER0
  +--> ?PR?WIRELESS2D4_INITHARD?BSP_2D4

?PR?BSP_INITKEY?BSP_KEY                          -----    -----      -----    -----      -----    -----
  +--> ?PR?BSP_INITKEYVAR?BSP_KEY
  +--> ?PR?BSP_INITKEYHARD?BSP_KEY

?PR?BSP_INITKEYVAR?BSP_KEY                       -----    -----      -----    -----      -----    -----
  +--> ?PR?ISKEYDOWN1?BSP_KEY
  +--> ?PR?ISKEYDOWN2?BSP_KEY
  +--> ?PR?ISKEYDOWN3?BSP_KEY
  +--> ?PR?ISKEYDOWN4?BSP_KEY
  +--> ?PR?ISKEYDOWN5?BSP_KEY
  +--> ?PR?ISKEYDOWN6?BSP_KEY
  +--> ?PR?ISKEYDOWN7?BSP_KEY
  +--> ?PR?ISKEYDOWN8?BSP_KEY
  +--> ?PR?ISKEYDOWN9?BSP_KEY
  +--> ?PR?ISKEYDOWN_1AND6?BSP_KEY

?PR?ISKEYDOWN2?BSP_KEY                           -----    -----      -----    -----      -----    -----
  +--> ?PR?_ISKEYDOWN?BSP_KEY

?PR?ISKEYDOWN3?BSP_KEY                           -----    -----      -----    -----      -----    -----
  +--> ?PR?_ISKEYDOWN?BSP_KEY

?PR?ISKEYDOWN4?BSP_KEY                           -----    -----      -----    -----      -----    -----
  +--> ?PR?_ISKEYDOWN?BSP_KEY

?PR?ISKEYDOWN5?BSP_KEY                           -----    -----      -----    -----      -----    -----
  +--> ?PR?_ISKEYDOWN?BSP_KEY

?PR?ISKEYDOWN6?BSP_KEY                           -----    -----      -----    -----      -----    -----
  +--> ?PR?_ISKEYDOWN?BSP_KEY

?PR?ISKEYDOWN7?BSP_KEY                           -----    -----      -----    -----      -----    -----
  +--> ?PR?_ISKEYDOWN?BSP_KEY

?PR?ISKEYDOWN8?BSP_KEY                           -----    -----      -----    -----      -----    -----
  +--> ?PR?_ISKEYDOWN?BSP_KEY

?PR?ISKEYDOWN9?BSP_KEY                           -----    -----      -----    -----      -----    -----
  +--> ?PR?_ISKEYDOWN?BSP_KEY
BL51 BANKED LINKER/LOCATER V6.22                                                      08/30/2017  23:22:33  PAGE 7



?PR?ISKEYDOWN_1AND6?BSP_KEY                      -----    -----      -----    -----      -----    -----
  +--> ?PR?ISKEYDOWN1?BSP_KEY
  +--> ?PR?ISKEYDOWN6?BSP_KEY

?PR?KEY_BRIGHT_INITHARD?BSP_KEYBRIGHT            -----    -----      -----    -----      -----    -----
  +--> ?PR?KEY_BRIGHT_OFF?BSP_KEYBRIGHT

?PR?LCD_BRIGHT_INITHARD?BSP_LCDBRIGHT            -----    -----      -----    -----      -----    -----
  +--> ?PR?LCD_BRIGHT_ON?BSP_LCDBRIGHT

?PR?LCD_DISPLAY_INITHARD?BSP_DISPLAY             -----    -----      -----    -----      -----    -----
  +--> ?PR?LCD_CLEAR_ALL?BSP_DISPLAY

?PR?TIMER0_INITHARD?BSP_TIMER0                   -----    -----      -----    -----      -----    -----
  +--> ?PR?TIMER0_PARAMINIT?BSP_TIMER0

?PR?APP_2D4_INIT?APP_2D4                         -----    -----      -----    -----      -----    -----
  +--> ?PR?RF_INIT?BSP_2D4
  +--> ?PR?RF_RXMODE?BSP_2D4

?PR?RF_INIT?BSP_2D4                              -----    -----      -----    -----      0002H    0012H
  +--> ?CO?BSP_2D4
  +--> ?PR?SPI_INIT?BSP_2D4
  +--> ?PR?_RF_WRITEREG?BSP_2D4
  +--> ?PR?_RF_WRITEBUF?BSP_2D4

?PR?_RF_WRITEREG?BSP_2D4                         -----    -----      -----    -----      -----    -----
  +--> ?PR?_SPI_WW?BSP_2D4

?PR?_RF_WRITEBUF?BSP_2D4                         -----    -----      -----    -----      0014H    0005H
  +--> ?PR?_SPI_WW?BSP_2D4

?PR?RF_RXMODE?BSP_2D4                            -----    -----      -----    -----      -----    -----
  +--> ?PR?_RF_WRITEREG?BSP_2D4

?PR?APP_LCD_INIT?APP_LCD                         -----    -----      -----    -----      -----    -----
  +--> ?CO?APP_LCD
  +--> ?PR?_STRLEN?STRLEN

?PR?APP_WORK_INIT?APP_WORK                       -----    -----      -----    -----      -----    -----
  +--> ?PR?LCD_SHOW_BAZOOKA_ICO?BSP_DISPLAY

?PR?BSP_KEYSCAN?BSP_KEY                          -----    -----      -----    -----      0002H    0001H
  +--> ?PR?_BSP_DETECTKEY?BSP_KEY

?PR?_BSP_DETECTKEY?BSP_KEY                       -----    -----      -----    -----      0003H    0001H
  +--> ?PR?_BSP_PUTKEY?BSP_KEY

?PR?REPEAT_PRO?APP_REPEAT_EXE                    -----    -----      -----    -----      -----    -----
  +--> ?PR?REPEAT_STOP_EXE?APP_REPEAT_EXE
  +--> ?PR?REPEAT_START_EXE?APP_REPEAT_EXE

?PR?APP_LCD_PRO?APP_LCD                          -----    -----      -----    -----      -----    -----
  +--> ?PR?APP_REPEAT_ISENABLE?APP_REPEAT_EXE
  +--> ?PR?_LCD_SHOWSTRING?BSP_DISPLAY

BL51 BANKED LINKER/LOCATER V6.22                                                      08/30/2017  23:22:33  PAGE 8


?PR?_LCD_SHOWSTRING?BSP_DISPLAY                  0020H.0  0000H.1    -----    -----      0018H    0004H
  +--> ?PR?_STRLEN?STRLEN
  +--> ?PR?_LCD_SHOWCHAR?BSP_DISPLAY

?PR?_LCD_SHOWCHAR?BSP_DISPLAY                    -----    -----      -----    -----      -----    -----
  +--> ?PR?_LCD_CLEAR_MI?BSP_DISPLAY

?PR?PRINTF?PRINTF                                0020H.0  0001H.1    0008H    0005H      0018H    0028H
  +--> ?PR?_PUTCHAR?COMMON

?PR?APP_2D4_PRO?APP_2D4                          -----    -----      -----    -----      -----    -----
  +--> ?PR?UCRF_GETSTATUS?BSP_2D4
  +--> ?PR?RF_CLEARFIFO?BSP_2D4
  +--> ?PR?RF_CLEARSTATUS?BSP_2D4
  +--> ?PR?RF_RXMODE?BSP_2D4
  +--> ?PR?_RF_TXDATA?BSP_2D4
  +--> ?PR?_UCRF_DUMPRXDATA?BSP_2D4
  +--> ?PR?_APP_2D4_RCV?APP_2D4

?PR?UCRF_GETSTATUS?BSP_2D4                       -----    -----      -----    -----      -----    -----
  +--> ?PR?_UCRF_READREG?BSP_2D4

?PR?_UCRF_READREG?BSP_2D4                        -----    -----      -----    -----      -----    -----
  +--> ?PR?_SPI_WR?BSP_2D4
  +--> ?PR?UCSPI_READ?BSP_2D4

?PR?RF_CLEARFIFO?BSP_2D4                         -----    -----      -----    -----      -----    -----
  +--> ?PR?_RF_WRITEREG?BSP_2D4

?PR?RF_CLEARSTATUS?BSP_2D4                       -----    -----      -----    -----      -----    -----
  +--> ?PR?_RF_WRITEREG?BSP_2D4

?PR?_RF_TXDATA?BSP_2D4                           -----    -----      -----    -----      0002H    0002H
  +--> ?PR?UCRF_GETSTATUS?BSP_2D4
  +--> ?PR?_RF_WRITEBUF?BSP_2D4
  +--> ?PR?_RF_WRITEREG?BSP_2D4

?PR?_UCRF_DUMPRXDATA?BSP_2D4                     -----    -----      -----    -----      -----    -----
  +--> ?PR?UCRF_GETSTATUS?BSP_2D4
  +--> ?PR?_RF_WRITEREG?BSP_2D4
  +--> ?PR?_RF_READBUF?BSP_2D4
  +--> ?PR?RF_CLEARFIFO?BSP_2D4
  +--> ?PR?RF_CLEARSTATUS?BSP_2D4

?PR?_RF_READBUF?BSP_2D4                          -----    -----      -----    -----      0002H    0005H
  +--> ?PR?_SPI_WR?BSP_2D4
  +--> ?PR?UCSPI_READ?BSP_2D4

?PR?_APP_2D4_RCV?APP_2D4                         -----    -----      -----    -----      0002H    0006H
  +--> ?PR?SPEAKER_STATUS_RESP?APP_2D4
  +--> ?PR?_REPEAT_SETSTART?APP_REPEAT_EXE
  +--> ?PR?_REPEAT_SETSTOP?APP_REPEAT_EXE
  +--> ?PR?RELAY_STATUS_RESP?APP_2D4
  +--> ?PR?VOL_RESP?APP_2D4
  +--> ?PR?_REPEAT_START?APP_REPEAT_EXE
  +--> ?PR?LCD_CLEAR_FM_ICO?BSP_DISPLAY
  +--> ?PR?LCD_SHOW_BLUETOOTH_ICO?BSP_DISPLAY
BL51 BANKED LINKER/LOCATER V6.22                                                      08/30/2017  23:22:33  PAGE 9


  +--> ?PR?LCD_SHOW_FM_ICO?BSP_DISPLAY
  +--> ?PR?LCD_CLEAR_BLUETOOTH_ICO?BSP_DISPLAY
  +--> ?PR?LCD_CLEAR_AUX_ICO?BSP_DISPLAY
  +--> ?PR?LCD_SHOW_AUX_ICO?BSP_DISPLAY
  +--> ?PR?LCD_CLEAR_USB_ICO?BSP_DISPLAY
  +--> ?PR?LCD_SHOW_USB_ICO?BSP_DISPLAY

?PR?SPEAKER_STATUS_RESP?APP_2D4                  -----    -----      -----    -----      -----    -----
  +--> ?CO?APP_2D4
  +--> ?PR?_LCD_SHOWSTRING?BSP_DISPLAY

?PR?RELAY_STATUS_RESP?APP_2D4                    -----    -----      -----    -----      -----    -----
  +--> ?CO?APP_2D4
  +--> ?PR?_LCD_SHOWSTRING?BSP_DISPLAY

?PR?VOL_RESP?APP_2D4                             -----    -----      -----    -----      0008H    0010H
  +--> ?CO?APP_2D4
  +--> ?PR?PRINTF?PRINTF
  +--> ?PR?_LCD_SHOWSTRING?BSP_DISPLAY

?PR?_REPEAT_START?APP_REPEAT_EXE                 -----    -----      -----    -----      -----    -----
  +--> ?PR?REPEAT_START_EXE?APP_REPEAT_EXE

?PR?_APP_KEY_PRO?APP_KEY                         -----    -----      -----    -----      0002H    0003H
  +--> ?PR?APP_KEY_CLEAR_NOOPS_TIMEOUTCNT?AP...
  +--> ?PR?_APP_2D4_SEND?APP_2D4

?PR?_APP_2D4_SEND?APP_2D4                        -----    -----      -----    -----      0005H    0004H
  +--> ?PR?RF_TXMODE?BSP_2D4

?PR?RF_TXMODE?BSP_2D4                            -----    -----      -----    -----      -----    -----
  +--> ?PR?_RF_WRITEREG?BSP_2D4



SYMBOL TABLE OF MODULE:  .\Out\Objects\project (MAIN)

  VALUE           TYPE          NAME
  ----------------------------------

  -------         MODULE        MAIN
  C:0000H         SYMBOL        _ICE_DUMMY_
  D:0080H         PUBLIC        P0
  D:0090H         PUBLIC        P1
  D:00A0H         PUBLIC        P2
  D:00B0H         PUBLIC        P3
  D:00D8H         PUBLIC        P5
  D:00A8H         PUBLIC        IE
  B:00E8H.7       PUBLIC        ADCF
  C:24EBH         PUBLIC        ADC_ISR
  D:00B8H         PUBLIC        IP
  C:2035H         PUBLIC        main
  D:0098H         PUBLIC        SCON
  D:0088H         PUBLIC        TCON
  D:00F8H         PUBLIC        SCON_1
  D:00E8H         PUBLIC        ADCCON0
  D:00C0H         PUBLIC        I2CON
BL51 BANKED LINKER/LOCATER V6.22                                                      08/30/2017  23:22:33  PAGE 10


  D:00C3H         PUBLIC        ADCRH
  X:0066H         SYMBOL        ss
  D:00C8H         PUBLIC        T2CON
  D:00C2H         PUBLIC        ADCRL
  D:00D0H         PUBLIC        PSW
  -------         PROC          ADC_ISR
  C:24EBH         LINE#         8
  C:24FCH         LINE#         9
  C:24FCH         LINE#         11
  C:24FEH         LINE#         13
  C:250EH         LINE#         14
  C:252AH         LINE#         15
  C:2538H         LINE#         17
  -------         ENDPROC       ADC_ISR
  -------         PROC          MAIN
  -------         DO            
  X:0000H         SYMBOL        ucKeyCode
  -------         DO            
  X:0001H         SYMBOL        i
  X:0065H         SYMBOL        n
  -------         ENDDO         
  -------         ENDDO         
  C:2035H         LINE#         19
  C:2035H         LINE#         21
  C:203AH         LINE#         24
  C:203DH         LINE#         28
  C:2040H         LINE#         29
  C:2043H         LINE#         30
  C:2046H         LINE#         31
  C:2049H         LINE#         35
  C:2049H         LINE#         36
  C:204FH         LINE#         37
  C:2051H         LINE#         39
  C:2054H         LINE#         40
  C:2054H         LINE#         41
  C:205AH         LINE#         42
  C:205CH         LINE#         45
  C:205FH         LINE#         46
  C:205FH         LINE#         47
  C:2065H         LINE#         48
  C:206AH         LINE#         51
  C:206EH         LINE#         56
  C:2071H         LINE#         58
  C:2074H         LINE#         60
  C:207AH         LINE#         61
  C:2080H         LINE#         62
  C:2082H         LINE#         64
  C:20A5H         LINE#         70
  C:20A5H         LINE#         71
  C:20A8H         LINE#         72
  C:20A8H         LINE#         73
  C:20AEH         LINE#         74
  C:20B0H         LINE#         83
  C:20B0H         LINE#         87
  C:20B8H         LINE#         88
  C:20BAH         LINE#         89
  C:20BFH         LINE#         90
BL51 BANKED LINKER/LOCATER V6.22                                                      08/30/2017  23:22:33  PAGE 11


  C:20BFH         LINE#         92
  -------         ENDPROC       MAIN
  -------         ENDMOD        MAIN

  -------         MODULE        APP_KEY
  C:0000H         SYMBOL        _ICE_DUMMY_
  D:0080H         PUBLIC        P0
  D:0090H         PUBLIC        P1
  D:00A0H         PUBLIC        P2
  D:00B0H         PUBLIC        P3
  C:2F16H         PUBLIC        app_key_init
  D:00D8H         PUBLIC        P5
  D:00A8H         PUBLIC        IE
  C:2F04H         PUBLIC        app_power_on
  D:00B8H         PUBLIC        IP
  C:0DE2H         PUBLIC        _app_key_pro
  C:2F18H         PUBLIC        app_key_1s_pro
  D:0098H         PUBLIC        SCON
  D:0088H         PUBLIC        TCON
  I:000FH         SYMBOL        buf
  D:00F8H         PUBLIC        SCON_1
  D:00E8H         PUBLIC        ADCCON0
  D:00C0H         PUBLIC        I2CON
  C:2F19H         PUBLIC        app_key_clear_noOps_timeoutCnt
  D:00C8H         PUBLIC        T2CON
  C:2ED0H         PUBLIC        app_power_off
  C:2F17H         PUBLIC        app_key_100ms_pro
  D:00D0H         PUBLIC        PSW
  -------         PROC          APP_KEY_INIT
  C:2F16H         LINE#         12
  C:2F16H         LINE#         14
  -------         ENDPROC       APP_KEY_INIT
  -------         PROC          APP_POWER_ON
  C:2F04H         LINE#         16
  C:2F04H         LINE#         17
  -------         ENDPROC       APP_POWER_ON
  -------         PROC          APP_POWER_OFF
  C:2ED0H         LINE#         19
  C:2ED0H         LINE#         20
  C:2ED3H         LINE#         21
  -------         ENDPROC       APP_POWER_OFF
  -------         PROC          APP_KEY_100MS_PRO
  C:2F17H         LINE#         24
  C:2F17H         LINE#         26
  -------         ENDPROC       APP_KEY_100MS_PRO
  -------         PROC          APP_KEY_1S_PRO
  C:2F18H         LINE#         28
  C:2F18H         LINE#         30
  -------         ENDPROC       APP_KEY_1S_PRO
  -------         PROC          APP_KEY_CLEAR_NOOPS_TIMEOUTCNT
  C:2F19H         LINE#         31
  C:2F19H         LINE#         32
  -------         ENDPROC       APP_KEY_CLEAR_NOOPS_TIMEOUTCNT
  -------         PROC          _APP_KEY_PRO
  X:0002H         SYMBOL        keyCode
  -------         DO            
  X:0003H         SYMBOL        index
BL51 BANKED LINKER/LOCATER V6.22                                                      08/30/2017  23:22:33  PAGE 12


  X:0004H         SYMBOL        i
  -------         ENDDO         
  C:0DE2H         LINE#         34
  C:0DE7H         LINE#         35
  C:0DEAH         LINE#         36
  C:0DECH         LINE#         38
  C:0DEFH         LINE#         42
  C:0DF3H         LINE#         43
  C:0DFFH         LINE#         44
  C:0E66H         LINE#         45
  C:0E66H         LINE#         46
  C:0E73H         LINE#         47
  C:0E7DH         LINE#         48
  C:0E87H         LINE#         49
  C:0E91H         LINE#         50
  C:0EB0H         LINE#         51
  C:0EC0H         LINE#         52
  C:0EC6H         LINE#         54
  C:0EC6H         LINE#         55
  C:0EC6H         LINE#         57
  C:0EC6H         LINE#         58
  C:0EC6H         LINE#         59
  C:0ED3H         LINE#         60
  C:0EDDH         LINE#         61
  C:0EE7H         LINE#         62
  C:0EF1H         LINE#         63
  C:0F10H         LINE#         64
  C:0F20H         LINE#         65
  C:0F26H         LINE#         67
  C:0F26H         LINE#         68
  C:0F26H         LINE#         69
  C:0F33H         LINE#         70
  C:0F3DH         LINE#         71
  C:0F47H         LINE#         72
  C:0F51H         LINE#         73
  C:0F70H         LINE#         74
  C:0F80H         LINE#         75
  C:0F86H         LINE#         77
  C:0F86H         LINE#         78
  C:0F86H         LINE#         80
  C:0F86H         LINE#         81
  C:0F86H         LINE#         83
  C:0F86H         LINE#         84
  C:0F86H         LINE#         86
  C:0F86H         LINE#         87
  C:0F86H         LINE#         89
  C:0F86H         LINE#         90
  C:0F86H         LINE#         92
  C:0F86H         LINE#         93
  C:0F86H         LINE#         95
  C:0F86H         LINE#         96
  C:0F86H         LINE#         98
  C:0F86H         LINE#         99
  C:0F86H         LINE#         101
  C:0F86H         LINE#         102
  C:0F86H         LINE#         103
  C:0F93H         LINE#         104
BL51 BANKED LINKER/LOCATER V6.22                                                      08/30/2017  23:22:33  PAGE 13


  C:0F9DH         LINE#         105
  C:0FA7H         LINE#         106
  C:0FB1H         LINE#         107
  C:0FD0H         LINE#         108
  C:0FE0H         LINE#         109
  C:0FE6H         LINE#         111
  C:0FE6H         LINE#         112
  C:0FE6H         LINE#         114
  C:0FE6H         LINE#         115
  C:0FE6H         LINE#         117
  C:0FE6H         LINE#         118
  C:0FE6H         LINE#         120
  C:0FF3H         LINE#         121
  C:0FFDH         LINE#         122
  C:1007H         LINE#         123
  C:1011H         LINE#         124
  C:1030H         LINE#         125
  C:1040H         LINE#         126
  C:1046H         LINE#         128
  C:1046H         LINE#         129
  C:1046H         LINE#         131
  C:1046H         LINE#         132
  C:1046H         LINE#         134
  C:1046H         LINE#         135
  C:1046H         LINE#         136
  C:1053H         LINE#         137
  C:105DH         LINE#         138
  C:1067H         LINE#         139
  C:1071H         LINE#         140
  C:1090H         LINE#         141
  C:10A0H         LINE#         142
  C:10A6H         LINE#         144
  C:10A6H         LINE#         145
  C:10A6H         LINE#         147
  C:10A6H         LINE#         148
  C:10A6H         LINE#         150
  C:10A6H         LINE#         151
  C:10A6H         LINE#         153
  C:10B3H         LINE#         154
  C:10BDH         LINE#         155
  C:10C7H         LINE#         156
  C:10D1H         LINE#         157
  C:10EDH         LINE#         158
  C:10FDH         LINE#         159
  C:1103H         LINE#         161
  C:1103H         LINE#         162
  C:1103H         LINE#         164
  C:1103H         LINE#         165
  C:1103H         LINE#         167
  C:1103H         LINE#         168
  C:1103H         LINE#         169
  C:1110H         LINE#         170
  C:111AH         LINE#         171
  C:1124H         LINE#         172
  C:112EH         LINE#         173
  C:114AH         LINE#         174
  C:115AH         LINE#         175
BL51 BANKED LINKER/LOCATER V6.22                                                      08/30/2017  23:22:33  PAGE 14


  C:1160H         LINE#         177
  C:1160H         LINE#         178
  C:1160H         LINE#         180
  C:1160H         LINE#         181
  C:1160H         LINE#         183
  C:1160H         LINE#         184
  C:1160H         LINE#         186
  C:1160H         LINE#         187
  C:1160H         LINE#         189
  C:1160H         LINE#         190
  C:1160H         LINE#         192
  C:1160H         LINE#         193
  C:1160H         LINE#         195
  C:1160H         LINE#         197
  C:1160H         LINE#         198
  C:1166H         LINE#         199
  C:1168H         LINE#         200
  C:1173H         LINE#         201
  C:1173H         LINE#         203
  -------         ENDPROC       _APP_KEY_PRO
  -------         ENDMOD        APP_KEY

  -------         MODULE        APP_WORK
  C:0000H         SYMBOL        _ICE_DUMMY_
  D:0080H         PUBLIC        P0
  D:0090H         PUBLIC        P1
  D:00A0H         PUBLIC        P2
  D:00B0H         PUBLIC        P3
  D:00D8H         PUBLIC        P5
  D:00A8H         PUBLIC        IE
  D:00B8H         PUBLIC        IP
  C:2F1CH         SYMBOL        app_work_pro
  C:2F1AH         PUBLIC        app_work_1s_pro
  D:0098H         PUBLIC        SCON
  D:0088H         PUBLIC        TCON
  D:00F8H         PUBLIC        SCON_1
  D:00E8H         PUBLIC        ADCCON0
  D:00C0H         PUBLIC        I2CON
  C:2E3DH         PUBLIC        app_work_Init
  I:00BEH         PUBLIC        g_tWork
  D:00C8H         PUBLIC        T2CON
  C:2F1BH         PUBLIC        app_work_100ms_pro
  D:00D0H         PUBLIC        PSW
  -------         PROC          APP_WORK_INIT
  C:2E3DH         LINE#         14
  C:2E3DH         LINE#         15
  C:2E41H         LINE#         17
  -------         ENDPROC       APP_WORK_INIT
  -------         PROC          APP_WORK_1S_PRO
  C:2F1AH         LINE#         20
  C:2F1AH         LINE#         22
  -------         ENDPROC       APP_WORK_1S_PRO
  -------         PROC          APP_WORK_100MS_PRO
  C:2F1BH         LINE#         23
  C:2F1BH         LINE#         25
  -------         ENDPROC       APP_WORK_100MS_PRO
  -------         PROC          APP_WORK_PRO
BL51 BANKED LINKER/LOCATER V6.22                                                      08/30/2017  23:22:33  PAGE 15


  C:2F1CH         LINE#         27
  C:2F1CH         LINE#         29
  -------         ENDPROC       APP_WORK_PRO
  -------         ENDMOD        APP_WORK

  -------         MODULE        APP_REPEAT_EXE
  C:0000H         SYMBOL        _ICE_DUMMY_
  D:0080H         PUBLIC        P0
  D:0090H         PUBLIC        P1
  D:00A0H         PUBLIC        P2
  D:00B0H         PUBLIC        P3
  C:2DB8H         PUBLIC        _Repeat_SetStart
  D:00D8H         PUBLIC        P5
  D:00A8H         PUBLIC        IE
  C:2DE7H         PUBLIC        app_repeat_IsEnable
  C:2D16H         SYMBOL        Repeat_Stop_exe
  D:00B8H         PUBLIC        IP
  C:2DC4H         PUBLIC        _Repeat_SetStop
  X:0053H         SYMBOL        g_tRepeat
  D:0098H         PUBLIC        SCON
  D:0088H         PUBLIC        TCON
  D:00F8H         PUBLIC        SCON_1
  C:28A9H         PUBLIC        _Repeat_Start
  D:00E8H         PUBLIC        ADCCON0
  D:00C0H         PUBLIC        I2CON
  D:00C8H         PUBLIC        T2CON
  C:2C5CH         PUBLIC        Repeat_Stop
  C:1D9CH         PUBLIC        Repeat_Pro
  C:2D06H         SYMBOL        Repeat_Start_exe
  D:00D0H         PUBLIC        PSW
  -------         PROC          _REPEAT_SETSTART
  D:0001H         SYMBOL        fun
  C:2DB8H         LINE#         12
  C:2DB8H         LINE#         13
  C:2DC3H         LINE#         14
  -------         ENDPROC       _REPEAT_SETSTART
  -------         PROC          _REPEAT_SETSTOP
  D:0001H         SYMBOL        fun
  C:2DC4H         LINE#         16
  C:2DC4H         LINE#         17
  C:2DCFH         LINE#         18
  -------         ENDPROC       _REPEAT_SETSTOP
  -------         PROC          REPEAT_START_EXE
  C:2D06H         LINE#         20
  C:2D06H         LINE#         21
  C:2D12H         LINE#         22
  C:2D15H         LINE#         23
  C:2D15H         LINE#         24
  -------         ENDPROC       REPEAT_START_EXE
  -------         PROC          REPEAT_STOP_EXE
  C:2D16H         LINE#         26
  C:2D16H         LINE#         27
  C:2D22H         LINE#         28
  C:2D25H         LINE#         29
  C:2D25H         LINE#         30
  -------         ENDPROC       REPEAT_STOP_EXE
  -------         PROC          _REPEAT_START
BL51 BANKED LINKER/LOCATER V6.22                                                      08/30/2017  23:22:33  PAGE 16


  D:0006H         SYMBOL        _usStartTime
  D:0004H         SYMBOL        _usStopTime
  D:0002H         SYMBOL        _usCycle
  C:28A9H         LINE#         42
  C:28A9H         LINE#         43
  C:28A9H         LINE#         44
  C:28ADH         LINE#         46
  C:28ADH         LINE#         48
  C:28B5H         LINE#         49
  C:28BDH         LINE#         50
  C:28C5H         LINE#         51
  C:28CAH         LINE#         52
  C:28CEH         LINE#         53
  C:28D2H         LINE#         54
  C:28D7H         LINE#         56
  C:28DAH         LINE#         57
  -------         ENDPROC       _REPEAT_START
  -------         PROC          REPEAT_STOP
  C:2C5CH         LINE#         67
  C:2C5CH         LINE#         68
  C:2C61H         LINE#         69
  C:2C64H         LINE#         70
  C:2C6DH         LINE#         71
  -------         ENDPROC       REPEAT_STOP
  -------         PROC          APP_REPEAT_ISENABLE
  C:2DE7H         LINE#         75
  C:2DE7H         LINE#         76
  C:2DEDH         LINE#         77
  C:2DEFH         LINE#         78
  C:2DEFH         LINE#         79
  C:2DF0H         LINE#         80
  -------         ENDPROC       APP_REPEAT_ISENABLE
  -------         PROC          REPEAT_PRO
  C:1D9CH         LINE#         90
  C:1D9CH         LINE#         92
  C:1DB3H         LINE#         94
  C:1DB3H         LINE#         96
  C:1DB9H         LINE#         97
  C:1DC5H         LINE#         98
  C:1DC5H         LINE#         99
  C:1DDEH         LINE#         100
  C:1DE1H         LINE#         101
  C:1DE8H         LINE#         102
  C:1DEDH         LINE#         103
  C:1DEDH         LINE#         104
  C:1DEEH         LINE#         106
  C:1DEEH         LINE#         107
  C:1DF6H         LINE#         108
  C:1E0EH         LINE#         110
  C:1E1DH         LINE#         111
  C:1E30H         LINE#         113
  C:1E35H         LINE#         114
  C:1E35H         LINE#         116
  C:1E3BH         LINE#         117
  C:1E42H         LINE#         119
  C:1E42H         LINE#         120
  C:1E42H         LINE#         121
BL51 BANKED LINKER/LOCATER V6.22                                                      08/30/2017  23:22:33  PAGE 17


  C:1E49H         LINE#         122
  C:1E4DH         LINE#         124
  C:1E50H         LINE#         125
  C:1E50H         LINE#         126
  C:1E50H         LINE#         128
  -------         ENDPROC       REPEAT_PRO
  -------         ENDMOD        APP_REPEAT_EXE

  -------         MODULE        APP_2D4
  C:0000H         SYMBOL        _ICE_DUMMY_
  D:0080H         PUBLIC        P0
  D:0090H         PUBLIC        P1
  D:00A0H         PUBLIC        P2
  D:00B0H         PUBLIC        P3
  C:29F5H         PUBLIC        app_2d4_init
  D:00D8H         PUBLIC        P5
  D:00A8H         PUBLIC        IE
  C:2C1BH         SYMBOL        speaker_status_resp
  D:00B8H         PUBLIC        IP
  C:26A5H         PUBLIC        app_2d4_pro
  D:0098H         PUBLIC        SCON
  D:0088H         PUBLIC        TCON
  C:271EH         SYMBOL        _?ix1000
  C:272EH         SYMBOL        _?ix1001
  C:22A2H         SYMBOL        mode_resp
  D:00F8H         PUBLIC        SCON_1
  C:2C31H         SYMBOL        relay_status_resp
  I:009DH         SYMBOL        sendBuf
  I:00ADH         SYMBOL        sendRcv_flag
  D:00E8H         PUBLIC        ADCCON0
  D:00C0H         PUBLIC        I2CON
  D:00C8H         PUBLIC        T2CON
  I:00AEH         SYMBOL        rcvBuf
  C:001EH         SYMBOL        vol_resp
  C:14D9H         SYMBOL        _app_2d4_Rcv
  C:2654H         PUBLIC        _app_2d4_send
  D:00D0H         PUBLIC        PSW
  -------         PROC          APP_2D4_INIT
  C:29F5H         LINE#         14
  C:29F5H         LINE#         16
  C:29F9H         LINE#         17
  C:2A05H         LINE#         18
  C:2A14H         LINE#         20
  C:2A17H         LINE#         21
  -------         ENDPROC       APP_2D4_INIT
  -------         PROC          _APP_2D4_SEND
  X:0005H         SYMBOL        d
  X:0008H         SYMBOL        len
  C:2654H         LINE#         27
  C:2662H         LINE#         29
  C:2667H         LINE#         31
  C:2667H         LINE#         33
  C:266AH         LINE#         34
  C:266EH         LINE#         36
  C:2689H         LINE#         37
  C:26A4H         LINE#         38
  C:26A4H         LINE#         40
BL51 BANKED LINKER/LOCATER V6.22                                                      08/30/2017  23:22:33  PAGE 18


  -------         ENDPROC       _APP_2D4_SEND
  -------         PROC          SPEAKER_STATUS_RESP
  C:2C1BH         LINE#         41
  C:2C1BH         LINE#         42
  C:2C23H         LINE#         43
  C:2C27H         LINE#         44
  C:2C29H         LINE#         45
  C:2C30H         LINE#         46
  C:2C30H         LINE#         48
  -------         ENDPROC       SPEAKER_STATUS_RESP
  -------         PROC          RELAY_STATUS_RESP
  C:2C31H         LINE#         49
  C:2C31H         LINE#         50
  C:2C39H         LINE#         51
  C:2C3DH         LINE#         52
  C:2C3FH         LINE#         53
  C:2C46H         LINE#         54
  C:2C46H         LINE#         56
  -------         ENDPROC       RELAY_STATUS_RESP
  -------         PROC          VOL_RESP
  -------         DO            
  X:0008H         SYMBOL        str
  -------         ENDDO         
  C:001EH         LINE#         57
  C:001EH         LINE#         58
  C:0031H         LINE#         60
  C:0052H         LINE#         61
  -------         ENDPROC       VOL_RESP
  -------         PROC          MODE_RESP
  -------         DO            
  X:0076H         SYMBOL        str
  -------         ENDDO         
  C:22A2H         LINE#         63
  C:22A2H         LINE#         64
  C:22B5H         LINE#         66
  C:22C8H         LINE#         67
  C:22C8H         LINE#         68
  C:22CCH         LINE#         69
  C:22CEH         LINE#         70
  C:22CEH         LINE#         71
  C:22D2H         LINE#         72
  C:22D4H         LINE#         73
  C:22D4H         LINE#         74
  C:22D8H         LINE#         75
  C:22DAH         LINE#         76
  C:22DAH         LINE#         77
  C:22DEH         LINE#         78
  C:22DEH         LINE#         79
  C:22DEH         LINE#         81
  C:22FFH         LINE#         82
  -------         ENDPROC       MODE_RESP
  -------         PROC          _APP_2D4_RCV
  X:0002H         SYMBOL        buf
  -------         DO            
  X:0005H         SYMBOL        i
  X:0006H         SYMBOL        index
  X:0007H         SYMBOL        check
BL51 BANKED LINKER/LOCATER V6.22                                                      08/30/2017  23:22:33  PAGE 19


  -------         ENDDO         
  C:14D9H         LINE#         84
  C:14E4H         LINE#         85
  C:14E7H         LINE#         86
  C:14E9H         LINE#         87
  C:14EBH         LINE#         89
  C:14F5H         LINE#         91
  C:14F5H         LINE#         92
  C:150EH         LINE#         94
  C:150EH         LINE#         95
  C:153AH         LINE#         96
  C:154FH         LINE#         97
  C:1557H         LINE#         98
  C:157DH         LINE#         100
  C:157DH         LINE#         102
  C:158CH         LINE#         103
  C:1591H         LINE#         104
  C:15BFH         LINE#         105
  C:15BFH         LINE#         107
  C:15BFH         LINE#         108
  C:15BFH         LINE#         110
  C:15C9H         LINE#         111
  C:15CDH         LINE#         112
  C:15D3H         LINE#         113
  C:15D3H         LINE#         115
  C:15D3H         LINE#         116
  C:15D5H         LINE#         117
  C:15D9H         LINE#         118
  C:15E2H         LINE#         119
  C:15EBH         LINE#         121
  C:15F4H         LINE#         122
  C:15F4H         LINE#         124
  C:15F7H         LINE#         125
  C:15F7H         LINE#         127
  C:160DH         LINE#         128
  C:1611H         LINE#         129
  C:1613H         LINE#         130
  C:1617H         LINE#         131
  C:1617H         LINE#         133
  C:1620H         LINE#         134
  C:1629H         LINE#         136
  C:1635H         LINE#         138
  C:1637H         LINE#         139
  C:1637H         LINE#         141
  C:1637H         LINE#         142
  C:1637H         LINE#         144
  C:1637H         LINE#         145
  C:1637H         LINE#         146
  C:1637H         LINE#         147
  C:1637H         LINE#         148
  C:164BH         LINE#         150
  C:1654H         LINE#         151
  C:165DH         LINE#         153
  C:1669H         LINE#         154
  C:166BH         LINE#         155
  C:166BH         LINE#         156
  C:167FH         LINE#         158
BL51 BANKED LINKER/LOCATER V6.22                                                      08/30/2017  23:22:33  PAGE 20


  C:1688H         LINE#         159
  C:1691H         LINE#         161
  C:16A0H         LINE#         162
  C:16A2H         LINE#         163
  C:16A2H         LINE#         165
  C:16A2H         LINE#         166
  C:16A2H         LINE#         167
  C:16B6H         LINE#         169
  C:16C6H         LINE#         170
  C:16C6H         LINE#         171
  C:16C9H         LINE#         174
  C:16CCH         LINE#         175
  C:16CCH         LINE#         177
  C:16CCH         LINE#         179
  C:16CEH         LINE#         180
  C:16CEH         LINE#         182
  C:16D1H         LINE#         183
  C:16D4H         LINE#         185
  C:16D7H         LINE#         187
  C:16D7H         LINE#         189
  C:16D9H         LINE#         190
  C:16D9H         LINE#         191
  C:16DCH         LINE#         193
  C:16DFH         LINE#         196
  C:16E2H         LINE#         197
  C:16E5H         LINE#         199
  C:16E7H         LINE#         200
  C:16E7H         LINE#         201
  C:16EAH         LINE#         203
  C:16EDH         LINE#         205
  C:16F0H         LINE#         208
  C:16F3H         LINE#         209
  C:16F3H         LINE#         210
  C:16F3H         LINE#         211
  C:16F3H         LINE#         212
  C:16F3H         LINE#         213
  C:16F9H         LINE#         214
  C:16FBH         LINE#         216
  C:16FBH         LINE#         218
  -------         ENDPROC       _APP_2D4_RCV
  -------         PROC          APP_2D4_PRO
  C:26A5H         LINE#         220
  C:26A5H         LINE#         221
  C:26AAH         LINE#         223
  C:26BAH         LINE#         224
  C:26BAH         LINE#         226
  C:26BDH         LINE#         227
  C:26C0H         LINE#         229
  C:26C4H         LINE#         230
  C:26C7H         LINE#         234
  C:26C7H         LINE#         235
  C:26C7H         LINE#         237
  C:26C7H         LINE#         238
  C:26C7H         LINE#         239
  C:26C9H         LINE#         240
  C:26C9H         LINE#         242
  C:26CCH         LINE#         243
BL51 BANKED LINKER/LOCATER V6.22                                                      08/30/2017  23:22:33  PAGE 21


  C:26CFH         LINE#         244
  C:26CFH         LINE#         245
  C:26CFH         LINE#         247
  C:26DAH         LINE#         249
  C:26DAH         LINE#         250
  C:26DAH         LINE#         252
  C:26DAH         LINE#         253
  C:26E8H         LINE#         257
  C:26F1H         LINE#         258
  C:26F1H         LINE#         260
  C:26F1H         LINE#         262
  -------         ENDPROC       APP_2D4_PRO
  -------         ENDMOD        APP_2D4

  -------         MODULE        APP_LCD
  C:0000H         SYMBOL        _ICE_DUMMY_
  D:0080H         PUBLIC        P0
  D:0090H         PUBLIC        P1
  D:00A0H         PUBLIC        P2
  D:00B0H         PUBLIC        P3
  D:00D8H         PUBLIC        P5
  C:2D26H         PUBLIC        app_lcd_pro
  D:00A8H         PUBLIC        IE
  D:00B8H         PUBLIC        IP
  D:0098H         PUBLIC        SCON
  D:0088H         PUBLIC        TCON
  D:00F8H         PUBLIC        SCON_1
  C:2AA8H         PUBLIC        _app_lcd_default_string_set
  D:00E8H         PUBLIC        ADCCON0
  D:00C0H         PUBLIC        I2CON
  D:00C8H         PUBLIC        T2CON
  C:2C03H         PUBLIC        app_lcd_init
  X:0086H         SYMBOL        lcd_default_string
  D:00D0H         PUBLIC        PSW
  -------         PROC          APP_LCD_INIT
  C:2C03H         LINE#         13
  C:2C03H         LINE#         14
  -------         ENDPROC       APP_LCD_INIT
  -------         PROC          _APP_LCD_DEFAULT_STRING_SET
  D:0001H         SYMBOL        s
  X:00C9H         SYMBOL        len
  C:2AA8H         LINE#         20
  C:2AADH         LINE#         21
  C:2AB9H         LINE#         22
  C:2AC8H         LINE#         23
  -------         ENDPROC       _APP_LCD_DEFAULT_STRING_SET
  -------         PROC          APP_LCD_PRO
  C:2D26H         LINE#         25
  C:2D26H         LINE#         27
  C:2D2BH         LINE#         29
  C:2D34H         LINE#         31
  C:2D34H         LINE#         33
  -------         ENDPROC       APP_LCD_PRO
  -------         ENDMOD        APP_LCD

  -------         MODULE        BSP
  C:0000H         SYMBOL        _ICE_DUMMY_
BL51 BANKED LINKER/LOCATER V6.22                                                      08/30/2017  23:22:33  PAGE 22


  D:0080H         PUBLIC        P0
  D:0090H         PUBLIC        P1
  D:00A0H         PUBLIC        P2
  D:00B0H         PUBLIC        P3
  D:00D8H         PUBLIC        P5
  B:00A8H.7       PUBLIC        EA
  D:00A8H         PUBLIC        IE
  D:00B8H         PUBLIC        IP
  B:0021H.1       PUBLIC        BIT_TMP
  D:0098H         PUBLIC        SCON
  D:0088H         PUBLIC        TCON
  C:2B80H         PUBLIC        bsp_Init
  D:00F8H         PUBLIC        SCON_1
  D:00E8H         PUBLIC        ADCCON0
  D:00C0H         PUBLIC        I2CON
  D:00C8H         PUBLIC        T2CON
  D:00D0H         PUBLIC        PSW
  -------         PROC          BSP_INIT
  C:2B80H         LINE#         5
  C:2B80H         LINE#         10
  C:2B83H         LINE#         12
  C:2B86H         LINE#         13
  C:2B89H         LINE#         14
  C:2B8CH         LINE#         15
  C:2B8FH         LINE#         17
  C:2B92H         LINE#         18
  C:2B95H         LINE#         23
  C:2B98H         LINE#         25
  C:2B9AH         LINE#         27
  -------         ENDPROC       BSP_INIT
  -------         ENDMOD        BSP

  -------         MODULE        BSP_KEY
  C:0000H         SYMBOL        _ICE_DUMMY_
  D:00B1H         PUBLIC        P0M1
  D:00B2H         PUBLIC        P0M2
  D:0080H         PUBLIC        P0
  D:0090H         PUBLIC        P1
  D:00A0H         PUBLIC        P2
  C:2244H         SYMBOL        _IsKeyDown
  D:00B0H         PUBLIC        P3
  D:00D8H         PUBLIC        P5
  C:2C70H         PUBLIC        _bsp_PutKey
  D:00A8H         PUBLIC        IE
  C:1E51H         SYMBOL        bsp_InitKeyVar
  X:00A1H         PUBLIC        pBtn
  D:00B8H         PUBLIC        IP
  C:2CE3H         SYMBOL        IsKeyDown_1AND6
  C:2B64H         PUBLIC        bsp_GetKey2
  C:16FCH         SYMBOL        _bsp_DetectKey
  B:0080H.2       PUBLIC        P02
  C:2DFBH         SYMBOL        IsKeyDown1
  D:0098H         PUBLIC        SCON
  C:2D35H         SYMBOL        IsKeyDown2
  D:0088H         PUBLIC        TCON
  C:2D44H         SYMBOL        IsKeyDown3
  C:2D53H         SYMBOL        IsKeyDown4
BL51 BANKED LINKER/LOCATER V6.22                                                      08/30/2017  23:22:33  PAGE 23


  C:2D8FH         SYMBOL        IsKeyDown5
  C:2ED6H         SYMBOL        IsKeyDown6
  C:2EDCH         SYMBOL        IsKeyDown7
  C:2D62H         SYMBOL        IsKeyDown8
  C:2D71H         SYMBOL        IsKeyDown9
  C:2EE8H         PUBLIC        bsp_ClearKey
  X:00A4H         PUBLIC        min
  D:00F8H         PUBLIC        SCON_1
  X:00A6H         PUBLIC        max
  C:2B9BH         PUBLIC        bsp_KeyScan
  D:00E8H         PUBLIC        ADCCON0
  D:00C0H         PUBLIC        I2CON
  D:00C8H         PUBLIC        T2CON
  C:2EE2H         PUBLIC        bsp_InitKey
  C:2E44H         SYMBOL        bsp_InitKeyHard
  I:0022H         SYMBOL        s_tBtn
  I:0090H         SYMBOL        s_tKey
  C:2B48H         PUBLIC        bsp_GetKey
  C:2A1AH         PUBLIC        _bsp_SetKeyParam
  C:2DDCH         PUBLIC        _bsp_GetKeyState
  D:00D0H         PUBLIC        PSW
  -------         PROC          ISKEYDOWN1
  C:2DFBH         LINE#         46
  C:2DFBH         LINE#         47
  C:2DFEH         LINE#         48
  C:2E01H         LINE#         49
  C:2E01H         LINE#         50
  C:2E03H         LINE#         51
  C:2E03H         LINE#         52
  -------         ENDPROC       ISKEYDOWN1
  -------         PROC          L?0067
  -------         ENDPROC       L?0067
  -------         PROC          _ISKEYDOWN
  D:0006H         SYMBOL        key_ad
  D:0004H         SYMBOL        result_ad
  C:2244H         LINE#         55
  C:2244H         LINE#         57
  C:2269H         LINE#         58
  C:2288H         LINE#         60
  C:22A1H         LINE#         61
  -------         ENDPROC       _ISKEYDOWN
  -------         PROC          ISKEYDOWN2
  C:2D35H         LINE#         64
  C:2D35H         LINE#         66
  C:2D43H         LINE#         67
  -------         ENDPROC       ISKEYDOWN2
  -------         PROC          ISKEYDOWN3
  C:2D44H         LINE#         69
  C:2D44H         LINE#         70
  C:2D52H         LINE#         71
  -------         ENDPROC       ISKEYDOWN3
  -------         PROC          ISKEYDOWN4
  C:2D53H         LINE#         73
  C:2D53H         LINE#         74
  C:2D61H         LINE#         75
  -------         ENDPROC       ISKEYDOWN4
  -------         PROC          ISKEYDOWN5
BL51 BANKED LINKER/LOCATER V6.22                                                      08/30/2017  23:22:33  PAGE 24


  C:2D8FH         LINE#         77
  C:2D8FH         LINE#         79
  C:2D9CH         LINE#         80
  -------         ENDPROC       ISKEYDOWN5
  -------         PROC          ISKEYDOWN6
  C:2ED6H         LINE#         82
  C:2ED6H         LINE#         83
  C:2EDBH         LINE#         84
  -------         ENDPROC       ISKEYDOWN6
  -------         PROC          ISKEYDOWN7
  C:2EDCH         LINE#         86
  C:2EDCH         LINE#         87
  C:2EE1H         LINE#         88
  -------         ENDPROC       ISKEYDOWN7
  -------         PROC          ISKEYDOWN8
  C:2D62H         LINE#         90
  C:2D62H         LINE#         91
  C:2D70H         LINE#         92
  -------         ENDPROC       ISKEYDOWN8
  -------         PROC          ISKEYDOWN9
  C:2D71H         LINE#         94
  C:2D71H         LINE#         95
  C:2D7FH         LINE#         96
  -------         ENDPROC       ISKEYDOWN9
  -------         PROC          ISKEYDOWN_1AND6
  C:2CE3H         LINE#         98
  C:2CE3H         LINE#         99
  C:2CEFH         LINE#         100
  C:2CF2H         LINE#         101
  C:2CF2H         LINE#         102
  C:2CF4H         LINE#         103
  C:2CF4H         LINE#         105
  -------         ENDPROC       ISKEYDOWN_1AND6
  -------         PROC          BSP_INITKEY
  C:2EE2H         LINE#         114
  C:2EE2H         LINE#         115
  C:2EE5H         LINE#         116
  -------         ENDPROC       BSP_INITKEY
  -------         PROC          _BSP_PUTKEY
  D:0007H         SYMBOL        _KeyCode
  C:2C70H         LINE#         127
  C:2C70H         LINE#         128
  C:2C78H         LINE#         130
  C:2C81H         LINE#         131
  C:2C83H         LINE#         132
  C:2C83H         LINE#         133
  -------         ENDPROC       _BSP_PUTKEY
  -------         PROC          BSP_GETKEY
  -------         DO            
  D:0007H         SYMBOL        ret
  -------         ENDDO         
  C:2B48H         LINE#         143
  C:2B48H         LINE#         146
  C:2B50H         LINE#         147
  C:2B52H         LINE#         148
  C:2B52H         LINE#         149
  C:2B58H         LINE#         151
BL51 BANKED LINKER/LOCATER V6.22                                                      08/30/2017  23:22:33  PAGE 25


  C:2B61H         LINE#         152
  C:2B63H         LINE#         153
  C:2B63H         LINE#         154
  C:2B63H         LINE#         155
  C:2B63H         LINE#         156
  -------         ENDPROC       BSP_GETKEY
  -------         PROC          BSP_GETKEY2
  -------         DO            
  D:0007H         SYMBOL        ret
  -------         ENDDO         
  C:2B64H         LINE#         166
  C:2B64H         LINE#         169
  C:2B6CH         LINE#         170
  C:2B6EH         LINE#         171
  C:2B6EH         LINE#         172
  C:2B74H         LINE#         174
  C:2B7DH         LINE#         175
  C:2B7FH         LINE#         176
  C:2B7FH         LINE#         177
  C:2B7FH         LINE#         178
  C:2B7FH         LINE#         179
  -------         ENDPROC       BSP_GETKEY2
  -------         PROC          _BSP_GETKEYSTATE
  D:0007H         SYMBOL        _ucKeyID
  C:2DDCH         LINE#         189
  C:2DDCH         LINE#         190
  C:2DE6H         LINE#         191
  -------         ENDPROC       _BSP_GETKEYSTATE
  -------         PROC          _BSP_SETKEYPARAM
  D:0007H         SYMBOL        _ucKeyID
  D:0004H         SYMBOL        _LongTime
  D:0003H         SYMBOL        _RepeatSpeed
  C:2A1AH         LINE#         203
  C:2A1AH         LINE#         204
  C:2A27H         LINE#         205
  C:2A33H         LINE#         206
  C:2A3DH         LINE#         207
  -------         ENDPROC       _BSP_SETKEYPARAM
  -------         PROC          BSP_CLEARKEY
  C:2EE8H         LINE#         217
  C:2EE8H         LINE#         218
  C:2EEDH         LINE#         219
  -------         ENDPROC       BSP_CLEARKEY
  -------         PROC          BSP_INITKEYHARD
  C:2E44H         LINE#         229
  C:2E44H         LINE#         231
  C:2E47H         LINE#         232
  C:2E4AH         LINE#         234
  -------         ENDPROC       BSP_INITKEYHARD
  -------         PROC          BSP_INITKEYVAR
  -------         DO            
  D:0007H         SYMBOL        i
  -------         ENDDO         
  C:1E51H         LINE#         244
  C:1E51H         LINE#         249
  C:1E55H         LINE#         250
  C:1E57H         LINE#         251
BL51 BANKED LINKER/LOCATER V6.22                                                      08/30/2017  23:22:33  PAGE 26


  C:1E59H         LINE#         254
  C:1E5AH         LINE#         255
  C:1E67H         LINE#         256
  C:1E71H         LINE#         257
  C:1E7BH         LINE#         261
  C:1E85H         LINE#         262
  C:1E8FH         LINE#         263
  C:1E94H         LINE#         266
  C:1E9EH         LINE#         267
  C:1EA8H         LINE#         268
  C:1EB2H         LINE#         269
  C:1EBCH         LINE#         270
  C:1EC6H         LINE#         271
  C:1ED0H         LINE#         272
  C:1EDAH         LINE#         273
  C:1EE4H         LINE#         274
  C:1EEEH         LINE#         275
  C:1EF8H         LINE#         276
  -------         ENDPROC       BSP_INITKEYVAR
  -------         PROC          _BSP_DETECTKEY
  X:0003H         SYMBOL        i
  C:16FCH         LINE#         287
  C:1701H         LINE#         288
  C:1715H         LINE#         289
  C:1721H         LINE#         290
  C:1738H         LINE#         291
  C:173DH         LINE#         292
  C:1746H         LINE#         293
  C:174EH         LINE#         294
  C:174EH         LINE#         295
  C:1756H         LINE#         296
  C:175DH         LINE#         299
  C:176AH         LINE#         300
  C:176AH         LINE#         302
  C:1789H         LINE#         303
  C:1796H         LINE#         305
  C:17ADH         LINE#         307
  C:17B7H         LINE#         308
  C:17B7H         LINE#         309
  C:17B9H         LINE#         310
  C:17C8H         LINE#         311
  C:17D4H         LINE#         312
  C:17DBH         LINE#         314
  C:17E8H         LINE#         315
  C:17E8H         LINE#         316
  C:17E8H         LINE#         317
  C:17E8H         LINE#         318
  C:17E8H         LINE#         319
  C:17E8H         LINE#         320
  C:17E8H         LINE#         321
  C:17FFH         LINE#         322
  C:1807H         LINE#         323
  C:180CH         LINE#         324
  C:1814H         LINE#         325
  C:1816H         LINE#         326
  C:181FH         LINE#         327
  C:1826H         LINE#         330
BL51 BANKED LINKER/LOCATER V6.22                                                      08/30/2017  23:22:33  PAGE 27


  C:1834H         LINE#         331
  C:1834H         LINE#         332
  C:1834H         LINE#         333
  C:1848H         LINE#         334
  C:184FH         LINE#         335
  C:184FH         LINE#         336
  -------         ENDPROC       _BSP_DETECTKEY
  -------         PROC          BSP_KEYSCAN
  -------         DO            
  X:0002H         SYMBOL        i
  -------         ENDDO         
  C:2B9BH         LINE#         346
  C:2B9BH         LINE#         349
  C:2BAAH         LINE#         350
  C:2BADH         LINE#         351
  C:2BB5H         LINE#         352
  -------         ENDPROC       BSP_KEYSCAN
  -------         ENDMOD        BSP_KEY

  -------         MODULE        BSP_DISPLAY
  C:0000H         SYMBOL        _ICE_DUMMY_
  C:2EA6H         PUBLIC        LCD_Show_BAZOOKA_ICO
  D:00B1H         PUBLIC        P0M1
  D:00B3H         PUBLIC        P1M1
  D:00B2H         PUBLIC        P0M2
  D:0080H         PUBLIC        P0
  D:00B5H         PUBLIC        P2M1
  D:00B4H         PUBLIC        P1M2
  D:0090H         PUBLIC        P1
  D:00B6H         PUBLIC        P2M2
  D:00ACH         PUBLIC        P3M1
  D:00A0H         PUBLIC        P2
  D:00DAH         PUBLIC        P4M1
  D:00B0H         PUBLIC        P3
  D:00ADH         PUBLIC        P3M2
  D:00DCH         PUBLIC        P5M1
  D:00DBH         PUBLIC        P4M2
  D:00DDH         PUBLIC        P5M2
  D:00D8H         PUBLIC        P5
  C:2E60H         PUBLIC        LCD_Show_FM_ICO
  D:00A8H         PUBLIC        IE
  C:2E4BH         PUBLIC        LCD_Clear_LED_ICO
  C:000EH         PUBLIC        LCD_Clear_All
  D:00B8H         PUBLIC        IP
  C:2EADH         PUBLIC        LCD_Clear_upColon_ICO
  C:2E83H         PUBLIC        LCD_Clear_USB_ICO
  C:2840H         PUBLIC        LCD_display_InitHard
  C:2E75H         PUBLIC        LCD_Clear_AUX_ICO
  C:2E91H         PUBLIC        LCD_Clear_MHZ_ICO
  C:2EC2H         PUBLIC        LCD_Show_downColon_ICO
  D:00FCH         PUBLIC        LCDDAT
  D:00FAH         PUBLIC        LCDCLK
  D:0098H         PUBLIC        SCON
  D:00F9H         PUBLIC        LCDCON
  D:0088H         PUBLIC        TCON
  C:2E67H         PUBLIC        LCD_Clear_BLUETooTH_ICO
  C:2EEEH         PUBLIC        LCD_Clear_Colon_ICO
BL51 BANKED LINKER/LOCATER V6.22                                                      08/30/2017  23:22:33  PAGE 28


  C:2E9FH         PUBLIC        LCD_Clear_BAZOOKA_ICO
  D:00F8H         PUBLIC        SCON_1
  C:2E52H         PUBLIC        LCD_Show_LED_ICO
  D:00FBH         PUBLIC        LCDPTR
  C:2E59H         PUBLIC        LCD_Clear_FM_ICO
  C:1EF9H         PUBLIC        _LCD_ShowString
  C:1BD5H         SYMBOL        _LCD_Clear_mi
  C:005EH         PUBLIC        _LCD_ShowChar
  C:2EB4H         PUBLIC        LCD_Show_upColon_ICO
  D:00E8H         PUBLIC        ADCCON0
  D:00C0H         PUBLIC        I2CON
  C:2E8AH         PUBLIC        LCD_Show_USB_ICO
  C:2E7CH         PUBLIC        LCD_Show_AUX_ICO
  C:2E98H         PUBLIC        LCD_Show_MHZ_ICO
  D:00E5H         PUBLIC        LCDSEG0
  D:00E6H         PUBLIC        LCDSEG1
  D:00E7H         PUBLIC        LCDSEG2
  D:00EEH         PUBLIC        LCDSEG3
  D:00C8H         PUBLIC        T2CON
  C:2E6EH         PUBLIC        LCD_Show_BLUETooTH_ICO
  C:2DABH         PUBLIC        LCD_Clear_mi_all
  C:2EF4H         PUBLIC        LCD_Show_Colon_ICO
  C:2EBBH         PUBLIC        LCD_Clear_downColon_ICO
  D:00D0H         PUBLIC        PSW
  -------         PROC          LCD_DISPLAY_INITHARD
  C:2840H         LINE#         16
  C:2840H         LINE#         19
  C:2843H         LINE#         20
  C:2846H         LINE#         22
  C:2848H         LINE#         23
  C:284BH         LINE#         25
  C:284DH         LINE#         26
  C:2850H         LINE#         28
  C:2852H         LINE#         29
  C:2855H         LINE#         31
  C:2857H         LINE#         32
  C:285AH         LINE#         34
  C:285CH         LINE#         35
  C:285FH         LINE#         39
  C:2861H         LINE#         41
  C:2864H         LINE#         44
  C:2867H         LINE#         45
  C:286AH         LINE#         46
  C:286DH         LINE#         47
  C:2870H         LINE#         49
  C:2873H         LINE#         51
  -------         ENDPROC       LCD_DISPLAY_INITHARD
  -------         PROC          LCD_CLEAR_ALL
  -------         DO            
  D:0007H         SYMBOL        i
  -------         ENDDO         
  C:000EH         LINE#         54
  C:000EH         LINE#         56
  C:0010H         LINE#         57
  C:0012H         LINE#         58
  C:0015H         LINE#         59
  C:001AH         LINE#         60
BL51 BANKED LINKER/LOCATER V6.22                                                      08/30/2017  23:22:33  PAGE 29


  -------         ENDPROC       LCD_CLEAR_ALL
  -------         PROC          LCD_CLEAR_LED_ICO
  C:2E4BH         LINE#         62
  C:2E4BH         LINE#         63
  C:2E4EH         LINE#         64
  C:2E51H         LINE#         65
  -------         ENDPROC       LCD_CLEAR_LED_ICO
  -------         PROC          LCD_SHOW_LED_ICO
  C:2E52H         LINE#         66
  C:2E52H         LINE#         67
  C:2E55H         LINE#         68
  C:2E58H         LINE#         69
  -------         ENDPROC       LCD_SHOW_LED_ICO
  -------         PROC          LCD_CLEAR_FM_ICO
  C:2E59H         LINE#         70
  C:2E59H         LINE#         71
  C:2E5CH         LINE#         72
  C:2E5FH         LINE#         73
  -------         ENDPROC       LCD_CLEAR_FM_ICO
  -------         PROC          LCD_SHOW_FM_ICO
  C:2E60H         LINE#         74
  C:2E60H         LINE#         75
  C:2E63H         LINE#         76
  C:2E66H         LINE#         77
  -------         ENDPROC       LCD_SHOW_FM_ICO
  -------         PROC          LCD_CLEAR_BLUETOOTH_ICO
  C:2E67H         LINE#         78
  C:2E67H         LINE#         79
  C:2E6AH         LINE#         80
  C:2E6DH         LINE#         81
  -------         ENDPROC       LCD_CLEAR_BLUETOOTH_ICO
  -------         PROC          LCD_SHOW_BLUETOOTH_ICO
  C:2E6EH         LINE#         82
  C:2E6EH         LINE#         83
  C:2E71H         LINE#         84
  C:2E74H         LINE#         85
  -------         ENDPROC       LCD_SHOW_BLUETOOTH_ICO
  -------         PROC          LCD_CLEAR_AUX_ICO
  C:2E75H         LINE#         86
  C:2E75H         LINE#         87
  C:2E78H         LINE#         88
  C:2E7BH         LINE#         89
  -------         ENDPROC       LCD_CLEAR_AUX_ICO
  -------         PROC          LCD_SHOW_AUX_ICO
  C:2E7CH         LINE#         90
  C:2E7CH         LINE#         91
  C:2E7FH         LINE#         92
  C:2E82H         LINE#         93
  -------         ENDPROC       LCD_SHOW_AUX_ICO
  -------         PROC          LCD_CLEAR_USB_ICO
  C:2E83H         LINE#         94
  C:2E83H         LINE#         95
  C:2E86H         LINE#         96
  C:2E89H         LINE#         97
  -------         ENDPROC       LCD_CLEAR_USB_ICO
  -------         PROC          LCD_SHOW_USB_ICO
  C:2E8AH         LINE#         98
BL51 BANKED LINKER/LOCATER V6.22                                                      08/30/2017  23:22:33  PAGE 30


  C:2E8AH         LINE#         99
  C:2E8DH         LINE#         100
  C:2E90H         LINE#         101
  -------         ENDPROC       LCD_SHOW_USB_ICO
  -------         PROC          LCD_CLEAR_MHZ_ICO
  C:2E91H         LINE#         102
  C:2E91H         LINE#         103
  C:2E94H         LINE#         104
  C:2E97H         LINE#         105
  -------         ENDPROC       LCD_CLEAR_MHZ_ICO
  -------         PROC          LCD_SHOW_MHZ_ICO
  C:2E98H         LINE#         106
  C:2E98H         LINE#         107
  C:2E9BH         LINE#         108
  C:2E9EH         LINE#         109
  -------         ENDPROC       LCD_SHOW_MHZ_ICO
  -------         PROC          LCD_CLEAR_BAZOOKA_ICO
  C:2E9FH         LINE#         110
  C:2E9FH         LINE#         111
  C:2EA2H         LINE#         112
  C:2EA5H         LINE#         113
  -------         ENDPROC       LCD_CLEAR_BAZOOKA_ICO
  -------         PROC          LCD_SHOW_BAZOOKA_ICO
  C:2EA6H         LINE#         114
  C:2EA6H         LINE#         115
  C:2EA9H         LINE#         116
  C:2EACH         LINE#         117
  -------         ENDPROC       LCD_SHOW_BAZOOKA_ICO
  -------         PROC          LCD_CLEAR_UPCOLON_ICO
  C:2EADH         LINE#         123
  C:2EADH         LINE#         124
  C:2EB0H         LINE#         125
  C:2EB3H         LINE#         126
  -------         ENDPROC       LCD_CLEAR_UPCOLON_ICO
  -------         PROC          LCD_SHOW_UPCOLON_ICO
  C:2EB4H         LINE#         127
  C:2EB4H         LINE#         128
  C:2EB7H         LINE#         129
  C:2EBAH         LINE#         130
  -------         ENDPROC       LCD_SHOW_UPCOLON_ICO
  -------         PROC          LCD_CLEAR_DOWNCOLON_ICO
  C:2EBBH         LINE#         131
  C:2EBBH         LINE#         132
  C:2EBEH         LINE#         133
  C:2EC1H         LINE#         134
  -------         ENDPROC       LCD_CLEAR_DOWNCOLON_ICO
  -------         PROC          LCD_SHOW_DOWNCOLON_ICO
  C:2EC2H         LINE#         135
  C:2EC2H         LINE#         136
  C:2EC5H         LINE#         137
  C:2EC8H         LINE#         138
  -------         ENDPROC       LCD_SHOW_DOWNCOLON_ICO
  -------         PROC          LCD_CLEAR_COLON_ICO
  C:2EEEH         LINE#         139
  C:2EEEH         LINE#         140
  C:2EF1H         LINE#         141
  -------         ENDPROC       LCD_CLEAR_COLON_ICO
BL51 BANKED LINKER/LOCATER V6.22                                                      08/30/2017  23:22:33  PAGE 31


  -------         PROC          LCD_SHOW_COLON_ICO
  C:2EF4H         LINE#         143
  C:2EF4H         LINE#         144
  C:2EF7H         LINE#         145
  -------         ENDPROC       LCD_SHOW_COLON_ICO
  -------         PROC          _LCD_CLEAR_MI
  D:0007H         SYMBOL        n
  C:1BD5H         LINE#         147
  C:1BD5H         LINE#         148
  C:1BFDH         LINE#         149
  C:1BFDH         LINE#         150
  C:1C00H         LINE#         151
  C:1C03H         LINE#         153
  C:1C06H         LINE#         154
  C:1C09H         LINE#         156
  C:1C0CH         LINE#         157
  C:1C0FH         LINE#         159
  C:1C12H         LINE#         160
  C:1C12H         LINE#         161
  C:1C15H         LINE#         162
  C:1C15H         LINE#         163
  C:1C18H         LINE#         164
[...]
  -------         PROC          _INITIALUART0_TIMER1_TYPE4
  D:0004H         SYMBOL        u32Baudrate
  C:2905H         LINE#         200
  C:2905H         LINE#         201
  C:2905H         LINE#         202
  C:2908H         LINE#         203
  C:290BH         LINE#         205
  C:290EH         LINE#         206
  C:2911H         LINE#         207
  C:2914H         LINE#         210
  C:292CH         LINE#         215
  C:292EH         LINE#         216
  -------         ENDPROC       _INITIALUART0_TIMER1_TYPE4
  -------         PROC          _INITIALUART0_TIMER3_TYPE5
  X:00ADH         SYMBOL        u32Baudrate
  C:2308H         LINE#         218
  C:230EH         LINE#         219
  C:230EH         LINE#         220
  C:2311H         LINE#         221
  C:2314H         LINE#         222
  C:2317H         LINE#         223
  C:231AH         LINE#         226
  C:2348H         LINE#         227
  C:2367H         LINE#         233
  C:236AH         LINE#         234
  -------         ENDPROC       _INITIALUART0_TIMER3_TYPE5
  -------         PROC          _INITIALUART0_TIMER3_TYPE6
  X:00B1H         SYMBOL        u32Baudrate
BL51 BANKED LINKER/LOCATER V6.22                                                      08/30/2017  23:22:33  PAGE 60


  C:236BH         LINE#         236
  C:2371H         LINE#         237
  C:2371H         LINE#         238
  C:2374H         LINE#         239
  C:2377H         LINE#         240
  C:237AH         LINE#         241
  C:237DH         LINE#         244
  C:23ABH         LINE#         245
  C:23CAH         LINE#         251
  C:23CDH         LINE#         252
  -------         ENDPROC       _INITIALUART0_TIMER3_TYPE6
  -------         PROC          _INITIALUART1_TIMER3
  X:00B5H         SYMBOL        u32Baudrate
  C:248EH         LINE#         254
  C:2494H         LINE#         255
  C:2494H         LINE#         256
  C:2497H         LINE#         257
  C:249AH         LINE#         260
  C:24C8H         LINE#         261
  C:24E7H         LINE#         267
  C:24EAH         LINE#         268
  -------         ENDPROC       _INITIALUART1_TIMER3
  -------         PROC          RECEIVE_DATA_FROM_UART0
  -------         DO            
  D:0007H         SYMBOL        c
  -------         ENDDO         
  C:2E16H         LINE#         280
  C:2E16H         LINE#         283
  C:2E19H         LINE#         285
  C:2E1BH         LINE#         286
  C:2E1DH         LINE#         287
  C:2E1DH         LINE#         288
  -------         ENDPROC       RECEIVE_DATA_FROM_UART0
  -------         PROC          _SEND_DATA_TO_UART0
  D:0007H         SYMBOL        c
  C:2E1EH         LINE#         300
  C:2E1EH         LINE#         301
  C:2E20H         LINE#         302
  C:2E22H         LINE#         303
  C:2E25H         LINE#         305
  -------         ENDPROC       _SEND_DATA_TO_UART0
  -------         PROC          RECEIVE_DATA_FROM_UART1
  -------         DO            
  D:0007H         SYMBOL        c
  -------         ENDDO         
  C:2E26H         LINE#         317
  C:2E26H         LINE#         320
  C:2E29H         LINE#         322
  C:2E2BH         LINE#         323
  C:2E2DH         LINE#         324
  C:2E2DH         LINE#         325
  -------         ENDPROC       RECEIVE_DATA_FROM_UART1
  -------         PROC          _SEND_DATA_TO_UART1
  D:0007H         SYMBOL        c
  C:2E2EH         LINE#         337
  C:2E2EH         LINE#         338
  C:2E30H         LINE#         339
BL51 BANKED LINKER/LOCATER V6.22                                                      08/30/2017  23:22:33  PAGE 61


  C:2E32H         LINE#         340
  C:2E35H         LINE#         342
  -------         ENDPROC       _SEND_DATA_TO_UART1
  -------         PROC          SET_ALL_GPIO_QUASI_MODE
  C:2BB6H         LINE#         344
  C:2BB6H         LINE#         345
  C:2BB9H         LINE#         346
  C:2BBBH         LINE#         347
  C:2BBDH         LINE#         348
  C:2BBFH         LINE#         349
  C:2BC1H         LINE#         350
  C:2BC3H         LINE#         351
  C:2BC5H         LINE#         352
  C:2BC7H         LINE#         353
  C:2BC9H         LINE#         354
  C:2BCBH         LINE#         355
  C:2BCDH         LINE#         356
  C:2BCFH         LINE#         357
  -------         ENDPROC       SET_ALL_GPIO_QUASI_MODE
  -------         PROC          SET_ALL_GPIO_INPUT_MODE
  C:2B0BH         LINE#         359
  C:2B0BH         LINE#         360
  C:2B0EH         LINE#         361
  C:2B11H         LINE#         362
  C:2B14H         LINE#         363
  C:2B16H         LINE#         364
  C:2B19H         LINE#         365
  C:2B1BH         LINE#         366
  C:2B1EH         LINE#         367
  C:2B20H         LINE#         368
  C:2B23H         LINE#         369
  C:2B25H         LINE#         370
  C:2B28H         LINE#         371
  C:2B2AH         LINE#         372
  -------         ENDPROC       SET_ALL_GPIO_INPUT_MODE
  -------         PROC          SW_RESET
  C:2BD0H         LINE#         375
  C:2BD0H         LINE#         376
  C:2BD3H         LINE#         377
  C:2BD6H         LINE#         378
  C:2BE9H         LINE#         380
  -------         ENDPROC       SW_RESET
  -------         PROC          FSYS_CLOCK_OUTPUT_ON_P26
  C:2F00H         LINE#         382
  C:2F00H         LINE#         383
  C:2F03H         LINE#         384
  -------         ENDPROC       FSYS_CLOCK_OUTPUT_ON_P26
  -------         PROC          _PUTCHAR
  D:0007H         SYMBOL        c
  C:2803H         LINE#         393
  C:2803H         LINE#         431
  C:2808H         LINE#         432
  C:280BH         LINE#         433
  C:2810H         LINE#         434
  C:2810H         LINE#         435
  C:2812H         LINE#         436
  C:2815H         LINE#         438
BL51 BANKED LINKER/LOCATER V6.22                                                      08/30/2017  23:22:33  PAGE 62


  C:281AH         LINE#         439
  C:281CH         LINE#         440
  C:281CH         LINE#         441
  C:281CH         LINE#         442
  C:281FH         LINE#         444
  C:2821H         LINE#         445
  C:2824H         LINE#         446
  C:2824H         LINE#         447
  C:2827H         LINE#         448
  C:282CH         LINE#         449
  C:282CH         LINE#         450
  C:282EH         LINE#         451
  C:2831H         LINE#         453
  C:2836H         LINE#         454
  C:2838H         LINE#         455
  C:2838H         LINE#         456
  C:2838H         LINE#         457
  C:283BH         LINE#         459
  C:283DH         LINE#         460
  C:283FH         LINE#         462
  -------         ENDPROC       _PUTCHAR
  -------         ENDMOD        COMMON

  -------         MODULE        DELAY
  C:0000H         SYMBOL        _ICE_DUMMY_
  D:0080H         PUBLIC        P0
  D:0090H         PUBLIC        P1
  D:00A0H         PUBLIC        P2
  D:00B0H         PUBLIC        P3
  D:008FH         PUBLIC        WKCON
  D:00D8H         PUBLIC        P5
  D:00A8H         PUBLIC        IE
  D:00B8H         PUBLIC        IP
  C:25A2H         PUBLIC        _Timer0_Delay1ms
  C:25FBH         PUBLIC        _Timer1_Delay1ms
  C:2547H         PUBLIC        _Timer3_Delay1ms
  D:0098H         PUBLIC        SCON
  D:0089H         PUBLIC        TMOD
  D:0088H         PUBLIC        TCON
  C:20C1H         PUBLIC        _?Random_Delay
  C:2AEAH         PUBLIC        _Delay10us
  D:00F8H         PUBLIC        SCON_1
  B:0088H.5       PUBLIC        TF0
  B:0088H.7       PUBLIC        TF1
  D:008CH         PUBLIC        TH0
  D:00C6H         PUBLIC        R3H
  D:008DH         PUBLIC        TH1
  D:008AH         PUBLIC        TL0
  C:23CEH         PUBLIC        _WakeUp_Timer_Delay25ms
  D:00C5H         PUBLIC        R3L
  D:008BH         PUBLIC        TL1
  B:0088H.4       PUBLIC        TR0
  B:0088H.6       PUBLIC        TR1
  D:00E8H         PUBLIC        ADCCON0
  D:00C0H         PUBLIC        I2CON
  D:00C8H         PUBLIC        T2CON
  D:00C4H         PUBLIC        T3CON
BL51 BANKED LINKER/LOCATER V6.22                                                      08/30/2017  23:22:33  PAGE 63


  D:008EH         PUBLIC        CKCON
  D:0086H         PUBLIC        RWK
  D:00D0H         PUBLIC        PSW
  -------         PROC          _?RANDOM_DELAY
  -------         DO            
  x:0000H         SYMBOL        u32CNT
  x:0004H         SYMBOL        u32Tmp
  -------         ENDDO         
  C:20C1H         LINE#         36
  C:20C7H         LINE#         37
  C:20C7H         LINE#         41
  C:20F2H         LINE#         42
  C:20F2H         LINE#         43
  C:2117H         LINE#         44
  C:213EH         LINE#         45
  -------         ENDPROC       _?RANDOM_DELAY
  -------         PROC          _DELAY10US
  D:0006H         SYMBOL        u16CNT
  C:2AEAH         LINE#         47
  C:2AEAH         LINE#         48
  C:2AEDH         LINE#         49
  C:2AF0H         LINE#         50
  C:2AF2H         LINE#         51
  C:2AF6H         LINE#         52
  C:2AF9H         LINE#         53
  C:2AFCH         LINE#         54
  C:2AFFH         LINE#         56
  C:2B01H         LINE#         57
  C:2B06H         LINE#         58
  C:2B08H         LINE#         59
  C:2B0AH         LINE#         60
  -------         ENDPROC       _DELAY10US
  -------         PROC          _TIMER0_DELAY1MS
  X:00B9H         SYMBOL        u32CNT
  C:25A2H         LINE#         62
  C:25A8H         LINE#         63
  C:25ABH         LINE#         64
  C:25AEH         LINE#         65
  C:25B0H         LINE#         66
  C:25C9H         LINE#         67
  C:25CCH         LINE#         68
  C:25CFH         LINE#         69
  C:25D2H         LINE#         71
  C:25D4H         LINE#         72
  C:25F6H         LINE#         73
  C:25F8H         LINE#         74
  C:25FAH         LINE#         75
  -------         ENDPROC       _TIMER0_DELAY1MS
  -------         PROC          _TIMER1_DELAY1MS
  X:00BDH         SYMBOL        u32CNT
  C:25FBH         LINE#         77
  C:2601H         LINE#         78
  C:2604H         LINE#         79
  C:2607H         LINE#         80
  C:2609H         LINE#         81
  C:2622H         LINE#         82
  C:2625H         LINE#         83
BL51 BANKED LINKER/LOCATER V6.22                                                      08/30/2017  23:22:33  PAGE 64


  C:2628H         LINE#         84
  C:262BH         LINE#         86
  C:262DH         LINE#         87
  C:264FH         LINE#         88
  C:2651H         LINE#         89
  C:2653H         LINE#         90
  -------         ENDPROC       _TIMER1_DELAY1MS
  -------         PROC          _TIMER3_DELAY1MS
  X:00C1H         SYMBOL        u32CNT
  C:2547H         LINE#         92
  C:254DH         LINE#         93
  C:2550H         LINE#         94
  C:2553H         LINE#         95
  C:256CH         LINE#         96
  C:256FH         LINE#         97
  C:2572H         LINE#         98
  C:2577H         LINE#         100
  C:257AH         LINE#         101
  C:259CH         LINE#         102
  C:259EH         LINE#         103
  C:25A1H         LINE#         104
  -------         ENDPROC       _TIMER3_DELAY1MS
  -------         PROC          _WAKEUP_TIMER_DELAY25MS
  X:00C5H         SYMBOL        u32CNT
  C:23CEH         LINE#         106
  C:23D4H         LINE#         107
  C:23D4H         LINE#         108
  C:23D7H         LINE#         109
  C:23DAH         LINE#         110
  C:23DDH         LINE#         112
  C:23E0H         LINE#         114
  C:23E3H         LINE#         115
  C:23E6H         LINE#         116
  C:23FFH         LINE#         117
  C:2404H         LINE#         119
  C:2407H         LINE#         120
  C:2429H         LINE#         121
  C:242BH         LINE#         122
  C:242EH         LINE#         123
  -------         ENDPROC       _WAKEUP_TIMER_DELAY25MS
  -------         ENDMOD        DELAY

  -------         MODULE        VERSION
  C:0000H         SYMBOL        _ICE_DUMMY_
  D:0080H         PUBLIC        P0
  D:0090H         PUBLIC        P1
  D:00A0H         PUBLIC        P2
  D:00B0H         PUBLIC        P3
  D:00D8H         PUBLIC        P5
  D:00A8H         PUBLIC        IE
  D:00B8H         PUBLIC        IP
  D:0098H         PUBLIC        SCON
  D:0088H         PUBLIC        TCON
  D:00F8H         PUBLIC        SCON_1
  C:242FH         PUBLIC        Show_FW_Version_Number_To_PC
  D:00E8H         PUBLIC        ADCCON0
  D:00C0H         PUBLIC        I2CON
BL51 BANKED LINKER/LOCATER V6.22                                                      08/30/2017  23:22:33  PAGE 65


  D:00C8H         PUBLIC        T2CON
  D:00D0H         PUBLIC        PSW
  -------         PROC          SHOW_FW_VERSION_NUMBER_TO_PC
  C:242FH         LINE#         32
  C:242FH         LINE#         33
  C:242FH         LINE#         34
  C:2438H         LINE#         35
  C:2441H         LINE#         36
  C:244AH         LINE#         37
  C:2464H         LINE#         38
  C:2485H         LINE#         39
  -------         ENDPROC       SHOW_FW_VERSION_NUMBER_TO_PC
  -------         ENDMOD        VERSION

  -------         MODULE        ?C_STARTUP
  C:1F9BH         SEGMENT       ?C_C51STARTUP
  I:00C8H         SEGMENT       ?STACK
  C:0000H         PUBLIC        ?C_STARTUP
  D:00E0H         SYMBOL        ACC
  D:00F0H         SYMBOL        B
  D:0083H         SYMBOL        DPH
  D:0082H         SYMBOL        DPL
  N:0000H         SYMBOL        IBPSTACK
  N:0100H         SYMBOL        IBPSTACKTOP
  N:0080H         SYMBOL        IDATALEN
  C:1F9EH         SYMBOL        IDATALOOP
  N:0000H         SYMBOL        PBPSTACK
  N:0000H         SYMBOL        PBPSTACKTOP
  N:0000H         SYMBOL        PDATALEN
  N:0000H         SYMBOL        PDATASTART
  N:0000H         SYMBOL        PPAGE
  N:0000H         SYMBOL        PPAGEENABLE
  D:00A0H         SYMBOL        PPAGE_SFR
  D:0081H         SYMBOL        SP
  C:1F9BH         SYMBOL        STARTUP1
  N:0000H         SYMBOL        XBPSTACK
  N:0000H         SYMBOL        XBPSTACKTOP
  N:00FFH         SYMBOL        XDATALEN
  C:1FA9H         SYMBOL        XDATALOOP
  N:0000H         SYMBOL        XDATASTART
  C:0000H         LINE#         92
  C:1F9BH         LINE#         99
  C:1F9DH         LINE#         100
  C:1F9EH         LINE#         101
  C:1F9FH         LINE#         102
  C:1FA1H         LINE#         106
  C:1FA4H         LINE#         107
  C:1FA6H         LINE#         109
  C:1FA8H         LINE#         113
  C:1FA9H         LINE#         114
  C:1FAAH         LINE#         115
  C:1FABH         LINE#         116
  C:1FADH         LINE#         117
  C:1FAFH         LINE#         151
  C:1FB2H         LINE#         155
  -------         ENDMOD        ?C_STARTUP

BL51 BANKED LINKER/LOCATER V6.22                                                      08/30/2017  23:22:33  PAGE 66


  -------         MODULE        ?C?COPY
  C:0A28H         PUBLIC        ?C?COPY
  -------         ENDMOD        ?C?COPY

  -------         MODULE        ?C?CLDPTR
  C:0A4EH         PUBLIC        ?C?CLDPTR
  -------         ENDMOD        ?C?CLDPTR

  -------         MODULE        ?C?CLDOPTR
  C:0A67H         PUBLIC        ?C?CLDOPTR
  -------         ENDMOD        ?C?CLDOPTR

  -------         MODULE        ?C?CILDOPTR
  C:0A94H         PUBLIC        ?C?CILDOPTR
  -------         ENDMOD        ?C?CILDOPTR

  -------         MODULE        ?C?CSTPTR
  C:0AC7H         PUBLIC        ?C?CSTPTR
  -------         ENDMOD        ?C?CSTPTR

  -------         MODULE        ?C?CSTOPTR
  C:0AD9H         PUBLIC        ?C?CSTOPTR
  -------         ENDMOD        ?C?CSTOPTR

  -------         MODULE        ?C?IILDX
  C:0AFBH         PUBLIC        ?C?IILDX
  -------         ENDMOD        ?C?IILDX

  -------         MODULE        ?C?ILDOPTR
  C:0B11H         PUBLIC        ?C?ILDOPTR
  -------         ENDMOD        ?C?ILDOPTR

  -------         MODULE        ?C?IILDOPTR
  C:0B49H         PUBLIC        ?C?IILDOPTR
  -------         ENDMOD        ?C?IILDOPTR

  -------         MODULE        ?C?ISTOPTR
  C:0B96H         PUBLIC        ?C?ISTOPTR
  -------         ENDMOD        ?C?ISTOPTR

  -------         MODULE        ?C?ULDIV
  C:0BFFH         PUBLIC        ?C?ULDIV
  -------         ENDMOD        ?C?ULDIV

  -------         MODULE        ?C?ULCMP
  C:0C91H         PUBLIC        ?C?ULCMP
  -------         ENDMOD        ?C?ULCMP

  -------         MODULE        ?C?ULSHR
  C:0CA2H         PUBLIC        ?C?ULSHR
  -------         ENDMOD        ?C?ULSHR

  -------         MODULE        ?C?LSTXDATA
  C:0CB5H         PUBLIC        ?C?LSTXDATA
  -------         ENDMOD        ?C?LSTXDATA

  -------         MODULE        ?C?LSTKXDATA
BL51 BANKED LINKER/LOCATER V6.22                                                      08/30/2017  23:22:33  PAGE 67


  C:0CC1H         PUBLIC        ?C?LSTKXDATA
  -------         ENDMOD        ?C?LSTKXDATA

  -------         MODULE        ?C?PLDPTR
  C:0CF2H         PUBLIC        ?C?PLDPTR
  -------         ENDMOD        ?C?PLDPTR

  -------         MODULE        ?C?CCASE
  C:0D12H         PUBLIC        ?C?CCASE
  -------         ENDMOD        ?C?CCASE

  -------         MODULE        ?C?ICALL
  C:0D38H         PUBLIC        ?C?ICALL
  C:0D3CH         PUBLIC        ?C?ICALL2
  -------         ENDMOD        ?C?ICALL

  -------         MODULE        ?C_XBP
  D:000DH         PUBLIC        ?C_XBP
  -------         ENDMOD        ?C_XBP

  -------         MODULE        ?C?ADDXBP
  C:0D3EH         PUBLIC        ?C?ADDXBP
  -------         ENDMOD        ?C?ADDXBP

  -------         MODULE        ?C?XBPOFF
  C:0D62H         PUBLIC        ?C?XBPOFF
  -------         ENDMOD        ?C?XBPOFF

  -------         MODULE        PRINTF
  X:0018H         PUBLIC        ?_PRINTF517?BYTE
  X:0018H         PUBLIC        ?_PRINTF?BYTE
  X:0018H         PUBLIC        ?_SPRINTF517?BYTE
  X:0018H         PUBLIC        ?_SPRINTF?BYTE
  C:11DFH         PUBLIC        _PRINTF
  C:11DFH         PUBLIC        _PRINTF517
  C:11D9H         PUBLIC        _SPRINTF
  C:11D9H         PUBLIC        _SPRINTF517
  -------         ENDMOD        PRINTF

  -------         MODULE        STRLEN
  C:2C47H         PUBLIC        _STRLEN
  -------         ENDMOD        STRLEN

  -------         MODULE        ?C?MEMSET
  C:0D6FH         PUBLIC        ?C?MEMSET
  -------         ENDMOD        ?C?MEMSET

  -------         MODULE        ?C?PLDIDATA
  C:0D9BH         PUBLIC        ?C?PLDIDATA
  -------         ENDMOD        ?C?PLDIDATA

  -------         MODULE        ?C?PLDXDATA
  C:0DA4H         PUBLIC        ?C?PLDXDATA
  -------         ENDMOD        ?C?PLDXDATA

  -------         MODULE        ?C?PLDIXDATA
  C:0DADH         PUBLIC        ?C?PLDIXDATA
BL51 BANKED LINKER/LOCATER V6.22                                                      08/30/2017  23:22:33  PAGE 68


  -------         ENDMOD        ?C?PLDIXDATA

  -------         MODULE        ?C?PSTXDATA
  C:0DC4H         PUBLIC        ?C?PSTXDATA
  -------         ENDMOD        ?C?PSTXDATA

  -------         MODULE        ?C?PLDPDATA
  C:0DCDH         PUBLIC        ?C?PLDPDATA
  -------         ENDMOD        ?C?PLDPDATA

  -------         MODULE        ?C?PLDCODE
  C:0DD6H         PUBLIC        ?C?PLDCODE
  -------         ENDMOD        ?C?PLDCODE

Program Size: data=199.4 xdata=202 code=12063
LINK/LOCATE RUN COMPLETE.  0 WARNING(S),  0 ERROR(S)
