BL51 BANKED LINKER/LOCATER V6.22                                                        12/06/2017  17:03:25  PAGE 1


BL51 BANKED LINKER/LOCATER V6.22, INVOKED BY:
C:\KEIL_V5\C51\BIN\BL51.EXE .\Out\Objects\main.obj, .\Out\Objects\app_key.obj, .\Out\Objects\app_work.obj, .\Out\Objects
>> \app_repeat_exe.obj, .\Out\Objects\app_2d4.obj, .\Out\Objects\app_lcd.obj, .\Out\Objects\bsp.obj, .\Out\Objects\bsp_k
>> ey.obj, .\Out\Objects\bsp_display.obj, .\Out\Objects\bsp_timer0.obj, .\Out\Objects\bsp_adc.obj, .\Out\Objects\bsp_key
>> Bright.obj, .\Out\Objects\bsp_lcdBright.obj, .\Out\Objects\bsp_2d4.obj, .\Out\Objects\Common.obj, .\Out\Objects\Delay
>> .obj, .\Out\Objects\Version.obj, .\Out\Objects\STARTUP.obj TO .\Out\Objects\project PRINT (.\Out\Listings\project.m51
>> ) RAMSIZE (256) DISABLEWARNING (16)


MEMORY MODEL: LARGE


INPUT MODULES INCLUDED:
  .\Out\Objects\main.obj (MAIN)
  .\Out\Objects\app_key.obj (APP_KEY)
  .\Out\Objects\app_work.obj (APP_WORK)
  .\Out\Objects\app_repeat_exe.obj (APP_REPEAT_EXE)
  .\Out\Objects\app_2d4.obj (APP_2D4)
  .\Out\Objects\app_lcd.obj (APP_LCD)
  .\Out\Objects\bsp.obj (BSP)
  .\Out\Objects\bsp_key.obj (BSP_KEY)
  .\Out\Objects\bsp_display.obj (BSP_DISPLAY)
  .\Out\Objects\bsp_timer0.obj (BSP_TIMER0)
  .\Out\Objects\bsp_adc.obj (BSP_ADC)
  .\Out\Objects\bsp_keyBright.obj (BSP_KEYBRIGHT)
  .\Out\Objects\bsp_lcdBright.obj (BSP_LCDBRIGHT)
  .\Out\Objects\bsp_2d4.obj (BSP_2D4)
  .\Out\Objects\Common.obj (COMMON)
  .\Out\Objects\Delay.obj (DELAY)
  .\Out\Objects\Version.obj (VERSION)
  .\Out\Objects\STARTUP.obj (?C_STARTUP)
  C:\KEIL_V5\C51\LIB\C51L.LIB (?C_INIT)
  C:\KEIL_V5\C51\LIB\C51L.LIB (?C?COPY)
  C:\KEIL_V5\C51\LIB\C51L.LIB (?C?CLDPTR)
  C:\KEIL_V5\C51\LIB\C51L.LIB (?C?CLDOPTR)
  C:\KEIL_V5\C51\LIB\C51L.LIB (?C?CILDOPTR)
  C:\KEIL_V5\C51\LIB\C51L.LIB (?C?CSTOPTR)
  C:\KEIL_V5\C51\LIB\C51L.LIB (?C?IILDX)
  C:\KEIL_V5\C51\LIB\C51L.LIB (?C?ILDOPTR)
  C:\KEIL_V5\C51\LIB\C51L.LIB (?C?IILDOPTR)
  C:\KEIL_V5\C51\LIB\C51L.LIB (?C?ISTOPTR)
  C:\KEIL_V5\C51\LIB\C51L.LIB (?C?ULDIV)
  C:\KEIL_V5\C51\LIB\C51L.LIB (?C?ULCMP)
  C:\KEIL_V5\C51\LIB\C51L.LIB (?C?ULSHR)
  C:\KEIL_V5\C51\LIB\C51L.LIB (?C?LSTXDATA)
  C:\KEIL_V5\C51\LIB\C51L.LIB (?C?LSTKXDATA)
  C:\KEIL_V5\C51\LIB\C51L.LIB (?C?PLDPTR)
  C:\KEIL_V5\C51\LIB\C51L.LIB (?C?CCASE)
  C:\KEIL_V5\C51\LIB\C51L.LIB (?C?ICALL)
  C:\KEIL_V5\C51\LIB\C51L.LIB (?C_XBP)
  C:\KEIL_V5\C51\LIB\C51L.LIB (?C?ADDXBP)
  C:\KEIL_V5\C51\LIB\C51L.LIB (?C?XBPOFF)
  C:\KEIL_V5\C51\LIB\C51L.LIB (PRINTF)
  C:\KEIL_V5\C51\LIB\C51L.LIB (?C?STRCPY)
  C:\KEIL_V5\C51\LIB\C51L.LIB (STRNCPY)
  C:\KEIL_V5\C51\LIB\C51L.LIB (STRLEN)
  C:\KEIL_V5\C51\LIB\C51L.LIB (?C?MEMSET)
  C:\KEIL_V5\C51\LIB\C51L.LIB (?C?CSTPTR)
BL51 BANKED LINKER/LOCATER V6.22                                                      12/06/2017  17:03:25  PAGE 2


  C:\KEIL_V5\C51\LIB\C51L.LIB (?C?ILDIX)
  C:\KEIL_V5\C51\LIB\C51L.LIB (?C?PLDIDATA)
  C:\KEIL_V5\C51\LIB\C51L.LIB (?C?PLDXDATA)
  C:\KEIL_V5\C51\LIB\C51L.LIB (?C?PLDIXDATA)
  C:\KEIL_V5\C51\LIB\C51L.LIB (?C?PSTXDATA)
  C:\KEIL_V5\C51\LIB\C51L.LIB (?C?PLDPDATA)
  C:\KEIL_V5\C51\LIB\C51L.LIB (?C?PLDCODE)


LINK MAP OF MODULE:  .\Out\Objects\project (MAIN)


            TYPE    BASE      LENGTH    RELOCATION   SEGMENT NAME
            -----------------------------------------------------

            * * * * * * *   D A T A   M E M O R Y   * * * * * * *
            REG     0000H     0008H     ABSOLUTE     "REG BANK 0"
            DATA    0008H     0005H     UNIT         _DATA_GROUP_
            DATA    000DH     0002H     UNIT         ?C?LIB_DATA
            IDATA   000FH     0007H     UNIT         ?ID?APP_WORK
            IDATA   0016H     0005H     UNIT         ?ID?BSP_ADC
                    001BH     0005H                  *** GAP ***
            BIT     0020H.0   0001H.1   UNIT         _BIT_GROUP_
            BIT     0021H.1   0000H.1   UNIT         ?BI?APP_2D4
            BIT     0021H.2   0000H.1   UNIT         ?BI?BSP
                    0021H.3   0000H.5                *** GAP ***
            IDATA   0022H     007BH     UNIT         ?ID?BSP_KEY
            IDATA   009DH     0021H     UNIT         ?ID?APP_2D4
            IDATA   00BEH     0001H     UNIT         ?STACK

            * * * * * * *  X D A T A   M E M O R Y  * * * * * * *
            XDATA   0000H     0041H     UNIT         _XDATA_GROUP_
            XDATA   0041H     0013H     UNIT         ?XD?_RF_CARRIER?BSP_2D4
            XDATA   0054H     0012H     UNIT         ?XD?APP_REPEAT_EXE
            XDATA   0066H     0011H     UNIT         ?XD?APP_LCD
            XDATA   0077H     0010H     UNIT         ?XD?APP_2D4
            XDATA   0087H     000BH     UNIT         ?XD?BSP_TIMER0
            XDATA   0092H     0007H     UNIT         ?XD?BSP_KEY
            XDATA   0099H     0005H     UNIT         ?XD?BSP_2D4
            XDATA   009EH     0004H     UNIT         ?XD?_INITIALUART0_TIMER3_TYPE5?COMMON
            XDATA   00A2H     0004H     UNIT         ?XD?_INITIALUART0_TIMER3_TYPE6?COMMON
            XDATA   00A6H     0004H     UNIT         ?XD?_INITIALUART1_TIMER3?COMMON
            XDATA   00AAH     0004H     UNIT         ?XD?_TIMER0_DELAY1MS?DELAY
            XDATA   00AEH     0004H     UNIT         ?XD?_TIMER1_DELAY1MS?DELAY
            XDATA   00B2H     0004H     UNIT         ?XD?_TIMER3_DELAY1MS?DELAY
            XDATA   00B6H     0004H     UNIT         ?XD?_WAKEUP_TIMER_DELAY25MS?DELAY
            XDATA   00BAH     0002H     UNIT         ?XD?APP_WORK
            XDATA   00BCH     0001H     UNIT         ?XD?MAIN
            XDATA   00BDH     0001H     UNIT         ?XD?APP_KEY

            * * * * * * *   C O D E   M E M O R Y   * * * * * * *
            CODE    0000H     0003H     ABSOLUTE     
            CODE    0003H     0008H     UNIT         ?PR?APP_WORK_CNT_CLEAR?APP_WORK
            CODE    000BH     0003H     ABSOLUTE     
            CODE    000EH     0043H     UNIT         ?PR?VOL_RESP?APP_2D4
            CODE    0051H     000AH     UNIT         ?PR?APP_REPEAT_ISENABLE?APP_REPEAT_EXE
            CODE    005BH     0003H     ABSOLUTE     
BL51 BANKED LINKER/LOCATER V6.22                                                      12/06/2017  17:03:25  PAGE 3


            CODE    005EH     0A38H     UNIT         ?PR?_APP_2D4_RCV?APP_2D4
            CODE    0A96H     08FAH     UNIT         ?PR?_LCD_SHOWCHAR?BSP_DISPLAY
            CODE    1390H     05B4H     UNIT         ?PR?_APP_KEY_PRO?APP_KEY
            CODE    1944H     0589H     UNIT         ?C?LIB_CODE
            CODE    1ECDH     0365H     UNIT         ?PR?PRINTF?PRINTF
            CODE    2232H     0154H     UNIT         ?PR?_BSP_DETECTKEY?BSP_KEY
            CODE    2386H     0145H     UNIT         ?PR?_SYSTEM_CLOCK_SELECT?COMMON
            CODE    24CBH     012EH     UNIT         ?PR?RF_INIT?BSP_2D4
            CODE    25F9H     0112H     UNIT         ?CO?VERSION
            CODE    270BH     00F6H     UNIT         ?CO?APP_2D4
            CODE    2801H     00E4H     UNIT         ?PR?_LCD_CLEAR_MI?BSP_DISPLAY
            CODE    28E5H     00E3H     UNIT         ?PR?_RF_CARRIER?BSP_2D4
            CODE    29C8H     00B8H     UNIT         ?PR?BSP_INITKEYVAR?BSP_KEY
            CODE    2A80H     00B5H     UNIT         ?PR?REPEAT_PRO?APP_REPEAT_EXE
            CODE    2B35H     00A2H     UNIT         ?PR?_LCD_SHOWSTRING?BSP_DISPLAY
            CODE    2BD7H     009AH     UNIT         ?C_C51STARTUP
            CODE    2C71H     0085H     UNIT         ?PR?APP_2D4_PRO?APP_2D4
            CODE    2CF6H     0083H     UNIT         ?PR?_?RANDOM_DELAY?DELAY
            CODE    2D79H     007EH     UNIT         ?C_INITSEG
            CODE    2DF7H     0079H     UNIT         ?PR?TIMER0_ISR?BSP_TIMER0
            CODE    2E70H     0069H     UNIT         ?PR?MAIN?MAIN
            CODE    2ED9H     0068H     UNIT         ?PR?_STRNCPY?STRNCPY
            CODE    2F41H     0067H     UNIT         ?PR?_ISKEYDOWN?BSP_KEY
            CODE    2FA8H     0063H     UNIT         ?PR?_INITIALUART0_TIMER3_TYPE5?COMMON
            CODE    300BH     0063H     UNIT         ?PR?_INITIALUART0_TIMER3_TYPE6?COMMON
            CODE    306EH     0061H     UNIT         ?PR?_WAKEUP_TIMER_DELAY25MS?DELAY
            CODE    30CFH     005FH     UNIT         ?PR?SHOW_FW_VERSION_NUMBER_TO_PC?VERSION
            CODE    312EH     005DH     UNIT         ?PR?_INITIALUART1_TIMER3?COMMON
            CODE    318BH     005CH     UNIT         ?PR?ADC_ISR?MAIN
            CODE    31E7H     005BH     UNIT         ?PR?_TIMER3_DELAY1MS?DELAY
            CODE    3242H     0059H     UNIT         ?PR?_TIMER0_DELAY1MS?DELAY
            CODE    329BH     0059H     UNIT         ?PR?_TIMER1_DELAY1MS?DELAY
            CODE    32F4H     0053H     UNIT         ?PR?_APP_LCD_DEFAULT_STRING_SET?APP_LCD
            CODE    3347H     0051H     UNIT         ?PR?_APP_2D4_SEND?APP_2D4
            CODE    3398H     0043H     UNIT         ?PR?_RF_WRITEBUF?BSP_2D4
            CODE    33DBH     0043H     UNIT         ?PR?_RF_TXDATA?BSP_2D4
            CODE    341EH     0041H     UNIT         ?PR?APP_LCD_PRO?APP_LCD
            CODE    345FH     003FH     UNIT         ?PR?_RF_READBUF?BSP_2D4
            CODE    349EH     003DH     UNIT         ?PR?_PUTCHAR?COMMON
            CODE    34DBH     0036H     UNIT         ?PR?LCD_DISPLAY_INITHARD?BSP_DISPLAY
            CODE    3511H     0033H     UNIT         ?PR?FM_STATION_SHOW_LCD_RESP?APP_2D4
            CODE    3544H     0033H     UNIT         ?PR?ADC_INIT?BSP_ADC
            CODE    3577H     0032H     UNIT         ?PR?_REPEAT_START?APP_REPEAT_EXE
            CODE    35A9H     0032H     UNIT         ?PR?USB_TRACK_SHOW_LCD_RESP?APP_2D4
            CODE    35DBH     0030H     UNIT         ?PR?APP_WORK_1S_PRO?APP_WORK
            CODE    360BH     002AH     UNIT         ?PR?_INITIALUART0_TIMER1_TYPE3?COMMON
            CODE    3635H     002AH     UNIT         ?PR?_INITIALUART0_TIMER1_TYPE4?COMMON
            CODE    365FH     0029H     UNIT         ?PR?_UCRF_DUMPRXDATA?BSP_2D4
            CODE    3688H     0029H     UNIT         ?PR?_INITIALUART0_TIMER1_TYPE1?COMMON
            CODE    36B1H     0028H     UNIT         ?PR?_INITIALUART0_TIMER1_TYPE2?COMMON
            CODE    36D9H     0026H     UNIT         ?PR?TIMER0_PARAMINIT?BSP_TIMER0
            CODE    36FFH     0026H     UNIT         ?PR?RF_RXMODE?BSP_2D4
            CODE    3725H     0025H     UNIT         ?PR?APP_2D4_INIT?APP_2D4
            CODE    374AH     0025H     UNIT         ?PR?_SPI_WR?BSP_2D4
            CODE    376FH     0024H     UNIT         ?PR?_BSP_SETKEYPARAM?BSP_KEY
            CODE    3793H     0024H     UNIT         ?CO?BSP_2D4
            CODE    37B7H     0023H     UNIT         ?PR?TIMER0_INITHARD?BSP_TIMER0
BL51 BANKED LINKER/LOCATER V6.22                                                      12/06/2017  17:03:25  PAGE 4


            CODE    37DAH     0023H     UNIT         ?PR?ADC_START?BSP_ADC
            CODE    37FDH     0021H     UNIT         ?PR?_DELAY10US?DELAY
            CODE    381EH     0020H     UNIT         ?PR?SET_ALL_GPIO_INPUT_MODE?COMMON
            CODE    383EH     001FH     UNIT         ?PR?_SPI_WW?BSP_2D4
            CODE    385DH     001CH     UNIT         ?PR?BSP_GETKEY?BSP_KEY
            CODE    3879H     001CH     UNIT         ?PR?BSP_GETKEY2?BSP_KEY
            CODE    3895H     001BH     UNIT         ?PR?BSP_INIT?BSP
            CODE    38B0H     001BH     UNIT         ?PR?BSP_KEYSCAN?BSP_KEY
            CODE    38CBH     001AH     UNIT         ?PR?UCSPI_READ?BSP_2D4
            CODE    38E5H     001AH     UNIT         ?PR?SET_ALL_GPIO_QUASI_MODE?COMMON
            CODE    38FFH     001AH     UNIT         ?PR?SW_RESET?COMMON
            CODE    3919H     0018H     UNIT         ?PR?APP_WORK_INIT?APP_WORK
            CODE    3931H     0016H     UNIT         ?PR?SPEAKER_STATUS_RESP?APP_2D4
            CODE    3947H     0016H     UNIT         ?PR?RELAY_STATUS_RESP?APP_2D4
            CODE    395DH     0015H     UNIT         ?PR?_STRLEN?STRLEN
            CODE    3972H     0014H     UNIT         ?PR?REPEAT_STOP?APP_REPEAT_EXE
            CODE    3986H     0014H     UNIT         ?PR?APP_LCD_INIT?APP_LCD
            CODE    399AH     0014H     UNIT         ?PR?_BSP_PUTKEY?BSP_KEY
            CODE    39AEH     0013H     UNIT         ?PR?WIRELESS2D4_INITHARD?BSP_2D4
            CODE    39C1H     0013H     UNIT         ?PR?_RF_WRITEREG?BSP_2D4
            CODE    39D4H     0013H     UNIT         ?PR?_UCRF_READREG?BSP_2D4
            CODE    39E7H     0012H     UNIT         ?PR?ISKEYDOWN_1AND6?BSP_KEY
            CODE    39F9H     0010H     UNIT         ?PR?REPEAT_START_EXE?APP_REPEAT_EXE
            CODE    3A09H     0010H     UNIT         ?PR?REPEAT_STOP_EXE?APP_REPEAT_EXE
            CODE    3A19H     000FH     UNIT         ?PR?CLEAR_LCD_RESP?APP_2D4
            CODE    3A28H     000FH     UNIT         ?PR?USB_PAUSE_SHOW_LCD_RESP?APP_2D4
            CODE    3A37H     000FH     UNIT         ?PR?BT_NEXT_SHOW_LCD_RESP?APP_2D4
            CODE    3A46H     000FH     UNIT         ?PR?BT_PREV_SHOW_LCD_RESP?APP_2D4
            CODE    3A55H     000FH     UNIT         ?PR?LED_SHOW_BLINK_NAME_SHOW_LCD_RESP?APP_2D4
            CODE    3A64H     000FH     UNIT         ?PR?LED_CLEAR_BLINK_NAME_SHOW_LCD_RESP?APP_2D4
            CODE    3A73H     000FH     UNIT         ?PR?ISKEYDOWN2?BSP_KEY
            CODE    3A82H     000FH     UNIT         ?PR?ISKEYDOWN6?BSP_KEY
            CODE    3A91H     000FH     UNIT         ?PR?ISKEYDOWN7?BSP_KEY
            CODE    3AA0H     000FH     UNIT         ?PR?ISKEYDOWN8?BSP_KEY
            CODE    3AAFH     000FH     UNIT         ?PR?ISKEYDOWN9?BSP_KEY
            CODE    3ABEH     000FH     UNIT         ?PR?RF_TXMODE?BSP_2D4
            CODE    3ACDH     000EH     UNIT         ?PR?ISKEYDOWN5?BSP_KEY
            CODE    3ADBH     000EH     UNIT         ?PR?_RF_SETCHANNEL?BSP_2D4
            CODE    3AE9H     000DH     UNIT         ?PR?LCD_CLEAR_ALL?BSP_DISPLAY
            CODE    3AF6H     000DH     UNIT         ?PR?LCD_CLEAR_MI_ALL?BSP_DISPLAY
            CODE    3B03H     000CH     UNIT         ?PR?_REPEAT_SETSTART?APP_REPEAT_EXE
            CODE    3B0FH     000CH     UNIT         ?PR?_REPEAT_SETSTOP?APP_REPEAT_EXE
            CODE    3B1BH     000CH     UNIT         ?PR?RF_CLEARFIFO?BSP_2D4
            CODE    3B27H     000BH     UNIT         ?PR?_BSP_GETKEYSTATE?BSP_KEY
            CODE    3B32H     000AH     UNIT         ?PR?UCRF_GETSTATUS?BSP_2D4
            CODE    3B3CH     0009H     UNIT         ?CO?APP_WORK
            CODE    3B45H     0009H     UNIT         ?PR?BT_PAUSE_SHOW_LCD_RESP?APP_2D4
            CODE    3B4EH     0009H     UNIT         ?PR?AUX_MUTE_SHOW_LCD_RESP?APP_2D4
            CODE    3B57H     0009H     UNIT         ?CO?APP_LCD
            CODE    3B60H     0009H     UNIT         ?PR?ISKEYDOWN1?BSP_KEY
            CODE    3B69H     0009H     UNIT         ?PR?KEY_BRIGHT_INITHARD?BSP_KEYBRIGHT
            CODE    3B72H     0009H     UNIT         ?PR?LCD_BRIGHT_INITHARD?BSP_LCDBRIGHT
            CODE    3B7BH     0008H     UNIT         ?PR?RECEIVE_DATA_FROM_UART0?COMMON
            CODE    3B83H     0008H     UNIT         ?PR?_SEND_DATA_TO_UART0?COMMON
            CODE    3B8BH     0008H     UNIT         ?PR?RECEIVE_DATA_FROM_UART1?COMMON
            CODE    3B93H     0008H     UNIT         ?PR?_SEND_DATA_TO_UART1?COMMON
            CODE    3B9BH     0007H     UNIT         ?PR?BSP_INITKEYHARD?BSP_KEY
BL51 BANKED LINKER/LOCATER V6.22                                                      12/06/2017  17:03:25  PAGE 5


            CODE    3BA2H     0007H     UNIT         ?PR?LCD_CLEAR_LED_ICO?BSP_DISPLAY
            CODE    3BA9H     0007H     UNIT         ?PR?LCD_SHOW_LED_ICO?BSP_DISPLAY
            CODE    3BB0H     0007H     UNIT         ?PR?LCD_CLEAR_FM_ICO?BSP_DISPLAY
            CODE    3BB7H     0007H     UNIT         ?PR?LCD_SHOW_FM_ICO?BSP_DISPLAY
            CODE    3BBEH     0007H     UNIT         ?PR?LCD_CLEAR_BLUETOOTH_ICO?BSP_DISPLAY
            CODE    3BC5H     0007H     UNIT         ?PR?LCD_SHOW_BLUETOOTH_ICO?BSP_DISPLAY
            CODE    3BCCH     0007H     UNIT         ?PR?LCD_CLEAR_AUX_ICO?BSP_DISPLAY
            CODE    3BD3H     0007H     UNIT         ?PR?LCD_SHOW_AUX_ICO?BSP_DISPLAY
            CODE    3BDAH     0007H     UNIT         ?PR?LCD_CLEAR_USB_ICO?BSP_DISPLAY
            CODE    3BE1H     0007H     UNIT         ?PR?LCD_SHOW_USB_ICO?BSP_DISPLAY
            CODE    3BE8H     0007H     UNIT         ?PR?LCD_CLEAR_MHZ_ICO?BSP_DISPLAY
            CODE    3BEFH     0007H     UNIT         ?PR?LCD_SHOW_MHZ_ICO?BSP_DISPLAY
            CODE    3BF6H     0007H     UNIT         ?PR?LCD_CLEAR_BAZOOKA_ICO?BSP_DISPLAY
            CODE    3BFDH     0007H     UNIT         ?PR?LCD_SHOW_BAZOOKA_ICO?BSP_DISPLAY
            CODE    3C04H     0007H     UNIT         ?PR?LCD_CLEAR_UPCOLON_ICO?BSP_DISPLAY
            CODE    3C0BH     0007H     UNIT         ?PR?LCD_SHOW_UPCOLON_ICO?BSP_DISPLAY
            CODE    3C12H     0007H     UNIT         ?PR?LCD_CLEAR_DOWNCOLON_ICO?BSP_DISPLAY
            CODE    3C19H     0007H     UNIT         ?PR?LCD_SHOW_DOWNCOLON_ICO?BSP_DISPLAY
            CODE    3C20H     0007H     UNIT         ?PR?RF_CLEARSTATUS?BSP_2D4
            CODE    3C27H     0006H     UNIT         ?PR?ISKEYDOWN3?BSP_KEY
            CODE    3C2DH     0006H     UNIT         ?PR?ISKEYDOWN4?BSP_KEY
            CODE    3C33H     0006H     UNIT         ?PR?BSP_INITKEY?BSP_KEY
            CODE    3C39H     0006H     UNIT         ?PR?BSP_CLEARKEY?BSP_KEY
            CODE    3C3FH     0006H     UNIT         ?PR?LCD_CLEAR_COLON_ICO?BSP_DISPLAY
            CODE    3C45H     0006H     UNIT         ?PR?LCD_SHOW_COLON_ICO?BSP_DISPLAY
            CODE    3C4BH     0006H     UNIT         ?PR?UCRF_GETRSSI?BSP_2D4
            CODE    3C51H     0004H     UNIT         ?PR?FSYS_CLOCK_OUTPUT_ON_P26?COMMON
            CODE    3C55H     0003H     UNIT         ?PR?KEY_BRIGHT_OFF?BSP_KEYBRIGHT
            CODE    3C58H     0003H     UNIT         ?PR?KEY_BRIGHT_ON?BSP_KEYBRIGHT
            CODE    3C5BH     0003H     UNIT         ?PR?KEY_BRIGHT_TOGGLE?BSP_KEYBRIGHT
            CODE    3C5EH     0003H     UNIT         ?PR?LCD_BRIGHT_OFF?BSP_LCDBRIGHT
            CODE    3C61H     0003H     UNIT         ?PR?LCD_BRIGHT_ON?BSP_LCDBRIGHT
            CODE    3C64H     0001H     UNIT         ?PR?APP_WORK_100MS_PRO?APP_WORK
            CODE    3C65H     0001H     UNIT         ?PR?APP_WORK_PRO?APP_WORK
            CODE    3C66H     0001H     UNIT         ?PR?SPI_INIT?BSP_2D4



OVERLAY MAP OF MODULE:   .\Out\Objects\project (MAIN)


SEGMENT                                             BIT_GROUP          DATA_GROUP          XDATA_GROUP
  +--> CALLED SEGMENT                            START    LENGTH     START    LENGTH     START    LENGTH
--------------------------------------------------------------------------------------------------------
?C_C51STARTUP                                    -----    -----      -----    -----      -----    -----
  +--> ?PR?MAIN?MAIN
  +--> ?C_INITSEG

?PR?MAIN?MAIN                                    -----    -----      -----    -----      0000H    0002H
  +--> ?PR?_SYSTEM_CLOCK_SELECT?COMMON
  +--> ?PR?BSP_INIT?BSP
  +--> ?PR?APP_2D4_INIT?APP_2D4
  +--> ?PR?APP_LCD_INIT?APP_LCD
  +--> ?PR?APP_WORK_INIT?APP_WORK
  +--> ?PR?ADC_START?BSP_ADC
  +--> ?PR?BSP_KEYSCAN?BSP_KEY
  +--> ?PR?REPEAT_PRO?APP_REPEAT_EXE
BL51 BANKED LINKER/LOCATER V6.22                                                      12/06/2017  17:03:25  PAGE 6


  +--> ?PR?APP_LCD_PRO?APP_LCD
  +--> ?PR?APP_2D4_PRO?APP_2D4
  +--> ?PR?APP_WORK_1S_PRO?APP_WORK
  +--> ?PR?BSP_GETKEY?BSP_KEY
  +--> ?PR?_APP_KEY_PRO?APP_KEY

?PR?BSP_INIT?BSP                                 -----    -----      -----    -----      -----    -----
  +--> ?PR?SET_ALL_GPIO_INPUT_MODE?COMMON
  +--> ?PR?LCD_DISPLAY_INITHARD?BSP_DISPLAY
  +--> ?PR?ADC_INIT?BSP_ADC
  +--> ?PR?BSP_INITKEY?BSP_KEY
  +--> ?PR?KEY_BRIGHT_INITHARD?BSP_KEYBRIGHT
  +--> ?PR?TIMER0_INITHARD?BSP_TIMER0
  +--> ?PR?WIRELESS2D4_INITHARD?BSP_2D4
  +--> ?PR?LCD_BRIGHT_INITHARD?BSP_LCDBRIGHT

?PR?LCD_DISPLAY_INITHARD?BSP_DISPLAY             -----    -----      -----    -----      -----    -----
  +--> ?PR?LCD_CLEAR_ALL?BSP_DISPLAY

?PR?BSP_INITKEY?BSP_KEY                          -----    -----      -----    -----      -----    -----
  +--> ?PR?BSP_INITKEYVAR?BSP_KEY
  +--> ?PR?BSP_INITKEYHARD?BSP_KEY

?PR?BSP_INITKEYVAR?BSP_KEY                       -----    -----      -----    -----      -----    -----
  +--> ?PR?ISKEYDOWN1?BSP_KEY
  +--> ?PR?ISKEYDOWN2?BSP_KEY
  +--> ?PR?ISKEYDOWN3?BSP_KEY
  +--> ?PR?ISKEYDOWN4?BSP_KEY
  +--> ?PR?ISKEYDOWN5?BSP_KEY
  +--> ?PR?ISKEYDOWN6?BSP_KEY
  +--> ?PR?ISKEYDOWN7?BSP_KEY
  +--> ?PR?ISKEYDOWN8?BSP_KEY
  +--> ?PR?ISKEYDOWN9?BSP_KEY
  +--> ?PR?ISKEYDOWN_1AND6?BSP_KEY

?PR?ISKEYDOWN2?BSP_KEY                           -----    -----      -----    -----      -----    -----
  +--> ?PR?_ISKEYDOWN?BSP_KEY

?PR?ISKEYDOWN3?BSP_KEY                           -----    -----      -----    -----      -----    -----
  +--> ?PR?_ISKEYDOWN?BSP_KEY

?PR?ISKEYDOWN4?BSP_KEY                           -----    -----      -----    -----      -----    -----
  +--> ?PR?_ISKEYDOWN?BSP_KEY

?PR?ISKEYDOWN5?BSP_KEY                           -----    -----      -----    -----      -----    -----
  +--> ?PR?_ISKEYDOWN?BSP_KEY

?PR?ISKEYDOWN6?BSP_KEY                           -----    -----      -----    -----      -----    -----
  +--> ?PR?_ISKEYDOWN?BSP_KEY

?PR?ISKEYDOWN7?BSP_KEY                           -----    -----      -----    -----      -----    -----
  +--> ?PR?_ISKEYDOWN?BSP_KEY

?PR?ISKEYDOWN8?BSP_KEY                           -----    -----      -----    -----      -----    -----
  +--> ?PR?_ISKEYDOWN?BSP_KEY

?PR?ISKEYDOWN9?BSP_KEY                           -----    -----      -----    -----      -----    -----
BL51 BANKED LINKER/LOCATER V6.22                                                      12/06/2017  17:03:25  PAGE 7


  +--> ?PR?_ISKEYDOWN?BSP_KEY

?PR?ISKEYDOWN_1AND6?BSP_KEY                      -----    -----      -----    -----      -----    -----
  +--> ?PR?ISKEYDOWN1?BSP_KEY
  +--> ?PR?ISKEYDOWN6?BSP_KEY

?PR?KEY_BRIGHT_INITHARD?BSP_KEYBRIGHT            -----    -----      -----    -----      -----    -----
  +--> ?PR?KEY_BRIGHT_OFF?BSP_KEYBRIGHT

?PR?TIMER0_INITHARD?BSP_TIMER0                   -----    -----      -----    -----      -----    -----
  +--> ?PR?TIMER0_PARAMINIT?BSP_TIMER0

?PR?LCD_BRIGHT_INITHARD?BSP_LCDBRIGHT            -----    -----      -----    -----      -----    -----
  +--> ?PR?LCD_BRIGHT_ON?BSP_LCDBRIGHT

?PR?APP_2D4_INIT?APP_2D4                         -----    -----      -----    -----      -----    -----
  +--> ?PR?RF_INIT?BSP_2D4
  +--> ?PR?RF_RXMODE?BSP_2D4

?PR?RF_INIT?BSP_2D4                              -----    -----      -----    -----      0002H    0012H
  +--> ?CO?BSP_2D4
  +--> ?PR?SPI_INIT?BSP_2D4
  +--> ?PR?_RF_WRITEREG?BSP_2D4
  +--> ?PR?_RF_WRITEBUF?BSP_2D4

?PR?_RF_WRITEREG?BSP_2D4                         -----    -----      -----    -----      -----    -----
  +--> ?PR?_SPI_WW?BSP_2D4

?PR?_RF_WRITEBUF?BSP_2D4                         -----    -----      -----    -----      0014H    0005H
  +--> ?PR?_SPI_WW?BSP_2D4

?PR?RF_RXMODE?BSP_2D4                            -----    -----      -----    -----      -----    -----
  +--> ?PR?_RF_WRITEREG?BSP_2D4

?PR?APP_LCD_INIT?APP_LCD                         -----    -----      -----    -----      -----    -----
  +--> ?CO?APP_LCD

?PR?APP_WORK_INIT?APP_WORK                       -----    -----      -----    -----      -----    -----
  +--> ?PR?LCD_SHOW_BAZOOKA_ICO?BSP_DISPLAY

?PR?BSP_KEYSCAN?BSP_KEY                          -----    -----      -----    -----      0002H    0001H
  +--> ?PR?_BSP_DETECTKEY?BSP_KEY

?PR?_BSP_DETECTKEY?BSP_KEY                       -----    -----      -----    -----      0003H    0001H
  +--> ?PR?_BSP_PUTKEY?BSP_KEY

?PR?REPEAT_PRO?APP_REPEAT_EXE                    -----    -----      -----    -----      -----    -----
  +--> ?PR?REPEAT_STOP_EXE?APP_REPEAT_EXE
  +--> ?PR?REPEAT_START_EXE?APP_REPEAT_EXE

?PR?APP_LCD_PRO?APP_LCD                          -----    -----      -----    -----      -----    -----
  +--> ?PR?APP_REPEAT_ISENABLE?APP_REPEAT_EXE
  +--> ?PR?_LCD_SHOWSTRING?BSP_DISPLAY
  +--> ?PR?LCD_CLEAR_DOWNCOLON_ICO?BSP_DISPLAY
  +--> ?PR?LCD_CLEAR_UPCOLON_ICO?BSP_DISPLAY
  +--> ?PR?LCD_SHOW_UPCOLON_ICO?BSP_DISPLAY
  +--> ?PR?LCD_SHOW_DOWNCOLON_ICO?BSP_DISPLAY
BL51 BANKED LINKER/LOCATER V6.22                                                      12/06/2017  17:03:25  PAGE 8



?PR?_LCD_SHOWSTRING?BSP_DISPLAY                  0020H.0  0000H.1    -----    -----      0019H    0004H
  +--> ?PR?_STRLEN?STRLEN
  +--> ?PR?_LCD_SHOWCHAR?BSP_DISPLAY

?PR?_LCD_SHOWCHAR?BSP_DISPLAY                    -----    -----      -----    -----      -----    -----
  +--> ?PR?_LCD_CLEAR_MI?BSP_DISPLAY

?PR?APP_2D4_PRO?APP_2D4                          -----    -----      -----    -----      0002H    0001H
  +--> ?PR?UCRF_GETSTATUS?BSP_2D4
  +--> ?PR?RF_CLEARFIFO?BSP_2D4
  +--> ?PR?RF_CLEARSTATUS?BSP_2D4
  +--> ?PR?RF_RXMODE?BSP_2D4
  +--> ?PR?_RF_TXDATA?BSP_2D4
  +--> ?PR?_UCRF_DUMPRXDATA?BSP_2D4
  +--> ?PR?_APP_2D4_RCV?APP_2D4

?PR?UCRF_GETSTATUS?BSP_2D4                       -----    -----      -----    -----      -----    -----
  +--> ?PR?_UCRF_READREG?BSP_2D4

?PR?_UCRF_READREG?BSP_2D4                        -----    -----      -----    -----      -----    -----
  +--> ?PR?_SPI_WR?BSP_2D4
  +--> ?PR?UCSPI_READ?BSP_2D4

?PR?RF_CLEARFIFO?BSP_2D4                         -----    -----      -----    -----      -----    -----
  +--> ?PR?_RF_WRITEREG?BSP_2D4

?PR?RF_CLEARSTATUS?BSP_2D4                       -----    -----      -----    -----      -----    -----
  +--> ?PR?_RF_WRITEREG?BSP_2D4

?PR?_RF_TXDATA?BSP_2D4                           -----    -----      -----    -----      0003H    0002H
  +--> ?PR?UCRF_GETSTATUS?BSP_2D4
  +--> ?PR?_RF_WRITEBUF?BSP_2D4
  +--> ?PR?_RF_WRITEREG?BSP_2D4

?PR?_UCRF_DUMPRXDATA?BSP_2D4                     -----    -----      -----    -----      -----    -----
  +--> ?PR?UCRF_GETSTATUS?BSP_2D4
  +--> ?PR?_RF_WRITEREG?BSP_2D4
  +--> ?PR?_RF_READBUF?BSP_2D4
  +--> ?PR?RF_CLEARFIFO?BSP_2D4
  +--> ?PR?RF_CLEARSTATUS?BSP_2D4

?PR?_RF_READBUF?BSP_2D4                          -----    -----      -----    -----      0003H    0005H
  +--> ?PR?_SPI_WR?BSP_2D4
  +--> ?PR?UCSPI_READ?BSP_2D4

?PR?_APP_2D4_RCV?APP_2D4                         -----    -----      -----    -----      0003H    0006H
  +--> ?PR?APP_WORK_CNT_CLEAR?APP_WORK
  +--> ?PR?REPEAT_STOP?APP_REPEAT_EXE
  +--> ?PR?LCD_CLEAR_DOWNCOLON_ICO?BSP_DISPLAY
  +--> ?PR?LCD_CLEAR_UPCOLON_ICO?BSP_DISPLAY
  +--> ?PR?LCD_CLEAR_MHZ_ICO?BSP_DISPLAY
  +--> ?PR?LCD_CLEAR_FM_ICO?BSP_DISPLAY
  +--> ?PR?LCD_CLEAR_USB_ICO?BSP_DISPLAY
  +--> ?PR?LCD_CLEAR_AUX_ICO?BSP_DISPLAY
  +--> ?PR?LCD_CLEAR_BLUETOOTH_ICO?BSP_DISPLAY
  +--> ?PR?SPEAKER_STATUS_RESP?APP_2D4
BL51 BANKED LINKER/LOCATER V6.22                                                      12/06/2017  17:03:25  PAGE 9


  +--> ?PR?_REPEAT_SETSTART?APP_REPEAT_EXE
  +--> ?PR?_REPEAT_SETSTOP?APP_REPEAT_EXE
  +--> ?PR?LCD_SHOW_BLUETOOTH_ICO?BSP_DISPLAY
  +--> ?CO?APP_2D4
  +--> ?PR?PRINTF?PRINTF
  +--> ?PR?LCD_CLEAR_ALL?BSP_DISPLAY
  +--> ?PR?BT_PAUSE_SHOW_LCD_RESP?APP_2D4
  +--> ?PR?CLEAR_LCD_RESP?APP_2D4
  +--> ?PR?LCD_SHOW_AUX_ICO?BSP_DISPLAY
  +--> ?PR?AUX_MUTE_SHOW_LCD_RESP?APP_2D4
  +--> ?PR?USB_PAUSE_SHOW_LCD_RESP?APP_2D4
  +--> ?PR?LED_SHOW_BLINK_NAME_SHOW_LCD_RESP...
  +--> ?PR?LED_CLEAR_BLINK_NAME_SHOW_LCD_RES...
  +--> ?PR?BT_PREV_SHOW_LCD_RESP?APP_2D4
  +--> ?PR?BT_NEXT_SHOW_LCD_RESP?APP_2D4
  +--> ?PR?FM_STATION_SHOW_LCD_RESP?APP_2D4
  +--> ?PR?USB_TRACK_SHOW_LCD_RESP?APP_2D4
  +--> ?PR?LCD_SHOW_USB_ICO?BSP_DISPLAY
  +--> ?PR?_STRLEN?STRLEN
  +--> ?PR?LCD_SHOW_FM_ICO?BSP_DISPLAY
  +--> ?PR?LCD_SHOW_MHZ_ICO?BSP_DISPLAY
  +--> ?PR?VOL_RESP?APP_2D4
  +--> ?PR?_APP_LCD_DEFAULT_STRING_SET?APP_LCD
  +--> ?PR?RELAY_STATUS_RESP?APP_2D4
  +--> ?PR?LCD_SHOW_LED_ICO?BSP_DISPLAY
  +--> ?PR?LCD_CLEAR_LED_ICO?BSP_DISPLAY
  +--> ?PR?_REPEAT_START?APP_REPEAT_EXE

?PR?REPEAT_STOP?APP_REPEAT_EXE                   -----    -----      -----    -----      -----    -----
  +--> ?PR?REPEAT_STOP_EXE?APP_REPEAT_EXE
  +--> ?PR?_REPEAT_SETSTART?APP_REPEAT_EXE
  +--> ?PR?_REPEAT_SETSTOP?APP_REPEAT_EXE

?PR?SPEAKER_STATUS_RESP?APP_2D4                  -----    -----      -----    -----      -----    -----
  +--> ?CO?APP_2D4
  +--> ?PR?_LCD_SHOWSTRING?BSP_DISPLAY

?PR?PRINTF?PRINTF                                0020H.0  0001H.1    0008H    0005H      0019H    0028H
  +--> ?PR?_PUTCHAR?COMMON

?PR?BT_PAUSE_SHOW_LCD_RESP?APP_2D4               -----    -----      -----    -----      -----    -----
  +--> ?CO?APP_2D4
  +--> ?PR?_LCD_SHOWSTRING?BSP_DISPLAY

?PR?CLEAR_LCD_RESP?APP_2D4                       -----    -----      -----    -----      -----    -----
  +--> ?CO?APP_2D4
  +--> ?PR?_LCD_SHOWSTRING?BSP_DISPLAY
  +--> ?PR?LCD_CLEAR_UPCOLON_ICO?BSP_DISPLAY
  +--> ?PR?LCD_CLEAR_DOWNCOLON_ICO?BSP_DISPLAY

?PR?AUX_MUTE_SHOW_LCD_RESP?APP_2D4               -----    -----      -----    -----      -----    -----
  +--> ?CO?APP_2D4
  +--> ?PR?_LCD_SHOWSTRING?BSP_DISPLAY

?PR?USB_PAUSE_SHOW_LCD_RESP?APP_2D4              -----    -----      -----    -----      -----    -----
  +--> ?CO?APP_2D4
  +--> ?PR?_LCD_SHOWSTRING?BSP_DISPLAY
BL51 BANKED LINKER/LOCATER V6.22                                                      12/06/2017  17:03:25  PAGE 10


  +--> ?PR?LCD_CLEAR_UPCOLON_ICO?BSP_DISPLAY
  +--> ?PR?LCD_CLEAR_DOWNCOLON_ICO?BSP_DISPLAY

?PR?LED_SHOW_BLINK_NAME_SHOW_LCD_RESP...         -----    -----      -----    -----      -----    -----
  +--> ?PR?_LCD_SHOWSTRING?BSP_DISPLAY
  +--> ?PR?LCD_CLEAR_UPCOLON_ICO?BSP_DISPLAY
  +--> ?PR?LCD_CLEAR_DOWNCOLON_ICO?BSP_DISPLAY

?PR?LED_CLEAR_BLINK_NAME_SHOW_LCD_RES...         -----    -----      -----    -----      -----    -----
  +--> ?CO?APP_2D4
  +--> ?PR?_LCD_SHOWSTRING?BSP_DISPLAY
  +--> ?PR?LCD_CLEAR_UPCOLON_ICO?BSP_DISPLAY
  +--> ?PR?LCD_CLEAR_DOWNCOLON_ICO?BSP_DISPLAY

?PR?BT_PREV_SHOW_LCD_RESP?APP_2D4                -----    -----      -----    -----      -----    -----
  +--> ?CO?APP_2D4
  +--> ?PR?_LCD_SHOWSTRING?BSP_DISPLAY
  +--> ?PR?LCD_CLEAR_UPCOLON_ICO?BSP_DISPLAY
  +--> ?PR?LCD_CLEAR_DOWNCOLON_ICO?BSP_DISPLAY

?PR?BT_NEXT_SHOW_LCD_RESP?APP_2D4                -----    -----      -----    -----      -----    -----
  +--> ?CO?APP_2D4
  +--> ?PR?_LCD_SHOWSTRING?BSP_DISPLAY
  +--> ?PR?LCD_CLEAR_UPCOLON_ICO?BSP_DISPLAY
  +--> ?PR?LCD_CLEAR_DOWNCOLON_ICO?BSP_DISPLAY

?PR?FM_STATION_SHOW_LCD_RESP?APP_2D4             -----    -----      -----    -----      -----    -----
  +--> ?CO?APP_2D4
  +--> ?PR?PRINTF?PRINTF
  +--> ?PR?_LCD_SHOWSTRING?BSP_DISPLAY
  +--> ?PR?LCD_CLEAR_MHZ_ICO?BSP_DISPLAY
  +--> ?PR?LCD_CLEAR_UPCOLON_ICO?BSP_DISPLAY
  +--> ?PR?LCD_SHOW_DOWNCOLON_ICO?BSP_DISPLAY

?PR?USB_TRACK_SHOW_LCD_RESP?APP_2D4              -----    -----      -----    -----      -----    -----
  +--> ?CO?APP_2D4
  +--> ?PR?PRINTF?PRINTF
  +--> ?PR?_LCD_SHOWSTRING?BSP_DISPLAY
  +--> ?PR?LCD_CLEAR_UPCOLON_ICO?BSP_DISPLAY
  +--> ?PR?LCD_CLEAR_DOWNCOLON_ICO?BSP_DISPLAY

?PR?VOL_RESP?APP_2D4                             -----    -----      -----    -----      0009H    0010H
  +--> ?CO?APP_2D4
  +--> ?PR?LCD_CLEAR_UPCOLON_ICO?BSP_DISPLAY
  +--> ?PR?LCD_CLEAR_DOWNCOLON_ICO?BSP_DISPLAY
  +--> ?PR?PRINTF?PRINTF
  +--> ?PR?_LCD_SHOWSTRING?BSP_DISPLAY

?PR?_APP_LCD_DEFAULT_STRING_SET?APP_LCD          -----    -----      -----    -----      0009H    0005H
  +--> ?PR?_STRNCPY?STRNCPY

?PR?_STRNCPY?STRNCPY                             -----    -----      -----    -----      000EH    000AH

?PR?RELAY_STATUS_RESP?APP_2D4                    -----    -----      -----    -----      -----    -----
  +--> ?CO?APP_2D4
  +--> ?PR?_LCD_SHOWSTRING?BSP_DISPLAY

BL51 BANKED LINKER/LOCATER V6.22                                                      12/06/2017  17:03:25  PAGE 11


?PR?_REPEAT_START?APP_REPEAT_EXE                 -----    -----      -----    -----      -----    -----
  +--> ?PR?REPEAT_START_EXE?APP_REPEAT_EXE

?PR?APP_WORK_1S_PRO?APP_WORK                     -----    -----      -----    -----      -----    -----
  +--> ?PR?REPEAT_STOP?APP_REPEAT_EXE
  +--> ?PR?LCD_CLEAR_ALL?BSP_DISPLAY
  +--> ?PR?LCD_SHOW_BAZOOKA_ICO?BSP_DISPLAY
  +--> ?CO?APP_WORK
  +--> ?PR?_LCD_SHOWSTRING?BSP_DISPLAY
  +--> ?PR?_APP_LCD_DEFAULT_STRING_SET?APP_LCD

?PR?_APP_KEY_PRO?APP_KEY                         -----    -----      -----    -----      0002H    0003H
  +--> ?PR?_APP_2D4_SEND?APP_2D4

?PR?_APP_2D4_SEND?APP_2D4                        -----    -----      -----    -----      0005H    0004H
  +--> ?PR?RF_TXMODE?BSP_2D4

?PR?RF_TXMODE?BSP_2D4                            -----    -----      -----    -----      -----    -----
  +--> ?PR?_RF_WRITEREG?BSP_2D4



SYMBOL TABLE OF MODULE:  .\Out\Objects\project (MAIN)

  VALUE           TYPE          NAME
  ----------------------------------

  -------         MODULE        MAIN
  C:0000H         SYMBOL        _ICE_DUMMY_
  D:0080H         PUBLIC        P0
  D:0090H         PUBLIC        P1
  D:00A0H         PUBLIC        P2
  D:00B0H         PUBLIC        P3
  D:00D8H         PUBLIC        P5
  D:00A8H         PUBLIC        IE
  B:00E8H.7       PUBLIC        ADCF
  C:318BH         PUBLIC        ADC_ISR
  D:00B8H         PUBLIC        IP
  C:2E70H         PUBLIC        main
  D:0098H         PUBLIC        SCON
  D:0088H         PUBLIC        TCON
  D:00F8H         PUBLIC        SCON_1
  D:00E8H         PUBLIC        ADCCON0
  D:00C0H         PUBLIC        I2CON
  D:00C3H         PUBLIC        ADCRH
  D:00C8H         PUBLIC        T2CON
  D:00C2H         PUBLIC        ADCRL
  D:00D0H         PUBLIC        PSW
  -------         PROC          ADC_ISR
  C:318BH         LINE#         8
  C:319CH         LINE#         9
  C:319CH         LINE#         11
  C:319EH         LINE#         13
  C:31AEH         LINE#         14
  C:31CAH         LINE#         15
  C:31D8H         LINE#         17
  -------         ENDPROC       ADC_ISR
BL51 BANKED LINKER/LOCATER V6.22                                                      12/06/2017  17:03:25  PAGE 12


  -------         PROC          MAIN
  -------         DO            
  X:0000H         SYMBOL        ucKeyCode
  -------         DO            
  X:0001H         SYMBOL        i
  X:00BCH         SYMBOL        n
  -------         ENDDO         
  -------         ENDDO         
  C:2E70H         LINE#         19
  C:2E70H         LINE#         21
  C:2E75H         LINE#         24
  C:2E78H         LINE#         29
  C:2E7BH         LINE#         30
  C:2E7EH         LINE#         31
  C:2E81H         LINE#         35
  C:2E81H         LINE#         36
  C:2E87H         LINE#         37
  C:2E89H         LINE#         39
  C:2E8CH         LINE#         40
  C:2E8CH         LINE#         41
  C:2E92H         LINE#         42
  C:2E94H         LINE#         45
  C:2E97H         LINE#         46
  C:2E97H         LINE#         47
  C:2E9DH         LINE#         48
  C:2EA2H         LINE#         51
  C:2EA6H         LINE#         56
  C:2EA9H         LINE#         58
  C:2EACH         LINE#         60
  C:2EB2H         LINE#         61
  C:2EB8H         LINE#         62
  C:2EBAH         LINE#         66
  C:2EBAH         LINE#         67
  C:2EBDH         LINE#         68
  C:2EBDH         LINE#         69
  C:2EC3H         LINE#         71
  C:2EC5H         LINE#         73
  C:2EC8H         LINE#         78
  C:2EC8H         LINE#         82
  C:2ED0H         LINE#         83
  C:2ED2H         LINE#         84
  C:2ED7H         LINE#         85
  C:2ED7H         LINE#         87
  -------         ENDPROC       MAIN
  -------         ENDMOD        MAIN

  -------         MODULE        APP_KEY
  C:0000H         SYMBOL        _ICE_DUMMY_
  D:0080H         PUBLIC        P0
  D:0090H         PUBLIC        P1
  D:00A0H         PUBLIC        P2
  D:00B0H         PUBLIC        P3
  D:00D8H         PUBLIC        P5
  D:00A8H         PUBLIC        IE
  D:00B8H         PUBLIC        IP
  C:1390H         PUBLIC        _app_key_pro
  D:0098H         PUBLIC        SCON
BL51 BANKED LINKER/LOCATER V6.22                                                      12/06/2017  17:03:25  PAGE 13


  D:0088H         PUBLIC        TCON
  D:00F8H         PUBLIC        SCON_1
  X:00BDH         SYMBOL        press_long_lock
  D:00E8H         PUBLIC        ADCCON0
  D:00C0H         PUBLIC        I2CON
  D:00C8H         PUBLIC        T2CON
  D:00D0H         PUBLIC        PSW
  -------         PROC          _APP_KEY_PRO
  X:0002H         SYMBOL        keyCode
  -------         DO            
  X:0003H         SYMBOL        index
  X:0004H         SYMBOL        i
  -------         ENDDO         
  C:1390H         LINE#         27
  C:1395H         LINE#         29
  C:1398H         LINE#         30
  C:139AH         LINE#         32
  C:139EH         LINE#         33
  C:13AAH         LINE#         34
  C:1411H         LINE#         35
  C:1411H         LINE#         36
  C:1417H         LINE#         37
  C:1424H         LINE#         38
  C:142EH         LINE#         39
  C:1438H         LINE#         40
  C:1454H         LINE#         41
  C:1464H         LINE#         42
  C:146AH         LINE#         43
  C:146AH         LINE#         44
  C:146FH         LINE#         45
  C:1472H         LINE#         46
  C:1472H         LINE#         48
  C:1472H         LINE#         49
  C:1472H         LINE#         50
  C:1478H         LINE#         51
  C:1485H         LINE#         52
  C:148FH         LINE#         53
  C:1499H         LINE#         54
  C:14B8H         LINE#         55
  C:14C8H         LINE#         56
  C:14CEH         LINE#         57
  C:14CEH         LINE#         58
  C:14CEH         LINE#         60
  C:14CEH         LINE#         61
  C:14CEH         LINE#         62
  C:14DBH         LINE#         63
  C:14E5H         LINE#         64
  C:14EFH         LINE#         65
  C:150EH         LINE#         66
  C:151EH         LINE#         67
  C:1524H         LINE#         68
  C:1524H         LINE#         69
  C:1524H         LINE#         70
  C:1531H         LINE#         71
  C:153BH         LINE#         72
  C:1545H         LINE#         73
  C:1564H         LINE#         74
BL51 BANKED LINKER/LOCATER V6.22                                                      12/06/2017  17:03:25  PAGE 14


  C:1574H         LINE#         75
  C:157AH         LINE#         76
  C:157AH         LINE#         77
  C:157AH         LINE#         79
  C:157AH         LINE#         80
  C:157AH         LINE#         81
  C:1587H         LINE#         82
  C:1591H         LINE#         83
  C:159BH         LINE#         84
  C:15BAH         LINE#         85
  C:15CAH         LINE#         86
  C:15D0H         LINE#         87
  C:15D0H         LINE#         88
  C:15D0H         LINE#         89
  C:15DDH         LINE#         90
  C:15E7H         LINE#         91
  C:15F1H         LINE#         92
  C:1610H         LINE#         93
  C:1620H         LINE#         94
  C:1626H         LINE#         95
  C:1626H         LINE#         96
  C:1626H         LINE#         98
  C:1626H         LINE#         99
  C:1626H         LINE#         100
  C:1633H         LINE#         101
  C:163DH         LINE#         102
  C:1647H         LINE#         103
  C:1666H         LINE#         104
  C:1676H         LINE#         105
  C:167CH         LINE#         106
  C:167CH         LINE#         107
  C:167CH         LINE#         108
  C:1689H         LINE#         109
  C:1693H         LINE#         110
  C:169DH         LINE#         111
  C:16BCH         LINE#         112
  C:16CCH         LINE#         113
  C:16D2H         LINE#         114
  C:16D2H         LINE#         115
  C:16D2H         LINE#         117
  C:16D2H         LINE#         118
  C:16D2H         LINE#         119
  C:16DFH         LINE#         120
  C:16E9H         LINE#         121
  C:16F3H         LINE#         122
  C:1712H         LINE#         123
  C:1722H         LINE#         124
  C:1728H         LINE#         125
  C:1728H         LINE#         126
  C:1728H         LINE#         127
  C:1735H         LINE#         128
  C:173FH         LINE#         129
  C:1749H         LINE#         130
  C:1768H         LINE#         131
  C:1778H         LINE#         132
  C:177EH         LINE#         133
  C:177EH         LINE#         134
BL51 BANKED LINKER/LOCATER V6.22                                                      12/06/2017  17:03:25  PAGE 15


  C:177EH         LINE#         136
  C:177EH         LINE#         137
  C:177EH         LINE#         138
  C:178BH         LINE#         139
  C:1795H         LINE#         140
  C:179FH         LINE#         141
  C:17A9H         LINE#         142
  C:17C8H         LINE#         143
  C:17D8H         LINE#         144
  C:17DEH         LINE#         145
  C:17DEH         LINE#         146
  C:17DEH         LINE#         148
  C:17DEH         LINE#         149
  C:17DEH         LINE#         151
  C:17DEH         LINE#         152
  C:17DEH         LINE#         153
  C:17EBH         LINE#         154
  C:17F5H         LINE#         155
  C:17FFH         LINE#         156
  C:181EH         LINE#         157
  C:182EH         LINE#         158
  C:1834H         LINE#         159
  C:1834H         LINE#         160
  C:1834H         LINE#         161
  C:1841H         LINE#         162
  C:184BH         LINE#         163
  C:1855H         LINE#         164
  C:1874H         LINE#         165
  C:1884H         LINE#         166
  C:188AH         LINE#         167
  C:188AH         LINE#         168
  C:188AH         LINE#         169
  C:1897H         LINE#         170
  C:18A1H         LINE#         171
  C:18ABH         LINE#         172
  C:18C7H         LINE#         173
  C:18D7H         LINE#         174
  C:18DDH         LINE#         175
  C:18DDH         LINE#         176
  C:18DDH         LINE#         178
  C:18DDH         LINE#         179
  C:18DDH         LINE#         181
  C:18DDH         LINE#         182
  C:18DDH         LINE#         183
  C:18EAH         LINE#         184
  C:18F4H         LINE#         185
  C:18FEH         LINE#         186
  C:191AH         LINE#         187
  C:192AH         LINE#         188
  C:1930H         LINE#         189
  C:1930H         LINE#         190
  C:1930H         LINE#         192
  C:1930H         LINE#         193
  C:1930H         LINE#         195
  C:1930H         LINE#         196
  C:1930H         LINE#         198
  C:1930H         LINE#         199
BL51 BANKED LINKER/LOCATER V6.22                                                      12/06/2017  17:03:25  PAGE 16


  C:1930H         LINE#         201
  C:1930H         LINE#         202
  C:1930H         LINE#         204
  C:1930H         LINE#         205
  C:1930H         LINE#         207
  C:1930H         LINE#         208
  C:1930H         LINE#         209
  C:1936H         LINE#         210
  C:1938H         LINE#         211
  C:1943H         LINE#         212
  C:1943H         LINE#         214
  -------         ENDPROC       _APP_KEY_PRO
  -------         ENDMOD        APP_KEY

  -------         MODULE        APP_WORK
  C:0000H         SYMBOL        _ICE_DUMMY_
  D:0080H         PUBLIC        P0
  D:0090H         PUBLIC        P1
  D:00A0H         PUBLIC        P2
  D:00B0H         PUBLIC        P3
  D:00D8H         PUBLIC        P5
  D:00A8H         PUBLIC        IE
  D:00B8H         PUBLIC        IP
  C:3C65H         SYMBOL        app_work_pro
  X:00BAH         SYMBOL        flag
  C:35DBH         PUBLIC        app_work_1s_pro
  D:0098H         PUBLIC        SCON
  D:0088H         PUBLIC        TCON
  D:00F8H         PUBLIC        SCON_1
  X:00BBH         SYMBOL        cnt
  D:00E8H         PUBLIC        ADCCON0
  D:00C0H         PUBLIC        I2CON
  C:3919H         PUBLIC        app_work_Init
  I:000FH         PUBLIC        g_tWork
  D:00C8H         PUBLIC        T2CON
  C:3C64H         PUBLIC        app_work_100ms_pro
  C:0003H         PUBLIC        app_work_cnt_clear
  D:00D0H         PUBLIC        PSW
  -------         PROC          APP_WORK_INIT
  C:3919H         LINE#         17
  C:3919H         LINE#         18
  C:391EH         LINE#         19
  C:3922H         LINE#         20
  C:392EH         LINE#         21
  -------         ENDPROC       APP_WORK_INIT
  -------         PROC          APP_WORK_1S_PRO
  C:35DBH         LINE#         24
  C:35DBH         LINE#         25
  C:35E1H         LINE#         26
  C:35EDH         LINE#         28
  C:35EFH         LINE#         29
  C:35F2H         LINE#         30
  C:35F5H         LINE#         31
  C:35F8H         LINE#         32
  C:3601H         LINE#         33
  C:360AH         LINE#         34
  C:360AH         LINE#         35
BL51 BANKED LINKER/LOCATER V6.22                                                      12/06/2017  17:03:25  PAGE 17


  -------         ENDPROC       APP_WORK_1S_PRO
  -------         PROC          APP_WORK_100MS_PRO
  C:3C64H         LINE#         36
  C:3C64H         LINE#         38
  -------         ENDPROC       APP_WORK_100MS_PRO
  -------         PROC          APP_WORK_CNT_CLEAR
  C:0003H         LINE#         39
  C:0003H         LINE#         41
  C:0008H         LINE#         42
  C:000AH         LINE#         44
  -------         ENDPROC       APP_WORK_CNT_CLEAR
  -------         PROC          APP_WORK_PRO
  C:3C65H         LINE#         45
  C:3C65H         LINE#         47
  -------         ENDPROC       APP_WORK_PRO
  -------         ENDMOD        APP_WORK

  -------         MODULE        APP_REPEAT_EXE
  C:0000H         SYMBOL        _ICE_DUMMY_
  D:0080H         PUBLIC        P0
  D:0090H         PUBLIC        P1
  D:00A0H         PUBLIC        P2
  D:00B0H         PUBLIC        P3
  C:3B03H         PUBLIC        _Repeat_SetStart
  D:00D8H         PUBLIC        P5
  D:00A8H         PUBLIC        IE
  C:0051H         PUBLIC        app_repeat_IsEnable
  C:3A09H         SYMBOL        Repeat_Stop_exe
  D:00B8H         PUBLIC        IP
  C:3B0FH         PUBLIC        _Repeat_SetStop
  X:0054H         SYMBOL        g_tRepeat
  D:0098H         PUBLIC        SCON
  D:0088H         PUBLIC        TCON
  D:00F8H         PUBLIC        SCON_1
  C:3577H         PUBLIC        _Repeat_Start
  D:00E8H         PUBLIC        ADCCON0
  D:00C0H         PUBLIC        I2CON
  D:00C8H         PUBLIC        T2CON
  C:3972H         PUBLIC        Repeat_Stop
  C:2A80H         PUBLIC        Repeat_Pro
  C:39F9H         SYMBOL        Repeat_Start_exe
  D:00D0H         PUBLIC        PSW
  -------         PROC          _REPEAT_SETSTART
  D:0001H         SYMBOL        fun
  C:3B03H         LINE#         12
  C:3B03H         LINE#         13
  C:3B0EH         LINE#         14
  -------         ENDPROC       _REPEAT_SETSTART
  -------         PROC          _REPEAT_SETSTOP
  D:0001H         SYMBOL        fun
  C:3B0FH         LINE#         16
  C:3B0FH         LINE#         17
  C:3B1AH         LINE#         18
  -------         ENDPROC       _REPEAT_SETSTOP
  -------         PROC          REPEAT_START_EXE
  C:39F9H         LINE#         20
  C:39F9H         LINE#         21
BL51 BANKED LINKER/LOCATER V6.22                                                      12/06/2017  17:03:25  PAGE 18


  C:3A05H         LINE#         22
  C:3A08H         LINE#         23
  C:3A08H         LINE#         24
  -------         ENDPROC       REPEAT_START_EXE
  -------         PROC          REPEAT_STOP_EXE
  C:3A09H         LINE#         26
  C:3A09H         LINE#         27
  C:3A15H         LINE#         28
  C:3A18H         LINE#         29
  C:3A18H         LINE#         30
  -------         ENDPROC       REPEAT_STOP_EXE
  -------         PROC          _REPEAT_START
  D:0006H         SYMBOL        _usStartTime
  D:0004H         SYMBOL        _usStopTime
  D:0002H         SYMBOL        _usCycle
  C:3577H         LINE#         42
  C:3577H         LINE#         43
  C:3577H         LINE#         44
  C:357BH         LINE#         46
  C:357BH         LINE#         48
  C:3583H         LINE#         49
  C:358BH         LINE#         50
  C:3593H         LINE#         51
  C:3598H         LINE#         52
  C:359CH         LINE#         53
  C:35A0H         LINE#         54
  C:35A5H         LINE#         56
  C:35A8H         LINE#         57
  -------         ENDPROC       _REPEAT_START
  -------         PROC          REPEAT_STOP
  C:3972H         LINE#         67
  C:3972H         LINE#         68
  C:3977H         LINE#         69
  C:397AH         LINE#         70
  C:3983H         LINE#         71
  -------         ENDPROC       REPEAT_STOP
  -------         PROC          APP_REPEAT_ISENABLE
  C:0051H         LINE#         75
  C:0051H         LINE#         76
  C:0057H         LINE#         77
  C:0059H         LINE#         78
  C:0059H         LINE#         79
  C:005AH         LINE#         80
  -------         ENDPROC       APP_REPEAT_ISENABLE
  -------         PROC          REPEAT_PRO
  C:2A80H         LINE#         90
  C:2A80H         LINE#         92
  C:2A97H         LINE#         94
  C:2A97H         LINE#         96
  C:2A9DH         LINE#         97
  C:2AA9H         LINE#         98
  C:2AA9H         LINE#         99
  C:2AC2H         LINE#         100
  C:2AC5H         LINE#         101
  C:2ACCH         LINE#         102
  C:2AD1H         LINE#         103
  C:2AD1H         LINE#         104
BL51 BANKED LINKER/LOCATER V6.22                                                      12/06/2017  17:03:25  PAGE 19


  C:2AD2H         LINE#         106
  C:2AD2H         LINE#         107
  C:2ADAH         LINE#         108
  C:2AF2H         LINE#         110
  C:2B01H         LINE#         111
  C:2B14H         LINE#         113
  C:2B19H         LINE#         114
  C:2B19H         LINE#         116
  C:2B1FH         LINE#         117
  C:2B26H         LINE#         119
  C:2B26H         LINE#         120
  C:2B26H         LINE#         121
  C:2B2DH         LINE#         122
  C:2B31H         LINE#         124
  C:2B34H         LINE#         125
  C:2B34H         LINE#         126
  C:2B34H         LINE#         128
  -------         ENDPROC       REPEAT_PRO
  -------         ENDMOD        APP_REPEAT_EXE

  -------         MODULE        APP_2D4
  C:0000H         SYMBOL        _ICE_DUMMY_
  D:0080H         PUBLIC        P0
  D:0090H         PUBLIC        P1
  D:00A0H         PUBLIC        P2
  D:00B0H         PUBLIC        P3
  C:3725H         PUBLIC        app_2d4_init
  D:00D8H         PUBLIC        P5
  C:3A46H         SYMBOL        BT_prev_show_lcd_resp
  D:00A8H         PUBLIC        IE
  C:3A64H         SYMBOL        LED_clear_blink_name_show_lcd_resp
  C:3A37H         SYMBOL        BT_next_show_lcd_resp
  C:3931H         SYMBOL        speaker_status_resp
  D:00B8H         PUBLIC        IP
  C:2C71H         PUBLIC        app_2d4_pro
  D:0098H         PUBLIC        SCON
  D:0088H         PUBLIC        TCON
  C:35A9H         SYMBOL        USB_track_show_lcd_resp
  C:3A19H         SYMBOL        clear_lcd_resp
  C:3A28H         SYMBOL        USB_pause_show_lcd_resp
  C:27F1H         SYMBOL        _?ix1000
  D:00F8H         PUBLIC        SCON_1
  C:3947H         SYMBOL        relay_status_resp
  C:3A55H         SYMBOL        LED_show_blink_name_show_lcd_resp
  I:009DH         PUBLIC        sendBuf
  C:3511H         SYMBOL        FM_station_show_lcd_resp
  I:00ADH         SYMBOL        sendRcv_flag
  D:00E8H         PUBLIC        ADCCON0
  D:00C0H         PUBLIC        I2CON
  C:3B4EH         SYMBOL        AUX_mute_show_lcd_resp
  D:00C8H         PUBLIC        T2CON
  I:00AEH         SYMBOL        rcvBuf
  C:3B45H         SYMBOL        BT_pause_show_lcd_resp
  C:000EH         SYMBOL        vol_resp
  X:0077H         SYMBOL        tmpBuf
  C:005EH         SYMBOL        _app_2d4_Rcv
  C:3347H         PUBLIC        _app_2d4_send
BL51 BANKED LINKER/LOCATER V6.22                                                      12/06/2017  17:03:25  PAGE 20


  D:00D0H         PUBLIC        PSW
  -------         PROC          APP_2D4_INIT
  C:3725H         LINE#         23
  C:3725H         LINE#         25
  C:3729H         LINE#         26
  C:3735H         LINE#         27
  C:3744H         LINE#         29
  C:3747H         LINE#         30
  -------         ENDPROC       APP_2D4_INIT
  -------         PROC          _APP_2D4_SEND
  X:0005H         SYMBOL        d
  X:0008H         SYMBOL        len
  C:3347H         LINE#         35
  C:3355H         LINE#         37
  C:335AH         LINE#         39
  C:335AH         LINE#         41
  C:335DH         LINE#         42
  C:3361H         LINE#         44
  C:337CH         LINE#         45
  C:3397H         LINE#         46
  C:3397H         LINE#         48
  -------         ENDPROC       _APP_2D4_SEND
  -------         PROC          SPEAKER_STATUS_RESP
  C:3931H         LINE#         49
  C:3931H         LINE#         50
  C:3939H         LINE#         51
  C:393DH         LINE#         52
  C:393FH         LINE#         53
  C:3946H         LINE#         54
  C:3946H         LINE#         55
  -------         ENDPROC       SPEAKER_STATUS_RESP
  -------         PROC          RELAY_STATUS_RESP
  C:3947H         LINE#         56
  C:3947H         LINE#         57
  C:394FH         LINE#         58
  C:3953H         LINE#         59
  C:3955H         LINE#         60
  C:395CH         LINE#         61
  C:395CH         LINE#         63
  -------         ENDPROC       RELAY_STATUS_RESP
  -------         PROC          VOL_RESP
  -------         DO            
  X:0009H         SYMBOL        str
  -------         ENDDO         
  C:000EH         LINE#         64
  C:000EH         LINE#         65
  C:0021H         LINE#         68
  C:0024H         LINE#         69
  C:0027H         LINE#         71
  C:0048H         LINE#         72
  -------         ENDPROC       VOL_RESP
  -------         PROC          CLEAR_LCD_RESP
  C:3A19H         LINE#         75
  C:3A19H         LINE#         76
  C:3A22H         LINE#         78
  C:3A25H         LINE#         79
  -------         ENDPROC       CLEAR_LCD_RESP
BL51 BANKED LINKER/LOCATER V6.22                                                      12/06/2017  17:03:25  PAGE 21


  -------         PROC          BT_PAUSE_SHOW_LCD_RESP
  C:3B45H         LINE#         81
  C:3B45H         LINE#         82
  -------         ENDPROC       BT_PAUSE_SHOW_LCD_RESP
  -------         PROC          AUX_MUTE_SHOW_LCD_RESP
  C:3B4EH         LINE#         102
  C:3B4EH         LINE#         103
  -------         ENDPROC       AUX_MUTE_SHOW_LCD_RESP
  -------         PROC          USB_PAUSE_SHOW_LCD_RESP
  C:3A28H         LINE#         106
  C:3A28H         LINE#         107
  C:3A31H         LINE#         108
  C:3A34H         LINE#         109
  -------         ENDPROC       USB_PAUSE_SHOW_LCD_RESP
  -------         PROC          BT_NEXT_SHOW_LCD_RESP
  C:3A37H         LINE#         118
  C:3A37H         LINE#         119
  C:3A40H         LINE#         120
  C:3A43H         LINE#         121
  -------         ENDPROC       BT_NEXT_SHOW_LCD_RESP
  -------         PROC          BT_PREV_SHOW_LCD_RESP
  C:3A46H         LINE#         123
  C:3A46H         LINE#         124
  C:3A4FH         LINE#         125
  C:3A52H         LINE#         126
  -------         ENDPROC       BT_PREV_SHOW_LCD_RESP
  -------         PROC          FM_STATION_SHOW_LCD_RESP
  C:3511H         LINE#         128
  C:3511H         LINE#         129
  C:3532H         LINE#         130
  C:353BH         LINE#         131
  C:353EH         LINE#         132
  C:3541H         LINE#         133
  -------         ENDPROC       FM_STATION_SHOW_LCD_RESP
  -------         PROC          USB_TRACK_SHOW_LCD_RESP
  C:35A9H         LINE#         135
  C:35A9H         LINE#         136
  C:35CCH         LINE#         137
  C:35D5H         LINE#         138
  C:35D8H         LINE#         139
  -------         ENDPROC       USB_TRACK_SHOW_LCD_RESP
  -------         PROC          LED_SHOW_BLINK_NAME_SHOW_LCD_RESP
  C:3A55H         LINE#         141
  C:3A55H         LINE#         143
  C:3A5EH         LINE#         145
  C:3A61H         LINE#         146
  -------         ENDPROC       LED_SHOW_BLINK_NAME_SHOW_LCD_RESP
  -------         PROC          LED_CLEAR_BLINK_NAME_SHOW_LCD_RESP
  C:3A64H         LINE#         148
  C:3A64H         LINE#         150
  C:3A6DH         LINE#         151
  C:3A70H         LINE#         152
  -------         ENDPROC       LED_CLEAR_BLINK_NAME_SHOW_LCD_RESP
  -------         PROC          _APP_2D4_RCV
  X:0003H         SYMBOL        buf
  -------         DO            
  X:0006H         SYMBOL        i
BL51 BANKED LINKER/LOCATER V6.22                                                      12/06/2017  17:03:25  PAGE 22


  X:0007H         SYMBOL        index
  X:0008H         SYMBOL        check
  -------         DO            
  B:0021H.1       SYMBOL        aux_pause_lock
  -------         ENDDO         
  -------         ENDDO         
  C:005EH         LINE#         157
  C:0069H         LINE#         158
  C:006CH         LINE#         159
  C:006EH         LINE#         160
  C:0070H         LINE#         162
  C:007AH         LINE#         164
  C:007AH         LINE#         166
  C:0093H         LINE#         168
  C:0093H         LINE#         169
  C:00BFH         LINE#         170
  C:00D4H         LINE#         171
  C:00DCH         LINE#         172
  C:0102H         LINE#         174
  C:0102H         LINE#         180
  C:0111H         LINE#         181
  C:0116H         LINE#         182
  C:0119H         LINE#         184
  C:015BH         LINE#         185
  C:015BH         LINE#         186
  C:015EH         LINE#         187
  C:0161H         LINE#         188
  C:0161H         LINE#         189
  C:0164H         LINE#         191
  C:0167H         LINE#         192
  C:016AH         LINE#         194
  C:016DH         LINE#         195
  C:0170H         LINE#         196
  C:0173H         LINE#         197
  C:0176H         LINE#         198
  C:0179H         LINE#         200
  C:018EH         LINE#         201
  C:0194H         LINE#         202
  C:019DH         LINE#         203
  C:01A6H         LINE#         204
  C:01B0H         LINE#         205
  C:01CBH         LINE#         206
  C:01D1H         LINE#         207
  C:01DAH         LINE#         208
  C:01E3H         LINE#         209
  C:01EBH         LINE#         210
  C:01EBH         LINE#         211
  C:01EEH         LINE#         212
  C:01EEH         LINE#         233
  C:01EEH         LINE#         234
  C:01EEH         LINE#         235
  C:020CH         LINE#         236
  C:020CH         LINE#         238
  C:0213H         LINE#         239
  C:0216H         LINE#         240
  C:021AH         LINE#         241
  C:021AH         LINE#         242
BL51 BANKED LINKER/LOCATER V6.22                                                      12/06/2017  17:03:25  PAGE 23


  C:021DH         LINE#         243
  C:0220H         LINE#         244
  C:0223H         LINE#         245
  C:0226H         LINE#         247
  C:0229H         LINE#         248
  C:023DH         LINE#         249
  C:024AH         LINE#         250
  C:0260H         LINE#         251
  C:026DH         LINE#         252
  C:0283H         LINE#         253
  C:0290H         LINE#         254
  C:02A6H         LINE#         255
  C:02BDH         LINE#         256
  C:02BDH         LINE#         257
  C:02BDH         LINE#         258
  C:02C0H         LINE#         259
  C:02C0H         LINE#         260
  C:02C0H         LINE#         262
  C:02C0H         LINE#         264
  C:02C0H         LINE#         266
  C:02C0H         LINE#         268
  C:02C0H         LINE#         270
  C:02C3H         LINE#         271
  C:02C6H         LINE#         274
  C:0306H         LINE#         278
  C:0309H         LINE#         279
  C:0309H         LINE#         281
  C:0309H         LINE#         282
  C:0309H         LINE#         284
  C:0309H         LINE#         285
  C:0309H         LINE#         287
  C:0309H         LINE#         288
  C:0309H         LINE#         289
  C:0309H         LINE#         290
  C:0309H         LINE#         291
  C:0309H         LINE#         292
  C:0309H         LINE#         293
  C:0337H         LINE#         294
  C:0337H         LINE#         295
  C:0340H         LINE#         296
  C:0340H         LINE#         302
  C:035BH         LINE#         303
  C:0364H         LINE#         304
  C:036DH         LINE#         305
  C:0375H         LINE#         306
  C:0375H         LINE#         307
  C:0378H         LINE#         308
  C:0378H         LINE#         309
  C:038DH         LINE#         310
  C:039AH         LINE#         311
  C:039AH         LINE#         312
  C:03AFH         LINE#         316
  C:03AFH         LINE#         317
  C:03B2H         LINE#         318
  C:03B2H         LINE#         319
  C:03B2H         LINE#         321
  C:03B5H         LINE#         322
BL51 BANKED LINKER/LOCATER V6.22                                                      12/06/2017  17:03:25  PAGE 24


  C:03B8H         LINE#         324
  C:03BBH         LINE#         325
  C:03BEH         LINE#         326
  C:03C1H         LINE#         327
  C:03C4H         LINE#         328
  C:03C7H         LINE#         330
  C:03CAH         LINE#         331
  C:03DFH         LINE#         332
  C:03E2H         LINE#         333
  C:03E5H         LINE#         334
  C:03E7H         LINE#         335
  C:03E7H         LINE#         336
  C:03FEH         LINE#         337
  C:03FEH         LINE#         338
  C:0419H         LINE#         339
  C:041BH         LINE#         340
  C:0424H         LINE#         341
  C:042DH         LINE#         342
  C:0435H         LINE#         343
  C:0435H         LINE#         344
  C:0435H         LINE#         345
  C:0438H         LINE#         346
  C:0438H         LINE#         347
  C:044CH         LINE#         348
  C:044FH         LINE#         352
  C:046AH         LINE#         353
  C:0473H         LINE#         354
  C:047CH         LINE#         355
  C:0484H         LINE#         356
  C:0484H         LINE#         357
  C:0487H         LINE#         358
  C:0487H         LINE#         359
  C:049CH         LINE#         360
  C:04B0H         LINE#         361
  C:04B9H         LINE#         362
  C:04C2H         LINE#         363
  C:04CAH         LINE#         365
  C:04CDH         LINE#         366
  C:04CDH         LINE#         370
  C:04CDH         LINE#         371
  C:04D0H         LINE#         372
  C:04D0H         LINE#         373
  C:04D0H         LINE#         374
  C:04D0H         LINE#         376
  C:04D0H         LINE#         377
  C:04D0H         LINE#         378
  C:04F9H         LINE#         379
  C:04F9H         LINE#         380
  C:0502H         LINE#         381
  C:050BH         LINE#         382
  C:0514H         LINE#         383
  C:051EH         LINE#         384
  C:0539H         LINE#         385
  C:0542H         LINE#         386
  C:054BH         LINE#         387
  C:0555H         LINE#         388
  C:0555H         LINE#         389
BL51 BANKED LINKER/LOCATER V6.22                                                      12/06/2017  17:03:25  PAGE 25


  C:0558H         LINE#         390
  C:0558H         LINE#         391
  C:055BH         LINE#         392
  C:056FH         LINE#         393
  C:0578H         LINE#         394
  C:0581H         LINE#         395
  C:058BH         LINE#         396
  C:058EH         LINE#         397
  C:058EH         LINE#         398
  C:058EH         LINE#         399
  C:058EH         LINE#         400
  C:05A5H         LINE#         401
  C:05B2H         LINE#         402
  C:05BBH         LINE#         403
  C:05C4H         LINE#         404
  C:05CEH         LINE#         406
  C:05D1H         LINE#         407
  C:05D1H         LINE#         408
  C:05DDH         LINE#         409
  C:05E0H         LINE#         410
  C:05E0H         LINE#         411
  C:05E0H         LINE#         412
  C:05E0H         LINE#         413
  C:05E0H         LINE#         414
  C:05E0H         LINE#         415
  C:05E0H         LINE#         416
  C:05E0H         LINE#         417
  C:05E7H         LINE#         418
  C:05EAH         LINE#         419
  C:05EEH         LINE#         420
  C:05EEH         LINE#         421
  C:05F1H         LINE#         422
  C:05F4H         LINE#         423
  C:05F7H         LINE#         424
  C:05FAH         LINE#         426
  C:05FDH         LINE#         427
  C:0619H         LINE#         428
  C:0622H         LINE#         429
  C:0624H         LINE#         431
  C:065FH         LINE#         432
  C:065FH         LINE#         433
  C:0675H         LINE#         434
  C:0678H         LINE#         435
  C:0678H         LINE#         436
  C:067FH         LINE#         437
  C:0682H         LINE#         438
  C:0686H         LINE#         439
  C:0686H         LINE#         441
  C:0689H         LINE#         442
  C:068CH         LINE#         443
  C:068FH         LINE#         444
  C:0692H         LINE#         446
  C:0695H         LINE#         447
  C:0698H         LINE#         449
  C:06AFH         LINE#         450
  C:06BDH         LINE#         451
  C:06DBH         LINE#         452
BL51 BANKED LINKER/LOCATER V6.22                                                      12/06/2017  17:03:25  PAGE 26


  C:06E4H         LINE#         453
  C:06E6H         LINE#         454
  C:0721H         LINE#         455
  C:0721H         LINE#         456
  C:0737H         LINE#         457
  C:073AH         LINE#         458
  C:073AH         LINE#         459
  C:0750H         LINE#         460
  C:0759H         LINE#         461
  C:0762H         LINE#         462
  C:076CH         LINE#         463
  C:076FH         LINE#         465
  C:076FH         LINE#         466
  C:0784H         LINE#         467
  C:0798H         LINE#         468
  C:07A1H         LINE#         469
  C:07AAH         LINE#         470
  C:07B2H         LINE#         471
  C:07B5H         LINE#         472
  C:07CFH         LINE#         473
  C:07D8H         LINE#         474
  C:07E1H         LINE#         475
  C:07EBH         LINE#         476
  C:07EBH         LINE#         477
  C:07EEH         LINE#         478
  C:07EEH         LINE#         479
  C:07F1H         LINE#         480
  C:07F4H         LINE#         481
  C:080AH         LINE#         482
  C:080EH         LINE#         483
  C:0810H         LINE#         484
  C:0814H         LINE#         485
  C:0814H         LINE#         486
  C:081DH         LINE#         487
  C:0826H         LINE#         488
  C:0830H         LINE#         489
  C:0833H         LINE#         490
  C:0833H         LINE#         503
  C:084BH         LINE#         504
  C:084EH         LINE#         505
  C:0863H         LINE#         506
  C:0877H         LINE#         507
  C:0886H         LINE#         508
  C:0893H         LINE#         509
  C:08A3H         LINE#         510
  C:08A3H         LINE#         511
  C:08ABH         LINE#         512
  C:08B4H         LINE#         513
  C:08BDH         LINE#         514
  C:08C6H         LINE#         515
  C:08C9H         LINE#         517
  C:08E0H         LINE#         522
  C:08E0H         LINE#         523
  C:08E3H         LINE#         524
  C:08E6H         LINE#         525
  C:08E6H         LINE#         526
  C:08E9H         LINE#         527
BL51 BANKED LINKER/LOCATER V6.22                                                      12/06/2017  17:03:25  PAGE 27


  C:08E9H         LINE#         528
  C:0906H         LINE#         529
  C:0920H         LINE#         530
  C:0929H         LINE#         531
  C:0932H         LINE#         532
  C:093EH         LINE#         533
  C:0940H         LINE#         534
  C:0940H         LINE#         535
  C:095DH         LINE#         536
  C:0977H         LINE#         537
  C:0980H         LINE#         538
  C:0989H         LINE#         539
  C:0998H         LINE#         540
  C:099BH         LINE#         541
  C:099BH         LINE#         542
  C:099EH         LINE#         543
  C:09A1H         LINE#         544
  C:09A4H         LINE#         545
  C:09A7H         LINE#         546
  C:09AAH         LINE#         547
  C:09ADH         LINE#         548
  C:09B0H         LINE#         550
  C:09CCH         LINE#         551
  C:09CCH         LINE#         552
  C:09CFH         LINE#         553
  C:09E3H         LINE#         554
  C:09EFH         LINE#         555
  C:0A05H         LINE#         556
  C:0A14H         LINE#         557
  C:0A14H         LINE#         558
  C:0A2AH         LINE#         559
  C:0A2CH         LINE#         560
  C:0A2CH         LINE#         562
  C:0A2CH         LINE#         563
  C:0A2CH         LINE#         564
  C:0A2FH         LINE#         565
  C:0A43H         LINE#         566
  C:0A4FH         LINE#         567
  C:0A65H         LINE#         568
  C:0A74H         LINE#         569
  C:0A74H         LINE#         570
  C:0A8DH         LINE#         571
  C:0A8DH         LINE#         572
  C:0A8DH         LINE#         574
  C:0A8DH         LINE#         575
  C:0A8DH         LINE#         576
  C:0A8DH         LINE#         577
  C:0A8DH         LINE#         579
  C:0A93H         LINE#         580
  C:0A95H         LINE#         582
  C:0A95H         LINE#         584
  -------         ENDPROC       _APP_2D4_RCV
  -------         PROC          APP_2D4_PRO
  -------         DO            
  X:0002H         SYMBOL        i
  -------         ENDDO         
  C:2C71H         LINE#         586
BL51 BANKED LINKER/LOCATER V6.22                                                      12/06/2017  17:03:25  PAGE 28


  C:2C71H         LINE#         587
  C:2C76H         LINE#         588
  C:2C7BH         LINE#         589
  C:2C8BH         LINE#         590
  C:2C8BH         LINE#         592
  C:2C8EH         LINE#         593
  C:2C91H         LINE#         595
  C:2C95H         LINE#         597
  C:2C99H         LINE#         598
  C:2C9AH         LINE#         599
  C:2C9BH         LINE#         600
  C:2CA5H         LINE#         602
  C:2CA8H         LINE#         604
  C:2CADH         LINE#         605
  C:2CAEH         LINE#         606
  C:2CAFH         LINE#         607
  C:2CBAH         LINE#         610
  C:2CBAH         LINE#         611
  C:2CBAH         LINE#         613
  C:2CBAH         LINE#         614
  C:2CBAH         LINE#         615
  C:2CBCH         LINE#         616
  C:2CBCH         LINE#         618
  C:2CBFH         LINE#         619
  C:2CC2H         LINE#         620
  C:2CC2H         LINE#         621
  C:2CC2H         LINE#         623
  C:2CC7H         LINE#         624
  C:2CC8H         LINE#         625
  C:2CC9H         LINE#         626
  C:2CD3H         LINE#         628
  C:2CDEH         LINE#         630
  C:2CDEH         LINE#         631
  C:2CDEH         LINE#         633
  C:2CDEH         LINE#         634
  C:2CECH         LINE#         636
  C:2CF5H         LINE#         637
  C:2CF5H         LINE#         639
  C:2CF5H         LINE#         641
  -------         ENDPROC       APP_2D4_PRO
  -------         ENDMOD        APP_2D4

  -------         MODULE        APP_LCD
  C:0000H         SYMBOL        _ICE_DUMMY_
  D:0080H         PUBLIC        P0
  D:0090H         PUBLIC        P1
  D:00A0H         PUBLIC        P2
  D:00B0H         PUBLIC        P3
  D:00D8H         PUBLIC        P5
  C:341EH         PUBLIC        app_lcd_pro
  D:00A8H         PUBLIC        IE
  D:00B8H         PUBLIC        IP
  D:0098H         PUBLIC        SCON
  D:0088H         PUBLIC        TCON
  X:0066H         SYMBOL        dotn
  D:00F8H         PUBLIC        SCON_1
  C:32F4H         PUBLIC        _app_lcd_default_string_set
BL51 BANKED LINKER/LOCATER V6.22                                                      12/06/2017  17:03:25  PAGE 29


  D:00E8H         PUBLIC        ADCCON0
  D:00C0H         PUBLIC        I2CON
  D:00C8H         PUBLIC        T2CON
  C:3986H         PUBLIC        app_lcd_init
  X:0067H         SYMBOL        lcd_default_string
  D:00D0H         PUBLIC        PSW
  -------         PROC          APP_LCD_INIT
  C:3986H         LINE#         13
  C:3986H         LINE#         14
  C:398BH         LINE#         15
  -------         ENDPROC       APP_LCD_INIT
  -------         PROC          _APP_LCD_DEFAULT_STRING_SET
  X:0009H         SYMBOL        s
  X:000CH         SYMBOL        len
  X:000DH         SYMBOL        _dotn
  C:32F4H         LINE#         17
  C:3302H         LINE#         18
  C:3328H         LINE#         19
  C:3332H         LINE#         20
  C:333EH         LINE#         21
  C:333EH         LINE#         22
  C:3346H         LINE#         23
  -------         ENDPROC       _APP_LCD_DEFAULT_STRING_SET
  -------         PROC          APP_LCD_PRO
  C:341EH         LINE#         25
  C:341EH         LINE#         27
  C:3423H         LINE#         28
  C:342CH         LINE#         29
  C:3432H         LINE#         30
  C:3435H         LINE#         31
  C:3438H         LINE#         32
  C:343FH         LINE#         33
  C:3442H         LINE#         34
  C:3442H         LINE#         35
  C:344BH         LINE#         36
  C:344EH         LINE#         37
  C:3451H         LINE#         39
  C:3458H         LINE#         40
  C:345BH         LINE#         41
  C:345EH         LINE#         42
  C:345EH         LINE#         43
  C:345EH         LINE#         45
  -------         ENDPROC       APP_LCD_PRO
  -------         ENDMOD        APP_LCD

  -------         MODULE        BSP
  C:0000H         SYMBOL        _ICE_DUMMY_
  D:0080H         PUBLIC        P0
  D:0090H         PUBLIC        P1
  D:00A0H         PUBLIC        P2
  D:00B0H         PUBLIC        P3
  D:00D8H         PUBLIC        P5
  B:00A8H.7       PUBLIC        EA
  D:00A8H         PUBLIC        IE
  D:00B8H         PUBLIC        IP
  B:0021H.2       PUBLIC        BIT_TMP
  D:0098H         PUBLIC        SCON
BL51 BANKED LINKER/LOCATER V6.22                                                      12/06/2017  17:03:25  PAGE 30


  D:0088H         PUBLIC        TCON
  C:3895H         PUBLIC        bsp_Init
  D:00F8H         PUBLIC        SCON_1
  D:00E8H         PUBLIC        ADCCON0
  D:00C0H         PUBLIC        I2CON
  D:00C8H         PUBLIC        T2CON
  D:00D0H         PUBLIC        PSW
  -------         PROC          BSP_INIT
  C:3895H         LINE#         5
  C:3895H         LINE#         10
  C:3898H         LINE#         12
  C:389BH         LINE#         14
  C:389EH         LINE#         15
  C:38A1H         LINE#         16
  C:38A4H         LINE#         19
  C:38A7H         LINE#         21
  C:38AAH         LINE#         23
  C:38ADH         LINE#         25
  C:38AFH         LINE#         26
  -------         ENDPROC       BSP_INIT
  -------         ENDMOD        BSP

  -------         MODULE        BSP_KEY
  C:0000H         SYMBOL        _ICE_DUMMY_
  D:00B1H         PUBLIC        P0M1
  D:00B2H         PUBLIC        P0M2
  D:0080H         PUBLIC        P0
  D:0090H         PUBLIC        P1
  D:00A0H         PUBLIC        P2
  C:2F4AH         SYMBOL        _IsKeyDown
  D:00B0H         PUBLIC        P3
  D:00D8H         PUBLIC        P5
  C:399AH         PUBLIC        _bsp_PutKey
  D:00A8H         PUBLIC        IE
  C:29C8H         SYMBOL        bsp_InitKeyVar
  X:0092H         PUBLIC        pBtn
  D:00B8H         PUBLIC        IP
  C:39E7H         SYMBOL        IsKeyDown_1AND6
  C:3879H         PUBLIC        bsp_GetKey2
  C:2232H         SYMBOL        _bsp_DetectKey
  B:0080H.2       PUBLIC        P02
  C:3B60H         SYMBOL        IsKeyDown1
  D:0098H         PUBLIC        SCON
  C:3A73H         SYMBOL        IsKeyDown2
  D:0088H         PUBLIC        TCON
  C:3C27H         SYMBOL        IsKeyDown3
  C:3C2DH         SYMBOL        IsKeyDown4
  C:3ACDH         SYMBOL        IsKeyDown5
  C:3A82H         SYMBOL        IsKeyDown6
  C:3A91H         SYMBOL        IsKeyDown7
  C:3AA0H         SYMBOL        IsKeyDown8
  C:3AAFH         SYMBOL        IsKeyDown9
  C:3C39H         PUBLIC        bsp_ClearKey
  X:0095H         PUBLIC        min
  D:00F8H         PUBLIC        SCON_1
  X:0097H         PUBLIC        max
  C:38B0H         PUBLIC        bsp_KeyScan
BL51 BANKED LINKER/LOCATER V6.22                                                      12/06/2017  17:03:25  PAGE 31


  D:00E8H         PUBLIC        ADCCON0
  D:00C0H         PUBLIC        I2CON
  D:00C8H         PUBLIC        T2CON
  C:3C33H         PUBLIC        bsp_InitKey
  C:3B9BH         SYMBOL        bsp_InitKeyHard
  I:0022H         SYMBOL        s_tBtn
  I:0090H         SYMBOL        s_tKey
  C:385DH         PUBLIC        bsp_GetKey
  C:376FH         PUBLIC        _bsp_SetKeyParam
  C:3B27H         PUBLIC        _bsp_GetKeyState
  D:00D0H         PUBLIC        PSW
  -------         PROC          ISKEYDOWN1
  C:3B60H         LINE#         59
  C:3B60H         LINE#         60
  C:3B63H         LINE#         61
  C:3B66H         LINE#         62
  C:3B66H         LINE#         63
  C:3B68H         LINE#         64
  C:3B68H         LINE#         65
  -------         ENDPROC       ISKEYDOWN1
  -------         PROC          L?0067
  -------         ENDPROC       L?0067
  -------         PROC          _ISKEYDOWN
  D:0006H         SYMBOL        key_ad
  D:0004H         SYMBOL        result_ad
  C:2F4AH         LINE#         68
  C:2F4AH         LINE#         69
  C:2F6FH         LINE#         70
  C:2F8EH         LINE#         72
  C:2FA7H         LINE#         73
[...]
  C:365EH         LINE#         216
  -------         ENDPROC       _INITIALUART0_TIMER1_TYPE4
  -------         PROC          _INITIALUART0_TIMER3_TYPE5
  X:009EH         SYMBOL        u32Baudrate
  C:2FA8H         LINE#         218
  C:2FAEH         LINE#         219
  C:2FAEH         LINE#         220
  C:2FB1H         LINE#         221
  C:2FB4H         LINE#         222
  C:2FB7H         LINE#         223
  C:2FBAH         LINE#         226
  C:2FE8H         LINE#         227
  C:3007H         LINE#         233
  C:300AH         LINE#         234
  -------         ENDPROC       _INITIALUART0_TIMER3_TYPE5
  -------         PROC          _INITIALUART0_TIMER3_TYPE6
  X:00A2H         SYMBOL        u32Baudrate
  C:300BH         LINE#         236
  C:3011H         LINE#         237
  C:3011H         LINE#         238
  C:3014H         LINE#         239
  C:3017H         LINE#         240
  C:301AH         LINE#         241
  C:301DH         LINE#         244
  C:304BH         LINE#         245
  C:306AH         LINE#         251
  C:306DH         LINE#         252
  -------         ENDPROC       _INITIALUART0_TIMER3_TYPE6
  -------         PROC          _INITIALUART1_TIMER3
  X:00A6H         SYMBOL        u32Baudrate
  C:312EH         LINE#         254
  C:3134H         LINE#         255
  C:3134H         LINE#         256
  C:3137H         LINE#         257
  C:313AH         LINE#         260
  C:3168H         LINE#         261
  C:3187H         LINE#         267
  C:318AH         LINE#         268
  -------         ENDPROC       _INITIALUART1_TIMER3
  -------         PROC          RECEIVE_DATA_FROM_UART0
BL51 BANKED LINKER/LOCATER V6.22                                                      12/06/2017  17:03:25  PAGE 67


  -------         DO            
  D:0007H         SYMBOL        c
  -------         ENDDO         
  C:3B7BH         LINE#         280
  C:3B7BH         LINE#         283
  C:3B7EH         LINE#         285
  C:3B80H         LINE#         286
  C:3B82H         LINE#         287
  C:3B82H         LINE#         288
  -------         ENDPROC       RECEIVE_DATA_FROM_UART0
  -------         PROC          _SEND_DATA_TO_UART0
  D:0007H         SYMBOL        c
  C:3B83H         LINE#         300
  C:3B83H         LINE#         301
  C:3B85H         LINE#         302
  C:3B87H         LINE#         303
  C:3B8AH         LINE#         305
  -------         ENDPROC       _SEND_DATA_TO_UART0
  -------         PROC          RECEIVE_DATA_FROM_UART1
  -------         DO            
  D:0007H         SYMBOL        c
  -------         ENDDO         
  C:3B8BH         LINE#         317
  C:3B8BH         LINE#         320
  C:3B8EH         LINE#         322
  C:3B90H         LINE#         323
  C:3B92H         LINE#         324
  C:3B92H         LINE#         325
  -------         ENDPROC       RECEIVE_DATA_FROM_UART1
  -------         PROC          _SEND_DATA_TO_UART1
  D:0007H         SYMBOL        c
  C:3B93H         LINE#         337
  C:3B93H         LINE#         338
  C:3B95H         LINE#         339
  C:3B97H         LINE#         340
  C:3B9AH         LINE#         342
  -------         ENDPROC       _SEND_DATA_TO_UART1
  -------         PROC          SET_ALL_GPIO_QUASI_MODE
  C:38E5H         LINE#         344
  C:38E5H         LINE#         345
  C:38E8H         LINE#         346
  C:38EAH         LINE#         347
  C:38ECH         LINE#         348
  C:38EEH         LINE#         349
  C:38F0H         LINE#         350
  C:38F2H         LINE#         351
  C:38F4H         LINE#         352
  C:38F6H         LINE#         353
  C:38F8H         LINE#         354
  C:38FAH         LINE#         355
  C:38FCH         LINE#         356
  C:38FEH         LINE#         357
  -------         ENDPROC       SET_ALL_GPIO_QUASI_MODE
  -------         PROC          SET_ALL_GPIO_INPUT_MODE
  C:381EH         LINE#         359
  C:381EH         LINE#         360
  C:3821H         LINE#         361
BL51 BANKED LINKER/LOCATER V6.22                                                      12/06/2017  17:03:25  PAGE 68


  C:3824H         LINE#         362
  C:3827H         LINE#         363
  C:3829H         LINE#         364
  C:382CH         LINE#         365
  C:382EH         LINE#         366
  C:3831H         LINE#         367
  C:3833H         LINE#         368
  C:3836H         LINE#         369
  C:3838H         LINE#         370
  C:383BH         LINE#         371
  C:383DH         LINE#         372
  -------         ENDPROC       SET_ALL_GPIO_INPUT_MODE
  -------         PROC          SW_RESET
  C:38FFH         LINE#         375
  C:38FFH         LINE#         376
  C:3902H         LINE#         377
  C:3905H         LINE#         378
  C:3918H         LINE#         380
  -------         ENDPROC       SW_RESET
  -------         PROC          FSYS_CLOCK_OUTPUT_ON_P26
  C:3C51H         LINE#         382
  C:3C51H         LINE#         383
  C:3C54H         LINE#         384
  -------         ENDPROC       FSYS_CLOCK_OUTPUT_ON_P26
  -------         PROC          _PUTCHAR
  D:0007H         SYMBOL        c
  C:349EH         LINE#         393
  C:349EH         LINE#         431
  C:34A3H         LINE#         432
  C:34A6H         LINE#         433
  C:34ABH         LINE#         434
  C:34ABH         LINE#         435
  C:34ADH         LINE#         436
  C:34B0H         LINE#         438
  C:34B5H         LINE#         439
  C:34B7H         LINE#         440
  C:34B7H         LINE#         441
  C:34B7H         LINE#         442
  C:34BAH         LINE#         444
  C:34BCH         LINE#         445
  C:34BFH         LINE#         446
  C:34BFH         LINE#         447
  C:34C2H         LINE#         448
  C:34C7H         LINE#         449
  C:34C7H         LINE#         450
  C:34C9H         LINE#         451
  C:34CCH         LINE#         453
  C:34D1H         LINE#         454
  C:34D3H         LINE#         455
  C:34D3H         LINE#         456
  C:34D3H         LINE#         457
  C:34D6H         LINE#         459
  C:34D8H         LINE#         460
  C:34DAH         LINE#         462
  -------         ENDPROC       _PUTCHAR
  -------         ENDMOD        COMMON

BL51 BANKED LINKER/LOCATER V6.22                                                      12/06/2017  17:03:25  PAGE 69


  -------         MODULE        DELAY
  C:0000H         SYMBOL        _ICE_DUMMY_
  D:0080H         PUBLIC        P0
  D:0090H         PUBLIC        P1
  D:00A0H         PUBLIC        P2
  D:00B0H         PUBLIC        P3
  D:008FH         PUBLIC        WKCON
  D:00D8H         PUBLIC        P5
  D:00A8H         PUBLIC        IE
  D:00B8H         PUBLIC        IP
  C:3242H         PUBLIC        _Timer0_Delay1ms
  C:329BH         PUBLIC        _Timer1_Delay1ms
  C:31E7H         PUBLIC        _Timer3_Delay1ms
  D:0098H         PUBLIC        SCON
  D:0089H         PUBLIC        TMOD
  D:0088H         PUBLIC        TCON
  C:2CF6H         PUBLIC        _?Random_Delay
  C:37FDH         PUBLIC        _Delay10us
  D:00F8H         PUBLIC        SCON_1
  B:0088H.5       PUBLIC        TF0
  B:0088H.7       PUBLIC        TF1
  D:008CH         PUBLIC        TH0
  D:00C6H         PUBLIC        R3H
  D:008DH         PUBLIC        TH1
  D:008AH         PUBLIC        TL0
  C:306EH         PUBLIC        _WakeUp_Timer_Delay25ms
  D:00C5H         PUBLIC        R3L
  D:008BH         PUBLIC        TL1
  B:0088H.4       PUBLIC        TR0
  B:0088H.6       PUBLIC        TR1
  D:00E8H         PUBLIC        ADCCON0
  D:00C0H         PUBLIC        I2CON
  D:00C8H         PUBLIC        T2CON
  D:00C4H         PUBLIC        T3CON
  D:008EH         PUBLIC        CKCON
  D:0086H         PUBLIC        RWK
  D:00D0H         PUBLIC        PSW
  -------         PROC          _?RANDOM_DELAY
  -------         DO            
  x:0000H         SYMBOL        u32CNT
  x:0004H         SYMBOL        u32Tmp
  -------         ENDDO         
  C:2CF6H         LINE#         36
  C:2CFCH         LINE#         37
  C:2CFCH         LINE#         41
  C:2D27H         LINE#         42
  C:2D27H         LINE#         43
  C:2D4CH         LINE#         44
  C:2D73H         LINE#         45
  -------         ENDPROC       _?RANDOM_DELAY
  -------         PROC          _DELAY10US
  D:0006H         SYMBOL        u16CNT
  C:37FDH         LINE#         47
  C:37FDH         LINE#         48
  C:3800H         LINE#         49
  C:3803H         LINE#         50
  C:3805H         LINE#         51
BL51 BANKED LINKER/LOCATER V6.22                                                      12/06/2017  17:03:25  PAGE 70


  C:3809H         LINE#         52
  C:380CH         LINE#         53
  C:380FH         LINE#         54
  C:3812H         LINE#         56
  C:3814H         LINE#         57
  C:3819H         LINE#         58
  C:381BH         LINE#         59
  C:381DH         LINE#         60
  -------         ENDPROC       _DELAY10US
  -------         PROC          _TIMER0_DELAY1MS
  X:00AAH         SYMBOL        u32CNT
  C:3242H         LINE#         62
  C:3248H         LINE#         63
  C:324BH         LINE#         64
  C:324EH         LINE#         65
  C:3250H         LINE#         66
  C:3269H         LINE#         67
  C:326CH         LINE#         68
  C:326FH         LINE#         69
  C:3272H         LINE#         71
  C:3274H         LINE#         72
  C:3296H         LINE#         73
  C:3298H         LINE#         74
  C:329AH         LINE#         75
  -------         ENDPROC       _TIMER0_DELAY1MS
  -------         PROC          _TIMER1_DELAY1MS
  X:00AEH         SYMBOL        u32CNT
  C:329BH         LINE#         77
  C:32A1H         LINE#         78
  C:32A4H         LINE#         79
  C:32A7H         LINE#         80
  C:32A9H         LINE#         81
  C:32C2H         LINE#         82
  C:32C5H         LINE#         83
  C:32C8H         LINE#         84
  C:32CBH         LINE#         86
  C:32CDH         LINE#         87
  C:32EFH         LINE#         88
  C:32F1H         LINE#         89
  C:32F3H         LINE#         90
  -------         ENDPROC       _TIMER1_DELAY1MS
  -------         PROC          _TIMER3_DELAY1MS
  X:00B2H         SYMBOL        u32CNT
  C:31E7H         LINE#         92
  C:31EDH         LINE#         93
  C:31F0H         LINE#         94
  C:31F3H         LINE#         95
  C:320CH         LINE#         96
  C:320FH         LINE#         97
  C:3212H         LINE#         98
  C:3217H         LINE#         100
  C:321AH         LINE#         101
  C:323CH         LINE#         102
  C:323EH         LINE#         103
  C:3241H         LINE#         104
  -------         ENDPROC       _TIMER3_DELAY1MS
  -------         PROC          _WAKEUP_TIMER_DELAY25MS
BL51 BANKED LINKER/LOCATER V6.22                                                      12/06/2017  17:03:25  PAGE 71


  X:00B6H         SYMBOL        u32CNT
  C:306EH         LINE#         106
  C:3074H         LINE#         107
  C:3074H         LINE#         108
  C:3077H         LINE#         109
  C:307AH         LINE#         110
  C:307DH         LINE#         112
  C:3080H         LINE#         114
  C:3083H         LINE#         115
  C:3086H         LINE#         116
  C:309FH         LINE#         117
  C:30A4H         LINE#         119
  C:30A7H         LINE#         120
  C:30C9H         LINE#         121
  C:30CBH         LINE#         122
  C:30CEH         LINE#         123
  -------         ENDPROC       _WAKEUP_TIMER_DELAY25MS
  -------         ENDMOD        DELAY

  -------         MODULE        VERSION
  C:0000H         SYMBOL        _ICE_DUMMY_
  D:0080H         PUBLIC        P0
  D:0090H         PUBLIC        P1
  D:00A0H         PUBLIC        P2
  D:00B0H         PUBLIC        P3
  D:00D8H         PUBLIC        P5
  D:00A8H         PUBLIC        IE
  D:00B8H         PUBLIC        IP
  D:0098H         PUBLIC        SCON
  D:0088H         PUBLIC        TCON
  D:00F8H         PUBLIC        SCON_1
  C:30CFH         PUBLIC        Show_FW_Version_Number_To_PC
  D:00E8H         PUBLIC        ADCCON0
  D:00C0H         PUBLIC        I2CON
  D:00C8H         PUBLIC        T2CON
  D:00D0H         PUBLIC        PSW
  -------         PROC          SHOW_FW_VERSION_NUMBER_TO_PC
  C:30CFH         LINE#         32
  C:30CFH         LINE#         33
  C:30CFH         LINE#         34
  C:30D8H         LINE#         35
  C:30E1H         LINE#         36
  C:30EAH         LINE#         37
  C:3104H         LINE#         38
  C:3125H         LINE#         39
  -------         ENDPROC       SHOW_FW_VERSION_NUMBER_TO_PC
  -------         ENDMOD        VERSION

  -------         MODULE        ?C_STARTUP
  C:2BD7H         SEGMENT       ?C_C51STARTUP
  I:00BEH         SEGMENT       ?STACK
  C:0000H         PUBLIC        ?C_STARTUP
  D:00E0H         SYMBOL        ACC
  D:00F0H         SYMBOL        B
  D:0083H         SYMBOL        DPH
  D:0082H         SYMBOL        DPL
  N:0000H         SYMBOL        IBPSTACK
BL51 BANKED LINKER/LOCATER V6.22                                                      12/06/2017  17:03:25  PAGE 72


  N:0100H         SYMBOL        IBPSTACKTOP
  N:0080H         SYMBOL        IDATALEN
  C:2BDAH         SYMBOL        IDATALOOP
  N:0000H         SYMBOL        PBPSTACK
  N:0000H         SYMBOL        PBPSTACKTOP
  N:0000H         SYMBOL        PDATALEN
  N:0000H         SYMBOL        PDATASTART
  N:0000H         SYMBOL        PPAGE
  N:0000H         SYMBOL        PPAGEENABLE
  D:00A0H         SYMBOL        PPAGE_SFR
  D:0081H         SYMBOL        SP
  C:2BD7H         SYMBOL        STARTUP1
  N:0000H         SYMBOL        XBPSTACK
  N:0000H         SYMBOL        XBPSTACKTOP
  N:00FFH         SYMBOL        XDATALEN
  C:2BE5H         SYMBOL        XDATALOOP
  N:0000H         SYMBOL        XDATASTART
  C:0000H         LINE#         92
  C:2BD7H         LINE#         99
  C:2BD9H         LINE#         100
  C:2BDAH         LINE#         101
  C:2BDBH         LINE#         102
  C:2BDDH         LINE#         106
  C:2BE0H         LINE#         107
  C:2BE2H         LINE#         109
  C:2BE4H         LINE#         113
  C:2BE5H         LINE#         114
  C:2BE6H         LINE#         115
  C:2BE7H         LINE#         116
  C:2BE9H         LINE#         117
  C:2BEBH         LINE#         151
  C:2BEEH         LINE#         155
  -------         ENDMOD        ?C_STARTUP

  -------         MODULE        ?C?COPY
  C:1A14H         PUBLIC        ?C?COPY
  -------         ENDMOD        ?C?COPY

  -------         MODULE        ?C?CLDPTR
  C:1A3AH         PUBLIC        ?C?CLDPTR
  -------         ENDMOD        ?C?CLDPTR

  -------         MODULE        ?C?CLDOPTR
  C:1A53H         PUBLIC        ?C?CLDOPTR
  -------         ENDMOD        ?C?CLDOPTR

  -------         MODULE        ?C?CILDOPTR
  C:1A80H         PUBLIC        ?C?CILDOPTR
  -------         ENDMOD        ?C?CILDOPTR

  -------         MODULE        ?C?CSTOPTR
  C:1AB3H         PUBLIC        ?C?CSTOPTR
  -------         ENDMOD        ?C?CSTOPTR

  -------         MODULE        ?C?IILDX
  C:1AD5H         PUBLIC        ?C?IILDX
  -------         ENDMOD        ?C?IILDX
BL51 BANKED LINKER/LOCATER V6.22                                                      12/06/2017  17:03:25  PAGE 73



  -------         MODULE        ?C?ILDOPTR
  C:1AEBH         PUBLIC        ?C?ILDOPTR
  -------         ENDMOD        ?C?ILDOPTR

  -------         MODULE        ?C?IILDOPTR
  C:1B23H         PUBLIC        ?C?IILDOPTR
  -------         ENDMOD        ?C?IILDOPTR

  -------         MODULE        ?C?ISTOPTR
  C:1B70H         PUBLIC        ?C?ISTOPTR
  -------         ENDMOD        ?C?ISTOPTR

  -------         MODULE        ?C?ULDIV
  C:1BD9H         PUBLIC        ?C?ULDIV
  -------         ENDMOD        ?C?ULDIV

  -------         MODULE        ?C?ULCMP
  C:1C6BH         PUBLIC        ?C?ULCMP
  -------         ENDMOD        ?C?ULCMP

  -------         MODULE        ?C?ULSHR
  C:1C7CH         PUBLIC        ?C?ULSHR
  -------         ENDMOD        ?C?ULSHR

  -------         MODULE        ?C?LSTXDATA
  C:1C8FH         PUBLIC        ?C?LSTXDATA
  -------         ENDMOD        ?C?LSTXDATA

  -------         MODULE        ?C?LSTKXDATA
  C:1C9BH         PUBLIC        ?C?LSTKXDATA
  -------         ENDMOD        ?C?LSTKXDATA

  -------         MODULE        ?C?PLDPTR
  C:1CCCH         PUBLIC        ?C?PLDPTR
  -------         ENDMOD        ?C?PLDPTR

  -------         MODULE        ?C?CCASE
  C:1CECH         PUBLIC        ?C?CCASE
  -------         ENDMOD        ?C?CCASE

  -------         MODULE        ?C?ICALL
  C:1D12H         PUBLIC        ?C?ICALL
  C:1D16H         PUBLIC        ?C?ICALL2
  -------         ENDMOD        ?C?ICALL

  -------         MODULE        ?C_XBP
  D:000DH         PUBLIC        ?C_XBP
  -------         ENDMOD        ?C_XBP

  -------         MODULE        ?C?ADDXBP
  C:1D18H         PUBLIC        ?C?ADDXBP
  -------         ENDMOD        ?C?ADDXBP

  -------         MODULE        ?C?XBPOFF
  C:1D3CH         PUBLIC        ?C?XBPOFF
  -------         ENDMOD        ?C?XBPOFF
BL51 BANKED LINKER/LOCATER V6.22                                                      12/06/2017  17:03:25  PAGE 74



  -------         MODULE        PRINTF
  X:0019H         PUBLIC        ?_PRINTF517?BYTE
  X:0019H         PUBLIC        ?_PRINTF?BYTE
  X:0019H         PUBLIC        ?_SPRINTF517?BYTE
  X:0019H         PUBLIC        ?_SPRINTF?BYTE
  C:1F38H         PUBLIC        _PRINTF
  C:1F38H         PUBLIC        _PRINTF517
  C:1F32H         PUBLIC        _SPRINTF
  C:1F32H         PUBLIC        _SPRINTF517
  -------         ENDMOD        PRINTF

  -------         MODULE        ?C?STRCPY
  C:1E15H         PUBLIC        ?C?STRCPY
  -------         ENDMOD        ?C?STRCPY

  -------         MODULE        STRNCPY
  X:000EH         PUBLIC        ?_strncpy?BYTE
  C:2ED9H         PUBLIC        _strncpy
  -------         ENDMOD        STRNCPY

  -------         MODULE        STRLEN
  C:395DH         PUBLIC        _STRLEN
  -------         ENDMOD        STRLEN

  -------         MODULE        ?C?MEMSET
  C:1E32H         PUBLIC        ?C?MEMSET
  -------         ENDMOD        ?C?MEMSET

  -------         MODULE        ?C?CSTPTR
  C:1E5EH         PUBLIC        ?C?CSTPTR
  -------         ENDMOD        ?C?CSTPTR

  -------         MODULE        ?C?ILDIX
  C:1E70H         PUBLIC        ?C?ILDIX
  -------         ENDMOD        ?C?ILDIX

  -------         MODULE        ?C?PLDIDATA
  C:1E86H         PUBLIC        ?C?PLDIDATA
  -------         ENDMOD        ?C?PLDIDATA

  -------         MODULE        ?C?PLDXDATA
  C:1E8FH         PUBLIC        ?C?PLDXDATA
  -------         ENDMOD        ?C?PLDXDATA

  -------         MODULE        ?C?PLDIXDATA
  C:1E98H         PUBLIC        ?C?PLDIXDATA
  -------         ENDMOD        ?C?PLDIXDATA

  -------         MODULE        ?C?PSTXDATA
  C:1EAFH         PUBLIC        ?C?PSTXDATA
  -------         ENDMOD        ?C?PSTXDATA

  -------         MODULE        ?C?PLDPDATA
  C:1EB8H         PUBLIC        ?C?PLDPDATA
  -------         ENDMOD        ?C?PLDPDATA

BL51 BANKED LINKER/LOCATER V6.22                                                      12/06/2017  17:03:25  PAGE 75


  -------         MODULE        ?C?PLDCODE
  C:1EC1H         PUBLIC        ?C?PLDCODE
  -------         ENDMOD        ?C?PLDCODE

Program Size: data=185.3 xdata=190 code=15463
LINK/LOCATE RUN COMPLETE.  0 WARNING(S),  0 ERROR(S)
