BL51 BANKED LINKER/LOCATER V6.22                                                        11/01/2017  06:16:47  PAGE 1


BL51 BANKED LINKER/LOCATER V6.22, INVOKED BY:
C:\KEIL_V5\C51\BIN\BL51.EXE .\Out\Objects\main.obj, .\Out\Objects\app_key.obj, .\Out\Objects\app_work.obj, .\Out\Objects
>> \app_repeat_exe.obj, .\Out\Objects\app_2d4.obj, .\Out\Objects\app_lcd.obj, .\Out\Objects\bsp.obj, .\Out\Objects\bsp_k
>> ey.obj, .\Out\Objects\bsp_display.obj, .\Out\Objects\bsp_timer0.obj, .\Out\Objects\bsp_adc.obj, .\Out\Objects\bsp_key
>> Bright.obj, .\Out\Objects\bsp_lcdBright.obj, .\Out\Objects\bsp_2d4.obj, .\Out\Objects\Common.obj, .\Out\Objects\Delay
>> .obj, .\Out\Objects\Version.obj, .\Out\Objects\STARTUP.obj TO .\Out\Objects\project PRINT (.\Out\Listings\project.m51
>> ) RAMSIZE (256) DISABLEWARNING (16)


MEMORY MODEL: LARGE


INPUT MODULES INCLUDED:
  .\Out\Objects\main.obj (MAIN)
  .\Out\Objects\app_key.obj (APP_KEY)
  .\Out\Objects\app_work.obj (APP_WORK)
  .\Out\Objects\app_repeat_exe.obj (APP_REPEAT_EXE)
  .\Out\Objects\app_2d4.obj (APP_2D4)
  .\Out\Objects\app_lcd.obj (APP_LCD)
  .\Out\Objects\bsp.obj (BSP)
  .\Out\Objects\bsp_key.obj (BSP_KEY)
  .\Out\Objects\bsp_display.obj (BSP_DISPLAY)
  .\Out\Objects\bsp_timer0.obj (BSP_TIMER0)
  .\Out\Objects\bsp_adc.obj (BSP_ADC)
  .\Out\Objects\bsp_keyBright.obj (BSP_KEYBRIGHT)
  .\Out\Objects\bsp_lcdBright.obj (BSP_LCDBRIGHT)
  .\Out\Objects\bsp_2d4.obj (BSP_2D4)
  .\Out\Objects\Common.obj (COMMON)
  .\Out\Objects\Delay.obj (DELAY)
  .\Out\Objects\Version.obj (VERSION)
  .\Out\Objects\STARTUP.obj (?C_STARTUP)
  C:\KEIL_V5\C51\LIB\C51L.LIB (?C_INIT)
  C:\KEIL_V5\C51\LIB\C51L.LIB (?C?COPY)
  C:\KEIL_V5\C51\LIB\C51L.LIB (?C?CLDPTR)
  C:\KEIL_V5\C51\LIB\C51L.LIB (?C?CLDOPTR)
  C:\KEIL_V5\C51\LIB\C51L.LIB (?C?CILDOPTR)
  C:\KEIL_V5\C51\LIB\C51L.LIB (?C?CSTOPTR)
  C:\KEIL_V5\C51\LIB\C51L.LIB (?C?IILDX)
  C:\KEIL_V5\C51\LIB\C51L.LIB (?C?ILDOPTR)
  C:\KEIL_V5\C51\LIB\C51L.LIB (?C?IILDOPTR)
  C:\KEIL_V5\C51\LIB\C51L.LIB (?C?ISTOPTR)
  C:\KEIL_V5\C51\LIB\C51L.LIB (?C?ULDIV)
  C:\KEIL_V5\C51\LIB\C51L.LIB (?C?ULCMP)
  C:\KEIL_V5\C51\LIB\C51L.LIB (?C?ULSHR)
  C:\KEIL_V5\C51\LIB\C51L.LIB (?C?LSTXDATA)
  C:\KEIL_V5\C51\LIB\C51L.LIB (?C?LSTKXDATA)
  C:\KEIL_V5\C51\LIB\C51L.LIB (?C?PLDPTR)
  C:\KEIL_V5\C51\LIB\C51L.LIB (?C?CCASE)
  C:\KEIL_V5\C51\LIB\C51L.LIB (?C?ICALL)
  C:\KEIL_V5\C51\LIB\C51L.LIB (?C_XBP)
  C:\KEIL_V5\C51\LIB\C51L.LIB (?C?ADDXBP)
  C:\KEIL_V5\C51\LIB\C51L.LIB (?C?XBPOFF)
  C:\KEIL_V5\C51\LIB\C51L.LIB (PRINTF)
  C:\KEIL_V5\C51\LIB\C51L.LIB (?C?STRCPY)
  C:\KEIL_V5\C51\LIB\C51L.LIB (STRNCPY)
  C:\KEIL_V5\C51\LIB\C51L.LIB (STRLEN)
  C:\KEIL_V5\C51\LIB\C51L.LIB (?C?MEMSET)
  C:\KEIL_V5\C51\LIB\C51L.LIB (?C?CSTPTR)
BL51 BANKED LINKER/LOCATER V6.22                                                      11/01/2017  06:16:47  PAGE 2


  C:\KEIL_V5\C51\LIB\C51L.LIB (?C?ILDIX)
  C:\KEIL_V5\C51\LIB\C51L.LIB (?C?PLDIDATA)
  C:\KEIL_V5\C51\LIB\C51L.LIB (?C?PLDXDATA)
  C:\KEIL_V5\C51\LIB\C51L.LIB (?C?PLDIXDATA)
  C:\KEIL_V5\C51\LIB\C51L.LIB (?C?PSTXDATA)
  C:\KEIL_V5\C51\LIB\C51L.LIB (?C?PLDPDATA)
  C:\KEIL_V5\C51\LIB\C51L.LIB (?C?PLDCODE)


LINK MAP OF MODULE:  .\Out\Objects\project (MAIN)


            TYPE    BASE      LENGTH    RELOCATION   SEGMENT NAME
            -----------------------------------------------------

            * * * * * * *   D A T A   M E M O R Y   * * * * * * *
            REG     0000H     0008H     ABSOLUTE     "REG BANK 0"
            DATA    0008H     0005H     UNIT         _DATA_GROUP_
            DATA    000DH     0002H     UNIT         ?C?LIB_DATA
            IDATA   000FH     0006H     UNIT         ?ID?APP_WORK
            IDATA   0015H     0005H     UNIT         ?ID?BSP_ADC
                    001AH     0006H                  *** GAP ***
            BIT     0020H.0   0001H.1   UNIT         _BIT_GROUP_
            BIT     0021H.1   0000H.1   UNIT         ?BI?BSP
                    0021H.2   0000H.6                *** GAP ***
            IDATA   0022H     007BH     UNIT         ?ID?BSP_KEY
            IDATA   009DH     0021H     UNIT         ?ID?APP_2D4
            IDATA   00BEH     0001H     UNIT         ?STACK

            * * * * * * *  X D A T A   M E M O R Y  * * * * * * *
            XDATA   0000H     0040H     UNIT         _XDATA_GROUP_
            XDATA   0040H     0020H     UNIT         ?XD?APP_2D4
            XDATA   0060H     0013H     UNIT         ?XD?_RF_CARRIER?BSP_2D4
            XDATA   0073H     0012H     UNIT         ?XD?MAIN
            XDATA   0085H     0012H     UNIT         ?XD?APP_REPEAT_EXE
            XDATA   0097H     0010H     UNIT         ?XD?APP_LCD
            XDATA   00A7H     000BH     UNIT         ?XD?BSP_TIMER0
            XDATA   00B2H     0007H     UNIT         ?XD?BSP_KEY
            XDATA   00B9H     0005H     UNIT         ?XD?BSP_2D4
            XDATA   00BEH     0004H     UNIT         ?XD?_INITIALUART0_TIMER3_TYPE5?COMMON
            XDATA   00C2H     0004H     UNIT         ?XD?_INITIALUART0_TIMER3_TYPE6?COMMON
            XDATA   00C6H     0004H     UNIT         ?XD?_INITIALUART1_TIMER3?COMMON
            XDATA   00CAH     0004H     UNIT         ?XD?_TIMER0_DELAY1MS?DELAY
            XDATA   00CEH     0004H     UNIT         ?XD?_TIMER1_DELAY1MS?DELAY
            XDATA   00D2H     0004H     UNIT         ?XD?_TIMER3_DELAY1MS?DELAY
            XDATA   00D6H     0004H     UNIT         ?XD?_WAKEUP_TIMER_DELAY25MS?DELAY

            * * * * * * *   C O D E   M E M O R Y   * * * * * * *
            CODE    0000H     0003H     ABSOLUTE     
            CODE    0003H     0008H     UNIT         ?CO?APP_LCD
            CODE    000BH     0003H     ABSOLUTE     
            CODE    000EH     004DH     UNIT         ?PR?APP_2D4_PRO?APP_2D4
            CODE    005BH     0003H     ABSOLUTE     
            CODE    005EH     08FAH     UNIT         ?PR?_LCD_SHOWCHAR?BSP_DISPLAY
            CODE    0958H     07E4H     UNIT         ?PR?_APP_2D4_RCV?APP_2D4
            CODE    113CH     0589H     UNIT         ?C?LIB_CODE
            CODE    16C5H     03F5H     UNIT         ?PR?_APP_KEY_PRO?APP_KEY
BL51 BANKED LINKER/LOCATER V6.22                                                      11/01/2017  06:16:47  PAGE 3


            CODE    1ABAH     0365H     UNIT         ?PR?PRINTF?PRINTF
            CODE    1E1FH     0154H     UNIT         ?PR?_BSP_DETECTKEY?BSP_KEY
            CODE    1F73H     0145H     UNIT         ?PR?_SYSTEM_CLOCK_SELECT?COMMON
            CODE    20B8H     012EH     UNIT         ?PR?RF_INIT?BSP_2D4
            CODE    21E6H     0112H     UNIT         ?CO?VERSION
            CODE    22F8H     00E4H     UNIT         ?PR?_LCD_CLEAR_MI?BSP_DISPLAY
            CODE    23DCH     00E3H     UNIT         ?PR?_RF_CARRIER?BSP_2D4
            CODE    24BFH     00DBH     UNIT         ?CO?APP_2D4
            CODE    259AH     00B5H     UNIT         ?PR?REPEAT_PRO?APP_REPEAT_EXE
            CODE    264FH     00B0H     UNIT         ?PR?BSP_INITKEYVAR?BSP_KEY
            CODE    26FFH     00A2H     UNIT         ?PR?_LCD_SHOWSTRING?BSP_DISPLAY
            CODE    27A1H     009AH     UNIT         ?C_C51STARTUP
            CODE    283BH     0096H     UNIT         ?C_INITSEG
            CODE    28D1H     008FH     UNIT         ?PR?MAIN?MAIN
            CODE    2960H     0083H     UNIT         ?PR?_?RANDOM_DELAY?DELAY
            CODE    29E3H     0079H     UNIT         ?PR?TIMER0_ISR?BSP_TIMER0
            CODE    2A5CH     0068H     UNIT         ?PR?_STRNCPY?STRNCPY
            CODE    2AC4H     0067H     UNIT         ?PR?_ISKEYDOWN?BSP_KEY
            CODE    2B2BH     0063H     UNIT         ?PR?_INITIALUART0_TIMER3_TYPE5?COMMON
            CODE    2B8EH     0063H     UNIT         ?PR?_INITIALUART0_TIMER3_TYPE6?COMMON
            CODE    2BF1H     0061H     UNIT         ?PR?_WAKEUP_TIMER_DELAY25MS?DELAY
            CODE    2C52H     005FH     UNIT         ?PR?SHOW_FW_VERSION_NUMBER_TO_PC?VERSION
            CODE    2CB1H     005DH     UNIT         ?PR?_INITIALUART1_TIMER3?COMMON
            CODE    2D0EH     005CH     UNIT         ?PR?ADC_ISR?MAIN
            CODE    2D6AH     005BH     UNIT         ?PR?_TIMER3_DELAY1MS?DELAY
            CODE    2DC5H     0059H     UNIT         ?PR?_TIMER0_DELAY1MS?DELAY
            CODE    2E1EH     0059H     UNIT         ?PR?_TIMER1_DELAY1MS?DELAY
            CODE    2E77H     0051H     UNIT         ?PR?_APP_2D4_SEND?APP_2D4
            CODE    2EC8H     004BH     UNIT         ?PR?_APP_LCD_DEFAULT_STRING_SET?APP_LCD
            CODE    2F13H     0043H     UNIT         ?PR?_RF_WRITEBUF?BSP_2D4
            CODE    2F56H     0043H     UNIT         ?PR?_RF_TXDATA?BSP_2D4
            CODE    2F99H     003FH     UNIT         ?PR?_RF_READBUF?BSP_2D4
            CODE    2FD8H     003DH     UNIT         ?PR?VOL_RESP?APP_2D4
            CODE    3015H     003DH     UNIT         ?PR?_PUTCHAR?COMMON
            CODE    3052H     0036H     UNIT         ?PR?LCD_DISPLAY_INITHARD?BSP_DISPLAY
            CODE    3088H     0033H     UNIT         ?PR?ADC_INIT?BSP_ADC
            CODE    30BBH     0032H     UNIT         ?PR?_REPEAT_START?APP_REPEAT_EXE
            CODE    30EDH     0032H     UNIT         ?PR?USB_TRACK_SHOW_LCD_RESP?APP_2D4
            CODE    311FH     0030H     UNIT         ?PR?FM_STATION_SHOW_LCD_RESP?APP_2D4
            CODE    314FH     002AH     UNIT         ?PR?_INITIALUART0_TIMER1_TYPE3?COMMON
            CODE    3179H     002AH     UNIT         ?PR?_INITIALUART0_TIMER1_TYPE4?COMMON
            CODE    31A3H     0029H     UNIT         ?PR?_UCRF_DUMPRXDATA?BSP_2D4
            CODE    31CCH     0029H     UNIT         ?PR?_INITIALUART0_TIMER1_TYPE1?COMMON
            CODE    31F5H     0028H     UNIT         ?PR?_INITIALUART0_TIMER1_TYPE2?COMMON
            CODE    321DH     0026H     UNIT         ?PR?TIMER0_PARAMINIT?BSP_TIMER0
            CODE    3243H     0026H     UNIT         ?PR?RF_RXMODE?BSP_2D4
            CODE    3269H     0025H     UNIT         ?PR?APP_2D4_INIT?APP_2D4
            CODE    328EH     0024H     UNIT         ?PR?_BSP_SETKEYPARAM?BSP_KEY
            CODE    32B2H     0024H     UNIT         ?CO?BSP_2D4
            CODE    32D6H     0023H     UNIT         ?PR?TIMER0_INITHARD?BSP_TIMER0
            CODE    32F9H     0023H     UNIT         ?PR?_SPI_WR?BSP_2D4
            CODE    331CH     0021H     UNIT         ?PR?ADC_START?BSP_ADC
            CODE    333DH     0021H     UNIT         ?PR?_DELAY10US?DELAY
            CODE    335EH     0020H     UNIT         ?PR?SET_ALL_GPIO_INPUT_MODE?COMMON
            CODE    337EH     001DH     UNIT         ?PR?_SPI_WW?BSP_2D4
            CODE    339BH     001CH     UNIT         ?PR?BSP_GETKEY?BSP_KEY
            CODE    33B7H     001CH     UNIT         ?PR?BSP_GETKEY2?BSP_KEY
BL51 BANKED LINKER/LOCATER V6.22                                                      11/01/2017  06:16:47  PAGE 4


            CODE    33D3H     001BH     UNIT         ?PR?BSP_INIT?BSP
            CODE    33EEH     001BH     UNIT         ?PR?BSP_KEYSCAN?BSP_KEY
            CODE    3409H     001AH     UNIT         ?PR?SET_ALL_GPIO_QUASI_MODE?COMMON
            CODE    3423H     001AH     UNIT         ?PR?SW_RESET?COMMON
            CODE    343DH     0019H     UNIT         ?PR?UCSPI_READ?BSP_2D4
            CODE    3456H     0016H     UNIT         ?PR?SPEAKER_STATUS_RESP?APP_2D4
            CODE    346CH     0016H     UNIT         ?PR?RELAY_STATUS_RESP?APP_2D4
            CODE    3482H     0015H     UNIT         ?PR?_STRLEN?STRLEN
            CODE    3497H     0014H     UNIT         ?PR?REPEAT_STOP?APP_REPEAT_EXE
            CODE    34ABH     0014H     UNIT         ?PR?_BSP_PUTKEY?BSP_KEY
            CODE    34BFH     0013H     UNIT         ?PR?WIRELESS2D4_INITHARD?BSP_2D4
            CODE    34D2H     0013H     UNIT         ?PR?_RF_WRITEREG?BSP_2D4
            CODE    34E5H     0013H     UNIT         ?PR?_UCRF_READREG?BSP_2D4
            CODE    34F8H     0012H     UNIT         ?PR?FM_SCANNING_SHOW_LCD_RESP?APP_2D4
            CODE    350AH     0012H     UNIT         ?PR?ISKEYDOWN_1AND6?BSP_KEY
            CODE    351CH     0010H     UNIT         ?PR?REPEAT_START_EXE?APP_REPEAT_EXE
            CODE    352CH     0010H     UNIT         ?PR?REPEAT_STOP_EXE?APP_REPEAT_EXE
            CODE    353CH     000FH     UNIT         ?PR?CLEAR_LCD_RESP?APP_2D4
            CODE    354BH     000FH     UNIT         ?PR?USB_PAUSE_SHOW_LCD_RESP?APP_2D4
            CODE    355AH     000FH     UNIT         ?PR?BT_NEXT_SHOW_LCD_RESP?APP_2D4
            CODE    3569H     000FH     UNIT         ?PR?BT_PREV_SHOW_LCD_RESP?APP_2D4
            CODE    3578H     000FH     UNIT         ?PR?LED_SHOW_BLINK_NAME_SHOW_LCD_RESP?APP_2D4
            CODE    3587H     000FH     UNIT         ?PR?LED_CLEAR_BLINK_NAME_SHOW_LCD_RESP?APP_2D4
            CODE    3596H     000FH     UNIT         ?PR?APP_LCD_INIT?APP_LCD
            CODE    35A5H     000FH     UNIT         ?PR?APP_LCD_PRO?APP_LCD
            CODE    35B4H     000FH     UNIT         ?PR?ISKEYDOWN2?BSP_KEY
            CODE    35C3H     000FH     UNIT         ?PR?ISKEYDOWN3?BSP_KEY
            CODE    35D2H     000FH     UNIT         ?PR?ISKEYDOWN4?BSP_KEY
            CODE    35E1H     000FH     UNIT         ?PR?ISKEYDOWN8?BSP_KEY
            CODE    35F0H     000FH     UNIT         ?PR?ISKEYDOWN9?BSP_KEY
            CODE    35FFH     000FH     UNIT         ?PR?RF_TXMODE?BSP_2D4
            CODE    360EH     000EH     UNIT         ?PR?ISKEYDOWN5?BSP_KEY
            CODE    361CH     000EH     UNIT         ?PR?_RF_SETCHANNEL?BSP_2D4
            CODE    362AH     000DH     UNIT         ?PR?LCD_CLEAR_ALL?BSP_DISPLAY
            CODE    3637H     000DH     UNIT         ?PR?LCD_CLEAR_MI_ALL?BSP_DISPLAY
            CODE    3644H     000CH     UNIT         ?PR?_REPEAT_SETSTART?APP_REPEAT_EXE
            CODE    3650H     000CH     UNIT         ?PR?_REPEAT_SETSTOP?APP_REPEAT_EXE
            CODE    365CH     000CH     UNIT         ?PR?RF_CLEARFIFO?BSP_2D4
            CODE    3668H     000BH     UNIT         ?PR?_BSP_GETKEYSTATE?BSP_KEY
            CODE    3673H     000AH     UNIT         ?PR?APP_REPEAT_ISENABLE?APP_REPEAT_EXE
            CODE    367DH     000AH     UNIT         ?PR?UCRF_GETSTATUS?BSP_2D4
            CODE    3687H     0009H     UNIT         ?PR?BT_PAUSE_SHOW_LCD_RESP?APP_2D4
            CODE    3690H     0009H     UNIT         ?PR?BT_PLAY_SHOW_LCD_RESP?APP_2D4
            CODE    3699H     0009H     UNIT         ?PR?AUX_MUTE_SHOW_LCD_RESP?APP_2D4
            CODE    36A2H     0009H     UNIT         ?PR?AUX_PLAY_SHOW_LCD_RESP?APP_2D4
            CODE    36ABH     0009H     UNIT         ?PR?ISKEYDOWN1?BSP_KEY
            CODE    36B4H     0009H     UNIT         ?PR?KEY_BRIGHT_INITHARD?BSP_KEYBRIGHT
            CODE    36BDH     0009H     UNIT         ?PR?LCD_BRIGHT_INITHARD?BSP_LCDBRIGHT
            CODE    36C6H     0008H     UNIT         ?PR?RECEIVE_DATA_FROM_UART0?COMMON
            CODE    36CEH     0008H     UNIT         ?PR?_SEND_DATA_TO_UART0?COMMON
            CODE    36D6H     0008H     UNIT         ?PR?RECEIVE_DATA_FROM_UART1?COMMON
            CODE    36DEH     0008H     UNIT         ?PR?_SEND_DATA_TO_UART1?COMMON
            CODE    36E6H     0007H     UNIT         ?CO?MAIN
            CODE    36EDH     0007H     UNIT         ?PR?BSP_INITKEYHARD?BSP_KEY
            CODE    36F4H     0007H     UNIT         ?PR?LCD_CLEAR_LED_ICO?BSP_DISPLAY
            CODE    36FBH     0007H     UNIT         ?PR?LCD_SHOW_LED_ICO?BSP_DISPLAY
            CODE    3702H     0007H     UNIT         ?PR?LCD_CLEAR_FM_ICO?BSP_DISPLAY
BL51 BANKED LINKER/LOCATER V6.22                                                      11/01/2017  06:16:47  PAGE 5


            CODE    3709H     0007H     UNIT         ?PR?LCD_SHOW_FM_ICO?BSP_DISPLAY
            CODE    3710H     0007H     UNIT         ?PR?LCD_CLEAR_BLUETOOTH_ICO?BSP_DISPLAY
            CODE    3717H     0007H     UNIT         ?PR?LCD_SHOW_BLUETOOTH_ICO?BSP_DISPLAY
            CODE    371EH     0007H     UNIT         ?PR?LCD_CLEAR_AUX_ICO?BSP_DISPLAY
            CODE    3725H     0007H     UNIT         ?PR?LCD_SHOW_AUX_ICO?BSP_DISPLAY
            CODE    372CH     0007H     UNIT         ?PR?LCD_CLEAR_USB_ICO?BSP_DISPLAY
            CODE    3733H     0007H     UNIT         ?PR?LCD_SHOW_USB_ICO?BSP_DISPLAY
            CODE    373AH     0007H     UNIT         ?PR?LCD_CLEAR_MHZ_ICO?BSP_DISPLAY
            CODE    3741H     0007H     UNIT         ?PR?LCD_SHOW_MHZ_ICO?BSP_DISPLAY
            CODE    3748H     0007H     UNIT         ?PR?LCD_CLEAR_BAZOOKA_ICO?BSP_DISPLAY
            CODE    374FH     0007H     UNIT         ?PR?LCD_SHOW_BAZOOKA_ICO?BSP_DISPLAY
            CODE    3756H     0007H     UNIT         ?PR?LCD_CLEAR_UPCOLON_ICO?BSP_DISPLAY
            CODE    375DH     0007H     UNIT         ?PR?LCD_SHOW_UPCOLON_ICO?BSP_DISPLAY
            CODE    3764H     0007H     UNIT         ?PR?LCD_CLEAR_DOWNCOLON_ICO?BSP_DISPLAY
            CODE    376BH     0007H     UNIT         ?PR?LCD_SHOW_DOWNCOLON_ICO?BSP_DISPLAY
            CODE    3772H     0007H     UNIT         ?PR?RF_CLEARSTATUS?BSP_2D4
            CODE    3779H     0006H     UNIT         ?PR?ISKEYDOWN6?BSP_KEY
            CODE    377FH     0006H     UNIT         ?PR?ISKEYDOWN7?BSP_KEY
            CODE    3785H     0006H     UNIT         ?PR?BSP_INITKEY?BSP_KEY
            CODE    378BH     0006H     UNIT         ?PR?BSP_CLEARKEY?BSP_KEY
            CODE    3791H     0006H     UNIT         ?PR?LCD_CLEAR_COLON_ICO?BSP_DISPLAY
            CODE    3797H     0006H     UNIT         ?PR?LCD_SHOW_COLON_ICO?BSP_DISPLAY
            CODE    379DH     0006H     UNIT         ?PR?UCRF_GETRSSI?BSP_2D4
            CODE    37A3H     0004H     UNIT         ?PR?FSYS_CLOCK_OUTPUT_ON_P26?COMMON
            CODE    37A7H     0003H     UNIT         ?PR?APP_WORK_INIT?APP_WORK
            CODE    37AAH     0003H     UNIT         ?PR?KEY_BRIGHT_OFF?BSP_KEYBRIGHT
            CODE    37ADH     0003H     UNIT         ?PR?KEY_BRIGHT_ON?BSP_KEYBRIGHT
            CODE    37B0H     0003H     UNIT         ?PR?KEY_BRIGHT_TOGGLE?BSP_KEYBRIGHT
            CODE    37B3H     0003H     UNIT         ?PR?LCD_BRIGHT_OFF?BSP_LCDBRIGHT
            CODE    37B6H     0003H     UNIT         ?PR?LCD_BRIGHT_ON?BSP_LCDBRIGHT
            CODE    37B9H     0001H     UNIT         ?PR?APP_WORK_1S_PRO?APP_WORK
            CODE    37BAH     0001H     UNIT         ?PR?APP_WORK_100MS_PRO?APP_WORK
            CODE    37BBH     0001H     UNIT         ?PR?APP_WORK_PRO?APP_WORK
            CODE    37BCH     0001H     UNIT         ?PR?SPI_INIT?BSP_2D4



OVERLAY MAP OF MODULE:   .\Out\Objects\project (MAIN)


SEGMENT                                             BIT_GROUP          DATA_GROUP          XDATA_GROUP
  +--> CALLED SEGMENT                            START    LENGTH     START    LENGTH     START    LENGTH
--------------------------------------------------------------------------------------------------------
?C_C51STARTUP                                    -----    -----      -----    -----      -----    -----
  +--> ?PR?MAIN?MAIN
  +--> ?C_INITSEG

?PR?MAIN?MAIN                                    -----    -----      -----    -----      0000H    0002H
  +--> ?PR?_SYSTEM_CLOCK_SELECT?COMMON
  +--> ?PR?BSP_INIT?BSP
  +--> ?PR?APP_2D4_INIT?APP_2D4
  +--> ?PR?APP_LCD_INIT?APP_LCD
  +--> ?PR?APP_WORK_INIT?APP_WORK
  +--> ?PR?ADC_START?BSP_ADC
  +--> ?PR?BSP_KEYSCAN?BSP_KEY
  +--> ?PR?REPEAT_PRO?APP_REPEAT_EXE
  +--> ?PR?APP_LCD_PRO?APP_LCD
BL51 BANKED LINKER/LOCATER V6.22                                                      11/01/2017  06:16:47  PAGE 6


  +--> ?CO?MAIN
  +--> ?PR?PRINTF?PRINTF
  +--> ?PR?APP_2D4_PRO?APP_2D4
  +--> ?PR?BSP_GETKEY?BSP_KEY
  +--> ?PR?_APP_KEY_PRO?APP_KEY

?PR?BSP_INIT?BSP                                 -----    -----      -----    -----      -----    -----
  +--> ?PR?SET_ALL_GPIO_INPUT_MODE?COMMON
  +--> ?PR?LCD_DISPLAY_INITHARD?BSP_DISPLAY
  +--> ?PR?ADC_INIT?BSP_ADC
  +--> ?PR?BSP_INITKEY?BSP_KEY
  +--> ?PR?KEY_BRIGHT_INITHARD?BSP_KEYBRIGHT
  +--> ?PR?TIMER0_INITHARD?BSP_TIMER0
  +--> ?PR?WIRELESS2D4_INITHARD?BSP_2D4
  +--> ?PR?LCD_BRIGHT_INITHARD?BSP_LCDBRIGHT

?PR?LCD_DISPLAY_INITHARD?BSP_DISPLAY             -----    -----      -----    -----      -----    -----
  +--> ?PR?LCD_CLEAR_ALL?BSP_DISPLAY

?PR?BSP_INITKEY?BSP_KEY                          -----    -----      -----    -----      -----    -----
  +--> ?PR?BSP_INITKEYVAR?BSP_KEY
  +--> ?PR?BSP_INITKEYHARD?BSP_KEY

?PR?BSP_INITKEYVAR?BSP_KEY                       -----    -----      -----    -----      -----    -----
  +--> ?PR?ISKEYDOWN1?BSP_KEY
  +--> ?PR?ISKEYDOWN2?BSP_KEY
  +--> ?PR?ISKEYDOWN3?BSP_KEY
  +--> ?PR?ISKEYDOWN4?BSP_KEY
  +--> ?PR?ISKEYDOWN5?BSP_KEY
  +--> ?PR?ISKEYDOWN6?BSP_KEY
  +--> ?PR?ISKEYDOWN7?BSP_KEY
  +--> ?PR?ISKEYDOWN8?BSP_KEY
  +--> ?PR?ISKEYDOWN9?BSP_KEY
  +--> ?PR?ISKEYDOWN_1AND6?BSP_KEY

?PR?ISKEYDOWN2?BSP_KEY                           -----    -----      -----    -----      -----    -----
  +--> ?PR?_ISKEYDOWN?BSP_KEY

?PR?ISKEYDOWN3?BSP_KEY                           -----    -----      -----    -----      -----    -----
  +--> ?PR?_ISKEYDOWN?BSP_KEY

?PR?ISKEYDOWN4?BSP_KEY                           -----    -----      -----    -----      -----    -----
  +--> ?PR?_ISKEYDOWN?BSP_KEY

?PR?ISKEYDOWN5?BSP_KEY                           -----    -----      -----    -----      -----    -----
  +--> ?PR?_ISKEYDOWN?BSP_KEY

?PR?ISKEYDOWN6?BSP_KEY                           -----    -----      -----    -----      -----    -----
  +--> ?PR?_ISKEYDOWN?BSP_KEY

?PR?ISKEYDOWN7?BSP_KEY                           -----    -----      -----    -----      -----    -----
  +--> ?PR?_ISKEYDOWN?BSP_KEY

?PR?ISKEYDOWN8?BSP_KEY                           -----    -----      -----    -----      -----    -----
  +--> ?PR?_ISKEYDOWN?BSP_KEY

?PR?ISKEYDOWN9?BSP_KEY                           -----    -----      -----    -----      -----    -----
BL51 BANKED LINKER/LOCATER V6.22                                                      11/01/2017  06:16:47  PAGE 7


  +--> ?PR?_ISKEYDOWN?BSP_KEY

?PR?ISKEYDOWN_1AND6?BSP_KEY                      -----    -----      -----    -----      -----    -----
  +--> ?PR?ISKEYDOWN1?BSP_KEY
  +--> ?PR?ISKEYDOWN6?BSP_KEY

?PR?KEY_BRIGHT_INITHARD?BSP_KEYBRIGHT            -----    -----      -----    -----      -----    -----
  +--> ?PR?KEY_BRIGHT_OFF?BSP_KEYBRIGHT

?PR?TIMER0_INITHARD?BSP_TIMER0                   -----    -----      -----    -----      -----    -----
  +--> ?PR?TIMER0_PARAMINIT?BSP_TIMER0

?PR?LCD_BRIGHT_INITHARD?BSP_LCDBRIGHT            -----    -----      -----    -----      -----    -----
  +--> ?PR?LCD_BRIGHT_ON?BSP_LCDBRIGHT

?PR?APP_2D4_INIT?APP_2D4                         -----    -----      -----    -----      -----    -----
  +--> ?PR?RF_INIT?BSP_2D4
  +--> ?PR?RF_RXMODE?BSP_2D4

?PR?RF_INIT?BSP_2D4                              -----    -----      -----    -----      0002H    0012H
  +--> ?CO?BSP_2D4
  +--> ?PR?SPI_INIT?BSP_2D4
  +--> ?PR?_RF_WRITEREG?BSP_2D4
  +--> ?PR?_RF_WRITEBUF?BSP_2D4

?PR?_RF_WRITEREG?BSP_2D4                         -----    -----      -----    -----      -----    -----
  +--> ?PR?_SPI_WW?BSP_2D4

?PR?_RF_WRITEBUF?BSP_2D4                         -----    -----      -----    -----      0014H    0005H
  +--> ?PR?_SPI_WW?BSP_2D4

?PR?RF_RXMODE?BSP_2D4                            -----    -----      -----    -----      -----    -----
  +--> ?PR?_RF_WRITEREG?BSP_2D4

?PR?APP_LCD_INIT?APP_LCD                         -----    -----      -----    -----      -----    -----
  +--> ?CO?APP_LCD

?PR?APP_WORK_INIT?APP_WORK                       -----    -----      -----    -----      -----    -----
  +--> ?PR?LCD_SHOW_BAZOOKA_ICO?BSP_DISPLAY

?PR?BSP_KEYSCAN?BSP_KEY                          -----    -----      -----    -----      0002H    0001H
  +--> ?PR?_BSP_DETECTKEY?BSP_KEY

?PR?_BSP_DETECTKEY?BSP_KEY                       -----    -----      -----    -----      0003H    0001H
  +--> ?PR?_BSP_PUTKEY?BSP_KEY

?PR?REPEAT_PRO?APP_REPEAT_EXE                    -----    -----      -----    -----      -----    -----
  +--> ?PR?REPEAT_STOP_EXE?APP_REPEAT_EXE
  +--> ?PR?REPEAT_START_EXE?APP_REPEAT_EXE

?PR?APP_LCD_PRO?APP_LCD                          -----    -----      -----    -----      -----    -----
  +--> ?PR?APP_REPEAT_ISENABLE?APP_REPEAT_EXE
  +--> ?PR?_LCD_SHOWSTRING?BSP_DISPLAY

?PR?_LCD_SHOWSTRING?BSP_DISPLAY                  0020H.0  0000H.1    -----    -----      0018H    0004H
  +--> ?PR?_STRLEN?STRLEN
  +--> ?PR?_LCD_SHOWCHAR?BSP_DISPLAY
BL51 BANKED LINKER/LOCATER V6.22                                                      11/01/2017  06:16:47  PAGE 8



?PR?_LCD_SHOWCHAR?BSP_DISPLAY                    -----    -----      -----    -----      -----    -----
  +--> ?PR?_LCD_CLEAR_MI?BSP_DISPLAY

?PR?PRINTF?PRINTF                                0020H.0  0001H.1    0008H    0005H      0018H    0028H
  +--> ?PR?_PUTCHAR?COMMON

?PR?APP_2D4_PRO?APP_2D4                          -----    -----      -----    -----      -----    -----
  +--> ?PR?UCRF_GETSTATUS?BSP_2D4
  +--> ?PR?RF_CLEARFIFO?BSP_2D4
  +--> ?PR?RF_CLEARSTATUS?BSP_2D4
  +--> ?PR?RF_RXMODE?BSP_2D4
  +--> ?PR?_RF_TXDATA?BSP_2D4
  +--> ?PR?_UCRF_DUMPRXDATA?BSP_2D4
  +--> ?PR?_APP_2D4_RCV?APP_2D4

?PR?UCRF_GETSTATUS?BSP_2D4                       -----    -----      -----    -----      -----    -----
  +--> ?PR?_UCRF_READREG?BSP_2D4

?PR?_UCRF_READREG?BSP_2D4                        -----    -----      -----    -----      -----    -----
  +--> ?PR?_SPI_WR?BSP_2D4
  +--> ?PR?UCSPI_READ?BSP_2D4

?PR?RF_CLEARFIFO?BSP_2D4                         -----    -----      -----    -----      -----    -----
  +--> ?PR?_RF_WRITEREG?BSP_2D4

?PR?RF_CLEARSTATUS?BSP_2D4                       -----    -----      -----    -----      -----    -----
  +--> ?PR?_RF_WRITEREG?BSP_2D4

?PR?_RF_TXDATA?BSP_2D4                           -----    -----      -----    -----      0002H    0002H
  +--> ?PR?UCRF_GETSTATUS?BSP_2D4
  +--> ?PR?_RF_WRITEBUF?BSP_2D4
  +--> ?PR?_RF_WRITEREG?BSP_2D4

?PR?_UCRF_DUMPRXDATA?BSP_2D4                     -----    -----      -----    -----      -----    -----
  +--> ?PR?UCRF_GETSTATUS?BSP_2D4
  +--> ?PR?_RF_WRITEREG?BSP_2D4
  +--> ?PR?_RF_READBUF?BSP_2D4
  +--> ?PR?RF_CLEARFIFO?BSP_2D4
  +--> ?PR?RF_CLEARSTATUS?BSP_2D4

?PR?_RF_READBUF?BSP_2D4                          -----    -----      -----    -----      0002H    0005H
  +--> ?PR?_SPI_WR?BSP_2D4
  +--> ?PR?UCSPI_READ?BSP_2D4

?PR?_APP_2D4_RCV?APP_2D4                         -----    -----      -----    -----      0002H    0006H
  +--> ?PR?KEY_BRIGHT_TOGGLE?BSP_KEYBRIGHT
  +--> ?PR?SPEAKER_STATUS_RESP?APP_2D4
  +--> ?PR?BT_PLAY_SHOW_LCD_RESP?APP_2D4
  +--> ?PR?BT_PAUSE_SHOW_LCD_RESP?APP_2D4
  +--> ?PR?FM_SCANNING_SHOW_LCD_RESP?APP_2D4
  +--> ?PR?_REPEAT_SETSTART?APP_REPEAT_EXE
  +--> ?PR?_REPEAT_SETSTOP?APP_REPEAT_EXE
  +--> ?PR?AUX_PLAY_SHOW_LCD_RESP?APP_2D4
  +--> ?PR?CLEAR_LCD_RESP?APP_2D4
  +--> ?PR?AUX_MUTE_SHOW_LCD_RESP?APP_2D4
  +--> ?PR?USB_PAUSE_SHOW_LCD_RESP?APP_2D4
BL51 BANKED LINKER/LOCATER V6.22                                                      11/01/2017  06:16:47  PAGE 9


  +--> ?PR?LED_SHOW_BLINK_NAME_SHOW_LCD_RESP...
  +--> ?PR?LED_CLEAR_BLINK_NAME_SHOW_LCD_RES...
  +--> ?PR?BT_PREV_SHOW_LCD_RESP?APP_2D4
  +--> ?PR?BT_NEXT_SHOW_LCD_RESP?APP_2D4
  +--> ?PR?FM_STATION_SHOW_LCD_RESP?APP_2D4
  +--> ?PR?USB_TRACK_SHOW_LCD_RESP?APP_2D4
  +--> ?PR?LCD_SHOW_USB_ICO?BSP_DISPLAY
  +--> ?CO?APP_2D4
  +--> ?PR?PRINTF?PRINTF
  +--> ?PR?_STRLEN?STRLEN
  +--> ?PR?LCD_SHOW_FM_ICO?BSP_DISPLAY
  +--> ?PR?LCD_SHOW_MHZ_ICO?BSP_DISPLAY
  +--> ?PR?LCD_CLEAR_UPCOLON_ICO?BSP_DISPLAY
  +--> ?PR?LCD_SHOW_DOWNCOLON_ICO?BSP_DISPLAY
  +--> ?PR?VOL_RESP?APP_2D4
  +--> ?PR?RELAY_STATUS_RESP?APP_2D4
  +--> ?PR?LCD_SHOW_LED_ICO?BSP_DISPLAY
  +--> ?PR?_APP_LCD_DEFAULT_STRING_SET?APP_LCD
  +--> ?PR?LCD_CLEAR_LED_ICO?BSP_DISPLAY
  +--> ?PR?_REPEAT_START?APP_REPEAT_EXE
  +--> ?PR?LCD_CLEAR_MHZ_ICO?BSP_DISPLAY
  +--> ?PR?LCD_CLEAR_DOWNCOLON_ICO?BSP_DISPLAY
  +--> ?PR?LCD_CLEAR_BLUETOOTH_ICO?BSP_DISPLAY
  +--> ?PR?LCD_CLEAR_FM_ICO?BSP_DISPLAY
  +--> ?PR?LCD_CLEAR_AUX_ICO?BSP_DISPLAY
  +--> ?PR?LCD_CLEAR_USB_ICO?BSP_DISPLAY
  +--> ?PR?LCD_SHOW_BLUETOOTH_ICO?BSP_DISPLAY
  +--> ?PR?LCD_SHOW_AUX_ICO?BSP_DISPLAY

?PR?SPEAKER_STATUS_RESP?APP_2D4                  -----    -----      -----    -----      -----    -----
  +--> ?CO?APP_2D4
  +--> ?PR?_LCD_SHOWSTRING?BSP_DISPLAY

?PR?BT_PLAY_SHOW_LCD_RESP?APP_2D4                -----    -----      -----    -----      -----    -----
  +--> ?CO?APP_2D4
  +--> ?PR?_LCD_SHOWSTRING?BSP_DISPLAY

?PR?BT_PAUSE_SHOW_LCD_RESP?APP_2D4               -----    -----      -----    -----      -----    -----
  +--> ?CO?APP_2D4
  +--> ?PR?_LCD_SHOWSTRING?BSP_DISPLAY

?PR?FM_SCANNING_SHOW_LCD_RESP?APP_2D4            -----    -----      -----    -----      -----    -----
  +--> ?CO?APP_2D4
  +--> ?PR?_LCD_SHOWSTRING?BSP_DISPLAY
  +--> ?PR?LCD_CLEAR_UPCOLON_ICO?BSP_DISPLAY
  +--> ?PR?LCD_CLEAR_DOWNCOLON_ICO?BSP_DISPLAY
  +--> ?PR?LCD_CLEAR_MHZ_ICO?BSP_DISPLAY

?PR?AUX_PLAY_SHOW_LCD_RESP?APP_2D4               -----    -----      -----    -----      -----    -----
  +--> ?CO?APP_2D4
  +--> ?PR?_LCD_SHOWSTRING?BSP_DISPLAY

?PR?CLEAR_LCD_RESP?APP_2D4                       -----    -----      -----    -----      -----    -----
  +--> ?CO?APP_2D4
  +--> ?PR?_LCD_SHOWSTRING?BSP_DISPLAY
  +--> ?PR?LCD_CLEAR_UPCOLON_ICO?BSP_DISPLAY
  +--> ?PR?LCD_CLEAR_DOWNCOLON_ICO?BSP_DISPLAY
BL51 BANKED LINKER/LOCATER V6.22                                                      11/01/2017  06:16:47  PAGE 10



?PR?AUX_MUTE_SHOW_LCD_RESP?APP_2D4               -----    -----      -----    -----      -----    -----
  +--> ?CO?APP_2D4
  +--> ?PR?_LCD_SHOWSTRING?BSP_DISPLAY

?PR?USB_PAUSE_SHOW_LCD_RESP?APP_2D4              -----    -----      -----    -----      -----    -----
  +--> ?CO?APP_2D4
  +--> ?PR?_LCD_SHOWSTRING?BSP_DISPLAY
  +--> ?PR?LCD_CLEAR_UPCOLON_ICO?BSP_DISPLAY
  +--> ?PR?LCD_CLEAR_DOWNCOLON_ICO?BSP_DISPLAY

?PR?LED_SHOW_BLINK_NAME_SHOW_LCD_RESP...         -----    -----      -----    -----      -----    -----
  +--> ?PR?_LCD_SHOWSTRING?BSP_DISPLAY
  +--> ?PR?LCD_CLEAR_UPCOLON_ICO?BSP_DISPLAY
  +--> ?PR?LCD_CLEAR_DOWNCOLON_ICO?BSP_DISPLAY

?PR?LED_CLEAR_BLINK_NAME_SHOW_LCD_RES...         -----    -----      -----    -----      -----    -----
  +--> ?CO?APP_2D4
  +--> ?PR?_LCD_SHOWSTRING?BSP_DISPLAY
  +--> ?PR?LCD_CLEAR_UPCOLON_ICO?BSP_DISPLAY
  +--> ?PR?LCD_CLEAR_DOWNCOLON_ICO?BSP_DISPLAY

?PR?BT_PREV_SHOW_LCD_RESP?APP_2D4                -----    -----      -----    -----      -----    -----
  +--> ?CO?APP_2D4
  +--> ?PR?_LCD_SHOWSTRING?BSP_DISPLAY
  +--> ?PR?LCD_CLEAR_UPCOLON_ICO?BSP_DISPLAY
  +--> ?PR?LCD_CLEAR_DOWNCOLON_ICO?BSP_DISPLAY

?PR?BT_NEXT_SHOW_LCD_RESP?APP_2D4                -----    -----      -----    -----      -----    -----
  +--> ?CO?APP_2D4
  +--> ?PR?_LCD_SHOWSTRING?BSP_DISPLAY
  +--> ?PR?LCD_CLEAR_UPCOLON_ICO?BSP_DISPLAY
  +--> ?PR?LCD_CLEAR_DOWNCOLON_ICO?BSP_DISPLAY

?PR?FM_STATION_SHOW_LCD_RESP?APP_2D4             -----    -----      -----    -----      -----    -----
  +--> ?CO?APP_2D4
  +--> ?PR?PRINTF?PRINTF
  +--> ?PR?_LCD_SHOWSTRING?BSP_DISPLAY
  +--> ?PR?LCD_CLEAR_UPCOLON_ICO?BSP_DISPLAY
  +--> ?PR?LCD_SHOW_DOWNCOLON_ICO?BSP_DISPLAY

?PR?USB_TRACK_SHOW_LCD_RESP?APP_2D4              -----    -----      -----    -----      -----    -----
  +--> ?CO?APP_2D4
  +--> ?PR?PRINTF?PRINTF
  +--> ?PR?_LCD_SHOWSTRING?BSP_DISPLAY
  +--> ?PR?LCD_CLEAR_UPCOLON_ICO?BSP_DISPLAY
  +--> ?PR?LCD_CLEAR_DOWNCOLON_ICO?BSP_DISPLAY

?PR?VOL_RESP?APP_2D4                             -----    -----      -----    -----      0008H    0010H
  +--> ?CO?APP_2D4
  +--> ?PR?PRINTF?PRINTF
  +--> ?PR?_LCD_SHOWSTRING?BSP_DISPLAY

?PR?RELAY_STATUS_RESP?APP_2D4                    -----    -----      -----    -----      -----    -----
  +--> ?CO?APP_2D4
  +--> ?PR?_LCD_SHOWSTRING?BSP_DISPLAY

BL51 BANKED LINKER/LOCATER V6.22                                                      11/01/2017  06:16:47  PAGE 11


?PR?_APP_LCD_DEFAULT_STRING_SET?APP_LCD          -----    -----      -----    -----      0008H    0004H
  +--> ?PR?_STRNCPY?STRNCPY

?PR?_STRNCPY?STRNCPY                             -----    -----      -----    -----      000CH    000AH

?PR?_REPEAT_START?APP_REPEAT_EXE                 -----    -----      -----    -----      -----    -----
  +--> ?PR?REPEAT_START_EXE?APP_REPEAT_EXE

?PR?_APP_KEY_PRO?APP_KEY                         -----    -----      -----    -----      0002H    0003H
  +--> ?PR?_APP_2D4_SEND?APP_2D4

?PR?_APP_2D4_SEND?APP_2D4                        -----    -----      -----    -----      0005H    0004H
  +--> ?PR?RF_TXMODE?BSP_2D4

?PR?RF_TXMODE?BSP_2D4                            -----    -----      -----    -----      -----    -----
  +--> ?PR?_RF_WRITEREG?BSP_2D4



SYMBOL TABLE OF MODULE:  .\Out\Objects\project (MAIN)

  VALUE           TYPE          NAME
  ----------------------------------

  -------         MODULE        MAIN
  C:0000H         SYMBOL        _ICE_DUMMY_
  D:0080H         PUBLIC        P0
  D:0090H         PUBLIC        P1
  D:00A0H         PUBLIC        P2
  D:00B0H         PUBLIC        P3
  D:00D8H         PUBLIC        P5
  D:00A8H         PUBLIC        IE
  B:00E8H.7       PUBLIC        ADCF
  C:2D0EH         PUBLIC        ADC_ISR
  D:00B8H         PUBLIC        IP
  C:28D1H         PUBLIC        main
  D:0098H         PUBLIC        SCON
  D:0088H         PUBLIC        TCON
  D:00F8H         PUBLIC        SCON_1
  D:00E8H         PUBLIC        ADCCON0
  D:00C0H         PUBLIC        I2CON
  D:00C3H         PUBLIC        ADCRH
  X:0075H         SYMBOL        ss
  D:00C8H         PUBLIC        T2CON
  D:00C2H         PUBLIC        ADCRL
  D:00D0H         PUBLIC        PSW
  -------         PROC          ADC_ISR
  C:2D0EH         LINE#         8
  C:2D1FH         LINE#         9
  C:2D1FH         LINE#         11
  C:2D21H         LINE#         13
  C:2D31H         LINE#         14
  C:2D4DH         LINE#         15
  C:2D5BH         LINE#         17
  -------         ENDPROC       ADC_ISR
  -------         PROC          MAIN
  -------         DO            
BL51 BANKED LINKER/LOCATER V6.22                                                      11/01/2017  06:16:47  PAGE 12


  X:0000H         SYMBOL        ucKeyCode
  -------         DO            
  X:0001H         SYMBOL        i
  X:0073H         SYMBOL        n
  X:0074H         SYMBOL        cnt
  -------         ENDDO         
  -------         DO            
  X:0074H         SYMBOL        cnt
  -------         ENDDO         
  -------         ENDDO         
  C:28D1H         LINE#         19
  C:28D1H         LINE#         21
  C:28D6H         LINE#         24
  C:28D9H         LINE#         29
  C:28DCH         LINE#         30
  C:28DFH         LINE#         31
  C:28E2H         LINE#         35
  C:28E2H         LINE#         36
  C:28E8H         LINE#         37
  C:28EAH         LINE#         39
  C:28EDH         LINE#         40
  C:28EDH         LINE#         41
  C:28F3H         LINE#         42
  C:28F5H         LINE#         45
  C:28F8H         LINE#         46
  C:28F8H         LINE#         47
  C:28FEH         LINE#         48
  C:2903H         LINE#         51
  C:2907H         LINE#         56
  C:290AH         LINE#         60
  C:290DH         LINE#         62
  C:2913H         LINE#         63
  C:2919H         LINE#         64
  C:291BH         LINE#         66
  C:293EH         LINE#         72
  C:293EH         LINE#         73
  C:2941H         LINE#         74
  C:2941H         LINE#         75
  C:2947H         LINE#         77
  C:2949H         LINE#         81
  C:294FH         LINE#         85
  C:294FH         LINE#         89
  C:2957H         LINE#         90
  C:2959H         LINE#         91
  C:295EH         LINE#         92
  C:295EH         LINE#         94
  -------         ENDPROC       MAIN
  -------         ENDMOD        MAIN

  -------         MODULE        APP_KEY
  C:0000H         SYMBOL        _ICE_DUMMY_
  D:0080H         PUBLIC        P0
  D:0090H         PUBLIC        P1
  D:00A0H         PUBLIC        P2
  D:00B0H         PUBLIC        P3
  D:00D8H         PUBLIC        P5
  D:00A8H         PUBLIC        IE
BL51 BANKED LINKER/LOCATER V6.22                                                      11/01/2017  06:16:47  PAGE 13


  D:00B8H         PUBLIC        IP
  C:16C5H         PUBLIC        _app_key_pro
  D:0098H         PUBLIC        SCON
  D:0088H         PUBLIC        TCON
  D:00F8H         PUBLIC        SCON_1
  D:00E8H         PUBLIC        ADCCON0
  D:00C0H         PUBLIC        I2CON
  D:00C8H         PUBLIC        T2CON
  D:00D0H         PUBLIC        PSW
  -------         PROC          _APP_KEY_PRO
  X:0002H         SYMBOL        keyCode
  -------         DO            
  X:0003H         SYMBOL        index
  X:0004H         SYMBOL        i
  -------         ENDDO         
  C:16C5H         LINE#         25
  C:16CAH         LINE#         26
  C:16CDH         LINE#         27
  C:16CFH         LINE#         29
  C:16D3H         LINE#         30
  C:16DFH         LINE#         31
  C:1746H         LINE#         32
  C:1746H         LINE#         33
  C:1753H         LINE#         34
  C:175DH         LINE#         35
  C:1767H         LINE#         36
  C:1786H         LINE#         37
  C:1796H         LINE#         38
  C:179CH         LINE#         39
  C:179CH         LINE#         40
  C:179CH         LINE#         42
  C:179CH         LINE#         43
  C:179CH         LINE#         45
  C:179CH         LINE#         46
  C:179CH         LINE#         47
  C:17A9H         LINE#         48
  C:17B3H         LINE#         49
  C:17BDH         LINE#         50
  C:17DCH         LINE#         51
  C:17ECH         LINE#         52
  C:17F2H         LINE#         53
  C:17F2H         LINE#         54
  C:17F2H         LINE#         56
  C:17F2H         LINE#         57
  C:17F2H         LINE#         58
  C:17FFH         LINE#         59
  C:1809H         LINE#         60
  C:1813H         LINE#         61
  C:1832H         LINE#         62
  C:1842H         LINE#         63
  C:1848H         LINE#         64
  C:1848H         LINE#         65
  C:1848H         LINE#         66
  C:1855H         LINE#         67
  C:185FH         LINE#         68
  C:1869H         LINE#         69
  C:1888H         LINE#         70
BL51 BANKED LINKER/LOCATER V6.22                                                      11/01/2017  06:16:47  PAGE 14


  C:1898H         LINE#         71
  C:189EH         LINE#         72
  C:189EH         LINE#         73
  C:189EH         LINE#         75
  C:189EH         LINE#         76
  C:189EH         LINE#         78
  C:189EH         LINE#         79
  C:189EH         LINE#         80
  C:18ABH         LINE#         81
  C:18B5H         LINE#         82
  C:18BFH         LINE#         83
  C:18DEH         LINE#         84
  C:18EEH         LINE#         85
  C:18F4H         LINE#         86
  C:18F4H         LINE#         87
  C:18F4H         LINE#         89
  C:18F4H         LINE#         90
  C:18F4H         LINE#         92
  C:18F4H         LINE#         93
  C:18F4H         LINE#         94
  C:1901H         LINE#         95
  C:190BH         LINE#         96
  C:1915H         LINE#         97
  C:1934H         LINE#         98
  C:1944H         LINE#         99
  C:194AH         LINE#         100
  C:194AH         LINE#         101
  C:194AH         LINE#         103
  C:194AH         LINE#         104
  C:194AH         LINE#         106
  C:194AH         LINE#         107
  C:194AH         LINE#         108
  C:1957H         LINE#         109
  C:1961H         LINE#         110
  C:196BH         LINE#         111
  C:1975H         LINE#         112
  C:1994H         LINE#         113
  C:19A4H         LINE#         114
  C:19AAH         LINE#         115
  C:19AAH         LINE#         116
  C:19AAH         LINE#         118
  C:19AAH         LINE#         119
  C:19AAH         LINE#         121
  C:19AAH         LINE#         122
  C:19AAH         LINE#         123
  C:19B7H         LINE#         124
  C:19C1H         LINE#         125
  C:19CBH         LINE#         126
  C:19EAH         LINE#         127
  C:19FAH         LINE#         128
  C:1A00H         LINE#         129
  C:1A00H         LINE#         130
  C:1A00H         LINE#         132
  C:1A00H         LINE#         133
  C:1A00H         LINE#         135
  C:1A00H         LINE#         136
  C:1A00H         LINE#         137
BL51 BANKED LINKER/LOCATER V6.22                                                      11/01/2017  06:16:47  PAGE 15


  C:1A0DH         LINE#         138
  C:1A17H         LINE#         139
  C:1A21H         LINE#         140
  C:1A3DH         LINE#         141
  C:1A4DH         LINE#         142
  C:1A53H         LINE#         143
  C:1A53H         LINE#         144
  C:1A53H         LINE#         146
  C:1A53H         LINE#         147
  C:1A53H         LINE#         149
  C:1A53H         LINE#         150
  C:1A53H         LINE#         151
  C:1A60H         LINE#         152
  C:1A6AH         LINE#         153
  C:1A74H         LINE#         154
  C:1A90H         LINE#         155
  C:1AA0H         LINE#         156
  C:1AA6H         LINE#         157
  C:1AA6H         LINE#         158
  C:1AA6H         LINE#         160
  C:1AA6H         LINE#         161
  C:1AA6H         LINE#         163
  C:1AA6H         LINE#         164
  C:1AA6H         LINE#         166
  C:1AA6H         LINE#         167
  C:1AA6H         LINE#         169
  C:1AA6H         LINE#         170
  C:1AA6H         LINE#         172
  C:1AA6H         LINE#         173
  C:1AA6H         LINE#         175
  C:1AA6H         LINE#         176
  C:1AA6H         LINE#         177
  C:1AACH         LINE#         178
  C:1AAEH         LINE#         179
  C:1AB9H         LINE#         180
  C:1AB9H         LINE#         182
  -------         ENDPROC       _APP_KEY_PRO
  -------         ENDMOD        APP_KEY

  -------         MODULE        APP_WORK
  C:0000H         SYMBOL        _ICE_DUMMY_
  D:0080H         PUBLIC        P0
  D:0090H         PUBLIC        P1
  D:00A0H         PUBLIC        P2
  D:00B0H         PUBLIC        P3
  D:00D8H         PUBLIC        P5
  D:00A8H         PUBLIC        IE
  D:00B8H         PUBLIC        IP
  C:37BBH         SYMBOL        app_work_pro
  C:37B9H         PUBLIC        app_work_1s_pro
  D:0098H         PUBLIC        SCON
  D:0088H         PUBLIC        TCON
  D:00F8H         PUBLIC        SCON_1
  D:00E8H         PUBLIC        ADCCON0
  D:00C0H         PUBLIC        I2CON
  C:37A7H         PUBLIC        app_work_Init
  I:000FH         PUBLIC        g_tWork
BL51 BANKED LINKER/LOCATER V6.22                                                      11/01/2017  06:16:47  PAGE 16


  D:00C8H         PUBLIC        T2CON
  C:37BAH         PUBLIC        app_work_100ms_pro
  D:00D0H         PUBLIC        PSW
  -------         PROC          APP_WORK_INIT
  C:37A7H         LINE#         14
  C:37A7H         LINE#         16
  -------         ENDPROC       APP_WORK_INIT
  -------         PROC          APP_WORK_1S_PRO
  C:37B9H         LINE#         19
  C:37B9H         LINE#         21
  -------         ENDPROC       APP_WORK_1S_PRO
  -------         PROC          APP_WORK_100MS_PRO
  C:37BAH         LINE#         22
  C:37BAH         LINE#         24
  -------         ENDPROC       APP_WORK_100MS_PRO
  -------         PROC          APP_WORK_PRO
  C:37BBH         LINE#         26
  C:37BBH         LINE#         28
  -------         ENDPROC       APP_WORK_PRO
  -------         ENDMOD        APP_WORK

  -------         MODULE        APP_REPEAT_EXE
  C:0000H         SYMBOL        _ICE_DUMMY_
  D:0080H         PUBLIC        P0
  D:0090H         PUBLIC        P1
  D:00A0H         PUBLIC        P2
  D:00B0H         PUBLIC        P3
  C:3644H         PUBLIC        _Repeat_SetStart
  D:00D8H         PUBLIC        P5
  D:00A8H         PUBLIC        IE
  C:3673H         PUBLIC        app_repeat_IsEnable
  C:352CH         SYMBOL        Repeat_Stop_exe
  D:00B8H         PUBLIC        IP
  C:3650H         PUBLIC        _Repeat_SetStop
  X:0085H         SYMBOL        g_tRepeat
  D:0098H         PUBLIC        SCON
  D:0088H         PUBLIC        TCON
  D:00F8H         PUBLIC        SCON_1
  C:30BBH         PUBLIC        _Repeat_Start
  D:00E8H         PUBLIC        ADCCON0
  D:00C0H         PUBLIC        I2CON
  D:00C8H         PUBLIC        T2CON
  C:3497H         PUBLIC        Repeat_Stop
  C:259AH         PUBLIC        Repeat_Pro
  C:351CH         SYMBOL        Repeat_Start_exe
  D:00D0H         PUBLIC        PSW
  -------         PROC          _REPEAT_SETSTART
  D:0001H         SYMBOL        fun
  C:3644H         LINE#         12
  C:3644H         LINE#         13
  C:364FH         LINE#         14
  -------         ENDPROC       _REPEAT_SETSTART
  -------         PROC          _REPEAT_SETSTOP
  D:0001H         SYMBOL        fun
  C:3650H         LINE#         16
  C:3650H         LINE#         17
  C:365BH         LINE#         18
BL51 BANKED LINKER/LOCATER V6.22                                                      11/01/2017  06:16:47  PAGE 17


  -------         ENDPROC       _REPEAT_SETSTOP
  -------         PROC          REPEAT_START_EXE
  C:351CH         LINE#         20
  C:351CH         LINE#         21
  C:3528H         LINE#         22
  C:352BH         LINE#         23
  C:352BH         LINE#         24
  -------         ENDPROC       REPEAT_START_EXE
  -------         PROC          REPEAT_STOP_EXE
  C:352CH         LINE#         26
  C:352CH         LINE#         27
  C:3538H         LINE#         28
  C:353BH         LINE#         29
  C:353BH         LINE#         30
  -------         ENDPROC       REPEAT_STOP_EXE
  -------         PROC          _REPEAT_START
  D:0006H         SYMBOL        _usStartTime
  D:0004H         SYMBOL        _usStopTime
  D:0002H         SYMBOL        _usCycle
  C:30BBH         LINE#         42
  C:30BBH         LINE#         43
  C:30BBH         LINE#         44
  C:30BFH         LINE#         46
  C:30BFH         LINE#         48
  C:30C7H         LINE#         49
  C:30CFH         LINE#         50
  C:30D7H         LINE#         51
  C:30DCH         LINE#         52
  C:30E0H         LINE#         53
  C:30E4H         LINE#         54
  C:30E9H         LINE#         56
  C:30ECH         LINE#         57
  -------         ENDPROC       _REPEAT_START
  -------         PROC          REPEAT_STOP
  C:3497H         LINE#         67
  C:3497H         LINE#         68
  C:349CH         LINE#         69
  C:349FH         LINE#         70
  C:34A8H         LINE#         71
  -------         ENDPROC       REPEAT_STOP
  -------         PROC          APP_REPEAT_ISENABLE
  C:3673H         LINE#         75
  C:3673H         LINE#         76
  C:3679H         LINE#         77
  C:367BH         LINE#         78
  C:367BH         LINE#         79
  C:367CH         LINE#         80
  -------         ENDPROC       APP_REPEAT_ISENABLE
  -------         PROC          REPEAT_PRO
  C:259AH         LINE#         90
  C:259AH         LINE#         92
  C:25B1H         LINE#         94
  C:25B1H         LINE#         96
  C:25B7H         LINE#         97
  C:25C3H         LINE#         98
  C:25C3H         LINE#         99
  C:25DCH         LINE#         100
BL51 BANKED LINKER/LOCATER V6.22                                                      11/01/2017  06:16:47  PAGE 18


  C:25DFH         LINE#         101
  C:25E6H         LINE#         102
  C:25EBH         LINE#         103
  C:25EBH         LINE#         104
  C:25ECH         LINE#         106
  C:25ECH         LINE#         107
  C:25F4H         LINE#         108
  C:260CH         LINE#         110
  C:261BH         LINE#         111
  C:262EH         LINE#         113
  C:2633H         LINE#         114
  C:2633H         LINE#         116
  C:2639H         LINE#         117
  C:2640H         LINE#         119
  C:2640H         LINE#         120
  C:2640H         LINE#         121
  C:2647H         LINE#         122
  C:264BH         LINE#         124
  C:264EH         LINE#         125
  C:264EH         LINE#         126
  C:264EH         LINE#         128
  -------         ENDPROC       REPEAT_PRO
  -------         ENDMOD        APP_REPEAT_EXE

  -------         MODULE        APP_2D4
  C:0000H         SYMBOL        _ICE_DUMMY_
  D:0080H         PUBLIC        P0
  D:0090H         PUBLIC        P1
  X:0040H         SYMBOL        testbuf
  D:00A0H         PUBLIC        P2
  D:00B0H         PUBLIC        P3
  C:3269H         PUBLIC        app_2d4_init
  D:00D8H         PUBLIC        P5
  C:3690H         SYMBOL        BT_play_show_lcd_resp
  C:3569H         SYMBOL        BT_prev_show_lcd_resp
  D:00A8H         PUBLIC        IE
  C:3587H         SYMBOL        LED_clear_blink_name_show_lcd_resp
  C:355AH         SYMBOL        BT_next_show_lcd_resp
  C:3456H         SYMBOL        speaker_status_resp
  D:00B8H         PUBLIC        IP
  C:34F8H         SYMBOL        FM_scanning_show_lcd_resp
  C:000EH         PUBLIC        app_2d4_pro
  D:0098H         PUBLIC        SCON
  D:0088H         PUBLIC        TCON
  C:30EDH         SYMBOL        USB_track_show_lcd_resp
  C:353CH         SYMBOL        clear_lcd_resp
  C:354BH         SYMBOL        USB_pause_show_lcd_resp
  C:258AH         SYMBOL        _?ix1000
  D:00F8H         PUBLIC        SCON_1
  C:346CH         SYMBOL        relay_status_resp
  C:3578H         SYMBOL        LED_show_blink_name_show_lcd_resp
  I:009DH         PUBLIC        sendBuf
  C:311FH         SYMBOL        FM_station_show_lcd_resp
  I:00ADH         SYMBOL        sendRcv_flag
  D:00E8H         PUBLIC        ADCCON0
  D:00C0H         PUBLIC        I2CON
  C:36A2H         SYMBOL        AUX_play_show_lcd_resp
BL51 BANKED LINKER/LOCATER V6.22                                                      11/01/2017  06:16:47  PAGE 19


  C:3699H         SYMBOL        AUX_mute_show_lcd_resp
  D:00C8H         PUBLIC        T2CON
  I:00AEH         SYMBOL        rcvBuf
  C:3687H         SYMBOL        BT_pause_show_lcd_resp
  C:2FD8H         SYMBOL        vol_resp
  X:0050H         SYMBOL        tmpBuf
  C:0958H         SYMBOL        _app_2d4_Rcv
  C:2E77H         PUBLIC        _app_2d4_send
  D:00D0H         PUBLIC        PSW
  -------         PROC          APP_2D4_INIT
  C:3269H         LINE#         23
  C:3269H         LINE#         25
  C:326DH         LINE#         26
  C:3279H         LINE#         27
  C:3288H         LINE#         29
  C:328BH         LINE#         30
  -------         ENDPROC       APP_2D4_INIT
  -------         PROC          _APP_2D4_SEND
  X:0005H         SYMBOL        d
  X:0008H         SYMBOL        len
  C:2E77H         LINE#         35
  C:2E85H         LINE#         37
  C:2E8AH         LINE#         39
  C:2E8AH         LINE#         41
  C:2E8DH         LINE#         42
  C:2E91H         LINE#         44
  C:2EACH         LINE#         45
  C:2EC7H         LINE#         46
  C:2EC7H         LINE#         48
  -------         ENDPROC       _APP_2D4_SEND
  -------         PROC          SPEAKER_STATUS_RESP
  C:3456H         LINE#         49
  C:3456H         LINE#         50
  C:345EH         LINE#         51
  C:3462H         LINE#         52
  C:3464H         LINE#         53
  C:346BH         LINE#         54
  C:346BH         LINE#         55
  -------         ENDPROC       SPEAKER_STATUS_RESP
  -------         PROC          RELAY_STATUS_RESP
  C:346CH         LINE#         56
  C:346CH         LINE#         57
  C:3474H         LINE#         58
  C:3478H         LINE#         59
  C:347AH         LINE#         60
  C:3481H         LINE#         61
  C:3481H         LINE#         63
  -------         ENDPROC       RELAY_STATUS_RESP
  -------         PROC          VOL_RESP
  -------         DO            
  X:0008H         SYMBOL        str
  -------         ENDDO         
  C:2FD8H         LINE#         64
  C:2FD8H         LINE#         65
  C:2FEBH         LINE#         67
  C:300CH         LINE#         68
  -------         ENDPROC       VOL_RESP
BL51 BANKED LINKER/LOCATER V6.22                                                      11/01/2017  06:16:47  PAGE 20


  -------         PROC          CLEAR_LCD_RESP
  C:353CH         LINE#         71
  C:353CH         LINE#         72
  C:3545H         LINE#         74
  C:3548H         LINE#         75
  -------         ENDPROC       CLEAR_LCD_RESP
  -------         PROC          BT_PAUSE_SHOW_LCD_RESP
  C:3687H         LINE#         77
  C:3687H         LINE#         78
  -------         ENDPROC       BT_PAUSE_SHOW_LCD_RESP
  -------         PROC          BT_PLAY_SHOW_LCD_RESP
  C:3690H         LINE#         81
  C:3690H         LINE#         82
  -------         ENDPROC       BT_PLAY_SHOW_LCD_RESP
  -------         PROC          FM_SCANNING_SHOW_LCD_RESP
  C:34F8H         LINE#         84
  C:34F8H         LINE#         85
  C:3501H         LINE#         86
  C:3504H         LINE#         87
  C:3507H         LINE#         88
  -------         ENDPROC       FM_SCANNING_SHOW_LCD_RESP
  -------         PROC          AUX_MUTE_SHOW_LCD_RESP
  C:3699H         LINE#         98
  C:3699H         LINE#         99
  -------         ENDPROC       AUX_MUTE_SHOW_LCD_RESP
  -------         PROC          AUX_PLAY_SHOW_LCD_RESP
  C:36A2H         LINE#         102
  C:36A2H         LINE#         103
  -------         ENDPROC       AUX_PLAY_SHOW_LCD_RESP
  -------         PROC          USB_PAUSE_SHOW_LCD_RESP
  C:354BH         LINE#         106
  C:354BH         LINE#         107
  C:3554H         LINE#         108
  C:3557H         LINE#         109
  -------         ENDPROC       USB_PAUSE_SHOW_LCD_RESP
  -------         PROC          BT_NEXT_SHOW_LCD_RESP
  C:355AH         LINE#         118
  C:355AH         LINE#         119
  C:3563H         LINE#         120
  C:3566H         LINE#         121
  -------         ENDPROC       BT_NEXT_SHOW_LCD_RESP
  -------         PROC          BT_PREV_SHOW_LCD_RESP
  C:3569H         LINE#         123
  C:3569H         LINE#         124
  C:3572H         LINE#         125
  C:3575H         LINE#         126
  -------         ENDPROC       BT_PREV_SHOW_LCD_RESP
  -------         PROC          FM_STATION_SHOW_LCD_RESP
  C:311FH         LINE#         128
  C:311FH         LINE#         129
  C:3140H         LINE#         130
  C:3149H         LINE#         131
  C:314CH         LINE#         132
  -------         ENDPROC       FM_STATION_SHOW_LCD_RESP
  -------         PROC          USB_TRACK_SHOW_LCD_RESP
  C:30EDH         LINE#         134
  C:30EDH         LINE#         135
BL51 BANKED LINKER/LOCATER V6.22                                                      11/01/2017  06:16:47  PAGE 21


  C:3110H         LINE#         136
  C:3119H         LINE#         137
  C:311CH         LINE#         138
  -------         ENDPROC       USB_TRACK_SHOW_LCD_RESP
  -------         PROC          LED_SHOW_BLINK_NAME_SHOW_LCD_RESP
  C:3578H         LINE#         140
  C:3578H         LINE#         142
  C:3581H         LINE#         144
  C:3584H         LINE#         145
  -------         ENDPROC       LED_SHOW_BLINK_NAME_SHOW_LCD_RESP
  -------         PROC          LED_CLEAR_BLINK_NAME_SHOW_LCD_RESP
  C:3587H         LINE#         147
  C:3587H         LINE#         149
  C:3590H         LINE#         150
  C:3593H         LINE#         151
  -------         ENDPROC       LED_CLEAR_BLINK_NAME_SHOW_LCD_RESP
  -------         PROC          _APP_2D4_RCV
  X:0002H         SYMBOL        buf
  -------         DO            
  X:0005H         SYMBOL        i
  X:0006H         SYMBOL        index
  X:0007H         SYMBOL        check
  -------         ENDDO         
  C:0958H         LINE#         156
  C:0963H         LINE#         157
  C:0966H         LINE#         158
  C:0968H         LINE#         159
  C:096AH         LINE#         161
  C:0974H         LINE#         163
  C:0974H         LINE#         164
  C:0977H         LINE#         165
  C:0990H         LINE#         167
  C:0990H         LINE#         168
  C:09BCH         LINE#         169
  C:09D1H         LINE#         170
  C:09D9H         LINE#         171
  C:09FFH         LINE#         173
  C:09FFH         LINE#         175
  C:0A0EH         LINE#         176
  C:0A13H         LINE#         177
  C:0A4FH         LINE#         178
  C:0A4FH         LINE#         179
  C:0A59H         LINE#         180
  C:0A5FH         LINE#         181
  C:0A65H         LINE#         182
  C:0A65H         LINE#         184
  C:0A65H         LINE#         185
  C:0A80H         LINE#         186
  C:0A86H         LINE#         187
  C:0A8CH         LINE#         188
  C:0A8CH         LINE#         190
  C:0A8CH         LINE#         191
  C:0A8CH         LINE#         192
  C:0A8EH         LINE#         193
  C:0A8EH         LINE#         194
  C:0A8EH         LINE#         195
  C:0A8EH         LINE#         196
BL51 BANKED LINKER/LOCATER V6.22                                                      11/01/2017  06:16:47  PAGE 22


  C:0A8EH         LINE#         197
  C:0A8EH         LINE#         198
  C:0ABCH         LINE#         199
  C:0ABCH         LINE#         200
  C:0AC5H         LINE#         201
  C:0ACBH         LINE#         202
  C:0ACBH         LINE#         203
  C:0ACBH         LINE#         204
  C:0AE6H         LINE#         205
  C:0AECH         LINE#         206
  C:0AECH         LINE#         207
  C:0AECH         LINE#         208
  C:0AECH         LINE#         209
  C:0AEEH         LINE#         210
  C:0AEEH         LINE#         211
  C:0B02H         LINE#         212
  C:0B0BH         LINE#         213
  C:0B14H         LINE#         214
  C:0B1CH         LINE#         215
  C:0B32H         LINE#         219
  C:0B32H         LINE#         220
  C:0B35H         LINE#         221
  C:0B35H         LINE#         222
  C:0B49H         LINE#         223
  C:0B52H         LINE#         224
  C:0B5BH         LINE#         225
  C:0B63H         LINE#         226
  C:0B7EH         LINE#         227
  C:0B87H         LINE#         228
  C:0B90H         LINE#         229
  C:0B98H         LINE#         230
  C:0B98H         LINE#         231
  C:0B9BH         LINE#         232
  C:0B9BH         LINE#         233
  C:0BB4H         LINE#         237
  C:0BBCH         LINE#         238
  C:0BC5H         LINE#         239
  C:0BCEH         LINE#         240
  C:0BD6H         LINE#         241
  C:0BD6H         LINE#         242
  C:0BD9H         LINE#         243
  C:0BD9H         LINE#         244
  C:0BEEH         LINE#         245
  C:0C02H         LINE#         246
  C:0C0BH         LINE#         247
  C:0C14H         LINE#         248
  C:0C1CH         LINE#         250
  C:0C1FH         LINE#         251
  C:0C1FH         LINE#         252
  C:0C1FH         LINE#         253
  C:0C1FH         LINE#         254
  C:0C1FH         LINE#         255
  C:0C1FH         LINE#         256
  C:0C22H         LINE#         257
  C:0C22H         LINE#         258
  C:0C22H         LINE#         259
  C:0C22H         LINE#         261
BL51 BANKED LINKER/LOCATER V6.22                                                      11/01/2017  06:16:47  PAGE 23


  C:0C22H         LINE#         262
  C:0C22H         LINE#         263
  C:0C48H         LINE#         264
  C:0C48H         LINE#         265
  C:0C51H         LINE#         266
  C:0C57H         LINE#         267
  C:0C57H         LINE#         268
  C:0C57H         LINE#         269
  C:0C72H         LINE#         270
  C:0C78H         LINE#         271
  C:0C78H         LINE#         272
  C:0C78H         LINE#         273
  C:0C78H         LINE#         274
  C:0C7BH         LINE#         275
  C:0C7BH         LINE#         276
  C:0C8FH         LINE#         277
  C:0C95H         LINE#         278
  C:0C95H         LINE#         279
  C:0C95H         LINE#         281
  C:0C98H         LINE#         282
  C:0C98H         LINE#         283
  C:0C98H         LINE#         284
  C:0C98H         LINE#         285
  C:0CAFH         LINE#         286
  C:0CBCH         LINE#         287
  C:0CC2H         LINE#         288
  C:0CC2H         LINE#         289
  C:0CC2H         LINE#         291
  C:0CC5H         LINE#         292
  C:0CC5H         LINE#         293
  C:0CD7H         LINE#         294
  C:0CDAH         LINE#         295
  C:0CDAH         LINE#         296
  C:0CDAH         LINE#         297
  C:0CDAH         LINE#         298
  C:0CDAH         LINE#         299
  C:0CDAH         LINE#         300
  C:0CDAH         LINE#         301
  C:0CDAH         LINE#         302
  C:0CDDH         LINE#         303
  C:0CF9H         LINE#         304
  C:0D02H         LINE#         305
  C:0D04H         LINE#         307
  C:0D3FH         LINE#         308
  C:0D3FH         LINE#         309
  C:0D50H         LINE#         310
  C:0D53H         LINE#         311
  C:0D53H         LINE#         312
  C:0D56H         LINE#         313
  C:0D59H         LINE#         314
  C:0D5CH         LINE#         315
  C:0D5FH         LINE#         317
  C:0D76H         LINE#         318
  C:0D8DH         LINE#         319
  C:0DABH         LINE#         320
  C:0DBDH         LINE#         321
  C:0DBFH         LINE#         322
BL51 BANKED LINKER/LOCATER V6.22                                                      11/01/2017  06:16:47  PAGE 24


  C:0DF0H         LINE#         323
  C:0DF0H         LINE#         324
  C:0E01H         LINE#         325
  C:0E04H         LINE#         326
  C:0E04H         LINE#         327
  C:0E1AH         LINE#         328
  C:0E20H         LINE#         329
  C:0E20H         LINE#         330
  C:0E20H         LINE#         331
  C:0E22H         LINE#         333
  C:0E22H         LINE#         334
  C:0E37H         LINE#         335
  C:0E4BH         LINE#         336
  C:0E54H         LINE#         337
  C:0E5DH         LINE#         338
  C:0E65H         LINE#         339
  C:0E68H         LINE#         340
  C:0E74H         LINE#         341
  C:0E74H         LINE#         342
  C:0E74H         LINE#         343
  C:0E74H         LINE#         344
  C:0E74H         LINE#         346
  C:0E77H         LINE#         347
  C:0E77H         LINE#         348
  C:0E8DH         LINE#         349
  C:0E91H         LINE#         350
  C:0E93H         LINE#         351
  C:0E97H         LINE#         352
  C:0E97H         LINE#         353
  C:0EA0H         LINE#         354
  C:0EA9H         LINE#         355
  C:0EB3H         LINE#         356
  C:0EB6H         LINE#         357
  C:0EB6H         LINE#         370
  C:0ECEH         LINE#         371
  C:0ED1H         LINE#         372
  C:0EE6H         LINE#         373
  C:0EFAH         LINE#         374
  C:0F03H         LINE#         375
  C:0F0CH         LINE#         376
  C:0F15H         LINE#         377
  C:0F18H         LINE#         378
  C:0F2DH         LINE#         379
  C:0F36H         LINE#         380
  C:0F3FH         LINE#         381
  C:0F4BH         LINE#         382
  C:0F4BH         LINE#         383
  C:0F4EH         LINE#         384
  C:0F51H         LINE#         385
  C:0F51H         LINE#         386
  C:0F54H         LINE#         387
  C:0F54H         LINE#         388
  C:0F71H         LINE#         389
  C:0F86H         LINE#         390
  C:0F8FH         LINE#         391
  C:0F98H         LINE#         392
  C:0FA4H         LINE#         393
BL51 BANKED LINKER/LOCATER V6.22                                                      11/01/2017  06:16:47  PAGE 25


  C:0FA6H         LINE#         394
  C:0FA6H         LINE#         395
  C:0FC3H         LINE#         396
  C:0FD8H         LINE#         397
  C:0FE1H         LINE#         398
  C:0FEAH         LINE#         399
  C:0FF9H         LINE#         400
  C:0FFCH         LINE#         401
  C:0FFCH         LINE#         402
  C:0FFFH         LINE#         403
  C:1002H         LINE#         404
  C:1005H         LINE#         405
  C:1008H         LINE#         406
  C:100BH         LINE#         407
  C:100EH         LINE#         408
  C:1011H         LINE#         410
  C:102DH         LINE#         411
  C:102DH         LINE#         412
  C:1030H         LINE#         413
  C:1044H         LINE#         414
  C:1050H         LINE#         415
  C:1066H         LINE#         416
  C:1075H         LINE#         417
  C:1075H         LINE#         418
  C:1086H         LINE#         419
  C:1088H         LINE#         420
  C:1088H         LINE#         422
  C:1088H         LINE#         423
  C:1088H         LINE#         424
  C:108BH         LINE#         425
  C:109FH         LINE#         426
  C:10ABH         LINE#         427
  C:10C1H         LINE#         428
  C:10D0H         LINE#         429
  C:10D0H         LINE#         430
  C:10E4H         LINE#         431
  C:10E4H         LINE#         432
  C:10E4H         LINE#         434
  C:10E4H         LINE#         435
  C:10E4H         LINE#         436
  C:10E4H         LINE#         437
  C:10E4H         LINE#         439
  C:10F3H         LINE#         440
  C:111FH         LINE#         441
  C:1133H         LINE#         443
  C:1139H         LINE#         444
  C:113BH         LINE#         446
  C:113BH         LINE#         448
  -------         ENDPROC       _APP_2D4_RCV
  -------         PROC          APP_2D4_PRO
  C:000EH         LINE#         450
  C:000EH         LINE#         451
  C:0013H         LINE#         452
  C:0023H         LINE#         453
  C:0023H         LINE#         455
  C:0026H         LINE#         456
  C:0029H         LINE#         458
BL51 BANKED LINKER/LOCATER V6.22                                                      11/01/2017  06:16:47  PAGE 26


  C:002DH         LINE#         459
  C:0030H         LINE#         463
  C:0030H         LINE#         464
  C:0030H         LINE#         466
  C:0030H         LINE#         467
  C:0030H         LINE#         468
  C:0032H         LINE#         469
  C:0032H         LINE#         471
  C:0035H         LINE#         472
  C:0038H         LINE#         473
  C:0038H         LINE#         474
  C:0038H         LINE#         476
  C:0043H         LINE#         478
  C:0043H         LINE#         479
  C:0043H         LINE#         481
  C:0043H         LINE#         482
  C:0051H         LINE#         484
  C:005AH         LINE#         485
  C:005AH         LINE#         487
  C:005AH         LINE#         489
  -------         ENDPROC       APP_2D4_PRO
  -------         ENDMOD        APP_2D4

  -------         MODULE        APP_LCD
  C:0000H         SYMBOL        _ICE_DUMMY_
  D:0080H         PUBLIC        P0
  D:0090H         PUBLIC        P1
  D:00A0H         PUBLIC        P2
  D:00B0H         PUBLIC        P3
  D:00D8H         PUBLIC        P5
  C:35A5H         PUBLIC        app_lcd_pro
  D:00A8H         PUBLIC        IE
  D:00B8H         PUBLIC        IP
  D:0098H         PUBLIC        SCON
  D:0088H         PUBLIC        TCON
  D:00F8H         PUBLIC        SCON_1
  C:2EC8H         PUBLIC        _app_lcd_default_string_set
  D:00E8H         PUBLIC        ADCCON0
  D:00C0H         PUBLIC        I2CON
  D:00C8H         PUBLIC        T2CON
  C:3596H         PUBLIC        app_lcd_init
  X:0097H         SYMBOL        lcd_default_string
  D:00D0H         PUBLIC        PSW
  -------         PROC          APP_LCD_INIT
  C:3596H         LINE#         12
  C:3596H         LINE#         13
  -------         ENDPROC       APP_LCD_INIT
  -------         PROC          _APP_LCD_DEFAULT_STRING_SET
  X:0008H         SYMBOL        s
  X:000BH         SYMBOL        len
  C:2EC8H         LINE#         15
  C:2ED6H         LINE#         16
  C:2EFCH         LINE#         17
  C:2F06H         LINE#         18
  C:2F12H         LINE#         19
  C:2F12H         LINE#         20
  -------         ENDPROC       _APP_LCD_DEFAULT_STRING_SET
BL51 BANKED LINKER/LOCATER V6.22                                                      11/01/2017  06:16:47  PAGE 27


  -------         PROC          APP_LCD_PRO
  C:35A5H         LINE#         22
  C:35A5H         LINE#         24
  C:35AAH         LINE#         25
  C:35B3H         LINE#         27
  C:35B3H         LINE#         29
  -------         ENDPROC       APP_LCD_PRO
  -------         ENDMOD        APP_LCD

  -------         MODULE        BSP
  C:0000H         SYMBOL        _ICE_DUMMY_
  D:0080H         PUBLIC        P0
  D:0090H         PUBLIC        P1
  D:00A0H         PUBLIC        P2
  D:00B0H         PUBLIC        P3
  D:00D8H         PUBLIC        P5
  B:00A8H.7       PUBLIC        EA
  D:00A8H         PUBLIC        IE
  D:00B8H         PUBLIC        IP
  B:0021H.1       PUBLIC        BIT_TMP
  D:0098H         PUBLIC        SCON
  D:0088H         PUBLIC        TCON
  C:33D3H         PUBLIC        bsp_Init
  D:00F8H         PUBLIC        SCON_1
  D:00E8H         PUBLIC        ADCCON0
  D:00C0H         PUBLIC        I2CON
  D:00C8H         PUBLIC        T2CON
  D:00D0H         PUBLIC        PSW
  -------         PROC          BSP_INIT
  C:33D3H         LINE#         5
  C:33D3H         LINE#         10
  C:33D6H         LINE#         12
  C:33D9H         LINE#         14
  C:33DCH         LINE#         15
  C:33DFH         LINE#         16
  C:33E2H         LINE#         19
  C:33E5H         LINE#         21
  C:33E8H         LINE#         23
  C:33EBH         LINE#         25
  C:33EDH         LINE#         26
  -------         ENDPROC       BSP_INIT
  -------         ENDMOD        BSP

  -------         MODULE        BSP_KEY
  C:0000H         SYMBOL        _ICE_DUMMY_
  D:00B1H         PUBLIC        P0M1
  D:00B2H         PUBLIC        P0M2
  D:0080H         PUBLIC        P0
  D:0090H         PUBLIC        P1
  D:00A0H         PUBLIC        P2
  C:2ACDH         SYMBOL        _IsKeyDown
  D:00B0H         PUBLIC        P3
  D:00D8H         PUBLIC        P5
  C:34ABH         PUBLIC        _bsp_PutKey
  D:00A8H         PUBLIC        IE
  C:264FH         SYMBOL        bsp_InitKeyVar
  X:00B2H         PUBLIC        pBtn
BL51 BANKED LINKER/LOCATER V6.22                                                      11/01/2017  06:16:47  PAGE 28


  D:00B8H         PUBLIC        IP
  C:350AH         SYMBOL        IsKeyDown_1AND6
  C:33B7H         PUBLIC        bsp_GetKey2
  C:1E1FH         SYMBOL        _bsp_DetectKey
  B:0080H.2       PUBLIC        P02
  C:36ABH         SYMBOL        IsKeyDown1
  D:0098H         PUBLIC        SCON
  C:35B4H         SYMBOL        IsKeyDown2
  D:0088H         PUBLIC        TCON
  C:35C3H         SYMBOL        IsKeyDown3
  C:35D2H         SYMBOL        IsKeyDown4
  C:360EH         SYMBOL        IsKeyDown5
  C:3779H         SYMBOL        IsKeyDown6
  C:377FH         SYMBOL        IsKeyDown7
  C:35E1H         SYMBOL        IsKeyDown8
  C:35F0H         SYMBOL        IsKeyDown9
  C:378BH         PUBLIC        bsp_ClearKey
  X:00B5H         PUBLIC        min
  D:00F8H         PUBLIC        SCON_1
  X:00B7H         PUBLIC        max
  C:33EEH         PUBLIC        bsp_KeyScan
  D:00E8H         PUBLIC        ADCCON0
  D:00C0H         PUBLIC        I2CON
  D:00C8H         PUBLIC        T2CON
  C:3785H         PUBLIC        bsp_InitKey
  C:36EDH         SYMBOL        bsp_InitKeyHard
  I:0022H         SYMBOL        s_tBtn
  I:0090H         SYMBOL        s_tKey
  C:339BH         PUBLIC        bsp_GetKey
  C:328EH         PUBLIC        _bsp_SetKeyParam
  C:3668H         PUBLIC        _bsp_GetKeyState
  D:00D0H         PUBLIC        PSW
  -------         PROC          ISKEYDOWN1
  C:36ABH         LINE#         46
  C:36ABH         LINE#         47
  C:36AEH         LINE#         48
  C:36B1H         LINE#         49
  C:36B1H         LINE#         50
  C:36B3H         LINE#         51
  C:36B3H         LINE#         52
  -------         ENDPROC       ISKEYDOWN1
  -------         PROC          L?0067
  -------         ENDPROC       L?0067
  -------         PROC          _ISKEYDOWN
  D:0006H         SYMBOL        key_ad
  D:0004H         SYMBOL        result_ad
  C:2ACDH         LINE#         55
  C:2ACDH         LINE#         57
  C:2AF2H         LINE#         58
  C:2B11H         LINE#         60
  C:2B2AH         LINE#         61
  -------         ENDPROC       _ISKEYDOWN
  -------         PROC          ISKEYDOWN2
  C:35B4H         LINE#         64
  C:35B4H         LINE#         66
  C:35C2H         LINE#         67
  -------         ENDPROC       ISKEYDOWN2
BL51 BANKED LINKER/LOCATER V6.22                                                      11/01/2017  06:16:47  PAGE 29


  -------         PROC          ISKEYDOWN3
  C:35C3H         LINE#         69
  C:35C3H         LINE#         70
  C:35D1H         LINE#         71
  -------         ENDPROC       ISKEYDOWN3
  -------         PROC          ISKEYDOWN4
  C:35D2H         LINE#         73
  C:35D2H         LINE#         74
  C:35E0H         LINE#         75
  -------         ENDPROC       ISKEYDOWN4
  -------         PROC          ISKEYDOWN5
  C:360EH         LINE#         77
  C:360EH         LINE#         79
  C:361BH         LINE#         80
  -------         ENDPROC       ISKEYDOWN5
  -------         PROC          ISKEYDOWN6
  C:3779H         LINE#         82
  C:3779H         LINE#         83
  C:377EH         LINE#         84
  -------         ENDPROC       ISKEYDOWN6
  -------         PROC          ISKEYDOWN7
  C:377FH         LINE#         86
  C:377FH         LINE#         87
  C:3784H         LINE#         88
  -------         ENDPROC       ISKEYDOWN7
  -------         PROC          ISKEYDOWN8
  C:35E1H         LINE#         90
  C:35E1H         LINE#         91
  C:35EFH         LINE#         92
  -------         ENDPROC       ISKEYDOWN8
  -------         PROC          ISKEYDOWN9
  C:35F0H         LINE#         94
  C:35F0H         LINE#         95
  C:35FEH         LINE#         96
  -------         ENDPROC       ISKEYDOWN9
  -------         PROC          ISKEYDOWN_1AND6
  C:350AH         LINE#         98
  C:350AH         LINE#         99
  C:3516H         LINE#         100
  C:3519H         LINE#         101
  C:3519H         LINE#         102
  C:351BH         LINE#         103
  C:351BH         LINE#         105
  -------         ENDPROC       ISKEYDOWN_1AND6
  -------         PROC          BSP_INITKEY
  C:3785H         LINE#         114
  C:3785H         LINE#         115
  C:3788H         LINE#         116
  -------         ENDPROC       BSP_INITKEY
  -------         PROC          _BSP_PUTKEY
  D:0007H         SYMBOL        _KeyCode
  C:34ABH         LINE#         127
  C:34ABH         LINE#         128
  C:34B3H         LINE#         130
  C:34BCH         LINE#         131
  C:34BEH         LINE#         132
  C:34BEH         LINE#         133
BL51 BANKED LINKER/LOCATER V6.22                                                      11/01/2017  06:16:47  PAGE 30


  -------         ENDPROC       _BSP_PUTKEY
  -------         PROC          BSP_GETKEY
  -------         DO            
  D:0007H         SYMBOL        ret
  -------         ENDDO         
  C:339BH         LINE#         143
  C:339BH         LINE#         146
  C:33A3H         LINE#         147
  C:33A5H         LINE#         148
  C:33A5H         LINE#         149
  C:33ABH         LINE#         151
  C:33B4H         LINE#         152
  C:33B6H         LINE#         153
  C:33B6H         LINE#         154
  C:33B6H         LINE#         155
  C:33B6H         LINE#         156
  -------         ENDPROC       BSP_GETKEY
  -------         PROC          BSP_GETKEY2
  -------         DO            
  D:0007H         SYMBOL        ret
  -------         ENDDO         
  C:33B7H         LINE#         166
  C:33B7H         LINE#         169
  C:33BFH         LINE#         170
  C:33C1H         LINE#         171
  C:33C1H         LINE#         172
  C:33C7H         LINE#         174
  C:33D0H         LINE#         175
  C:33D2H         LINE#         176
  C:33D2H         LINE#         177
  C:33D2H         LINE#         178
  C:33D2H         LINE#         179
  -------         ENDPROC       BSP_GETKEY2
  -------         PROC          _BSP_GETKEYSTATE
  D:0007H         SYMBOL        _ucKeyID
  C:3668H         LINE#         189
  C:3668H         LINE#         190
  C:3672H         LINE#         191
  -------         ENDPROC       _BSP_GETKEYSTATE
  -------         PROC          _BSP_SETKEYPARAM
  D:0007H         SYMBOL        _ucKeyID
  D:0004H         SYMBOL        _LongTime
  D:0003H         SYMBOL        _RepeatSpeed
  C:328EH         LINE#         203
  C:328EH         LINE#         204
  C:329BH         LINE#         205
  C:32A7H         LINE#         206
  C:32B1H         LINE#         207
  -------         ENDPROC       _BSP_SETKEYPARAM
  -------         PROC          BSP_CLEARKEY
  C:378BH         LINE#         217
  C:378BH         LINE#         218
  C:3790H         LINE#         219
  -------         ENDPROC       BSP_CLEARKEY
  -------         PROC          BSP_INITKEYHARD
  C:36EDH         LINE#         229
  C:36EDH         LINE#         231
BL51 BANKED LINKER/LOCATER V6.22                                                      11/01/2017  06:16:47  PAGE 31


  C:36F0H         LINE#         232
  C:36F3H         LINE#         234
  -------         ENDPROC       BSP_INITKEYHARD
  -------         PROC          BSP_INITKEYVAR
  -------         DO            
  D:0007H         SYMBOL        i
  -------         ENDDO         
  C:264FH         LINE#         244
  C:264FH         LINE#         248
  C:2653H         LINE#         249
  C:2655H         LINE#         250
  C:2657H         LINE#         253
  C:2658H         LINE#         254
  C:2665H         LINE#         255
  C:266FH         LINE#         256
  C:2679H         LINE#         260
  C:2683H         LINE#         261
  C:268DH         LINE#         262
  C:2692H         LINE#         264
  C:2696H         LINE#         265
[...]
  C:31A2H         LINE#         216
  -------         ENDPROC       _INITIALUART0_TIMER1_TYPE4
  -------         PROC          _INITIALUART0_TIMER3_TYPE5
  X:00BEH         SYMBOL        u32Baudrate
  C:2B2BH         LINE#         218
  C:2B31H         LINE#         219
  C:2B31H         LINE#         220
  C:2B34H         LINE#         221
  C:2B37H         LINE#         222
  C:2B3AH         LINE#         223
  C:2B3DH         LINE#         226
  C:2B6BH         LINE#         227
  C:2B8AH         LINE#         233
  C:2B8DH         LINE#         234
  -------         ENDPROC       _INITIALUART0_TIMER3_TYPE5
  -------         PROC          _INITIALUART0_TIMER3_TYPE6
  X:00C2H         SYMBOL        u32Baudrate
  C:2B8EH         LINE#         236
  C:2B94H         LINE#         237
  C:2B94H         LINE#         238
  C:2B97H         LINE#         239
  C:2B9AH         LINE#         240
  C:2B9DH         LINE#         241
  C:2BA0H         LINE#         244
  C:2BCEH         LINE#         245
  C:2BEDH         LINE#         251
  C:2BF0H         LINE#         252
  -------         ENDPROC       _INITIALUART0_TIMER3_TYPE6
  -------         PROC          _INITIALUART1_TIMER3
  X:00C6H         SYMBOL        u32Baudrate
  C:2CB1H         LINE#         254
  C:2CB7H         LINE#         255
BL51 BANKED LINKER/LOCATER V6.22                                                      11/01/2017  06:16:47  PAGE 64


  C:2CB7H         LINE#         256
  C:2CBAH         LINE#         257
  C:2CBDH         LINE#         260
  C:2CEBH         LINE#         261
  C:2D0AH         LINE#         267
  C:2D0DH         LINE#         268
  -------         ENDPROC       _INITIALUART1_TIMER3
  -------         PROC          RECEIVE_DATA_FROM_UART0
  -------         DO            
  D:0007H         SYMBOL        c
  -------         ENDDO         
  C:36C6H         LINE#         280
  C:36C6H         LINE#         283
  C:36C9H         LINE#         285
  C:36CBH         LINE#         286
  C:36CDH         LINE#         287
  C:36CDH         LINE#         288
  -------         ENDPROC       RECEIVE_DATA_FROM_UART0
  -------         PROC          _SEND_DATA_TO_UART0
  D:0007H         SYMBOL        c
  C:36CEH         LINE#         300
  C:36CEH         LINE#         301
  C:36D0H         LINE#         302
  C:36D2H         LINE#         303
  C:36D5H         LINE#         305
  -------         ENDPROC       _SEND_DATA_TO_UART0
  -------         PROC          RECEIVE_DATA_FROM_UART1
  -------         DO            
  D:0007H         SYMBOL        c
  -------         ENDDO         
  C:36D6H         LINE#         317
  C:36D6H         LINE#         320
  C:36D9H         LINE#         322
  C:36DBH         LINE#         323
  C:36DDH         LINE#         324
  C:36DDH         LINE#         325
  -------         ENDPROC       RECEIVE_DATA_FROM_UART1
  -------         PROC          _SEND_DATA_TO_UART1
  D:0007H         SYMBOL        c
  C:36DEH         LINE#         337
  C:36DEH         LINE#         338
  C:36E0H         LINE#         339
  C:36E2H         LINE#         340
  C:36E5H         LINE#         342
  -------         ENDPROC       _SEND_DATA_TO_UART1
  -------         PROC          SET_ALL_GPIO_QUASI_MODE
  C:3409H         LINE#         344
  C:3409H         LINE#         345
  C:340CH         LINE#         346
  C:340EH         LINE#         347
  C:3410H         LINE#         348
  C:3412H         LINE#         349
  C:3414H         LINE#         350
  C:3416H         LINE#         351
  C:3418H         LINE#         352
  C:341AH         LINE#         353
  C:341CH         LINE#         354
BL51 BANKED LINKER/LOCATER V6.22                                                      11/01/2017  06:16:47  PAGE 65


  C:341EH         LINE#         355
  C:3420H         LINE#         356
  C:3422H         LINE#         357
  -------         ENDPROC       SET_ALL_GPIO_QUASI_MODE
  -------         PROC          SET_ALL_GPIO_INPUT_MODE
  C:335EH         LINE#         359
  C:335EH         LINE#         360
  C:3361H         LINE#         361
  C:3364H         LINE#         362
  C:3367H         LINE#         363
  C:3369H         LINE#         364
  C:336CH         LINE#         365
  C:336EH         LINE#         366
  C:3371H         LINE#         367
  C:3373H         LINE#         368
  C:3376H         LINE#         369
  C:3378H         LINE#         370
  C:337BH         LINE#         371
  C:337DH         LINE#         372
  -------         ENDPROC       SET_ALL_GPIO_INPUT_MODE
  -------         PROC          SW_RESET
  C:3423H         LINE#         375
  C:3423H         LINE#         376
  C:3426H         LINE#         377
  C:3429H         LINE#         378
  C:343CH         LINE#         380
  -------         ENDPROC       SW_RESET
  -------         PROC          FSYS_CLOCK_OUTPUT_ON_P26
  C:37A3H         LINE#         382
  C:37A3H         LINE#         383
  C:37A6H         LINE#         384
  -------         ENDPROC       FSYS_CLOCK_OUTPUT_ON_P26
  -------         PROC          _PUTCHAR
  D:0007H         SYMBOL        c
  C:3015H         LINE#         393
  C:3015H         LINE#         431
  C:301AH         LINE#         432
  C:301DH         LINE#         433
  C:3022H         LINE#         434
  C:3022H         LINE#         435
  C:3024H         LINE#         436
  C:3027H         LINE#         438
  C:302CH         LINE#         439
  C:302EH         LINE#         440
  C:302EH         LINE#         441
  C:302EH         LINE#         442
  C:3031H         LINE#         444
  C:3033H         LINE#         445
  C:3036H         LINE#         446
  C:3036H         LINE#         447
  C:3039H         LINE#         448
  C:303EH         LINE#         449
  C:303EH         LINE#         450
  C:3040H         LINE#         451
  C:3043H         LINE#         453
  C:3048H         LINE#         454
  C:304AH         LINE#         455
BL51 BANKED LINKER/LOCATER V6.22                                                      11/01/2017  06:16:47  PAGE 66


  C:304AH         LINE#         456
  C:304AH         LINE#         457
  C:304DH         LINE#         459
  C:304FH         LINE#         460
  C:3051H         LINE#         462
  -------         ENDPROC       _PUTCHAR
  -------         ENDMOD        COMMON

  -------         MODULE        DELAY
  C:0000H         SYMBOL        _ICE_DUMMY_
  D:0080H         PUBLIC        P0
  D:0090H         PUBLIC        P1
  D:00A0H         PUBLIC        P2
  D:00B0H         PUBLIC        P3
  D:008FH         PUBLIC        WKCON
  D:00D8H         PUBLIC        P5
  D:00A8H         PUBLIC        IE
  D:00B8H         PUBLIC        IP
  C:2DC5H         PUBLIC        _Timer0_Delay1ms
  C:2E1EH         PUBLIC        _Timer1_Delay1ms
  C:2D6AH         PUBLIC        _Timer3_Delay1ms
  D:0098H         PUBLIC        SCON
  D:0089H         PUBLIC        TMOD
  D:0088H         PUBLIC        TCON
  C:2960H         PUBLIC        _?Random_Delay
  C:333DH         PUBLIC        _Delay10us
  D:00F8H         PUBLIC        SCON_1
  B:0088H.5       PUBLIC        TF0
  B:0088H.7       PUBLIC        TF1
  D:008CH         PUBLIC        TH0
  D:00C6H         PUBLIC        R3H
  D:008DH         PUBLIC        TH1
  D:008AH         PUBLIC        TL0
  C:2BF1H         PUBLIC        _WakeUp_Timer_Delay25ms
  D:00C5H         PUBLIC        R3L
  D:008BH         PUBLIC        TL1
  B:0088H.4       PUBLIC        TR0
  B:0088H.6       PUBLIC        TR1
  D:00E8H         PUBLIC        ADCCON0
  D:00C0H         PUBLIC        I2CON
  D:00C8H         PUBLIC        T2CON
  D:00C4H         PUBLIC        T3CON
  D:008EH         PUBLIC        CKCON
  D:0086H         PUBLIC        RWK
  D:00D0H         PUBLIC        PSW
  -------         PROC          _?RANDOM_DELAY
  -------         DO            
  x:0000H         SYMBOL        u32CNT
  x:0004H         SYMBOL        u32Tmp
  -------         ENDDO         
  C:2960H         LINE#         36
  C:2966H         LINE#         37
  C:2966H         LINE#         41
  C:2991H         LINE#         42
  C:2991H         LINE#         43
  C:29B6H         LINE#         44
  C:29DDH         LINE#         45
BL51 BANKED LINKER/LOCATER V6.22                                                      11/01/2017  06:16:47  PAGE 67


  -------         ENDPROC       _?RANDOM_DELAY
  -------         PROC          _DELAY10US
  D:0006H         SYMBOL        u16CNT
  C:333DH         LINE#         47
  C:333DH         LINE#         48
  C:3340H         LINE#         49
  C:3343H         LINE#         50
  C:3345H         LINE#         51
  C:3349H         LINE#         52
  C:334CH         LINE#         53
  C:334FH         LINE#         54
  C:3352H         LINE#         56
  C:3354H         LINE#         57
  C:3359H         LINE#         58
  C:335BH         LINE#         59
  C:335DH         LINE#         60
  -------         ENDPROC       _DELAY10US
  -------         PROC          _TIMER0_DELAY1MS
  X:00CAH         SYMBOL        u32CNT
  C:2DC5H         LINE#         62
  C:2DCBH         LINE#         63
  C:2DCEH         LINE#         64
  C:2DD1H         LINE#         65
  C:2DD3H         LINE#         66
  C:2DECH         LINE#         67
  C:2DEFH         LINE#         68
  C:2DF2H         LINE#         69
  C:2DF5H         LINE#         71
  C:2DF7H         LINE#         72
  C:2E19H         LINE#         73
  C:2E1BH         LINE#         74
  C:2E1DH         LINE#         75
  -------         ENDPROC       _TIMER0_DELAY1MS
  -------         PROC          _TIMER1_DELAY1MS
  X:00CEH         SYMBOL        u32CNT
  C:2E1EH         LINE#         77
  C:2E24H         LINE#         78
  C:2E27H         LINE#         79
  C:2E2AH         LINE#         80
  C:2E2CH         LINE#         81
  C:2E45H         LINE#         82
  C:2E48H         LINE#         83
  C:2E4BH         LINE#         84
  C:2E4EH         LINE#         86
  C:2E50H         LINE#         87
  C:2E72H         LINE#         88
  C:2E74H         LINE#         89
  C:2E76H         LINE#         90
  -------         ENDPROC       _TIMER1_DELAY1MS
  -------         PROC          _TIMER3_DELAY1MS
  X:00D2H         SYMBOL        u32CNT
  C:2D6AH         LINE#         92
  C:2D70H         LINE#         93
  C:2D73H         LINE#         94
  C:2D76H         LINE#         95
  C:2D8FH         LINE#         96
  C:2D92H         LINE#         97
BL51 BANKED LINKER/LOCATER V6.22                                                      11/01/2017  06:16:47  PAGE 68


  C:2D95H         LINE#         98
  C:2D9AH         LINE#         100
  C:2D9DH         LINE#         101
  C:2DBFH         LINE#         102
  C:2DC1H         LINE#         103
  C:2DC4H         LINE#         104
  -------         ENDPROC       _TIMER3_DELAY1MS
  -------         PROC          _WAKEUP_TIMER_DELAY25MS
  X:00D6H         SYMBOL        u32CNT
  C:2BF1H         LINE#         106
  C:2BF7H         LINE#         107
  C:2BF7H         LINE#         108
  C:2BFAH         LINE#         109
  C:2BFDH         LINE#         110
  C:2C00H         LINE#         112
  C:2C03H         LINE#         114
  C:2C06H         LINE#         115
  C:2C09H         LINE#         116
  C:2C22H         LINE#         117
  C:2C27H         LINE#         119
  C:2C2AH         LINE#         120
  C:2C4CH         LINE#         121
  C:2C4EH         LINE#         122
  C:2C51H         LINE#         123
  -------         ENDPROC       _WAKEUP_TIMER_DELAY25MS
  -------         ENDMOD        DELAY

  -------         MODULE        VERSION
  C:0000H         SYMBOL        _ICE_DUMMY_
  D:0080H         PUBLIC        P0
  D:0090H         PUBLIC        P1
  D:00A0H         PUBLIC        P2
  D:00B0H         PUBLIC        P3
  D:00D8H         PUBLIC        P5
  D:00A8H         PUBLIC        IE
  D:00B8H         PUBLIC        IP
  D:0098H         PUBLIC        SCON
  D:0088H         PUBLIC        TCON
  D:00F8H         PUBLIC        SCON_1
  C:2C52H         PUBLIC        Show_FW_Version_Number_To_PC
  D:00E8H         PUBLIC        ADCCON0
  D:00C0H         PUBLIC        I2CON
  D:00C8H         PUBLIC        T2CON
  D:00D0H         PUBLIC        PSW
  -------         PROC          SHOW_FW_VERSION_NUMBER_TO_PC
  C:2C52H         LINE#         32
  C:2C52H         LINE#         33
  C:2C52H         LINE#         34
  C:2C5BH         LINE#         35
  C:2C64H         LINE#         36
  C:2C6DH         LINE#         37
  C:2C87H         LINE#         38
  C:2CA8H         LINE#         39
  -------         ENDPROC       SHOW_FW_VERSION_NUMBER_TO_PC
  -------         ENDMOD        VERSION

  -------         MODULE        ?C_STARTUP
BL51 BANKED LINKER/LOCATER V6.22                                                      11/01/2017  06:16:47  PAGE 69


  C:27A1H         SEGMENT       ?C_C51STARTUP
  I:00BEH         SEGMENT       ?STACK
  C:0000H         PUBLIC        ?C_STARTUP
  D:00E0H         SYMBOL        ACC
  D:00F0H         SYMBOL        B
  D:0083H         SYMBOL        DPH
  D:0082H         SYMBOL        DPL
  N:0000H         SYMBOL        IBPSTACK
  N:0100H         SYMBOL        IBPSTACKTOP
  N:0080H         SYMBOL        IDATALEN
  C:27A4H         SYMBOL        IDATALOOP
  N:0000H         SYMBOL        PBPSTACK
  N:0000H         SYMBOL        PBPSTACKTOP
  N:0000H         SYMBOL        PDATALEN
  N:0000H         SYMBOL        PDATASTART
  N:0000H         SYMBOL        PPAGE
  N:0000H         SYMBOL        PPAGEENABLE
  D:00A0H         SYMBOL        PPAGE_SFR
  D:0081H         SYMBOL        SP
  C:27A1H         SYMBOL        STARTUP1
  N:0000H         SYMBOL        XBPSTACK
  N:0000H         SYMBOL        XBPSTACKTOP
  N:00FFH         SYMBOL        XDATALEN
  C:27AFH         SYMBOL        XDATALOOP
  N:0000H         SYMBOL        XDATASTART
  C:0000H         LINE#         92
  C:27A1H         LINE#         99
  C:27A3H         LINE#         100
  C:27A4H         LINE#         101
  C:27A5H         LINE#         102
  C:27A7H         LINE#         106
  C:27AAH         LINE#         107
  C:27ACH         LINE#         109
  C:27AEH         LINE#         113
  C:27AFH         LINE#         114
  C:27B0H         LINE#         115
  C:27B1H         LINE#         116
  C:27B3H         LINE#         117
  C:27B5H         LINE#         151
  C:27B8H         LINE#         155
  -------         ENDMOD        ?C_STARTUP

  -------         MODULE        ?C?COPY
  C:120CH         PUBLIC        ?C?COPY
  -------         ENDMOD        ?C?COPY

  -------         MODULE        ?C?CLDPTR
  C:1232H         PUBLIC        ?C?CLDPTR
  -------         ENDMOD        ?C?CLDPTR

  -------         MODULE        ?C?CLDOPTR
  C:124BH         PUBLIC        ?C?CLDOPTR
  -------         ENDMOD        ?C?CLDOPTR

  -------         MODULE        ?C?CILDOPTR
  C:1278H         PUBLIC        ?C?CILDOPTR
  -------         ENDMOD        ?C?CILDOPTR
BL51 BANKED LINKER/LOCATER V6.22                                                      11/01/2017  06:16:47  PAGE 70



  -------         MODULE        ?C?CSTOPTR
  C:12ABH         PUBLIC        ?C?CSTOPTR
  -------         ENDMOD        ?C?CSTOPTR

  -------         MODULE        ?C?IILDX
  C:12CDH         PUBLIC        ?C?IILDX
  -------         ENDMOD        ?C?IILDX

  -------         MODULE        ?C?ILDOPTR
  C:12E3H         PUBLIC        ?C?ILDOPTR
  -------         ENDMOD        ?C?ILDOPTR

  -------         MODULE        ?C?IILDOPTR
  C:131BH         PUBLIC        ?C?IILDOPTR
  -------         ENDMOD        ?C?IILDOPTR

  -------         MODULE        ?C?ISTOPTR
  C:1368H         PUBLIC        ?C?ISTOPTR
  -------         ENDMOD        ?C?ISTOPTR

  -------         MODULE        ?C?ULDIV
  C:13D1H         PUBLIC        ?C?ULDIV
  -------         ENDMOD        ?C?ULDIV

  -------         MODULE        ?C?ULCMP
  C:1463H         PUBLIC        ?C?ULCMP
  -------         ENDMOD        ?C?ULCMP

  -------         MODULE        ?C?ULSHR
  C:1474H         PUBLIC        ?C?ULSHR
  -------         ENDMOD        ?C?ULSHR

  -------         MODULE        ?C?LSTXDATA
  C:1487H         PUBLIC        ?C?LSTXDATA
  -------         ENDMOD        ?C?LSTXDATA

  -------         MODULE        ?C?LSTKXDATA
  C:1493H         PUBLIC        ?C?LSTKXDATA
  -------         ENDMOD        ?C?LSTKXDATA

  -------         MODULE        ?C?PLDPTR
  C:14C4H         PUBLIC        ?C?PLDPTR
  -------         ENDMOD        ?C?PLDPTR

  -------         MODULE        ?C?CCASE
  C:14E4H         PUBLIC        ?C?CCASE
  -------         ENDMOD        ?C?CCASE

  -------         MODULE        ?C?ICALL
  C:150AH         PUBLIC        ?C?ICALL
  C:150EH         PUBLIC        ?C?ICALL2
  -------         ENDMOD        ?C?ICALL

  -------         MODULE        ?C_XBP
  D:000DH         PUBLIC        ?C_XBP
  -------         ENDMOD        ?C_XBP
BL51 BANKED LINKER/LOCATER V6.22                                                      11/01/2017  06:16:47  PAGE 71



  -------         MODULE        ?C?ADDXBP
  C:1510H         PUBLIC        ?C?ADDXBP
  -------         ENDMOD        ?C?ADDXBP

  -------         MODULE        ?C?XBPOFF
  C:1534H         PUBLIC        ?C?XBPOFF
  -------         ENDMOD        ?C?XBPOFF

  -------         MODULE        PRINTF
  X:0018H         PUBLIC        ?_PRINTF517?BYTE
  X:0018H         PUBLIC        ?_PRINTF?BYTE
  X:0018H         PUBLIC        ?_SPRINTF517?BYTE
  X:0018H         PUBLIC        ?_SPRINTF?BYTE
  C:1B25H         PUBLIC        _PRINTF
  C:1B25H         PUBLIC        _PRINTF517
  C:1B1FH         PUBLIC        _SPRINTF
  C:1B1FH         PUBLIC        _SPRINTF517
  -------         ENDMOD        PRINTF

  -------         MODULE        ?C?STRCPY
  C:160DH         PUBLIC        ?C?STRCPY
  -------         ENDMOD        ?C?STRCPY

  -------         MODULE        STRNCPY
  X:000CH         PUBLIC        ?_strncpy?BYTE
  C:2A5CH         PUBLIC        _strncpy
  -------         ENDMOD        STRNCPY

  -------         MODULE        STRLEN
  C:3482H         PUBLIC        _STRLEN
  -------         ENDMOD        STRLEN

  -------         MODULE        ?C?MEMSET
  C:162AH         PUBLIC        ?C?MEMSET
  -------         ENDMOD        ?C?MEMSET

  -------         MODULE        ?C?CSTPTR
  C:1656H         PUBLIC        ?C?CSTPTR
  -------         ENDMOD        ?C?CSTPTR

  -------         MODULE        ?C?ILDIX
  C:1668H         PUBLIC        ?C?ILDIX
  -------         ENDMOD        ?C?ILDIX

  -------         MODULE        ?C?PLDIDATA
  C:167EH         PUBLIC        ?C?PLDIDATA
  -------         ENDMOD        ?C?PLDIDATA

  -------         MODULE        ?C?PLDXDATA
  C:1687H         PUBLIC        ?C?PLDXDATA
  -------         ENDMOD        ?C?PLDXDATA

  -------         MODULE        ?C?PLDIXDATA
  C:1690H         PUBLIC        ?C?PLDIXDATA
  -------         ENDMOD        ?C?PLDIXDATA

BL51 BANKED LINKER/LOCATER V6.22                                                      11/01/2017  06:16:47  PAGE 72


  -------         MODULE        ?C?PSTXDATA
  C:16A7H         PUBLIC        ?C?PSTXDATA
  -------         ENDMOD        ?C?PSTXDATA

  -------         MODULE        ?C?PLDPDATA
  C:16B0H         PUBLIC        ?C?PLDPDATA
  -------         ENDMOD        ?C?PLDPDATA

  -------         MODULE        ?C?PLDCODE
  C:16B9H         PUBLIC        ?C?PLDCODE
  -------         ENDMOD        ?C?PLDCODE

Program Size: data=184.2 xdata=218 code=14269
LINK/LOCATE RUN COMPLETE.  0 WARNING(S),  0 ERROR(S)
