BL51 BANKED LINKER/LOCATER V6.22                                                        08/21/2017  21:12:43  PAGE 1


BL51 BANKED LINKER/LOCATER V6.22, INVOKED BY:
C:\KEIL_V5\C51\BIN\BL51.EXE .\Out\Objects\main.obj, .\Out\Objects\app_key.obj, .\Out\Objects\app_work.obj, .\Out\Objects
>> \app_repeat_exe.obj, .\Out\Objects\app_2d4.obj, .\Out\Objects\bsp.obj, .\Out\Objects\bsp_key.obj, .\Out\Objects\bsp_d
>> isplay.obj, .\Out\Objects\bsp_uart.obj, .\Out\Objects\bsp_timer0.obj, .\Out\Objects\bsp_timer1.obj, .\Out\Objects\bsp
>> _adc.obj, .\Out\Objects\bsp_keyBright.obj, .\Out\Objects\bsp_lcdBright.obj, .\Out\Objects\bsp_2d4.obj, .\Out\Objects\
>> Common.obj, .\Out\Objects\Delay.obj, .\Out\Objects\Version.obj, .\Out\Objects\STARTUP.obj TO .\Out\Objects\project PR
>> INT (.\Out\Listings\project.m51) RAMSIZE (256) DISABLEWARNING (16)


MEMORY MODEL: LARGE


INPUT MODULES INCLUDED:
  .\Out\Objects\main.obj (MAIN)
  .\Out\Objects\app_key.obj (APP_KEY)
  .\Out\Objects\app_work.obj (APP_WORK)
  .\Out\Objects\app_repeat_exe.obj (APP_REPEAT_EXE)
  .\Out\Objects\app_2d4.obj (APP_2D4)
  .\Out\Objects\bsp.obj (BSP)
  .\Out\Objects\bsp_key.obj (BSP_KEY)
  .\Out\Objects\bsp_display.obj (BSP_DISPLAY)
  .\Out\Objects\bsp_uart.obj (BSP_UART)
  .\Out\Objects\bsp_timer0.obj (BSP_TIMER0)
  .\Out\Objects\bsp_timer1.obj (BSP_TIMER1)
  .\Out\Objects\bsp_adc.obj (BSP_ADC)
  .\Out\Objects\bsp_keyBright.obj (BSP_KEYBRIGHT)
  .\Out\Objects\bsp_lcdBright.obj (BSP_LCDBRIGHT)
  .\Out\Objects\bsp_2d4.obj (BSP_2D4)
  .\Out\Objects\Common.obj (COMMON)
  .\Out\Objects\Delay.obj (DELAY)
  .\Out\Objects\Version.obj (VERSION)
  .\Out\Objects\STARTUP.obj (?C_STARTUP)
  C:\KEIL_V5\C51\LIB\C51L.LIB (?C_INIT)
  C:\KEIL_V5\C51\LIB\C51L.LIB (?C?COPY)
  C:\KEIL_V5\C51\LIB\C51L.LIB (?C?CLDOPTR)
  C:\KEIL_V5\C51\LIB\C51L.LIB (?C?CILDOPTR)
  C:\KEIL_V5\C51\LIB\C51L.LIB (?C?CSTPTR)
  C:\KEIL_V5\C51\LIB\C51L.LIB (?C?CSTOPTR)
  C:\KEIL_V5\C51\LIB\C51L.LIB (?C?IILDX)
  C:\KEIL_V5\C51\LIB\C51L.LIB (?C?ILDOPTR)
  C:\KEIL_V5\C51\LIB\C51L.LIB (?C?IILDOPTR)
  C:\KEIL_V5\C51\LIB\C51L.LIB (?C?ISTOPTR)
  C:\KEIL_V5\C51\LIB\C51L.LIB (?C?ULDIV)
  C:\KEIL_V5\C51\LIB\C51L.LIB (?C?ULCMP)
  C:\KEIL_V5\C51\LIB\C51L.LIB (?C?ULSHR)
  C:\KEIL_V5\C51\LIB\C51L.LIB (?C?LSTXDATA)
  C:\KEIL_V5\C51\LIB\C51L.LIB (?C?LSTKXDATA)
  C:\KEIL_V5\C51\LIB\C51L.LIB (?C?PLDPTR)
  C:\KEIL_V5\C51\LIB\C51L.LIB (?C?CCASE)
  C:\KEIL_V5\C51\LIB\C51L.LIB (?C?ICALL)
  C:\KEIL_V5\C51\LIB\C51L.LIB (?C_XBP)
  C:\KEIL_V5\C51\LIB\C51L.LIB (?C?ADDXBP)
  C:\KEIL_V5\C51\LIB\C51L.LIB (?C?XBPOFF)
  C:\KEIL_V5\C51\LIB\C51L.LIB (PRINTF)
  C:\KEIL_V5\C51\LIB\C51L.LIB (STRLEN)
  C:\KEIL_V5\C51\LIB\C51L.LIB (?C?CLDPTR)
  C:\KEIL_V5\C51\LIB\C51L.LIB (?C?PLDIDATA)
  C:\KEIL_V5\C51\LIB\C51L.LIB (?C?PLDXDATA)
BL51 BANKED LINKER/LOCATER V6.22                                                      08/21/2017  21:12:43  PAGE 2


  C:\KEIL_V5\C51\LIB\C51L.LIB (?C?PLDIXDATA)
  C:\KEIL_V5\C51\LIB\C51L.LIB (?C?PSTXDATA)
  C:\KEIL_V5\C51\LIB\C51L.LIB (?C?PLDPDATA)
  C:\KEIL_V5\C51\LIB\C51L.LIB (?C?PLDCODE)


LINK MAP OF MODULE:  .\Out\Objects\project (MAIN)


            TYPE    BASE      LENGTH    RELOCATION   SEGMENT NAME
            -----------------------------------------------------

            * * * * * * *   D A T A   M E M O R Y   * * * * * * *
            REG     0000H     0008H     ABSOLUTE     "REG BANK 0"
            DATA    0008H     0005H     UNIT         _DATA_GROUP_
            DATA    000DH     0002H     UNIT         ?C?LIB_DATA
            IDATA   000FH     0005H     UNIT         ?ID?BSP_ADC
                    0014H     000CH                  *** GAP ***
            BIT     0020H.0   0001H.1   UNIT         _BIT_GROUP_
            BIT     0021H.1   0000H.1   UNIT         ?BI?BSP
            BIT     0021H.2   0000H.1   UNIT         ?BI?_GET_DATA_FROM_UART1?BSP_UART
            BIT     0021H.3   0000H.1   UNIT         ?BI?BSP_UART
                    0021H.4   0000H.4                *** GAP ***
            IDATA   0022H     007BH     UNIT         ?ID?BSP_KEY
            IDATA   009DH     0001H     UNIT         ?STACK

            * * * * * * *  X D A T A   M E M O R Y  * * * * * * *
            XDATA   0000H     002CH     UNIT         _XDATA_GROUP_
            XDATA   002CH     001CH     UNIT         ?XD?APP_2D4
            XDATA   0048H     0013H     UNIT         ?XD?_RF_CARRIER?BSP_2D4
            XDATA   005BH     0012H     UNIT         ?XD?APP_REPEAT_EXE
            XDATA   006DH     0011H     UNIT         ?XD?MAIN
            XDATA   007EH     000BH     UNIT         ?XD?BSP_TIMER0
            XDATA   0089H     0007H     UNIT         ?XD?BSP_KEY
            XDATA   0090H     0005H     UNIT         ?XD?BSP_2D4
            XDATA   0095H     0004H     UNIT         ?XD?_INITIALUART0_TIMER3_TYPE5?COMMON
            XDATA   0099H     0004H     UNIT         ?XD?_INITIALUART0_TIMER3_TYPE6?COMMON
            XDATA   009DH     0004H     UNIT         ?XD?_INITIALUART1_TIMER3?COMMON
            XDATA   00A1H     0004H     UNIT         ?XD?_TIMER0_DELAY1MS?DELAY
            XDATA   00A5H     0004H     UNIT         ?XD?_TIMER1_DELAY1MS?DELAY
            XDATA   00A9H     0004H     UNIT         ?XD?_TIMER3_DELAY1MS?DELAY
            XDATA   00ADH     0004H     UNIT         ?XD?_WAKEUP_TIMER_DELAY25MS?DELAY
            XDATA   00B1H     0003H     UNIT         ?XD?APP_WORK
            XDATA   00B4H     0002H     UNIT         ?XD?_RF_TXDATA?BSP_2D4
            XDATA   00B6H     0001H     UNIT         ?XD?APP_KEY

            * * * * * * *   C O D E   M E M O R Y   * * * * * * *
            CODE    0000H     0003H     ABSOLUTE     
            CODE    0003H     0008H     UNIT         ?PR?RECEIVE_DATA_FROM_UART0?COMMON
            CODE    000BH     0003H     ABSOLUTE     
            CODE    000EH     000DH     UNIT         ?PR?LCD_CLEAR_ALL?BSP_DISPLAY
            CODE    001BH     0003H     ABSOLUTE     
            CODE    001EH     003DH     UNIT         ?PR?_PUTCHAR?COMMON
            CODE    005BH     0003H     ABSOLUTE     
            CODE    005EH     085EH     UNIT         ?PR?_LCD_SHOWCHAR?BSP_DISPLAY
            CODE    08BCH     045EH     UNIT         ?C?LIB_CODE
            CODE    0D1AH     0365H     UNIT         ?PR?PRINTF?PRINTF
BL51 BANKED LINKER/LOCATER V6.22                                                      08/21/2017  21:12:43  PAGE 3


            CODE    107FH     0154H     UNIT         ?PR?_BSP_DETECTKEY?BSP_KEY
            CODE    11D3H     0145H     UNIT         ?PR?_SYSTEM_CLOCK_SELECT?COMMON
            CODE    1318H     012EH     UNIT         ?PR?RF_INIT?BSP_2D4
            CODE    1446H     0112H     UNIT         ?CO?VERSION
            CODE    1558H     00E4H     UNIT         ?PR?_LCD_CLEAR_MI?BSP_DISPLAY
            CODE    163CH     00E3H     UNIT         ?PR?_RF_CARRIER?BSP_2D4
            CODE    171FH     00B5H     UNIT         ?PR?REPEAT_PRO?APP_REPEAT_EXE
            CODE    17D4H     00A8H     UNIT         ?PR?BSP_INITKEYVAR?BSP_KEY
            CODE    187CH     00A2H     UNIT         ?PR?_LCD_SHOWSTRING?BSP_DISPLAY
            CODE    191EH     009AH     UNIT         ?C_C51STARTUP
            CODE    19B8H     0083H     UNIT         ?PR?_?RANDOM_DELAY?DELAY
            CODE    1A3BH     0080H     UNIT         ?PR?MAIN?MAIN
            CODE    1ABBH     0079H     UNIT         ?PR?TIMER0_ISR?BSP_TIMER0
            CODE    1B34H     0067H     UNIT         ?PR?_ISKEYDOWN?BSP_KEY
            CODE    1B9BH     0063H     UNIT         ?PR?_INITIALUART0_TIMER3_TYPE5?COMMON
            CODE    1BFEH     0063H     UNIT         ?PR?_INITIALUART0_TIMER3_TYPE6?COMMON
            CODE    1C61H     0061H     UNIT         ?PR?_WAKEUP_TIMER_DELAY25MS?DELAY
            CODE    1CC2H     005FH     UNIT         ?PR?SHOW_FW_VERSION_NUMBER_TO_PC?VERSION
            CODE    1D21H     005EH     UNIT         ?C_INITSEG
            CODE    1D7FH     005DH     UNIT         ?PR?_INITIALUART1_TIMER3?COMMON
            CODE    1DDCH     005CH     UNIT         ?PR?ADC_ISR?MAIN
            CODE    1E38H     005BH     UNIT         ?PR?_TIMER3_DELAY1MS?DELAY
            CODE    1E93H     0059H     UNIT         ?PR?_TIMER0_DELAY1MS?DELAY
            CODE    1EECH     0059H     UNIT         ?PR?_TIMER1_DELAY1MS?DELAY
            CODE    1F45H     0056H     UNIT         ?PR?APP_2D4_PRO?APP_2D4
            CODE    1F9BH     0043H     UNIT         ?PR?_RF_WRITEBUF?BSP_2D4
            CODE    1FDEH     0043H     UNIT         ?PR?_RF_TXDATA?BSP_2D4
            CODE    2021H     003FH     UNIT         ?PR?_RF_READBUF?BSP_2D4
            CODE    2060H     0036H     UNIT         ?PR?LCD_DISPLAY_INITHARD?BSP_DISPLAY
            CODE    2096H     0033H     UNIT         ?PR?ADC_INIT?BSP_ADC
            CODE    20C9H     0032H     UNIT         ?PR?_REPEAT_START?APP_REPEAT_EXE
            CODE    20FBH     002AH     UNIT         ?PR?_INITIALUART0_TIMER1_TYPE3?COMMON
            CODE    2125H     002AH     UNIT         ?PR?_INITIALUART0_TIMER1_TYPE4?COMMON
            CODE    214FH     0029H     UNIT         ?PR?_UCRF_DUMPRXDATA?BSP_2D4
            CODE    2178H     0029H     UNIT         ?PR?_INITIALUART0_TIMER1_TYPE1?COMMON
            CODE    21A1H     0028H     UNIT         ?PR?_INITIALUART0_TIMER1_TYPE2?COMMON
            CODE    21C9H     0026H     UNIT         ?PR?TIMER0_PARAMINIT?BSP_TIMER0
            CODE    21EFH     0026H     UNIT         ?PR?RF_RXMODE?BSP_2D4
            CODE    2215H     0024H     UNIT         ?PR?_BSP_SETKEYPARAM?BSP_KEY
            CODE    2239H     0024H     UNIT         ?CO?BSP_2D4
            CODE    225DH     0023H     UNIT         ?PR?TIMER0_INITHARD?BSP_TIMER0
            CODE    2280H     0023H     UNIT         ?PR?_SPI_WR?BSP_2D4
            CODE    22A3H     0021H     UNIT         ?PR?ADC_START?BSP_ADC
            CODE    22C4H     0021H     UNIT         ?PR?_DELAY10US?DELAY
            CODE    22E5H     0020H     UNIT         ?PR?SET_ALL_GPIO_INPUT_MODE?COMMON
            CODE    2305H     001DH     UNIT         ?PR?_SPI_WW?BSP_2D4
            CODE    2322H     001CH     UNIT         ?PR?BSP_GETKEY?BSP_KEY
            CODE    233EH     001CH     UNIT         ?PR?BSP_GETKEY2?BSP_KEY
            CODE    235AH     001BH     UNIT         ?PR?BSP_INIT?BSP
            CODE    2375H     001BH     UNIT         ?PR?BSP_KEYSCAN?BSP_KEY
            CODE    2390H     001AH     UNIT         ?PR?SET_ALL_GPIO_QUASI_MODE?COMMON
            CODE    23AAH     001AH     UNIT         ?PR?SW_RESET?COMMON
            CODE    23C4H     0019H     UNIT         ?PR?UCSPI_READ?BSP_2D4
            CODE    23DDH     0015H     UNIT         ?PR?_STRLEN?STRLEN
            CODE    23F2H     0014H     UNIT         ?PR?REPEAT_STOP?APP_REPEAT_EXE
            CODE    2406H     0014H     UNIT         ?PR?_BSP_PUTKEY?BSP_KEY
            CODE    241AH     0013H     UNIT         ?PR?_GET_DATA_FROM_UART1?BSP_UART
BL51 BANKED LINKER/LOCATER V6.22                                                      08/21/2017  21:12:43  PAGE 4


            CODE    242DH     0013H     UNIT         ?PR?TIMER1_INITHARD?BSP_TIMER1
            CODE    2440H     0013H     UNIT         ?PR?WIRELESS2D4_INITHARD?BSP_2D4
            CODE    2453H     0013H     UNIT         ?PR?_RF_WRITEREG?BSP_2D4
            CODE    2466H     0013H     UNIT         ?PR?_UCRF_READREG?BSP_2D4
            CODE    2479H     0012H     UNIT         ?PR?ISKEYDOWN_1AND6?BSP_KEY
            CODE    248BH     0011H     UNIT         ?PR?UART_INITHARD?BSP_UART
            CODE    249CH     0010H     UNIT         ?PR?REPEAT_START_EXE?APP_REPEAT_EXE
            CODE    24ACH     0010H     UNIT         ?PR?REPEAT_STOP_EXE?APP_REPEAT_EXE
            CODE    24BCH     000FH     UNIT         ?PR?ISKEYDOWN2?BSP_KEY
            CODE    24CBH     000FH     UNIT         ?PR?ISKEYDOWN3?BSP_KEY
            CODE    24DAH     000FH     UNIT         ?PR?ISKEYDOWN4?BSP_KEY
            CODE    24E9H     000FH     UNIT         ?PR?ISKEYDOWN8?BSP_KEY
            CODE    24F8H     000FH     UNIT         ?PR?ISKEYDOWN9?BSP_KEY
            CODE    2507H     000FH     UNIT         ?PR?RF_TXMODE?BSP_2D4
            CODE    2516H     000EH     UNIT         ?PR?ISKEYDOWN5?BSP_KEY
            CODE    2524H     000EH     UNIT         ?PR?_RF_SETCHANNEL?BSP_2D4
            CODE    2532H     000DH     UNIT         ?PR?LCD_CLEAR_MI_ALL?BSP_DISPLAY
            CODE    253FH     000CH     UNIT         ?PR?_APP_KEY_PRO?APP_KEY
            CODE    254BH     000CH     UNIT         ?PR?_REPEAT_SETSTART?APP_REPEAT_EXE
            CODE    2557H     000CH     UNIT         ?PR?_REPEAT_SETSTOP?APP_REPEAT_EXE
            CODE    2563H     000CH     UNIT         ?PR?RF_CLEARFIFO?BSP_2D4
            CODE    256FH     000BH     UNIT         ?PR?_BSP_GETKEYSTATE?BSP_KEY
            CODE    257AH     000AH     UNIT         ?PR?UCRF_GETSTATUS?BSP_2D4
            CODE    2584H     0009H     UNIT         ?PR?ISKEYDOWN1?BSP_KEY
            CODE    258DH     0009H     UNIT         ?PR?KEY_BRIGHT_INITHARD?BSP_KEYBRIGHT
            CODE    2596H     0009H     UNIT         ?PR?LCD_BRIGHT_INITHARD?BSP_LCDBRIGHT
            CODE    259FH     0008H     UNIT         ?PR?_SEND_DATA_TO_UART0?COMMON
            CODE    25A7H     0008H     UNIT         ?PR?RECEIVE_DATA_FROM_UART1?COMMON
            CODE    25AFH     0008H     UNIT         ?PR?_SEND_DATA_TO_UART1?COMMON
            CODE    25B7H     0007H     UNIT         ?CO?MAIN
            CODE    25BEH     0007H     UNIT         ?CO?APP_2D4
            CODE    25C5H     0007H     UNIT         ?PR?BSP_INITKEYHARD?BSP_KEY
            CODE    25CCH     0007H     UNIT         ?PR?LCD_CLEAR_LED_ICO?BSP_DISPLAY
            CODE    25D3H     0007H     UNIT         ?PR?LCD_SHOW_LED_ICO?BSP_DISPLAY
            CODE    25DAH     0007H     UNIT         ?PR?LCD_CLEAR_FM_ICO?BSP_DISPLAY
            CODE    25E1H     0007H     UNIT         ?PR?LCD_SHOW_FM_ICO?BSP_DISPLAY
            CODE    25E8H     0007H     UNIT         ?PR?LCD_CLEAR_BLUETOOTH_ICO?BSP_DISPLAY
            CODE    25EFH     0007H     UNIT         ?PR?LCD_SHOW_BLUETOOTH_ICO?BSP_DISPLAY
            CODE    25F6H     0007H     UNIT         ?PR?LCD_CLEAR_AUX_ICO?BSP_DISPLAY
            CODE    25FDH     0007H     UNIT         ?PR?LCD_SHOW_AUX_ICO?BSP_DISPLAY
            CODE    2604H     0007H     UNIT         ?PR?LCD_CLEAR_USB_ICO?BSP_DISPLAY
            CODE    260BH     0007H     UNIT         ?PR?LCD_SHOW_USB_ICO?BSP_DISPLAY
            CODE    2612H     0007H     UNIT         ?PR?LCD_CLEAR_MHZ_ICO?BSP_DISPLAY
            CODE    2619H     0007H     UNIT         ?PR?LCD_SHOW_MHZ_ICO?BSP_DISPLAY
            CODE    2620H     0007H     UNIT         ?PR?LCD_CLEAR_BAZOOKA_ICO?BSP_DISPLAY
            CODE    2627H     0007H     UNIT         ?PR?LCD_SHOW_BAZOOKA_ICO?BSP_DISPLAY
            CODE    262EH     0007H     UNIT         ?PR?LCD_CLEAR_UPCOLON_ICO?BSP_DISPLAY
            CODE    2635H     0007H     UNIT         ?PR?LCD_SHOW_UPCOLON_ICO?BSP_DISPLAY
            CODE    263CH     0007H     UNIT         ?PR?LCD_CLEAR_DOWNCOLON_ICO?BSP_DISPLAY
            CODE    2643H     0007H     UNIT         ?PR?LCD_SHOW_DOWNCOLON_ICO?BSP_DISPLAY
            CODE    264AH     0007H     UNIT         ?PR?RF_CLEARSTATUS?BSP_2D4
            CODE    2651H     0006H     UNIT         ?PR?APP_POWER_OFF?APP_KEY
            CODE    2657H     0006H     UNIT         ?PR?WORK_INIT?APP_WORK
            CODE    265DH     0006H     UNIT         ?PR?APP_2D4_INIT?APP_2D4
            CODE    2663H     0006H     UNIT         ?PR?ISKEYDOWN6?BSP_KEY
            CODE    2669H     0006H     UNIT         ?PR?ISKEYDOWN7?BSP_KEY
            CODE    266FH     0006H     UNIT         ?PR?BSP_INITKEY?BSP_KEY
BL51 BANKED LINKER/LOCATER V6.22                                                      08/21/2017  21:12:43  PAGE 5


            CODE    2675H     0006H     UNIT         ?PR?BSP_CLEARKEY?BSP_KEY
            CODE    267BH     0006H     UNIT         ?PR?LCD_CLEAR_COLON_ICO?BSP_DISPLAY
            CODE    2681H     0006H     UNIT         ?PR?LCD_SHOW_COLON_ICO?BSP_DISPLAY
            CODE    2687H     0006H     UNIT         ?PR?UCRF_GETRSSI?BSP_2D4
            CODE    268DH     0004H     UNIT         ?PR?FSYS_CLOCK_OUTPUT_ON_P26?COMMON
            CODE    2691H     0003H     UNIT         ?PR?APP_POWER_ON?APP_KEY
            CODE    2694H     0003H     UNIT         ?PR?KEY_BRIGHT_OFF?BSP_KEYBRIGHT
            CODE    2697H     0003H     UNIT         ?PR?KEY_BRIGHT_ON?BSP_KEYBRIGHT
            CODE    269AH     0003H     UNIT         ?PR?KEY_BRIGHT_TOGGLE?BSP_KEYBRIGHT
            CODE    269DH     0003H     UNIT         ?PR?LCD_BRIGHT_OFF?BSP_LCDBRIGHT
            CODE    26A0H     0003H     UNIT         ?PR?LCD_BRIGHT_ON?BSP_LCDBRIGHT
            CODE    26A3H     0001H     UNIT         ?PR?APP_KEY_INIT?APP_KEY
            CODE    26A4H     0001H     UNIT         ?PR?APP_KEY_100MS_PRO?APP_KEY
            CODE    26A5H     0001H     UNIT         ?PR?APP_KEY_1S_PRO?APP_KEY
            CODE    26A6H     0001H     UNIT         ?PR?APP_KEY_CLEAR_NOOPS_TIMEOUTCNT?APP_KEY
            CODE    26A7H     0001H     UNIT         ?PR?QUERY_WORK_SUM?APP_WORK
            CODE    26A8H     0001H     UNIT         ?PR?APP_WORK_1S_PRO?APP_WORK
            CODE    26A9H     0001H     UNIT         ?PR?APP_WORK_100MS_PRO?APP_WORK
            CODE    26AAH     0001H     UNIT         ?PR?APP_WORK_PRO?APP_WORK
            CODE    26ABH     0001H     UNIT         ?PR?TIMER1_ISR?BSP_TIMER1
            CODE    26ACH     0001H     UNIT         ?PR?SPI_INIT?BSP_2D4



OVERLAY MAP OF MODULE:   .\Out\Objects\project (MAIN)


SEGMENT                                             BIT_GROUP          DATA_GROUP          XDATA_GROUP
  +--> CALLED SEGMENT                            START    LENGTH     START    LENGTH     START    LENGTH
--------------------------------------------------------------------------------------------------------
?C_C51STARTUP                                    -----    -----      -----    -----      -----    -----
  +--> ?PR?MAIN?MAIN
  +--> ?C_INITSEG

?PR?MAIN?MAIN                                    -----    -----      -----    -----      0000H    0002H
  +--> ?PR?_SYSTEM_CLOCK_SELECT?COMMON
  +--> ?PR?BSP_INIT?BSP
  +--> ?PR?APP_KEY_INIT?APP_KEY
  +--> ?PR?APP_2D4_INIT?APP_2D4
  +--> ?PR?ADC_START?BSP_ADC
  +--> ?PR?BSP_KEYSCAN?BSP_KEY
  +--> ?CO?MAIN
  +--> ?PR?PRINTF?PRINTF
  +--> ?PR?APP_2D4_PRO?APP_2D4
  +--> ?PR?BSP_GETKEY?BSP_KEY
  +--> ?PR?_APP_KEY_PRO?APP_KEY

?PR?BSP_INIT?BSP                                 -----    -----      -----    -----      -----    -----
  +--> ?PR?SET_ALL_GPIO_INPUT_MODE?COMMON
  +--> ?PR?ADC_INIT?BSP_ADC
  +--> ?PR?BSP_INITKEY?BSP_KEY
  +--> ?PR?KEY_BRIGHT_INITHARD?BSP_KEYBRIGHT
  +--> ?PR?LCD_BRIGHT_INITHARD?BSP_LCDBRIGHT
  +--> ?PR?LCD_DISPLAY_INITHARD?BSP_DISPLAY
  +--> ?PR?TIMER0_INITHARD?BSP_TIMER0
  +--> ?PR?WIRELESS2D4_INITHARD?BSP_2D4

BL51 BANKED LINKER/LOCATER V6.22                                                      08/21/2017  21:12:43  PAGE 6


?PR?BSP_INITKEY?BSP_KEY                          -----    -----      -----    -----      -----    -----
  +--> ?PR?BSP_INITKEYVAR?BSP_KEY
  +--> ?PR?BSP_INITKEYHARD?BSP_KEY

?PR?BSP_INITKEYVAR?BSP_KEY                       -----    -----      -----    -----      -----    -----
  +--> ?PR?ISKEYDOWN1?BSP_KEY
  +--> ?PR?ISKEYDOWN2?BSP_KEY
  +--> ?PR?ISKEYDOWN3?BSP_KEY
  +--> ?PR?ISKEYDOWN4?BSP_KEY
  +--> ?PR?ISKEYDOWN5?BSP_KEY
  +--> ?PR?ISKEYDOWN6?BSP_KEY
  +--> ?PR?ISKEYDOWN7?BSP_KEY
  +--> ?PR?ISKEYDOWN8?BSP_KEY
  +--> ?PR?ISKEYDOWN9?BSP_KEY
  +--> ?PR?ISKEYDOWN_1AND6?BSP_KEY

?PR?ISKEYDOWN2?BSP_KEY                           -----    -----      -----    -----      -----    -----
  +--> ?PR?_ISKEYDOWN?BSP_KEY

?PR?ISKEYDOWN3?BSP_KEY                           -----    -----      -----    -----      -----    -----
  +--> ?PR?_ISKEYDOWN?BSP_KEY

?PR?ISKEYDOWN4?BSP_KEY                           -----    -----      -----    -----      -----    -----
  +--> ?PR?_ISKEYDOWN?BSP_KEY

?PR?ISKEYDOWN5?BSP_KEY                           -----    -----      -----    -----      -----    -----
  +--> ?PR?_ISKEYDOWN?BSP_KEY

?PR?ISKEYDOWN6?BSP_KEY                           -----    -----      -----    -----      -----    -----
  +--> ?PR?_ISKEYDOWN?BSP_KEY

?PR?ISKEYDOWN7?BSP_KEY                           -----    -----      -----    -----      -----    -----
  +--> ?PR?_ISKEYDOWN?BSP_KEY

?PR?ISKEYDOWN8?BSP_KEY                           -----    -----      -----    -----      -----    -----
  +--> ?PR?_ISKEYDOWN?BSP_KEY

?PR?ISKEYDOWN9?BSP_KEY                           -----    -----      -----    -----      -----    -----
  +--> ?PR?_ISKEYDOWN?BSP_KEY

?PR?ISKEYDOWN_1AND6?BSP_KEY                      -----    -----      -----    -----      -----    -----
  +--> ?PR?ISKEYDOWN1?BSP_KEY
  +--> ?PR?ISKEYDOWN6?BSP_KEY

?PR?KEY_BRIGHT_INITHARD?BSP_KEYBRIGHT            -----    -----      -----    -----      -----    -----
  +--> ?PR?KEY_BRIGHT_OFF?BSP_KEYBRIGHT

?PR?LCD_BRIGHT_INITHARD?BSP_LCDBRIGHT            -----    -----      -----    -----      -----    -----
  +--> ?PR?LCD_BRIGHT_ON?BSP_LCDBRIGHT

?PR?LCD_DISPLAY_INITHARD?BSP_DISPLAY             -----    -----      -----    -----      -----    -----
  +--> ?PR?LCD_CLEAR_ALL?BSP_DISPLAY

?PR?TIMER0_INITHARD?BSP_TIMER0                   -----    -----      -----    -----      -----    -----
  +--> ?PR?TIMER0_PARAMINIT?BSP_TIMER0

?PR?APP_2D4_INIT?APP_2D4                         -----    -----      -----    -----      -----    -----
BL51 BANKED LINKER/LOCATER V6.22                                                      08/21/2017  21:12:43  PAGE 7


  +--> ?PR?RF_INIT?BSP_2D4
  +--> ?PR?RF_RXMODE?BSP_2D4

?PR?RF_INIT?BSP_2D4                              -----    -----      -----    -----      0002H    0012H
  +--> ?CO?BSP_2D4
  +--> ?PR?SPI_INIT?BSP_2D4
  +--> ?PR?_RF_WRITEREG?BSP_2D4
  +--> ?PR?_RF_WRITEBUF?BSP_2D4

?PR?_RF_WRITEREG?BSP_2D4                         -----    -----      -----    -----      -----    -----
  +--> ?PR?_SPI_WW?BSP_2D4

?PR?_RF_WRITEBUF?BSP_2D4                         -----    -----      -----    -----      0014H    0005H
  +--> ?PR?_SPI_WW?BSP_2D4

?PR?RF_RXMODE?BSP_2D4                            -----    -----      -----    -----      -----    -----
  +--> ?PR?_RF_WRITEREG?BSP_2D4

?PR?BSP_KEYSCAN?BSP_KEY                          -----    -----      -----    -----      0002H    0001H
  +--> ?PR?_BSP_DETECTKEY?BSP_KEY

?PR?_BSP_DETECTKEY?BSP_KEY                       -----    -----      -----    -----      0003H    0001H
  +--> ?PR?_BSP_PUTKEY?BSP_KEY

?PR?PRINTF?PRINTF                                0020H.0  0001H.1    0008H    0005H      0004H    0028H
  +--> ?PR?_PUTCHAR?COMMON

?PR?APP_2D4_PRO?APP_2D4                          -----    -----      -----    -----      0002H    0002H
  +--> ?PR?_UCRF_DUMPRXDATA?BSP_2D4
  +--> ?CO?APP_2D4
  +--> ?PR?PRINTF?PRINTF
  +--> ?PR?LCD_CLEAR_ALL?BSP_DISPLAY
  +--> ?PR?_LCD_SHOWSTRING?BSP_DISPLAY

?PR?_UCRF_DUMPRXDATA?BSP_2D4                     -----    -----      -----    -----      -----    -----
  +--> ?PR?UCRF_GETSTATUS?BSP_2D4
  +--> ?PR?_RF_WRITEREG?BSP_2D4
  +--> ?PR?_RF_READBUF?BSP_2D4
  +--> ?PR?RF_CLEARFIFO?BSP_2D4
  +--> ?PR?RF_CLEARSTATUS?BSP_2D4

?PR?UCRF_GETSTATUS?BSP_2D4                       -----    -----      -----    -----      -----    -----
  +--> ?PR?_UCRF_READREG?BSP_2D4

?PR?_UCRF_READREG?BSP_2D4                        -----    -----      -----    -----      -----    -----
  +--> ?PR?_SPI_WR?BSP_2D4
  +--> ?PR?UCSPI_READ?BSP_2D4

?PR?_RF_READBUF?BSP_2D4                          -----    -----      -----    -----      0004H    0005H
  +--> ?PR?_SPI_WR?BSP_2D4
  +--> ?PR?UCSPI_READ?BSP_2D4

?PR?RF_CLEARFIFO?BSP_2D4                         -----    -----      -----    -----      -----    -----
  +--> ?PR?_RF_WRITEREG?BSP_2D4

?PR?RF_CLEARSTATUS?BSP_2D4                       -----    -----      -----    -----      -----    -----
  +--> ?PR?_RF_WRITEREG?BSP_2D4
BL51 BANKED LINKER/LOCATER V6.22                                                      08/21/2017  21:12:43  PAGE 8



?PR?_LCD_SHOWSTRING?BSP_DISPLAY                  0020H.0  0000H.1    -----    -----      0004H    0004H
  +--> ?PR?_STRLEN?STRLEN
  +--> ?PR?_LCD_SHOWCHAR?BSP_DISPLAY

?PR?_LCD_SHOWCHAR?BSP_DISPLAY                    -----    -----      -----    -----      -----    -----
  +--> ?PR?_LCD_CLEAR_MI?BSP_DISPLAY

?PR?_APP_KEY_PRO?APP_KEY                         -----    -----      -----    -----      0002H    0001H
  +--> ?PR?APP_KEY_CLEAR_NOOPS_TIMEOUTCNT?AP...
  +--> ?PR?KEY_BRIGHT_TOGGLE?BSP_KEYBRIGHT



SYMBOL TABLE OF MODULE:  .\Out\Objects\project (MAIN)

  VALUE           TYPE          NAME
  ----------------------------------

  -------         MODULE        MAIN
  C:0000H         SYMBOL        _ICE_DUMMY_
  D:0080H         PUBLIC        P0
  D:0090H         PUBLIC        P1
  D:00A0H         PUBLIC        P2
  D:00B0H         PUBLIC        P3
  D:00D8H         PUBLIC        P5
  D:00A8H         PUBLIC        IE
  B:00E8H.7       PUBLIC        ADCF
  C:1DDCH         PUBLIC        ADC_ISR
  D:00B8H         PUBLIC        IP
  C:1A3BH         PUBLIC        main
  D:0098H         PUBLIC        SCON
  D:0088H         PUBLIC        TCON
  D:00F8H         PUBLIC        SCON_1
  D:00E8H         PUBLIC        ADCCON0
  D:00C0H         PUBLIC        I2CON
  D:00C3H         PUBLIC        ADCRH
  X:006EH         SYMBOL        ss
  D:00C8H         PUBLIC        T2CON
  D:00C2H         PUBLIC        ADCRL
  D:00D0H         PUBLIC        PSW
  -------         PROC          ADC_ISR
  C:1DDCH         LINE#         8
  C:1DEDH         LINE#         9
  C:1DEDH         LINE#         11
  C:1DEFH         LINE#         13
  C:1DFFH         LINE#         14
  C:1E1BH         LINE#         15
  C:1E29H         LINE#         17
  -------         ENDPROC       ADC_ISR
  -------         PROC          MAIN
  -------         DO            
  X:0000H         SYMBOL        ucKeyCode
  -------         DO            
  X:0001H         SYMBOL        i
  X:006DH         SYMBOL        n
  -------         ENDDO         
BL51 BANKED LINKER/LOCATER V6.22                                                      08/21/2017  21:12:43  PAGE 9


  -------         ENDDO         
  C:1A3BH         LINE#         19
  C:1A3BH         LINE#         21
  C:1A40H         LINE#         25
  C:1A43H         LINE#         29
  C:1A46H         LINE#         30
  C:1A49H         LINE#         33
  C:1A49H         LINE#         34
  C:1A4FH         LINE#         35
  C:1A51H         LINE#         38
  C:1A54H         LINE#         39
  C:1A54H         LINE#         40
  C:1A5AH         LINE#         41
  C:1A5CH         LINE#         44
  C:1A5FH         LINE#         46
  C:1A5FH         LINE#         47
  C:1A65H         LINE#         48
  C:1A6AH         LINE#         51
  C:1A6EH         LINE#         58
  C:1A74H         LINE#         59
  C:1A7AH         LINE#         60
  C:1A7CH         LINE#         62
  C:1A9FH         LINE#         68
  C:1A9FH         LINE#         69
  C:1AA2H         LINE#         70
  C:1AA2H         LINE#         71
  C:1AA8H         LINE#         72
  C:1AAAH         LINE#         81
  C:1AAAH         LINE#         85
  C:1AB2H         LINE#         86
  C:1AB4H         LINE#         87
  C:1AB9H         LINE#         88
  C:1AB9H         LINE#         90
  -------         ENDPROC       MAIN
  -------         ENDMOD        MAIN

  -------         MODULE        APP_KEY
  C:0000H         SYMBOL        _ICE_DUMMY_
  D:0080H         PUBLIC        P0
  D:0090H         PUBLIC        P1
  D:00A0H         PUBLIC        P2
  D:00B0H         PUBLIC        P3
  C:26A3H         PUBLIC        app_key_init
  D:00D8H         PUBLIC        P5
  D:00A8H         PUBLIC        IE
  C:2691H         PUBLIC        app_power_on
  D:00B8H         PUBLIC        IP
  X:00B6H         PUBLIC        level
  C:253FH         PUBLIC        _app_key_pro
  C:26A5H         PUBLIC        app_key_1s_pro
  D:0098H         PUBLIC        SCON
  D:0088H         PUBLIC        TCON
  D:00F8H         PUBLIC        SCON_1
  D:00E8H         PUBLIC        ADCCON0
  D:00C0H         PUBLIC        I2CON
  C:26A6H         PUBLIC        app_key_clear_noOps_timeoutCnt
  D:00C8H         PUBLIC        T2CON
BL51 BANKED LINKER/LOCATER V6.22                                                      08/21/2017  21:12:43  PAGE 10


  C:2651H         PUBLIC        app_power_off
  C:26A4H         PUBLIC        app_key_100ms_pro
  D:00D0H         PUBLIC        PSW
  -------         PROC          APP_KEY_INIT
  C:26A3H         LINE#         17
  C:26A3H         LINE#         20
  -------         ENDPROC       APP_KEY_INIT
  -------         PROC          APP_POWER_ON
  C:2691H         LINE#         23
  C:2691H         LINE#         24
  -------         ENDPROC       APP_POWER_ON
  -------         PROC          APP_POWER_OFF
  C:2651H         LINE#         26
  C:2651H         LINE#         27
  C:2654H         LINE#         28
  -------         ENDPROC       APP_POWER_OFF
  -------         PROC          APP_KEY_100MS_PRO
  C:26A4H         LINE#         31
  C:26A4H         LINE#         33
  -------         ENDPROC       APP_KEY_100MS_PRO
  -------         PROC          APP_KEY_1S_PRO
  C:26A5H         LINE#         35
  C:26A5H         LINE#         37
  -------         ENDPROC       APP_KEY_1S_PRO
  -------         PROC          APP_KEY_CLEAR_NOOPS_TIMEOUTCNT
  C:26A6H         LINE#         38
  C:26A6H         LINE#         39
  -------         ENDPROC       APP_KEY_CLEAR_NOOPS_TIMEOUTCNT
  -------         PROC          _APP_KEY_PRO
  X:0002H         SYMBOL        keyCode
  C:253FH         LINE#         41
  C:2544H         LINE#         43
  C:2547H         LINE#         45
  C:254AH         LINE#         47
  C:254AH         LINE#         48
  C:254AH         LINE#         50
  C:254AH         LINE#         51
  C:254AH         LINE#         53
  C:254AH         LINE#         54
  C:254AH         LINE#         56
  C:254AH         LINE#         57
  C:254AH         LINE#         59
  C:254AH         LINE#         60
  C:254AH         LINE#         62
  C:254AH         LINE#         63
  C:254AH         LINE#         65
  C:254AH         LINE#         66
  C:254AH         LINE#         68
  C:254AH         LINE#         69
  C:254AH         LINE#         71
  C:254AH         LINE#         72
  C:254AH         LINE#         74
  C:254AH         LINE#         75
  C:254AH         LINE#         77
  C:254AH         LINE#         78
  C:254AH         LINE#         80
  C:254AH         LINE#         81
BL51 BANKED LINKER/LOCATER V6.22                                                      08/21/2017  21:12:43  PAGE 11


  C:254AH         LINE#         83
  C:254AH         LINE#         84
  C:254AH         LINE#         86
  C:254AH         LINE#         87
  C:254AH         LINE#         89
  C:254AH         LINE#         90
  C:254AH         LINE#         92
  C:254AH         LINE#         93
  C:254AH         LINE#         95
  C:254AH         LINE#         96
  C:254AH         LINE#         98
  C:254AH         LINE#         99
  C:254AH         LINE#         101
  C:254AH         LINE#         102
  C:254AH         LINE#         104
  C:254AH         LINE#         105
  C:254AH         LINE#         107
  C:254AH         LINE#         108
  C:254AH         LINE#         110
  C:254AH         LINE#         111
  C:254AH         LINE#         113
  C:254AH         LINE#         114
  C:254AH         LINE#         116
  C:254AH         LINE#         117
  C:254AH         LINE#         119
  C:254AH         LINE#         120
  C:254AH         LINE#         122
  C:254AH         LINE#         123
  C:254AH         LINE#         125
  C:254AH         LINE#         126
  C:254AH         LINE#         128
  C:254AH         LINE#         129
  C:254AH         LINE#         131
  C:254AH         LINE#         132
  C:254AH         LINE#         134
  C:254AH         LINE#         135
  C:254AH         LINE#         137
  C:254AH         LINE#         138
  C:254AH         LINE#         140
  C:254AH         LINE#         142
  C:254AH         LINE#         143
  -------         ENDPROC       _APP_KEY_PRO
  -------         ENDMOD        APP_KEY

  -------         MODULE        APP_WORK
  C:0000H         SYMBOL        _ICE_DUMMY_
  D:0080H         PUBLIC        P0
  D:0090H         PUBLIC        P1
  D:00A0H         PUBLIC        P2
  D:00B0H         PUBLIC        P3
  D:00D8H         PUBLIC        P5
  D:00A8H         PUBLIC        IE
  C:26A7H         PUBLIC        query_work_sum
  D:00B8H         PUBLIC        IP
  C:26AAH         SYMBOL        app_work_pro
  C:26A8H         PUBLIC        app_work_1s_pro
  D:0098H         PUBLIC        SCON
BL51 BANKED LINKER/LOCATER V6.22                                                      08/21/2017  21:12:43  PAGE 12


  D:0088H         PUBLIC        TCON
  C:2657H         PUBLIC        work_Init
  D:00F8H         PUBLIC        SCON_1
  D:00E8H         PUBLIC        ADCCON0
  D:00C0H         PUBLIC        I2CON
  X:00B1H         PUBLIC        g_tWork
  D:00C8H         PUBLIC        T2CON
  C:26A9H         PUBLIC        app_work_100ms_pro
  D:00D0H         PUBLIC        PSW
  -------         PROC          WORK_INIT
  C:2657H         LINE#         15
  C:2657H         LINE#         16
  C:265CH         LINE#         18
  -------         ENDPROC       WORK_INIT
  -------         PROC          QUERY_WORK_SUM
  C:26A7H         LINE#         20
  C:26A7H         LINE#         22
  -------         ENDPROC       QUERY_WORK_SUM
  -------         PROC          APP_WORK_1S_PRO
  C:26A8H         LINE#         24
  C:26A8H         LINE#         26
  -------         ENDPROC       APP_WORK_1S_PRO
  -------         PROC          APP_WORK_100MS_PRO
  C:26A9H         LINE#         27
  C:26A9H         LINE#         29
  -------         ENDPROC       APP_WORK_100MS_PRO
  -------         PROC          APP_WORK_PRO
  C:26AAH         LINE#         31
  C:26AAH         LINE#         33
  -------         ENDPROC       APP_WORK_PRO
  -------         ENDMOD        APP_WORK

  -------         MODULE        APP_REPEAT_EXE
  C:0000H         SYMBOL        _ICE_DUMMY_
  D:0080H         PUBLIC        P0
  D:0090H         PUBLIC        P1
  D:00A0H         PUBLIC        P2
  D:00B0H         PUBLIC        P3
  C:254BH         PUBLIC        _Repeat_SetStart
  D:00D8H         PUBLIC        P5
  D:00A8H         PUBLIC        IE
  C:24ACH         SYMBOL        Repeat_Stop_exe
  D:00B8H         PUBLIC        IP
  C:2557H         PUBLIC        _Repeat_SetStop
  X:005BH         SYMBOL        g_tRepeat
  D:0098H         PUBLIC        SCON
  D:0088H         PUBLIC        TCON
  D:00F8H         PUBLIC        SCON_1
  C:20C9H         PUBLIC        _Repeat_Start
  D:00E8H         PUBLIC        ADCCON0
  D:00C0H         PUBLIC        I2CON
  D:00C8H         PUBLIC        T2CON
  C:23F2H         PUBLIC        Repeat_Stop
  C:171FH         PUBLIC        Repeat_Pro
  C:249CH         SYMBOL        Repeat_Start_exe
  D:00D0H         PUBLIC        PSW
  -------         PROC          _REPEAT_SETSTART
BL51 BANKED LINKER/LOCATER V6.22                                                      08/21/2017  21:12:43  PAGE 13


  D:0001H         SYMBOL        fun
  C:254BH         LINE#         12
  C:254BH         LINE#         13
  C:2556H         LINE#         14
  -------         ENDPROC       _REPEAT_SETSTART
  -------         PROC          _REPEAT_SETSTOP
  D:0001H         SYMBOL        fun
  C:2557H         LINE#         16
  C:2557H         LINE#         17
  C:2562H         LINE#         18
  -------         ENDPROC       _REPEAT_SETSTOP
  -------         PROC          REPEAT_START_EXE
  C:249CH         LINE#         20
  C:249CH         LINE#         21
  C:24A8H         LINE#         22
  C:24ABH         LINE#         23
  C:24ABH         LINE#         24
  -------         ENDPROC       REPEAT_START_EXE
  -------         PROC          REPEAT_STOP_EXE
  C:24ACH         LINE#         26
  C:24ACH         LINE#         27
  C:24B8H         LINE#         28
  C:24BBH         LINE#         29
  C:24BBH         LINE#         30
  -------         ENDPROC       REPEAT_STOP_EXE
  -------         PROC          _REPEAT_START
  D:0006H         SYMBOL        _usStartTime
  D:0004H         SYMBOL        _usStopTime
  D:0002H         SYMBOL        _usCycle
  C:20C9H         LINE#         42
  C:20C9H         LINE#         43
  C:20C9H         LINE#         44
  C:20CDH         LINE#         46
  C:20CDH         LINE#         48
  C:20D5H         LINE#         49
  C:20DDH         LINE#         50
  C:20E5H         LINE#         51
  C:20EAH         LINE#         52
  C:20EEH         LINE#         53
  C:20F2H         LINE#         54
  C:20F7H         LINE#         56
  C:20FAH         LINE#         57
  -------         ENDPROC       _REPEAT_START
  -------         PROC          REPEAT_STOP
  C:23F2H         LINE#         67
  C:23F2H         LINE#         68
  C:23F7H         LINE#         69
  C:23FAH         LINE#         70
  C:2403H         LINE#         71
  -------         ENDPROC       REPEAT_STOP
  -------         PROC          REPEAT_PRO
  C:171FH         LINE#         83
  C:171FH         LINE#         85
  C:1736H         LINE#         87
  C:1736H         LINE#         89
  C:173CH         LINE#         90
  C:1748H         LINE#         91
BL51 BANKED LINKER/LOCATER V6.22                                                      08/21/2017  21:12:43  PAGE 14


  C:1748H         LINE#         92
  C:1761H         LINE#         93
  C:1764H         LINE#         94
  C:176BH         LINE#         95
  C:1770H         LINE#         96
  C:1770H         LINE#         97
  C:1771H         LINE#         99
  C:1771H         LINE#         100
  C:1779H         LINE#         101
  C:1791H         LINE#         103
  C:17A0H         LINE#         104
  C:17B3H         LINE#         106
  C:17B8H         LINE#         107
  C:17B8H         LINE#         109
  C:17BEH         LINE#         110
  C:17C5H         LINE#         112
  C:17C5H         LINE#         113
  C:17C5H         LINE#         114
  C:17CCH         LINE#         115
  C:17D0H         LINE#         117
  C:17D3H         LINE#         118
  C:17D3H         LINE#         119
  C:17D3H         LINE#         121
  -------         ENDPROC       REPEAT_PRO
  -------         ENDMOD        APP_REPEAT_EXE

  -------         MODULE        APP_2D4
  C:0000H         SYMBOL        _ICE_DUMMY_
  D:0080H         PUBLIC        P0
  D:0090H         PUBLIC        P1
  D:00A0H         PUBLIC        P2
  D:00B0H         PUBLIC        P3
  C:265DH         PUBLIC        app_2d4_init
  D:00D8H         PUBLIC        P5
  D:00A8H         PUBLIC        IE
  D:00B8H         PUBLIC        IP
  C:1F45H         PUBLIC        app_2d4_pro
  X:002EH         PUBLIC        ucPayload
  D:0098H         PUBLIC        SCON
  D:0088H         PUBLIC        TCON
  D:00F8H         PUBLIC        SCON_1
  D:00E8H         PUBLIC        ADCCON0
  D:00C0H         PUBLIC        I2CON
  X:0036H         PUBLIC        ss
  D:00C8H         PUBLIC        T2CON
  X:0046H         SYMBOL        n
  D:00D0H         PUBLIC        PSW
  -------         PROC          APP_2D4_INIT
  C:265DH         LINE#         9
  C:265DH         LINE#         11
  C:2660H         LINE#         17
  -------         ENDPROC       APP_2D4_INIT
  -------         PROC          APP_2D4_PRO
  -------         DO            
  X:0002H         SYMBOL        sta
  -------         DO            
  X:002CH         SYMBOL        n
BL51 BANKED LINKER/LOCATER V6.22                                                      08/21/2017  21:12:43  PAGE 15


  -------         ENDDO         
  -------         ENDDO         
  C:1F45H         LINE#         23
  C:1F45H         LINE#         24
  C:1F4CH         LINE#         65
  C:1F5AH         LINE#         68
  C:1F68H         LINE#         69
  C:1F8EH         LINE#         71
  C:1F91H         LINE#         72
  C:1F9AH         LINE#         73
  C:1F9AH         LINE#         75
  -------         ENDPROC       APP_2D4_PRO
  -------         ENDMOD        APP_2D4

  -------         MODULE        BSP
  C:0000H         SYMBOL        _ICE_DUMMY_
  D:0080H         PUBLIC        P0
  D:0090H         PUBLIC        P1
  D:00A0H         PUBLIC        P2
  D:00B0H         PUBLIC        P3
  D:00D8H         PUBLIC        P5
  B:00A8H.7       PUBLIC        EA
  D:00A8H         PUBLIC        IE
  D:00B8H         PUBLIC        IP
  B:0021H.1       PUBLIC        BIT_TMP
  D:0098H         PUBLIC        SCON
  D:0088H         PUBLIC        TCON
  C:235AH         PUBLIC        bsp_Init
  D:00F8H         PUBLIC        SCON_1
  D:00E8H         PUBLIC        ADCCON0
  D:00C0H         PUBLIC        I2CON
  D:00C8H         PUBLIC        T2CON
  D:00D0H         PUBLIC        PSW
  -------         PROC          BSP_INIT
  C:235AH         LINE#         5
  C:235AH         LINE#         10
  C:235DH         LINE#         12
  C:2360H         LINE#         13
  C:2363H         LINE#         14
  C:2366H         LINE#         15
  C:2369H         LINE#         17
  C:236CH         LINE#         18
  C:236FH         LINE#         23
  C:2372H         LINE#         25
  C:2374H         LINE#         27
  -------         ENDPROC       BSP_INIT
  -------         ENDMOD        BSP

  -------         MODULE        BSP_KEY
  C:0000H         SYMBOL        _ICE_DUMMY_
  D:00B1H         PUBLIC        P0M1
  D:00B2H         PUBLIC        P0M2
  D:0080H         PUBLIC        P0
  D:0090H         PUBLIC        P1
  D:00A0H         PUBLIC        P2
  C:1B3DH         SYMBOL        _IsKeyDown
  D:00B0H         PUBLIC        P3
BL51 BANKED LINKER/LOCATER V6.22                                                      08/21/2017  21:12:43  PAGE 16


  D:00D8H         PUBLIC        P5
  C:2406H         PUBLIC        _bsp_PutKey
  D:00A8H         PUBLIC        IE
  C:17D4H         SYMBOL        bsp_InitKeyVar
  X:0089H         PUBLIC        pBtn
  D:00B8H         PUBLIC        IP
  C:2479H         SYMBOL        IsKeyDown_1AND6
  C:233EH         PUBLIC        bsp_GetKey2
  C:107FH         SYMBOL        _bsp_DetectKey
  B:0080H.2       PUBLIC        P02
  C:2584H         SYMBOL        IsKeyDown1
  D:0098H         PUBLIC        SCON
  C:24BCH         SYMBOL        IsKeyDown2
  D:0088H         PUBLIC        TCON
  C:24CBH         SYMBOL        IsKeyDown3
  C:24DAH         SYMBOL        IsKeyDown4
  C:2516H         SYMBOL        IsKeyDown5
  C:2663H         SYMBOL        IsKeyDown6
  C:2669H         SYMBOL        IsKeyDown7
  C:24E9H         SYMBOL        IsKeyDown8
  C:24F8H         SYMBOL        IsKeyDown9
  C:2675H         PUBLIC        bsp_ClearKey
  X:008CH         PUBLIC        min
  D:00F8H         PUBLIC        SCON_1
  X:008EH         PUBLIC        max
  C:2375H         PUBLIC        bsp_KeyScan
  D:00E8H         PUBLIC        ADCCON0
  D:00C0H         PUBLIC        I2CON
  D:00C8H         PUBLIC        T2CON
  C:266FH         PUBLIC        bsp_InitKey
  C:25C5H         SYMBOL        bsp_InitKeyHard
  I:0022H         SYMBOL        s_tBtn
  I:0090H         SYMBOL        s_tKey
  C:2322H         PUBLIC        bsp_GetKey
  C:2215H         PUBLIC        _bsp_SetKeyParam
  C:256FH         PUBLIC        _bsp_GetKeyState
  D:00D0H         PUBLIC        PSW
  -------         PROC          ISKEYDOWN1
  C:2584H         LINE#         46
  C:2584H         LINE#         47
  C:2587H         LINE#         48
  C:258AH         LINE#         49
  C:258AH         LINE#         50
  C:258CH         LINE#         51
  C:258CH         LINE#         52
  -------         ENDPROC       ISKEYDOWN1
  -------         PROC          L?0067
  -------         ENDPROC       L?0067
  -------         PROC          _ISKEYDOWN
  D:0006H         SYMBOL        key_ad
  D:0004H         SYMBOL        result_ad
  C:1B3DH         LINE#         55
  C:1B3DH         LINE#         57
  C:1B62H         LINE#         58
  C:1B81H         LINE#         60
  C:1B9AH         LINE#         61
  -------         ENDPROC       _ISKEYDOWN
BL51 BANKED LINKER/LOCATER V6.22                                                      08/21/2017  21:12:43  PAGE 17


  -------         PROC          ISKEYDOWN2
  C:24BCH         LINE#         64
  C:24BCH         LINE#         66
  C:24CAH         LINE#         67
  -------         ENDPROC       ISKEYDOWN2
  -------         PROC          ISKEYDOWN3
  C:24CBH         LINE#         69
  C:24CBH         LINE#         70
  C:24D9H         LINE#         71
  -------         ENDPROC       ISKEYDOWN3
  -------         PROC          ISKEYDOWN4
  C:24DAH         LINE#         73
  C:24DAH         LINE#         74
  C:24E8H         LINE#         75
  -------         ENDPROC       ISKEYDOWN4
  -------         PROC          ISKEYDOWN5
  C:2516H         LINE#         77
  C:2516H         LINE#         79
  C:2523H         LINE#         80
  -------         ENDPROC       ISKEYDOWN5
  -------         PROC          ISKEYDOWN6
  C:2663H         LINE#         82
  C:2663H         LINE#         83
  C:2668H         LINE#         84
  -------         ENDPROC       ISKEYDOWN6
  -------         PROC          ISKEYDOWN7
  C:2669H         LINE#         86
  C:2669H         LINE#         87
  C:266EH         LINE#         88
  -------         ENDPROC       ISKEYDOWN7
  -------         PROC          ISKEYDOWN8
  C:24E9H         LINE#         90
  C:24E9H         LINE#         91
  C:24F7H         LINE#         92
  -------         ENDPROC       ISKEYDOWN8
  -------         PROC          ISKEYDOWN9
  C:24F8H         LINE#         94
  C:24F8H         LINE#         95
  C:2506H         LINE#         96
  -------         ENDPROC       ISKEYDOWN9
  -------         PROC          ISKEYDOWN_1AND6
  C:2479H         LINE#         98
  C:2479H         LINE#         99
  C:2485H         LINE#         100
  C:2488H         LINE#         101
  C:2488H         LINE#         102
  C:248AH         LINE#         103
  C:248AH         LINE#         105
  -------         ENDPROC       ISKEYDOWN_1AND6
  -------         PROC          BSP_INITKEY
  C:266FH         LINE#         114
  C:266FH         LINE#         115
  C:2672H         LINE#         116
  -------         ENDPROC       BSP_INITKEY
  -------         PROC          _BSP_PUTKEY
  D:0007H         SYMBOL        _KeyCode
  C:2406H         LINE#         127
BL51 BANKED LINKER/LOCATER V6.22                                                      08/21/2017  21:12:43  PAGE 18


  C:2406H         LINE#         128
  C:240EH         LINE#         130
  C:2417H         LINE#         131
  C:2419H         LINE#         132
  C:2419H         LINE#         133
  -------         ENDPROC       _BSP_PUTKEY
  -------         PROC          BSP_GETKEY
  -------         DO            
  D:0007H         SYMBOL        ret
  -------         ENDDO         
  C:2322H         LINE#         143
  C:2322H         LINE#         146
  C:232AH         LINE#         147
  C:232CH         LINE#         148
  C:232CH         LINE#         149
  C:2332H         LINE#         151
  C:233BH         LINE#         152
  C:233DH         LINE#         153
  C:233DH         LINE#         154
  C:233DH         LINE#         155
  C:233DH         LINE#         156
  -------         ENDPROC       BSP_GETKEY
  -------         PROC          BSP_GETKEY2
  -------         DO            
  D:0007H         SYMBOL        ret
  -------         ENDDO         
  C:233EH         LINE#         166
  C:233EH         LINE#         169
  C:2346H         LINE#         170
  C:2348H         LINE#         171
  C:2348H         LINE#         172
  C:234EH         LINE#         174
  C:2357H         LINE#         175
  C:2359H         LINE#         176
  C:2359H         LINE#         177
  C:2359H         LINE#         178
  C:2359H         LINE#         179
  -------         ENDPROC       BSP_GETKEY2
  -------         PROC          _BSP_GETKEYSTATE
  D:0007H         SYMBOL        _ucKeyID
  C:256FH         LINE#         189
  C:256FH         LINE#         190
  C:2579H         LINE#         191
  -------         ENDPROC       _BSP_GETKEYSTATE
  -------         PROC          _BSP_SETKEYPARAM
  D:0007H         SYMBOL        _ucKeyID
  D:0004H         SYMBOL        _LongTime
  D:0003H         SYMBOL        _RepeatSpeed
  C:2215H         LINE#         203
  C:2215H         LINE#         204
  C:2222H         LINE#         205
  C:222EH         LINE#         206
  C:2238H         LINE#         207
  -------         ENDPROC       _BSP_SETKEYPARAM
  -------         PROC          BSP_CLEARKEY
  C:2675H         LINE#         217
  C:2675H         LINE#         218
BL51 BANKED LINKER/LOCATER V6.22                                                      08/21/2017  21:12:43  PAGE 19


  C:267AH         LINE#         219
  -------         ENDPROC       BSP_CLEARKEY
  -------         PROC          BSP_INITKEYHARD
  C:25C5H         LINE#         229
  C:25C5H         LINE#         231
  C:25C8H         LINE#         232
  C:25CBH         LINE#         234
  -------         ENDPROC       BSP_INITKEYHARD
  -------         PROC          BSP_INITKEYVAR
  -------         DO            
  D:0007H         SYMBOL        i
  -------         ENDDO         
  C:17D4H         LINE#         244
  C:17D4H         LINE#         248
  C:17D8H         LINE#         249
  C:17DAH         LINE#         250
  C:17DCH         LINE#         253
  C:17DDH         LINE#         254
  C:17EAH         LINE#         255
  C:17F4H         LINE#         256
  C:17FEH         LINE#         260
  C:1808H         LINE#         261
  C:1812H         LINE#         262
  C:1817H         LINE#         265
  C:1821H         LINE#         266
  C:182BH         LINE#         267
  C:1835H         LINE#         268
  C:183FH         LINE#         269
  C:1849H         LINE#         270
  C:1853H         LINE#         271
  C:185DH         LINE#         272
  C:1867H         LINE#         273
  C:1871H         LINE#         274
  C:187BH         LINE#         275
  -------         ENDPROC       BSP_INITKEYVAR
  -------         PROC          _BSP_DETECTKEY
  X:0003H         SYMBOL        i
  C:107FH         LINE#         286
  C:1084H         LINE#         287
  C:1098H         LINE#         288
  C:10A4H         LINE#         289
  C:10BBH         LINE#         290
  C:10C0H         LINE#         291
  C:10C9H         LINE#         292
  C:10D1H         LINE#         293
  C:10D1H         LINE#         294
  C:10D9H         LINE#         295
  C:10E0H         LINE#         298
  C:10EDH         LINE#         299
  C:10EDH         LINE#         301
  C:110CH         LINE#         302
  C:1119H         LINE#         304
  C:1130H         LINE#         306
  C:113AH         LINE#         307
  C:113AH         LINE#         308
  C:113CH         LINE#         309
  C:114BH         LINE#         310
BL51 BANKED LINKER/LOCATER V6.22                                                      08/21/2017  21:12:43  PAGE 20


  C:1157H         LINE#         311
  C:115EH         LINE#         313
  C:116BH         LINE#         314
  C:116BH         LINE#         315
  C:116BH         LINE#         316
  C:116BH         LINE#         317
  C:116BH         LINE#         318
  C:116BH         LINE#         319
  C:116BH         LINE#         320
  C:1182H         LINE#         321
  C:118AH         LINE#         322
  C:118FH         LINE#         323
  C:1197H         LINE#         324
  C:1199H         LINE#         325
  C:11A2H         LINE#         326
  C:11A9H         LINE#         329
  C:11B7H         LINE#         330
  C:11B7H         LINE#         331
  C:11B7H         LINE#         332
  C:11CBH         LINE#         333
  C:11D2H         LINE#         334
  C:11D2H         LINE#         335
  -------         ENDPROC       _BSP_DETECTKEY
  -------         PROC          BSP_KEYSCAN
  -------         DO            
  X:0002H         SYMBOL        i
  -------         ENDDO         
  C:2375H         LINE#         345
  C:2375H         LINE#         348
  C:2384H         LINE#         349
  C:2387H         LINE#         350
  C:238FH         LINE#         351
  -------         ENDPROC       BSP_KEYSCAN
  -------         ENDMOD        BSP_KEY

  -------         MODULE        BSP_DISPLAY
  C:0000H         SYMBOL        _ICE_DUMMY_
  C:2627H         PUBLIC        LCD_Show_BAZOOKA_ICO
  D:00B1H         PUBLIC        P0M1
  D:00B3H         PUBLIC        P1M1
  D:00B2H         PUBLIC        P0M2
  D:0080H         PUBLIC        P0
  D:00B5H         PUBLIC        P2M1
  D:00B4H         PUBLIC        P1M2
  D:0090H         PUBLIC        P1
  D:00B6H         PUBLIC        P2M2
  D:00ACH         PUBLIC        P3M1
  D:00A0H         PUBLIC        P2
  D:00DAH         PUBLIC        P4M1
  D:00B0H         PUBLIC        P3
  D:00ADH         PUBLIC        P3M2
  D:00DCH         PUBLIC        P5M1
  D:00DBH         PUBLIC        P4M2
  D:00DDH         PUBLIC        P5M2
  D:00D8H         PUBLIC        P5
  C:25E1H         PUBLIC        LCD_Show_FM_ICO
  D:00A8H         PUBLIC        IE
BL51 BANKED LINKER/LOCATER V6.22                                                      08/21/2017  21:12:43  PAGE 21


  C:25CCH         PUBLIC        LCD_Clear_LED_ICO
  C:000EH         PUBLIC        LCD_Clear_All
  D:00B8H         PUBLIC        IP
  C:262EH         PUBLIC        LCD_Clear_upColon_ICO
  C:2604H         PUBLIC        LCD_Clear_USB_ICO
  C:2060H         PUBLIC        LCD_display_InitHard
  C:25F6H         PUBLIC        LCD_Clear_AUX_ICO
  C:2612H         PUBLIC        LCD_Clear_MHZ_ICO
  C:2643H         PUBLIC        LCD_Show_downColon_ICO
  D:00FCH         PUBLIC        LCDDAT
  D:00FAH         PUBLIC        LCDCLK
  D:0098H         PUBLIC        SCON
  D:00F9H         PUBLIC        LCDCON
  D:0088H         PUBLIC        TCON
  C:25E8H         PUBLIC        LCD_Clear_BLUETooTH_ICO
  C:267BH         PUBLIC        LCD_Clear_Colon_ICO
  C:2620H         PUBLIC        LCD_Clear_BAZOOKA_ICO
  D:00F8H         PUBLIC        SCON_1
  C:25D3H         PUBLIC        LCD_Show_LED_ICO
  D:00FBH         PUBLIC        LCDPTR
  C:25DAH         PUBLIC        LCD_Clear_FM_ICO
  C:187CH         PUBLIC        _LCD_ShowString
  C:1558H         SYMBOL        _LCD_Clear_mi
  C:005EH         PUBLIC        _LCD_ShowChar
  C:2635H         PUBLIC        LCD_Show_upColon_ICO
  D:00E8H         PUBLIC        ADCCON0
  D:00C0H         PUBLIC        I2CON
  C:260BH         PUBLIC        LCD_Show_USB_ICO
  C:25FDH         PUBLIC        LCD_Show_AUX_ICO
  C:2619H         PUBLIC        LCD_Show_MHZ_ICO
  D:00E5H         PUBLIC        LCDSEG0
  D:00E6H         PUBLIC        LCDSEG1
  D:00E7H         PUBLIC        LCDSEG2
  D:00EEH         PUBLIC        LCDSEG3
  D:00C8H         PUBLIC        T2CON
  C:25EFH         PUBLIC        LCD_Show_BLUETooTH_ICO
  C:2532H         PUBLIC        LCD_Clear_mi_all
  C:2681H         PUBLIC        LCD_Show_Colon_ICO
  C:263CH         PUBLIC        LCD_Clear_downColon_ICO
  D:00D0H         PUBLIC        PSW
  -------         PROC          LCD_DISPLAY_INITHARD
  C:2060H         LINE#         16
  C:2060H         LINE#         19
  C:2063H         LINE#         20
  C:2066H         LINE#         22
  C:2068H         LINE#         23
  C:206BH         LINE#         25
  C:206DH         LINE#         26
  C:2070H         LINE#         28
  C:2072H         LINE#         29
  C:2075H         LINE#         31
  C:2077H         LINE#         32
  C:207AH         LINE#         34
  C:207CH         LINE#         35
  C:207FH         LINE#         39
  C:2081H         LINE#         41
  C:2084H         LINE#         44
BL51 BANKED LINKER/LOCATER V6.22                                                      08/21/2017  21:12:43  PAGE 22


  C:2087H         LINE#         45
  C:208AH         LINE#         46
  C:208DH         LINE#         47
  C:2090H         LINE#         49
  C:2093H         LINE#         51
  -------         ENDPROC       LCD_DISPLAY_INITHARD
  -------         PROC          LCD_CLEAR_ALL
  -------         DO            
  D:0007H         SYMBOL        i
  -------         ENDDO         
  C:000EH         LINE#         54
  C:000EH         LINE#         56
  C:0010H         LINE#         57
  C:0012H         LINE#         58
  C:0015H         LINE#         59
  C:001AH         LINE#         60
  -------         ENDPROC       LCD_CLEAR_ALL
  -------         PROC          LCD_CLEAR_LED_ICO
  C:25CCH         LINE#         62
  C:25CCH         LINE#         63
  C:25CFH         LINE#         64
  C:25D2H         LINE#         65
  -------         ENDPROC       LCD_CLEAR_LED_ICO
  -------         PROC          LCD_SHOW_LED_ICO
  C:25D3H         LINE#         66
  C:25D3H         LINE#         67
  C:25D6H         LINE#         68
  C:25D9H         LINE#         69
  -------         ENDPROC       LCD_SHOW_LED_ICO
  -------         PROC          LCD_CLEAR_FM_ICO
  C:25DAH         LINE#         70
  C:25DAH         LINE#         71
  C:25DDH         LINE#         72
  C:25E0H         LINE#         73
  -------         ENDPROC       LCD_CLEAR_FM_ICO
  -------         PROC          LCD_SHOW_FM_ICO
  C:25E1H         LINE#         74
  C:25E1H         LINE#         75
  C:25E4H         LINE#         76
  C:25E7H         LINE#         77
  -------         ENDPROC       LCD_SHOW_FM_ICO
  -------         PROC          LCD_CLEAR_BLUETOOTH_ICO
  C:25E8H         LINE#         78
  C:25E8H         LINE#         79
  C:25EBH         LINE#         80
  C:25EEH         LINE#         81
  -------         ENDPROC       LCD_CLEAR_BLUETOOTH_ICO
  -------         PROC          LCD_SHOW_BLUETOOTH_ICO
  C:25EFH         LINE#         82
  C:25EFH         LINE#         83
  C:25F2H         LINE#         84
  C:25F5H         LINE#         85
  -------         ENDPROC       LCD_SHOW_BLUETOOTH_ICO
  -------         PROC          LCD_CLEAR_AUX_ICO
  C:25F6H         LINE#         86
  C:25F6H         LINE#         87
  C:25F9H         LINE#         88
BL51 BANKED LINKER/LOCATER V6.22                                                      08/21/2017  21:12:43  PAGE 23


  C:25FCH         LINE#         89
  -------         ENDPROC       LCD_CLEAR_AUX_ICO
  -------         PROC          LCD_SHOW_AUX_ICO
  C:25FDH         LINE#         90
  C:25FDH         LINE#         91
  C:2600H         LINE#         92
  C:2603H         LINE#         93
  -------         ENDPROC       LCD_SHOW_AUX_ICO
  -------         PROC          LCD_CLEAR_USB_ICO
  C:2604H         LINE#         94
  C:2604H         LINE#         95
  C:2607H         LINE#         96
  C:260AH         LINE#         97
  -------         ENDPROC       LCD_CLEAR_USB_ICO
  -------         PROC          LCD_SHOW_USB_ICO
  C:260BH         LINE#         98
  C:260BH         LINE#         99
  C:260EH         LINE#         100
  C:2611H         LINE#         101
  -------         ENDPROC       LCD_SHOW_USB_ICO
  -------         PROC          LCD_CLEAR_MHZ_ICO
  C:2612H         LINE#         102
  C:2612H         LINE#         103
  C:2615H         LINE#         104
  C:2618H         LINE#         105
  -------         ENDPROC       LCD_CLEAR_MHZ_ICO
  -------         PROC          LCD_SHOW_MHZ_ICO
  C:2619H         LINE#         106
  C:2619H         LINE#         107
  C:261CH         LINE#         108
  C:261FH         LINE#         109
  -------         ENDPROC       LCD_SHOW_MHZ_ICO
  -------         PROC          LCD_CLEAR_BAZOOKA_ICO
  C:2620H         LINE#         110
  C:2620H         LINE#         111
  C:2623H         LINE#         112
  C:2626H         LINE#         113
  -------         ENDPROC       LCD_CLEAR_BAZOOKA_ICO
  -------         PROC          LCD_SHOW_BAZOOKA_ICO
  C:2627H         LINE#         114
  C:2627H         LINE#         115
  C:262AH         LINE#         116
  C:262DH         LINE#         117
  -------         ENDPROC       LCD_SHOW_BAZOOKA_ICO
  -------         PROC          LCD_CLEAR_UPCOLON_ICO
  C:262EH         LINE#         123
  C:262EH         LINE#         124
  C:2631H         LINE#         125
  C:2634H         LINE#         126
  -------         ENDPROC       LCD_CLEAR_UPCOLON_ICO
  -------         PROC          LCD_SHOW_UPCOLON_ICO
  C:2635H         LINE#         127
  C:2635H         LINE#         128
  C:2638H         LINE#         129
  C:263BH         LINE#         130
  -------         ENDPROC       LCD_SHOW_UPCOLON_ICO
  -------         PROC          LCD_CLEAR_DOWNCOLON_ICO
BL51 BANKED LINKER/LOCATER V6.22                                                      08/21/2017  21:12:43  PAGE 24


  C:263CH         LINE#         131
  C:263CH         LINE#         132
  C:263FH         LINE#         133
  C:2642H         LINE#         134
  -------         ENDPROC       LCD_CLEAR_DOWNCOLON_ICO
  -------         PROC          LCD_SHOW_DOWNCOLON_ICO
  C:2643H         LINE#         135
  C:2643H         LINE#         136
  C:2646H         LINE#         137
  C:2649H         LINE#         138
  -------         ENDPROC       LCD_SHOW_DOWNCOLON_ICO
  -------         PROC          LCD_CLEAR_COLON_ICO
  C:267BH         LINE#         139
  C:267BH         LINE#         140
  C:267EH         LINE#         141
  -------         ENDPROC       LCD_CLEAR_COLON_ICO
  -------         PROC          LCD_SHOW_COLON_ICO
  C:2681H         LINE#         143
  C:2681H         LINE#         144
  C:2684H         LINE#         145
  -------         ENDPROC       LCD_SHOW_COLON_ICO
  -------         PROC          _LCD_CLEAR_MI
  D:0007H         SYMBOL        n
  C:1558H         LINE#         147
  C:1558H         LINE#         148
  C:1580H         LINE#         149
  C:1580H         LINE#         150
  C:1583H         LINE#         151
  C:1586H         LINE#         153
  C:1589H         LINE#         154
  C:158CH         LINE#         156
  C:158FH         LINE#         157
  C:1592H         LINE#         159
  C:1595H         LINE#         160
  C:1595H         LINE#         161
  C:1598H         LINE#         162
  C:1598H         LINE#         163
  C:159BH         LINE#         164
  C:159EH         LINE#         166
  C:15A1H         LINE#         167
  C:15A4H         LINE#         169
  C:15A7H         LINE#         170
  C:15AAH         LINE#         172
  C:15ADH         LINE#         173
  C:15ADH         LINE#         174
  C:15B0H         LINE#         175
  C:15B0H         LINE#         176
  C:15B3H         LINE#         177
  C:15B6H         LINE#         179
  C:15B9H         LINE#         180
  C:15BCH         LINE#         182
  C:15BFH         LINE#         183
  C:15C2H         LINE#         185
  C:15C5H         LINE#         186
  C:15C5H         LINE#         187
  C:15C7H         LINE#         188
  C:15C7H         LINE#         189
BL51 BANKED LINKER/LOCATER V6.22                                                      08/21/2017  21:12:43  PAGE 25


  C:15CAH         LINE#         190
  C:15CDH         LINE#         192
  C:15D0H         LINE#         193
  C:15D3H         LINE#         195
  C:15D6H         LINE#         196
  C:15D9H         LINE#         198
  C:15DCH         LINE#         199
  C:15DCH         LINE#         200
  C:15DEH         LINE#         201
  C:15DEH         LINE#         202
  C:15E1H         LINE#         203
  C:15E4H         LINE#         205
  C:15E7H         LINE#         206
  C:15EAH         LINE#         208
  C:15EDH         LINE#         209
  C:15F0H         LINE#         211
  C:15F3H         LINE#         212
  C:15F3H         LINE#         213
  C:15F5H         LINE#         214
  C:15F5H         LINE#         215
  C:15F8H         LINE#         216
  C:15FBH         LINE#         218
  C:15FEH         LINE#         219
  C:1601H         LINE#         221
  C:1604H         LINE#         222
  C:1607H         LINE#         224
  C:160AH         LINE#         225
  C:160AH         LINE#         226
  C:160CH         LINE#         227
  C:160CH         LINE#         228
  C:160FH         LINE#         229
  C:1612H         LINE#         231
  C:1615H         LINE#         232
  C:1618H         LINE#         234
  C:161BH         LINE#         235
  C:161EH         LINE#         237
  C:1621H         LINE#         238
  C:1621H         LINE#         239
  C:1623H         LINE#         240
  C:1623H         LINE#         241
  C:1626H         LINE#         242
  C:1629H         LINE#         244
  C:162CH         LINE#         245
  C:162FH         LINE#         247
  C:1632H         LINE#         248
  C:1635H         LINE#         250
  C:1638H         LINE#         251
  C:163BH         LINE#         252
  C:163BH         LINE#         253
  C:163BH         LINE#         254
  -------         ENDPROC       _LCD_CLEAR_MI
  -------         PROC          LCD_CLEAR_MI_ALL
  -------         DO            
  D:0006H         SYMBOL        i
  -------         ENDDO         
  C:2532H         LINE#         255
  C:2532H         LINE#         256
BL51 BANKED LINKER/LOCATER V6.22                                                      08/21/2017  21:12:43  PAGE 26


  C:2534H         LINE#         257
  C:2534H         LINE#         258
  C:2539H         LINE#         259
  C:253EH         LINE#         260
  -------         ENDPROC       LCD_CLEAR_MI_ALL
  -------         PROC          _LCD_SHOWCHAR
  D:0007H         SYMBOL        n
  D:0005H         SYMBOL        c
  C:005EH         LINE#         261
  C:005EH         LINE#         262
  C:0067H         LINE#         264
  C:0067H         LINE#         266
  C:0070H         LINE#         267
  C:0072H         LINE#         268
  C:0078H         LINE#         269
  C:007AH         LINE#         270
  C:0080H         LINE#         271
  C:0082H         LINE#         272
  C:0088H         LINE#         273
  C:008AH         LINE#         274
  C:0090H         LINE#         275
  C:0092H         LINE#         276
  C:0092H         LINE#         277
  C:0145H         LINE#         278
  C:0145H         LINE#         279
  C:0151H         LINE#         280
  C:0154H         LINE#         282
  C:015AH         LINE#         283
  C:015DH         LINE#         285
  C:0163H         LINE#         286
  C:0166H         LINE#         288
  C:0166H         LINE#         289
  C:0166H         LINE#         290
  C:0169H         LINE#         291
  C:0169H         LINE#         292
  C:0175H         LINE#         293
  C:0178H         LINE#         295
  C:017EH         LINE#         296
  C:0181H         LINE#         298
  C:0187H         LINE#         299
  C:018AH         LINE#         301
  C:018AH         LINE#         302
  C:018AH         LINE#         303
  C:018DH         LINE#         304
  C:018DH         LINE#         305
  C:0199H         LINE#         306
  C:019CH         LINE#         308
  C:019CH         LINE#         309
  C:019CH         LINE#         311
  C:019CH         LINE#         312
  C:019CH         LINE#         314
  C:019CH         LINE#         315
  C:019CH         LINE#         316
  C:019FH         LINE#         317
  C:019FH         LINE#         318
  C:01ABH         LINE#         319
  C:01AEH         LINE#         321
BL51 BANKED LINKER/LOCATER V6.22                                                      08/21/2017  21:12:43  PAGE 27


  C:01AEH         LINE#         322
  C:01AEH         LINE#         324
  C:01AEH         LINE#         325
  C:01AEH         LINE#         327
  C:01AEH         LINE#         328
  C:01AEH         LINE#         329
  C:01B1H         LINE#         330
  C:01B1H         LINE#         331
  C:01BDH         LINE#         332
  C:01C0H         LINE#         334
  C:01C0H         LINE#         335
  C:01C0H         LINE#         337
  C:01C0H         LINE#         338
  C:01C0H         LINE#         340
  C:01C0H         LINE#         341
  C:01C0H         LINE#         342
  C:01C3H         LINE#         343
  C:01C3H         LINE#         344
  C:01CFH         LINE#         345
  C:01D2H         LINE#         347
  C:01D2H         LINE#         348
  C:01D2H         LINE#         350
  C:01D2H         LINE#         351
  C:01D2H         LINE#         353
  C:01D2H         LINE#         354
  C:01D2H         LINE#         355
  C:01D5H         LINE#         356
  C:01D5H         LINE#         357
  C:01E1H         LINE#         358
  C:01E4H         LINE#         360
  C:01E4H         LINE#         361
  C:01E4H         LINE#         363
  C:01E4H         LINE#         364
  C:01E4H         LINE#         366
  C:01E4H         LINE#         367
  C:01E4H         LINE#         368
  C:01E7H         LINE#         369
  C:01E7H         LINE#         370
  C:01F3H         LINE#         371
  C:01F6H         LINE#         373
  C:01FCH         LINE#         374
  C:01FFH         LINE#         376
  C:0205H         LINE#         377
  C:0208H         LINE#         379
  C:0208H         LINE#         380
  C:0208H         LINE#         381
  C:020BH         LINE#         382
  C:020BH         LINE#         383
  C:0217H         LINE#         384
  C:021AH         LINE#         386
  C:021AH         LINE#         387
  C:021AH         LINE#         389
  C:021AH         LINE#         390
  C:021AH         LINE#         392
  C:021AH         LINE#         393
  C:021AH         LINE#         394
  C:021DH         LINE#         395
BL51 BANKED LINKER/LOCATER V6.22                                                      08/21/2017  21:12:43  PAGE 28


  C:021DH         LINE#         396
  C:0229H         LINE#         397
  C:022CH         LINE#         399
  C:022CH         LINE#         400
  C:022CH         LINE#         402
  C:022CH         LINE#         403
  C:022CH         LINE#         405
  C:022CH         LINE#         406
  C:022CH         LINE#         407
  C:022FH         LINE#         408
  C:022FH         LINE#         409
  C:0232H         LINE#         410
  C:0232H         LINE#         411
  C:0232H         LINE#         412
  C:023EH         LINE#         413
  C:0241H         LINE#         415
  C:0241H         LINE#         416
  C:0241H         LINE#         418
  C:0241H         LINE#         419
  C:0241H         LINE#         421
  C:0241H         LINE#         422
  C:0241H         LINE#         423
  C:0244H         LINE#         424
  C:0244H         LINE#         425
  C:0250H         LINE#         426
  C:0253H         LINE#         428
  C:0259H         LINE#         429
  C:025CH         LINE#         431
  C:0262H         LINE#         432
  C:0265H         LINE#         434
  C:0265H         LINE#         435
  C:0265H         LINE#         436
  C:0268H         LINE#         437
  C:0268H         LINE#         438
  C:0274H         LINE#         439
  C:0277H         LINE#         441
  C:027DH         LINE#         442
  C:0280H         LINE#         444
  C:0280H         LINE#         445
  C:0280H         LINE#         447
  C:0280H         LINE#         448
  C:0280H         LINE#         449
  C:0283H         LINE#         450
  C:0283H         LINE#         451
  C:028FH         LINE#         452
  C:0292H         LINE#         454
  C:0298H         LINE#         455
  C:029BH         LINE#         457
  C:02A1H         LINE#         458
  C:02A4H         LINE#         460
  C:02A4H         LINE#         461
  C:02A4H         LINE#         462
  C:02A7H         LINE#         463
  C:02A7H         LINE#         464
  C:02B3H         LINE#         465
  C:02B6H         LINE#         467
  C:02BCH         LINE#         468
BL51 BANKED LINKER/LOCATER V6.22                                                      08/21/2017  21:12:43  PAGE 29


  C:02BFH         LINE#         470
  C:02BFH         LINE#         471
  C:02BFH         LINE#         473
  C:02BFH         LINE#         474
  C:02BFH         LINE#         475
  C:02C2H         LINE#         476
  C:02C2H         LINE#         477
  C:02CEH         LINE#         478
  C:02D1H         LINE#         480
  C:02D7H         LINE#         481
  C:02DAH         LINE#         483
  C:02E0H         LINE#         484
  C:02E3H         LINE#         486
  C:02E3H         LINE#         487
  C:02E3H         LINE#         488
  C:02E6H         LINE#         489
  C:02E6H         LINE#         490
  C:02F2H         LINE#         491
  C:02F5H         LINE#         493
  C:02FBH         LINE#         494
  C:02FEH         LINE#         496
  C:02FEH         LINE#         497
  C:02FEH         LINE#         499
  C:02FEH         LINE#         500
  C:02FEH         LINE#         501
  C:0301H         LINE#         502
  C:0301H         LINE#         503
  C:030DH         LINE#         504
  C:0310H         LINE#         506
  C:0316H         LINE#         507
  C:0319H         LINE#         509
  C:031FH         LINE#         510
  C:0322H         LINE#         512
  C:0322H         LINE#         513
  C:0322H         LINE#         514
  C:0325H         LINE#         515
  C:0325H         LINE#         516
  C:0331H         LINE#         517
  C:0334H         LINE#         519
  C:033AH         LINE#         520
  C:033DH         LINE#         522
  C:0343H         LINE#         523
  C:0346H         LINE#         525
  C:0346H         LINE#         526
  C:0346H         LINE#         527
  C:0349H         LINE#         528
  C:0349H         LINE#         529
  C:0355H         LINE#         530
  C:0358H         LINE#         532
  C:035EH         LINE#         533
  C:0361H         LINE#         535
  C:0367H         LINE#         536
  C:036AH         LINE#         538
  C:036AH         LINE#         539
  C:036AH         LINE#         540
  C:036DH         LINE#         541
  C:036DH         LINE#         542
BL51 BANKED LINKER/LOCATER V6.22                                                      08/21/2017  21:12:43  PAGE 30


  C:0379H         LINE#         543
  C:037CH         LINE#         545
  C:0382H         LINE#         546
  C:0385H         LINE#         548
  C:038BH         LINE#         549
  C:038EH         LINE#         551
  C:038EH         LINE#         552
  C:038EH         LINE#         553
  C:0391H         LINE#         554
  C:0391H         LINE#         555
  C:039DH         LINE#         556
  C:03A0H         LINE#         558
  C:03A6H         LINE#         559
  C:03A9H         LINE#         561
  C:03AFH         LINE#         562
  C:03B2H         LINE#         564
  C:03B2H         LINE#         565
  C:03B2H         LINE#         566
  C:03B5H         LINE#         567
  C:03B5H         LINE#         568
  C:03C1H         LINE#         569
  C:03C4H         LINE#         571
  C:03CAH         LINE#         572
  C:03CDH         LINE#         574
  C:03D3H         LINE#         575
  C:03D6H         LINE#         577
  C:03D6H         LINE#         578
  C:03D6H         LINE#         579
  C:03D9H         LINE#         580
  C:03D9H         LINE#         581
  C:03E5H         LINE#         582
  C:03E8H         LINE#         584
  C:03EEH         LINE#         585
  C:03F1H         LINE#         587
  C:03F7H         LINE#         588
  C:03FAH         LINE#         590
  C:03FAH         LINE#         591
  C:03FAH         LINE#         592
  C:03FDH         LINE#         593
  C:03FDH         LINE#         594
  C:0409H         LINE#         595
  C:040CH         LINE#         597
  C:0412H         LINE#         598
  C:0415H         LINE#         600
  C:041BH         LINE#         601
  C:041EH         LINE#         603
  C:041EH         LINE#         604
  C:041EH         LINE#         605
  C:0421H         LINE#         606
  C:0421H         LINE#         607
  C:042DH         LINE#         608
  C:0430H         LINE#         610
  C:0436H         LINE#         611
  C:0439H         LINE#         613
  C:043FH         LINE#         614
  C:0442H         LINE#         616
  C:0442H         LINE#         617
BL51 BANKED LINKER/LOCATER V6.22                                                      08/21/2017  21:12:43  PAGE 31


  C:0442H         LINE#         618
  C:0445H         LINE#         619
  C:0445H         LINE#         620
  C:0451H         LINE#         621
  C:0454H         LINE#         623
  C:045AH         LINE#         624
  C:045DH         LINE#         626
  C:0463H         LINE#         627
  C:0466H         LINE#         629
  C:0466H         LINE#         630
  C:0466H         LINE#         631
  C:0469H         LINE#         632
  C:0469H         LINE#         633
  C:0475H         LINE#         634
  C:0478H         LINE#         636
  C:047EH         LINE#         637
  C:0481H         LINE#         639
  C:0487H         LINE#         640
  C:048AH         LINE#         642
  C:0490H         LINE#         643
  C:0493H         LINE#         644
  C:0494H         LINE#         645
  C:0494H         LINE#         646
  C:0494H         LINE#         647
  C:0494H         LINE#         648
  C:04A0H         LINE#         649
  C:04A3H         LINE#         651
  C:04A9H         LINE#         652
  C:04ACH         LINE#         654
  C:04B2H         LINE#         655
  C:04B5H         LINE#         657
  C:04B5H         LINE#         658
  C:04B5H         LINE#         659
  C:04B8H         LINE#         660
  C:04B8H         LINE#         661
  C:04C4H         LINE#         662
  C:04C7H         LINE#         664
  C:04CDH         LINE#         665
  C:04D0H         LINE#         667
  C:04D6H         LINE#         668
  C:04D9H         LINE#         670
  C:04D9H         LINE#         671
  C:04D9H         LINE#         672
  C:04DCH         LINE#         673
  C:04DCH         LINE#         674
  C:04E8H         LINE#         675
  C:04EBH         LINE#         677
  C:04F1H         LINE#         678
  C:04F4H         LINE#         680
  C:04FAH         LINE#         681
  C:04FDH         LINE#         683
  C:0503H         LINE#         684
  C:0506H         LINE#         685
  C:0507H         LINE#         686
[...]
  C:2122H         LINE#         194
  C:2124H         LINE#         195
  -------         ENDPROC       _INITIALUART0_TIMER1_TYPE3
  -------         PROC          _INITIALUART0_TIMER1_TYPE4
  D:0004H         SYMBOL        u32Baudrate
  C:2125H         LINE#         200
  C:2125H         LINE#         201
  C:2125H         LINE#         202
  C:2128H         LINE#         203
  C:212BH         LINE#         205
  C:212EH         LINE#         206
  C:2131H         LINE#         207
  C:2134H         LINE#         210
  C:214CH         LINE#         215
  C:214EH         LINE#         216
  -------         ENDPROC       _INITIALUART0_TIMER1_TYPE4
  -------         PROC          _INITIALUART0_TIMER3_TYPE5
BL51 BANKED LINKER/LOCATER V6.22                                                      08/21/2017  21:12:43  PAGE 52


  X:0095H         SYMBOL        u32Baudrate
  C:1B9BH         LINE#         218
  C:1BA1H         LINE#         219
  C:1BA1H         LINE#         220
  C:1BA4H         LINE#         221
  C:1BA7H         LINE#         222
  C:1BAAH         LINE#         223
  C:1BADH         LINE#         226
  C:1BDBH         LINE#         227
  C:1BFAH         LINE#         233
  C:1BFDH         LINE#         234
  -------         ENDPROC       _INITIALUART0_TIMER3_TYPE5
  -------         PROC          _INITIALUART0_TIMER3_TYPE6
  X:0099H         SYMBOL        u32Baudrate
  C:1BFEH         LINE#         236
  C:1C04H         LINE#         237
  C:1C04H         LINE#         238
  C:1C07H         LINE#         239
  C:1C0AH         LINE#         240
  C:1C0DH         LINE#         241
  C:1C10H         LINE#         244
  C:1C3EH         LINE#         245
  C:1C5DH         LINE#         251
  C:1C60H         LINE#         252
  -------         ENDPROC       _INITIALUART0_TIMER3_TYPE6
  -------         PROC          _INITIALUART1_TIMER3
  X:009DH         SYMBOL        u32Baudrate
  C:1D7FH         LINE#         254
  C:1D85H         LINE#         255
  C:1D85H         LINE#         256
  C:1D88H         LINE#         257
  C:1D8BH         LINE#         260
  C:1DB9H         LINE#         261
  C:1DD8H         LINE#         267
  C:1DDBH         LINE#         268
  -------         ENDPROC       _INITIALUART1_TIMER3
  -------         PROC          RECEIVE_DATA_FROM_UART0
  -------         DO            
  D:0007H         SYMBOL        c
  -------         ENDDO         
  C:0003H         LINE#         280
  C:0003H         LINE#         283
  C:0006H         LINE#         285
  C:0008H         LINE#         286
  C:000AH         LINE#         287
  C:000AH         LINE#         288
  -------         ENDPROC       RECEIVE_DATA_FROM_UART0
  -------         PROC          _SEND_DATA_TO_UART0
  D:0007H         SYMBOL        c
  C:259FH         LINE#         300
  C:259FH         LINE#         301
  C:25A1H         LINE#         302
  C:25A3H         LINE#         303
  C:25A6H         LINE#         305
  -------         ENDPROC       _SEND_DATA_TO_UART0
  -------         PROC          RECEIVE_DATA_FROM_UART1
  -------         DO            
BL51 BANKED LINKER/LOCATER V6.22                                                      08/21/2017  21:12:43  PAGE 53


  D:0007H         SYMBOL        c
  -------         ENDDO         
  C:25A7H         LINE#         317
  C:25A7H         LINE#         320
  C:25AAH         LINE#         322
  C:25ACH         LINE#         323
  C:25AEH         LINE#         324
  C:25AEH         LINE#         325
  -------         ENDPROC       RECEIVE_DATA_FROM_UART1
  -------         PROC          _SEND_DATA_TO_UART1
  D:0007H         SYMBOL        c
  C:25AFH         LINE#         337
  C:25AFH         LINE#         338
  C:25B1H         LINE#         339
  C:25B3H         LINE#         340
  C:25B6H         LINE#         342
  -------         ENDPROC       _SEND_DATA_TO_UART1
  -------         PROC          SET_ALL_GPIO_QUASI_MODE
  C:2390H         LINE#         344
  C:2390H         LINE#         345
  C:2393H         LINE#         346
  C:2395H         LINE#         347
  C:2397H         LINE#         348
  C:2399H         LINE#         349
  C:239BH         LINE#         350
  C:239DH         LINE#         351
  C:239FH         LINE#         352
  C:23A1H         LINE#         353
  C:23A3H         LINE#         354
  C:23A5H         LINE#         355
  C:23A7H         LINE#         356
  C:23A9H         LINE#         357
  -------         ENDPROC       SET_ALL_GPIO_QUASI_MODE
  -------         PROC          SET_ALL_GPIO_INPUT_MODE
  C:22E5H         LINE#         359
  C:22E5H         LINE#         360
  C:22E8H         LINE#         361
  C:22EBH         LINE#         362
  C:22EEH         LINE#         363
  C:22F0H         LINE#         364
  C:22F3H         LINE#         365
  C:22F5H         LINE#         366
  C:22F8H         LINE#         367
  C:22FAH         LINE#         368
  C:22FDH         LINE#         369
  C:22FFH         LINE#         370
  C:2302H         LINE#         371
  C:2304H         LINE#         372
  -------         ENDPROC       SET_ALL_GPIO_INPUT_MODE
  -------         PROC          SW_RESET
  C:23AAH         LINE#         375
  C:23AAH         LINE#         376
  C:23ADH         LINE#         377
  C:23B0H         LINE#         378
  C:23C3H         LINE#         380
  -------         ENDPROC       SW_RESET
  -------         PROC          FSYS_CLOCK_OUTPUT_ON_P26
BL51 BANKED LINKER/LOCATER V6.22                                                      08/21/2017  21:12:43  PAGE 54


  C:268DH         LINE#         382
  C:268DH         LINE#         383
  C:2690H         LINE#         384
  -------         ENDPROC       FSYS_CLOCK_OUTPUT_ON_P26
  -------         PROC          _PUTCHAR
  D:0007H         SYMBOL        c
  C:001EH         LINE#         393
  C:001EH         LINE#         431
  C:0023H         LINE#         432
  C:0026H         LINE#         433
  C:002BH         LINE#         434
  C:002BH         LINE#         435
  C:002DH         LINE#         436
  C:0030H         LINE#         438
  C:0035H         LINE#         439
  C:0037H         LINE#         440
  C:0037H         LINE#         441
  C:0037H         LINE#         442
  C:003AH         LINE#         444
  C:003CH         LINE#         445
  C:003FH         LINE#         446
  C:003FH         LINE#         447
  C:0042H         LINE#         448
  C:0047H         LINE#         449
  C:0047H         LINE#         450
  C:0049H         LINE#         451
  C:004CH         LINE#         453
  C:0051H         LINE#         454
  C:0053H         LINE#         455
  C:0053H         LINE#         456
  C:0053H         LINE#         457
  C:0056H         LINE#         459
  C:0058H         LINE#         460
  C:005AH         LINE#         462
  -------         ENDPROC       _PUTCHAR
  -------         ENDMOD        COMMON

  -------         MODULE        DELAY
  C:0000H         SYMBOL        _ICE_DUMMY_
  D:0080H         PUBLIC        P0
  D:0090H         PUBLIC        P1
  D:00A0H         PUBLIC        P2
  D:00B0H         PUBLIC        P3
  D:008FH         PUBLIC        WKCON
  D:00D8H         PUBLIC        P5
  D:00A8H         PUBLIC        IE
  D:00B8H         PUBLIC        IP
  C:1E93H         PUBLIC        _Timer0_Delay1ms
  C:1EECH         PUBLIC        _Timer1_Delay1ms
  C:1E38H         PUBLIC        _Timer3_Delay1ms
  D:0098H         PUBLIC        SCON
  D:0089H         PUBLIC        TMOD
  D:0088H         PUBLIC        TCON
  C:19B8H         PUBLIC        _?Random_Delay
  C:22C4H         PUBLIC        _Delay10us
  D:00F8H         PUBLIC        SCON_1
  B:0088H.5       PUBLIC        TF0
BL51 BANKED LINKER/LOCATER V6.22                                                      08/21/2017  21:12:43  PAGE 55


  B:0088H.7       PUBLIC        TF1
  D:008CH         PUBLIC        TH0
  D:00C6H         PUBLIC        R3H
  D:008DH         PUBLIC        TH1
  D:008AH         PUBLIC        TL0
  C:1C61H         PUBLIC        _WakeUp_Timer_Delay25ms
  D:00C5H         PUBLIC        R3L
  D:008BH         PUBLIC        TL1
  B:0088H.4       PUBLIC        TR0
  B:0088H.6       PUBLIC        TR1
  D:00E8H         PUBLIC        ADCCON0
  D:00C0H         PUBLIC        I2CON
  D:00C8H         PUBLIC        T2CON
  D:00C4H         PUBLIC        T3CON
  D:008EH         PUBLIC        CKCON
  D:0086H         PUBLIC        RWK
  D:00D0H         PUBLIC        PSW
  -------         PROC          _?RANDOM_DELAY
  -------         DO            
  x:0000H         SYMBOL        u32CNT
  x:0004H         SYMBOL        u32Tmp
  -------         ENDDO         
  C:19B8H         LINE#         36
  C:19BEH         LINE#         37
  C:19BEH         LINE#         41
  C:19E9H         LINE#         42
  C:19E9H         LINE#         43
  C:1A0EH         LINE#         44
  C:1A35H         LINE#         45
  -------         ENDPROC       _?RANDOM_DELAY
  -------         PROC          _DELAY10US
  D:0006H         SYMBOL        u16CNT
  C:22C4H         LINE#         47
  C:22C4H         LINE#         48
  C:22C7H         LINE#         49
  C:22CAH         LINE#         50
  C:22CCH         LINE#         51
  C:22D0H         LINE#         52
  C:22D3H         LINE#         53
  C:22D6H         LINE#         54
  C:22D9H         LINE#         56
  C:22DBH         LINE#         57
  C:22E0H         LINE#         58
  C:22E2H         LINE#         59
  C:22E4H         LINE#         60
  -------         ENDPROC       _DELAY10US
  -------         PROC          _TIMER0_DELAY1MS
  X:00A1H         SYMBOL        u32CNT
  C:1E93H         LINE#         62
  C:1E99H         LINE#         63
  C:1E9CH         LINE#         64
  C:1E9FH         LINE#         65
  C:1EA1H         LINE#         66
  C:1EBAH         LINE#         67
  C:1EBDH         LINE#         68
  C:1EC0H         LINE#         69
  C:1EC3H         LINE#         71
BL51 BANKED LINKER/LOCATER V6.22                                                      08/21/2017  21:12:43  PAGE 56


  C:1EC5H         LINE#         72
  C:1EE7H         LINE#         73
  C:1EE9H         LINE#         74
  C:1EEBH         LINE#         75
  -------         ENDPROC       _TIMER0_DELAY1MS
  -------         PROC          _TIMER1_DELAY1MS
  X:00A5H         SYMBOL        u32CNT
  C:1EECH         LINE#         77
  C:1EF2H         LINE#         78
  C:1EF5H         LINE#         79
  C:1EF8H         LINE#         80
  C:1EFAH         LINE#         81
  C:1F13H         LINE#         82
  C:1F16H         LINE#         83
  C:1F19H         LINE#         84
  C:1F1CH         LINE#         86
  C:1F1EH         LINE#         87
  C:1F40H         LINE#         88
  C:1F42H         LINE#         89
  C:1F44H         LINE#         90
  -------         ENDPROC       _TIMER1_DELAY1MS
  -------         PROC          _TIMER3_DELAY1MS
  X:00A9H         SYMBOL        u32CNT
  C:1E38H         LINE#         92
  C:1E3EH         LINE#         93
  C:1E41H         LINE#         94
  C:1E44H         LINE#         95
  C:1E5DH         LINE#         96
  C:1E60H         LINE#         97
  C:1E63H         LINE#         98
  C:1E68H         LINE#         100
  C:1E6BH         LINE#         101
  C:1E8DH         LINE#         102
  C:1E8FH         LINE#         103
  C:1E92H         LINE#         104
  -------         ENDPROC       _TIMER3_DELAY1MS
  -------         PROC          _WAKEUP_TIMER_DELAY25MS
  X:00ADH         SYMBOL        u32CNT
  C:1C61H         LINE#         106
  C:1C67H         LINE#         107
  C:1C67H         LINE#         108
  C:1C6AH         LINE#         109
  C:1C6DH         LINE#         110
  C:1C70H         LINE#         112
  C:1C73H         LINE#         114
  C:1C76H         LINE#         115
  C:1C79H         LINE#         116
  C:1C92H         LINE#         117
  C:1C97H         LINE#         119
  C:1C9AH         LINE#         120
  C:1CBCH         LINE#         121
  C:1CBEH         LINE#         122
  C:1CC1H         LINE#         123
  -------         ENDPROC       _WAKEUP_TIMER_DELAY25MS
  -------         ENDMOD        DELAY

  -------         MODULE        VERSION
BL51 BANKED LINKER/LOCATER V6.22                                                      08/21/2017  21:12:43  PAGE 57


  C:0000H         SYMBOL        _ICE_DUMMY_
  D:0080H         PUBLIC        P0
  D:0090H         PUBLIC        P1
  D:00A0H         PUBLIC        P2
  D:00B0H         PUBLIC        P3
  D:00D8H         PUBLIC        P5
  D:00A8H         PUBLIC        IE
  D:00B8H         PUBLIC        IP
  D:0098H         PUBLIC        SCON
  D:0088H         PUBLIC        TCON
  D:00F8H         PUBLIC        SCON_1
  C:1CC2H         PUBLIC        Show_FW_Version_Number_To_PC
  D:00E8H         PUBLIC        ADCCON0
  D:00C0H         PUBLIC        I2CON
  D:00C8H         PUBLIC        T2CON
  D:00D0H         PUBLIC        PSW
  -------         PROC          SHOW_FW_VERSION_NUMBER_TO_PC
  C:1CC2H         LINE#         32
  C:1CC2H         LINE#         33
  C:1CC2H         LINE#         34
  C:1CCBH         LINE#         35
  C:1CD4H         LINE#         36
  C:1CDDH         LINE#         37
  C:1CF7H         LINE#         38
  C:1D18H         LINE#         39
  -------         ENDPROC       SHOW_FW_VERSION_NUMBER_TO_PC
  -------         ENDMOD        VERSION

  -------         MODULE        ?C_STARTUP
  C:191EH         SEGMENT       ?C_C51STARTUP
  I:009DH         SEGMENT       ?STACK
  C:0000H         PUBLIC        ?C_STARTUP
  D:00E0H         SYMBOL        ACC
  D:00F0H         SYMBOL        B
  D:0083H         SYMBOL        DPH
  D:0082H         SYMBOL        DPL
  N:0000H         SYMBOL        IBPSTACK
  N:0100H         SYMBOL        IBPSTACKTOP
  N:0080H         SYMBOL        IDATALEN
  C:1921H         SYMBOL        IDATALOOP
  N:0000H         SYMBOL        PBPSTACK
  N:0000H         SYMBOL        PBPSTACKTOP
  N:0000H         SYMBOL        PDATALEN
  N:0000H         SYMBOL        PDATASTART
  N:0000H         SYMBOL        PPAGE
  N:0000H         SYMBOL        PPAGEENABLE
  D:00A0H         SYMBOL        PPAGE_SFR
  D:0081H         SYMBOL        SP
  C:191EH         SYMBOL        STARTUP1
  N:0000H         SYMBOL        XBPSTACK
  N:0000H         SYMBOL        XBPSTACKTOP
  N:00FFH         SYMBOL        XDATALEN
  C:192CH         SYMBOL        XDATALOOP
  N:0000H         SYMBOL        XDATASTART
  C:0000H         LINE#         92
  C:191EH         LINE#         99
  C:1920H         LINE#         100
BL51 BANKED LINKER/LOCATER V6.22                                                      08/21/2017  21:12:43  PAGE 58


  C:1921H         LINE#         101
  C:1922H         LINE#         102
  C:1924H         LINE#         106
  C:1927H         LINE#         107
  C:1929H         LINE#         109
  C:192BH         LINE#         113
  C:192CH         LINE#         114
  C:192DH         LINE#         115
  C:192EH         LINE#         116
  C:1930H         LINE#         117
  C:1932H         LINE#         151
  C:1935H         LINE#         155
  -------         ENDMOD        ?C_STARTUP

  -------         MODULE        ?C?COPY
  C:098CH         PUBLIC        ?C?COPY
  -------         ENDMOD        ?C?COPY

  -------         MODULE        ?C?CLDOPTR
  C:09B2H         PUBLIC        ?C?CLDOPTR
  -------         ENDMOD        ?C?CLDOPTR

  -------         MODULE        ?C?CILDOPTR
  C:09DFH         PUBLIC        ?C?CILDOPTR
  -------         ENDMOD        ?C?CILDOPTR

  -------         MODULE        ?C?CSTPTR
  C:0A12H         PUBLIC        ?C?CSTPTR
  -------         ENDMOD        ?C?CSTPTR

  -------         MODULE        ?C?CSTOPTR
  C:0A24H         PUBLIC        ?C?CSTOPTR
  -------         ENDMOD        ?C?CSTOPTR

  -------         MODULE        ?C?IILDX
  C:0A46H         PUBLIC        ?C?IILDX
  -------         ENDMOD        ?C?IILDX

  -------         MODULE        ?C?ILDOPTR
  C:0A5CH         PUBLIC        ?C?ILDOPTR
  -------         ENDMOD        ?C?ILDOPTR

  -------         MODULE        ?C?IILDOPTR
  C:0A94H         PUBLIC        ?C?IILDOPTR
  -------         ENDMOD        ?C?IILDOPTR

  -------         MODULE        ?C?ISTOPTR
  C:0AE1H         PUBLIC        ?C?ISTOPTR
  -------         ENDMOD        ?C?ISTOPTR

  -------         MODULE        ?C?ULDIV
  C:0B4AH         PUBLIC        ?C?ULDIV
  -------         ENDMOD        ?C?ULDIV

  -------         MODULE        ?C?ULCMP
  C:0BDCH         PUBLIC        ?C?ULCMP
  -------         ENDMOD        ?C?ULCMP
BL51 BANKED LINKER/LOCATER V6.22                                                      08/21/2017  21:12:43  PAGE 59



  -------         MODULE        ?C?ULSHR
  C:0BEDH         PUBLIC        ?C?ULSHR
  -------         ENDMOD        ?C?ULSHR

  -------         MODULE        ?C?LSTXDATA
  C:0C00H         PUBLIC        ?C?LSTXDATA
  -------         ENDMOD        ?C?LSTXDATA

  -------         MODULE        ?C?LSTKXDATA
  C:0C0CH         PUBLIC        ?C?LSTKXDATA
  -------         ENDMOD        ?C?LSTKXDATA

  -------         MODULE        ?C?PLDPTR
  C:0C3DH         PUBLIC        ?C?PLDPTR
  -------         ENDMOD        ?C?PLDPTR

  -------         MODULE        ?C?CCASE
  C:0C5DH         PUBLIC        ?C?CCASE
  -------         ENDMOD        ?C?CCASE

  -------         MODULE        ?C?ICALL
  C:0C83H         PUBLIC        ?C?ICALL
  C:0C87H         PUBLIC        ?C?ICALL2
  -------         ENDMOD        ?C?ICALL

  -------         MODULE        ?C_XBP
  D:000DH         PUBLIC        ?C_XBP
  -------         ENDMOD        ?C_XBP

  -------         MODULE        ?C?ADDXBP
  C:0C89H         PUBLIC        ?C?ADDXBP
  -------         ENDMOD        ?C?ADDXBP

  -------         MODULE        ?C?XBPOFF
  C:0CADH         PUBLIC        ?C?XBPOFF
  -------         ENDMOD        ?C?XBPOFF

  -------         MODULE        PRINTF
  X:0004H         PUBLIC        ?_PRINTF517?BYTE
  X:0004H         PUBLIC        ?_PRINTF?BYTE
  X:0004H         PUBLIC        ?_SPRINTF517?BYTE
  X:0004H         PUBLIC        ?_SPRINTF?BYTE
  C:0D85H         PUBLIC        _PRINTF
  C:0D85H         PUBLIC        _PRINTF517
  C:0D7FH         PUBLIC        _SPRINTF
  C:0D7FH         PUBLIC        _SPRINTF517
  -------         ENDMOD        PRINTF

  -------         MODULE        STRLEN
  C:23DDH         PUBLIC        _STRLEN
  -------         ENDMOD        STRLEN

  -------         MODULE        ?C?CLDPTR
  C:0CBAH         PUBLIC        ?C?CLDPTR
  -------         ENDMOD        ?C?CLDPTR

BL51 BANKED LINKER/LOCATER V6.22                                                      08/21/2017  21:12:43  PAGE 60


  -------         MODULE        ?C?PLDIDATA
  C:0CD3H         PUBLIC        ?C?PLDIDATA
  -------         ENDMOD        ?C?PLDIDATA

  -------         MODULE        ?C?PLDXDATA
  C:0CDCH         PUBLIC        ?C?PLDXDATA
  -------         ENDMOD        ?C?PLDXDATA

  -------         MODULE        ?C?PLDIXDATA
  C:0CE5H         PUBLIC        ?C?PLDIXDATA
  -------         ENDMOD        ?C?PLDIXDATA

  -------         MODULE        ?C?PSTXDATA
  C:0CFCH         PUBLIC        ?C?PSTXDATA
  -------         ENDMOD        ?C?PSTXDATA

  -------         MODULE        ?C?PLDPDATA
  C:0D05H         PUBLIC        ?C?PLDPDATA
  -------         ENDMOD        ?C?PLDPDATA

  -------         MODULE        ?C?PLDCODE
  C:0D0EH         PUBLIC        ?C?PLDCODE
  -------         ENDMOD        ?C?PLDCODE

Program Size: data=145.4 xdata=183 code=9901
LINK/LOCATE RUN COMPLETE.  0 WARNING(S),  0 ERROR(S)
