BL51 BANKED LINKER/LOCATER V6.22                                                        08/15/2017  22:44:10  PAGE 1


BL51 BANKED LINKER/LOCATER V6.22, INVOKED BY:
C:\KEIL_V5\C51\BIN\BL51.EXE .\Out\Objects\main.obj, .\Out\Objects\app_key.obj, .\Out\Objects\app_work.obj, .\Out\Objects
>> \app_repeat_exe.obj, .\Out\Objects\bsp.obj, .\Out\Objects\bsp_key.obj, .\Out\Objects\bsp_display.obj, .\Out\Objects\b
>> sp_uart.obj, .\Out\Objects\bsp_timer0.obj, .\Out\Objects\bsp_timer1.obj, .\Out\Objects\bsp_adc.obj, .\Out\Objects\bsp
>> _keyBright.obj, .\Out\Objects\bsp_lcdBright.obj, .\Out\Objects\bsp_2d4.obj, .\Out\Objects\Common.obj, .\Out\Objects\D
>> elay.obj, .\Out\Objects\Version.obj, .\Out\Objects\STARTUP.obj TO .\Out\Objects\project PRINT (.\Out\Listings\project
>> .m51) RAMSIZE (256) DISABLEWARNING (16)


MEMORY MODEL: LARGE


INPUT MODULES INCLUDED:
  .\Out\Objects\main.obj (MAIN)
  .\Out\Objects\app_key.obj (APP_KEY)
  .\Out\Objects\app_work.obj (APP_WORK)
  .\Out\Objects\app_repeat_exe.obj (APP_REPEAT_EXE)
  .\Out\Objects\bsp.obj (BSP)
  .\Out\Objects\bsp_key.obj (BSP_KEY)
  .\Out\Objects\bsp_display.obj (BSP_DISPLAY)
  .\Out\Objects\bsp_uart.obj (BSP_UART)
  .\Out\Objects\bsp_timer0.obj (BSP_TIMER0)
  .\Out\Objects\bsp_timer1.obj (BSP_TIMER1)
  .\Out\Objects\bsp_adc.obj (BSP_ADC)
  .\Out\Objects\bsp_keyBright.obj (BSP_KEYBRIGHT)
  .\Out\Objects\bsp_lcdBright.obj (BSP_LCDBRIGHT)
  .\Out\Objects\bsp_2d4.obj (BSP_2D4)
  .\Out\Objects\Common.obj (COMMON)
  .\Out\Objects\Delay.obj (DELAY)
  .\Out\Objects\Version.obj (VERSION)
  .\Out\Objects\STARTUP.obj (?C_STARTUP)
  C:\KEIL_V5\C51\LIB\C51L.LIB (?C_INIT)
  C:\KEIL_V5\C51\LIB\C51L.LIB (?C?COPY)
  C:\KEIL_V5\C51\LIB\C51L.LIB (?C?CLDOPTR)
  C:\KEIL_V5\C51\LIB\C51L.LIB (?C?CILDOPTR)
  C:\KEIL_V5\C51\LIB\C51L.LIB (?C?CSTPTR)
  C:\KEIL_V5\C51\LIB\C51L.LIB (?C?CSTOPTR)
  C:\KEIL_V5\C51\LIB\C51L.LIB (?C?IILDX)
  C:\KEIL_V5\C51\LIB\C51L.LIB (?C?ILDOPTR)
  C:\KEIL_V5\C51\LIB\C51L.LIB (?C?IILDOPTR)
  C:\KEIL_V5\C51\LIB\C51L.LIB (?C?ISTOPTR)
  C:\KEIL_V5\C51\LIB\C51L.LIB (?C?ULDIV)
  C:\KEIL_V5\C51\LIB\C51L.LIB (?C?ULCMP)
  C:\KEIL_V5\C51\LIB\C51L.LIB (?C?ULSHR)
  C:\KEIL_V5\C51\LIB\C51L.LIB (?C?LSTXDATA)
  C:\KEIL_V5\C51\LIB\C51L.LIB (?C?LSTKXDATA)
  C:\KEIL_V5\C51\LIB\C51L.LIB (?C?PLDPTR)
  C:\KEIL_V5\C51\LIB\C51L.LIB (?C?CCASE)
  C:\KEIL_V5\C51\LIB\C51L.LIB (?C?ICALL)
  C:\KEIL_V5\C51\LIB\C51L.LIB (?C_XBP)
  C:\KEIL_V5\C51\LIB\C51L.LIB (?C?ADDXBP)
  C:\KEIL_V5\C51\LIB\C51L.LIB (?C?XBPOFF)
  C:\KEIL_V5\C51\LIB\C51L.LIB (PRINTF)
  C:\KEIL_V5\C51\LIB\C51L.LIB (STRLEN)
  C:\KEIL_V5\C51\LIB\C51L.LIB (?C?CLDPTR)
  C:\KEIL_V5\C51\LIB\C51L.LIB (?C?PLDIDATA)
  C:\KEIL_V5\C51\LIB\C51L.LIB (?C?PLDXDATA)
  C:\KEIL_V5\C51\LIB\C51L.LIB (?C?PLDIXDATA)
BL51 BANKED LINKER/LOCATER V6.22                                                      08/15/2017  22:44:10  PAGE 2


  C:\KEIL_V5\C51\LIB\C51L.LIB (?C?PSTXDATA)
  C:\KEIL_V5\C51\LIB\C51L.LIB (?C?PLDPDATA)
  C:\KEIL_V5\C51\LIB\C51L.LIB (?C?PLDCODE)


LINK MAP OF MODULE:  .\Out\Objects\project (MAIN)


            TYPE    BASE      LENGTH    RELOCATION   SEGMENT NAME
            -----------------------------------------------------

            * * * * * * *   D A T A   M E M O R Y   * * * * * * *
            REG     0000H     0008H     ABSOLUTE     "REG BANK 0"
            DATA    0008H     0005H     UNIT         _DATA_GROUP_
            DATA    000DH     0002H     UNIT         ?C?LIB_DATA
            IDATA   000FH     0006H     UNIT         ?ID?BSP_ADC
            IDATA   0015H     0001H     UNIT         ?ID?APP_KEY
                    0016H     000AH                  *** GAP ***
            BIT     0020H.0   0001H.1   UNIT         _BIT_GROUP_
            BIT     0021H.1   0000H.1   UNIT         ?BI?APP_KEY
            BIT     0021H.2   0000H.1   UNIT         ?BI?APP_WORK
            BIT     0021H.3   0000H.1   UNIT         ?BI?BSP
            BIT     0021H.4   0000H.1   UNIT         ?BI?_GET_DATA_FROM_UART1?BSP_UART
            BIT     0021H.5   0000H.1   UNIT         ?BI?BSP_UART
                    0021H.6   0000H.2                *** GAP ***
            IDATA   0022H     0070H     UNIT         ?ID?BSP_KEY
            IDATA   0092H     0001H     UNIT         ?STACK

            * * * * * * *  X D A T A   M E M O R Y  * * * * * * *
            XDATA   0000H     0039H     UNIT         _XDATA_GROUP_
            XDATA   0039H     0013H     UNIT         ?XD?_RF_CARRIER?BSP_2D4
            XDATA   004CH     0012H     UNIT         ?XD?APP_WORK
            XDATA   005EH     0012H     UNIT         ?XD?APP_REPEAT_EXE
            XDATA   0070H     0012H     UNIT         ?XD?RF_INIT?BSP_2D4
            XDATA   0082H     000BH     UNIT         ?XD?BSP_TIMER0
            XDATA   008DH     0005H     UNIT         ?XD?MAIN
            XDATA   0092H     0005H     UNIT         ?XD?APP_KEY
            XDATA   0097H     0005H     UNIT         ?XD?_RF_WRITEBUF?BSP_2D4
            XDATA   009CH     0005H     UNIT         ?XD?_RF_READBUF?BSP_2D4
            XDATA   00A1H     0005H     UNIT         ?XD?BSP_2D4
            XDATA   00A6H     0004H     UNIT         ?XD?_INITIALUART0_TIMER3_TYPE5?COMMON
            XDATA   00AAH     0004H     UNIT         ?XD?_INITIALUART0_TIMER3_TYPE6?COMMON
            XDATA   00AEH     0004H     UNIT         ?XD?_INITIALUART1_TIMER3?COMMON
            XDATA   00B2H     0004H     UNIT         ?XD?_TIMER0_DELAY1MS?DELAY
            XDATA   00B6H     0004H     UNIT         ?XD?_TIMER1_DELAY1MS?DELAY
            XDATA   00BAH     0004H     UNIT         ?XD?_TIMER3_DELAY1MS?DELAY
            XDATA   00BEH     0004H     UNIT         ?XD?_WAKEUP_TIMER_DELAY25MS?DELAY
            XDATA   00C2H     0003H     UNIT         ?XD?BSP_KEY
            XDATA   00C5H     0001H     UNIT         ?XD?_APP_KEY_PRO?APP_KEY
            XDATA   00C6H     0001H     UNIT         ?XD?_BSP_DETECTKEY?BSP_KEY
            XDATA   00C7H     0001H     UNIT         ?XD?BSP_KEYSCAN?BSP_KEY

            * * * * * * *   C O D E   M E M O R Y   * * * * * * *
            CODE    0000H     0003H     ABSOLUTE     
            CODE    0003H     0008H     UNIT         ?PR?RECEIVE_DATA_FROM_UART0?COMMON
            CODE    000BH     0003H     ABSOLUTE     
            CODE    000EH     000DH     UNIT         ?PR?APP_WORK_1S_PRO?APP_WORK
BL51 BANKED LINKER/LOCATER V6.22                                                      08/15/2017  22:44:10  PAGE 3


            CODE    001BH     0003H     ABSOLUTE     
            CODE    001EH     001CH     UNIT         ?PR?WORK_INIT?APP_WORK
            CODE    003AH     0001H     UNIT         ?PR?APP_UI_INIT?APP_KEY
            CODE    003BH     0003H     ABSOLUTE     
            CODE    003EH     001CH     UNIT         ?PR?BSP_GETKEY?BSP_KEY
            CODE    005AH     0001H     UNIT         ?PR?APP_FLASH_SHOW?APP_KEY
            CODE    005BH     0003H     ABSOLUTE     
            CODE    005EH     085EH     UNIT         ?PR?_LCD_SHOWCHAR?BSP_DISPLAY
            CODE    08BCH     045EH     UNIT         ?C?LIB_CODE
            CODE    0D1AH     0365H     UNIT         ?PR?PRINTF?PRINTF
            CODE    107FH     0154H     UNIT         ?PR?_BSP_DETECTKEY?BSP_KEY
            CODE    11D3H     0145H     UNIT         ?PR?_SYSTEM_CLOCK_SELECT?COMMON
            CODE    1318H     012EH     UNIT         ?PR?RF_INIT?BSP_2D4
            CODE    1446H     0112H     UNIT         ?CO?VERSION
            CODE    1558H     00E4H     UNIT         ?PR?_LCD_CLEAR_MI?BSP_DISPLAY
            CODE    163CH     00DCH     UNIT         ?PR?_RF_CARRIER?BSP_2D4
            CODE    1718H     00BFH     UNIT         ?PR?REPEAT_PRO?APP_REPEAT_EXE
            CODE    17D7H     00AFH     UNIT         ?PR?_APP_KEY_PRO?APP_KEY
            CODE    1886H     00A2H     UNIT         ?PR?_LCD_SHOWSTRING?BSP_DISPLAY
            CODE    1928H     00A1H     UNIT         ?PR?MAIN?MAIN
            CODE    19C9H     009EH     UNIT         ?PR?BSP_INITKEYVAR?BSP_KEY
            CODE    1A67H     009AH     UNIT         ?C_C51STARTUP
            CODE    1B01H     0083H     UNIT         ?PR?_?RANDOM_DELAY?DELAY
            CODE    1B84H     0079H     UNIT         ?PR?TIMER0_ISR?BSP_TIMER0
            CODE    1BFDH     0063H     UNIT         ?PR?_INITIALUART0_TIMER3_TYPE5?COMMON
            CODE    1C60H     0063H     UNIT         ?PR?_INITIALUART0_TIMER3_TYPE6?COMMON
            CODE    1CC3H     0061H     UNIT         ?PR?_WAKEUP_TIMER_DELAY25MS?DELAY
            CODE    1D24H     0060H     UNIT         ?PR?ADC_ISR?MAIN
            CODE    1D84H     005FH     UNIT         ?PR?SHOW_FW_VERSION_NUMBER_TO_PC?VERSION
            CODE    1DE3H     005DH     UNIT         ?PR?_INITIALUART1_TIMER3?COMMON
            CODE    1E40H     005BH     UNIT         ?PR?_TIMER3_DELAY1MS?DELAY
            CODE    1E9BH     0059H     UNIT         ?PR?_TIMER0_DELAY1MS?DELAY
            CODE    1EF4H     0059H     UNIT         ?PR?_TIMER1_DELAY1MS?DELAY
            CODE    1F4DH     0043H     UNIT         ?PR?_RF_WRITEBUF?BSP_2D4
            CODE    1F90H     0041H     UNIT         ?C_INITSEG
            CODE    1FD1H     003FH     UNIT         ?PR?_RF_READBUF?BSP_2D4
            CODE    2010H     003DH     UNIT         ?PR?_PUTCHAR?COMMON
            CODE    204DH     0036H     UNIT         ?PR?LCD_DISPLAY_INITHARD?BSP_DISPLAY
            CODE    2083H     0035H     UNIT         ?PR?ADC_INIT?BSP_ADC
            CODE    20B8H     0032H     UNIT         ?PR?APP_KEY_1S_PRO?APP_KEY
            CODE    20EAH     0032H     UNIT         ?PR?_REPEAT_START?APP_REPEAT_EXE
            CODE    211CH     002AH     UNIT         ?PR?_INITIALUART0_TIMER1_TYPE3?COMMON
            CODE    2146H     002AH     UNIT         ?PR?_INITIALUART0_TIMER1_TYPE4?COMMON
            CODE    2170H     0029H     UNIT         ?CO?MAIN
            CODE    2199H     0029H     UNIT         ?PR?_UCRF_DUMPRXDATA?BSP_2D4
            CODE    21C2H     0029H     UNIT         ?PR?_INITIALUART0_TIMER1_TYPE1?COMMON
            CODE    21EBH     0028H     UNIT         ?PR?_INITIALUART0_TIMER1_TYPE2?COMMON
            CODE    2213H     0027H     UNIT         ?PR?APP_KEY_INIT?APP_KEY
            CODE    223AH     0026H     UNIT         ?PR?TIMER0_PARAMINIT?BSP_TIMER0
            CODE    2260H     0024H     UNIT         ?PR?QUERY_WORK_SUM?APP_WORK
            CODE    2284H     0024H     UNIT         ?PR?_BSP_SETKEYPARAM?BSP_KEY
            CODE    22A8H     0024H     UNIT         ?PR?ADC_START?BSP_ADC
            CODE    22CCH     0024H     UNIT         ?CO?BSP_2D4
            CODE    22F0H     0023H     UNIT         ?PR?PININTERRUPT_ISR?MAIN
            CODE    2313H     0023H     UNIT         ?PR?TIMER0_INITHARD?BSP_TIMER0
            CODE    2336H     0022H     UNIT         ?PR?_SPI_WR?BSP_2D4
            CODE    2358H     0021H     UNIT         ?PR?_RF_TXDATA?BSP_2D4
BL51 BANKED LINKER/LOCATER V6.22                                                      08/15/2017  22:44:10  PAGE 4


            CODE    2379H     0021H     UNIT         ?PR?_DELAY10US?DELAY
            CODE    239AH     0020H     UNIT         ?PR?SET_ALL_GPIO_INPUT_MODE?COMMON
            CODE    23BAH     001EH     UNIT         ?PR?APP_KEY_100MS_PRO?APP_KEY
            CODE    23D8H     001CH     UNIT         ?PR?BSP_GETKEY2?BSP_KEY
            CODE    23F4H     001CH     UNIT         ?PR?_SPI_WW?BSP_2D4
            CODE    2410H     001BH     UNIT         ?PR?BSP_KEYSCAN?BSP_KEY
            CODE    242BH     001AH     UNIT         ?PR?SET_ALL_GPIO_QUASI_MODE?COMMON
            CODE    2445H     001AH     UNIT         ?PR?SW_RESET?COMMON
            CODE    245FH     0019H     UNIT         ?PR?UCSPI_READ?BSP_2D4
            CODE    2478H     0018H     UNIT         ?PR?BSP_INIT?BSP
            CODE    2490H     0017H     UNIT         ?CO?APP_KEY
            CODE    24A7H     0016H     UNIT         ?PR?RF_RXMODE?BSP_2D4
            CODE    24BDH     0015H     UNIT         ?PR?WIRELESS2D4_INITHARD?BSP_2D4
            CODE    24D2H     0015H     UNIT         ?PR?_STRLEN?STRLEN
            CODE    24E7H     0014H     UNIT         ?PR?REPEAT_STOP?APP_REPEAT_EXE
            CODE    24FBH     0014H     UNIT         ?PR?_BSP_PUTKEY?BSP_KEY
            CODE    250FH     0013H     UNIT         ?PR?_GET_DATA_FROM_UART1?BSP_UART
            CODE    2522H     0013H     UNIT         ?PR?TIMER1_INITHARD?BSP_TIMER1
            CODE    2535H     0011H     UNIT         ?PR?UART_INITHARD?BSP_UART
            CODE    2546H     0011H     UNIT         ?PR?_RF_WRITEREG?BSP_2D4
            CODE    2557H     0011H     UNIT         ?PR?_UCRF_READREG?BSP_2D4
            CODE    2568H     0010H     UNIT         ?PR?REPEAT_START_EXE?APP_REPEAT_EXE
            CODE    2578H     0010H     UNIT         ?PR?REPEAT_STOP_EXE?APP_REPEAT_EXE
            CODE    2588H     000EH     UNIT         ?PR?_RF_SETCHANNEL?BSP_2D4
            CODE    2596H     000DH     UNIT         ?PR?ISKEYDOWN2?BSP_KEY
            CODE    25A3H     000DH     UNIT         ?PR?LCD_CLEAR_ALL?BSP_DISPLAY
            CODE    25B0H     000DH     UNIT         ?PR?LCD_CLEAR_MI_ALL?BSP_DISPLAY
            CODE    25BDH     000DH     UNIT         ?PR?RF_TXMODE?BSP_2D4
            CODE    25CAH     000CH     UNIT         ?PR?APP_WORK_100MS_PRO?APP_WORK
            CODE    25D6H     000CH     UNIT         ?PR?_REPEAT_SETSTART?APP_REPEAT_EXE
            CODE    25E2H     000CH     UNIT         ?PR?_REPEAT_SETSTOP?APP_REPEAT_EXE
            CODE    25EEH     000CH     UNIT         ?PR?RF_CLEARFIFO?BSP_2D4
            CODE    25FAH     000BH     UNIT         ?PR?_BSP_GETKEYSTATE?BSP_KEY
            CODE    2605H     000AH     UNIT         ?PR?UCRF_GETSTATUS?BSP_2D4
            CODE    260FH     0009H     UNIT         ?PR?ISKEYDOWN1?BSP_KEY
            CODE    2618H     0009H     UNIT         ?PR?ISKEYDOWN3?BSP_KEY
            CODE    2621H     0009H     UNIT         ?PR?ISKEYDOWN4?BSP_KEY
            CODE    262AH     0009H     UNIT         ?PR?ISKEYDOWN5?BSP_KEY
            CODE    2633H     0009H     UNIT         ?PR?ISKEYDOWN6?BSP_KEY
            CODE    263CH     0009H     UNIT         ?PR?ISKEYDOWN7?BSP_KEY
            CODE    2645H     0009H     UNIT         ?PR?ISKEYDOWN8?BSP_KEY
            CODE    264EH     0009H     UNIT         ?PR?ISKEYDOWN9?BSP_KEY
            CODE    2657H     0009H     UNIT         ?PR?KEY_BRIGHT_INITHARD?BSP_KEYBRIGHT
            CODE    2660H     0009H     UNIT         ?PR?LCD_BRIGHT_INITHARD?BSP_LCDBRIGHT
            CODE    2669H     0008H     UNIT         ?PR?_SEND_DATA_TO_UART0?COMMON
            CODE    2671H     0008H     UNIT         ?PR?RECEIVE_DATA_FROM_UART1?COMMON
            CODE    2679H     0008H     UNIT         ?PR?_SEND_DATA_TO_UART1?COMMON
            CODE    2681H     0007H     UNIT         ?PR?BSP_INITKEYHARD?BSP_KEY
            CODE    2688H     0007H     UNIT         ?PR?LCD_CLEAR_LED_ICO?BSP_DISPLAY
            CODE    268FH     0007H     UNIT         ?PR?LCD_SHOW_LED_ICO?BSP_DISPLAY
            CODE    2696H     0007H     UNIT         ?PR?LCD_CLEAR_FM_ICO?BSP_DISPLAY
            CODE    269DH     0007H     UNIT         ?PR?LCD_SHOW_FM_ICO?BSP_DISPLAY
            CODE    26A4H     0007H     UNIT         ?PR?LCD_CLEAR_BLUETOOTH_ICO?BSP_DISPLAY
            CODE    26ABH     0007H     UNIT         ?PR?LCD_SHOW_BLUETOOTH_ICO?BSP_DISPLAY
            CODE    26B2H     0007H     UNIT         ?PR?LCD_CLEAR_AUX_ICO?BSP_DISPLAY
            CODE    26B9H     0007H     UNIT         ?PR?LCD_SHOW_AUX_ICO?BSP_DISPLAY
            CODE    26C0H     0007H     UNIT         ?PR?LCD_CLEAR_USB_ICO?BSP_DISPLAY
BL51 BANKED LINKER/LOCATER V6.22                                                      08/15/2017  22:44:10  PAGE 5


            CODE    26C7H     0007H     UNIT         ?PR?LCD_SHOW_USB_ICO?BSP_DISPLAY
            CODE    26CEH     0007H     UNIT         ?PR?LCD_CLEAR_MHZ_ICO?BSP_DISPLAY
            CODE    26D5H     0007H     UNIT         ?PR?LCD_SHOW_MHZ_ICO?BSP_DISPLAY
            CODE    26DCH     0007H     UNIT         ?PR?LCD_CLEAR_BAZOOKA_ICO?BSP_DISPLAY
            CODE    26E3H     0007H     UNIT         ?PR?LCD_SHOW_BAZOOKA_ICO?BSP_DISPLAY
            CODE    26EAH     0007H     UNIT         ?PR?LCD_CLEAR_UPCOLON_ICO?BSP_DISPLAY
            CODE    26F1H     0007H     UNIT         ?PR?LCD_SHOW_UPCOLON_ICO?BSP_DISPLAY
            CODE    26F8H     0007H     UNIT         ?PR?LCD_CLEAR_DOWNCOLON_ICO?BSP_DISPLAY
            CODE    26FFH     0007H     UNIT         ?PR?LCD_SHOW_DOWNCOLON_ICO?BSP_DISPLAY
            CODE    2706H     0007H     UNIT         ?PR?RF_CLEARSTATUS?BSP_2D4
            CODE    270DH     0006H     UNIT         ?PR?APP_POWER_OFF?APP_KEY
            CODE    2713H     0006H     UNIT         ?PR?APP_KEY_CLEAR_NOOPS_TIMEOUTCNT?APP_KEY
            CODE    2719H     0006H     UNIT         ?PR?BSP_INITKEY?BSP_KEY
            CODE    271FH     0006H     UNIT         ?PR?BSP_CLEARKEY?BSP_KEY
            CODE    2725H     0006H     UNIT         ?PR?LCD_CLEAR_COLON_ICO?BSP_DISPLAY
            CODE    272BH     0006H     UNIT         ?PR?LCD_SHOW_COLON_ICO?BSP_DISPLAY
            CODE    2731H     0006H     UNIT         ?PR?UCRF_GETRSSI?BSP_2D4
            CODE    2737H     0004H     UNIT         ?PR?FSYS_CLOCK_OUTPUT_ON_P26?COMMON
            CODE    273BH     0003H     UNIT         ?PR?APP_POWER_ON?APP_KEY
            CODE    273EH     0003H     UNIT         ?PR?KEY_BRIGHT_OFF?BSP_KEYBRIGHT
            CODE    2741H     0003H     UNIT         ?PR?KEY_BRIGHT_ON?BSP_KEYBRIGHT
            CODE    2744H     0003H     UNIT         ?PR?LCD_BRIGHT_OFF?BSP_LCDBRIGHT
            CODE    2747H     0003H     UNIT         ?PR?LCD_BRIGHT_ON?BSP_LCDBRIGHT
            CODE    274AH     0001H     UNIT         ?PR?APP_FLASH_CLEAR?APP_KEY
            CODE    274BH     0001H     UNIT         ?PR?APP_KEY_POWER_OR_RETURN?APP_KEY
            CODE    274CH     0001H     UNIT         ?PR?APP_KEY_SET?APP_KEY
            CODE    274DH     0001H     UNIT         ?PR?APP_KEY_ADD?APP_KEY
            CODE    274EH     0001H     UNIT         ?PR?APP_KEY_OK?APP_KEY
            CODE    274FH     0001H     UNIT         ?PR?APP_WORK_PRO?APP_WORK
            CODE    2750H     0001H     UNIT         ?PR?TIMER1_ISR?BSP_TIMER1
            CODE    2751H     0001H     UNIT         ?PR?SPI_INIT?BSP_2D4



OVERLAY MAP OF MODULE:   .\Out\Objects\project (MAIN)


SEGMENT                                             BIT_GROUP          DATA_GROUP          XDATA_GROUP
  +--> CALLED SEGMENT                            START    LENGTH     START    LENGTH     START    LENGTH
--------------------------------------------------------------------------------------------------------
?C_C51STARTUP                                    -----    -----      -----    -----      -----    -----
  +--> ?PR?MAIN?MAIN
  +--> ?C_INITSEG

?PR?MAIN?MAIN                                    -----    -----      -----    -----      0000H    0011H
  +--> ?PR?_SYSTEM_CLOCK_SELECT?COMMON
  +--> ?PR?BSP_INIT?BSP
  +--> ?PR?ADC_START?BSP_ADC
  +--> ?CO?MAIN
  +--> ?PR?PRINTF?PRINTF
  +--> ?PR?_LCD_SHOWSTRING?BSP_DISPLAY
  +--> ?PR?_STRLEN?STRLEN

?PR?BSP_INIT?BSP                                 -----    -----      -----    -----      -----    -----
  +--> ?PR?SET_ALL_GPIO_INPUT_MODE?COMMON
  +--> ?PR?ADC_INIT?BSP_ADC
  +--> ?PR?KEY_BRIGHT_INITHARD?BSP_KEYBRIGHT
BL51 BANKED LINKER/LOCATER V6.22                                                      08/15/2017  22:44:10  PAGE 6


  +--> ?PR?LCD_BRIGHT_INITHARD?BSP_LCDBRIGHT
  +--> ?PR?LCD_DISPLAY_INITHARD?BSP_DISPLAY
  +--> ?PR?TIMER0_INITHARD?BSP_TIMER0
  +--> ?PR?WIRELESS2D4_INITHARD?BSP_2D4

?PR?KEY_BRIGHT_INITHARD?BSP_KEYBRIGHT            -----    -----      -----    -----      -----    -----
  +--> ?PR?KEY_BRIGHT_OFF?BSP_KEYBRIGHT

?PR?LCD_BRIGHT_INITHARD?BSP_LCDBRIGHT            -----    -----      -----    -----      -----    -----
  +--> ?PR?LCD_BRIGHT_ON?BSP_LCDBRIGHT

?PR?LCD_DISPLAY_INITHARD?BSP_DISPLAY             -----    -----      -----    -----      -----    -----
  +--> ?PR?LCD_CLEAR_ALL?BSP_DISPLAY

?PR?TIMER0_INITHARD?BSP_TIMER0                   -----    -----      -----    -----      -----    -----
  +--> ?PR?TIMER0_PARAMINIT?BSP_TIMER0

?PR?PRINTF?PRINTF                                0020H.0  0001H.1    0008H    0005H      0011H    0028H
  +--> ?PR?_PUTCHAR?COMMON

?PR?_LCD_SHOWSTRING?BSP_DISPLAY                  0020H.0  0000H.1    -----    -----      0011H    0004H
  +--> ?PR?_STRLEN?STRLEN
  +--> ?PR?_LCD_SHOWCHAR?BSP_DISPLAY

?PR?_LCD_SHOWCHAR?BSP_DISPLAY                    -----    -----      -----    -----      -----    -----
  +--> ?PR?_LCD_CLEAR_MI?BSP_DISPLAY

?C_INITSEG                                       -----    -----      -----    -----      -----    -----
  +--> ?CO?MAIN



SYMBOL TABLE OF MODULE:  .\Out\Objects\project (MAIN)

  VALUE           TYPE          NAME
  ----------------------------------

  -------         MODULE        MAIN
  C:0000H         SYMBOL        _ICE_DUMMY_
  D:0080H         PUBLIC        P0
  D:0090H         PUBLIC        P1
  D:00A0H         PUBLIC        P2
  D:00B0H         PUBLIC        P3
  D:00D8H         PUBLIC        P5
  D:00A8H         PUBLIC        IE
  B:00E8H.7       PUBLIC        ADCF
  C:1D24H         PUBLIC        ADC_ISR
  D:00B8H         PUBLIC        IP
  C:1928H         PUBLIC        main
  D:0098H         PUBLIC        SCON
  D:0088H         PUBLIC        TCON
  C:2189H         SYMBOL        _?ix1000
  D:00F8H         PUBLIC        SCON_1
  C:22F0H         PUBLIC        PinInterrupt_ISR
  D:00E8H         PUBLIC        ADCCON0
  D:00C0H         PUBLIC        I2CON
  D:00ECH         PUBLIC        PIF
BL51 BANKED LINKER/LOCATER V6.22                                                      08/15/2017  22:44:10  PAGE 7


  D:00C3H         PUBLIC        ADCRH
  D:00C8H         PUBLIC        T2CON
  D:00C2H         PUBLIC        ADCRL
  D:00D0H         PUBLIC        PSW
  -------         PROC          ADC_ISR
  C:1D24H         LINE#         8
  C:1D35H         LINE#         9
  C:1D35H         LINE#         11
  C:1D37H         LINE#         13
  C:1D47H         LINE#         14
  C:1D63H         LINE#         15
  C:1D71H         LINE#         17
  C:1D75H         LINE#         18
  -------         ENDPROC       ADC_ISR
  -------         PROC          PININTERRUPT_ISR
  C:22F0H         LINE#         22
  C:22F8H         LINE#         23
  C:22F8H         LINE#         26
  C:22FDH         LINE#         28
  C:2304H         LINE#         30
  C:2307H         LINE#         32
  C:2307H         LINE#         34
  C:2307H         LINE#         36
  C:230AH         LINE#         37
  -------         ENDPROC       PININTERRUPT_ISR
  -------         PROC          MAIN
  -------         DO            
  X:0000H         SYMBOL        ucKeyCode
  -------         DO            
  X:0001H         SYMBOL        ss
  X:008DH         SYMBOL        n
  X:008EH         SYMBOL        str
  X:0091H         SYMBOL        cnt
  -------         ENDDO         
  -------         DO            
  X:008EH         SYMBOL        str
  X:0091H         SYMBOL        cnt
  -------         ENDDO         
  -------         ENDDO         
  C:1928H         LINE#         38
  C:1928H         LINE#         40
  C:192DH         LINE#         47
  C:1930H         LINE#         55
  C:1930H         LINE#         56
  C:1936H         LINE#         57
  C:1938H         LINE#         60
  C:193BH         LINE#         62
  C:193BH         LINE#         63
  C:1941H         LINE#         64
  C:1943H         LINE#         69
  C:1943H         LINE#         70
  C:1949H         LINE#         71
  C:195CH         LINE#         73
  C:1961H         LINE#         80
  C:1967H         LINE#         81
  C:196DH         LINE#         82
  C:196FH         LINE#         84
BL51 BANKED LINKER/LOCATER V6.22                                                      08/15/2017  22:44:10  PAGE 8


  C:1992H         LINE#         88
  C:199BH         LINE#         89
  C:199BH         LINE#         91
  C:199BH         LINE#         92
  C:19A1H         LINE#         95
  C:19A3H         LINE#         101
  C:19A9H         LINE#         104
  C:19C4H         LINE#         105
  C:19C6H         LINE#         106
  C:19C6H         LINE#         108
  C:19C6H         LINE#         117
  -------         ENDPROC       MAIN
  -------         ENDMOD        MAIN

  -------         MODULE        APP_KEY
  C:0000H         SYMBOL        _ICE_DUMMY_
  C:274AH         PUBLIC        app_flash_Clear
  D:0080H         PUBLIC        P0
  D:0090H         PUBLIC        P1
  D:00A0H         PUBLIC        P2
  D:00B0H         PUBLIC        P3
  C:2213H         PUBLIC        app_key_init
  D:00D8H         PUBLIC        P5
  D:00A8H         PUBLIC        IE
  X:0092H         PUBLIC        g_tDevice
  C:273BH         PUBLIC        app_power_on
  X:0093H         SYMBOL        letter
  D:00EDH         PUBLIC        PITYP
  D:00B8H         PUBLIC        IP
  X:0094H         PUBLIC        level
  C:274CH         PUBLIC        app_key_set
  C:17D7H         PUBLIC        _app_key_pro
  X:0095H         SYMBOL        noOps_timeoutCnt
  C:20B8H         PUBLIC        app_key_1s_pro
  X:0096H         SYMBOL        mode
  C:274EH         PUBLIC        app_key_ok
  B:0021H.1       SYMBOL        offBight_flag
  D:0087H         PUBLIC        PCON
  D:0098H         PUBLIC        SCON
  D:0088H         PUBLIC        TCON
  C:005AH         PUBLIC        app_flash_Show
  D:00F8H         PUBLIC        SCON_1
  C:274BH         PUBLIC        app_key_power_or_return
  C:003AH         SYMBOL        app_UI_init
  D:00E8H         PUBLIC        ADCCON0
  D:00C0H         PUBLIC        I2CON
  C:2713H         PUBLIC        app_key_clear_noOps_timeoutCnt
  D:00C8H         PUBLIC        T2CON
  C:270DH         PUBLIC        app_power_off
  C:23BAH         PUBLIC        app_key_100ms_pro
  C:274DH         PUBLIC        app_key_add
  D:00E9H         PUBLIC        PICON
  D:00D0H         PUBLIC        PSW
  D:00EAH         PUBLIC        PINEN
  D:00EBH         PUBLIC        PIPEN
  -------         PROC          APP_KEY_INIT
  C:2213H         LINE#         25
BL51 BANKED LINKER/LOCATER V6.22                                                      08/15/2017  22:44:10  PAGE 9


  C:2213H         LINE#         26
  C:2218H         LINE#         28
  C:221BH         LINE#         29
  C:221EH         LINE#         30
  C:2221H         LINE#         32
  C:2224H         LINE#         33
  C:2227H         LINE#         34
  C:222AH         LINE#         36
  C:222FH         LINE#         37
  C:2233H         LINE#         38
  C:2237H         LINE#         39
  -------         ENDPROC       APP_KEY_INIT
  -------         PROC          APP_UI_INIT
  C:003AH         LINE#         42
  C:003AH         LINE#         44
  -------         ENDPROC       APP_UI_INIT
  -------         PROC          APP_FLASH_SHOW
  C:005AH         LINE#         46
  C:005AH         LINE#         48
  -------         ENDPROC       APP_FLASH_SHOW
  -------         PROC          APP_FLASH_CLEAR
  C:274AH         LINE#         49
  C:274AH         LINE#         52
  -------         ENDPROC       APP_FLASH_CLEAR
  -------         PROC          APP_KEY_POWER_OR_RETURN
  C:274BH         LINE#         53
  C:274BH         LINE#         56
  -------         ENDPROC       APP_KEY_POWER_OR_RETURN
  -------         PROC          APP_KEY_SET
  C:274CH         LINE#         57
  C:274CH         LINE#         59
  -------         ENDPROC       APP_KEY_SET
  -------         PROC          APP_KEY_ADD
  C:274DH         LINE#         61
  C:274DH         LINE#         63
  -------         ENDPROC       APP_KEY_ADD
  -------         PROC          APP_KEY_OK
  C:274EH         LINE#         64
  C:274EH         LINE#         66
  -------         ENDPROC       APP_KEY_OK
  -------         PROC          APP_POWER_ON
  C:273BH         LINE#         68
  C:273BH         LINE#         69
  -------         ENDPROC       APP_POWER_ON
  -------         PROC          APP_POWER_OFF
  C:270DH         LINE#         71
  C:270DH         LINE#         72
  C:2710H         LINE#         73
  -------         ENDPROC       APP_POWER_OFF
  -------         PROC          APP_KEY_100MS_PRO
  -------         DO            
  I:0015H         SYMBOL        cnt
  -------         ENDDO         
  C:23BAH         LINE#         79
  C:23BAH         LINE#         82
  C:23C1H         LINE#         83
  C:23C4H         LINE#         84
BL51 BANKED LINKER/LOCATER V6.22                                                      08/15/2017  22:44:10  PAGE 10


  C:23CAH         LINE#         85
  C:23CCH         LINE#         87
  C:23CFH         LINE#         89
  C:23D2H         LINE#         90
  C:23D2H         LINE#         91
  C:23D3H         LINE#         92
  C:23D7H         LINE#         93
  C:23D7H         LINE#         94
  -------         ENDPROC       APP_KEY_100MS_PRO
  -------         PROC          APP_KEY_1S_PRO
  C:20B8H         LINE#         96
  C:20B8H         LINE#         98
  C:20BEH         LINE#         99
  C:20C2H         LINE#         100
  C:20C4H         LINE#         102
  C:20C7H         LINE#         103
  C:20D0H         LINE#         104
  C:20D7H         LINE#         105
  C:20DAH         LINE#         106
  C:20E3H         LINE#         107
  C:20E9H         LINE#         108
  C:20E9H         LINE#         110
  -------         ENDPROC       APP_KEY_1S_PRO
  -------         PROC          APP_KEY_CLEAR_NOOPS_TIMEOUTCNT
  C:2713H         LINE#         111
  C:2713H         LINE#         112
  C:2718H         LINE#         113
  -------         ENDPROC       APP_KEY_CLEAR_NOOPS_TIMEOUTCNT
  -------         PROC          _APP_KEY_PRO
  X:00C5H         SYMBOL        keyCode
  C:17D7H         LINE#         114
  C:17DCH         LINE#         116
  C:17DFH         LINE#         118
  C:17E9H         LINE#         119
  C:17EBH         LINE#         120
  C:17EEH         LINE#         123
  C:17EEH         LINE#         125
  C:1830H         LINE#         126
  C:1830H         LINE#         128
  C:1838H         LINE#         129
  C:183BH         LINE#         130
  C:1844H         LINE#         131
  C:184AH         LINE#         132
  C:184AH         LINE#         134
  C:184BH         LINE#         135
  C:184BH         LINE#         137
  C:1853H         LINE#         138
  C:1856H         LINE#         139
  C:1856H         LINE#         141
  C:1856H         LINE#         142
  C:1856H         LINE#         144
  C:185DH         LINE#         145
  C:1860H         LINE#         146
  C:1863H         LINE#         147
  C:186AH         LINE#         148
  C:186AH         LINE#         149
  C:186AH         LINE#         150
BL51 BANKED LINKER/LOCATER V6.22                                                      08/15/2017  22:44:10  PAGE 11


  C:1873H         LINE#         151
  C:1876H         LINE#         152
  C:1879H         LINE#         153
  C:1879H         LINE#         155
  C:1879H         LINE#         156
  C:1879H         LINE#         158
  C:1879H         LINE#         159
  C:1879H         LINE#         161
  C:187CH         LINE#         162
  C:187CH         LINE#         163
  C:187CH         LINE#         165
  C:187CH         LINE#         166
  C:187CH         LINE#         168
  C:187CH         LINE#         169
  C:187CH         LINE#         171
  C:187FH         LINE#         172
  C:187FH         LINE#         173
  C:187FH         LINE#         175
  C:187FH         LINE#         176
  C:187FH         LINE#         178
  C:187FH         LINE#         179
  C:187FH         LINE#         181
  C:1882H         LINE#         182
  C:1882H         LINE#         183
  C:1882H         LINE#         185
  C:1882H         LINE#         187
  C:1882H         LINE#         189
  C:1882H         LINE#         190
  C:1882H         LINE#         192
  C:1885H         LINE#         193
  C:1885H         LINE#         194
  C:1885H         LINE#         196
  C:1885H         LINE#         198
  C:1885H         LINE#         200
  C:1885H         LINE#         202
  C:1885H         LINE#         203
  -------         ENDPROC       _APP_KEY_PRO
  -------         ENDMOD        APP_KEY

  -------         MODULE        APP_WORK
  C:0000H         SYMBOL        _ICE_DUMMY_
  D:0080H         PUBLIC        P0
  D:0090H         PUBLIC        P1
  D:00A0H         PUBLIC        P2
  D:00B0H         PUBLIC        P3
  D:00D8H         PUBLIC        P5
  D:00A8H         PUBLIC        IE
  C:2260H         PUBLIC        query_work_sum
  D:00B8H         PUBLIC        IP
  C:274FH         SYMBOL        app_work_pro
  C:000EH         PUBLIC        app_work_1s_pro
  X:004CH         SYMBOL        count_NoAction
  D:0098H         PUBLIC        SCON
  D:0088H         PUBLIC        TCON
  C:001EH         PUBLIC        work_Init
  B:0021H.2       SYMBOL        pull_once_flag
  D:00F8H         PUBLIC        SCON_1
BL51 BANKED LINKER/LOCATER V6.22                                                      08/15/2017  22:44:10  PAGE 12


  X:004DH         PUBLIC        Rep_Pull_num
  D:00E8H         PUBLIC        ADCCON0
  D:00C0H         PUBLIC        I2CON
  X:0055H         PUBLIC        g_tWork
  D:00C8H         PUBLIC        T2CON
  C:25CAH         PUBLIC        app_work_100ms_pro
  D:00D0H         PUBLIC        PSW
  -------         PROC          WORK_INIT
  C:001EH         LINE#         24
  C:001EH         LINE#         25
  C:0024H         LINE#         26
  C:0027H         LINE#         27
  C:002BH         LINE#         28
  C:002DH         LINE#         29
  C:0031H         LINE#         30
  C:0035H         LINE#         32
  C:0039H         LINE#         33
  -------         ENDPROC       WORK_INIT
  -------         PROC          QUERY_WORK_SUM
  C:2260H         LINE#         35
  C:2260H         LINE#         36
  C:226EH         LINE#         37
  C:227DH         LINE#         38
  C:2281H         LINE#         39
  C:2281H         LINE#         40
  C:2283H         LINE#         42
  -------         ENDPROC       QUERY_WORK_SUM
  -------         PROC          APP_WORK_1S_PRO
  C:000EH         LINE#         44
  C:000EH         LINE#         45
  C:0017H         LINE#         46
  C:001AH         LINE#         47
  C:001AH         LINE#         49
  -------         ENDPROC       APP_WORK_1S_PRO
  -------         PROC          APP_WORK_100MS_PRO
  C:25CAH         LINE#         50
  C:25CAH         LINE#         51
  C:25CDH         LINE#         52
  C:25CFH         LINE#         54
  C:25D2H         LINE#         55
  C:25D5H         LINE#         56
  C:25D5H         LINE#         58
  -------         ENDPROC       APP_WORK_100MS_PRO
  -------         PROC          APP_WORK_PRO
  C:274FH         LINE#         60
  C:274FH         LINE#         62
  -------         ENDPROC       APP_WORK_PRO
  -------         ENDMOD        APP_WORK

  -------         MODULE        APP_REPEAT_EXE
  C:0000H         SYMBOL        _ICE_DUMMY_
  D:0080H         PUBLIC        P0
  D:0090H         PUBLIC        P1
  D:00A0H         PUBLIC        P2
  D:00B0H         PUBLIC        P3
  C:25D6H         PUBLIC        _Repeat_SetStart
  D:00D8H         PUBLIC        P5
BL51 BANKED LINKER/LOCATER V6.22                                                      08/15/2017  22:44:10  PAGE 13


  D:00A8H         PUBLIC        IE
  C:2578H         SYMBOL        Repeat_Stop_exe
  D:00B8H         PUBLIC        IP
  C:25E2H         PUBLIC        _Repeat_SetStop
  X:005EH         SYMBOL        g_tRepeat
  D:0098H         PUBLIC        SCON
  D:0088H         PUBLIC        TCON
  D:00F8H         PUBLIC        SCON_1
  C:20EAH         PUBLIC        _Repeat_Start
  D:00E8H         PUBLIC        ADCCON0
  D:00C0H         PUBLIC        I2CON
  D:00C8H         PUBLIC        T2CON
  C:24E7H         PUBLIC        Repeat_Stop
  C:1718H         PUBLIC        Repeat_Pro
  C:2568H         SYMBOL        Repeat_Start_exe
  D:00D0H         PUBLIC        PSW
  -------         PROC          _REPEAT_SETSTART
  D:0001H         SYMBOL        fun
  C:25D6H         LINE#         12
  C:25D6H         LINE#         13
  C:25E1H         LINE#         14
  -------         ENDPROC       _REPEAT_SETSTART
  -------         PROC          _REPEAT_SETSTOP
  D:0001H         SYMBOL        fun
  C:25E2H         LINE#         16
  C:25E2H         LINE#         17
  C:25EDH         LINE#         18
  -------         ENDPROC       _REPEAT_SETSTOP
  -------         PROC          REPEAT_START_EXE
  C:2568H         LINE#         20
  C:2568H         LINE#         21
  C:2574H         LINE#         22
  C:2577H         LINE#         23
  C:2577H         LINE#         24
  -------         ENDPROC       REPEAT_START_EXE
  -------         PROC          REPEAT_STOP_EXE
  C:2578H         LINE#         26
  C:2578H         LINE#         27
  C:2584H         LINE#         28
  C:2587H         LINE#         29
  C:2587H         LINE#         30
  -------         ENDPROC       REPEAT_STOP_EXE
  -------         PROC          _REPEAT_START
  D:0006H         SYMBOL        _usStartTime
  D:0004H         SYMBOL        _usStopTime
  D:0002H         SYMBOL        _usCycle
  C:20EAH         LINE#         42
  C:20EAH         LINE#         43
  C:20EAH         LINE#         44
  C:20EEH         LINE#         46
  C:20EEH         LINE#         48
  C:20F6H         LINE#         49
  C:20FEH         LINE#         50
  C:2106H         LINE#         51
  C:210BH         LINE#         52
  C:210FH         LINE#         53
  C:2113H         LINE#         54
BL51 BANKED LINKER/LOCATER V6.22                                                      08/15/2017  22:44:10  PAGE 14


  C:2118H         LINE#         56
  C:211BH         LINE#         57
  -------         ENDPROC       _REPEAT_START
  -------         PROC          REPEAT_STOP
  C:24E7H         LINE#         67
  C:24E7H         LINE#         68
  C:24ECH         LINE#         69
  C:24EFH         LINE#         70
  C:24F8H         LINE#         71
  -------         ENDPROC       REPEAT_STOP
  -------         PROC          REPEAT_PRO
  C:1718H         LINE#         83
  C:1718H         LINE#         85
  C:171FH         LINE#         86
  C:1722H         LINE#         88
  C:1722H         LINE#         90
  C:1739H         LINE#         92
  C:1739H         LINE#         94
  C:173FH         LINE#         95
  C:174BH         LINE#         96
  C:174BH         LINE#         97
  C:1764H         LINE#         98
  C:1767H         LINE#         99
  C:176EH         LINE#         100
  C:1773H         LINE#         101
  C:1773H         LINE#         102
  C:1774H         LINE#         104
  C:1774H         LINE#         105
  C:177CH         LINE#         106
  C:1794H         LINE#         108
  C:17A3H         LINE#         109
  C:17B6H         LINE#         111
  C:17BBH         LINE#         112
  C:17BBH         LINE#         114
  C:17C1H         LINE#         115
  C:17C8H         LINE#         117
  C:17C8H         LINE#         118
  C:17C8H         LINE#         119
  C:17CFH         LINE#         120
  C:17D3H         LINE#         122
  C:17D6H         LINE#         123
  C:17D6H         LINE#         124
  C:17D6H         LINE#         126
  -------         ENDPROC       REPEAT_PRO
  -------         ENDMOD        APP_REPEAT_EXE

  -------         MODULE        BSP
  C:0000H         SYMBOL        _ICE_DUMMY_
  D:0080H         PUBLIC        P0
  D:0090H         PUBLIC        P1
  D:00A0H         PUBLIC        P2
  D:00B0H         PUBLIC        P3
  D:00D8H         PUBLIC        P5
  B:00A8H.7       PUBLIC        EA
  D:00A8H         PUBLIC        IE
  D:00B8H         PUBLIC        IP
  B:0021H.3       PUBLIC        BIT_TMP
BL51 BANKED LINKER/LOCATER V6.22                                                      08/15/2017  22:44:10  PAGE 15


  D:0098H         PUBLIC        SCON
  D:0088H         PUBLIC        TCON
  C:2478H         PUBLIC        bsp_Init
  D:00F8H         PUBLIC        SCON_1
  D:00E8H         PUBLIC        ADCCON0
  D:00C0H         PUBLIC        I2CON
  D:00C8H         PUBLIC        T2CON
  D:00D0H         PUBLIC        PSW
  -------         PROC          BSP_INIT
  C:2478H         LINE#         5
  C:2478H         LINE#         10
  C:247BH         LINE#         12
  C:247EH         LINE#         14
  C:2481H         LINE#         15
  C:2484H         LINE#         17
  C:2487H         LINE#         18
  C:248AH         LINE#         23
  C:248DH         LINE#         25
  C:248FH         LINE#         27
  -------         ENDPROC       BSP_INIT
  -------         ENDMOD        BSP

  -------         MODULE        BSP_KEY
  C:0000H         SYMBOL        _ICE_DUMMY_
  D:00B1H         PUBLIC        P0M1
  D:00B2H         PUBLIC        P0M2
  D:0080H         PUBLIC        P0
  D:0090H         PUBLIC        P1
  D:00A0H         PUBLIC        P2
  D:00B0H         PUBLIC        P3
  D:00D8H         PUBLIC        P5
  C:24FBH         PUBLIC        _bsp_PutKey
  D:00A8H         PUBLIC        IE
  C:19C9H         SYMBOL        bsp_InitKeyVar
  X:00C2H         PUBLIC        pBtn
  D:00B8H         PUBLIC        IP
  C:23D8H         PUBLIC        bsp_GetKey2
  C:107FH         SYMBOL        _bsp_DetectKey
  B:0080H.2       PUBLIC        P02
  C:260FH         SYMBOL        IsKeyDown1
  D:0098H         PUBLIC        SCON
  C:2596H         SYMBOL        IsKeyDown2
  B:0080H.5       PUBLIC        P05
  D:0088H         PUBLIC        TCON
  C:2618H         SYMBOL        IsKeyDown3
  B:0080H.6       PUBLIC        P06
  C:2621H         SYMBOL        IsKeyDown4
  C:262AH         SYMBOL        IsKeyDown5
  C:2633H         SYMBOL        IsKeyDown6
  C:263CH         SYMBOL        IsKeyDown7
  B:00D8H.5       PUBLIC        P55
  C:2645H         SYMBOL        IsKeyDown8
  C:264EH         SYMBOL        IsKeyDown9
  C:271FH         PUBLIC        bsp_ClearKey
  D:00F8H         PUBLIC        SCON_1
  C:2410H         PUBLIC        bsp_KeyScan
  D:00E8H         PUBLIC        ADCCON0
BL51 BANKED LINKER/LOCATER V6.22                                                      08/15/2017  22:44:10  PAGE 16


  D:00C0H         PUBLIC        I2CON
  D:00C8H         PUBLIC        T2CON
  C:2719H         PUBLIC        bsp_InitKey
  C:2681H         SYMBOL        bsp_InitKeyHard
  I:0022H         SYMBOL        s_tBtn
  I:0085H         SYMBOL        s_tKey
  C:003EH         PUBLIC        bsp_GetKey
  C:2284H         PUBLIC        _bsp_SetKeyParam
  C:25FAH         PUBLIC        _bsp_GetKeyState
  D:00D0H         PUBLIC        PSW
  -------         PROC          ISKEYDOWN1
  C:260FH         LINE#         46
  C:260FH         LINE#         47
  C:2612H         LINE#         48
  C:2615H         LINE#         49
  C:2615H         LINE#         50
  C:2617H         LINE#         51
  C:2617H         LINE#         52
  -------         ENDPROC       ISKEYDOWN1
  -------         PROC          ISKEYDOWN2
  C:2596H         LINE#         54
  C:2596H         LINE#         55
  C:259DH         LINE#         56
  C:25A0H         LINE#         57
  C:25A0H         LINE#         58
  C:25A2H         LINE#         59
  C:25A2H         LINE#         60
  -------         ENDPROC       ISKEYDOWN2
  -------         PROC          ISKEYDOWN3
  C:2618H         LINE#         62
  C:2618H         LINE#         63
  C:261BH         LINE#         64
  C:261EH         LINE#         65
  C:261EH         LINE#         66
  C:2620H         LINE#         67
  C:2620H         LINE#         68
  -------         ENDPROC       ISKEYDOWN3
  -------         PROC          ISKEYDOWN4
  C:2621H         LINE#         70
  C:2621H         LINE#         71
  C:2624H         LINE#         72
  C:2627H         LINE#         73
  C:2627H         LINE#         74
  C:2629H         LINE#         75
  C:2629H         LINE#         76
  -------         ENDPROC       ISKEYDOWN4
  -------         PROC          ISKEYDOWN5
  C:262AH         LINE#         78
  C:262AH         LINE#         79
  C:262DH         LINE#         80
  C:2630H         LINE#         81
  C:2630H         LINE#         82
  C:2632H         LINE#         83
  C:2632H         LINE#         84
  -------         ENDPROC       ISKEYDOWN5
  -------         PROC          ISKEYDOWN6
  C:2633H         LINE#         86
BL51 BANKED LINKER/LOCATER V6.22                                                      08/15/2017  22:44:10  PAGE 17


  C:2633H         LINE#         87
  C:2636H         LINE#         88
  C:2639H         LINE#         89
  C:2639H         LINE#         90
  C:263BH         LINE#         91
  C:263BH         LINE#         92
  -------         ENDPROC       ISKEYDOWN6
  -------         PROC          ISKEYDOWN7
  C:263CH         LINE#         94
  C:263CH         LINE#         95
  C:263FH         LINE#         96
  C:2642H         LINE#         97
  C:2642H         LINE#         98
  C:2644H         LINE#         99
  C:2644H         LINE#         100
  -------         ENDPROC       ISKEYDOWN7
  -------         PROC          ISKEYDOWN8
  C:2645H         LINE#         102
  C:2645H         LINE#         103
  C:2648H         LINE#         104
  C:264BH         LINE#         105
  C:264BH         LINE#         106
  C:264DH         LINE#         107
  C:264DH         LINE#         108
  -------         ENDPROC       ISKEYDOWN8
  -------         PROC          ISKEYDOWN9
  C:264EH         LINE#         110
  C:264EH         LINE#         111
  C:2651H         LINE#         112
  C:2654H         LINE#         113
  C:2654H         LINE#         114
  C:2656H         LINE#         115
  C:2656H         LINE#         116
  -------         ENDPROC       ISKEYDOWN9
  -------         PROC          BSP_INITKEY
  C:2719H         LINE#         126
  C:2719H         LINE#         127
  C:271CH         LINE#         128
  -------         ENDPROC       BSP_INITKEY
  -------         PROC          _BSP_PUTKEY
  D:0007H         SYMBOL        _KeyCode
  C:24FBH         LINE#         139
  C:24FBH         LINE#         140
  C:2503H         LINE#         142
  C:250CH         LINE#         143
  C:250EH         LINE#         144
  C:250EH         LINE#         145
  -------         ENDPROC       _BSP_PUTKEY
  -------         PROC          BSP_GETKEY
  -------         DO            
  D:0007H         SYMBOL        ret
  -------         ENDDO         
  C:003EH         LINE#         155
  C:003EH         LINE#         158
  C:0046H         LINE#         159
  C:0048H         LINE#         160
  C:0048H         LINE#         161
BL51 BANKED LINKER/LOCATER V6.22                                                      08/15/2017  22:44:10  PAGE 18


  C:004EH         LINE#         163
  C:0057H         LINE#         164
  C:0059H         LINE#         165
  C:0059H         LINE#         166
  C:0059H         LINE#         167
  C:0059H         LINE#         168
  -------         ENDPROC       BSP_GETKEY
  -------         PROC          BSP_GETKEY2
  -------         DO            
  D:0007H         SYMBOL        ret
  -------         ENDDO         
  C:23D8H         LINE#         178
  C:23D8H         LINE#         181
  C:23E0H         LINE#         182
  C:23E2H         LINE#         183
  C:23E2H         LINE#         184
  C:23E8H         LINE#         186
  C:23F1H         LINE#         187
  C:23F3H         LINE#         188
  C:23F3H         LINE#         189
  C:23F3H         LINE#         190
  C:23F3H         LINE#         191
  -------         ENDPROC       BSP_GETKEY2
  -------         PROC          _BSP_GETKEYSTATE
  D:0007H         SYMBOL        _ucKeyID
  C:25FAH         LINE#         201
  C:25FAH         LINE#         202
  C:2604H         LINE#         203
  -------         ENDPROC       _BSP_GETKEYSTATE
  -------         PROC          _BSP_SETKEYPARAM
  D:0007H         SYMBOL        _ucKeyID
  D:0004H         SYMBOL        _LongTime
  D:0003H         SYMBOL        _RepeatSpeed
  C:2284H         LINE#         215
  C:2284H         LINE#         216
  C:2291H         LINE#         217
  C:229DH         LINE#         218
  C:22A7H         LINE#         219
  -------         ENDPROC       _BSP_SETKEYPARAM
  -------         PROC          BSP_CLEARKEY
  C:271FH         LINE#         229
  C:271FH         LINE#         230
  C:2724H         LINE#         231
  -------         ENDPROC       BSP_CLEARKEY
  -------         PROC          BSP_INITKEYHARD
  C:2681H         LINE#         241
  C:2681H         LINE#         243
  C:2684H         LINE#         244
  C:2687H         LINE#         246
  -------         ENDPROC       BSP_INITKEYHARD
  -------         PROC          BSP_INITKEYVAR
  -------         DO            
  D:0007H         SYMBOL        i
  -------         ENDDO         
  C:19C9H         LINE#         256
  C:19C9H         LINE#         260
  C:19CDH         LINE#         261
BL51 BANKED LINKER/LOCATER V6.22                                                      08/15/2017  22:44:10  PAGE 19


  C:19CFH         LINE#         262
  C:19D1H         LINE#         265
  C:19D2H         LINE#         266
  C:19DFH         LINE#         267
  C:19E9H         LINE#         268
  C:19F3H         LINE#         272
  C:19FDH         LINE#         273
  C:1A07H         LINE#         274
  C:1A0CH         LINE#         277
  C:1A16H         LINE#         278
  C:1A20H         LINE#         279
  C:1A2AH         LINE#         280
  C:1A34H         LINE#         281
  C:1A3EH         LINE#         282
  C:1A48H         LINE#         283
  C:1A52H         LINE#         284
  C:1A5CH         LINE#         285
  C:1A66H         LINE#         287
  -------         ENDPROC       BSP_INITKEYVAR
  -------         PROC          _BSP_DETECTKEY
  X:00C6H         SYMBOL        i
  C:107FH         LINE#         298
  C:1084H         LINE#         299
  C:1098H         LINE#         300
  C:10A4H         LINE#         301
  C:10BBH         LINE#         302
  C:10C0H         LINE#         303
  C:10C9H         LINE#         304
  C:10D1H         LINE#         305
  C:10D1H         LINE#         306
  C:10D9H         LINE#         307
  C:10E0H         LINE#         310
  C:10EDH         LINE#         311
  C:10EDH         LINE#         313
  C:110CH         LINE#         314
  C:1119H         LINE#         316
  C:1130H         LINE#         318
  C:113AH         LINE#         319
  C:113AH         LINE#         320
  C:113CH         LINE#         321
  C:114BH         LINE#         322
  C:1157H         LINE#         323
  C:115EH         LINE#         325
  C:116BH         LINE#         326
  C:116BH         LINE#         327
  C:116BH         LINE#         328
  C:116BH         LINE#         329
  C:116BH         LINE#         330
  C:116BH         LINE#         331
  C:116BH         LINE#         332
  C:1182H         LINE#         333
  C:118AH         LINE#         334
  C:118FH         LINE#         335
  C:1197H         LINE#         336
  C:1199H         LINE#         337
  C:11A2H         LINE#         338
  C:11A9H         LINE#         341
BL51 BANKED LINKER/LOCATER V6.22                                                      08/15/2017  22:44:10  PAGE 20


  C:11B7H         LINE#         342
  C:11B7H         LINE#         343
  C:11B7H         LINE#         344
  C:11CBH         LINE#         345
  C:11D2H         LINE#         346
  C:11D2H         LINE#         347
  -------         ENDPROC       _BSP_DETECTKEY
  -------         PROC          BSP_KEYSCAN
  -------         DO            
  X:00C7H         SYMBOL        i
  -------         ENDDO         
  C:2410H         LINE#         357
  C:2410H         LINE#         360
  C:241FH         LINE#         361
  C:2422H         LINE#         362
  C:242AH         LINE#         363
  -------         ENDPROC       BSP_KEYSCAN
  -------         ENDMOD        BSP_KEY

  -------         MODULE        BSP_DISPLAY
  C:0000H         SYMBOL        _ICE_DUMMY_
  C:26E3H         PUBLIC        LCD_Show_BAZOOKA_ICO
  D:00B1H         PUBLIC        P0M1
  D:00B3H         PUBLIC        P1M1
  D:00B2H         PUBLIC        P0M2
  D:0080H         PUBLIC        P0
  D:00B5H         PUBLIC        P2M1
  D:00B4H         PUBLIC        P1M2
  D:0090H         PUBLIC        P1
  D:00B6H         PUBLIC        P2M2
  D:00ACH         PUBLIC        P3M1
  D:00A0H         PUBLIC        P2
  D:00DAH         PUBLIC        P4M1
  D:00B0H         PUBLIC        P3
  D:00ADH         PUBLIC        P3M2
  D:00DCH         PUBLIC        P5M1
  D:00DBH         PUBLIC        P4M2
  D:00DDH         PUBLIC        P5M2
  D:00D8H         PUBLIC        P5
  C:269DH         PUBLIC        LCD_Show_FM_ICO
  D:00A8H         PUBLIC        IE
  C:2688H         PUBLIC        LCD_Clear_LED_ICO
  C:25A3H         PUBLIC        LCD_Clear_All
  D:00B8H         PUBLIC        IP
  C:26EAH         PUBLIC        LCD_Clear_upColon_ICO
  C:26C0H         PUBLIC        LCD_Clear_USB_ICO
  C:204DH         PUBLIC        LCD_display_InitHard
  C:26B2H         PUBLIC        LCD_Clear_AUX_ICO
  C:26CEH         PUBLIC        LCD_Clear_MHZ_ICO
  C:26FFH         PUBLIC        LCD_Show_downColon_ICO
  D:00FCH         PUBLIC        LCDDAT
  D:00FAH         PUBLIC        LCDCLK
  D:0098H         PUBLIC        SCON
  D:00F9H         PUBLIC        LCDCON
  D:0088H         PUBLIC        TCON
  C:26A4H         PUBLIC        LCD_Clear_BLUETooTH_ICO
  C:2725H         PUBLIC        LCD_Clear_Colon_ICO
BL51 BANKED LINKER/LOCATER V6.22                                                      08/15/2017  22:44:10  PAGE 21


  C:26DCH         PUBLIC        LCD_Clear_BAZOOKA_ICO
  D:00F8H         PUBLIC        SCON_1
  C:268FH         PUBLIC        LCD_Show_LED_ICO
  D:00FBH         PUBLIC        LCDPTR
  C:2696H         PUBLIC        LCD_Clear_FM_ICO
  C:1886H         PUBLIC        _LCD_ShowString
  C:1558H         SYMBOL        _LCD_Clear_mi
  C:005EH         PUBLIC        _LCD_ShowChar
  C:26F1H         PUBLIC        LCD_Show_upColon_ICO
  D:00E8H         PUBLIC        ADCCON0
  D:00C0H         PUBLIC        I2CON
  C:26C7H         PUBLIC        LCD_Show_USB_ICO
  C:26B9H         PUBLIC        LCD_Show_AUX_ICO
  C:26D5H         PUBLIC        LCD_Show_MHZ_ICO
  D:00E5H         PUBLIC        LCDSEG0
  D:00E6H         PUBLIC        LCDSEG1
  D:00E7H         PUBLIC        LCDSEG2
  D:00EEH         PUBLIC        LCDSEG3
  D:00C8H         PUBLIC        T2CON
  C:26ABH         PUBLIC        LCD_Show_BLUETooTH_ICO
  C:25B0H         PUBLIC        LCD_Clear_mi_all
  C:272BH         PUBLIC        LCD_Show_Colon_ICO
  C:26F8H         PUBLIC        LCD_Clear_downColon_ICO
  D:00D0H         PUBLIC        PSW
  -------         PROC          LCD_DISPLAY_INITHARD
  C:204DH         LINE#         16
  C:204DH         LINE#         19
  C:2050H         LINE#         20
  C:2053H         LINE#         22
  C:2055H         LINE#         23
  C:2058H         LINE#         25
  C:205AH         LINE#         26
  C:205DH         LINE#         28
  C:205FH         LINE#         29
  C:2062H         LINE#         31
  C:2064H         LINE#         32
  C:2067H         LINE#         34
  C:2069H         LINE#         35
  C:206CH         LINE#         39
  C:206EH         LINE#         41
  C:2071H         LINE#         44
  C:2074H         LINE#         45
  C:2077H         LINE#         46
  C:207AH         LINE#         47
  C:207DH         LINE#         49
  C:2080H         LINE#         51
  -------         ENDPROC       LCD_DISPLAY_INITHARD
  -------         PROC          LCD_CLEAR_ALL
  -------         DO            
  D:0007H         SYMBOL        i
  -------         ENDDO         
  C:25A3H         LINE#         54
  C:25A3H         LINE#         56
  C:25A5H         LINE#         57
  C:25A7H         LINE#         58
  C:25AAH         LINE#         59
  C:25AFH         LINE#         60
BL51 BANKED LINKER/LOCATER V6.22                                                      08/15/2017  22:44:10  PAGE 22


  -------         ENDPROC       LCD_CLEAR_ALL
  -------         PROC          LCD_CLEAR_LED_ICO
  C:2688H         LINE#         62
  C:2688H         LINE#         63
  C:268BH         LINE#         64
  C:268EH         LINE#         65
  -------         ENDPROC       LCD_CLEAR_LED_ICO
  -------         PROC          LCD_SHOW_LED_ICO
  C:268FH         LINE#         66
  C:268FH         LINE#         67
  C:2692H         LINE#         68
  C:2695H         LINE#         69
  -------         ENDPROC       LCD_SHOW_LED_ICO
  -------         PROC          LCD_CLEAR_FM_ICO
  C:2696H         LINE#         70
  C:2696H         LINE#         71
  C:2699H         LINE#         72
  C:269CH         LINE#         73
  -------         ENDPROC       LCD_CLEAR_FM_ICO
  -------         PROC          LCD_SHOW_FM_ICO
  C:269DH         LINE#         74
  C:269DH         LINE#         75
  C:26A0H         LINE#         76
  C:26A3H         LINE#         77
  -------         ENDPROC       LCD_SHOW_FM_ICO
  -------         PROC          LCD_CLEAR_BLUETOOTH_ICO
  C:26A4H         LINE#         78
  C:26A4H         LINE#         79
  C:26A7H         LINE#         80
  C:26AAH         LINE#         81
  -------         ENDPROC       LCD_CLEAR_BLUETOOTH_ICO
  -------         PROC          LCD_SHOW_BLUETOOTH_ICO
  C:26ABH         LINE#         82
  C:26ABH         LINE#         83
  C:26AEH         LINE#         84
  C:26B1H         LINE#         85
  -------         ENDPROC       LCD_SHOW_BLUETOOTH_ICO
  -------         PROC          LCD_CLEAR_AUX_ICO
  C:26B2H         LINE#         86
  C:26B2H         LINE#         87
  C:26B5H         LINE#         88
  C:26B8H         LINE#         89
  -------         ENDPROC       LCD_CLEAR_AUX_ICO
  -------         PROC          LCD_SHOW_AUX_ICO
  C:26B9H         LINE#         90
  C:26B9H         LINE#         91
  C:26BCH         LINE#         92
  C:26BFH         LINE#         93
  -------         ENDPROC       LCD_SHOW_AUX_ICO
  -------         PROC          LCD_CLEAR_USB_ICO
  C:26C0H         LINE#         94
  C:26C0H         LINE#         95
  C:26C3H         LINE#         96
  C:26C6H         LINE#         97
  -------         ENDPROC       LCD_CLEAR_USB_ICO
  -------         PROC          LCD_SHOW_USB_ICO
  C:26C7H         LINE#         98
BL51 BANKED LINKER/LOCATER V6.22                                                      08/15/2017  22:44:10  PAGE 23


  C:26C7H         LINE#         99
  C:26CAH         LINE#         100
  C:26CDH         LINE#         101
  -------         ENDPROC       LCD_SHOW_USB_ICO
  -------         PROC          LCD_CLEAR_MHZ_ICO
  C:26CEH         LINE#         102
  C:26CEH         LINE#         103
  C:26D1H         LINE#         104
  C:26D4H         LINE#         105
  -------         ENDPROC       LCD_CLEAR_MHZ_ICO
  -------         PROC          LCD_SHOW_MHZ_ICO
  C:26D5H         LINE#         106
  C:26D5H         LINE#         107
  C:26D8H         LINE#         108
  C:26DBH         LINE#         109
  -------         ENDPROC       LCD_SHOW_MHZ_ICO
  -------         PROC          LCD_CLEAR_BAZOOKA_ICO
  C:26DCH         LINE#         110
  C:26DCH         LINE#         111
  C:26DFH         LINE#         112
  C:26E2H         LINE#         113
  -------         ENDPROC       LCD_CLEAR_BAZOOKA_ICO
  -------         PROC          LCD_SHOW_BAZOOKA_ICO
  C:26E3H         LINE#         114
  C:26E3H         LINE#         115
  C:26E6H         LINE#         116
  C:26E9H         LINE#         117
  -------         ENDPROC       LCD_SHOW_BAZOOKA_ICO
  -------         PROC          LCD_CLEAR_UPCOLON_ICO
  C:26EAH         LINE#         123
  C:26EAH         LINE#         124
  C:26EDH         LINE#         125
  C:26F0H         LINE#         126
  -------         ENDPROC       LCD_CLEAR_UPCOLON_ICO
  -------         PROC          LCD_SHOW_UPCOLON_ICO
  C:26F1H         LINE#         127
  C:26F1H         LINE#         128
  C:26F4H         LINE#         129
  C:26F7H         LINE#         130
  -------         ENDPROC       LCD_SHOW_UPCOLON_ICO
  -------         PROC          LCD_CLEAR_DOWNCOLON_ICO
  C:26F8H         LINE#         131
  C:26F8H         LINE#         132
  C:26FBH         LINE#         133
  C:26FEH         LINE#         134
  -------         ENDPROC       LCD_CLEAR_DOWNCOLON_ICO
  -------         PROC          LCD_SHOW_DOWNCOLON_ICO
  C:26FFH         LINE#         135
  C:26FFH         LINE#         136
  C:2702H         LINE#         137
  C:2705H         LINE#         138
  -------         ENDPROC       LCD_SHOW_DOWNCOLON_ICO
  -------         PROC          LCD_CLEAR_COLON_ICO
  C:2725H         LINE#         139
  C:2725H         LINE#         140
  C:2728H         LINE#         141
  -------         ENDPROC       LCD_CLEAR_COLON_ICO
BL51 BANKED LINKER/LOCATER V6.22                                                      08/15/2017  22:44:10  PAGE 24


  -------         PROC          LCD_SHOW_COLON_ICO
  C:272BH         LINE#         143
  C:272BH         LINE#         144
  C:272EH         LINE#         145
  -------         ENDPROC       LCD_SHOW_COLON_ICO
  -------         PROC          _LCD_CLEAR_MI
  D:0007H         SYMBOL        n
  C:1558H         LINE#         147
  C:1558H         LINE#         148
  C:1580H         LINE#         149
  C:1580H         LINE#         150
  C:1583H         LINE#         151
  C:1586H         LINE#         153
  C:1589H         LINE#         154
  C:158CH         LINE#         156
  C:158FH         LINE#         157
  C:1592H         LINE#         159
  C:1595H         LINE#         160
  C:1595H         LINE#         161
  C:1598H         LINE#         162
  C:1598H         LINE#         163
  C:159BH         LINE#         164
  C:159EH         LINE#         166
  C:15A1H         LINE#         167
  C:15A4H         LINE#         169
  C:15A7H         LINE#         170
  C:15AAH         LINE#         172
  C:15ADH         LINE#         173
  C:15ADH         LINE#         174
  C:15B0H         LINE#         175
  C:15B0H         LINE#         176
  C:15B3H         LINE#         177
  C:15B6H         LINE#         179
  C:15B9H         LINE#         180
  C:15BCH         LINE#         182
  C:15BFH         LINE#         183
  C:15C2H         LINE#         185
  C:15C5H         LINE#         186
  C:15C5H         LINE#         187
  C:15C7H         LINE#         188
  C:15C7H         LINE#         189
  C:15CAH         LINE#         190
  C:15CDH         LINE#         192
  C:15D0H         LINE#         193
  C:15D3H         LINE#         195
  C:15D6H         LINE#         196
  C:15D9H         LINE#         198
  C:15DCH         LINE#         199
  C:15DCH         LINE#         200
  C:15DEH         LINE#         201
  C:15DEH         LINE#         202
  C:15E1H         LINE#         203
  C:15E4H         LINE#         205
  C:15E7H         LINE#         206
  C:15EAH         LINE#         208
  C:15EDH         LINE#         209
  C:15F0H         LINE#         211
BL51 BANKED LINKER/LOCATER V6.22                                                      08/15/2017  22:44:10  PAGE 25


  C:15F3H         LINE#         212
  C:15F3H         LINE#         213
  C:15F5H         LINE#         214
  C:15F5H         LINE#         215
  C:15F8H         LINE#         216
  C:15FBH         LINE#         218
  C:15FEH         LINE#         219
  C:1601H         LINE#         221
  C:1604H         LINE#         222
  C:1607H         LINE#         224
  C:160AH         LINE#         225
  C:160AH         LINE#         226
  C:160CH         LINE#         227
  C:160CH         LINE#         228
  C:160FH         LINE#         229
  C:1612H         LINE#         231
  C:1615H         LINE#         232
  C:1618H         LINE#         234
  C:161BH         LINE#         235
  C:161EH         LINE#         237
  C:1621H         LINE#         238
  C:1621H         LINE#         239
  C:1623H         LINE#         240
  C:1623H         LINE#         241
  C:1626H         LINE#         242
  C:1629H         LINE#         244
  C:162CH         LINE#         245
  C:162FH         LINE#         247
  C:1632H         LINE#         248
  C:1635H         LINE#         250
  C:1638H         LINE#         251
  C:163BH         LINE#         252
  C:163BH         LINE#         253
  C:163BH         LINE#         254
  -------         ENDPROC       _LCD_CLEAR_MI
  -------         PROC          LCD_CLEAR_MI_ALL
  -------         DO            
  D:0006H         SYMBOL        i
  -------         ENDDO         
  C:25B0H         LINE#         255
  C:25B0H         LINE#         256
  C:25B2H         LINE#         257
  C:25B2H         LINE#         258
  C:25B7H         LINE#         259
  C:25BCH         LINE#         260
  -------         ENDPROC       LCD_CLEAR_MI_ALL
  -------         PROC          _LCD_SHOWCHAR
  D:0007H         SYMBOL        n
  D:0005H         SYMBOL        c
  C:005EH         LINE#         261
  C:005EH         LINE#         262
  C:0067H         LINE#         264
  C:0067H         LINE#         266
  C:0070H         LINE#         267
  C:0072H         LINE#         268
  C:0078H         LINE#         269
  C:007AH         LINE#         270
BL51 BANKED LINKER/LOCATER V6.22                                                      08/15/2017  22:44:10  PAGE 26


  C:0080H         LINE#         271
  C:0082H         LINE#         272
  C:0088H         LINE#         273
  C:008AH         LINE#         274
  C:0090H         LINE#         275
  C:0092H         LINE#         276
  C:0092H         LINE#         277
  C:0145H         LINE#         278
  C:0145H         LINE#         279
  C:0151H         LINE#         280
  C:0154H         LINE#         282
  C:015AH         LINE#         283
  C:015DH         LINE#         285
  C:0163H         LINE#         286
  C:0166H         LINE#         288
  C:0166H         LINE#         289
  C:0166H         LINE#         290
  C:0169H         LINE#         291
  C:0169H         LINE#         292
  C:0175H         LINE#         293
  C:0178H         LINE#         295
  C:017EH         LINE#         296
  C:0181H         LINE#         298
  C:0187H         LINE#         299
  C:018AH         LINE#         301
  C:018AH         LINE#         302
  C:018AH         LINE#         303
  C:018DH         LINE#         304
  C:018DH         LINE#         305
  C:0199H         LINE#         306
  C:019CH         LINE#         308
  C:019CH         LINE#         309
  C:019CH         LINE#         311
  C:019CH         LINE#         312
  C:019CH         LINE#         314
  C:019CH         LINE#         315
  C:019CH         LINE#         316
  C:019FH         LINE#         317
  C:019FH         LINE#         318
  C:01ABH         LINE#         319
  C:01AEH         LINE#         321
  C:01AEH         LINE#         322
  C:01AEH         LINE#         324
  C:01AEH         LINE#         325
  C:01AEH         LINE#         327
  C:01AEH         LINE#         328
  C:01AEH         LINE#         329
  C:01B1H         LINE#         330
  C:01B1H         LINE#         331
  C:01BDH         LINE#         332
  C:01C0H         LINE#         334
  C:01C0H         LINE#         335
  C:01C0H         LINE#         337
  C:01C0H         LINE#         338
  C:01C0H         LINE#         340
  C:01C0H         LINE#         341
  C:01C0H         LINE#         342
BL51 BANKED LINKER/LOCATER V6.22                                                      08/15/2017  22:44:10  PAGE 27


  C:01C3H         LINE#         343
  C:01C3H         LINE#         344
  C:01CFH         LINE#         345
  C:01D2H         LINE#         347
  C:01D2H         LINE#         348
  C:01D2H         LINE#         350
  C:01D2H         LINE#         351
  C:01D2H         LINE#         353
  C:01D2H         LINE#         354
  C:01D2H         LINE#         355
  C:01D5H         LINE#         356
  C:01D5H         LINE#         357
  C:01E1H         LINE#         358
  C:01E4H         LINE#         360
  C:01E4H         LINE#         361
  C:01E4H         LINE#         363
  C:01E4H         LINE#         364
  C:01E4H         LINE#         366
  C:01E4H         LINE#         367
  C:01E4H         LINE#         368
  C:01E7H         LINE#         369
  C:01E7H         LINE#         370
  C:01F3H         LINE#         371
  C:01F6H         LINE#         373
  C:01FCH         LINE#         374
  C:01FFH         LINE#         376
  C:0205H         LINE#         377
  C:0208H         LINE#         379
  C:0208H         LINE#         380
  C:0208H         LINE#         381
  C:020BH         LINE#         382
  C:020BH         LINE#         383
  C:0217H         LINE#         384
  C:021AH         LINE#         386
  C:021AH         LINE#         387
  C:021AH         LINE#         389
  C:021AH         LINE#         390
  C:021AH         LINE#         392
  C:021AH         LINE#         393
  C:021AH         LINE#         394
  C:021DH         LINE#         395
  C:021DH         LINE#         396
  C:0229H         LINE#         397
  C:022CH         LINE#         399
  C:022CH         LINE#         400
  C:022CH         LINE#         402
  C:022CH         LINE#         403
  C:022CH         LINE#         405
  C:022CH         LINE#         406
  C:022CH         LINE#         407
  C:022FH         LINE#         408
  C:022FH         LINE#         409
  C:0232H         LINE#         410
  C:0232H         LINE#         411
  C:0232H         LINE#         412
  C:023EH         LINE#         413
  C:0241H         LINE#         415
BL51 BANKED LINKER/LOCATER V6.22                                                      08/15/2017  22:44:10  PAGE 28


  C:0241H         LINE#         416
  C:0241H         LINE#         418
  C:0241H         LINE#         419
  C:0241H         LINE#         421
  C:0241H         LINE#         422
  C:0241H         LINE#         423
  C:0244H         LINE#         424
  C:0244H         LINE#         425
  C:0250H         LINE#         426
  C:0253H         LINE#         428
  C:0259H         LINE#         429
  C:025CH         LINE#         431
  C:0262H         LINE#         432
  C:0265H         LINE#         434
  C:0265H         LINE#         435
  C:0265H         LINE#         436
  C:0268H         LINE#         437
  C:0268H         LINE#         438
  C:0274H         LINE#         439
  C:0277H         LINE#         441
  C:027DH         LINE#         442
  C:0280H         LINE#         444
  C:0280H         LINE#         445
  C:0280H         LINE#         447
  C:0280H         LINE#         448
  C:0280H         LINE#         449
  C:0283H         LINE#         450
  C:0283H         LINE#         451
  C:028FH         LINE#         452
  C:0292H         LINE#         454
  C:0298H         LINE#         455
  C:029BH         LINE#         457
  C:02A1H         LINE#         458
  C:02A4H         LINE#         460
  C:02A4H         LINE#         461
  C:02A4H         LINE#         462
  C:02A7H         LINE#         463
  C:02A7H         LINE#         464
  C:02B3H         LINE#         465
  C:02B6H         LINE#         467
  C:02BCH         LINE#         468
  C:02BFH         LINE#         470
  C:02BFH         LINE#         471
  C:02BFH         LINE#         473
  C:02BFH         LINE#         474
  C:02BFH         LINE#         475
  C:02C2H         LINE#         476
  C:02C2H         LINE#         477
  C:02CEH         LINE#         478
  C:02D1H         LINE#         480
  C:02D7H         LINE#         481
  C:02DAH         LINE#         483
  C:02E0H         LINE#         484
  C:02E3H         LINE#         486
  C:02E3H         LINE#         487
  C:02E3H         LINE#         488
  C:02E6H         LINE#         489
BL51 BANKED LINKER/LOCATER V6.22                                                      08/15/2017  22:44:10  PAGE 29


  C:02E6H         LINE#         490
  C:02F2H         LINE#         491
  C:02F5H         LINE#         493
  C:02FBH         LINE#         494
  C:02FEH         LINE#         496
  C:02FEH         LINE#         497
  C:02FEH         LINE#         499
  C:02FEH         LINE#         500
  C:02FEH         LINE#         501
  C:0301H         LINE#         502
  C:0301H         LINE#         503
  C:030DH         LINE#         504
  C:0310H         LINE#         506
  C:0316H         LINE#         507
  C:0319H         LINE#         509
  C:031FH         LINE#         510
  C:0322H         LINE#         512
  C:0322H         LINE#         513
  C:0322H         LINE#         514
  C:0325H         LINE#         515
  C:0325H         LINE#         516
  C:0331H         LINE#         517
  C:0334H         LINE#         519
  C:033AH         LINE#         520
  C:033DH         LINE#         522
  C:0343H         LINE#         523
  C:0346H         LINE#         525
  C:0346H         LINE#         526
  C:0346H         LINE#         527
  C:0349H         LINE#         528
  C:0349H         LINE#         529
  C:0355H         LINE#         530
  C:0358H         LINE#         532
  C:035EH         LINE#         533
  C:0361H         LINE#         535
  C:0367H         LINE#         536
  C:036AH         LINE#         538
  C:036AH         LINE#         539
  C:036AH         LINE#         540
  C:036DH         LINE#         541
  C:036DH         LINE#         542
  C:0379H         LINE#         543
  C:037CH         LINE#         545
  C:0382H         LINE#         546
  C:0385H         LINE#         548
  C:038BH         LINE#         549
  C:038EH         LINE#         551
  C:038EH         LINE#         552
  C:038EH         LINE#         553
  C:0391H         LINE#         554
  C:0391H         LINE#         555
  C:039DH         LINE#         556
  C:03A0H         LINE#         558
  C:03A6H         LINE#         559
  C:03A9H         LINE#         561
  C:03AFH         LINE#         562
  C:03B2H         LINE#         564
BL51 BANKED LINKER/LOCATER V6.22                                                      08/15/2017  22:44:10  PAGE 30


  C:03B2H         LINE#         565
  C:03B2H         LINE#         566
  C:03B5H         LINE#         567
  C:03B5H         LINE#         568
  C:03C1H         LINE#         569
  C:03C4H         LINE#         571
  C:03CAH         LINE#         572
  C:03CDH         LINE#         574
  C:03D3H         LINE#         575
  C:03D6H         LINE#         577
  C:03D6H         LINE#         578
  C:03D6H         LINE#         579
  C:03D9H         LINE#         580
  C:03D9H         LINE#         581
  C:03E5H         LINE#         582
  C:03E8H         LINE#         584
  C:03EEH         LINE#         585
  C:03F1H         LINE#         587
  C:03F7H         LINE#         588
  C:03FAH         LINE#         590
  C:03FAH         LINE#         591
  C:03FAH         LINE#         592
  C:03FDH         LINE#         593
  C:03FDH         LINE#         594
  C:0409H         LINE#         595
  C:040CH         LINE#         597
  C:0412H         LINE#         598
  C:0415H         LINE#         600
  C:041BH         LINE#         601
  C:041EH         LINE#         603
  C:041EH         LINE#         604
  C:041EH         LINE#         605
  C:0421H         LINE#         606
  C:0421H         LINE#         607
  C:042DH         LINE#         608
  C:0430H         LINE#         610
  C:0436H         LINE#         611
  C:0439H         LINE#         613
  C:043FH         LINE#         614
  C:0442H         LINE#         616
  C:0442H         LINE#         617
  C:0442H         LINE#         618
  C:0445H         LINE#         619
  C:0445H         LINE#         620
  C:0451H         LINE#         621
  C:0454H         LINE#         623
  C:045AH         LINE#         624
  C:045DH         LINE#         626
  C:0463H         LINE#         627
  C:0466H         LINE#         629
  C:0466H         LINE#         630
  C:0466H         LINE#         631
  C:0469H         LINE#         632
  C:0469H         LINE#         633
  C:0475H         LINE#         634
  C:0478H         LINE#         636
  C:047EH         LINE#         637
BL51 BANKED LINKER/LOCATER V6.22                                                      08/15/2017  22:44:10  PAGE 31


  C:0481H         LINE#         639
  C:0487H         LINE#         640
  C:048AH         LINE#         642
  C:0490H         LINE#         643
  C:0493H         LINE#         644
  C:0494H         LINE#         645
  C:0494H         LINE#         646
  C:0494H         LINE#         647
  C:0494H         LINE#         648
  C:04A0H         LINE#         649
  C:04A3H         LINE#         651
  C:04A9H         LINE#         652
  C:04ACH         LINE#         654
  C:04B2H         LINE#         655
  C:04B5H         LINE#         657
  C:04B5H         LINE#         658
  C:04B5H         LINE#         659
  C:04B8H         LINE#         660
  C:04B8H         LINE#         661
  C:04C4H         LINE#         662
  C:04C7H         LINE#         664
  C:04CDH         LINE#         665
  C:04D0H         LINE#         667
  C:04D6H         LINE#         668
  C:04D9H         LINE#         670
  C:04D9H         LINE#         671
  C:04D9H         LINE#         672
  C:04DCH         LINE#         673
  C:04DCH         LINE#         674
  C:04E8H         LINE#         675
  C:04EBH         LINE#         677
  C:04F1H         LINE#         678
  C:04F4H         LINE#         680
  C:04FAH         LINE#         681
  C:04FDH         LINE#         683
  C:0503H         LINE#         684
  C:0506H         LINE#         685
  C:0507H         LINE#         686
  C:0507H         LINE#         687
  C:0513H         LINE#         688
  C:0516H         LINE#         690
  C:051CH         LINE#         691
  C:051FH         LINE#         693
  C:0525H         LINE#         694
  C:0528H         LINE#         696
  C:0528H         LINE#         697
  C:0528H         LINE#         698
  C:052BH         LINE#         699
  C:052BH         LINE#         700
  C:0537H         LINE#         701
  C:053AH         LINE#         703
  C:0540H         LINE#         704
  C:0543H         LINE#         706
[...]
  C:2125H         LINE#         185
  C:2128H         LINE#         186
  C:212BH         LINE#         189
  C:2143H         LINE#         194
  C:2145H         LINE#         195
  -------         ENDPROC       _INITIALUART0_TIMER1_TYPE3
  -------         PROC          _INITIALUART0_TIMER1_TYPE4
  D:0004H         SYMBOL        u32Baudrate
  C:2146H         LINE#         200
  C:2146H         LINE#         201
  C:2146H         LINE#         202
  C:2149H         LINE#         203
  C:214CH         LINE#         205
  C:214FH         LINE#         206
  C:2152H         LINE#         207
  C:2155H         LINE#         210
  C:216DH         LINE#         215
  C:216FH         LINE#         216
  -------         ENDPROC       _INITIALUART0_TIMER1_TYPE4
  -------         PROC          _INITIALUART0_TIMER3_TYPE5
  X:00A6H         SYMBOL        u32Baudrate
  C:1BFDH         LINE#         218
  C:1C03H         LINE#         219
  C:1C03H         LINE#         220
  C:1C06H         LINE#         221
  C:1C09H         LINE#         222
  C:1C0CH         LINE#         223
  C:1C0FH         LINE#         226
  C:1C3DH         LINE#         227
  C:1C5CH         LINE#         233
  C:1C5FH         LINE#         234
  -------         ENDPROC       _INITIALUART0_TIMER3_TYPE5
  -------         PROC          _INITIALUART0_TIMER3_TYPE6
  X:00AAH         SYMBOL        u32Baudrate
  C:1C60H         LINE#         236
  C:1C66H         LINE#         237
  C:1C66H         LINE#         238
  C:1C69H         LINE#         239
  C:1C6CH         LINE#         240
  C:1C6FH         LINE#         241
  C:1C72H         LINE#         244
  C:1CA0H         LINE#         245
  C:1CBFH         LINE#         251
  C:1CC2H         LINE#         252
  -------         ENDPROC       _INITIALUART0_TIMER3_TYPE6
  -------         PROC          _INITIALUART1_TIMER3
  X:00AEH         SYMBOL        u32Baudrate
  C:1DE3H         LINE#         254
  C:1DE9H         LINE#         255
  C:1DE9H         LINE#         256
  C:1DECH         LINE#         257
  C:1DEFH         LINE#         260
  C:1E1DH         LINE#         261
  C:1E3CH         LINE#         267
  C:1E3FH         LINE#         268
  -------         ENDPROC       _INITIALUART1_TIMER3
BL51 BANKED LINKER/LOCATER V6.22                                                      08/15/2017  22:44:10  PAGE 52


  -------         PROC          RECEIVE_DATA_FROM_UART0
  -------         DO            
  D:0007H         SYMBOL        c
  -------         ENDDO         
  C:0003H         LINE#         280
  C:0003H         LINE#         283
  C:0006H         LINE#         285
  C:0008H         LINE#         286
  C:000AH         LINE#         287
  C:000AH         LINE#         288
  -------         ENDPROC       RECEIVE_DATA_FROM_UART0
  -------         PROC          _SEND_DATA_TO_UART0
  D:0007H         SYMBOL        c
  C:2669H         LINE#         300
  C:2669H         LINE#         301
  C:266BH         LINE#         302
  C:266DH         LINE#         303
  C:2670H         LINE#         305
  -------         ENDPROC       _SEND_DATA_TO_UART0
  -------         PROC          RECEIVE_DATA_FROM_UART1
  -------         DO            
  D:0007H         SYMBOL        c
  -------         ENDDO         
  C:2671H         LINE#         317
  C:2671H         LINE#         320
  C:2674H         LINE#         322
  C:2676H         LINE#         323
  C:2678H         LINE#         324
  C:2678H         LINE#         325
  -------         ENDPROC       RECEIVE_DATA_FROM_UART1
  -------         PROC          _SEND_DATA_TO_UART1
  D:0007H         SYMBOL        c
  C:2679H         LINE#         337
  C:2679H         LINE#         338
  C:267BH         LINE#         339
  C:267DH         LINE#         340
  C:2680H         LINE#         342
  -------         ENDPROC       _SEND_DATA_TO_UART1
  -------         PROC          SET_ALL_GPIO_QUASI_MODE
  C:242BH         LINE#         344
  C:242BH         LINE#         345
  C:242EH         LINE#         346
  C:2430H         LINE#         347
  C:2432H         LINE#         348
  C:2434H         LINE#         349
  C:2436H         LINE#         350
  C:2438H         LINE#         351
  C:243AH         LINE#         352
  C:243CH         LINE#         353
  C:243EH         LINE#         354
  C:2440H         LINE#         355
  C:2442H         LINE#         356
  C:2444H         LINE#         357
  -------         ENDPROC       SET_ALL_GPIO_QUASI_MODE
  -------         PROC          SET_ALL_GPIO_INPUT_MODE
  C:239AH         LINE#         359
  C:239AH         LINE#         360
BL51 BANKED LINKER/LOCATER V6.22                                                      08/15/2017  22:44:10  PAGE 53


  C:239DH         LINE#         361
  C:23A0H         LINE#         362
  C:23A3H         LINE#         363
  C:23A5H         LINE#         364
  C:23A8H         LINE#         365
  C:23AAH         LINE#         366
  C:23ADH         LINE#         367
  C:23AFH         LINE#         368
  C:23B2H         LINE#         369
  C:23B4H         LINE#         370
  C:23B7H         LINE#         371
  C:23B9H         LINE#         372
  -------         ENDPROC       SET_ALL_GPIO_INPUT_MODE
  -------         PROC          SW_RESET
  C:2445H         LINE#         375
  C:2445H         LINE#         376
  C:2448H         LINE#         377
  C:244BH         LINE#         378
  C:245EH         LINE#         380
  -------         ENDPROC       SW_RESET
  -------         PROC          FSYS_CLOCK_OUTPUT_ON_P26
  C:2737H         LINE#         382
  C:2737H         LINE#         383
  C:273AH         LINE#         384
  -------         ENDPROC       FSYS_CLOCK_OUTPUT_ON_P26
  -------         PROC          _PUTCHAR
  D:0007H         SYMBOL        c
  C:2010H         LINE#         393
  C:2010H         LINE#         431
  C:2015H         LINE#         432
  C:2018H         LINE#         433
  C:201DH         LINE#         434
  C:201DH         LINE#         435
  C:201FH         LINE#         436
  C:2022H         LINE#         438
  C:2027H         LINE#         439
  C:2029H         LINE#         440
  C:2029H         LINE#         441
  C:2029H         LINE#         442
  C:202CH         LINE#         444
  C:202EH         LINE#         445
  C:2031H         LINE#         446
  C:2031H         LINE#         447
  C:2034H         LINE#         448
  C:2039H         LINE#         449
  C:2039H         LINE#         450
  C:203BH         LINE#         451
  C:203EH         LINE#         453
  C:2043H         LINE#         454
  C:2045H         LINE#         455
  C:2045H         LINE#         456
  C:2045H         LINE#         457
  C:2048H         LINE#         459
  C:204AH         LINE#         460
  C:204CH         LINE#         462
  -------         ENDPROC       _PUTCHAR
  -------         ENDMOD        COMMON
BL51 BANKED LINKER/LOCATER V6.22                                                      08/15/2017  22:44:10  PAGE 54



  -------         MODULE        DELAY
  C:0000H         SYMBOL        _ICE_DUMMY_
  D:0080H         PUBLIC        P0
  D:0090H         PUBLIC        P1
  D:00A0H         PUBLIC        P2
  D:00B0H         PUBLIC        P3
  D:008FH         PUBLIC        WKCON
  D:00D8H         PUBLIC        P5
  D:00A8H         PUBLIC        IE
  D:00B8H         PUBLIC        IP
  C:1E9BH         PUBLIC        _Timer0_Delay1ms
  C:1EF4H         PUBLIC        _Timer1_Delay1ms
  C:1E40H         PUBLIC        _Timer3_Delay1ms
  D:0098H         PUBLIC        SCON
  D:0089H         PUBLIC        TMOD
  D:0088H         PUBLIC        TCON
  C:1B01H         PUBLIC        _?Random_Delay
  C:2379H         PUBLIC        _Delay10us
  D:00F8H         PUBLIC        SCON_1
  B:0088H.5       PUBLIC        TF0
  B:0088H.7       PUBLIC        TF1
  D:008CH         PUBLIC        TH0
  D:00C6H         PUBLIC        R3H
  D:008DH         PUBLIC        TH1
  D:008AH         PUBLIC        TL0
  C:1CC3H         PUBLIC        _WakeUp_Timer_Delay25ms
  D:00C5H         PUBLIC        R3L
  D:008BH         PUBLIC        TL1
  B:0088H.4       PUBLIC        TR0
  B:0088H.6       PUBLIC        TR1
  D:00E8H         PUBLIC        ADCCON0
  D:00C0H         PUBLIC        I2CON
  D:00C8H         PUBLIC        T2CON
  D:00C4H         PUBLIC        T3CON
  D:008EH         PUBLIC        CKCON
  D:0086H         PUBLIC        RWK
  D:00D0H         PUBLIC        PSW
  -------         PROC          _?RANDOM_DELAY
  -------         DO            
  x:0000H         SYMBOL        u32CNT
  x:0004H         SYMBOL        u32Tmp
  -------         ENDDO         
  C:1B01H         LINE#         36
  C:1B07H         LINE#         37
  C:1B07H         LINE#         41
  C:1B32H         LINE#         42
  C:1B32H         LINE#         43
  C:1B57H         LINE#         44
  C:1B7EH         LINE#         45
  -------         ENDPROC       _?RANDOM_DELAY
  -------         PROC          _DELAY10US
  D:0006H         SYMBOL        u16CNT
  C:2379H         LINE#         47
  C:2379H         LINE#         48
  C:237CH         LINE#         49
  C:237FH         LINE#         50
BL51 BANKED LINKER/LOCATER V6.22                                                      08/15/2017  22:44:10  PAGE 55


  C:2381H         LINE#         51
  C:2385H         LINE#         52
  C:2388H         LINE#         53
  C:238BH         LINE#         54
  C:238EH         LINE#         56
  C:2390H         LINE#         57
  C:2395H         LINE#         58
  C:2397H         LINE#         59
  C:2399H         LINE#         60
  -------         ENDPROC       _DELAY10US
  -------         PROC          _TIMER0_DELAY1MS
  X:00B2H         SYMBOL        u32CNT
  C:1E9BH         LINE#         62
  C:1EA1H         LINE#         63
  C:1EA4H         LINE#         64
  C:1EA7H         LINE#         65
  C:1EA9H         LINE#         66
  C:1EC2H         LINE#         67
  C:1EC5H         LINE#         68
  C:1EC8H         LINE#         69
  C:1ECBH         LINE#         71
  C:1ECDH         LINE#         72
  C:1EEFH         LINE#         73
  C:1EF1H         LINE#         74
  C:1EF3H         LINE#         75
  -------         ENDPROC       _TIMER0_DELAY1MS
  -------         PROC          _TIMER1_DELAY1MS
  X:00B6H         SYMBOL        u32CNT
  C:1EF4H         LINE#         77
  C:1EFAH         LINE#         78
  C:1EFDH         LINE#         79
  C:1F00H         LINE#         80
  C:1F02H         LINE#         81
  C:1F1BH         LINE#         82
  C:1F1EH         LINE#         83
  C:1F21H         LINE#         84
  C:1F24H         LINE#         86
  C:1F26H         LINE#         87
  C:1F48H         LINE#         88
  C:1F4AH         LINE#         89
  C:1F4CH         LINE#         90
  -------         ENDPROC       _TIMER1_DELAY1MS
  -------         PROC          _TIMER3_DELAY1MS
  X:00BAH         SYMBOL        u32CNT
  C:1E40H         LINE#         92
  C:1E46H         LINE#         93
  C:1E49H         LINE#         94
  C:1E4CH         LINE#         95
  C:1E65H         LINE#         96
  C:1E68H         LINE#         97
  C:1E6BH         LINE#         98
  C:1E70H         LINE#         100
  C:1E73H         LINE#         101
  C:1E95H         LINE#         102
  C:1E97H         LINE#         103
  C:1E9AH         LINE#         104
  -------         ENDPROC       _TIMER3_DELAY1MS
BL51 BANKED LINKER/LOCATER V6.22                                                      08/15/2017  22:44:10  PAGE 56


  -------         PROC          _WAKEUP_TIMER_DELAY25MS
  X:00BEH         SYMBOL        u32CNT
  C:1CC3H         LINE#         106
  C:1CC9H         LINE#         107
  C:1CC9H         LINE#         108
  C:1CCCH         LINE#         109
  C:1CCFH         LINE#         110
  C:1CD2H         LINE#         112
  C:1CD5H         LINE#         114
  C:1CD8H         LINE#         115
  C:1CDBH         LINE#         116
  C:1CF4H         LINE#         117
  C:1CF9H         LINE#         119
  C:1CFCH         LINE#         120
  C:1D1EH         LINE#         121
  C:1D20H         LINE#         122
  C:1D23H         LINE#         123
  -------         ENDPROC       _WAKEUP_TIMER_DELAY25MS
  -------         ENDMOD        DELAY

  -------         MODULE        VERSION
  C:0000H         SYMBOL        _ICE_DUMMY_
  D:0080H         PUBLIC        P0
  D:0090H         PUBLIC        P1
  D:00A0H         PUBLIC        P2
  D:00B0H         PUBLIC        P3
  D:00D8H         PUBLIC        P5
  D:00A8H         PUBLIC        IE
  D:00B8H         PUBLIC        IP
  D:0098H         PUBLIC        SCON
  D:0088H         PUBLIC        TCON
  D:00F8H         PUBLIC        SCON_1
  C:1D84H         PUBLIC        Show_FW_Version_Number_To_PC
  D:00E8H         PUBLIC        ADCCON0
  D:00C0H         PUBLIC        I2CON
  D:00C8H         PUBLIC        T2CON
  D:00D0H         PUBLIC        PSW
  -------         PROC          SHOW_FW_VERSION_NUMBER_TO_PC
  C:1D84H         LINE#         32
  C:1D84H         LINE#         33
  C:1D84H         LINE#         34
  C:1D8DH         LINE#         35
  C:1D96H         LINE#         36
  C:1D9FH         LINE#         37
  C:1DB9H         LINE#         38
  C:1DDAH         LINE#         39
  -------         ENDPROC       SHOW_FW_VERSION_NUMBER_TO_PC
  -------         ENDMOD        VERSION

  -------         MODULE        ?C_STARTUP
  C:1A67H         SEGMENT       ?C_C51STARTUP
  I:0092H         SEGMENT       ?STACK
  C:0000H         PUBLIC        ?C_STARTUP
  D:00E0H         SYMBOL        ACC
  D:00F0H         SYMBOL        B
  D:0083H         SYMBOL        DPH
  D:0082H         SYMBOL        DPL
BL51 BANKED LINKER/LOCATER V6.22                                                      08/15/2017  22:44:10  PAGE 57


  N:0000H         SYMBOL        IBPSTACK
  N:0100H         SYMBOL        IBPSTACKTOP
  N:0080H         SYMBOL        IDATALEN
  C:1A6AH         SYMBOL        IDATALOOP
  N:0000H         SYMBOL        PBPSTACK
  N:0000H         SYMBOL        PBPSTACKTOP
  N:0000H         SYMBOL        PDATALEN
  N:0000H         SYMBOL        PDATASTART
  N:0000H         SYMBOL        PPAGE
  N:0000H         SYMBOL        PPAGEENABLE
  D:00A0H         SYMBOL        PPAGE_SFR
  D:0081H         SYMBOL        SP
  C:1A67H         SYMBOL        STARTUP1
  N:0000H         SYMBOL        XBPSTACK
  N:0000H         SYMBOL        XBPSTACKTOP
  N:00FFH         SYMBOL        XDATALEN
  C:1A75H         SYMBOL        XDATALOOP
  N:0000H         SYMBOL        XDATASTART
  C:0000H         LINE#         92
  C:1A67H         LINE#         99
  C:1A69H         LINE#         100
  C:1A6AH         LINE#         101
  C:1A6BH         LINE#         102
  C:1A6DH         LINE#         106
  C:1A70H         LINE#         107
  C:1A72H         LINE#         109
  C:1A74H         LINE#         113
  C:1A75H         LINE#         114
  C:1A76H         LINE#         115
  C:1A77H         LINE#         116
  C:1A79H         LINE#         117
  C:1A7BH         LINE#         151
  C:1A7EH         LINE#         155
  -------         ENDMOD        ?C_STARTUP

  -------         MODULE        ?C?COPY
  C:098CH         PUBLIC        ?C?COPY
  -------         ENDMOD        ?C?COPY

  -------         MODULE        ?C?CLDOPTR
  C:09B2H         PUBLIC        ?C?CLDOPTR
  -------         ENDMOD        ?C?CLDOPTR

  -------         MODULE        ?C?CILDOPTR
  C:09DFH         PUBLIC        ?C?CILDOPTR
  -------         ENDMOD        ?C?CILDOPTR

  -------         MODULE        ?C?CSTPTR
  C:0A12H         PUBLIC        ?C?CSTPTR
  -------         ENDMOD        ?C?CSTPTR

  -------         MODULE        ?C?CSTOPTR
  C:0A24H         PUBLIC        ?C?CSTOPTR
  -------         ENDMOD        ?C?CSTOPTR

  -------         MODULE        ?C?IILDX
  C:0A46H         PUBLIC        ?C?IILDX
BL51 BANKED LINKER/LOCATER V6.22                                                      08/15/2017  22:44:10  PAGE 58


  -------         ENDMOD        ?C?IILDX

  -------         MODULE        ?C?ILDOPTR
  C:0A5CH         PUBLIC        ?C?ILDOPTR
  -------         ENDMOD        ?C?ILDOPTR

  -------         MODULE        ?C?IILDOPTR
  C:0A94H         PUBLIC        ?C?IILDOPTR
  -------         ENDMOD        ?C?IILDOPTR

  -------         MODULE        ?C?ISTOPTR
  C:0AE1H         PUBLIC        ?C?ISTOPTR
  -------         ENDMOD        ?C?ISTOPTR

  -------         MODULE        ?C?ULDIV
  C:0B4AH         PUBLIC        ?C?ULDIV
  -------         ENDMOD        ?C?ULDIV

  -------         MODULE        ?C?ULCMP
  C:0BDCH         PUBLIC        ?C?ULCMP
  -------         ENDMOD        ?C?ULCMP

  -------         MODULE        ?C?ULSHR
  C:0BEDH         PUBLIC        ?C?ULSHR
  -------         ENDMOD        ?C?ULSHR

  -------         MODULE        ?C?LSTXDATA
  C:0C00H         PUBLIC        ?C?LSTXDATA
  -------         ENDMOD        ?C?LSTXDATA

  -------         MODULE        ?C?LSTKXDATA
  C:0C0CH         PUBLIC        ?C?LSTKXDATA
  -------         ENDMOD        ?C?LSTKXDATA

  -------         MODULE        ?C?PLDPTR
  C:0C3DH         PUBLIC        ?C?PLDPTR
  -------         ENDMOD        ?C?PLDPTR

  -------         MODULE        ?C?CCASE
  C:0C5DH         PUBLIC        ?C?CCASE
  -------         ENDMOD        ?C?CCASE

  -------         MODULE        ?C?ICALL
  C:0C83H         PUBLIC        ?C?ICALL
  C:0C87H         PUBLIC        ?C?ICALL2
  -------         ENDMOD        ?C?ICALL

  -------         MODULE        ?C_XBP
  D:000DH         PUBLIC        ?C_XBP
  -------         ENDMOD        ?C_XBP

  -------         MODULE        ?C?ADDXBP
  C:0C89H         PUBLIC        ?C?ADDXBP
  -------         ENDMOD        ?C?ADDXBP

  -------         MODULE        ?C?XBPOFF
  C:0CADH         PUBLIC        ?C?XBPOFF
BL51 BANKED LINKER/LOCATER V6.22                                                      08/15/2017  22:44:10  PAGE 59


  -------         ENDMOD        ?C?XBPOFF

  -------         MODULE        PRINTF
  X:0011H         PUBLIC        ?_PRINTF517?BYTE
  X:0011H         PUBLIC        ?_PRINTF?BYTE
  X:0011H         PUBLIC        ?_SPRINTF517?BYTE
  X:0011H         PUBLIC        ?_SPRINTF?BYTE
  C:0D85H         PUBLIC        _PRINTF
  C:0D85H         PUBLIC        _PRINTF517
  C:0D7FH         PUBLIC        _SPRINTF
  C:0D7FH         PUBLIC        _SPRINTF517
  -------         ENDMOD        PRINTF

  -------         MODULE        STRLEN
  C:24D2H         PUBLIC        _STRLEN
  -------         ENDMOD        STRLEN

  -------         MODULE        ?C?CLDPTR
  C:0CBAH         PUBLIC        ?C?CLDPTR
  -------         ENDMOD        ?C?CLDPTR

  -------         MODULE        ?C?PLDIDATA
  C:0CD3H         PUBLIC        ?C?PLDIDATA
  -------         ENDMOD        ?C?PLDIDATA

  -------         MODULE        ?C?PLDXDATA
  C:0CDCH         PUBLIC        ?C?PLDXDATA
  -------         ENDMOD        ?C?PLDXDATA

  -------         MODULE        ?C?PLDIXDATA
  C:0CE5H         PUBLIC        ?C?PLDIXDATA
  -------         ENDMOD        ?C?PLDIXDATA

  -------         MODULE        ?C?PSTXDATA
  C:0CFCH         PUBLIC        ?C?PSTXDATA
  -------         ENDMOD        ?C?PSTXDATA

  -------         MODULE        ?C?PLDPDATA
  C:0D05H         PUBLIC        ?C?PLDPDATA
  -------         ENDMOD        ?C?PLDPDATA

  -------         MODULE        ?C?PLDCODE
  C:0D0EH         PUBLIC        ?C?PLDCODE
  -------         ENDMOD        ?C?PLDCODE

Program Size: data=136.6 xdata=200 code=10066
LINK/LOCATE RUN COMPLETE.  0 WARNING(S),  0 ERROR(S)
