BL51 BANKED LINKER/LOCATER V6.22                                                        12/16/2017  12:36:15  PAGE 1


BL51 BANKED LINKER/LOCATER V6.22, INVOKED BY:
C:\KEIL_V5\C51\BIN\BL51.EXE .\Out\Objects\main.obj, .\Out\Objects\app_key.obj, .\Out\Objects\app_work.obj, .\Out\Objects
>> \app_repeat_exe.obj, .\Out\Objects\app_2d4.obj, .\Out\Objects\app_lcd.obj, .\Out\Objects\app_eeprom.obj, .\Out\Object
>> s\bsp.obj, .\Out\Objects\bsp_key.obj, .\Out\Objects\bsp_display.obj, .\Out\Objects\bsp_timer0.obj, .\Out\Objects\bsp_
>> adc.obj, .\Out\Objects\bsp_keyBright.obj, .\Out\Objects\bsp_lcdBright.obj, .\Out\Objects\bsp_2d4.obj, .\Out\Objects\b
>> sp_eeprom.obj, .\Out\Objects\Common.obj, .\Out\Objects\Delay.obj, .\Out\Objects\Version.obj, .\Out\Objects\STARTUP.ob
>> j TO .\Out\Objects\project PRINT (.\Out\Listings\project.m51) RAMSIZE (256) DISABLEWARNING (16)


MEMORY MODEL: LARGE


INPUT MODULES INCLUDED:
  .\Out\Objects\main.obj (MAIN)
  .\Out\Objects\app_key.obj (APP_KEY)
  .\Out\Objects\app_work.obj (APP_WORK)
  .\Out\Objects\app_repeat_exe.obj (APP_REPEAT_EXE)
  .\Out\Objects\app_2d4.obj (APP_2D4)
  .\Out\Objects\app_lcd.obj (APP_LCD)
  .\Out\Objects\app_eeprom.obj (APP_EEPROM)
  .\Out\Objects\bsp.obj (BSP)
  .\Out\Objects\bsp_key.obj (BSP_KEY)
  .\Out\Objects\bsp_display.obj (BSP_DISPLAY)
  .\Out\Objects\bsp_timer0.obj (BSP_TIMER0)
  .\Out\Objects\bsp_adc.obj (BSP_ADC)
  .\Out\Objects\bsp_keyBright.obj (BSP_KEYBRIGHT)
  .\Out\Objects\bsp_lcdBright.obj (BSP_LCDBRIGHT)
  .\Out\Objects\bsp_2d4.obj (BSP_2D4)
  .\Out\Objects\bsp_eeprom.obj (BSP_EEPROM)
  .\Out\Objects\Common.obj (COMMON)
  .\Out\Objects\Delay.obj (DELAY)
  .\Out\Objects\Version.obj (VERSION)
  .\Out\Objects\STARTUP.obj (?C_STARTUP)
  C:\KEIL_V5\C51\LIB\C51L.LIB (?C_INIT)
  C:\KEIL_V5\C51\LIB\C51L.LIB (?C?COPY)
  C:\KEIL_V5\C51\LIB\C51L.LIB (?C?CLDPTR)
  C:\KEIL_V5\C51\LIB\C51L.LIB (?C?CLDOPTR)
  C:\KEIL_V5\C51\LIB\C51L.LIB (?C?CILDOPTR)
  C:\KEIL_V5\C51\LIB\C51L.LIB (?C?CSTOPTR)
  C:\KEIL_V5\C51\LIB\C51L.LIB (?C?IILDX)
  C:\KEIL_V5\C51\LIB\C51L.LIB (?C?ILDOPTR)
  C:\KEIL_V5\C51\LIB\C51L.LIB (?C?IILDOPTR)
  C:\KEIL_V5\C51\LIB\C51L.LIB (?C?ISTOPTR)
  C:\KEIL_V5\C51\LIB\C51L.LIB (?C?ULDIV)
  C:\KEIL_V5\C51\LIB\C51L.LIB (?C?ULCMP)
  C:\KEIL_V5\C51\LIB\C51L.LIB (?C?ULSHR)
  C:\KEIL_V5\C51\LIB\C51L.LIB (?C?LSTXDATA)
  C:\KEIL_V5\C51\LIB\C51L.LIB (?C?LSTKXDATA)
  C:\KEIL_V5\C51\LIB\C51L.LIB (?C?PLDPTR)
  C:\KEIL_V5\C51\LIB\C51L.LIB (?C?CCASE)
  C:\KEIL_V5\C51\LIB\C51L.LIB (?C?ICALL)
  C:\KEIL_V5\C51\LIB\C51L.LIB (?C_XBP)
  C:\KEIL_V5\C51\LIB\C51L.LIB (?C?ADDXBP)
  C:\KEIL_V5\C51\LIB\C51L.LIB (?C?XBPOFF)
  C:\KEIL_V5\C51\LIB\C51L.LIB (PRINTF)
  C:\KEIL_V5\C51\LIB\C51L.LIB (?C?STRCPY)
  C:\KEIL_V5\C51\LIB\C51L.LIB (STRNCPY)
  C:\KEIL_V5\C51\LIB\C51L.LIB (STRLEN)
BL51 BANKED LINKER/LOCATER V6.22                                                      12/16/2017  12:36:15  PAGE 2


  C:\KEIL_V5\C51\LIB\C51L.LIB (?C?MEMSET)
  C:\KEIL_V5\C51\LIB\C51L.LIB (?C?CSTPTR)
  C:\KEIL_V5\C51\LIB\C51L.LIB (?C?ILDIX)
  C:\KEIL_V5\C51\LIB\C51L.LIB (?C?PLDIDATA)
  C:\KEIL_V5\C51\LIB\C51L.LIB (?C?PLDXDATA)
  C:\KEIL_V5\C51\LIB\C51L.LIB (?C?PLDIXDATA)
  C:\KEIL_V5\C51\LIB\C51L.LIB (?C?PSTXDATA)
  C:\KEIL_V5\C51\LIB\C51L.LIB (?C?PLDPDATA)
  C:\KEIL_V5\C51\LIB\C51L.LIB (?C?PLDCODE)


LINK MAP OF MODULE:  .\Out\Objects\project (MAIN)


            TYPE    BASE      LENGTH    RELOCATION   SEGMENT NAME
            -----------------------------------------------------

            * * * * * * *   D A T A   M E M O R Y   * * * * * * *
            REG     0000H     0008H     ABSOLUTE     "REG BANK 0"
            DATA    0008H     0005H     UNIT         _DATA_GROUP_
            DATA    000DH     0002H     UNIT         ?C?LIB_DATA
            IDATA   000FH     000AH     UNIT         _IDATA_GROUP_
            IDATA   0019H     0005H     UNIT         ?ID?BSP_ADC
                    001EH     0002H                  *** GAP ***
            BIT     0020H.0   0001H.1   UNIT         _BIT_GROUP_
            BIT     0021H.1   0000H.1   UNIT         ?BI?APP_2D4
            BIT     0021H.2   0000H.1   UNIT         ?BI?BSP
                    0021H.3   0000H.5                *** GAP ***
            IDATA   0022H     007BH     UNIT         ?ID?BSP_KEY
            IDATA   009DH     0021H     UNIT         ?ID?APP_2D4
            IDATA   00BEH     0008H     UNIT         ?ID?APP_WORK
            IDATA   00C6H     0001H     UNIT         ?STACK

            * * * * * * *  X D A T A   M E M O R Y  * * * * * * *
            XDATA   0000H     0042H     UNIT         _XDATA_GROUP_
            XDATA   0042H     0013H     UNIT         ?XD?_RF_CARRIER?BSP_2D4
            XDATA   0055H     0012H     UNIT         ?XD?APP_REPEAT_EXE
            XDATA   0067H     0011H     UNIT         ?XD?APP_LCD
            XDATA   0078H     0010H     UNIT         ?XD?APP_2D4
            XDATA   0088H     000BH     UNIT         ?XD?BSP_TIMER0
            XDATA   0093H     000AH     UNIT         ?XD?BSP_2D4
            XDATA   009DH     0007H     UNIT         ?XD?BSP_KEY
            XDATA   00A4H     0006H     UNIT         ?XD?_WRITE_DATAFLASH_BUF?BSP_EEPROM
            XDATA   00AAH     0004H     UNIT         ?XD?_INITIALUART0_TIMER3_TYPE5?COMMON
            XDATA   00AEH     0004H     UNIT         ?XD?_INITIALUART0_TIMER3_TYPE6?COMMON
            XDATA   00B2H     0004H     UNIT         ?XD?_INITIALUART1_TIMER3?COMMON
            XDATA   00B6H     0004H     UNIT         ?XD?_TIMER0_DELAY1MS?DELAY
            XDATA   00BAH     0004H     UNIT         ?XD?_TIMER1_DELAY1MS?DELAY
            XDATA   00BEH     0004H     UNIT         ?XD?_TIMER3_DELAY1MS?DELAY
            XDATA   00C2H     0004H     UNIT         ?XD?_WAKEUP_TIMER_DELAY25MS?DELAY
            XDATA   00C6H     0002H     UNIT         ?XD?APP_WORK
            XDATA   00C8H     0001H     UNIT         ?XD?MAIN
            XDATA   00C9H     0001H     UNIT         ?XD?APP_KEY

            * * * * * * *   C O D E   M E M O R Y   * * * * * * *
            CODE    0000H     0003H     ABSOLUTE     
            CODE    0003H     0008H     UNIT         ?PR?_READ_APROM_BYTE?BSP_EEPROM
BL51 BANKED LINKER/LOCATER V6.22                                                      12/16/2017  12:36:15  PAGE 3


            CODE    000BH     0003H     ABSOLUTE     
            CODE    000EH     0045H     UNIT         ?PR?_ERASE_DATAFLASH?BSP_EEPROM
            CODE    0053H     0008H     UNIT         ?PR?RECEIVE_DATA_FROM_UART0?COMMON
            CODE    005BH     0003H     ABSOLUTE     
            CODE    005EH     0BE1H     UNIT         ?PR?_APP_2D4_RCV?APP_2D4
            CODE    0C3FH     08FAH     UNIT         ?PR?_LCD_SHOWCHAR?BSP_DISPLAY
            CODE    1539H     05ECH     UNIT         ?PR?_APP_KEY_PRO?APP_KEY
            CODE    1B25H     0589H     UNIT         ?C?LIB_CODE
            CODE    20AEH     0365H     UNIT         ?PR?PRINTF?PRINTF
            CODE    2413H     0154H     UNIT         ?PR?_BSP_DETECTKEY?BSP_KEY
            CODE    2567H     0145H     UNIT         ?PR?_SYSTEM_CLOCK_SELECT?COMMON
            CODE    26ACH     012EH     UNIT         ?PR?RF_INIT?BSP_2D4
            CODE    27DAH     0112H     UNIT         ?CO?VERSION
            CODE    28ECH     0109H     UNIT         ?CO?APP_2D4
            CODE    29F5H     00E4H     UNIT         ?PR?_LCD_CLEAR_MI?BSP_DISPLAY
            CODE    2AD9H     00E3H     UNIT         ?PR?_RF_CARRIER?BSP_2D4
            CODE    2BBCH     00B8H     UNIT         ?PR?BSP_INITKEYVAR?BSP_KEY
            CODE    2C74H     00B5H     UNIT         ?PR?REPEAT_PRO?APP_REPEAT_EXE
            CODE    2D29H     00ABH     UNIT         ?PR?_WRITE_DATAFLASH_BUF?BSP_EEPROM
            CODE    2DD4H     00A2H     UNIT         ?PR?_LCD_SHOWSTRING?BSP_DISPLAY
            CODE    2E76H     009AH     UNIT         ?C_C51STARTUP
            CODE    2F10H     0086H     UNIT         ?C_INITSEG
            CODE    2F96H     0085H     UNIT         ?PR?APP_2D4_PRO?APP_2D4
            CODE    301BH     0083H     UNIT         ?PR?_?RANDOM_DELAY?DELAY
            CODE    309EH     0079H     UNIT         ?PR?TIMER0_ISR?BSP_TIMER0
            CODE    3117H     006DH     UNIT         ?PR?MAIN?MAIN
            CODE    3184H     006DH     UNIT         ?PR?_WRITE_DATAFLASH_BYTE?BSP_EEPROM
            CODE    31F1H     0068H     UNIT         ?PR?APP_WORK_1S_PRO?APP_WORK
            CODE    3259H     0068H     UNIT         ?PR?_STRNCPY?STRNCPY
            CODE    32C1H     0067H     UNIT         ?PR?_ISKEYDOWN?BSP_KEY
            CODE    3328H     0063H     UNIT         ?PR?_INITIALUART0_TIMER3_TYPE5?COMMON
            CODE    338BH     0063H     UNIT         ?PR?_INITIALUART0_TIMER3_TYPE6?COMMON
            CODE    33EEH     0061H     UNIT         ?PR?_WAKEUP_TIMER_DELAY25MS?DELAY
            CODE    344FH     005FH     UNIT         ?PR?SHOW_FW_VERSION_NUMBER_TO_PC?VERSION
            CODE    34AEH     005DH     UNIT         ?PR?_INITIALUART1_TIMER3?COMMON
            CODE    350BH     005CH     UNIT         ?PR?ADC_ISR?MAIN
            CODE    3567H     005BH     UNIT         ?PR?_TIMER3_DELAY1MS?DELAY
            CODE    35C2H     0059H     UNIT         ?PR?_TIMER0_DELAY1MS?DELAY
            CODE    361BH     0059H     UNIT         ?PR?_TIMER1_DELAY1MS?DELAY
            CODE    3674H     0056H     UNIT         ?PR?_APP_EEPROM_WRITE_BUF?APP_EEPROM
            CODE    36CAH     0053H     UNIT         ?PR?_APP_LCD_DEFAULT_STRING_SET?APP_LCD
            CODE    371DH     0051H     UNIT         ?PR?_APP_2D4_SEND?APP_2D4
            CODE    376EH     0043H     UNIT         ?PR?_APP_GET_SAVED_ADDRESS?APP_2D4
            CODE    37B1H     0043H     UNIT         ?PR?VOL_RESP?APP_2D4
            CODE    37F4H     0043H     UNIT         ?PR?_RF_WRITEBUF?BSP_2D4
            CODE    3837H     0043H     UNIT         ?PR?_RF_TXDATA?BSP_2D4
            CODE    387AH     0041H     UNIT         ?PR?APP_LCD_PRO?APP_LCD
            CODE    38BBH     003FH     UNIT         ?PR?_RF_READBUF?BSP_2D4
            CODE    38FAH     003DH     UNIT         ?PR?_PUTCHAR?COMMON
            CODE    3937H     0038H     UNIT         ?PR?APP_2D4_SWITCH_PUBLIC_ADDRESS?APP_2D4
            CODE    396FH     0036H     UNIT         ?PR?LCD_DISPLAY_INITHARD?BSP_DISPLAY
            CODE    39A5H     0033H     UNIT         ?PR?FM_STATION_SHOW_LCD_RESP?APP_2D4
            CODE    39D8H     0033H     UNIT         ?PR?ADC_INIT?BSP_ADC
            CODE    3A0BH     0032H     UNIT         ?PR?_REPEAT_START?APP_REPEAT_EXE
            CODE    3A3DH     0032H     UNIT         ?PR?USB_TRACK_SHOW_LCD_RESP?APP_2D4
            CODE    3A6FH     002AH     UNIT         ?PR?_INITIALUART0_TIMER1_TYPE3?COMMON
            CODE    3A99H     002AH     UNIT         ?PR?_INITIALUART0_TIMER1_TYPE4?COMMON
BL51 BANKED LINKER/LOCATER V6.22                                                      12/16/2017  12:36:15  PAGE 4


            CODE    3AC3H     0029H     UNIT         ?PR?_UCRF_DUMPRXDATA?BSP_2D4
            CODE    3AECH     0029H     UNIT         ?PR?_INITIALUART0_TIMER1_TYPE1?COMMON
            CODE    3B15H     0028H     UNIT         ?PR?_INITIALUART0_TIMER1_TYPE2?COMMON
            CODE    3B3DH     0026H     UNIT         ?PR?TIMER0_PARAMINIT?BSP_TIMER0
            CODE    3B63H     0026H     UNIT         ?PR?RF_RXMODE?BSP_2D4
            CODE    3B89H     0025H     UNIT         ?PR?APP_2D4_INIT?APP_2D4
            CODE    3BAEH     0025H     UNIT         ?PR?_SPI_WR?BSP_2D4
            CODE    3BD3H     0024H     UNIT         ?PR?_BSP_SETKEYPARAM?BSP_KEY
            CODE    3BF7H     0024H     UNIT         ?CO?BSP_2D4
            CODE    3C1BH     0023H     UNIT         ?PR?TIMER0_INITHARD?BSP_TIMER0
            CODE    3C3EH     0023H     UNIT         ?PR?ADC_START?BSP_ADC
            CODE    3C61H     0021H     UNIT         ?PR?_DELAY10US?DELAY
            CODE    3C82H     0020H     UNIT         ?PR?SET_ALL_GPIO_INPUT_MODE?COMMON
            CODE    3CA2H     001FH     UNIT         ?PR?_SPI_WW?BSP_2D4
            CODE    3CC1H     001CH     UNIT         ?PR?BSP_GETKEY?BSP_KEY
            CODE    3CDDH     001CH     UNIT         ?PR?BSP_GETKEY2?BSP_KEY
            CODE    3CF9H     001BH     UNIT         ?PR?BSP_INIT?BSP
            CODE    3D14H     001BH     UNIT         ?PR?BSP_KEYSCAN?BSP_KEY
            CODE    3D2FH     001AH     UNIT         ?PR?UCSPI_READ?BSP_2D4
            CODE    3D49H     001AH     UNIT         ?PR?SET_ALL_GPIO_QUASI_MODE?COMMON
            CODE    3D63H     001AH     UNIT         ?PR?SW_RESET?COMMON
            CODE    3D7DH     0018H     UNIT         ?PR?APP_WORK_INIT?APP_WORK
            CODE    3D95H     0016H     UNIT         ?PR?SPEAKER_STATUS_RESP?APP_2D4
            CODE    3DABH     0016H     UNIT         ?PR?RELAY_STATUS_RESP?APP_2D4
            CODE    3DC1H     0015H     UNIT         ?PR?_STRLEN?STRLEN
            CODE    3DD6H     0014H     UNIT         ?PR?REPEAT_STOP?APP_REPEAT_EXE
            CODE    3DEAH     0014H     UNIT         ?PR?APP_LCD_INIT?APP_LCD
            CODE    3DFEH     0014H     UNIT         ?PR?_BSP_PUTKEY?BSP_KEY
            CODE    3E12H     0013H     UNIT         ?PR?WIRELESS2D4_INITHARD?BSP_2D4
            CODE    3E25H     0013H     UNIT         ?PR?_RF_WRITEREG?BSP_2D4
            CODE    3E38H     0013H     UNIT         ?PR?_UCRF_READREG?BSP_2D4
            CODE    3E4BH     0012H     UNIT         ?CO?APP_WORK
            CODE    3E5DH     0012H     UNIT         ?PR?ISKEYDOWN_2_AND_6?BSP_KEY
            CODE    3E6FH     0010H     UNIT         ?PR?REPEAT_START_EXE?APP_REPEAT_EXE
            CODE    3E7FH     0010H     UNIT         ?PR?REPEAT_STOP_EXE?APP_REPEAT_EXE
            CODE    3E8FH     000FH     UNIT         ?PR?CLEAR_LCD_RESP?APP_2D4
            CODE    3E9EH     000FH     UNIT         ?PR?USB_PAUSE_SHOW_LCD_RESP?APP_2D4
            CODE    3EADH     000FH     UNIT         ?PR?BT_NEXT_SHOW_LCD_RESP?APP_2D4
            CODE    3EBCH     000FH     UNIT         ?PR?BT_PREV_SHOW_LCD_RESP?APP_2D4
            CODE    3ECBH     000FH     UNIT         ?PR?LED_SHOW_BLINK_NAME_SHOW_LCD_RESP?APP_2D4
            CODE    3EDAH     000FH     UNIT         ?PR?LED_CLEAR_BLINK_NAME_SHOW_LCD_RESP?APP_2D4
            CODE    3EE9H     000FH     UNIT         ?PR?ISKEYDOWN2?BSP_KEY
            CODE    3EF8H     000FH     UNIT         ?PR?ISKEYDOWN6?BSP_KEY
            CODE    3F07H     000FH     UNIT         ?PR?ISKEYDOWN7?BSP_KEY
            CODE    3F16H     000FH     UNIT         ?PR?ISKEYDOWN8?BSP_KEY
            CODE    3F25H     000FH     UNIT         ?PR?ISKEYDOWN9?BSP_KEY
            CODE    3F34H     000FH     UNIT         ?PR?RF_TXMODE?BSP_2D4
            CODE    3F43H     000EH     UNIT         ?PR?ISKEYDOWN5?BSP_KEY
            CODE    3F51H     000EH     UNIT         ?PR?_RF_SETCHANNEL?BSP_2D4
            CODE    3F5FH     000DH     UNIT         ?PR?LCD_CLEAR_ALL?BSP_DISPLAY
            CODE    3F6CH     000DH     UNIT         ?PR?LCD_CLEAR_MI_ALL?BSP_DISPLAY
            CODE    3F79H     000CH     UNIT         ?PR?_REPEAT_SETSTART?APP_REPEAT_EXE
            CODE    3F85H     000CH     UNIT         ?PR?_REPEAT_SETSTOP?APP_REPEAT_EXE
            CODE    3F91H     000CH     UNIT         ?PR?APP_2D4_SWITCH_SAVED_ADDRESS?APP_2D4
            CODE    3F9DH     000CH     UNIT         ?PR?RF_CLEARFIFO?BSP_2D4
            CODE    3FA9H     000BH     UNIT         ?PR?_APP_EEPROM_ERASE?APP_EEPROM
            CODE    3FB4H     000BH     UNIT         ?PR?_APP_EEPROM_WRITE_BYTE?APP_EEPROM
BL51 BANKED LINKER/LOCATER V6.22                                                      12/16/2017  12:36:15  PAGE 5


            CODE    3FBFH     000BH     UNIT         ?PR?_BSP_GETKEYSTATE?BSP_KEY
            CODE    3FCAH     000AH     UNIT         ?PR?APP_REPEAT_ISENABLE?APP_REPEAT_EXE
            CODE    3FD4H     000AH     UNIT         ?PR?UCRF_GETSTATUS?BSP_2D4
            CODE    3FDEH     0009H     UNIT         ?CO?APP_KEY
            CODE    3FE7H     0009H     UNIT         ?PR?BT_PAUSE_SHOW_LCD_RESP?APP_2D4
            CODE    3FF0H     0009H     UNIT         ?PR?AUX_MUTE_SHOW_LCD_RESP?APP_2D4
            CODE    3FF9H     0009H     UNIT         ?CO?APP_LCD
            CODE    4002H     0009H     UNIT         ?PR?ISKEYDOWN1?BSP_KEY
            CODE    400BH     0009H     UNIT         ?PR?KEY_BRIGHT_INITHARD?BSP_KEYBRIGHT
            CODE    4014H     0009H     UNIT         ?PR?LCD_BRIGHT_INITHARD?BSP_LCDBRIGHT
            CODE    401DH     0008H     UNIT         ?PR?_SEND_DATA_TO_UART0?COMMON
            CODE    4025H     0008H     UNIT         ?PR?RECEIVE_DATA_FROM_UART1?COMMON
            CODE    402DH     0008H     UNIT         ?PR?_SEND_DATA_TO_UART1?COMMON
            CODE    4035H     0007H     UNIT         ?PR?BSP_INITKEYHARD?BSP_KEY
            CODE    403CH     0007H     UNIT         ?PR?LCD_CLEAR_LED_ICO?BSP_DISPLAY
            CODE    4043H     0007H     UNIT         ?PR?LCD_SHOW_LED_ICO?BSP_DISPLAY
            CODE    404AH     0007H     UNIT         ?PR?LCD_CLEAR_FM_ICO?BSP_DISPLAY
            CODE    4051H     0007H     UNIT         ?PR?LCD_SHOW_FM_ICO?BSP_DISPLAY
            CODE    4058H     0007H     UNIT         ?PR?LCD_CLEAR_BLUETOOTH_ICO?BSP_DISPLAY
            CODE    405FH     0007H     UNIT         ?PR?LCD_SHOW_BLUETOOTH_ICO?BSP_DISPLAY
            CODE    4066H     0007H     UNIT         ?PR?LCD_CLEAR_AUX_ICO?BSP_DISPLAY
            CODE    406DH     0007H     UNIT         ?PR?LCD_SHOW_AUX_ICO?BSP_DISPLAY
            CODE    4074H     0007H     UNIT         ?PR?LCD_CLEAR_USB_ICO?BSP_DISPLAY
            CODE    407BH     0007H     UNIT         ?PR?LCD_SHOW_USB_ICO?BSP_DISPLAY
            CODE    4082H     0007H     UNIT         ?PR?LCD_CLEAR_MHZ_ICO?BSP_DISPLAY
            CODE    4089H     0007H     UNIT         ?PR?LCD_SHOW_MHZ_ICO?BSP_DISPLAY
            CODE    4090H     0007H     UNIT         ?PR?LCD_CLEAR_BAZOOKA_ICO?BSP_DISPLAY
            CODE    4097H     0007H     UNIT         ?PR?LCD_SHOW_BAZOOKA_ICO?BSP_DISPLAY
            CODE    409EH     0007H     UNIT         ?PR?LCD_CLEAR_UPCOLON_ICO?BSP_DISPLAY
            CODE    40A5H     0007H     UNIT         ?PR?LCD_SHOW_UPCOLON_ICO?BSP_DISPLAY
            CODE    40ACH     0007H     UNIT         ?PR?LCD_CLEAR_DOWNCOLON_ICO?BSP_DISPLAY
            CODE    40B3H     0007H     UNIT         ?PR?LCD_SHOW_DOWNCOLON_ICO?BSP_DISPLAY
            CODE    40BAH     0007H     UNIT         ?PR?RF_CLEARSTATUS?BSP_2D4
            CODE    40C1H     0006H     UNIT         ?PR?APP_WORK_CNT_CLEAR?APP_WORK
            CODE    40C7H     0006H     UNIT         ?PR?ISKEYDOWN3?BSP_KEY
            CODE    40CDH     0006H     UNIT         ?PR?ISKEYDOWN4?BSP_KEY
            CODE    40D3H     0006H     UNIT         ?PR?BSP_INITKEY?BSP_KEY
            CODE    40D9H     0006H     UNIT         ?PR?BSP_CLEARKEY?BSP_KEY
            CODE    40DFH     0006H     UNIT         ?PR?LCD_CLEAR_COLON_ICO?BSP_DISPLAY
            CODE    40E5H     0006H     UNIT         ?PR?LCD_SHOW_COLON_ICO?BSP_DISPLAY
            CODE    40EBH     0006H     UNIT         ?PR?UCRF_GETRSSI?BSP_2D4
            CODE    40F1H     0004H     UNIT         ?PR?_APP_EEPROM_READ_BYTE?APP_EEPROM
            CODE    40F5H     0004H     UNIT         ?PR?FSYS_CLOCK_OUTPUT_ON_P26?COMMON
            CODE    40F9H     0003H     UNIT         ?PR?KEY_BRIGHT_OFF?BSP_KEYBRIGHT
            CODE    40FCH     0003H     UNIT         ?PR?KEY_BRIGHT_ON?BSP_KEYBRIGHT
            CODE    40FFH     0003H     UNIT         ?PR?KEY_BRIGHT_TOGGLE?BSP_KEYBRIGHT
            CODE    4102H     0003H     UNIT         ?PR?LCD_BRIGHT_OFF?BSP_LCDBRIGHT
            CODE    4105H     0003H     UNIT         ?PR?LCD_BRIGHT_ON?BSP_LCDBRIGHT
            CODE    4108H     0001H     UNIT         ?PR?APP_WORK_100MS_PRO?APP_WORK
            CODE    4109H     0001H     UNIT         ?PR?APP_WORK_PRO?APP_WORK
            CODE    410AH     0001H     UNIT         ?PR?APP_EEPROM_INIT?APP_EEPROM
            CODE    410BH     0001H     UNIT         ?PR?APP_EEPROM_100MS_PRO?APP_EEPROM
            CODE    410CH     0001H     UNIT         ?PR?APP_EEPROM_PRO?APP_EEPROM
            CODE    410DH     0001H     UNIT         ?PR?SPI_INIT?BSP_2D4
            CODE    410EH     0001H     UNIT         ?PR?EEPROM_INITHARD?BSP_EEPROM


BL51 BANKED LINKER/LOCATER V6.22                                                      12/16/2017  12:36:15  PAGE 6



OVERLAY MAP OF MODULE:   .\Out\Objects\project (MAIN)


SEGMENT                                             BIT_GROUP          DATA_GROUP          IDATA_GROUP         XDATA_GRO
>> UP
  +--> CALLED SEGMENT                            START    LENGTH     START    LENGTH     START    LENGTH     START    LE
>> NGTH
------------------------------------------------------------------------------------------------------------------------
>> ----
?C_C51STARTUP                                    -----    -----      -----    -----      -----    -----      -----    --
>> ---
  +--> ?PR?MAIN?MAIN
  +--> ?C_INITSEG

?PR?MAIN?MAIN                                    -----    -----      -----    -----      -----    -----      0000H    00
>> 02H
  +--> ?PR?_SYSTEM_CLOCK_SELECT?COMMON
  +--> ?PR?BSP_INIT?BSP
  +--> ?PR?APP_2D4_SWITCH_SAVED_ADDRESS?APP_2D4
  +--> ?PR?APP_LCD_INIT?APP_LCD
  +--> ?PR?APP_WORK_INIT?APP_WORK
  +--> ?PR?ADC_START?BSP_ADC
  +--> ?PR?BSP_KEYSCAN?BSP_KEY
  +--> ?PR?APP_2D4_PRO?APP_2D4
  +--> ?PR?REPEAT_PRO?APP_REPEAT_EXE
  +--> ?PR?APP_LCD_PRO?APP_LCD
  +--> ?PR?APP_WORK_1S_PRO?APP_WORK
  +--> ?PR?BSP_GETKEY?BSP_KEY
  +--> ?PR?_APP_KEY_PRO?APP_KEY

?PR?BSP_INIT?BSP                                 -----    -----      -----    -----      -----    -----      -----    --
>> ---
  +--> ?PR?SET_ALL_GPIO_INPUT_MODE?COMMON
  +--> ?PR?LCD_DISPLAY_INITHARD?BSP_DISPLAY
  +--> ?PR?ADC_INIT?BSP_ADC
  +--> ?PR?BSP_INITKEY?BSP_KEY
  +--> ?PR?KEY_BRIGHT_INITHARD?BSP_KEYBRIGHT
  +--> ?PR?TIMER0_INITHARD?BSP_TIMER0
  +--> ?PR?WIRELESS2D4_INITHARD?BSP_2D4
  +--> ?PR?LCD_BRIGHT_INITHARD?BSP_LCDBRIGHT

?PR?LCD_DISPLAY_INITHARD?BSP_DISPLAY             -----    -----      -----    -----      -----    -----      -----    --
>> ---
  +--> ?PR?LCD_CLEAR_ALL?BSP_DISPLAY

?PR?BSP_INITKEY?BSP_KEY                          -----    -----      -----    -----      -----    -----      -----    --
>> ---
  +--> ?PR?BSP_INITKEYVAR?BSP_KEY
  +--> ?PR?BSP_INITKEYHARD?BSP_KEY

?PR?BSP_INITKEYVAR?BSP_KEY                       -----    -----      -----    -----      -----    -----      -----    --
>> ---
  +--> ?PR?ISKEYDOWN1?BSP_KEY
  +--> ?PR?ISKEYDOWN2?BSP_KEY
  +--> ?PR?ISKEYDOWN3?BSP_KEY
  +--> ?PR?ISKEYDOWN4?BSP_KEY
BL51 BANKED LINKER/LOCATER V6.22                                                      12/16/2017  12:36:15  PAGE 7


  +--> ?PR?ISKEYDOWN5?BSP_KEY
  +--> ?PR?ISKEYDOWN6?BSP_KEY
  +--> ?PR?ISKEYDOWN7?BSP_KEY
  +--> ?PR?ISKEYDOWN8?BSP_KEY
  +--> ?PR?ISKEYDOWN9?BSP_KEY
  +--> ?PR?ISKEYDOWN_2_AND_6?BSP_KEY

?PR?ISKEYDOWN2?BSP_KEY                           -----    -----      -----    -----      -----    -----      -----    --
>> ---
  +--> ?PR?_ISKEYDOWN?BSP_KEY

?PR?ISKEYDOWN3?BSP_KEY                           -----    -----      -----    -----      -----    -----      -----    --
>> ---
  +--> ?PR?_ISKEYDOWN?BSP_KEY

?PR?ISKEYDOWN4?BSP_KEY                           -----    -----      -----    -----      -----    -----      -----    --
>> ---
  +--> ?PR?_ISKEYDOWN?BSP_KEY

?PR?ISKEYDOWN5?BSP_KEY                           -----    -----      -----    -----      -----    -----      -----    --
>> ---
  +--> ?PR?_ISKEYDOWN?BSP_KEY

?PR?ISKEYDOWN6?BSP_KEY                           -----    -----      -----    -----      -----    -----      -----    --
>> ---
  +--> ?PR?_ISKEYDOWN?BSP_KEY

?PR?ISKEYDOWN7?BSP_KEY                           -----    -----      -----    -----      -----    -----      -----    --
>> ---
  +--> ?PR?_ISKEYDOWN?BSP_KEY

?PR?ISKEYDOWN8?BSP_KEY                           -----    -----      -----    -----      -----    -----      -----    --
>> ---
  +--> ?PR?_ISKEYDOWN?BSP_KEY

?PR?ISKEYDOWN9?BSP_KEY                           -----    -----      -----    -----      -----    -----      -----    --
>> ---
  +--> ?PR?_ISKEYDOWN?BSP_KEY

?PR?ISKEYDOWN_2_AND_6?BSP_KEY                    -----    -----      -----    -----      -----    -----      -----    --
>> ---
  +--> ?PR?ISKEYDOWN2?BSP_KEY
  +--> ?PR?ISKEYDOWN6?BSP_KEY

?PR?KEY_BRIGHT_INITHARD?BSP_KEYBRIGHT            -----    -----      -----    -----      -----    -----      -----    --
>> ---
  +--> ?PR?KEY_BRIGHT_OFF?BSP_KEYBRIGHT

?PR?TIMER0_INITHARD?BSP_TIMER0                   -----    -----      -----    -----      -----    -----      -----    --
>> ---
  +--> ?PR?TIMER0_PARAMINIT?BSP_TIMER0

?PR?LCD_BRIGHT_INITHARD?BSP_LCDBRIGHT            -----    -----      -----    -----      -----    -----      -----    --
>> ---
  +--> ?PR?LCD_BRIGHT_ON?BSP_LCDBRIGHT

?PR?APP_2D4_SWITCH_SAVED_ADDRESS?APP_2D4         -----    -----      -----    -----      -----    -----      -----    --
BL51 BANKED LINKER/LOCATER V6.22                                                      12/16/2017  12:36:15  PAGE 8


>> ---
  +--> ?PR?_APP_GET_SAVED_ADDRESS?APP_2D4
  +--> ?PR?APP_2D4_INIT?APP_2D4

?PR?_APP_GET_SAVED_ADDRESS?APP_2D4               -----    -----      -----    -----      -----    -----      000AH    00
>> 04H
  +--> ?PR?_APP_EEPROM_READ_BYTE?APP_EEPROM

?PR?_APP_EEPROM_READ_BYTE?APP_EEPROM             -----    -----      -----    -----      -----    -----      -----    --
>> ---
  +--> ?PR?_READ_APROM_BYTE?BSP_EEPROM

?PR?APP_2D4_INIT?APP_2D4                         -----    -----      -----    -----      -----    -----      -----    --
>> ---
  +--> ?PR?RF_INIT?BSP_2D4
  +--> ?PR?RF_RXMODE?BSP_2D4

?PR?RF_INIT?BSP_2D4                              -----    -----      -----    -----      -----    -----      000AH    00
>> 12H
  +--> ?CO?BSP_2D4
  +--> ?PR?SPI_INIT?BSP_2D4
  +--> ?PR?_RF_WRITEREG?BSP_2D4
  +--> ?PR?_RF_WRITEBUF?BSP_2D4

?PR?_RF_WRITEREG?BSP_2D4                         -----    -----      -----    -----      -----    -----      -----    --
>> ---
  +--> ?PR?_SPI_WW?BSP_2D4

?PR?_RF_WRITEBUF?BSP_2D4                         -----    -----      -----    -----      -----    -----      001CH    00
>> 05H
  +--> ?PR?_SPI_WW?BSP_2D4

?PR?RF_RXMODE?BSP_2D4                            -----    -----      -----    -----      -----    -----      -----    --
>> ---
  +--> ?PR?_RF_WRITEREG?BSP_2D4

?PR?APP_LCD_INIT?APP_LCD                         -----    -----      -----    -----      -----    -----      -----    --
>> ---
  +--> ?CO?APP_LCD

?PR?APP_WORK_INIT?APP_WORK                       -----    -----      -----    -----      -----    -----      -----    --
>> ---
  +--> ?PR?LCD_SHOW_BAZOOKA_ICO?BSP_DISPLAY

?PR?BSP_KEYSCAN?BSP_KEY                          -----    -----      -----    -----      -----    -----      0002H    00
>> 01H
  +--> ?PR?_BSP_DETECTKEY?BSP_KEY

?PR?_BSP_DETECTKEY?BSP_KEY                       -----    -----      -----    -----      -----    -----      0003H    00
>> 01H
  +--> ?PR?_BSP_PUTKEY?BSP_KEY

?PR?APP_2D4_PRO?APP_2D4                          -----    -----      -----    -----      -----    -----      0002H    00
>> 01H
  +--> ?PR?UCRF_GETSTATUS?BSP_2D4
  +--> ?PR?RF_CLEARFIFO?BSP_2D4
  +--> ?PR?RF_CLEARSTATUS?BSP_2D4
BL51 BANKED LINKER/LOCATER V6.22                                                      12/16/2017  12:36:15  PAGE 9


  +--> ?PR?RF_RXMODE?BSP_2D4
  +--> ?PR?_RF_TXDATA?BSP_2D4
  +--> ?PR?_UCRF_DUMPRXDATA?BSP_2D4
  +--> ?PR?_APP_2D4_RCV?APP_2D4

?PR?UCRF_GETSTATUS?BSP_2D4                       -----    -----      -----    -----      -----    -----      -----    --
>> ---
  +--> ?PR?_UCRF_READREG?BSP_2D4

?PR?_UCRF_READREG?BSP_2D4                        -----    -----      -----    -----      -----    -----      -----    --
>> ---
  +--> ?PR?_SPI_WR?BSP_2D4
  +--> ?PR?UCSPI_READ?BSP_2D4

?PR?RF_CLEARFIFO?BSP_2D4                         -----    -----      -----    -----      -----    -----      -----    --
>> ---
  +--> ?PR?_RF_WRITEREG?BSP_2D4

?PR?RF_CLEARSTATUS?BSP_2D4                       -----    -----      -----    -----      -----    -----      -----    --
>> ---
  +--> ?PR?_RF_WRITEREG?BSP_2D4

?PR?_RF_TXDATA?BSP_2D4                           -----    -----      -----    -----      -----    -----      0003H    00
>> 02H
  +--> ?PR?UCRF_GETSTATUS?BSP_2D4
  +--> ?PR?_RF_WRITEBUF?BSP_2D4
  +--> ?PR?_RF_WRITEREG?BSP_2D4

?PR?_UCRF_DUMPRXDATA?BSP_2D4                     -----    -----      -----    -----      -----    -----      -----    --
>> ---
  +--> ?PR?UCRF_GETSTATUS?BSP_2D4
  +--> ?PR?_RF_WRITEREG?BSP_2D4
  +--> ?PR?_RF_READBUF?BSP_2D4
  +--> ?PR?RF_CLEARFIFO?BSP_2D4
  +--> ?PR?RF_CLEARSTATUS?BSP_2D4

?PR?_RF_READBUF?BSP_2D4                          -----    -----      -----    -----      -----    -----      0003H    00
>> 05H
  +--> ?PR?_SPI_WR?BSP_2D4
  +--> ?PR?UCSPI_READ?BSP_2D4

?PR?_APP_2D4_RCV?APP_2D4                         -----    -----      -----    -----      000FH    000AH      0003H    00
>> 07H
  +--> ?PR?APP_WORK_CNT_CLEAR?APP_WORK
  +--> ?CO?APP_2D4
  +--> ?PR?_APP_GET_SAVED_ADDRESS?APP_2D4
  +--> ?PR?_APP_EEPROM_ERASE?APP_EEPROM
  +--> ?PR?_APP_EEPROM_WRITE_BUF?APP_EEPROM
  +--> ?PR?APP_2D4_SWITCH_SAVED_ADDRESS?APP_2D4
  +--> ?PR?LCD_SHOW_LED_ICO?BSP_DISPLAY
  +--> ?PR?LCD_CLEAR_MHZ_ICO?BSP_DISPLAY
  +--> ?PR?LCD_CLEAR_FM_ICO?BSP_DISPLAY
  +--> ?PR?LCD_CLEAR_USB_ICO?BSP_DISPLAY
  +--> ?PR?LCD_CLEAR_AUX_ICO?BSP_DISPLAY
  +--> ?PR?LCD_CLEAR_BLUETOOTH_ICO?BSP_DISPLAY
  +--> ?PR?LCD_SHOW_BLUETOOTH_ICO?BSP_DISPLAY
  +--> ?PR?LCD_SHOW_FM_ICO?BSP_DISPLAY
BL51 BANKED LINKER/LOCATER V6.22                                                      12/16/2017  12:36:15  PAGE 10


  +--> ?PR?LCD_SHOW_USB_ICO?BSP_DISPLAY
  +--> ?PR?LCD_SHOW_AUX_ICO?BSP_DISPLAY
  +--> ?PR?_STRLEN?STRLEN
  +--> ?PR?_APP_LCD_DEFAULT_STRING_SET?APP_LCD
  +--> ?PR?LED_SHOW_BLINK_NAME_SHOW_LCD_RESP...
  +--> ?PR?_REPEAT_SETSTART?APP_REPEAT_EXE
  +--> ?PR?LED_CLEAR_BLINK_NAME_SHOW_LCD_RES...
  +--> ?PR?_REPEAT_SETSTOP?APP_REPEAT_EXE
  +--> ?PR?APP_REPEAT_ISENABLE?APP_REPEAT_EXE
  +--> ?PR?REPEAT_STOP?APP_REPEAT_EXE
  +--> ?PR?LCD_CLEAR_DOWNCOLON_ICO?BSP_DISPLAY
  +--> ?PR?LCD_CLEAR_UPCOLON_ICO?BSP_DISPLAY
  +--> ?PR?SPEAKER_STATUS_RESP?APP_2D4
  +--> ?PR?PRINTF?PRINTF
  +--> ?PR?LCD_CLEAR_ALL?BSP_DISPLAY
  +--> ?PR?BT_PAUSE_SHOW_LCD_RESP?APP_2D4
  +--> ?PR?CLEAR_LCD_RESP?APP_2D4
  +--> ?PR?AUX_MUTE_SHOW_LCD_RESP?APP_2D4
  +--> ?PR?USB_PAUSE_SHOW_LCD_RESP?APP_2D4
  +--> ?PR?BT_PREV_SHOW_LCD_RESP?APP_2D4
  +--> ?PR?BT_NEXT_SHOW_LCD_RESP?APP_2D4
  +--> ?PR?FM_STATION_SHOW_LCD_RESP?APP_2D4
  +--> ?PR?USB_TRACK_SHOW_LCD_RESP?APP_2D4
  +--> ?PR?LCD_SHOW_MHZ_ICO?BSP_DISPLAY
  +--> ?PR?VOL_RESP?APP_2D4
  +--> ?PR?RELAY_STATUS_RESP?APP_2D4
  +--> ?PR?LCD_CLEAR_LED_ICO?BSP_DISPLAY
  +--> ?PR?_REPEAT_START?APP_REPEAT_EXE

?PR?_APP_EEPROM_ERASE?APP_EEPROM                 -----    -----      -----    -----      -----    -----      -----    --
>> ---
  +--> ?PR?_ERASE_DATAFLASH?BSP_EEPROM

?PR?_APP_EEPROM_WRITE_BUF?APP_EEPROM             -----    -----      -----    -----      -----    -----      000AH    00
>> 07H
  +--> ?PR?_APP_EEPROM_WRITE_BYTE?APP_EEPROM

?PR?_APP_EEPROM_WRITE_BYTE?APP_EEPROM            -----    -----      -----    -----      -----    -----      -----    --
>> ---
  +--> ?PR?_WRITE_DATAFLASH_BYTE?BSP_EEPROM

?PR?_APP_LCD_DEFAULT_STRING_SET?APP_LCD          -----    -----      -----    -----      -----    -----      000AH    00
>> 05H
  +--> ?PR?_STRNCPY?STRNCPY

?PR?_STRNCPY?STRNCPY                             -----    -----      -----    -----      -----    -----      000FH    00
>> 0AH

?PR?LED_SHOW_BLINK_NAME_SHOW_LCD_RESP...         -----    -----      -----    -----      -----    -----      -----    --
>> ---
  +--> ?PR?_LCD_SHOWSTRING?BSP_DISPLAY
  +--> ?PR?LCD_CLEAR_UPCOLON_ICO?BSP_DISPLAY
  +--> ?PR?LCD_CLEAR_DOWNCOLON_ICO?BSP_DISPLAY

?PR?_LCD_SHOWSTRING?BSP_DISPLAY                  0020H.0  0000H.1    -----    -----      -----    -----      001AH    00
>> 04H
  +--> ?PR?_STRLEN?STRLEN
BL51 BANKED LINKER/LOCATER V6.22                                                      12/16/2017  12:36:15  PAGE 11


  +--> ?PR?_LCD_SHOWCHAR?BSP_DISPLAY

?PR?_LCD_SHOWCHAR?BSP_DISPLAY                    -----    -----      -----    -----      -----    -----      -----    --
>> ---
  +--> ?PR?_LCD_CLEAR_MI?BSP_DISPLAY

?PR?LED_CLEAR_BLINK_NAME_SHOW_LCD_RES...         -----    -----      -----    -----      -----    -----      -----    --
>> ---
  +--> ?CO?APP_2D4
  +--> ?PR?_LCD_SHOWSTRING?BSP_DISPLAY
  +--> ?PR?LCD_CLEAR_UPCOLON_ICO?BSP_DISPLAY
  +--> ?PR?LCD_CLEAR_DOWNCOLON_ICO?BSP_DISPLAY

?PR?REPEAT_STOP?APP_REPEAT_EXE                   -----    -----      -----    -----      -----    -----      -----    --
>> ---
  +--> ?PR?REPEAT_STOP_EXE?APP_REPEAT_EXE
  +--> ?PR?_REPEAT_SETSTART?APP_REPEAT_EXE
  +--> ?PR?_REPEAT_SETSTOP?APP_REPEAT_EXE

?PR?SPEAKER_STATUS_RESP?APP_2D4                  -----    -----      -----    -----      -----    -----      -----    --
>> ---
  +--> ?CO?APP_2D4
  +--> ?PR?_LCD_SHOWSTRING?BSP_DISPLAY

?PR?PRINTF?PRINTF                                0020H.0  0001H.1    0008H    0005H      -----    -----      001AH    00
>> 28H
  +--> ?PR?_PUTCHAR?COMMON

?PR?BT_PAUSE_SHOW_LCD_RESP?APP_2D4               -----    -----      -----    -----      -----    -----      -----    --
>> ---
  +--> ?CO?APP_2D4
  +--> ?PR?_LCD_SHOWSTRING?BSP_DISPLAY

?PR?CLEAR_LCD_RESP?APP_2D4                       -----    -----      -----    -----      -----    -----      -----    --
>> ---
  +--> ?CO?APP_2D4
  +--> ?PR?_LCD_SHOWSTRING?BSP_DISPLAY
  +--> ?PR?LCD_CLEAR_UPCOLON_ICO?BSP_DISPLAY
  +--> ?PR?LCD_CLEAR_DOWNCOLON_ICO?BSP_DISPLAY

?PR?AUX_MUTE_SHOW_LCD_RESP?APP_2D4               -----    -----      -----    -----      -----    -----      -----    --
>> ---
  +--> ?CO?APP_2D4
  +--> ?PR?_LCD_SHOWSTRING?BSP_DISPLAY

?PR?USB_PAUSE_SHOW_LCD_RESP?APP_2D4              -----    -----      -----    -----      -----    -----      -----    --
>> ---
  +--> ?CO?APP_2D4
  +--> ?PR?_LCD_SHOWSTRING?BSP_DISPLAY
  +--> ?PR?LCD_CLEAR_UPCOLON_ICO?BSP_DISPLAY
  +--> ?PR?LCD_CLEAR_DOWNCOLON_ICO?BSP_DISPLAY

?PR?BT_PREV_SHOW_LCD_RESP?APP_2D4                -----    -----      -----    -----      -----    -----      -----    --
>> ---
  +--> ?CO?APP_2D4
  +--> ?PR?_LCD_SHOWSTRING?BSP_DISPLAY
  +--> ?PR?LCD_CLEAR_UPCOLON_ICO?BSP_DISPLAY
BL51 BANKED LINKER/LOCATER V6.22                                                      12/16/2017  12:36:15  PAGE 12


  +--> ?PR?LCD_CLEAR_DOWNCOLON_ICO?BSP_DISPLAY

?PR?BT_NEXT_SHOW_LCD_RESP?APP_2D4                -----    -----      -----    -----      -----    -----      -----    --
>> ---
  +--> ?CO?APP_2D4
  +--> ?PR?_LCD_SHOWSTRING?BSP_DISPLAY
  +--> ?PR?LCD_CLEAR_UPCOLON_ICO?BSP_DISPLAY
  +--> ?PR?LCD_CLEAR_DOWNCOLON_ICO?BSP_DISPLAY

?PR?FM_STATION_SHOW_LCD_RESP?APP_2D4             -----    -----      -----    -----      -----    -----      -----    --
>> ---
  +--> ?CO?APP_2D4
  +--> ?PR?PRINTF?PRINTF
  +--> ?PR?_LCD_SHOWSTRING?BSP_DISPLAY
  +--> ?PR?LCD_CLEAR_MHZ_ICO?BSP_DISPLAY
  +--> ?PR?LCD_CLEAR_UPCOLON_ICO?BSP_DISPLAY
  +--> ?PR?LCD_SHOW_DOWNCOLON_ICO?BSP_DISPLAY

?PR?USB_TRACK_SHOW_LCD_RESP?APP_2D4              -----    -----      -----    -----      -----    -----      -----    --
>> ---
  +--> ?CO?APP_2D4
  +--> ?PR?PRINTF?PRINTF
  +--> ?PR?_LCD_SHOWSTRING?BSP_DISPLAY
  +--> ?PR?LCD_CLEAR_UPCOLON_ICO?BSP_DISPLAY
  +--> ?PR?LCD_CLEAR_DOWNCOLON_ICO?BSP_DISPLAY

?PR?VOL_RESP?APP_2D4                             -----    -----      -----    -----      -----    -----      000AH    00
>> 10H
  +--> ?CO?APP_2D4
  +--> ?PR?LCD_CLEAR_UPCOLON_ICO?BSP_DISPLAY
  +--> ?PR?LCD_CLEAR_DOWNCOLON_ICO?BSP_DISPLAY
  +--> ?PR?PRINTF?PRINTF
  +--> ?PR?_LCD_SHOWSTRING?BSP_DISPLAY

?PR?RELAY_STATUS_RESP?APP_2D4                    -----    -----      -----    -----      -----    -----      -----    --
>> ---
  +--> ?CO?APP_2D4
  +--> ?PR?_LCD_SHOWSTRING?BSP_DISPLAY

?PR?_REPEAT_START?APP_REPEAT_EXE                 -----    -----      -----    -----      -----    -----      -----    --
>> ---
  +--> ?PR?REPEAT_START_EXE?APP_REPEAT_EXE

?PR?REPEAT_PRO?APP_REPEAT_EXE                    -----    -----      -----    -----      -----    -----      -----    --
>> ---
  +--> ?PR?REPEAT_STOP_EXE?APP_REPEAT_EXE
  +--> ?PR?REPEAT_START_EXE?APP_REPEAT_EXE

?PR?APP_LCD_PRO?APP_LCD                          -----    -----      -----    -----      -----    -----      -----    --
>> ---
  +--> ?PR?APP_REPEAT_ISENABLE?APP_REPEAT_EXE
  +--> ?PR?_LCD_SHOWSTRING?BSP_DISPLAY
  +--> ?PR?LCD_CLEAR_DOWNCOLON_ICO?BSP_DISPLAY
  +--> ?PR?LCD_CLEAR_UPCOLON_ICO?BSP_DISPLAY
  +--> ?PR?LCD_SHOW_UPCOLON_ICO?BSP_DISPLAY
  +--> ?PR?LCD_SHOW_DOWNCOLON_ICO?BSP_DISPLAY

BL51 BANKED LINKER/LOCATER V6.22                                                      12/16/2017  12:36:15  PAGE 13


?PR?APP_WORK_1S_PRO?APP_WORK                     -----    -----      -----    -----      -----    -----      -----    --
>> ---
  +--> ?PR?APP_2D4_SWITCH_SAVED_ADDRESS?APP_2D4
  +--> ?CO?APP_WORK
  +--> ?PR?_APP_LCD_DEFAULT_STRING_SET?APP_LCD
  +--> ?PR?REPEAT_STOP?APP_REPEAT_EXE
  +--> ?PR?LCD_CLEAR_ALL?BSP_DISPLAY
  +--> ?PR?LCD_SHOW_BAZOOKA_ICO?BSP_DISPLAY
  +--> ?PR?_LCD_SHOWSTRING?BSP_DISPLAY

?PR?_APP_KEY_PRO?APP_KEY                         -----    -----      -----    -----      -----    -----      0002H    00
>> 03H
  +--> ?PR?APP_2D4_SWITCH_PUBLIC_ADDRESS?APP...
  +--> ?CO?APP_KEY
  +--> ?PR?_LCD_SHOWSTRING?BSP_DISPLAY
  +--> ?PR?_APP_LCD_DEFAULT_STRING_SET?APP_LCD
  +--> ?PR?_APP_2D4_SEND?APP_2D4

?PR?APP_2D4_SWITCH_PUBLIC_ADDRESS?APP...         -----    -----      -----    -----      -----    -----      -----    --
>> ---
  +--> ?PR?RF_INIT?BSP_2D4
  +--> ?PR?RF_RXMODE?BSP_2D4

?PR?_APP_2D4_SEND?APP_2D4                        -----    -----      -----    -----      -----    -----      0005H    00
>> 04H
  +--> ?PR?RF_TXMODE?BSP_2D4

?PR?RF_TXMODE?BSP_2D4                            -----    -----      -----    -----      -----    -----      -----    --
>> ---
  +--> ?PR?_RF_WRITEREG?BSP_2D4



SYMBOL TABLE OF MODULE:  .\Out\Objects\project (MAIN)

  VALUE           TYPE          NAME
  ----------------------------------

  -------         MODULE        MAIN
  C:0000H         SYMBOL        _ICE_DUMMY_
  D:0080H         PUBLIC        P0
  D:0090H         PUBLIC        P1
  D:00A0H         PUBLIC        P2
  D:00B0H         PUBLIC        P3
  D:00D8H         PUBLIC        P5
  D:00A8H         PUBLIC        IE
  B:00E8H.7       PUBLIC        ADCF
  C:350BH         PUBLIC        ADC_ISR
  D:00B8H         PUBLIC        IP
  C:3117H         PUBLIC        main
  D:0098H         PUBLIC        SCON
  D:0088H         PUBLIC        TCON
  D:00F8H         PUBLIC        SCON_1
  D:00E8H         PUBLIC        ADCCON0
  D:00C0H         PUBLIC        I2CON
  D:00C3H         PUBLIC        ADCRH
  D:00C8H         PUBLIC        T2CON
BL51 BANKED LINKER/LOCATER V6.22                                                      12/16/2017  12:36:15  PAGE 14


  D:00C2H         PUBLIC        ADCRL
  D:00D0H         PUBLIC        PSW
  -------         PROC          ADC_ISR
  C:350BH         LINE#         8
  C:351CH         LINE#         9
  C:351CH         LINE#         11
  C:351EH         LINE#         13
  C:352EH         LINE#         14
  C:354AH         LINE#         15
  C:3558H         LINE#         17
  -------         ENDPROC       ADC_ISR
  -------         PROC          MAIN
  -------         DO            
  X:0000H         SYMBOL        ucKeyCode
  -------         DO            
  X:0001H         SYMBOL        i
  X:00C8H         SYMBOL        n
  -------         ENDDO         
  -------         ENDDO         
  C:3117H         LINE#         19
  C:3117H         LINE#         21
  C:311CH         LINE#         24
  C:311FH         LINE#         32
  C:3123H         LINE#         33
  C:3126H         LINE#         35
  C:3129H         LINE#         36
  C:312CH         LINE#         40
  C:312CH         LINE#         41
  C:3132H         LINE#         42
  C:3134H         LINE#         44
  C:3137H         LINE#         45
  C:3137H         LINE#         46
  C:313DH         LINE#         47
  C:313FH         LINE#         49
  C:3142H         LINE#         51
  C:3145H         LINE#         52
  C:3145H         LINE#         53
  C:314BH         LINE#         54
  C:3150H         LINE#         57
  C:3154H         LINE#         62
  C:3157H         LINE#         64
  C:315AH         LINE#         66
  C:3160H         LINE#         67
  C:3166H         LINE#         68
  C:3168H         LINE#         72
  C:3168H         LINE#         73
  C:3168H         LINE#         74
  C:316EH         LINE#         76
  C:3170H         LINE#         78
  C:3173H         LINE#         82
  C:3173H         LINE#         86
  C:317BH         LINE#         87
  C:317DH         LINE#         89
  C:3182H         LINE#         90
  C:3182H         LINE#         92
  -------         ENDPROC       MAIN
  -------         ENDMOD        MAIN
BL51 BANKED LINKER/LOCATER V6.22                                                      12/16/2017  12:36:15  PAGE 15



  -------         MODULE        APP_KEY
  C:0000H         SYMBOL        _ICE_DUMMY_
  D:0080H         PUBLIC        P0
  D:0090H         PUBLIC        P1
  D:00A0H         PUBLIC        P2
  D:00B0H         PUBLIC        P3
  D:00D8H         PUBLIC        P5
  D:00A8H         PUBLIC        IE
  D:00B8H         PUBLIC        IP
  C:1539H         PUBLIC        _app_key_pro
  D:0098H         PUBLIC        SCON
  D:0088H         PUBLIC        TCON
  D:00F8H         PUBLIC        SCON_1
  X:00C9H         SYMBOL        press_long_lock
  D:00E8H         PUBLIC        ADCCON0
  D:00C0H         PUBLIC        I2CON
  D:00C8H         PUBLIC        T2CON
  D:00D0H         PUBLIC        PSW
  -------         PROC          _APP_KEY_PRO
  X:0002H         SYMBOL        keyCode
  -------         DO            
  X:0003H         SYMBOL        index
  X:0004H         SYMBOL        i
  -------         ENDDO         
  C:1539H         LINE#         27
  C:153EH         LINE#         29
  C:1541H         LINE#         30
  C:1543H         LINE#         32
  C:154BH         LINE#         34
  C:154BH         LINE#         36
  C:1550H         LINE#         37
  C:155CH         LINE#         38
  C:15CFH         LINE#         39
  C:15CFH         LINE#         40
  C:15D5H         LINE#         41
  C:15E2H         LINE#         42
  C:15ECH         LINE#         43
  C:15F6H         LINE#         44
  C:1612H         LINE#         45
  C:1622H         LINE#         46
  C:1628H         LINE#         47
  C:1628H         LINE#         48
  C:162DH         LINE#         49
  C:1630H         LINE#         50
  C:1630H         LINE#         52
  C:1630H         LINE#         53
  C:1630H         LINE#         54
  C:1636H         LINE#         55
  C:1643H         LINE#         56
  C:164DH         LINE#         57
  C:1657H         LINE#         58
  C:1676H         LINE#         59
  C:1686H         LINE#         60
  C:168CH         LINE#         61
  C:168CH         LINE#         62
  C:168CH         LINE#         64
BL51 BANKED LINKER/LOCATER V6.22                                                      12/16/2017  12:36:15  PAGE 16


  C:168CH         LINE#         65
  C:168CH         LINE#         66
  C:1699H         LINE#         67
  C:16A3H         LINE#         68
  C:16ADH         LINE#         69
  C:16CCH         LINE#         70
  C:16DCH         LINE#         71
  C:16E2H         LINE#         72
  C:16E2H         LINE#         73
  C:16E2H         LINE#         74
  C:16EFH         LINE#         75
  C:16F9H         LINE#         76
  C:1703H         LINE#         77
  C:1722H         LINE#         78
  C:1732H         LINE#         79
  C:1738H         LINE#         80
  C:1738H         LINE#         81
  C:1738H         LINE#         83
  C:1738H         LINE#         84
  C:1738H         LINE#         85
  C:1745H         LINE#         86
  C:174FH         LINE#         87
  C:1759H         LINE#         88
  C:1778H         LINE#         89
  C:1788H         LINE#         90
  C:178EH         LINE#         91
  C:178EH         LINE#         92
  C:178EH         LINE#         93
  C:179BH         LINE#         94
  C:17A5H         LINE#         95
  C:17AFH         LINE#         96
  C:17CEH         LINE#         97
  C:17DEH         LINE#         98
  C:17E4H         LINE#         99
  C:17E4H         LINE#         100
  C:17E4H         LINE#         102
  C:17E4H         LINE#         103
  C:17E4H         LINE#         104
  C:17F1H         LINE#         105
  C:17FBH         LINE#         106
  C:1805H         LINE#         107
  C:1824H         LINE#         108
  C:1834H         LINE#         109
  C:183AH         LINE#         110
  C:183AH         LINE#         111
  C:183AH         LINE#         112
  C:1847H         LINE#         113
  C:1851H         LINE#         114
  C:185BH         LINE#         115
  C:187AH         LINE#         116
  C:188AH         LINE#         117
  C:1890H         LINE#         118
  C:1890H         LINE#         119
  C:1890H         LINE#         121
  C:1890H         LINE#         122
  C:1890H         LINE#         123
  C:189DH         LINE#         124
BL51 BANKED LINKER/LOCATER V6.22                                                      12/16/2017  12:36:15  PAGE 17


  C:18A7H         LINE#         125
  C:18B1H         LINE#         126
  C:18D0H         LINE#         127
  C:18E0H         LINE#         128
  C:18E6H         LINE#         129
  C:18E6H         LINE#         130
  C:18E6H         LINE#         131
  C:18F3H         LINE#         132
  C:18FDH         LINE#         133
  C:1907H         LINE#         134
  C:1926H         LINE#         135
  C:1936H         LINE#         136
  C:193CH         LINE#         137
  C:193CH         LINE#         138
  C:193CH         LINE#         140
  C:193CH         LINE#         141
  C:193CH         LINE#         142
  C:1949H         LINE#         143
  C:1953H         LINE#         144
  C:195DH         LINE#         145
  C:1967H         LINE#         146
  C:1986H         LINE#         147
  C:1996H         LINE#         148
  C:199CH         LINE#         149
  C:199CH         LINE#         150
  C:199CH         LINE#         152
  C:199CH         LINE#         153
  C:199CH         LINE#         155
  C:199CH         LINE#         156
  C:199CH         LINE#         157
  C:19A9H         LINE#         158
  C:19B3H         LINE#         159
  C:19BDH         LINE#         160
  C:19DCH         LINE#         161
  C:19ECH         LINE#         162
  C:19F2H         LINE#         163
  C:19F2H         LINE#         164
  C:19F2H         LINE#         165
  C:19FFH         LINE#         166
  C:1A09H         LINE#         167
  C:1A13H         LINE#         168
  C:1A32H         LINE#         169
  C:1A42H         LINE#         170
  C:1A48H         LINE#         171
  C:1A48H         LINE#         172
  C:1A48H         LINE#         173
  C:1A55H         LINE#         174
  C:1A5FH         LINE#         175
  C:1A69H         LINE#         176
  C:1A88H         LINE#         177
  C:1A98H         LINE#         178
  C:1A9EH         LINE#         179
  C:1A9EH         LINE#         180
  C:1A9EH         LINE#         182
  C:1A9EH         LINE#         183
  C:1A9EH         LINE#         185
  C:1A9EH         LINE#         186
BL51 BANKED LINKER/LOCATER V6.22                                                      12/16/2017  12:36:15  PAGE 18


  C:1A9EH         LINE#         187
  C:1AABH         LINE#         188
  C:1AB5H         LINE#         189
  C:1ABFH         LINE#         190
  C:1ADBH         LINE#         191
  C:1AEBH         LINE#         192
  C:1AF1H         LINE#         193
  C:1AF1H         LINE#         194
  C:1AF1H         LINE#         195
  C:1AF1H         LINE#         196
  C:1AF1H         LINE#         197
  C:1AF1H         LINE#         198
  C:1AF1H         LINE#         199
  C:1AF1H         LINE#         200
  C:1AF1H         LINE#         201
  C:1AF1H         LINE#         202
  C:1AF1H         LINE#         203
  C:1AF5H         LINE#         204
  C:1AF8H         LINE#         206
  C:1B01H         LINE#         207
  C:1B11H         LINE#         209
  C:1B11H         LINE#         210
  C:1B11H         LINE#         212
  C:1B11H         LINE#         213
  C:1B11H         LINE#         214
  C:1B17H         LINE#         215
  C:1B19H         LINE#         216
  C:1B24H         LINE#         217
  C:1B24H         LINE#         219
  -------         ENDPROC       _APP_KEY_PRO
  -------         ENDMOD        APP_KEY

  -------         MODULE        APP_WORK
  C:0000H         SYMBOL        _ICE_DUMMY_
  D:0080H         PUBLIC        P0
  D:0090H         PUBLIC        P1
  D:00A0H         PUBLIC        P2
  D:00B0H         PUBLIC        P3
  D:00D8H         PUBLIC        P5
  D:00A8H         PUBLIC        IE
  D:00B8H         PUBLIC        IP
  C:4109H         SYMBOL        app_work_pro
  C:31F1H         PUBLIC        app_work_1s_pro
  D:0098H         PUBLIC        SCON
  X:00C6H         SYMBOL        match_code_cnt
  D:0088H         PUBLIC        TCON
  D:00F8H         PUBLIC        SCON_1
  X:00C7H         SYMBOL        cnt
  D:00E8H         PUBLIC        ADCCON0
  D:00C0H         PUBLIC        I2CON
  C:3D7DH         PUBLIC        app_work_Init
  I:00BEH         PUBLIC        g_tWork
  D:00C8H         PUBLIC        T2CON
  C:4108H         PUBLIC        app_work_100ms_pro
  C:40C1H         PUBLIC        app_work_cnt_clear
  D:00D0H         PUBLIC        PSW
  -------         PROC          APP_WORK_INIT
BL51 BANKED LINKER/LOCATER V6.22                                                      12/16/2017  12:36:15  PAGE 19


  C:3D7DH         LINE#         17
  C:3D7DH         LINE#         18
  C:3D82H         LINE#         19
  C:3D86H         LINE#         20
  C:3D92H         LINE#         21
  -------         ENDPROC       APP_WORK_INIT
  -------         PROC          APP_WORK_1S_PRO
  C:31F1H         LINE#         24
  C:31F1H         LINE#         26
  C:31F6H         LINE#         27
  C:31FCH         LINE#         28
  C:3202H         LINE#         29
  C:3204H         LINE#         30
  C:3207H         LINE#         31
  C:3217H         LINE#         32
  C:321CH         LINE#         33
  C:321CH         LINE#         34
  C:321DH         LINE#         35
  C:3222H         LINE#         37
  C:3226H         LINE#         38
  C:322AH         LINE#         40
  C:322DH         LINE#         41
  C:3230H         LINE#         42
  C:3233H         LINE#         43
  C:323CH         LINE#         44
  C:324CH         LINE#         45
  C:324CH         LINE#         46
  C:3255H         LINE#         47
  C:3258H         LINE#         48
  C:3258H         LINE#         50
  C:3258H         LINE#         52
  -------         ENDPROC       APP_WORK_1S_PRO
  -------         PROC          APP_WORK_100MS_PRO
  C:4108H         LINE#         53
  C:4108H         LINE#         55
  -------         ENDPROC       APP_WORK_100MS_PRO
  -------         PROC          APP_WORK_CNT_CLEAR
  C:40C1H         LINE#         56
  C:40C1H         LINE#         57
  C:40C6H         LINE#         58
  -------         ENDPROC       APP_WORK_CNT_CLEAR
  -------         PROC          APP_WORK_PRO
  C:4109H         LINE#         59
  C:4109H         LINE#         61
  -------         ENDPROC       APP_WORK_PRO
  -------         ENDMOD        APP_WORK

  -------         MODULE        APP_REPEAT_EXE
  C:0000H         SYMBOL        _ICE_DUMMY_
  D:0080H         PUBLIC        P0
  D:0090H         PUBLIC        P1
  D:00A0H         PUBLIC        P2
  D:00B0H         PUBLIC        P3
  C:3F79H         PUBLIC        _Repeat_SetStart
  D:00D8H         PUBLIC        P5
  D:00A8H         PUBLIC        IE
  C:3FCAH         PUBLIC        app_repeat_IsEnable
BL51 BANKED LINKER/LOCATER V6.22                                                      12/16/2017  12:36:15  PAGE 20


  C:3E7FH         SYMBOL        Repeat_Stop_exe
  D:00B8H         PUBLIC        IP
  C:3F85H         PUBLIC        _Repeat_SetStop
  X:0055H         SYMBOL        g_tRepeat
  D:0098H         PUBLIC        SCON
  D:0088H         PUBLIC        TCON
  D:00F8H         PUBLIC        SCON_1
  C:3A0BH         PUBLIC        _Repeat_Start
  D:00E8H         PUBLIC        ADCCON0
  D:00C0H         PUBLIC        I2CON
  D:00C8H         PUBLIC        T2CON
  C:3DD6H         PUBLIC        Repeat_Stop
  C:2C74H         PUBLIC        Repeat_Pro
  C:3E6FH         SYMBOL        Repeat_Start_exe
  D:00D0H         PUBLIC        PSW
  -------         PROC          _REPEAT_SETSTART
  D:0001H         SYMBOL        fun
  C:3F79H         LINE#         12
  C:3F79H         LINE#         13
  C:3F84H         LINE#         14
  -------         ENDPROC       _REPEAT_SETSTART
  -------         PROC          _REPEAT_SETSTOP
  D:0001H         SYMBOL        fun
  C:3F85H         LINE#         16
  C:3F85H         LINE#         17
  C:3F90H         LINE#         18
  -------         ENDPROC       _REPEAT_SETSTOP
  -------         PROC          REPEAT_START_EXE
  C:3E6FH         LINE#         20
  C:3E6FH         LINE#         21
  C:3E7BH         LINE#         22
  C:3E7EH         LINE#         23
  C:3E7EH         LINE#         24
  -------         ENDPROC       REPEAT_START_EXE
  -------         PROC          REPEAT_STOP_EXE
  C:3E7FH         LINE#         26
  C:3E7FH         LINE#         27
  C:3E8BH         LINE#         28
  C:3E8EH         LINE#         29
  C:3E8EH         LINE#         30
  -------         ENDPROC       REPEAT_STOP_EXE
  -------         PROC          _REPEAT_START
  D:0006H         SYMBOL        _usStartTime
  D:0004H         SYMBOL        _usStopTime
  D:0002H         SYMBOL        _usCycle
  C:3A0BH         LINE#         42
  C:3A0BH         LINE#         43
  C:3A0BH         LINE#         44
  C:3A0FH         LINE#         46
  C:3A0FH         LINE#         48
  C:3A17H         LINE#         49
  C:3A1FH         LINE#         50
  C:3A27H         LINE#         51
  C:3A2CH         LINE#         52
  C:3A30H         LINE#         53
  C:3A34H         LINE#         54
  C:3A39H         LINE#         56
BL51 BANKED LINKER/LOCATER V6.22                                                      12/16/2017  12:36:15  PAGE 21


  C:3A3CH         LINE#         57
  -------         ENDPROC       _REPEAT_START
  -------         PROC          REPEAT_STOP
  C:3DD6H         LINE#         67
  C:3DD6H         LINE#         68
  C:3DDBH         LINE#         69
  C:3DDEH         LINE#         70
  C:3DE7H         LINE#         71
  -------         ENDPROC       REPEAT_STOP
  -------         PROC          APP_REPEAT_ISENABLE
  C:3FCAH         LINE#         75
  C:3FCAH         LINE#         76
  C:3FD0H         LINE#         77
  C:3FD2H         LINE#         78
  C:3FD2H         LINE#         79
  C:3FD3H         LINE#         80
  -------         ENDPROC       APP_REPEAT_ISENABLE
  -------         PROC          REPEAT_PRO
  C:2C74H         LINE#         90
  C:2C74H         LINE#         92
  C:2C8BH         LINE#         94
  C:2C8BH         LINE#         96
  C:2C91H         LINE#         97
  C:2C9DH         LINE#         98
  C:2C9DH         LINE#         99
  C:2CB6H         LINE#         100
  C:2CB9H         LINE#         101
  C:2CC0H         LINE#         102
  C:2CC5H         LINE#         103
  C:2CC5H         LINE#         104
  C:2CC6H         LINE#         106
  C:2CC6H         LINE#         107
  C:2CCEH         LINE#         108
  C:2CE6H         LINE#         110
  C:2CF5H         LINE#         111
  C:2D08H         LINE#         113
  C:2D0DH         LINE#         114
  C:2D0DH         LINE#         116
  C:2D13H         LINE#         117
  C:2D1AH         LINE#         119
  C:2D1AH         LINE#         120
  C:2D1AH         LINE#         121
  C:2D21H         LINE#         122
  C:2D25H         LINE#         124
  C:2D28H         LINE#         125
  C:2D28H         LINE#         126
  C:2D28H         LINE#         128
  -------         ENDPROC       REPEAT_PRO
  -------         ENDMOD        APP_REPEAT_EXE

  -------         MODULE        APP_2D4
  C:0000H         SYMBOL        _ICE_DUMMY_
  D:0080H         PUBLIC        P0
  D:0090H         PUBLIC        P1
  D:00A0H         PUBLIC        P2
  D:00B0H         PUBLIC        P3
  C:3B89H         PUBLIC        app_2d4_init
BL51 BANKED LINKER/LOCATER V6.22                                                      12/16/2017  12:36:15  PAGE 22


  D:00D8H         PUBLIC        P5
  C:3EBCH         SYMBOL        BT_prev_show_lcd_resp
  D:00A8H         PUBLIC        IE
  C:3EDAH         SYMBOL        LED_clear_blink_name_show_lcd_resp
  C:3EADH         SYMBOL        BT_next_show_lcd_resp
  C:3937H         PUBLIC        app_2d4_switch_public_address
  C:3D95H         SYMBOL        speaker_status_resp
  D:00B8H         PUBLIC        IP
  C:2F96H         PUBLIC        app_2d4_pro
  C:3F91H         PUBLIC        app_2d4_switch_saved_address
  C:376EH         PUBLIC        _app_get_saved_address
  D:0098H         PUBLIC        SCON
  D:0088H         PUBLIC        TCON
  C:3A3DH         SYMBOL        USB_track_show_lcd_resp
  C:3E8FH         SYMBOL        clear_lcd_resp
  C:3E9EH         SYMBOL        USB_pause_show_lcd_resp
  C:29DBH         SYMBOL        _?ix1000
  C:29EBH         SYMBOL        _?ix1001
  C:29F0H         SYMBOL        _?ix1002
  D:00F8H         PUBLIC        SCON_1
  C:3DABH         SYMBOL        relay_status_resp
  C:3ECBH         SYMBOL        LED_show_blink_name_show_lcd_resp
  I:009DH         PUBLIC        sendBuf
  C:39A5H         SYMBOL        FM_station_show_lcd_resp
  I:00ADH         SYMBOL        sendRcv_flag
  D:00E8H         PUBLIC        ADCCON0
  D:00C0H         PUBLIC        I2CON
  C:3FF0H         SYMBOL        AUX_mute_show_lcd_resp
  D:00C8H         PUBLIC        T2CON
  I:00AEH         SYMBOL        rcvBuf
  C:3FE7H         SYMBOL        BT_pause_show_lcd_resp
  C:37B1H         SYMBOL        vol_resp
  X:0078H         SYMBOL        tmpBuf
  C:005EH         SYMBOL        _app_2d4_Rcv
  C:371DH         PUBLIC        _app_2d4_send
  D:00D0H         PUBLIC        PSW
  -------         PROC          APP_2D4_INIT
  C:3B89H         LINE#         23
  C:3B89H         LINE#         25
  C:3B8DH         LINE#         26
  C:3B99H         LINE#         27
  C:3BA8H         LINE#         29
  C:3BABH         LINE#         30
  -------         ENDPROC       APP_2D4_INIT
  -------         PROC          _APP_GET_SAVED_ADDRESS
  X:000AH         SYMBOL        addr
  -------         DO            
  X:000DH         SYMBOL        i
  -------         ENDDO         
  C:376EH         LINE#         35
  C:3779H         LINE#         36
  C:377CH         LINE#         37
  C:3787H         LINE#         38
  C:37A8H         LINE#         39
  C:37B0H         LINE#         40
  -------         ENDPROC       _APP_GET_SAVED_ADDRESS
  -------         PROC          APP_2D4_SWITCH_PUBLIC_ADDRESS
BL51 BANKED LINKER/LOCATER V6.22                                                      12/16/2017  12:36:15  PAGE 23


  C:3937H         LINE#         41
  C:3937H         LINE#         42
  C:394AH         LINE#         44
  C:394EH         LINE#         45
  C:395AH         LINE#         46
  C:3969H         LINE#         48
  C:396CH         LINE#         49
  -------         ENDPROC       APP_2D4_SWITCH_PUBLIC_ADDRESS
  -------         PROC          APP_2D4_SWITCH_SAVED_ADDRESS
  C:3F91H         LINE#         51
  C:3F91H         LINE#         52
  C:3F9AH         LINE#         53
  -------         ENDPROC       APP_2D4_SWITCH_SAVED_ADDRESS
  -------         PROC          _APP_2D4_SEND
  X:0005H         SYMBOL        d
  X:0008H         SYMBOL        len
  C:371DH         LINE#         55
  C:372BH         LINE#         57
  C:3730H         LINE#         59
  C:3730H         LINE#         61
  C:3733H         LINE#         62
  C:3737H         LINE#         64
  C:3752H         LINE#         65
  C:376DH         LINE#         66
  C:376DH         LINE#         68
  -------         ENDPROC       _APP_2D4_SEND
  -------         PROC          SPEAKER_STATUS_RESP
  C:3D95H         LINE#         69
  C:3D95H         LINE#         70
  C:3D9DH         LINE#         71
  C:3DA1H         LINE#         72
  C:3DA3H         LINE#         73
  C:3DAAH         LINE#         74
  C:3DAAH         LINE#         75
  -------         ENDPROC       SPEAKER_STATUS_RESP
  -------         PROC          RELAY_STATUS_RESP
  C:3DABH         LINE#         76
  C:3DABH         LINE#         77
  C:3DB3H         LINE#         78
  C:3DB7H         LINE#         79
  C:3DB9H         LINE#         80
  C:3DC0H         LINE#         81
  C:3DC0H         LINE#         83
  -------         ENDPROC       RELAY_STATUS_RESP
  -------         PROC          VOL_RESP
  -------         DO            
  X:000AH         SYMBOL        str
  -------         ENDDO         
  C:37B1H         LINE#         84
  C:37B1H         LINE#         85
  C:37C4H         LINE#         88
  C:37C7H         LINE#         89
  C:37CAH         LINE#         91
  C:37EBH         LINE#         92
  -------         ENDPROC       VOL_RESP
  -------         PROC          CLEAR_LCD_RESP
  C:3E8FH         LINE#         95
BL51 BANKED LINKER/LOCATER V6.22                                                      12/16/2017  12:36:15  PAGE 24


  C:3E8FH         LINE#         96
  C:3E98H         LINE#         98
  C:3E9BH         LINE#         99
  -------         ENDPROC       CLEAR_LCD_RESP
  -------         PROC          BT_PAUSE_SHOW_LCD_RESP
  C:3FE7H         LINE#         101
  C:3FE7H         LINE#         102
  -------         ENDPROC       BT_PAUSE_SHOW_LCD_RESP
  -------         PROC          AUX_MUTE_SHOW_LCD_RESP
  C:3FF0H         LINE#         122
  C:3FF0H         LINE#         123
  -------         ENDPROC       AUX_MUTE_SHOW_LCD_RESP
  -------         PROC          USB_PAUSE_SHOW_LCD_RESP
  C:3E9EH         LINE#         126
  C:3E9EH         LINE#         127
  C:3EA7H         LINE#         128
  C:3EAAH         LINE#         129
  -------         ENDPROC       USB_PAUSE_SHOW_LCD_RESP
  -------         PROC          BT_NEXT_SHOW_LCD_RESP
  C:3EADH         LINE#         138
  C:3EADH         LINE#         139
  C:3EB6H         LINE#         140
  C:3EB9H         LINE#         141
  -------         ENDPROC       BT_NEXT_SHOW_LCD_RESP
  -------         PROC          BT_PREV_SHOW_LCD_RESP
  C:3EBCH         LINE#         143
  C:3EBCH         LINE#         144
  C:3EC5H         LINE#         145
  C:3EC8H         LINE#         146
  -------         ENDPROC       BT_PREV_SHOW_LCD_RESP
  -------         PROC          FM_STATION_SHOW_LCD_RESP
  C:39A5H         LINE#         148
  C:39A5H         LINE#         149
  C:39C6H         LINE#         150
  C:39CFH         LINE#         151
  C:39D2H         LINE#         152
  C:39D5H         LINE#         153
  -------         ENDPROC       FM_STATION_SHOW_LCD_RESP
  -------         PROC          USB_TRACK_SHOW_LCD_RESP
  C:3A3DH         LINE#         155
  C:3A3DH         LINE#         156
  C:3A60H         LINE#         157
  C:3A69H         LINE#         158
  C:3A6CH         LINE#         159
  -------         ENDPROC       USB_TRACK_SHOW_LCD_RESP
  -------         PROC          LED_SHOW_BLINK_NAME_SHOW_LCD_RESP
  C:3ECBH         LINE#         161
  C:3ECBH         LINE#         163
  C:3ED4H         LINE#         165
  C:3ED7H         LINE#         166
  -------         ENDPROC       LED_SHOW_BLINK_NAME_SHOW_LCD_RESP
  -------         PROC          LED_CLEAR_BLINK_NAME_SHOW_LCD_RESP
  C:3EDAH         LINE#         168
  C:3EDAH         LINE#         170
  C:3EE3H         LINE#         171
  C:3EE6H         LINE#         172
  -------         ENDPROC       LED_CLEAR_BLINK_NAME_SHOW_LCD_RESP
BL51 BANKED LINKER/LOCATER V6.22                                                      12/16/2017  12:36:15  PAGE 25


  -------         PROC          _APP_2D4_RCV
  X:0003H         SYMBOL        buf
  -------         DO            
  X:0006H         SYMBOL        i
  X:0007H         SYMBOL        index
  X:0008H         SYMBOL        check
  -------         DO            
  X:0009H         SYMBOL        eq
  I:000FH         SYMBOL        address_saved_tmp
  I:0014H         SYMBOL        address_sended_tmp
  -------         ENDDO         
  -------         DO            
  B:0021H.1       SYMBOL        aux_pause_lock
  -------         ENDDO         
  -------         ENDDO         
  C:005EH         LINE#         177
  C:0069H         LINE#         178
  C:006CH         LINE#         179
  C:006EH         LINE#         180
  C:0070H         LINE#         182
  C:007AH         LINE#         184
  C:007AH         LINE#         186
  C:0093H         LINE#         188
  C:0093H         LINE#         189
  C:00BFH         LINE#         190
  C:00D4H         LINE#         191
  C:00DCH         LINE#         192
  C:0102H         LINE#         194
  C:0102H         LINE#         200
  C:0111H         LINE#         201
  C:0116H         LINE#         202
  C:0119H         LINE#         204
  C:015EH         LINE#         205
  C:015EH         LINE#         206
  C:0163H         LINE#         208
  C:0174H         LINE#         210
  C:0187H         LINE#         212
  C:0196H         LINE#         213
  C:01A5H         LINE#         215
  C:01AEH         LINE#         216
  C:01CBH         LINE#         218
  C:01D1H         LINE#         219
  C:01D6H         LINE#         220
  C:01E6H         LINE#         221
  C:01EBH         LINE#         222
  C:01EDH         LINE#         223
  C:01EDH         LINE#         224
  C:01F7H         LINE#         225
  C:01FDH         LINE#         226
  C:0202H         LINE#         227
  C:0211H         LINE#         229
  C:0223H         LINE#         233
  C:0223H         LINE#         235
  C:0223H         LINE#         236
  C:0227H         LINE#         238
  C:022AH         LINE#         240
  C:0230H         LINE#         241
BL51 BANKED LINKER/LOCATER V6.22                                                      12/16/2017  12:36:15  PAGE 26


  C:0230H         LINE#         242
  C:0233H         LINE#         243
  C:0233H         LINE#         247
  C:0236H         LINE#         249
  C:0239H         LINE#         250
  C:023CH         LINE#         251
  C:023FH         LINE#         252
  C:0242H         LINE#         253
  C:0245H         LINE#         254
  C:0264H         LINE#         255
  C:0264H         LINE#         256
  C:0267H         LINE#         257
  C:0269H         LINE#         258
  C:0269H         LINE#         259
  C:026CH         LINE#         260
  C:026EH         LINE#         261
  C:026EH         LINE#         262
  C:0271H         LINE#         263
  C:0273H         LINE#         264
  C:0273H         LINE#         265
  C:0276H         LINE#         266
  C:0276H         LINE#         267
  C:0276H         LINE#         268
  C:0276H         LINE#         269
  C:0276H         LINE#         270
  C:0276H         LINE#         271
  C:0276H         LINE#         273
  C:0285H         LINE#         274
  C:02A2H         LINE#         275
  C:02BBH         LINE#         277
  C:02CEH         LINE#         278
  C:02D7H         LINE#         279
  C:02E0H         LINE#         280
  C:02E8H         LINE#         281
  C:02E8H         LINE#         282
  C:02E8H         LINE#         283
  C:02EBH         LINE#         284
  C:02F3H         LINE#         285
  C:02F3H         LINE#         286
  C:02F3H         LINE#         287
  C:02F3H         LINE#         289
  C:02F3H         LINE#         290
  C:02F6H         LINE#         291
  C:02F6H         LINE#         292
  C:02F9H         LINE#         294
  C:02FCH         LINE#         295
  C:02FFH         LINE#         297
  C:0302H         LINE#         298
  C:0305H         LINE#         299
  C:0308H         LINE#         300
  C:030BH         LINE#         301
  C:030EH         LINE#         303
  C:0323H         LINE#         304
  C:0329H         LINE#         305
  C:0332H         LINE#         306
  C:033BH         LINE#         307
  C:0345H         LINE#         308
BL51 BANKED LINKER/LOCATER V6.22                                                      12/16/2017  12:36:15  PAGE 27


  C:0360H         LINE#         309
  C:0366H         LINE#         310
  C:036FH         LINE#         311
  C:0378H         LINE#         312
  C:0380H         LINE#         313
  C:0380H         LINE#         314
  C:0383H         LINE#         315
  C:0383H         LINE#         336
  C:0383H         LINE#         337
  C:0383H         LINE#         338
  C:03A1H         LINE#         339
  C:03A1H         LINE#         341
  C:03A8H         LINE#         342
  C:03ABH         LINE#         343
  C:03AFH         LINE#         344
  C:03AFH         LINE#         345
  C:03B2H         LINE#         346
  C:03B5H         LINE#         347
  C:03B8H         LINE#         348
  C:03BBH         LINE#         350
  C:03BEH         LINE#         351
  C:03D2H         LINE#         352
  C:03DFH         LINE#         353
  C:03F5H         LINE#         354
  C:0402H         LINE#         355
  C:0418H         LINE#         356
  C:0425H         LINE#         357
  C:043BH         LINE#         358
  C:0452H         LINE#         359
  C:0452H         LINE#         360
  C:0452H         LINE#         361
  C:0455H         LINE#         362
  C:0455H         LINE#         363
  C:0458H         LINE#         364
  C:045BH         LINE#         367
  C:049BH         LINE#         371
  C:049EH         LINE#         372
  C:049EH         LINE#         374
  C:049EH         LINE#         375
  C:049EH         LINE#         377
  C:049EH         LINE#         378
  C:049EH         LINE#         380
  C:049EH         LINE#         381
  C:049EH         LINE#         382
  C:049EH         LINE#         383
  C:049EH         LINE#         384
  C:049EH         LINE#         385
  C:049EH         LINE#         386
  C:04CCH         LINE#         387
  C:04CCH         LINE#         388
  C:04D5H         LINE#         389
  C:04D5H         LINE#         395
  C:04F0H         LINE#         396
  C:04F9H         LINE#         397
  C:0502H         LINE#         398
  C:050AH         LINE#         399
  C:050AH         LINE#         400
BL51 BANKED LINKER/LOCATER V6.22                                                      12/16/2017  12:36:15  PAGE 28


  C:050DH         LINE#         401
  C:050DH         LINE#         402
  C:0522H         LINE#         403
  C:052FH         LINE#         404
  C:052FH         LINE#         405
  C:0544H         LINE#         409
  C:0544H         LINE#         410
  C:0547H         LINE#         411
  C:0547H         LINE#         412
  C:0547H         LINE#         414
  C:054AH         LINE#         415
  C:054DH         LINE#         417
  C:0550H         LINE#         418
  C:0553H         LINE#         419
  C:0556H         LINE#         420
  C:0559H         LINE#         421
  C:055CH         LINE#         423
  C:055FH         LINE#         424
  C:0574H         LINE#         425
  C:0577H         LINE#         426
  C:057AH         LINE#         427
  C:057CH         LINE#         428
  C:057CH         LINE#         429
  C:0593H         LINE#         430
  C:0593H         LINE#         431
  C:05AEH         LINE#         432
  C:05B0H         LINE#         433
  C:05B9H         LINE#         434
  C:05C2H         LINE#         435
  C:05CAH         LINE#         436
  C:05CAH         LINE#         437
  C:05CAH         LINE#         438
  C:05CDH         LINE#         439
  C:05CDH         LINE#         440
  C:05E1H         LINE#         441
  C:05E4H         LINE#         445
  C:05FFH         LINE#         446
  C:0608H         LINE#         447
  C:0611H         LINE#         448
  C:0619H         LINE#         449
  C:0619H         LINE#         450
  C:061CH         LINE#         451
  C:061CH         LINE#         452
  C:0631H         LINE#         453
  C:0645H         LINE#         454
  C:064EH         LINE#         455
  C:0657H         LINE#         456
  C:065FH         LINE#         458
  C:0662H         LINE#         459
  C:0672H         LINE#         463
  C:0672H         LINE#         464
  C:0675H         LINE#         465
  C:0675H         LINE#         466
  C:0675H         LINE#         467
  C:0675H         LINE#         468
  C:0675H         LINE#         469
  C:0675H         LINE#         470
BL51 BANKED LINKER/LOCATER V6.22                                                      12/16/2017  12:36:15  PAGE 29


  C:069EH         LINE#         471
  C:069EH         LINE#         472
  C:06A7H         LINE#         473
  C:06B0H         LINE#         474
  C:06B9H         LINE#         475
  C:06C3H         LINE#         476
  C:06DEH         LINE#         477
  C:06E7H         LINE#         478
  C:06F0H         LINE#         479
  C:06FAH         LINE#         480
  C:06FAH         LINE#         481
  C:06FDH         LINE#         482
  C:06FDH         LINE#         483
  C:0700H         LINE#         484
  C:0714H         LINE#         485
  C:071DH         LINE#         486
  C:0726H         LINE#         487
  C:0730H         LINE#         488
  C:0733H         LINE#         489
  C:0733H         LINE#         490
  C:0733H         LINE#         491
  C:0733H         LINE#         492
  C:074AH         LINE#         493
  C:0757H         LINE#         494
  C:0760H         LINE#         495
  C:0769H         LINE#         496
  C:0773H         LINE#         498
  C:0776H         LINE#         499
  C:0776H         LINE#         500
  C:0786H         LINE#         501
  C:0789H         LINE#         502
  C:0789H         LINE#         503
  C:0789H         LINE#         504
  C:0789H         LINE#         505
  C:0789H         LINE#         506
  C:0789H         LINE#         507
  C:0789H         LINE#         508
  C:0789H         LINE#         509
  C:0790H         LINE#         510
  C:0793H         LINE#         511
  C:0797H         LINE#         512
  C:0797H         LINE#         513
  C:079AH         LINE#         514
  C:079DH         LINE#         515
  C:07A0H         LINE#         516
  C:07A3H         LINE#         518
  C:07A6H         LINE#         519
  C:07C2H         LINE#         520
  C:07CBH         LINE#         521
  C:07CDH         LINE#         523
  C:0808H         LINE#         524
  C:0808H         LINE#         525
  C:081EH         LINE#         526
  C:0821H         LINE#         527
  C:0821H         LINE#         528
  C:0828H         LINE#         529
  C:082BH         LINE#         530
BL51 BANKED LINKER/LOCATER V6.22                                                      12/16/2017  12:36:15  PAGE 30


  C:082FH         LINE#         531
  C:082FH         LINE#         533
  C:0832H         LINE#         534
  C:0835H         LINE#         535
  C:0838H         LINE#         536
  C:083BH         LINE#         538
  C:083EH         LINE#         539
  C:0841H         LINE#         541
  C:0858H         LINE#         542
  C:0866H         LINE#         543
  C:0884H         LINE#         544
  C:088DH         LINE#         545
  C:088FH         LINE#         546
  C:08CAH         LINE#         547
  C:08CAH         LINE#         548
  C:08E0H         LINE#         549
  C:08E3H         LINE#         550
  C:08E3H         LINE#         551
  C:08F9H         LINE#         552
  C:0902H         LINE#         553
  C:090BH         LINE#         554
  C:0915H         LINE#         555
  C:0918H         LINE#         557
  C:0918H         LINE#         558
  C:092DH         LINE#         559
  C:0941H         LINE#         560
  C:094AH         LINE#         561
  C:0953H         LINE#         562
  C:095BH         LINE#         563
  C:095EH         LINE#         564
  C:0978H         LINE#         565
  C:0981H         LINE#         566
  C:098AH         LINE#         567
  C:0994H         LINE#         568
  C:0994H         LINE#         569
  C:0997H         LINE#         570
  C:0997H         LINE#         571
  C:099AH         LINE#         572
  C:099DH         LINE#         573
  C:09B3H         LINE#         574
  C:09B7H         LINE#         575
  C:09B9H         LINE#         576
  C:09BDH         LINE#         577
  C:09BDH         LINE#         578
  C:09C6H         LINE#         579
  C:09CFH         LINE#         580
  C:09D9H         LINE#         581
  C:09DCH         LINE#         582
  C:09DCH         LINE#         595
  C:09F4H         LINE#         596
  C:09F7H         LINE#         597
  C:0A0CH         LINE#         598
  C:0A20H         LINE#         599
  C:0A2FH         LINE#         600
  C:0A3CH         LINE#         601
  C:0A4CH         LINE#         602
  C:0A4CH         LINE#         603
BL51 BANKED LINKER/LOCATER V6.22                                                      12/16/2017  12:36:15  PAGE 31


  C:0A54H         LINE#         604
  C:0A5DH         LINE#         605
  C:0A66H         LINE#         606
  C:0A6FH         LINE#         607
  C:0A72H         LINE#         609
  C:0A89H         LINE#         614
  C:0A89H         LINE#         615
  C:0A8CH         LINE#         616
  C:0A8FH         LINE#         617
  C:0A8FH         LINE#         618
  C:0A92H         LINE#         619
  C:0A92H         LINE#         620
  C:0AAFH         LINE#         621
  C:0AC9H         LINE#         622
  C:0AD2H         LINE#         623
  C:0ADBH         LINE#         624
  C:0AE7H         LINE#         625
  C:0AE9H         LINE#         626
  C:0AE9H         LINE#         627
  C:0B06H         LINE#         628
  C:0B20H         LINE#         629
[...]
  C:3AC2H         LINE#         216
  -------         ENDPROC       _INITIALUART0_TIMER1_TYPE4
  -------         PROC          _INITIALUART0_TIMER3_TYPE5
  X:00AAH         SYMBOL        u32Baudrate
  C:3328H         LINE#         218
  C:332EH         LINE#         219
  C:332EH         LINE#         220
  C:3331H         LINE#         221
  C:3334H         LINE#         222
  C:3337H         LINE#         223
  C:333AH         LINE#         226
  C:3368H         LINE#         227
  C:3387H         LINE#         233
  C:338AH         LINE#         234
  -------         ENDPROC       _INITIALUART0_TIMER3_TYPE5
  -------         PROC          _INITIALUART0_TIMER3_TYPE6
  X:00AEH         SYMBOL        u32Baudrate
  C:338BH         LINE#         236
  C:3391H         LINE#         237
  C:3391H         LINE#         238
  C:3394H         LINE#         239
  C:3397H         LINE#         240
  C:339AH         LINE#         241
  C:339DH         LINE#         244
  C:33CBH         LINE#         245
  C:33EAH         LINE#         251
  C:33EDH         LINE#         252
  -------         ENDPROC       _INITIALUART0_TIMER3_TYPE6
  -------         PROC          _INITIALUART1_TIMER3
  X:00B2H         SYMBOL        u32Baudrate
  C:34AEH         LINE#         254
  C:34B4H         LINE#         255
  C:34B4H         LINE#         256
  C:34B7H         LINE#         257
  C:34BAH         LINE#         260
  C:34E8H         LINE#         261
BL51 BANKED LINKER/LOCATER V6.22                                                      12/16/2017  12:36:15  PAGE 74


  C:3507H         LINE#         267
  C:350AH         LINE#         268
  -------         ENDPROC       _INITIALUART1_TIMER3
  -------         PROC          RECEIVE_DATA_FROM_UART0
  -------         DO            
  D:0007H         SYMBOL        c
  -------         ENDDO         
  C:0053H         LINE#         280
  C:0053H         LINE#         283
  C:0056H         LINE#         285
  C:0058H         LINE#         286
  C:005AH         LINE#         287
  C:005AH         LINE#         288
  -------         ENDPROC       RECEIVE_DATA_FROM_UART0
  -------         PROC          _SEND_DATA_TO_UART0
  D:0007H         SYMBOL        c
  C:401DH         LINE#         300
  C:401DH         LINE#         301
  C:401FH         LINE#         302
  C:4021H         LINE#         303
  C:4024H         LINE#         305
  -------         ENDPROC       _SEND_DATA_TO_UART0
  -------         PROC          RECEIVE_DATA_FROM_UART1
  -------         DO            
  D:0007H         SYMBOL        c
  -------         ENDDO         
  C:4025H         LINE#         317
  C:4025H         LINE#         320
  C:4028H         LINE#         322
  C:402AH         LINE#         323
  C:402CH         LINE#         324
  C:402CH         LINE#         325
  -------         ENDPROC       RECEIVE_DATA_FROM_UART1
  -------         PROC          _SEND_DATA_TO_UART1
  D:0007H         SYMBOL        c
  C:402DH         LINE#         337
  C:402DH         LINE#         338
  C:402FH         LINE#         339
  C:4031H         LINE#         340
  C:4034H         LINE#         342
  -------         ENDPROC       _SEND_DATA_TO_UART1
  -------         PROC          SET_ALL_GPIO_QUASI_MODE
  C:3D49H         LINE#         344
  C:3D49H         LINE#         345
  C:3D4CH         LINE#         346
  C:3D4EH         LINE#         347
  C:3D50H         LINE#         348
  C:3D52H         LINE#         349
  C:3D54H         LINE#         350
  C:3D56H         LINE#         351
  C:3D58H         LINE#         352
  C:3D5AH         LINE#         353
  C:3D5CH         LINE#         354
  C:3D5EH         LINE#         355
  C:3D60H         LINE#         356
  C:3D62H         LINE#         357
  -------         ENDPROC       SET_ALL_GPIO_QUASI_MODE
BL51 BANKED LINKER/LOCATER V6.22                                                      12/16/2017  12:36:15  PAGE 75


  -------         PROC          SET_ALL_GPIO_INPUT_MODE
  C:3C82H         LINE#         359
  C:3C82H         LINE#         360
  C:3C85H         LINE#         361
  C:3C88H         LINE#         362
  C:3C8BH         LINE#         363
  C:3C8DH         LINE#         364
  C:3C90H         LINE#         365
  C:3C92H         LINE#         366
  C:3C95H         LINE#         367
  C:3C97H         LINE#         368
  C:3C9AH         LINE#         369
  C:3C9CH         LINE#         370
  C:3C9FH         LINE#         371
  C:3CA1H         LINE#         372
  -------         ENDPROC       SET_ALL_GPIO_INPUT_MODE
  -------         PROC          SW_RESET
  C:3D63H         LINE#         375
  C:3D63H         LINE#         376
  C:3D66H         LINE#         377
  C:3D69H         LINE#         378
  C:3D7CH         LINE#         380
  -------         ENDPROC       SW_RESET
  -------         PROC          FSYS_CLOCK_OUTPUT_ON_P26
  C:40F5H         LINE#         382
  C:40F5H         LINE#         383
  C:40F8H         LINE#         384
  -------         ENDPROC       FSYS_CLOCK_OUTPUT_ON_P26
  -------         PROC          _PUTCHAR
  D:0007H         SYMBOL        c
  C:38FAH         LINE#         393
  C:38FAH         LINE#         431
  C:38FFH         LINE#         432
  C:3902H         LINE#         433
  C:3907H         LINE#         434
  C:3907H         LINE#         435
  C:3909H         LINE#         436
  C:390CH         LINE#         438
  C:3911H         LINE#         439
  C:3913H         LINE#         440
  C:3913H         LINE#         441
  C:3913H         LINE#         442
  C:3916H         LINE#         444
  C:3918H         LINE#         445
  C:391BH         LINE#         446
  C:391BH         LINE#         447
  C:391EH         LINE#         448
  C:3923H         LINE#         449
  C:3923H         LINE#         450
  C:3925H         LINE#         451
  C:3928H         LINE#         453
  C:392DH         LINE#         454
  C:392FH         LINE#         455
  C:392FH         LINE#         456
  C:392FH         LINE#         457
  C:3932H         LINE#         459
  C:3934H         LINE#         460
BL51 BANKED LINKER/LOCATER V6.22                                                      12/16/2017  12:36:15  PAGE 76


  C:3936H         LINE#         462
  -------         ENDPROC       _PUTCHAR
  -------         ENDMOD        COMMON

  -------         MODULE        DELAY
  C:0000H         SYMBOL        _ICE_DUMMY_
  D:0080H         PUBLIC        P0
  D:0090H         PUBLIC        P1
  D:00A0H         PUBLIC        P2
  D:00B0H         PUBLIC        P3
  D:008FH         PUBLIC        WKCON
  D:00D8H         PUBLIC        P5
  D:00A8H         PUBLIC        IE
  D:00B8H         PUBLIC        IP
  C:35C2H         PUBLIC        _Timer0_Delay1ms
  C:361BH         PUBLIC        _Timer1_Delay1ms
  C:3567H         PUBLIC        _Timer3_Delay1ms
  D:0098H         PUBLIC        SCON
  D:0089H         PUBLIC        TMOD
  D:0088H         PUBLIC        TCON
  C:301BH         PUBLIC        _?Random_Delay
  C:3C61H         PUBLIC        _Delay10us
  D:00F8H         PUBLIC        SCON_1
  B:0088H.5       PUBLIC        TF0
  B:0088H.7       PUBLIC        TF1
  D:008CH         PUBLIC        TH0
  D:00C6H         PUBLIC        R3H
  D:008DH         PUBLIC        TH1
  D:008AH         PUBLIC        TL0
  C:33EEH         PUBLIC        _WakeUp_Timer_Delay25ms
  D:00C5H         PUBLIC        R3L
  D:008BH         PUBLIC        TL1
  B:0088H.4       PUBLIC        TR0
  B:0088H.6       PUBLIC        TR1
  D:00E8H         PUBLIC        ADCCON0
  D:00C0H         PUBLIC        I2CON
  D:00C8H         PUBLIC        T2CON
  D:00C4H         PUBLIC        T3CON
  D:008EH         PUBLIC        CKCON
  D:0086H         PUBLIC        RWK
  D:00D0H         PUBLIC        PSW
  -------         PROC          _?RANDOM_DELAY
  -------         DO            
  x:0000H         SYMBOL        u32CNT
  x:0004H         SYMBOL        u32Tmp
  -------         ENDDO         
  C:301BH         LINE#         36
  C:3021H         LINE#         37
  C:3021H         LINE#         41
  C:304CH         LINE#         42
  C:304CH         LINE#         43
  C:3071H         LINE#         44
  C:3098H         LINE#         45
  -------         ENDPROC       _?RANDOM_DELAY
  -------         PROC          _DELAY10US
  D:0006H         SYMBOL        u16CNT
  C:3C61H         LINE#         47
BL51 BANKED LINKER/LOCATER V6.22                                                      12/16/2017  12:36:15  PAGE 77


  C:3C61H         LINE#         48
  C:3C64H         LINE#         49
  C:3C67H         LINE#         50
  C:3C69H         LINE#         51
  C:3C6DH         LINE#         52
  C:3C70H         LINE#         53
  C:3C73H         LINE#         54
  C:3C76H         LINE#         56
  C:3C78H         LINE#         57
  C:3C7DH         LINE#         58
  C:3C7FH         LINE#         59
  C:3C81H         LINE#         60
  -------         ENDPROC       _DELAY10US
  -------         PROC          _TIMER0_DELAY1MS
  X:00B6H         SYMBOL        u32CNT
  C:35C2H         LINE#         62
  C:35C8H         LINE#         63
  C:35CBH         LINE#         64
  C:35CEH         LINE#         65
  C:35D0H         LINE#         66
  C:35E9H         LINE#         67
  C:35ECH         LINE#         68
  C:35EFH         LINE#         69
  C:35F2H         LINE#         71
  C:35F4H         LINE#         72
  C:3616H         LINE#         73
  C:3618H         LINE#         74
  C:361AH         LINE#         75
  -------         ENDPROC       _TIMER0_DELAY1MS
  -------         PROC          _TIMER1_DELAY1MS
  X:00BAH         SYMBOL        u32CNT
  C:361BH         LINE#         77
  C:3621H         LINE#         78
  C:3624H         LINE#         79
  C:3627H         LINE#         80
  C:3629H         LINE#         81
  C:3642H         LINE#         82
  C:3645H         LINE#         83
  C:3648H         LINE#         84
  C:364BH         LINE#         86
  C:364DH         LINE#         87
  C:366FH         LINE#         88
  C:3671H         LINE#         89
  C:3673H         LINE#         90
  -------         ENDPROC       _TIMER1_DELAY1MS
  -------         PROC          _TIMER3_DELAY1MS
  X:00BEH         SYMBOL        u32CNT
  C:3567H         LINE#         92
  C:356DH         LINE#         93
  C:3570H         LINE#         94
  C:3573H         LINE#         95
  C:358CH         LINE#         96
  C:358FH         LINE#         97
  C:3592H         LINE#         98
  C:3597H         LINE#         100
  C:359AH         LINE#         101
  C:35BCH         LINE#         102
BL51 BANKED LINKER/LOCATER V6.22                                                      12/16/2017  12:36:15  PAGE 78


  C:35BEH         LINE#         103
  C:35C1H         LINE#         104
  -------         ENDPROC       _TIMER3_DELAY1MS
  -------         PROC          _WAKEUP_TIMER_DELAY25MS
  X:00C2H         SYMBOL        u32CNT
  C:33EEH         LINE#         106
  C:33F4H         LINE#         107
  C:33F4H         LINE#         108
  C:33F7H         LINE#         109
  C:33FAH         LINE#         110
  C:33FDH         LINE#         112
  C:3400H         LINE#         114
  C:3403H         LINE#         115
  C:3406H         LINE#         116
  C:341FH         LINE#         117
  C:3424H         LINE#         119
  C:3427H         LINE#         120
  C:3449H         LINE#         121
  C:344BH         LINE#         122
  C:344EH         LINE#         123
  -------         ENDPROC       _WAKEUP_TIMER_DELAY25MS
  -------         ENDMOD        DELAY

  -------         MODULE        VERSION
  C:0000H         SYMBOL        _ICE_DUMMY_
  D:0080H         PUBLIC        P0
  D:0090H         PUBLIC        P1
  D:00A0H         PUBLIC        P2
  D:00B0H         PUBLIC        P3
  D:00D8H         PUBLIC        P5
  D:00A8H         PUBLIC        IE
  D:00B8H         PUBLIC        IP
  D:0098H         PUBLIC        SCON
  D:0088H         PUBLIC        TCON
  D:00F8H         PUBLIC        SCON_1
  C:344FH         PUBLIC        Show_FW_Version_Number_To_PC
  D:00E8H         PUBLIC        ADCCON0
  D:00C0H         PUBLIC        I2CON
  D:00C8H         PUBLIC        T2CON
  D:00D0H         PUBLIC        PSW
  -------         PROC          SHOW_FW_VERSION_NUMBER_TO_PC
  C:344FH         LINE#         32
  C:344FH         LINE#         33
  C:344FH         LINE#         34
  C:3458H         LINE#         35
  C:3461H         LINE#         36
  C:346AH         LINE#         37
  C:3484H         LINE#         38
  C:34A5H         LINE#         39
  -------         ENDPROC       SHOW_FW_VERSION_NUMBER_TO_PC
  -------         ENDMOD        VERSION

  -------         MODULE        ?C_STARTUP
  C:2E76H         SEGMENT       ?C_C51STARTUP
  I:00C6H         SEGMENT       ?STACK
  C:0000H         PUBLIC        ?C_STARTUP
  D:00E0H         SYMBOL        ACC
BL51 BANKED LINKER/LOCATER V6.22                                                      12/16/2017  12:36:15  PAGE 79


  D:00F0H         SYMBOL        B
  D:0083H         SYMBOL        DPH
  D:0082H         SYMBOL        DPL
  N:0000H         SYMBOL        IBPSTACK
  N:0100H         SYMBOL        IBPSTACKTOP
  N:0080H         SYMBOL        IDATALEN
  C:2E79H         SYMBOL        IDATALOOP
  N:0000H         SYMBOL        PBPSTACK
  N:0000H         SYMBOL        PBPSTACKTOP
  N:0000H         SYMBOL        PDATALEN
  N:0000H         SYMBOL        PDATASTART
  N:0000H         SYMBOL        PPAGE
  N:0000H         SYMBOL        PPAGEENABLE
  D:00A0H         SYMBOL        PPAGE_SFR
  D:0081H         SYMBOL        SP
  C:2E76H         SYMBOL        STARTUP1
  N:0000H         SYMBOL        XBPSTACK
  N:0000H         SYMBOL        XBPSTACKTOP
  N:00FFH         SYMBOL        XDATALEN
  C:2E84H         SYMBOL        XDATALOOP
  N:0000H         SYMBOL        XDATASTART
  C:0000H         LINE#         92
  C:2E76H         LINE#         99
  C:2E78H         LINE#         100
  C:2E79H         LINE#         101
  C:2E7AH         LINE#         102
  C:2E7CH         LINE#         106
  C:2E7FH         LINE#         107
  C:2E81H         LINE#         109
  C:2E83H         LINE#         113
  C:2E84H         LINE#         114
  C:2E85H         LINE#         115
  C:2E86H         LINE#         116
  C:2E88H         LINE#         117
  C:2E8AH         LINE#         151
  C:2E8DH         LINE#         155
  -------         ENDMOD        ?C_STARTUP

  -------         MODULE        ?C?COPY
  C:1BF5H         PUBLIC        ?C?COPY
  -------         ENDMOD        ?C?COPY

  -------         MODULE        ?C?CLDPTR
  C:1C1BH         PUBLIC        ?C?CLDPTR
  -------         ENDMOD        ?C?CLDPTR

  -------         MODULE        ?C?CLDOPTR
  C:1C34H         PUBLIC        ?C?CLDOPTR
  -------         ENDMOD        ?C?CLDOPTR

  -------         MODULE        ?C?CILDOPTR
  C:1C61H         PUBLIC        ?C?CILDOPTR
  -------         ENDMOD        ?C?CILDOPTR

  -------         MODULE        ?C?CSTOPTR
  C:1C94H         PUBLIC        ?C?CSTOPTR
  -------         ENDMOD        ?C?CSTOPTR
BL51 BANKED LINKER/LOCATER V6.22                                                      12/16/2017  12:36:15  PAGE 80



  -------         MODULE        ?C?IILDX
  C:1CB6H         PUBLIC        ?C?IILDX
  -------         ENDMOD        ?C?IILDX

  -------         MODULE        ?C?ILDOPTR
  C:1CCCH         PUBLIC        ?C?ILDOPTR
  -------         ENDMOD        ?C?ILDOPTR

  -------         MODULE        ?C?IILDOPTR
  C:1D04H         PUBLIC        ?C?IILDOPTR
  -------         ENDMOD        ?C?IILDOPTR

  -------         MODULE        ?C?ISTOPTR
  C:1D51H         PUBLIC        ?C?ISTOPTR
  -------         ENDMOD        ?C?ISTOPTR

  -------         MODULE        ?C?ULDIV
  C:1DBAH         PUBLIC        ?C?ULDIV
  -------         ENDMOD        ?C?ULDIV

  -------         MODULE        ?C?ULCMP
  C:1E4CH         PUBLIC        ?C?ULCMP
  -------         ENDMOD        ?C?ULCMP

  -------         MODULE        ?C?ULSHR
  C:1E5DH         PUBLIC        ?C?ULSHR
  -------         ENDMOD        ?C?ULSHR

  -------         MODULE        ?C?LSTXDATA
  C:1E70H         PUBLIC        ?C?LSTXDATA
  -------         ENDMOD        ?C?LSTXDATA

  -------         MODULE        ?C?LSTKXDATA
  C:1E7CH         PUBLIC        ?C?LSTKXDATA
  -------         ENDMOD        ?C?LSTKXDATA

  -------         MODULE        ?C?PLDPTR
  C:1EADH         PUBLIC        ?C?PLDPTR
  -------         ENDMOD        ?C?PLDPTR

  -------         MODULE        ?C?CCASE
  C:1ECDH         PUBLIC        ?C?CCASE
  -------         ENDMOD        ?C?CCASE

  -------         MODULE        ?C?ICALL
  C:1EF3H         PUBLIC        ?C?ICALL
  C:1EF7H         PUBLIC        ?C?ICALL2
  -------         ENDMOD        ?C?ICALL

  -------         MODULE        ?C_XBP
  D:000DH         PUBLIC        ?C_XBP
  -------         ENDMOD        ?C_XBP

  -------         MODULE        ?C?ADDXBP
  C:1EF9H         PUBLIC        ?C?ADDXBP
  -------         ENDMOD        ?C?ADDXBP
BL51 BANKED LINKER/LOCATER V6.22                                                      12/16/2017  12:36:15  PAGE 81



  -------         MODULE        ?C?XBPOFF
  C:1F1DH         PUBLIC        ?C?XBPOFF
  -------         ENDMOD        ?C?XBPOFF

  -------         MODULE        PRINTF
  X:001AH         PUBLIC        ?_PRINTF517?BYTE
  X:001AH         PUBLIC        ?_PRINTF?BYTE
  X:001AH         PUBLIC        ?_SPRINTF517?BYTE
  X:001AH         PUBLIC        ?_SPRINTF?BYTE
  C:2119H         PUBLIC        _PRINTF
  C:2119H         PUBLIC        _PRINTF517
  C:2113H         PUBLIC        _SPRINTF
  C:2113H         PUBLIC        _SPRINTF517
  -------         ENDMOD        PRINTF

  -------         MODULE        ?C?STRCPY
  C:1FF6H         PUBLIC        ?C?STRCPY
  -------         ENDMOD        ?C?STRCPY

  -------         MODULE        STRNCPY
  X:000FH         PUBLIC        ?_strncpy?BYTE
  C:3259H         PUBLIC        _strncpy
  -------         ENDMOD        STRNCPY

  -------         MODULE        STRLEN
  C:3DC1H         PUBLIC        _STRLEN
  -------         ENDMOD        STRLEN

  -------         MODULE        ?C?MEMSET
  C:2013H         PUBLIC        ?C?MEMSET
  -------         ENDMOD        ?C?MEMSET

  -------         MODULE        ?C?CSTPTR
  C:203FH         PUBLIC        ?C?CSTPTR
  -------         ENDMOD        ?C?CSTPTR

  -------         MODULE        ?C?ILDIX
  C:2051H         PUBLIC        ?C?ILDIX
  -------         ENDMOD        ?C?ILDIX

  -------         MODULE        ?C?PLDIDATA
  C:2067H         PUBLIC        ?C?PLDIDATA
  -------         ENDMOD        ?C?PLDIDATA

  -------         MODULE        ?C?PLDXDATA
  C:2070H         PUBLIC        ?C?PLDXDATA
  -------         ENDMOD        ?C?PLDXDATA

  -------         MODULE        ?C?PLDIXDATA
  C:2079H         PUBLIC        ?C?PLDIXDATA
  -------         ENDMOD        ?C?PLDIXDATA

  -------         MODULE        ?C?PSTXDATA
  C:2090H         PUBLIC        ?C?PSTXDATA
  -------         ENDMOD        ?C?PSTXDATA

BL51 BANKED LINKER/LOCATER V6.22                                                      12/16/2017  12:36:15  PAGE 82


  -------         MODULE        ?C?PLDPDATA
  C:2099H         PUBLIC        ?C?PLDPDATA
  -------         ENDMOD        ?C?PLDPDATA

  -------         MODULE        ?C?PLDCODE
  C:20A2H         PUBLIC        ?C?PLDCODE
  -------         ENDMOD        ?C?PLDCODE

Program Size: data=196.3 xdata=202 code=16655
LINK/LOCATE RUN COMPLETE.  0 WARNING(S),  0 ERROR(S)
