BL51 BANKED LINKER/LOCATER V6.22                                                        12/16/2017  00:33:59  PAGE 1


BL51 BANKED LINKER/LOCATER V6.22, INVOKED BY:
C:\KEIL_V5\C51\BIN\BL51.EXE .\Out\Objects\main.obj, .\Out\Objects\app_key.obj, .\Out\Objects\app_work.obj, .\Out\Objects
>> \app_repeat_exe.obj, .\Out\Objects\app_2d4.obj, .\Out\Objects\app_lcd.obj, .\Out\Objects\app_eeprom.obj, .\Out\Object
>> s\bsp.obj, .\Out\Objects\bsp_key.obj, .\Out\Objects\bsp_display.obj, .\Out\Objects\bsp_timer0.obj, .\Out\Objects\bsp_
>> adc.obj, .\Out\Objects\bsp_keyBright.obj, .\Out\Objects\bsp_lcdBright.obj, .\Out\Objects\bsp_2d4.obj, .\Out\Objects\b
>> sp_eeprom.obj, .\Out\Objects\Common.obj, .\Out\Objects\Delay.obj, .\Out\Objects\Version.obj, .\Out\Objects\STARTUP.ob
>> j TO .\Out\Objects\project PRINT (.\Out\Listings\project.m51) RAMSIZE (256) DISABLEWARNING (16)


MEMORY MODEL: LARGE


INPUT MODULES INCLUDED:
  .\Out\Objects\main.obj (MAIN)
  .\Out\Objects\app_key.obj (APP_KEY)
  .\Out\Objects\app_work.obj (APP_WORK)
  .\Out\Objects\app_repeat_exe.obj (APP_REPEAT_EXE)
  .\Out\Objects\app_2d4.obj (APP_2D4)
  .\Out\Objects\app_lcd.obj (APP_LCD)
  .\Out\Objects\app_eeprom.obj (APP_EEPROM)
  .\Out\Objects\bsp.obj (BSP)
  .\Out\Objects\bsp_key.obj (BSP_KEY)
  .\Out\Objects\bsp_display.obj (BSP_DISPLAY)
  .\Out\Objects\bsp_timer0.obj (BSP_TIMER0)
  .\Out\Objects\bsp_adc.obj (BSP_ADC)
  .\Out\Objects\bsp_keyBright.obj (BSP_KEYBRIGHT)
  .\Out\Objects\bsp_lcdBright.obj (BSP_LCDBRIGHT)
  .\Out\Objects\bsp_2d4.obj (BSP_2D4)
  .\Out\Objects\bsp_eeprom.obj (BSP_EEPROM)
  .\Out\Objects\Common.obj (COMMON)
  .\Out\Objects\Delay.obj (DELAY)
  .\Out\Objects\Version.obj (VERSION)
  .\Out\Objects\STARTUP.obj (?C_STARTUP)
  C:\KEIL_V5\C51\LIB\C51L.LIB (?C_INIT)
  C:\KEIL_V5\C51\LIB\C51L.LIB (?C?COPY)
  C:\KEIL_V5\C51\LIB\C51L.LIB (?C?CLDPTR)
  C:\KEIL_V5\C51\LIB\C51L.LIB (?C?CLDOPTR)
  C:\KEIL_V5\C51\LIB\C51L.LIB (?C?CILDOPTR)
  C:\KEIL_V5\C51\LIB\C51L.LIB (?C?CSTOPTR)
  C:\KEIL_V5\C51\LIB\C51L.LIB (?C?IILDX)
  C:\KEIL_V5\C51\LIB\C51L.LIB (?C?ILDOPTR)
  C:\KEIL_V5\C51\LIB\C51L.LIB (?C?IILDOPTR)
  C:\KEIL_V5\C51\LIB\C51L.LIB (?C?ISTOPTR)
  C:\KEIL_V5\C51\LIB\C51L.LIB (?C?ULDIV)
  C:\KEIL_V5\C51\LIB\C51L.LIB (?C?ULCMP)
  C:\KEIL_V5\C51\LIB\C51L.LIB (?C?ULSHR)
  C:\KEIL_V5\C51\LIB\C51L.LIB (?C?LSTXDATA)
  C:\KEIL_V5\C51\LIB\C51L.LIB (?C?LSTKXDATA)
  C:\KEIL_V5\C51\LIB\C51L.LIB (?C?PLDPTR)
  C:\KEIL_V5\C51\LIB\C51L.LIB (?C?CCASE)
  C:\KEIL_V5\C51\LIB\C51L.LIB (?C?ICALL)
  C:\KEIL_V5\C51\LIB\C51L.LIB (?C_XBP)
  C:\KEIL_V5\C51\LIB\C51L.LIB (?C?ADDXBP)
  C:\KEIL_V5\C51\LIB\C51L.LIB (?C?XBPOFF)
  C:\KEIL_V5\C51\LIB\C51L.LIB (PRINTF)
  C:\KEIL_V5\C51\LIB\C51L.LIB (?C?STRCPY)
  C:\KEIL_V5\C51\LIB\C51L.LIB (STRNCPY)
  C:\KEIL_V5\C51\LIB\C51L.LIB (STRLEN)
BL51 BANKED LINKER/LOCATER V6.22                                                      12/16/2017  00:33:59  PAGE 2


  C:\KEIL_V5\C51\LIB\C51L.LIB (?C?MEMSET)
  C:\KEIL_V5\C51\LIB\C51L.LIB (?C?CSTPTR)
  C:\KEIL_V5\C51\LIB\C51L.LIB (?C?ILDIX)
  C:\KEIL_V5\C51\LIB\C51L.LIB (?C?PLDIDATA)
  C:\KEIL_V5\C51\LIB\C51L.LIB (?C?PLDXDATA)
  C:\KEIL_V5\C51\LIB\C51L.LIB (?C?PLDIXDATA)
  C:\KEIL_V5\C51\LIB\C51L.LIB (?C?PSTXDATA)
  C:\KEIL_V5\C51\LIB\C51L.LIB (?C?PLDPDATA)
  C:\KEIL_V5\C51\LIB\C51L.LIB (?C?PLDCODE)


LINK MAP OF MODULE:  .\Out\Objects\project (MAIN)


            TYPE    BASE      LENGTH    RELOCATION   SEGMENT NAME
            -----------------------------------------------------

            * * * * * * *   D A T A   M E M O R Y   * * * * * * *
            REG     0000H     0008H     ABSOLUTE     "REG BANK 0"
            DATA    0008H     0005H     UNIT         _DATA_GROUP_
            DATA    000DH     0002H     UNIT         ?C?LIB_DATA
            IDATA   000FH     000AH     UNIT         _IDATA_GROUP_
            IDATA   0019H     0005H     UNIT         ?ID?BSP_ADC
                    001EH     0002H                  *** GAP ***
            BIT     0020H.0   0001H.1   UNIT         _BIT_GROUP_
            BIT     0021H.1   0000H.1   UNIT         ?BI?APP_2D4
            BIT     0021H.2   0000H.1   UNIT         ?BI?BSP
                    0021H.3   0000H.5                *** GAP ***
            IDATA   0022H     007BH     UNIT         ?ID?BSP_KEY
            IDATA   009DH     0021H     UNIT         ?ID?APP_2D4
            IDATA   00BEH     0008H     UNIT         ?ID?APP_WORK
            IDATA   00C6H     0001H     UNIT         ?STACK

            * * * * * * *  X D A T A   M E M O R Y  * * * * * * *
            XDATA   0000H     0042H     UNIT         _XDATA_GROUP_
            XDATA   0042H     0013H     UNIT         ?XD?_RF_CARRIER?BSP_2D4
            XDATA   0055H     0012H     UNIT         ?XD?APP_REPEAT_EXE
            XDATA   0067H     0011H     UNIT         ?XD?APP_LCD
            XDATA   0078H     0010H     UNIT         ?XD?APP_2D4
            XDATA   0088H     000BH     UNIT         ?XD?BSP_TIMER0
            XDATA   0093H     000AH     UNIT         ?XD?BSP_2D4
            XDATA   009DH     0007H     UNIT         ?XD?BSP_KEY
            XDATA   00A4H     0004H     UNIT         ?XD?_INITIALUART0_TIMER3_TYPE5?COMMON
            XDATA   00A8H     0004H     UNIT         ?XD?_INITIALUART0_TIMER3_TYPE6?COMMON
            XDATA   00ACH     0004H     UNIT         ?XD?_INITIALUART1_TIMER3?COMMON
            XDATA   00B0H     0004H     UNIT         ?XD?_TIMER0_DELAY1MS?DELAY
            XDATA   00B4H     0004H     UNIT         ?XD?_TIMER1_DELAY1MS?DELAY
            XDATA   00B8H     0004H     UNIT         ?XD?_TIMER3_DELAY1MS?DELAY
            XDATA   00BCH     0004H     UNIT         ?XD?_WAKEUP_TIMER_DELAY25MS?DELAY
            XDATA   00C0H     0002H     UNIT         ?XD?APP_WORK
            XDATA   00C2H     0001H     UNIT         ?XD?MAIN
            XDATA   00C3H     0001H     UNIT         ?XD?APP_KEY

            * * * * * * *   C O D E   M E M O R Y   * * * * * * *
            CODE    0000H     0003H     ABSOLUTE     
            CODE    0003H     0008H     UNIT         ?PR?_READ_APROM_BYTE?BSP_EEPROM
            CODE    000BH     0003H     ABSOLUTE     
BL51 BANKED LINKER/LOCATER V6.22                                                      12/16/2017  00:33:59  PAGE 3


            CODE    000EH     004AH     UNIT         ?PR?APP_WORK_1S_PRO?APP_WORK
            CODE    0058H     0003H     UNIT         ?PR?KEY_BRIGHT_OFF?BSP_KEYBRIGHT
            CODE    005BH     0003H     ABSOLUTE     
            CODE    005EH     0BC7H     UNIT         ?PR?_APP_2D4_RCV?APP_2D4
            CODE    0C25H     08FAH     UNIT         ?PR?_LCD_SHOWCHAR?BSP_DISPLAY
            CODE    151FH     05CBH     UNIT         ?PR?_APP_KEY_PRO?APP_KEY
            CODE    1AEAH     0589H     UNIT         ?C?LIB_CODE
            CODE    2073H     0365H     UNIT         ?PR?PRINTF?PRINTF
            CODE    23D8H     0154H     UNIT         ?PR?_BSP_DETECTKEY?BSP_KEY
            CODE    252CH     0145H     UNIT         ?PR?_SYSTEM_CLOCK_SELECT?COMMON
            CODE    2671H     012EH     UNIT         ?PR?RF_INIT?BSP_2D4
            CODE    279FH     0112H     UNIT         ?CO?VERSION
            CODE    28B1H     0100H     UNIT         ?CO?APP_2D4
            CODE    29B1H     00E4H     UNIT         ?PR?_LCD_CLEAR_MI?BSP_DISPLAY
            CODE    2A95H     00E3H     UNIT         ?PR?_RF_CARRIER?BSP_2D4
            CODE    2B78H     00B8H     UNIT         ?PR?BSP_INITKEYVAR?BSP_KEY
            CODE    2C30H     00B5H     UNIT         ?PR?REPEAT_PRO?APP_REPEAT_EXE
            CODE    2CE5H     00ABH     UNIT         ?PR?_WRITE_DATAFLASH_BUF?BSP_EEPROM
            CODE    2D90H     00A2H     UNIT         ?PR?_LCD_SHOWSTRING?BSP_DISPLAY
            CODE    2E32H     009AH     UNIT         ?C_C51STARTUP
            CODE    2ECCH     0086H     UNIT         ?C_INITSEG
            CODE    2F52H     0085H     UNIT         ?PR?APP_2D4_PRO?APP_2D4
            CODE    2FD7H     0083H     UNIT         ?PR?_?RANDOM_DELAY?DELAY
            CODE    305AH     0079H     UNIT         ?PR?TIMER0_ISR?BSP_TIMER0
            CODE    30D3H     006DH     UNIT         ?PR?MAIN?MAIN
            CODE    3140H     006DH     UNIT         ?PR?_WRITE_DATAFLASH_BYTE?BSP_EEPROM
            CODE    31ADH     0068H     UNIT         ?PR?_STRNCPY?STRNCPY
            CODE    3215H     0067H     UNIT         ?PR?_ISKEYDOWN?BSP_KEY
            CODE    327CH     0063H     UNIT         ?PR?_INITIALUART0_TIMER3_TYPE5?COMMON
            CODE    32DFH     0063H     UNIT         ?PR?_INITIALUART0_TIMER3_TYPE6?COMMON
            CODE    3342H     0061H     UNIT         ?PR?_WAKEUP_TIMER_DELAY25MS?DELAY
            CODE    33A3H     005FH     UNIT         ?PR?SHOW_FW_VERSION_NUMBER_TO_PC?VERSION
            CODE    3402H     005DH     UNIT         ?PR?_INITIALUART1_TIMER3?COMMON
            CODE    345FH     005CH     UNIT         ?PR?ADC_ISR?MAIN
            CODE    34BBH     005BH     UNIT         ?PR?_TIMER3_DELAY1MS?DELAY
            CODE    3516H     0059H     UNIT         ?PR?_TIMER0_DELAY1MS?DELAY
            CODE    356FH     0059H     UNIT         ?PR?_TIMER1_DELAY1MS?DELAY
            CODE    35C8H     0053H     UNIT         ?PR?_APP_LCD_DEFAULT_STRING_SET?APP_LCD
            CODE    361BH     0051H     UNIT         ?PR?_APP_2D4_SEND?APP_2D4
            CODE    366CH     0045H     UNIT         ?PR?_ERASE_DATAFLASH?BSP_EEPROM
            CODE    36B1H     0043H     UNIT         ?PR?_APP_GET_SAVED_ADDRESS?APP_2D4
            CODE    36F4H     0043H     UNIT         ?PR?VOL_RESP?APP_2D4
            CODE    3737H     0043H     UNIT         ?PR?_RF_WRITEBUF?BSP_2D4
            CODE    377AH     0043H     UNIT         ?PR?_RF_TXDATA?BSP_2D4
            CODE    37BDH     0041H     UNIT         ?PR?APP_LCD_PRO?APP_LCD
            CODE    37FEH     003FH     UNIT         ?PR?_RF_READBUF?BSP_2D4
            CODE    383DH     003DH     UNIT         ?PR?_PUTCHAR?COMMON
            CODE    387AH     0038H     UNIT         ?PR?APP_2D4_SWITCH_PUBLIC_ADDRESS?APP_2D4
            CODE    38B2H     0036H     UNIT         ?PR?LCD_DISPLAY_INITHARD?BSP_DISPLAY
            CODE    38E8H     0033H     UNIT         ?PR?FM_STATION_SHOW_LCD_RESP?APP_2D4
            CODE    391BH     0033H     UNIT         ?PR?ADC_INIT?BSP_ADC
            CODE    394EH     0032H     UNIT         ?PR?_REPEAT_START?APP_REPEAT_EXE
            CODE    3980H     0032H     UNIT         ?PR?USB_TRACK_SHOW_LCD_RESP?APP_2D4
            CODE    39B2H     002AH     UNIT         ?PR?_INITIALUART0_TIMER1_TYPE3?COMMON
            CODE    39DCH     002AH     UNIT         ?PR?_INITIALUART0_TIMER1_TYPE4?COMMON
            CODE    3A06H     0029H     UNIT         ?PR?_UCRF_DUMPRXDATA?BSP_2D4
            CODE    3A2FH     0029H     UNIT         ?PR?_INITIALUART0_TIMER1_TYPE1?COMMON
BL51 BANKED LINKER/LOCATER V6.22                                                      12/16/2017  00:33:59  PAGE 4


            CODE    3A58H     0028H     UNIT         ?PR?_INITIALUART0_TIMER1_TYPE2?COMMON
            CODE    3A80H     0026H     UNIT         ?PR?TIMER0_PARAMINIT?BSP_TIMER0
            CODE    3AA6H     0026H     UNIT         ?PR?RF_RXMODE?BSP_2D4
            CODE    3ACCH     0025H     UNIT         ?PR?APP_2D4_INIT?APP_2D4
            CODE    3AF1H     0025H     UNIT         ?PR?_SPI_WR?BSP_2D4
            CODE    3B16H     0024H     UNIT         ?PR?_BSP_SETKEYPARAM?BSP_KEY
            CODE    3B3AH     0024H     UNIT         ?CO?BSP_2D4
            CODE    3B5EH     0023H     UNIT         ?PR?TIMER0_INITHARD?BSP_TIMER0
            CODE    3B81H     0023H     UNIT         ?PR?ADC_START?BSP_ADC
            CODE    3BA4H     0021H     UNIT         ?PR?_DELAY10US?DELAY
            CODE    3BC5H     0020H     UNIT         ?PR?SET_ALL_GPIO_INPUT_MODE?COMMON
            CODE    3BE5H     001FH     UNIT         ?PR?_SPI_WW?BSP_2D4
            CODE    3C04H     001CH     UNIT         ?PR?BSP_GETKEY?BSP_KEY
            CODE    3C20H     001CH     UNIT         ?PR?BSP_GETKEY2?BSP_KEY
            CODE    3C3CH     001BH     UNIT         ?PR?BSP_INIT?BSP
            CODE    3C57H     001BH     UNIT         ?PR?BSP_KEYSCAN?BSP_KEY
            CODE    3C72H     001AH     UNIT         ?PR?UCSPI_READ?BSP_2D4
            CODE    3C8CH     001AH     UNIT         ?PR?SET_ALL_GPIO_QUASI_MODE?COMMON
            CODE    3CA6H     001AH     UNIT         ?PR?SW_RESET?COMMON
            CODE    3CC0H     0018H     UNIT         ?PR?APP_WORK_INIT?APP_WORK
            CODE    3CD8H     0016H     UNIT         ?PR?SPEAKER_STATUS_RESP?APP_2D4
            CODE    3CEEH     0016H     UNIT         ?PR?RELAY_STATUS_RESP?APP_2D4
            CODE    3D04H     0015H     UNIT         ?PR?_STRLEN?STRLEN
            CODE    3D19H     0014H     UNIT         ?PR?REPEAT_STOP?APP_REPEAT_EXE
            CODE    3D2DH     0014H     UNIT         ?PR?APP_LCD_INIT?APP_LCD
            CODE    3D41H     0014H     UNIT         ?PR?_BSP_PUTKEY?BSP_KEY
            CODE    3D55H     0013H     UNIT         ?PR?_APP_EEPROM_WRITE_BUF?APP_EEPROM
            CODE    3D68H     0013H     UNIT         ?PR?WIRELESS2D4_INITHARD?BSP_2D4
            CODE    3D7BH     0013H     UNIT         ?PR?_RF_WRITEREG?BSP_2D4
            CODE    3D8EH     0013H     UNIT         ?PR?_UCRF_READREG?BSP_2D4
            CODE    3DA1H     0012H     UNIT         ?PR?ISKEYDOWN_2_AND_6?BSP_KEY
            CODE    3DB3H     0010H     UNIT         ?PR?REPEAT_START_EXE?APP_REPEAT_EXE
            CODE    3DC3H     0010H     UNIT         ?PR?REPEAT_STOP_EXE?APP_REPEAT_EXE
            CODE    3DD3H     000FH     UNIT         ?PR?CLEAR_LCD_RESP?APP_2D4
            CODE    3DE2H     000FH     UNIT         ?PR?USB_PAUSE_SHOW_LCD_RESP?APP_2D4
            CODE    3DF1H     000FH     UNIT         ?PR?BT_NEXT_SHOW_LCD_RESP?APP_2D4
            CODE    3E00H     000FH     UNIT         ?PR?BT_PREV_SHOW_LCD_RESP?APP_2D4
            CODE    3E0FH     000FH     UNIT         ?PR?LED_SHOW_BLINK_NAME_SHOW_LCD_RESP?APP_2D4
            CODE    3E1EH     000FH     UNIT         ?PR?LED_CLEAR_BLINK_NAME_SHOW_LCD_RESP?APP_2D4
            CODE    3E2DH     000FH     UNIT         ?PR?ISKEYDOWN2?BSP_KEY
            CODE    3E3CH     000FH     UNIT         ?PR?ISKEYDOWN6?BSP_KEY
            CODE    3E4BH     000FH     UNIT         ?PR?ISKEYDOWN7?BSP_KEY
            CODE    3E5AH     000FH     UNIT         ?PR?ISKEYDOWN8?BSP_KEY
            CODE    3E69H     000FH     UNIT         ?PR?ISKEYDOWN9?BSP_KEY
            CODE    3E78H     000FH     UNIT         ?PR?RF_TXMODE?BSP_2D4
            CODE    3E87H     000EH     UNIT         ?PR?ISKEYDOWN5?BSP_KEY
            CODE    3E95H     000EH     UNIT         ?PR?_RF_SETCHANNEL?BSP_2D4
            CODE    3EA3H     000DH     UNIT         ?PR?LCD_CLEAR_ALL?BSP_DISPLAY
            CODE    3EB0H     000DH     UNIT         ?PR?LCD_CLEAR_MI_ALL?BSP_DISPLAY
            CODE    3EBDH     000CH     UNIT         ?PR?_REPEAT_SETSTART?APP_REPEAT_EXE
            CODE    3EC9H     000CH     UNIT         ?PR?_REPEAT_SETSTOP?APP_REPEAT_EXE
            CODE    3ED5H     000CH     UNIT         ?PR?APP_2D4_SWITCH_SAVED_ADDRESS?APP_2D4
            CODE    3EE1H     000CH     UNIT         ?PR?RF_CLEARFIFO?BSP_2D4
            CODE    3EEDH     000BH     UNIT         ?PR?_APP_EEPROM_ERASE?APP_EEPROM
            CODE    3EF8H     000BH     UNIT         ?PR?_APP_EEPROM_WRITE_BYTE?APP_EEPROM
            CODE    3F03H     000BH     UNIT         ?PR?_BSP_GETKEYSTATE?BSP_KEY
            CODE    3F0EH     000AH     UNIT         ?PR?APP_REPEAT_ISENABLE?APP_REPEAT_EXE
BL51 BANKED LINKER/LOCATER V6.22                                                      12/16/2017  00:33:59  PAGE 5


            CODE    3F18H     000AH     UNIT         ?PR?UCRF_GETSTATUS?BSP_2D4
            CODE    3F22H     0009H     UNIT         ?CO?APP_WORK
            CODE    3F2BH     0009H     UNIT         ?PR?BT_PAUSE_SHOW_LCD_RESP?APP_2D4
            CODE    3F34H     0009H     UNIT         ?PR?AUX_MUTE_SHOW_LCD_RESP?APP_2D4
            CODE    3F3DH     0009H     UNIT         ?CO?APP_LCD
            CODE    3F46H     0009H     UNIT         ?PR?ISKEYDOWN1?BSP_KEY
            CODE    3F4FH     0009H     UNIT         ?PR?KEY_BRIGHT_INITHARD?BSP_KEYBRIGHT
            CODE    3F58H     0009H     UNIT         ?PR?LCD_BRIGHT_INITHARD?BSP_LCDBRIGHT
            CODE    3F61H     0008H     UNIT         ?PR?RECEIVE_DATA_FROM_UART0?COMMON
            CODE    3F69H     0008H     UNIT         ?PR?_SEND_DATA_TO_UART0?COMMON
            CODE    3F71H     0008H     UNIT         ?PR?RECEIVE_DATA_FROM_UART1?COMMON
            CODE    3F79H     0008H     UNIT         ?PR?_SEND_DATA_TO_UART1?COMMON
            CODE    3F81H     0007H     UNIT         ?PR?BSP_INITKEYHARD?BSP_KEY
            CODE    3F88H     0007H     UNIT         ?PR?LCD_CLEAR_LED_ICO?BSP_DISPLAY
            CODE    3F8FH     0007H     UNIT         ?PR?LCD_SHOW_LED_ICO?BSP_DISPLAY
            CODE    3F96H     0007H     UNIT         ?PR?LCD_CLEAR_FM_ICO?BSP_DISPLAY
            CODE    3F9DH     0007H     UNIT         ?PR?LCD_SHOW_FM_ICO?BSP_DISPLAY
            CODE    3FA4H     0007H     UNIT         ?PR?LCD_CLEAR_BLUETOOTH_ICO?BSP_DISPLAY
            CODE    3FABH     0007H     UNIT         ?PR?LCD_SHOW_BLUETOOTH_ICO?BSP_DISPLAY
            CODE    3FB2H     0007H     UNIT         ?PR?LCD_CLEAR_AUX_ICO?BSP_DISPLAY
            CODE    3FB9H     0007H     UNIT         ?PR?LCD_SHOW_AUX_ICO?BSP_DISPLAY
            CODE    3FC0H     0007H     UNIT         ?PR?LCD_CLEAR_USB_ICO?BSP_DISPLAY
            CODE    3FC7H     0007H     UNIT         ?PR?LCD_SHOW_USB_ICO?BSP_DISPLAY
            CODE    3FCEH     0007H     UNIT         ?PR?LCD_CLEAR_MHZ_ICO?BSP_DISPLAY
            CODE    3FD5H     0007H     UNIT         ?PR?LCD_SHOW_MHZ_ICO?BSP_DISPLAY
            CODE    3FDCH     0007H     UNIT         ?PR?LCD_CLEAR_BAZOOKA_ICO?BSP_DISPLAY
            CODE    3FE3H     0007H     UNIT         ?PR?LCD_SHOW_BAZOOKA_ICO?BSP_DISPLAY
            CODE    3FEAH     0007H     UNIT         ?PR?LCD_CLEAR_UPCOLON_ICO?BSP_DISPLAY
            CODE    3FF1H     0007H     UNIT         ?PR?LCD_SHOW_UPCOLON_ICO?BSP_DISPLAY
            CODE    3FF8H     0007H     UNIT         ?PR?LCD_CLEAR_DOWNCOLON_ICO?BSP_DISPLAY
            CODE    3FFFH     0007H     UNIT         ?PR?LCD_SHOW_DOWNCOLON_ICO?BSP_DISPLAY
            CODE    4006H     0007H     UNIT         ?PR?RF_CLEARSTATUS?BSP_2D4
            CODE    400DH     0006H     UNIT         ?PR?APP_WORK_CNT_CLEAR?APP_WORK
            CODE    4013H     0006H     UNIT         ?PR?ISKEYDOWN3?BSP_KEY
            CODE    4019H     0006H     UNIT         ?PR?ISKEYDOWN4?BSP_KEY
            CODE    401FH     0006H     UNIT         ?PR?BSP_INITKEY?BSP_KEY
            CODE    4025H     0006H     UNIT         ?PR?BSP_CLEARKEY?BSP_KEY
            CODE    402BH     0006H     UNIT         ?PR?LCD_CLEAR_COLON_ICO?BSP_DISPLAY
            CODE    4031H     0006H     UNIT         ?PR?LCD_SHOW_COLON_ICO?BSP_DISPLAY
            CODE    4037H     0006H     UNIT         ?PR?UCRF_GETRSSI?BSP_2D4
            CODE    403DH     0004H     UNIT         ?PR?_APP_EEPROM_READ_BYTE?APP_EEPROM
            CODE    4041H     0004H     UNIT         ?PR?FSYS_CLOCK_OUTPUT_ON_P26?COMMON
            CODE    4045H     0003H     UNIT         ?PR?KEY_BRIGHT_ON?BSP_KEYBRIGHT
            CODE    4048H     0003H     UNIT         ?PR?KEY_BRIGHT_TOGGLE?BSP_KEYBRIGHT
            CODE    404BH     0003H     UNIT         ?PR?LCD_BRIGHT_OFF?BSP_LCDBRIGHT
            CODE    404EH     0003H     UNIT         ?PR?LCD_BRIGHT_ON?BSP_LCDBRIGHT
            CODE    4051H     0001H     UNIT         ?PR?APP_WORK_100MS_PRO?APP_WORK
            CODE    4052H     0001H     UNIT         ?PR?APP_WORK_PRO?APP_WORK
            CODE    4053H     0001H     UNIT         ?PR?APP_EEPROM_INIT?APP_EEPROM
            CODE    4054H     0001H     UNIT         ?PR?APP_EEPROM_100MS_PRO?APP_EEPROM
            CODE    4055H     0001H     UNIT         ?PR?APP_EEPROM_PRO?APP_EEPROM
            CODE    4056H     0001H     UNIT         ?PR?SPI_INIT?BSP_2D4
            CODE    4057H     0001H     UNIT         ?PR?EEPROM_INITHARD?BSP_EEPROM



OVERLAY MAP OF MODULE:   .\Out\Objects\project (MAIN)
BL51 BANKED LINKER/LOCATER V6.22                                                      12/16/2017  00:33:59  PAGE 6




SEGMENT                                             BIT_GROUP          DATA_GROUP          IDATA_GROUP         XDATA_GRO
>> UP
  +--> CALLED SEGMENT                            START    LENGTH     START    LENGTH     START    LENGTH     START    LE
>> NGTH
------------------------------------------------------------------------------------------------------------------------
>> ----
?C_C51STARTUP                                    -----    -----      -----    -----      -----    -----      -----    --
>> ---
  +--> ?PR?MAIN?MAIN
  +--> ?C_INITSEG

?PR?MAIN?MAIN                                    -----    -----      -----    -----      -----    -----      0000H    00
>> 02H
  +--> ?PR?_SYSTEM_CLOCK_SELECT?COMMON
  +--> ?PR?BSP_INIT?BSP
  +--> ?PR?APP_2D4_SWITCH_SAVED_ADDRESS?APP_2D4
  +--> ?PR?APP_LCD_INIT?APP_LCD
  +--> ?PR?APP_WORK_INIT?APP_WORK
  +--> ?PR?ADC_START?BSP_ADC
  +--> ?PR?BSP_KEYSCAN?BSP_KEY
  +--> ?PR?APP_2D4_PRO?APP_2D4
  +--> ?PR?REPEAT_PRO?APP_REPEAT_EXE
  +--> ?PR?APP_LCD_PRO?APP_LCD
  +--> ?PR?APP_WORK_1S_PRO?APP_WORK
  +--> ?PR?BSP_GETKEY?BSP_KEY
  +--> ?PR?_APP_KEY_PRO?APP_KEY

?PR?BSP_INIT?BSP                                 -----    -----      -----    -----      -----    -----      -----    --
>> ---
  +--> ?PR?SET_ALL_GPIO_INPUT_MODE?COMMON
  +--> ?PR?LCD_DISPLAY_INITHARD?BSP_DISPLAY
  +--> ?PR?ADC_INIT?BSP_ADC
  +--> ?PR?BSP_INITKEY?BSP_KEY
  +--> ?PR?KEY_BRIGHT_INITHARD?BSP_KEYBRIGHT
  +--> ?PR?TIMER0_INITHARD?BSP_TIMER0
  +--> ?PR?WIRELESS2D4_INITHARD?BSP_2D4
  +--> ?PR?LCD_BRIGHT_INITHARD?BSP_LCDBRIGHT

?PR?LCD_DISPLAY_INITHARD?BSP_DISPLAY             -----    -----      -----    -----      -----    -----      -----    --
>> ---
  +--> ?PR?LCD_CLEAR_ALL?BSP_DISPLAY

?PR?BSP_INITKEY?BSP_KEY                          -----    -----      -----    -----      -----    -----      -----    --
>> ---
  +--> ?PR?BSP_INITKEYVAR?BSP_KEY
  +--> ?PR?BSP_INITKEYHARD?BSP_KEY

?PR?BSP_INITKEYVAR?BSP_KEY                       -----    -----      -----    -----      -----    -----      -----    --
>> ---
  +--> ?PR?ISKEYDOWN1?BSP_KEY
  +--> ?PR?ISKEYDOWN2?BSP_KEY
  +--> ?PR?ISKEYDOWN3?BSP_KEY
  +--> ?PR?ISKEYDOWN4?BSP_KEY
  +--> ?PR?ISKEYDOWN5?BSP_KEY
  +--> ?PR?ISKEYDOWN6?BSP_KEY
BL51 BANKED LINKER/LOCATER V6.22                                                      12/16/2017  00:33:59  PAGE 7


  +--> ?PR?ISKEYDOWN7?BSP_KEY
  +--> ?PR?ISKEYDOWN8?BSP_KEY
  +--> ?PR?ISKEYDOWN9?BSP_KEY
  +--> ?PR?ISKEYDOWN_2_AND_6?BSP_KEY

?PR?ISKEYDOWN2?BSP_KEY                           -----    -----      -----    -----      -----    -----      -----    --
>> ---
  +--> ?PR?_ISKEYDOWN?BSP_KEY

?PR?ISKEYDOWN3?BSP_KEY                           -----    -----      -----    -----      -----    -----      -----    --
>> ---
  +--> ?PR?_ISKEYDOWN?BSP_KEY

?PR?ISKEYDOWN4?BSP_KEY                           -----    -----      -----    -----      -----    -----      -----    --
>> ---
  +--> ?PR?_ISKEYDOWN?BSP_KEY

?PR?ISKEYDOWN5?BSP_KEY                           -----    -----      -----    -----      -----    -----      -----    --
>> ---
  +--> ?PR?_ISKEYDOWN?BSP_KEY

?PR?ISKEYDOWN6?BSP_KEY                           -----    -----      -----    -----      -----    -----      -----    --
>> ---
  +--> ?PR?_ISKEYDOWN?BSP_KEY

?PR?ISKEYDOWN7?BSP_KEY                           -----    -----      -----    -----      -----    -----      -----    --
>> ---
  +--> ?PR?_ISKEYDOWN?BSP_KEY

?PR?ISKEYDOWN8?BSP_KEY                           -----    -----      -----    -----      -----    -----      -----    --
>> ---
  +--> ?PR?_ISKEYDOWN?BSP_KEY

?PR?ISKEYDOWN9?BSP_KEY                           -----    -----      -----    -----      -----    -----      -----    --
>> ---
  +--> ?PR?_ISKEYDOWN?BSP_KEY

?PR?ISKEYDOWN_2_AND_6?BSP_KEY                    -----    -----      -----    -----      -----    -----      -----    --
>> ---
  +--> ?PR?ISKEYDOWN2?BSP_KEY
  +--> ?PR?ISKEYDOWN6?BSP_KEY

?PR?KEY_BRIGHT_INITHARD?BSP_KEYBRIGHT            -----    -----      -----    -----      -----    -----      -----    --
>> ---
  +--> ?PR?KEY_BRIGHT_OFF?BSP_KEYBRIGHT

?PR?TIMER0_INITHARD?BSP_TIMER0                   -----    -----      -----    -----      -----    -----      -----    --
>> ---
  +--> ?PR?TIMER0_PARAMINIT?BSP_TIMER0

?PR?LCD_BRIGHT_INITHARD?BSP_LCDBRIGHT            -----    -----      -----    -----      -----    -----      -----    --
>> ---
  +--> ?PR?LCD_BRIGHT_ON?BSP_LCDBRIGHT

?PR?APP_2D4_SWITCH_SAVED_ADDRESS?APP_2D4         -----    -----      -----    -----      -----    -----      -----    --
>> ---
  +--> ?PR?_APP_GET_SAVED_ADDRESS?APP_2D4
BL51 BANKED LINKER/LOCATER V6.22                                                      12/16/2017  00:33:59  PAGE 8


  +--> ?PR?APP_2D4_INIT?APP_2D4

?PR?_APP_GET_SAVED_ADDRESS?APP_2D4               -----    -----      -----    -----      -----    -----      000AH    00
>> 04H
  +--> ?PR?_APP_EEPROM_READ_BYTE?APP_EEPROM

?PR?_APP_EEPROM_READ_BYTE?APP_EEPROM             -----    -----      -----    -----      -----    -----      -----    --
>> ---
  +--> ?PR?_READ_APROM_BYTE?BSP_EEPROM

?PR?APP_2D4_INIT?APP_2D4                         -----    -----      -----    -----      -----    -----      -----    --
>> ---
  +--> ?PR?RF_INIT?BSP_2D4
  +--> ?PR?RF_RXMODE?BSP_2D4

?PR?RF_INIT?BSP_2D4                              -----    -----      -----    -----      -----    -----      000AH    00
>> 12H
  +--> ?CO?BSP_2D4
  +--> ?PR?SPI_INIT?BSP_2D4
  +--> ?PR?_RF_WRITEREG?BSP_2D4
  +--> ?PR?_RF_WRITEBUF?BSP_2D4

?PR?_RF_WRITEREG?BSP_2D4                         -----    -----      -----    -----      -----    -----      -----    --
>> ---
  +--> ?PR?_SPI_WW?BSP_2D4

?PR?_RF_WRITEBUF?BSP_2D4                         -----    -----      -----    -----      -----    -----      001CH    00
>> 05H
  +--> ?PR?_SPI_WW?BSP_2D4

?PR?RF_RXMODE?BSP_2D4                            -----    -----      -----    -----      -----    -----      -----    --
>> ---
  +--> ?PR?_RF_WRITEREG?BSP_2D4

?PR?APP_LCD_INIT?APP_LCD                         -----    -----      -----    -----      -----    -----      -----    --
>> ---
  +--> ?CO?APP_LCD

?PR?APP_WORK_INIT?APP_WORK                       -----    -----      -----    -----      -----    -----      -----    --
>> ---
  +--> ?PR?LCD_SHOW_BAZOOKA_ICO?BSP_DISPLAY

?PR?BSP_KEYSCAN?BSP_KEY                          -----    -----      -----    -----      -----    -----      0002H    00
>> 01H
  +--> ?PR?_BSP_DETECTKEY?BSP_KEY

?PR?_BSP_DETECTKEY?BSP_KEY                       -----    -----      -----    -----      -----    -----      0003H    00
>> 01H
  +--> ?PR?_BSP_PUTKEY?BSP_KEY

?PR?APP_2D4_PRO?APP_2D4                          -----    -----      -----    -----      -----    -----      0002H    00
>> 01H
  +--> ?PR?UCRF_GETSTATUS?BSP_2D4
  +--> ?PR?RF_CLEARFIFO?BSP_2D4
  +--> ?PR?RF_CLEARSTATUS?BSP_2D4
  +--> ?PR?RF_RXMODE?BSP_2D4
  +--> ?PR?_RF_TXDATA?BSP_2D4
BL51 BANKED LINKER/LOCATER V6.22                                                      12/16/2017  00:33:59  PAGE 9


  +--> ?PR?_UCRF_DUMPRXDATA?BSP_2D4
  +--> ?PR?_APP_2D4_RCV?APP_2D4

?PR?UCRF_GETSTATUS?BSP_2D4                       -----    -----      -----    -----      -----    -----      -----    --
>> ---
  +--> ?PR?_UCRF_READREG?BSP_2D4

?PR?_UCRF_READREG?BSP_2D4                        -----    -----      -----    -----      -----    -----      -----    --
>> ---
  +--> ?PR?_SPI_WR?BSP_2D4
  +--> ?PR?UCSPI_READ?BSP_2D4

?PR?RF_CLEARFIFO?BSP_2D4                         -----    -----      -----    -----      -----    -----      -----    --
>> ---
  +--> ?PR?_RF_WRITEREG?BSP_2D4

?PR?RF_CLEARSTATUS?BSP_2D4                       -----    -----      -----    -----      -----    -----      -----    --
>> ---
  +--> ?PR?_RF_WRITEREG?BSP_2D4

?PR?_RF_TXDATA?BSP_2D4                           -----    -----      -----    -----      -----    -----      0003H    00
>> 02H
  +--> ?PR?UCRF_GETSTATUS?BSP_2D4
  +--> ?PR?_RF_WRITEBUF?BSP_2D4
  +--> ?PR?_RF_WRITEREG?BSP_2D4

?PR?_UCRF_DUMPRXDATA?BSP_2D4                     -----    -----      -----    -----      -----    -----      -----    --
>> ---
  +--> ?PR?UCRF_GETSTATUS?BSP_2D4
  +--> ?PR?_RF_WRITEREG?BSP_2D4
  +--> ?PR?_RF_READBUF?BSP_2D4
  +--> ?PR?RF_CLEARFIFO?BSP_2D4
  +--> ?PR?RF_CLEARSTATUS?BSP_2D4

?PR?_RF_READBUF?BSP_2D4                          -----    -----      -----    -----      -----    -----      0003H    00
>> 05H
  +--> ?PR?_SPI_WR?BSP_2D4
  +--> ?PR?UCSPI_READ?BSP_2D4

?PR?_APP_2D4_RCV?APP_2D4                         -----    -----      -----    -----      000FH    000AH      0003H    00
>> 07H
  +--> ?PR?APP_WORK_CNT_CLEAR?APP_WORK
  +--> ?CO?APP_2D4
  +--> ?PR?_APP_GET_SAVED_ADDRESS?APP_2D4
  +--> ?PR?_APP_EEPROM_ERASE?APP_EEPROM
  +--> ?PR?_APP_EEPROM_WRITE_BUF?APP_EEPROM
  +--> ?PR?APP_2D4_SWITCH_SAVED_ADDRESS?APP_2D4
  +--> ?PR?LCD_SHOW_LED_ICO?BSP_DISPLAY
  +--> ?PR?LCD_CLEAR_MHZ_ICO?BSP_DISPLAY
  +--> ?PR?LCD_CLEAR_FM_ICO?BSP_DISPLAY
  +--> ?PR?LCD_CLEAR_USB_ICO?BSP_DISPLAY
  +--> ?PR?LCD_CLEAR_AUX_ICO?BSP_DISPLAY
  +--> ?PR?LCD_CLEAR_BLUETOOTH_ICO?BSP_DISPLAY
  +--> ?PR?LCD_SHOW_BLUETOOTH_ICO?BSP_DISPLAY
  +--> ?PR?LCD_SHOW_FM_ICO?BSP_DISPLAY
  +--> ?PR?LCD_SHOW_USB_ICO?BSP_DISPLAY
  +--> ?PR?LCD_SHOW_AUX_ICO?BSP_DISPLAY
BL51 BANKED LINKER/LOCATER V6.22                                                      12/16/2017  00:33:59  PAGE 10


  +--> ?PR?_STRLEN?STRLEN
  +--> ?PR?_APP_LCD_DEFAULT_STRING_SET?APP_LCD
  +--> ?PR?LED_SHOW_BLINK_NAME_SHOW_LCD_RESP...
  +--> ?PR?_REPEAT_SETSTART?APP_REPEAT_EXE
  +--> ?PR?LED_CLEAR_BLINK_NAME_SHOW_LCD_RES...
  +--> ?PR?_REPEAT_SETSTOP?APP_REPEAT_EXE
  +--> ?PR?APP_REPEAT_ISENABLE?APP_REPEAT_EXE
  +--> ?PR?REPEAT_STOP?APP_REPEAT_EXE
  +--> ?PR?LCD_CLEAR_DOWNCOLON_ICO?BSP_DISPLAY
  +--> ?PR?LCD_CLEAR_UPCOLON_ICO?BSP_DISPLAY
  +--> ?PR?SPEAKER_STATUS_RESP?APP_2D4
  +--> ?PR?PRINTF?PRINTF
  +--> ?PR?LCD_CLEAR_ALL?BSP_DISPLAY
  +--> ?PR?BT_PAUSE_SHOW_LCD_RESP?APP_2D4
  +--> ?PR?CLEAR_LCD_RESP?APP_2D4
  +--> ?PR?AUX_MUTE_SHOW_LCD_RESP?APP_2D4
  +--> ?PR?USB_PAUSE_SHOW_LCD_RESP?APP_2D4
  +--> ?PR?BT_PREV_SHOW_LCD_RESP?APP_2D4
  +--> ?PR?BT_NEXT_SHOW_LCD_RESP?APP_2D4
  +--> ?PR?FM_STATION_SHOW_LCD_RESP?APP_2D4
  +--> ?PR?USB_TRACK_SHOW_LCD_RESP?APP_2D4
  +--> ?PR?LCD_SHOW_MHZ_ICO?BSP_DISPLAY
  +--> ?PR?VOL_RESP?APP_2D4
  +--> ?PR?RELAY_STATUS_RESP?APP_2D4
  +--> ?PR?LCD_CLEAR_LED_ICO?BSP_DISPLAY
  +--> ?PR?_REPEAT_START?APP_REPEAT_EXE

?PR?_APP_EEPROM_ERASE?APP_EEPROM                 -----    -----      -----    -----      -----    -----      -----    --
>> ---
  +--> ?PR?_ERASE_DATAFLASH?BSP_EEPROM

?PR?_APP_EEPROM_WRITE_BUF?APP_EEPROM             -----    -----      -----    -----      -----    -----      000AH    00
>> 06H
  +--> ?PR?_WRITE_DATAFLASH_BUF?BSP_EEPROM

?PR?_WRITE_DATAFLASH_BUF?BSP_EEPROM              -----    -----      -----    -----      -----    -----      0010H    00
>> 06H

?PR?_APP_LCD_DEFAULT_STRING_SET?APP_LCD          -----    -----      -----    -----      -----    -----      000AH    00
>> 05H
  +--> ?PR?_STRNCPY?STRNCPY

?PR?_STRNCPY?STRNCPY                             -----    -----      -----    -----      -----    -----      000FH    00
>> 0AH

?PR?LED_SHOW_BLINK_NAME_SHOW_LCD_RESP...         -----    -----      -----    -----      -----    -----      -----    --
>> ---
  +--> ?PR?_LCD_SHOWSTRING?BSP_DISPLAY
  +--> ?PR?LCD_CLEAR_UPCOLON_ICO?BSP_DISPLAY
  +--> ?PR?LCD_CLEAR_DOWNCOLON_ICO?BSP_DISPLAY

?PR?_LCD_SHOWSTRING?BSP_DISPLAY                  0020H.0  0000H.1    -----    -----      -----    -----      001AH    00
>> 04H
  +--> ?PR?_STRLEN?STRLEN
  +--> ?PR?_LCD_SHOWCHAR?BSP_DISPLAY

?PR?_LCD_SHOWCHAR?BSP_DISPLAY                    -----    -----      -----    -----      -----    -----      -----    --
BL51 BANKED LINKER/LOCATER V6.22                                                      12/16/2017  00:33:59  PAGE 11


>> ---
  +--> ?PR?_LCD_CLEAR_MI?BSP_DISPLAY

?PR?LED_CLEAR_BLINK_NAME_SHOW_LCD_RES...         -----    -----      -----    -----      -----    -----      -----    --
>> ---
  +--> ?CO?APP_2D4
  +--> ?PR?_LCD_SHOWSTRING?BSP_DISPLAY
  +--> ?PR?LCD_CLEAR_UPCOLON_ICO?BSP_DISPLAY
  +--> ?PR?LCD_CLEAR_DOWNCOLON_ICO?BSP_DISPLAY

?PR?REPEAT_STOP?APP_REPEAT_EXE                   -----    -----      -----    -----      -----    -----      -----    --
>> ---
  +--> ?PR?REPEAT_STOP_EXE?APP_REPEAT_EXE
  +--> ?PR?_REPEAT_SETSTART?APP_REPEAT_EXE
  +--> ?PR?_REPEAT_SETSTOP?APP_REPEAT_EXE

?PR?SPEAKER_STATUS_RESP?APP_2D4                  -----    -----      -----    -----      -----    -----      -----    --
>> ---
  +--> ?CO?APP_2D4
  +--> ?PR?_LCD_SHOWSTRING?BSP_DISPLAY

?PR?PRINTF?PRINTF                                0020H.0  0001H.1    0008H    0005H      -----    -----      001AH    00
>> 28H
  +--> ?PR?_PUTCHAR?COMMON

?PR?BT_PAUSE_SHOW_LCD_RESP?APP_2D4               -----    -----      -----    -----      -----    -----      -----    --
>> ---
  +--> ?CO?APP_2D4
  +--> ?PR?_LCD_SHOWSTRING?BSP_DISPLAY

?PR?CLEAR_LCD_RESP?APP_2D4                       -----    -----      -----    -----      -----    -----      -----    --
>> ---
  +--> ?CO?APP_2D4
  +--> ?PR?_LCD_SHOWSTRING?BSP_DISPLAY
  +--> ?PR?LCD_CLEAR_UPCOLON_ICO?BSP_DISPLAY
  +--> ?PR?LCD_CLEAR_DOWNCOLON_ICO?BSP_DISPLAY

?PR?AUX_MUTE_SHOW_LCD_RESP?APP_2D4               -----    -----      -----    -----      -----    -----      -----    --
>> ---
  +--> ?CO?APP_2D4
  +--> ?PR?_LCD_SHOWSTRING?BSP_DISPLAY

?PR?USB_PAUSE_SHOW_LCD_RESP?APP_2D4              -----    -----      -----    -----      -----    -----      -----    --
>> ---
  +--> ?CO?APP_2D4
  +--> ?PR?_LCD_SHOWSTRING?BSP_DISPLAY
  +--> ?PR?LCD_CLEAR_UPCOLON_ICO?BSP_DISPLAY
  +--> ?PR?LCD_CLEAR_DOWNCOLON_ICO?BSP_DISPLAY

?PR?BT_PREV_SHOW_LCD_RESP?APP_2D4                -----    -----      -----    -----      -----    -----      -----    --
>> ---
  +--> ?CO?APP_2D4
  +--> ?PR?_LCD_SHOWSTRING?BSP_DISPLAY
  +--> ?PR?LCD_CLEAR_UPCOLON_ICO?BSP_DISPLAY
  +--> ?PR?LCD_CLEAR_DOWNCOLON_ICO?BSP_DISPLAY

?PR?BT_NEXT_SHOW_LCD_RESP?APP_2D4                -----    -----      -----    -----      -----    -----      -----    --
BL51 BANKED LINKER/LOCATER V6.22                                                      12/16/2017  00:33:59  PAGE 12


>> ---
  +--> ?CO?APP_2D4
  +--> ?PR?_LCD_SHOWSTRING?BSP_DISPLAY
  +--> ?PR?LCD_CLEAR_UPCOLON_ICO?BSP_DISPLAY
  +--> ?PR?LCD_CLEAR_DOWNCOLON_ICO?BSP_DISPLAY

?PR?FM_STATION_SHOW_LCD_RESP?APP_2D4             -----    -----      -----    -----      -----    -----      -----    --
>> ---
  +--> ?CO?APP_2D4
  +--> ?PR?PRINTF?PRINTF
  +--> ?PR?_LCD_SHOWSTRING?BSP_DISPLAY
  +--> ?PR?LCD_CLEAR_MHZ_ICO?BSP_DISPLAY
  +--> ?PR?LCD_CLEAR_UPCOLON_ICO?BSP_DISPLAY
  +--> ?PR?LCD_SHOW_DOWNCOLON_ICO?BSP_DISPLAY

?PR?USB_TRACK_SHOW_LCD_RESP?APP_2D4              -----    -----      -----    -----      -----    -----      -----    --
>> ---
  +--> ?CO?APP_2D4
  +--> ?PR?PRINTF?PRINTF
  +--> ?PR?_LCD_SHOWSTRING?BSP_DISPLAY
  +--> ?PR?LCD_CLEAR_UPCOLON_ICO?BSP_DISPLAY
  +--> ?PR?LCD_CLEAR_DOWNCOLON_ICO?BSP_DISPLAY

?PR?VOL_RESP?APP_2D4                             -----    -----      -----    -----      -----    -----      000AH    00
>> 10H
  +--> ?CO?APP_2D4
  +--> ?PR?LCD_CLEAR_UPCOLON_ICO?BSP_DISPLAY
  +--> ?PR?LCD_CLEAR_DOWNCOLON_ICO?BSP_DISPLAY
  +--> ?PR?PRINTF?PRINTF
  +--> ?PR?_LCD_SHOWSTRING?BSP_DISPLAY

?PR?RELAY_STATUS_RESP?APP_2D4                    -----    -----      -----    -----      -----    -----      -----    --
>> ---
  +--> ?CO?APP_2D4
  +--> ?PR?_LCD_SHOWSTRING?BSP_DISPLAY

?PR?_REPEAT_START?APP_REPEAT_EXE                 -----    -----      -----    -----      -----    -----      -----    --
>> ---
  +--> ?PR?REPEAT_START_EXE?APP_REPEAT_EXE

?PR?REPEAT_PRO?APP_REPEAT_EXE                    -----    -----      -----    -----      -----    -----      -----    --
>> ---
  +--> ?PR?REPEAT_STOP_EXE?APP_REPEAT_EXE
  +--> ?PR?REPEAT_START_EXE?APP_REPEAT_EXE

?PR?APP_LCD_PRO?APP_LCD                          -----    -----      -----    -----      -----    -----      -----    --
>> ---
  +--> ?PR?APP_REPEAT_ISENABLE?APP_REPEAT_EXE
  +--> ?PR?_LCD_SHOWSTRING?BSP_DISPLAY
  +--> ?PR?LCD_CLEAR_DOWNCOLON_ICO?BSP_DISPLAY
  +--> ?PR?LCD_CLEAR_UPCOLON_ICO?BSP_DISPLAY
  +--> ?PR?LCD_SHOW_UPCOLON_ICO?BSP_DISPLAY
  +--> ?PR?LCD_SHOW_DOWNCOLON_ICO?BSP_DISPLAY

?PR?APP_WORK_1S_PRO?APP_WORK                     -----    -----      -----    -----      -----    -----      -----    --
>> ---
  +--> ?PR?APP_2D4_SWITCH_SAVED_ADDRESS?APP_2D4
BL51 BANKED LINKER/LOCATER V6.22                                                      12/16/2017  00:33:59  PAGE 13


  +--> ?PR?REPEAT_STOP?APP_REPEAT_EXE
  +--> ?PR?LCD_CLEAR_ALL?BSP_DISPLAY
  +--> ?PR?LCD_SHOW_BAZOOKA_ICO?BSP_DISPLAY
  +--> ?CO?APP_WORK
  +--> ?PR?_LCD_SHOWSTRING?BSP_DISPLAY
  +--> ?PR?_APP_LCD_DEFAULT_STRING_SET?APP_LCD

?PR?_APP_KEY_PRO?APP_KEY                         -----    -----      -----    -----      -----    -----      0002H    00
>> 03H
  +--> ?PR?APP_2D4_SWITCH_PUBLIC_ADDRESS?APP...
  +--> ?PR?_APP_2D4_SEND?APP_2D4

?PR?APP_2D4_SWITCH_PUBLIC_ADDRESS?APP...         -----    -----      -----    -----      -----    -----      -----    --
>> ---
  +--> ?PR?RF_INIT?BSP_2D4
  +--> ?PR?RF_RXMODE?BSP_2D4

?PR?_APP_2D4_SEND?APP_2D4                        -----    -----      -----    -----      -----    -----      0005H    00
>> 04H
  +--> ?PR?RF_TXMODE?BSP_2D4

?PR?RF_TXMODE?BSP_2D4                            -----    -----      -----    -----      -----    -----      -----    --
>> ---
  +--> ?PR?_RF_WRITEREG?BSP_2D4



SYMBOL TABLE OF MODULE:  .\Out\Objects\project (MAIN)

  VALUE           TYPE          NAME
  ----------------------------------

  -------         MODULE        MAIN
  C:0000H         SYMBOL        _ICE_DUMMY_
  D:0080H         PUBLIC        P0
  D:0090H         PUBLIC        P1
  D:00A0H         PUBLIC        P2
  D:00B0H         PUBLIC        P3
  D:00D8H         PUBLIC        P5
  D:00A8H         PUBLIC        IE
  B:00E8H.7       PUBLIC        ADCF
  C:345FH         PUBLIC        ADC_ISR
  D:00B8H         PUBLIC        IP
  C:30D3H         PUBLIC        main
  D:0098H         PUBLIC        SCON
  D:0088H         PUBLIC        TCON
  D:00F8H         PUBLIC        SCON_1
  D:00E8H         PUBLIC        ADCCON0
  D:00C0H         PUBLIC        I2CON
  D:00C3H         PUBLIC        ADCRH
  D:00C8H         PUBLIC        T2CON
  D:00C2H         PUBLIC        ADCRL
  D:00D0H         PUBLIC        PSW
  -------         PROC          ADC_ISR
  C:345FH         LINE#         8
  C:3470H         LINE#         9
  C:3470H         LINE#         11
BL51 BANKED LINKER/LOCATER V6.22                                                      12/16/2017  00:33:59  PAGE 14


  C:3472H         LINE#         13
  C:3482H         LINE#         14
  C:349EH         LINE#         15
  C:34ACH         LINE#         17
  -------         ENDPROC       ADC_ISR
  -------         PROC          MAIN
  -------         DO            
  X:0000H         SYMBOL        ucKeyCode
  -------         DO            
  X:0001H         SYMBOL        i
  X:00C2H         SYMBOL        n
  -------         ENDDO         
  -------         ENDDO         
  C:30D3H         LINE#         19
  C:30D3H         LINE#         21
  C:30D8H         LINE#         24
  C:30DBH         LINE#         32
  C:30DFH         LINE#         33
  C:30E2H         LINE#         35
  C:30E5H         LINE#         36
  C:30E8H         LINE#         40
  C:30E8H         LINE#         41
  C:30EEH         LINE#         42
  C:30F0H         LINE#         44
  C:30F3H         LINE#         45
  C:30F3H         LINE#         46
  C:30F9H         LINE#         47
  C:30FBH         LINE#         49
  C:30FEH         LINE#         51
  C:3101H         LINE#         52
  C:3101H         LINE#         53
  C:3107H         LINE#         54
  C:310CH         LINE#         57
  C:3110H         LINE#         62
  C:3113H         LINE#         64
  C:3116H         LINE#         66
  C:311CH         LINE#         67
  C:3122H         LINE#         68
  C:3124H         LINE#         72
  C:3124H         LINE#         73
  C:3124H         LINE#         74
  C:312AH         LINE#         76
  C:312CH         LINE#         78
  C:312FH         LINE#         82
  C:312FH         LINE#         86
  C:3137H         LINE#         87
  C:3139H         LINE#         89
  C:313EH         LINE#         90
  C:313EH         LINE#         92
  -------         ENDPROC       MAIN
  -------         ENDMOD        MAIN

  -------         MODULE        APP_KEY
  C:0000H         SYMBOL        _ICE_DUMMY_
  D:0080H         PUBLIC        P0
  D:0090H         PUBLIC        P1
  D:00A0H         PUBLIC        P2
BL51 BANKED LINKER/LOCATER V6.22                                                      12/16/2017  00:33:59  PAGE 15


  D:00B0H         PUBLIC        P3
  D:00D8H         PUBLIC        P5
  D:00A8H         PUBLIC        IE
  D:00B8H         PUBLIC        IP
  C:151FH         PUBLIC        _app_key_pro
  D:0098H         PUBLIC        SCON
  D:0088H         PUBLIC        TCON
  D:00F8H         PUBLIC        SCON_1
  X:00C3H         SYMBOL        press_long_lock
  D:00E8H         PUBLIC        ADCCON0
  D:00C0H         PUBLIC        I2CON
  D:00C8H         PUBLIC        T2CON
  D:00D0H         PUBLIC        PSW
  -------         PROC          _APP_KEY_PRO
  X:0002H         SYMBOL        keyCode
  -------         DO            
  X:0003H         SYMBOL        index
  X:0004H         SYMBOL        i
  -------         ENDDO         
  C:151FH         LINE#         27
  C:1524H         LINE#         29
  C:1527H         LINE#         30
  C:1529H         LINE#         32
  C:152DH         LINE#         33
  C:1539H         LINE#         34
  C:15ACH         LINE#         35
  C:15ACH         LINE#         36
  C:15B2H         LINE#         37
  C:15BFH         LINE#         38
  C:15C9H         LINE#         39
  C:15D3H         LINE#         40
  C:15EFH         LINE#         41
  C:15FFH         LINE#         42
  C:1605H         LINE#         43
  C:1605H         LINE#         44
  C:160AH         LINE#         45
  C:160DH         LINE#         46
  C:160DH         LINE#         48
  C:160DH         LINE#         49
  C:160DH         LINE#         50
  C:1613H         LINE#         51
  C:1620H         LINE#         52
  C:162AH         LINE#         53
  C:1634H         LINE#         54
  C:1653H         LINE#         55
  C:1663H         LINE#         56
  C:1669H         LINE#         57
  C:1669H         LINE#         58
  C:1669H         LINE#         60
  C:1669H         LINE#         61
  C:1669H         LINE#         62
  C:1676H         LINE#         63
  C:1680H         LINE#         64
  C:168AH         LINE#         65
  C:16A9H         LINE#         66
  C:16B9H         LINE#         67
  C:16BFH         LINE#         68
BL51 BANKED LINKER/LOCATER V6.22                                                      12/16/2017  00:33:59  PAGE 16


  C:16BFH         LINE#         69
  C:16BFH         LINE#         70
  C:16CCH         LINE#         71
  C:16D6H         LINE#         72
  C:16E0H         LINE#         73
  C:16FFH         LINE#         74
  C:170FH         LINE#         75
  C:1715H         LINE#         76
  C:1715H         LINE#         77
  C:1715H         LINE#         79
  C:1715H         LINE#         80
  C:1715H         LINE#         81
  C:1722H         LINE#         82
  C:172CH         LINE#         83
  C:1736H         LINE#         84
  C:1755H         LINE#         85
  C:1765H         LINE#         86
  C:176BH         LINE#         87
  C:176BH         LINE#         88
  C:176BH         LINE#         89
  C:1778H         LINE#         90
  C:1782H         LINE#         91
  C:178CH         LINE#         92
  C:17ABH         LINE#         93
  C:17BBH         LINE#         94
  C:17C1H         LINE#         95
  C:17C1H         LINE#         96
  C:17C1H         LINE#         98
  C:17C1H         LINE#         99
  C:17C1H         LINE#         100
  C:17CEH         LINE#         101
  C:17D8H         LINE#         102
  C:17E2H         LINE#         103
  C:1801H         LINE#         104
  C:1811H         LINE#         105
  C:1817H         LINE#         106
  C:1817H         LINE#         107
  C:1817H         LINE#         108
  C:1824H         LINE#         109
  C:182EH         LINE#         110
  C:1838H         LINE#         111
  C:1857H         LINE#         112
  C:1867H         LINE#         113
  C:186DH         LINE#         114
  C:186DH         LINE#         115
  C:186DH         LINE#         117
  C:186DH         LINE#         118
  C:186DH         LINE#         119
  C:187AH         LINE#         120
  C:1884H         LINE#         121
  C:188EH         LINE#         122
  C:18ADH         LINE#         123
  C:18BDH         LINE#         124
  C:18C3H         LINE#         125
  C:18C3H         LINE#         126
  C:18C3H         LINE#         127
  C:18D0H         LINE#         128
BL51 BANKED LINKER/LOCATER V6.22                                                      12/16/2017  00:33:59  PAGE 17


  C:18DAH         LINE#         129
  C:18E4H         LINE#         130
  C:1903H         LINE#         131
  C:1913H         LINE#         132
  C:1919H         LINE#         133
  C:1919H         LINE#         134
  C:1919H         LINE#         136
  C:1919H         LINE#         137
  C:1919H         LINE#         138
  C:1926H         LINE#         139
  C:1930H         LINE#         140
  C:193AH         LINE#         141
  C:1944H         LINE#         142
  C:1963H         LINE#         143
  C:1973H         LINE#         144
  C:1979H         LINE#         145
  C:1979H         LINE#         146
  C:1979H         LINE#         148
  C:1979H         LINE#         149
  C:1979H         LINE#         151
  C:1979H         LINE#         152
  C:1979H         LINE#         153
  C:1986H         LINE#         154
  C:1990H         LINE#         155
  C:199AH         LINE#         156
  C:19B9H         LINE#         157
  C:19C9H         LINE#         158
  C:19CFH         LINE#         159
  C:19CFH         LINE#         160
  C:19CFH         LINE#         161
  C:19DCH         LINE#         162
  C:19E6H         LINE#         163
  C:19F0H         LINE#         164
  C:1A0FH         LINE#         165
  C:1A1FH         LINE#         166
  C:1A25H         LINE#         167
  C:1A25H         LINE#         168
  C:1A25H         LINE#         169
  C:1A32H         LINE#         170
  C:1A3CH         LINE#         171
  C:1A46H         LINE#         172
  C:1A62H         LINE#         173
  C:1A72H         LINE#         174
  C:1A78H         LINE#         175
  C:1A78H         LINE#         176
  C:1A78H         LINE#         178
  C:1A78H         LINE#         179
  C:1A78H         LINE#         181
  C:1A78H         LINE#         182
  C:1A78H         LINE#         183
  C:1A85H         LINE#         184
  C:1A8FH         LINE#         185
  C:1A99H         LINE#         186
  C:1AB5H         LINE#         187
  C:1AC5H         LINE#         188
  C:1ACBH         LINE#         189
  C:1ACBH         LINE#         190
BL51 BANKED LINKER/LOCATER V6.22                                                      12/16/2017  00:33:59  PAGE 18


  C:1ACBH         LINE#         191
  C:1ACBH         LINE#         192
  C:1ACBH         LINE#         193
  C:1ACBH         LINE#         194
  C:1ACBH         LINE#         195
  C:1ACBH         LINE#         196
  C:1ACBH         LINE#         197
  C:1ACBH         LINE#         198
  C:1ACBH         LINE#         199
  C:1ACFH         LINE#         200
  C:1AD2H         LINE#         201
  C:1AD2H         LINE#         202
  C:1AD2H         LINE#         204
  C:1AD2H         LINE#         205
  C:1AD2H         LINE#         206
  C:1AD8H         LINE#         207
  C:1ADAH         LINE#         208
  C:1ADFH         LINE#         209
  C:1AE9H         LINE#         210
  C:1AE9H         LINE#         212
  C:1AE9H         LINE#         214
  -------         ENDPROC       _APP_KEY_PRO
  -------         ENDMOD        APP_KEY

  -------         MODULE        APP_WORK
  C:0000H         SYMBOL        _ICE_DUMMY_
  D:0080H         PUBLIC        P0
  D:0090H         PUBLIC        P1
  D:00A0H         PUBLIC        P2
  D:00B0H         PUBLIC        P3
  D:00D8H         PUBLIC        P5
  D:00A8H         PUBLIC        IE
  D:00B8H         PUBLIC        IP
  C:4052H         SYMBOL        app_work_pro
  C:000EH         PUBLIC        app_work_1s_pro
  D:0098H         PUBLIC        SCON
  X:00C0H         SYMBOL        match_code_cnt
  D:0088H         PUBLIC        TCON
  D:00F8H         PUBLIC        SCON_1
  X:00C1H         SYMBOL        cnt
  D:00E8H         PUBLIC        ADCCON0
  D:00C0H         PUBLIC        I2CON
  C:3CC0H         PUBLIC        app_work_Init
  I:00BEH         PUBLIC        g_tWork
  D:00C8H         PUBLIC        T2CON
  C:4051H         PUBLIC        app_work_100ms_pro
  C:400DH         PUBLIC        app_work_cnt_clear
  D:00D0H         PUBLIC        PSW
  -------         PROC          APP_WORK_INIT
  C:3CC0H         LINE#         17
  C:3CC0H         LINE#         18
  C:3CC5H         LINE#         19
  C:3CC9H         LINE#         20
  C:3CD5H         LINE#         21
  -------         ENDPROC       APP_WORK_INIT
  -------         PROC          APP_WORK_1S_PRO
  C:000EH         LINE#         24
BL51 BANKED LINKER/LOCATER V6.22                                                      12/16/2017  00:33:59  PAGE 19


  C:000EH         LINE#         26
  C:0013H         LINE#         27
  C:0019H         LINE#         28
  C:001FH         LINE#         29
  C:0021H         LINE#         30
  C:0024H         LINE#         31
  C:0024H         LINE#         32
  C:0026H         LINE#         33
  C:002BH         LINE#         34
  C:002BH         LINE#         36
  C:0031H         LINE#         37
  C:0035H         LINE#         39
  C:0038H         LINE#         40
  C:003BH         LINE#         41
  C:003EH         LINE#         42
  C:0047H         LINE#         43
  C:0057H         LINE#         44
  C:0057H         LINE#         45
  -------         ENDPROC       APP_WORK_1S_PRO
  -------         PROC          APP_WORK_100MS_PRO
  C:4051H         LINE#         46
  C:4051H         LINE#         48
  -------         ENDPROC       APP_WORK_100MS_PRO
  -------         PROC          APP_WORK_CNT_CLEAR
  C:400DH         LINE#         49
  C:400DH         LINE#         50
  C:4012H         LINE#         51
  -------         ENDPROC       APP_WORK_CNT_CLEAR
  -------         PROC          APP_WORK_PRO
  C:4052H         LINE#         52
  C:4052H         LINE#         54
  -------         ENDPROC       APP_WORK_PRO
  -------         ENDMOD        APP_WORK

  -------         MODULE        APP_REPEAT_EXE
  C:0000H         SYMBOL        _ICE_DUMMY_
  D:0080H         PUBLIC        P0
  D:0090H         PUBLIC        P1
  D:00A0H         PUBLIC        P2
  D:00B0H         PUBLIC        P3
  C:3EBDH         PUBLIC        _Repeat_SetStart
  D:00D8H         PUBLIC        P5
  D:00A8H         PUBLIC        IE
  C:3F0EH         PUBLIC        app_repeat_IsEnable
  C:3DC3H         SYMBOL        Repeat_Stop_exe
  D:00B8H         PUBLIC        IP
  C:3EC9H         PUBLIC        _Repeat_SetStop
  X:0055H         SYMBOL        g_tRepeat
  D:0098H         PUBLIC        SCON
  D:0088H         PUBLIC        TCON
  D:00F8H         PUBLIC        SCON_1
  C:394EH         PUBLIC        _Repeat_Start
  D:00E8H         PUBLIC        ADCCON0
  D:00C0H         PUBLIC        I2CON
  D:00C8H         PUBLIC        T2CON
  C:3D19H         PUBLIC        Repeat_Stop
  C:2C30H         PUBLIC        Repeat_Pro
BL51 BANKED LINKER/LOCATER V6.22                                                      12/16/2017  00:33:59  PAGE 20


  C:3DB3H         SYMBOL        Repeat_Start_exe
  D:00D0H         PUBLIC        PSW
  -------         PROC          _REPEAT_SETSTART
  D:0001H         SYMBOL        fun
  C:3EBDH         LINE#         12
  C:3EBDH         LINE#         13
  C:3EC8H         LINE#         14
  -------         ENDPROC       _REPEAT_SETSTART
  -------         PROC          _REPEAT_SETSTOP
  D:0001H         SYMBOL        fun
  C:3EC9H         LINE#         16
  C:3EC9H         LINE#         17
  C:3ED4H         LINE#         18
  -------         ENDPROC       _REPEAT_SETSTOP
  -------         PROC          REPEAT_START_EXE
  C:3DB3H         LINE#         20
  C:3DB3H         LINE#         21
  C:3DBFH         LINE#         22
  C:3DC2H         LINE#         23
  C:3DC2H         LINE#         24
  -------         ENDPROC       REPEAT_START_EXE
  -------         PROC          REPEAT_STOP_EXE
  C:3DC3H         LINE#         26
  C:3DC3H         LINE#         27
  C:3DCFH         LINE#         28
  C:3DD2H         LINE#         29
  C:3DD2H         LINE#         30
  -------         ENDPROC       REPEAT_STOP_EXE
  -------         PROC          _REPEAT_START
  D:0006H         SYMBOL        _usStartTime
  D:0004H         SYMBOL        _usStopTime
  D:0002H         SYMBOL        _usCycle
  C:394EH         LINE#         42
  C:394EH         LINE#         43
  C:394EH         LINE#         44
  C:3952H         LINE#         46
  C:3952H         LINE#         48
  C:395AH         LINE#         49
  C:3962H         LINE#         50
  C:396AH         LINE#         51
  C:396FH         LINE#         52
  C:3973H         LINE#         53
  C:3977H         LINE#         54
  C:397CH         LINE#         56
  C:397FH         LINE#         57
  -------         ENDPROC       _REPEAT_START
  -------         PROC          REPEAT_STOP
  C:3D19H         LINE#         67
  C:3D19H         LINE#         68
  C:3D1EH         LINE#         69
  C:3D21H         LINE#         70
  C:3D2AH         LINE#         71
  -------         ENDPROC       REPEAT_STOP
  -------         PROC          APP_REPEAT_ISENABLE
  C:3F0EH         LINE#         75
  C:3F0EH         LINE#         76
  C:3F14H         LINE#         77
BL51 BANKED LINKER/LOCATER V6.22                                                      12/16/2017  00:33:59  PAGE 21


  C:3F16H         LINE#         78
  C:3F16H         LINE#         79
  C:3F17H         LINE#         80
  -------         ENDPROC       APP_REPEAT_ISENABLE
  -------         PROC          REPEAT_PRO
  C:2C30H         LINE#         90
  C:2C30H         LINE#         92
  C:2C47H         LINE#         94
  C:2C47H         LINE#         96
  C:2C4DH         LINE#         97
  C:2C59H         LINE#         98
  C:2C59H         LINE#         99
  C:2C72H         LINE#         100
  C:2C75H         LINE#         101
  C:2C7CH         LINE#         102
  C:2C81H         LINE#         103
  C:2C81H         LINE#         104
  C:2C82H         LINE#         106
  C:2C82H         LINE#         107
  C:2C8AH         LINE#         108
  C:2CA2H         LINE#         110
  C:2CB1H         LINE#         111
  C:2CC4H         LINE#         113
  C:2CC9H         LINE#         114
  C:2CC9H         LINE#         116
  C:2CCFH         LINE#         117
  C:2CD6H         LINE#         119
  C:2CD6H         LINE#         120
  C:2CD6H         LINE#         121
  C:2CDDH         LINE#         122
  C:2CE1H         LINE#         124
  C:2CE4H         LINE#         125
  C:2CE4H         LINE#         126
  C:2CE4H         LINE#         128
  -------         ENDPROC       REPEAT_PRO
  -------         ENDMOD        APP_REPEAT_EXE

  -------         MODULE        APP_2D4
  C:0000H         SYMBOL        _ICE_DUMMY_
  D:0080H         PUBLIC        P0
  D:0090H         PUBLIC        P1
  D:00A0H         PUBLIC        P2
  D:00B0H         PUBLIC        P3
  C:3ACCH         PUBLIC        app_2d4_init
  D:00D8H         PUBLIC        P5
  C:3E00H         SYMBOL        BT_prev_show_lcd_resp
  D:00A8H         PUBLIC        IE
  C:3E1EH         SYMBOL        LED_clear_blink_name_show_lcd_resp
  C:3DF1H         SYMBOL        BT_next_show_lcd_resp
  C:387AH         PUBLIC        app_2d4_switch_public_address
  C:3CD8H         SYMBOL        speaker_status_resp
  D:00B8H         PUBLIC        IP
  C:2F52H         PUBLIC        app_2d4_pro
  C:3ED5H         PUBLIC        app_2d4_switch_saved_address
  C:36B1H         PUBLIC        _app_get_saved_address
  D:0098H         PUBLIC        SCON
  D:0088H         PUBLIC        TCON
BL51 BANKED LINKER/LOCATER V6.22                                                      12/16/2017  00:33:59  PAGE 22


  C:3980H         SYMBOL        USB_track_show_lcd_resp
  C:3DD3H         SYMBOL        clear_lcd_resp
  C:3DE2H         SYMBOL        USB_pause_show_lcd_resp
  C:2997H         SYMBOL        _?ix1000
  C:29A7H         SYMBOL        _?ix1001
  C:29ACH         SYMBOL        _?ix1002
  D:00F8H         PUBLIC        SCON_1
  C:3CEEH         SYMBOL        relay_status_resp
  C:3E0FH         SYMBOL        LED_show_blink_name_show_lcd_resp
  I:009DH         PUBLIC        sendBuf
  C:38E8H         SYMBOL        FM_station_show_lcd_resp
  I:00ADH         SYMBOL        sendRcv_flag
  D:00E8H         PUBLIC        ADCCON0
  D:00C0H         PUBLIC        I2CON
  C:3F34H         SYMBOL        AUX_mute_show_lcd_resp
  D:00C8H         PUBLIC        T2CON
  I:00AEH         SYMBOL        rcvBuf
  C:3F2BH         SYMBOL        BT_pause_show_lcd_resp
  C:36F4H         SYMBOL        vol_resp
  X:0078H         SYMBOL        tmpBuf
  C:005EH         SYMBOL        _app_2d4_Rcv
  C:361BH         PUBLIC        _app_2d4_send
  D:00D0H         PUBLIC        PSW
  -------         PROC          APP_2D4_INIT
  C:3ACCH         LINE#         23
  C:3ACCH         LINE#         25
  C:3AD0H         LINE#         26
  C:3ADCH         LINE#         27
  C:3AEBH         LINE#         29
  C:3AEEH         LINE#         30
  -------         ENDPROC       APP_2D4_INIT
  -------         PROC          _APP_GET_SAVED_ADDRESS
  X:000AH         SYMBOL        addr
  -------         DO            
  X:000DH         SYMBOL        i
  -------         ENDDO         
  C:36B1H         LINE#         35
  C:36BCH         LINE#         36
  C:36BFH         LINE#         37
  C:36CAH         LINE#         38
  C:36EBH         LINE#         39
  C:36F3H         LINE#         40
  -------         ENDPROC       _APP_GET_SAVED_ADDRESS
  -------         PROC          APP_2D4_SWITCH_PUBLIC_ADDRESS
  C:387AH         LINE#         41
  C:387AH         LINE#         42
  C:388DH         LINE#         44
  C:3891H         LINE#         45
  C:389DH         LINE#         46
  C:38ACH         LINE#         48
  C:38AFH         LINE#         49
  -------         ENDPROC       APP_2D4_SWITCH_PUBLIC_ADDRESS
  -------         PROC          APP_2D4_SWITCH_SAVED_ADDRESS
  C:3ED5H         LINE#         51
  C:3ED5H         LINE#         52
  C:3EDEH         LINE#         53
  -------         ENDPROC       APP_2D4_SWITCH_SAVED_ADDRESS
BL51 BANKED LINKER/LOCATER V6.22                                                      12/16/2017  00:33:59  PAGE 23


  -------         PROC          _APP_2D4_SEND
  X:0005H         SYMBOL        d
  X:0008H         SYMBOL        len
  C:361BH         LINE#         55
  C:3629H         LINE#         57
  C:362EH         LINE#         59
  C:362EH         LINE#         61
  C:3631H         LINE#         62
  C:3635H         LINE#         64
  C:3650H         LINE#         65
  C:366BH         LINE#         66
  C:366BH         LINE#         68
  -------         ENDPROC       _APP_2D4_SEND
  -------         PROC          SPEAKER_STATUS_RESP
  C:3CD8H         LINE#         69
  C:3CD8H         LINE#         70
  C:3CE0H         LINE#         71
  C:3CE4H         LINE#         72
  C:3CE6H         LINE#         73
  C:3CEDH         LINE#         74
  C:3CEDH         LINE#         75
  -------         ENDPROC       SPEAKER_STATUS_RESP
  -------         PROC          RELAY_STATUS_RESP
  C:3CEEH         LINE#         76
  C:3CEEH         LINE#         77
  C:3CF6H         LINE#         78
  C:3CFAH         LINE#         79
  C:3CFCH         LINE#         80
  C:3D03H         LINE#         81
  C:3D03H         LINE#         83
  -------         ENDPROC       RELAY_STATUS_RESP
  -------         PROC          VOL_RESP
  -------         DO            
  X:000AH         SYMBOL        str
  -------         ENDDO         
  C:36F4H         LINE#         84
  C:36F4H         LINE#         85
  C:3707H         LINE#         88
  C:370AH         LINE#         89
  C:370DH         LINE#         91
  C:372EH         LINE#         92
  -------         ENDPROC       VOL_RESP
  -------         PROC          CLEAR_LCD_RESP
  C:3DD3H         LINE#         95
  C:3DD3H         LINE#         96
  C:3DDCH         LINE#         98
  C:3DDFH         LINE#         99
  -------         ENDPROC       CLEAR_LCD_RESP
  -------         PROC          BT_PAUSE_SHOW_LCD_RESP
  C:3F2BH         LINE#         101
  C:3F2BH         LINE#         102
  -------         ENDPROC       BT_PAUSE_SHOW_LCD_RESP
  -------         PROC          AUX_MUTE_SHOW_LCD_RESP
  C:3F34H         LINE#         122
  C:3F34H         LINE#         123
  -------         ENDPROC       AUX_MUTE_SHOW_LCD_RESP
  -------         PROC          USB_PAUSE_SHOW_LCD_RESP
BL51 BANKED LINKER/LOCATER V6.22                                                      12/16/2017  00:33:59  PAGE 24


  C:3DE2H         LINE#         126
  C:3DE2H         LINE#         127
  C:3DEBH         LINE#         128
  C:3DEEH         LINE#         129
  -------         ENDPROC       USB_PAUSE_SHOW_LCD_RESP
  -------         PROC          BT_NEXT_SHOW_LCD_RESP
  C:3DF1H         LINE#         138
  C:3DF1H         LINE#         139
  C:3DFAH         LINE#         140
  C:3DFDH         LINE#         141
  -------         ENDPROC       BT_NEXT_SHOW_LCD_RESP
  -------         PROC          BT_PREV_SHOW_LCD_RESP
  C:3E00H         LINE#         143
  C:3E00H         LINE#         144
  C:3E09H         LINE#         145
  C:3E0CH         LINE#         146
  -------         ENDPROC       BT_PREV_SHOW_LCD_RESP
  -------         PROC          FM_STATION_SHOW_LCD_RESP
  C:38E8H         LINE#         148
  C:38E8H         LINE#         149
  C:3909H         LINE#         150
  C:3912H         LINE#         151
  C:3915H         LINE#         152
  C:3918H         LINE#         153
  -------         ENDPROC       FM_STATION_SHOW_LCD_RESP
  -------         PROC          USB_TRACK_SHOW_LCD_RESP
  C:3980H         LINE#         155
  C:3980H         LINE#         156
  C:39A3H         LINE#         157
  C:39ACH         LINE#         158
  C:39AFH         LINE#         159
  -------         ENDPROC       USB_TRACK_SHOW_LCD_RESP
  -------         PROC          LED_SHOW_BLINK_NAME_SHOW_LCD_RESP
  C:3E0FH         LINE#         161
  C:3E0FH         LINE#         163
  C:3E18H         LINE#         165
  C:3E1BH         LINE#         166
  -------         ENDPROC       LED_SHOW_BLINK_NAME_SHOW_LCD_RESP
  -------         PROC          LED_CLEAR_BLINK_NAME_SHOW_LCD_RESP
  C:3E1EH         LINE#         168
  C:3E1EH         LINE#         170
  C:3E27H         LINE#         171
  C:3E2AH         LINE#         172
  -------         ENDPROC       LED_CLEAR_BLINK_NAME_SHOW_LCD_RESP
  -------         PROC          _APP_2D4_RCV
  X:0003H         SYMBOL        buf
  -------         DO            
  X:0006H         SYMBOL        i
  X:0007H         SYMBOL        index
  X:0008H         SYMBOL        check
  -------         DO            
  X:0009H         SYMBOL        eq
  I:000FH         SYMBOL        address_saved_tmp
  I:0014H         SYMBOL        address_sended_tmp
  -------         ENDDO         
  -------         DO            
  B:0021H.1       SYMBOL        aux_pause_lock
BL51 BANKED LINKER/LOCATER V6.22                                                      12/16/2017  00:33:59  PAGE 25


  -------         ENDDO         
  -------         ENDDO         
  C:005EH         LINE#         177
  C:0069H         LINE#         178
  C:006CH         LINE#         179
  C:006EH         LINE#         180
  C:0070H         LINE#         182
  C:007AH         LINE#         184
  C:007AH         LINE#         186
  C:0093H         LINE#         188
  C:0093H         LINE#         189
  C:00BFH         LINE#         190
  C:00D4H         LINE#         191
  C:00DCH         LINE#         192
  C:0102H         LINE#         194
  C:0102H         LINE#         200
  C:0111H         LINE#         201
  C:0116H         LINE#         202
  C:0119H         LINE#         204
  C:015EH         LINE#         205
  C:015EH         LINE#         206
  C:0163H         LINE#         208
  C:0174H         LINE#         210
  C:0187H         LINE#         212
  C:0196H         LINE#         213
  C:01A5H         LINE#         215
  C:01AEH         LINE#         216
  C:01CBH         LINE#         218
  C:01D1H         LINE#         219
  C:01D6H         LINE#         220
  C:01E6H         LINE#         221
  C:01EBH         LINE#         222
  C:01EDH         LINE#         223
  C:01EDH         LINE#         224
  C:01F7H         LINE#         225
  C:01FDH         LINE#         226
  C:0202H         LINE#         227
  C:0211H         LINE#         229
  C:0223H         LINE#         230
  C:0223H         LINE#         231
  C:0227H         LINE#         233
  C:022AH         LINE#         234
  C:022AH         LINE#         235
  C:022DH         LINE#         236
  C:022DH         LINE#         240
  C:0230H         LINE#         242
  C:0233H         LINE#         243
  C:0236H         LINE#         244
  C:0239H         LINE#         245
  C:023CH         LINE#         246
  C:023FH         LINE#         247
  C:025EH         LINE#         248
  C:025EH         LINE#         249
  C:0261H         LINE#         250
  C:0263H         LINE#         251
  C:0263H         LINE#         252
  C:0266H         LINE#         253
BL51 BANKED LINKER/LOCATER V6.22                                                      12/16/2017  00:33:59  PAGE 26


  C:0268H         LINE#         254
  C:0268H         LINE#         255
  C:026BH         LINE#         256
  C:026DH         LINE#         257
  C:026DH         LINE#         258
  C:0270H         LINE#         259
  C:0270H         LINE#         260
  C:0270H         LINE#         261
  C:0270H         LINE#         262
  C:0270H         LINE#         263
  C:0270H         LINE#         264
  C:0270H         LINE#         266
  C:027FH         LINE#         267
  C:029CH         LINE#         268
  C:02B5H         LINE#         270
  C:02C8H         LINE#         271
  C:02D1H         LINE#         272
  C:02DAH         LINE#         273
  C:02E2H         LINE#         274
  C:02E2H         LINE#         275
  C:02E2H         LINE#         276
  C:02E5H         LINE#         277
  C:02EDH         LINE#         278
  C:02EDH         LINE#         279
  C:02EDH         LINE#         280
  C:02EDH         LINE#         282
  C:02EDH         LINE#         283
  C:02F0H         LINE#         284
  C:02F0H         LINE#         285
  C:02F3H         LINE#         287
  C:02F6H         LINE#         288
  C:02F9H         LINE#         290
  C:02FCH         LINE#         291
  C:02FFH         LINE#         292
  C:0302H         LINE#         293
  C:0305H         LINE#         294
  C:0308H         LINE#         296
  C:031DH         LINE#         297
  C:0323H         LINE#         298
  C:032CH         LINE#         299
  C:0335H         LINE#         300
  C:033FH         LINE#         301
  C:035AH         LINE#         302
  C:0360H         LINE#         303
  C:0369H         LINE#         304
  C:0372H         LINE#         305
  C:037AH         LINE#         306
  C:037AH         LINE#         307
  C:037DH         LINE#         308
  C:037DH         LINE#         329
  C:037DH         LINE#         330
  C:037DH         LINE#         331
  C:039BH         LINE#         332
  C:039BH         LINE#         334
  C:03A2H         LINE#         335
  C:03A5H         LINE#         336
  C:03A9H         LINE#         337
BL51 BANKED LINKER/LOCATER V6.22                                                      12/16/2017  00:33:59  PAGE 27


  C:03A9H         LINE#         338
  C:03ACH         LINE#         339
  C:03AFH         LINE#         340
  C:03B2H         LINE#         341
  C:03B5H         LINE#         343
  C:03B8H         LINE#         344
  C:03CCH         LINE#         345
  C:03D9H         LINE#         346
  C:03EFH         LINE#         347
  C:03FCH         LINE#         348
  C:0412H         LINE#         349
  C:041FH         LINE#         350
  C:0435H         LINE#         351
  C:044CH         LINE#         352
  C:044CH         LINE#         353
  C:044CH         LINE#         354
  C:044FH         LINE#         355
  C:044FH         LINE#         356
  C:0452H         LINE#         357
  C:0455H         LINE#         360
  C:0495H         LINE#         364
  C:0498H         LINE#         365
  C:0498H         LINE#         367
  C:0498H         LINE#         368
  C:0498H         LINE#         370
  C:0498H         LINE#         371
  C:0498H         LINE#         373
  C:0498H         LINE#         374
  C:0498H         LINE#         375
  C:0498H         LINE#         376
  C:0498H         LINE#         377
  C:0498H         LINE#         378
  C:0498H         LINE#         379
  C:04C6H         LINE#         380
  C:04C6H         LINE#         381
  C:04CFH         LINE#         382
  C:04CFH         LINE#         388
  C:04EAH         LINE#         389
  C:04F3H         LINE#         390
  C:04FCH         LINE#         391
  C:0504H         LINE#         392
  C:0504H         LINE#         393
  C:0507H         LINE#         394
  C:0507H         LINE#         395
  C:051CH         LINE#         396
  C:0529H         LINE#         397
  C:0529H         LINE#         398
  C:053EH         LINE#         402
  C:053EH         LINE#         403
  C:0541H         LINE#         404
  C:0541H         LINE#         405
  C:0541H         LINE#         407
  C:0544H         LINE#         408
  C:0547H         LINE#         410
  C:054AH         LINE#         411
  C:054DH         LINE#         412
  C:0550H         LINE#         413
BL51 BANKED LINKER/LOCATER V6.22                                                      12/16/2017  00:33:59  PAGE 28


  C:0553H         LINE#         414
  C:0556H         LINE#         416
  C:0559H         LINE#         417
  C:056EH         LINE#         418
  C:0571H         LINE#         419
  C:0574H         LINE#         420
  C:0576H         LINE#         421
  C:0576H         LINE#         422
  C:058DH         LINE#         423
  C:058DH         LINE#         424
  C:05A8H         LINE#         425
  C:05AAH         LINE#         426
  C:05B3H         LINE#         427
  C:05BCH         LINE#         428
  C:05C4H         LINE#         429
  C:05C4H         LINE#         430
  C:05C4H         LINE#         431
  C:05C7H         LINE#         432
  C:05C7H         LINE#         433
  C:05DBH         LINE#         434
  C:05DEH         LINE#         438
  C:05F9H         LINE#         439
  C:0602H         LINE#         440
  C:060BH         LINE#         441
  C:0613H         LINE#         442
  C:0613H         LINE#         443
  C:0616H         LINE#         444
  C:0616H         LINE#         445
  C:062BH         LINE#         446
  C:063FH         LINE#         447
  C:0648H         LINE#         448
  C:0651H         LINE#         449
  C:0659H         LINE#         451
  C:065CH         LINE#         452
  C:065CH         LINE#         456
  C:065CH         LINE#         457
  C:065FH         LINE#         458
  C:065FH         LINE#         459
  C:065FH         LINE#         460
  C:065FH         LINE#         461
  C:065FH         LINE#         462
  C:065FH         LINE#         463
  C:0688H         LINE#         464
  C:0688H         LINE#         465
  C:0691H         LINE#         466
  C:069AH         LINE#         467
  C:06A3H         LINE#         468
  C:06ADH         LINE#         469
  C:06C8H         LINE#         470
  C:06D1H         LINE#         471
  C:06DAH         LINE#         472
  C:06E4H         LINE#         473
  C:06E4H         LINE#         474
  C:06E7H         LINE#         475
  C:06E7H         LINE#         476
  C:06EAH         LINE#         477
  C:06FEH         LINE#         478
BL51 BANKED LINKER/LOCATER V6.22                                                      12/16/2017  00:33:59  PAGE 29


  C:0707H         LINE#         479
  C:0710H         LINE#         480
  C:071AH         LINE#         481
  C:071DH         LINE#         482
  C:071DH         LINE#         483
  C:071DH         LINE#         484
  C:071DH         LINE#         485
  C:0734H         LINE#         486
  C:0741H         LINE#         487
  C:074AH         LINE#         488
  C:0753H         LINE#         489
  C:075DH         LINE#         491
  C:0760H         LINE#         492
  C:0760H         LINE#         493
  C:076CH         LINE#         494
  C:076FH         LINE#         495
  C:076FH         LINE#         496
  C:076FH         LINE#         497
  C:076FH         LINE#         498
  C:076FH         LINE#         499
  C:076FH         LINE#         500
  C:076FH         LINE#         501
  C:076FH         LINE#         502
  C:0776H         LINE#         503
  C:0779H         LINE#         504
  C:077DH         LINE#         505
  C:077DH         LINE#         506
  C:0780H         LINE#         507
  C:0783H         LINE#         508
  C:0786H         LINE#         509
  C:0789H         LINE#         511
  C:078CH         LINE#         512
  C:07A8H         LINE#         513
  C:07B1H         LINE#         514
  C:07B3H         LINE#         516
  C:07EEH         LINE#         517
  C:07EEH         LINE#         518
  C:0804H         LINE#         519
  C:0807H         LINE#         520
  C:0807H         LINE#         521
  C:080EH         LINE#         522
  C:0811H         LINE#         523
  C:0815H         LINE#         524
  C:0815H         LINE#         526
  C:0818H         LINE#         527
  C:081BH         LINE#         528
  C:081EH         LINE#         529
  C:0821H         LINE#         531
  C:0824H         LINE#         532
  C:0827H         LINE#         534
  C:083EH         LINE#         535
  C:084CH         LINE#         536
  C:086AH         LINE#         537
  C:0873H         LINE#         538
  C:0875H         LINE#         539
  C:08B0H         LINE#         540
  C:08B0H         LINE#         541
BL51 BANKED LINKER/LOCATER V6.22                                                      12/16/2017  00:33:59  PAGE 30


  C:08C6H         LINE#         542
  C:08C9H         LINE#         543
  C:08C9H         LINE#         544
  C:08DFH         LINE#         545
  C:08E8H         LINE#         546
  C:08F1H         LINE#         547
  C:08FBH         LINE#         548
  C:08FEH         LINE#         550
  C:08FEH         LINE#         551
  C:0913H         LINE#         552
  C:0927H         LINE#         553
  C:0930H         LINE#         554
  C:0939H         LINE#         555
  C:0941H         LINE#         556
  C:0944H         LINE#         557
  C:095EH         LINE#         558
  C:0967H         LINE#         559
  C:0970H         LINE#         560
  C:097AH         LINE#         561
  C:097AH         LINE#         562
  C:097DH         LINE#         563
  C:097DH         LINE#         564
  C:0980H         LINE#         565
  C:0983H         LINE#         566
  C:0999H         LINE#         567
  C:099DH         LINE#         568
  C:099FH         LINE#         569
  C:09A3H         LINE#         570
  C:09A3H         LINE#         571
  C:09ACH         LINE#         572
  C:09B5H         LINE#         573
  C:09BFH         LINE#         574
  C:09C2H         LINE#         575
  C:09C2H         LINE#         588
  C:09DAH         LINE#         589
  C:09DDH         LINE#         590
  C:09F2H         LINE#         591
  C:0A06H         LINE#         592
  C:0A15H         LINE#         593
  C:0A22H         LINE#         594
  C:0A32H         LINE#         595
  C:0A32H         LINE#         596
  C:0A3AH         LINE#         597
  C:0A43H         LINE#         598
  C:0A4CH         LINE#         599
  C:0A55H         LINE#         600
  C:0A58H         LINE#         602
  C:0A6FH         LINE#         607
  C:0A6FH         LINE#         608
  C:0A72H         LINE#         609
  C:0A75H         LINE#         610
  C:0A75H         LINE#         611
  C:0A78H         LINE#         612
  C:0A78H         LINE#         613
  C:0A95H         LINE#         614
  C:0AAFH         LINE#         615
  C:0AB8H         LINE#         616
BL51 BANKED LINKER/LOCATER V6.22                                                      12/16/2017  00:33:59  PAGE 31


  C:0AC1H         LINE#         617
  C:0ACDH         LINE#         618
  C:0ACFH         LINE#         619
  C:0ACFH         LINE#         620
  C:0AECH         LINE#         621
  C:0B06H         LINE#         622
  C:0B0FH         LINE#         623
  C:0B18H         LINE#         624
  C:0B27H         LINE#         625
  C:0B2AH         LINE#         626
  C:0B2AH         LINE#         627
  C:0B2DH         LINE#         628
  C:0B30H         LINE#         629
  C:0B33H         LINE#         630
  C:0B36H         LINE#         631
  C:0B39H         LINE#         632
  C:0B3CH         LINE#         633
  C:0B3FH         LINE#         635
  C:0B5BH         LINE#         636
  C:0B5BH         LINE#         637
  C:0B5EH         LINE#         638
  C:0B72H         LINE#         639
  C:0B7EH         LINE#         640
[...]
  C:3A05H         LINE#         216
BL51 BANKED LINKER/LOCATER V6.22                                                      12/16/2017  00:33:59  PAGE 73


  -------         ENDPROC       _INITIALUART0_TIMER1_TYPE4
  -------         PROC          _INITIALUART0_TIMER3_TYPE5
  X:00A4H         SYMBOL        u32Baudrate
  C:327CH         LINE#         218
  C:3282H         LINE#         219
  C:3282H         LINE#         220
  C:3285H         LINE#         221
  C:3288H         LINE#         222
  C:328BH         LINE#         223
  C:328EH         LINE#         226
  C:32BCH         LINE#         227
  C:32DBH         LINE#         233
  C:32DEH         LINE#         234
  -------         ENDPROC       _INITIALUART0_TIMER3_TYPE5
  -------         PROC          _INITIALUART0_TIMER3_TYPE6
  X:00A8H         SYMBOL        u32Baudrate
  C:32DFH         LINE#         236
  C:32E5H         LINE#         237
  C:32E5H         LINE#         238
  C:32E8H         LINE#         239
  C:32EBH         LINE#         240
  C:32EEH         LINE#         241
  C:32F1H         LINE#         244
  C:331FH         LINE#         245
  C:333EH         LINE#         251
  C:3341H         LINE#         252
  -------         ENDPROC       _INITIALUART0_TIMER3_TYPE6
  -------         PROC          _INITIALUART1_TIMER3
  X:00ACH         SYMBOL        u32Baudrate
  C:3402H         LINE#         254
  C:3408H         LINE#         255
  C:3408H         LINE#         256
  C:340BH         LINE#         257
  C:340EH         LINE#         260
  C:343CH         LINE#         261
  C:345BH         LINE#         267
  C:345EH         LINE#         268
  -------         ENDPROC       _INITIALUART1_TIMER3
  -------         PROC          RECEIVE_DATA_FROM_UART0
  -------         DO            
  D:0007H         SYMBOL        c
  -------         ENDDO         
  C:3F61H         LINE#         280
  C:3F61H         LINE#         283
  C:3F64H         LINE#         285
  C:3F66H         LINE#         286
  C:3F68H         LINE#         287
  C:3F68H         LINE#         288
  -------         ENDPROC       RECEIVE_DATA_FROM_UART0
  -------         PROC          _SEND_DATA_TO_UART0
  D:0007H         SYMBOL        c
  C:3F69H         LINE#         300
  C:3F69H         LINE#         301
  C:3F6BH         LINE#         302
  C:3F6DH         LINE#         303
  C:3F70H         LINE#         305
  -------         ENDPROC       _SEND_DATA_TO_UART0
BL51 BANKED LINKER/LOCATER V6.22                                                      12/16/2017  00:33:59  PAGE 74


  -------         PROC          RECEIVE_DATA_FROM_UART1
  -------         DO            
  D:0007H         SYMBOL        c
  -------         ENDDO         
  C:3F71H         LINE#         317
  C:3F71H         LINE#         320
  C:3F74H         LINE#         322
  C:3F76H         LINE#         323
  C:3F78H         LINE#         324
  C:3F78H         LINE#         325
  -------         ENDPROC       RECEIVE_DATA_FROM_UART1
  -------         PROC          _SEND_DATA_TO_UART1
  D:0007H         SYMBOL        c
  C:3F79H         LINE#         337
  C:3F79H         LINE#         338
  C:3F7BH         LINE#         339
  C:3F7DH         LINE#         340
  C:3F80H         LINE#         342
  -------         ENDPROC       _SEND_DATA_TO_UART1
  -------         PROC          SET_ALL_GPIO_QUASI_MODE
  C:3C8CH         LINE#         344
  C:3C8CH         LINE#         345
  C:3C8FH         LINE#         346
  C:3C91H         LINE#         347
  C:3C93H         LINE#         348
  C:3C95H         LINE#         349
  C:3C97H         LINE#         350
  C:3C99H         LINE#         351
  C:3C9BH         LINE#         352
  C:3C9DH         LINE#         353
  C:3C9FH         LINE#         354
  C:3CA1H         LINE#         355
  C:3CA3H         LINE#         356
  C:3CA5H         LINE#         357
  -------         ENDPROC       SET_ALL_GPIO_QUASI_MODE
  -------         PROC          SET_ALL_GPIO_INPUT_MODE
  C:3BC5H         LINE#         359
  C:3BC5H         LINE#         360
  C:3BC8H         LINE#         361
  C:3BCBH         LINE#         362
  C:3BCEH         LINE#         363
  C:3BD0H         LINE#         364
  C:3BD3H         LINE#         365
  C:3BD5H         LINE#         366
  C:3BD8H         LINE#         367
  C:3BDAH         LINE#         368
  C:3BDDH         LINE#         369
  C:3BDFH         LINE#         370
  C:3BE2H         LINE#         371
  C:3BE4H         LINE#         372
  -------         ENDPROC       SET_ALL_GPIO_INPUT_MODE
  -------         PROC          SW_RESET
  C:3CA6H         LINE#         375
  C:3CA6H         LINE#         376
  C:3CA9H         LINE#         377
  C:3CACH         LINE#         378
  C:3CBFH         LINE#         380
BL51 BANKED LINKER/LOCATER V6.22                                                      12/16/2017  00:33:59  PAGE 75


  -------         ENDPROC       SW_RESET
  -------         PROC          FSYS_CLOCK_OUTPUT_ON_P26
  C:4041H         LINE#         382
  C:4041H         LINE#         383
  C:4044H         LINE#         384
  -------         ENDPROC       FSYS_CLOCK_OUTPUT_ON_P26
  -------         PROC          _PUTCHAR
  D:0007H         SYMBOL        c
  C:383DH         LINE#         393
  C:383DH         LINE#         431
  C:3842H         LINE#         432
  C:3845H         LINE#         433
  C:384AH         LINE#         434
  C:384AH         LINE#         435
  C:384CH         LINE#         436
  C:384FH         LINE#         438
  C:3854H         LINE#         439
  C:3856H         LINE#         440
  C:3856H         LINE#         441
  C:3856H         LINE#         442
  C:3859H         LINE#         444
  C:385BH         LINE#         445
  C:385EH         LINE#         446
  C:385EH         LINE#         447
  C:3861H         LINE#         448
  C:3866H         LINE#         449
  C:3866H         LINE#         450
  C:3868H         LINE#         451
  C:386BH         LINE#         453
  C:3870H         LINE#         454
  C:3872H         LINE#         455
  C:3872H         LINE#         456
  C:3872H         LINE#         457
  C:3875H         LINE#         459
  C:3877H         LINE#         460
  C:3879H         LINE#         462
  -------         ENDPROC       _PUTCHAR
  -------         ENDMOD        COMMON

  -------         MODULE        DELAY
  C:0000H         SYMBOL        _ICE_DUMMY_
  D:0080H         PUBLIC        P0
  D:0090H         PUBLIC        P1
  D:00A0H         PUBLIC        P2
  D:00B0H         PUBLIC        P3
  D:008FH         PUBLIC        WKCON
  D:00D8H         PUBLIC        P5
  D:00A8H         PUBLIC        IE
  D:00B8H         PUBLIC        IP
  C:3516H         PUBLIC        _Timer0_Delay1ms
  C:356FH         PUBLIC        _Timer1_Delay1ms
  C:34BBH         PUBLIC        _Timer3_Delay1ms
  D:0098H         PUBLIC        SCON
  D:0089H         PUBLIC        TMOD
  D:0088H         PUBLIC        TCON
  C:2FD7H         PUBLIC        _?Random_Delay
  C:3BA4H         PUBLIC        _Delay10us
BL51 BANKED LINKER/LOCATER V6.22                                                      12/16/2017  00:33:59  PAGE 76


  D:00F8H         PUBLIC        SCON_1
  B:0088H.5       PUBLIC        TF0
  B:0088H.7       PUBLIC        TF1
  D:008CH         PUBLIC        TH0
  D:00C6H         PUBLIC        R3H
  D:008DH         PUBLIC        TH1
  D:008AH         PUBLIC        TL0
  C:3342H         PUBLIC        _WakeUp_Timer_Delay25ms
  D:00C5H         PUBLIC        R3L
  D:008BH         PUBLIC        TL1
  B:0088H.4       PUBLIC        TR0
  B:0088H.6       PUBLIC        TR1
  D:00E8H         PUBLIC        ADCCON0
  D:00C0H         PUBLIC        I2CON
  D:00C8H         PUBLIC        T2CON
  D:00C4H         PUBLIC        T3CON
  D:008EH         PUBLIC        CKCON
  D:0086H         PUBLIC        RWK
  D:00D0H         PUBLIC        PSW
  -------         PROC          _?RANDOM_DELAY
  -------         DO            
  x:0000H         SYMBOL        u32CNT
  x:0004H         SYMBOL        u32Tmp
  -------         ENDDO         
  C:2FD7H         LINE#         36
  C:2FDDH         LINE#         37
  C:2FDDH         LINE#         41
  C:3008H         LINE#         42
  C:3008H         LINE#         43
  C:302DH         LINE#         44
  C:3054H         LINE#         45
  -------         ENDPROC       _?RANDOM_DELAY
  -------         PROC          _DELAY10US
  D:0006H         SYMBOL        u16CNT
  C:3BA4H         LINE#         47
  C:3BA4H         LINE#         48
  C:3BA7H         LINE#         49
  C:3BAAH         LINE#         50
  C:3BACH         LINE#         51
  C:3BB0H         LINE#         52
  C:3BB3H         LINE#         53
  C:3BB6H         LINE#         54
  C:3BB9H         LINE#         56
  C:3BBBH         LINE#         57
  C:3BC0H         LINE#         58
  C:3BC2H         LINE#         59
  C:3BC4H         LINE#         60
  -------         ENDPROC       _DELAY10US
  -------         PROC          _TIMER0_DELAY1MS
  X:00B0H         SYMBOL        u32CNT
  C:3516H         LINE#         62
  C:351CH         LINE#         63
  C:351FH         LINE#         64
  C:3522H         LINE#         65
  C:3524H         LINE#         66
  C:353DH         LINE#         67
  C:3540H         LINE#         68
BL51 BANKED LINKER/LOCATER V6.22                                                      12/16/2017  00:33:59  PAGE 77


  C:3543H         LINE#         69
  C:3546H         LINE#         71
  C:3548H         LINE#         72
  C:356AH         LINE#         73
  C:356CH         LINE#         74
  C:356EH         LINE#         75
  -------         ENDPROC       _TIMER0_DELAY1MS
  -------         PROC          _TIMER1_DELAY1MS
  X:00B4H         SYMBOL        u32CNT
  C:356FH         LINE#         77
  C:3575H         LINE#         78
  C:3578H         LINE#         79
  C:357BH         LINE#         80
  C:357DH         LINE#         81
  C:3596H         LINE#         82
  C:3599H         LINE#         83
  C:359CH         LINE#         84
  C:359FH         LINE#         86
  C:35A1H         LINE#         87
  C:35C3H         LINE#         88
  C:35C5H         LINE#         89
  C:35C7H         LINE#         90
  -------         ENDPROC       _TIMER1_DELAY1MS
  -------         PROC          _TIMER3_DELAY1MS
  X:00B8H         SYMBOL        u32CNT
  C:34BBH         LINE#         92
  C:34C1H         LINE#         93
  C:34C4H         LINE#         94
  C:34C7H         LINE#         95
  C:34E0H         LINE#         96
  C:34E3H         LINE#         97
  C:34E6H         LINE#         98
  C:34EBH         LINE#         100
  C:34EEH         LINE#         101
  C:3510H         LINE#         102
  C:3512H         LINE#         103
  C:3515H         LINE#         104
  -------         ENDPROC       _TIMER3_DELAY1MS
  -------         PROC          _WAKEUP_TIMER_DELAY25MS
  X:00BCH         SYMBOL        u32CNT
  C:3342H         LINE#         106
  C:3348H         LINE#         107
  C:3348H         LINE#         108
  C:334BH         LINE#         109
  C:334EH         LINE#         110
  C:3351H         LINE#         112
  C:3354H         LINE#         114
  C:3357H         LINE#         115
  C:335AH         LINE#         116
  C:3373H         LINE#         117
  C:3378H         LINE#         119
  C:337BH         LINE#         120
  C:339DH         LINE#         121
  C:339FH         LINE#         122
  C:33A2H         LINE#         123
  -------         ENDPROC       _WAKEUP_TIMER_DELAY25MS
  -------         ENDMOD        DELAY
BL51 BANKED LINKER/LOCATER V6.22                                                      12/16/2017  00:33:59  PAGE 78



  -------         MODULE        VERSION
  C:0000H         SYMBOL        _ICE_DUMMY_
  D:0080H         PUBLIC        P0
  D:0090H         PUBLIC        P1
  D:00A0H         PUBLIC        P2
  D:00B0H         PUBLIC        P3
  D:00D8H         PUBLIC        P5
  D:00A8H         PUBLIC        IE
  D:00B8H         PUBLIC        IP
  D:0098H         PUBLIC        SCON
  D:0088H         PUBLIC        TCON
  D:00F8H         PUBLIC        SCON_1
  C:33A3H         PUBLIC        Show_FW_Version_Number_To_PC
  D:00E8H         PUBLIC        ADCCON0
  D:00C0H         PUBLIC        I2CON
  D:00C8H         PUBLIC        T2CON
  D:00D0H         PUBLIC        PSW
  -------         PROC          SHOW_FW_VERSION_NUMBER_TO_PC
  C:33A3H         LINE#         32
  C:33A3H         LINE#         33
  C:33A3H         LINE#         34
  C:33ACH         LINE#         35
  C:33B5H         LINE#         36
  C:33BEH         LINE#         37
  C:33D8H         LINE#         38
  C:33F9H         LINE#         39
  -------         ENDPROC       SHOW_FW_VERSION_NUMBER_TO_PC
  -------         ENDMOD        VERSION

  -------         MODULE        ?C_STARTUP
  C:2E32H         SEGMENT       ?C_C51STARTUP
  I:00C6H         SEGMENT       ?STACK
  C:0000H         PUBLIC        ?C_STARTUP
  D:00E0H         SYMBOL        ACC
  D:00F0H         SYMBOL        B
  D:0083H         SYMBOL        DPH
  D:0082H         SYMBOL        DPL
  N:0000H         SYMBOL        IBPSTACK
  N:0100H         SYMBOL        IBPSTACKTOP
  N:0080H         SYMBOL        IDATALEN
  C:2E35H         SYMBOL        IDATALOOP
  N:0000H         SYMBOL        PBPSTACK
  N:0000H         SYMBOL        PBPSTACKTOP
  N:0000H         SYMBOL        PDATALEN
  N:0000H         SYMBOL        PDATASTART
  N:0000H         SYMBOL        PPAGE
  N:0000H         SYMBOL        PPAGEENABLE
  D:00A0H         SYMBOL        PPAGE_SFR
  D:0081H         SYMBOL        SP
  C:2E32H         SYMBOL        STARTUP1
  N:0000H         SYMBOL        XBPSTACK
  N:0000H         SYMBOL        XBPSTACKTOP
  N:00FFH         SYMBOL        XDATALEN
  C:2E40H         SYMBOL        XDATALOOP
  N:0000H         SYMBOL        XDATASTART
  C:0000H         LINE#         92
BL51 BANKED LINKER/LOCATER V6.22                                                      12/16/2017  00:33:59  PAGE 79


  C:2E32H         LINE#         99
  C:2E34H         LINE#         100
  C:2E35H         LINE#         101
  C:2E36H         LINE#         102
  C:2E38H         LINE#         106
  C:2E3BH         LINE#         107
  C:2E3DH         LINE#         109
  C:2E3FH         LINE#         113
  C:2E40H         LINE#         114
  C:2E41H         LINE#         115
  C:2E42H         LINE#         116
  C:2E44H         LINE#         117
  C:2E46H         LINE#         151
  C:2E49H         LINE#         155
  -------         ENDMOD        ?C_STARTUP

  -------         MODULE        ?C?COPY
  C:1BBAH         PUBLIC        ?C?COPY
  -------         ENDMOD        ?C?COPY

  -------         MODULE        ?C?CLDPTR
  C:1BE0H         PUBLIC        ?C?CLDPTR
  -------         ENDMOD        ?C?CLDPTR

  -------         MODULE        ?C?CLDOPTR
  C:1BF9H         PUBLIC        ?C?CLDOPTR
  -------         ENDMOD        ?C?CLDOPTR

  -------         MODULE        ?C?CILDOPTR
  C:1C26H         PUBLIC        ?C?CILDOPTR
  -------         ENDMOD        ?C?CILDOPTR

  -------         MODULE        ?C?CSTOPTR
  C:1C59H         PUBLIC        ?C?CSTOPTR
  -------         ENDMOD        ?C?CSTOPTR

  -------         MODULE        ?C?IILDX
  C:1C7BH         PUBLIC        ?C?IILDX
  -------         ENDMOD        ?C?IILDX

  -------         MODULE        ?C?ILDOPTR
  C:1C91H         PUBLIC        ?C?ILDOPTR
  -------         ENDMOD        ?C?ILDOPTR

  -------         MODULE        ?C?IILDOPTR
  C:1CC9H         PUBLIC        ?C?IILDOPTR
  -------         ENDMOD        ?C?IILDOPTR

  -------         MODULE        ?C?ISTOPTR
  C:1D16H         PUBLIC        ?C?ISTOPTR
  -------         ENDMOD        ?C?ISTOPTR

  -------         MODULE        ?C?ULDIV
  C:1D7FH         PUBLIC        ?C?ULDIV
  -------         ENDMOD        ?C?ULDIV

  -------         MODULE        ?C?ULCMP
BL51 BANKED LINKER/LOCATER V6.22                                                      12/16/2017  00:33:59  PAGE 80


  C:1E11H         PUBLIC        ?C?ULCMP
  -------         ENDMOD        ?C?ULCMP

  -------         MODULE        ?C?ULSHR
  C:1E22H         PUBLIC        ?C?ULSHR
  -------         ENDMOD        ?C?ULSHR

  -------         MODULE        ?C?LSTXDATA
  C:1E35H         PUBLIC        ?C?LSTXDATA
  -------         ENDMOD        ?C?LSTXDATA

  -------         MODULE        ?C?LSTKXDATA
  C:1E41H         PUBLIC        ?C?LSTKXDATA
  -------         ENDMOD        ?C?LSTKXDATA

  -------         MODULE        ?C?PLDPTR
  C:1E72H         PUBLIC        ?C?PLDPTR
  -------         ENDMOD        ?C?PLDPTR

  -------         MODULE        ?C?CCASE
  C:1E92H         PUBLIC        ?C?CCASE
  -------         ENDMOD        ?C?CCASE

  -------         MODULE        ?C?ICALL
  C:1EB8H         PUBLIC        ?C?ICALL
  C:1EBCH         PUBLIC        ?C?ICALL2
  -------         ENDMOD        ?C?ICALL

  -------         MODULE        ?C_XBP
  D:000DH         PUBLIC        ?C_XBP
  -------         ENDMOD        ?C_XBP

  -------         MODULE        ?C?ADDXBP
  C:1EBEH         PUBLIC        ?C?ADDXBP
  -------         ENDMOD        ?C?ADDXBP

  -------         MODULE        ?C?XBPOFF
  C:1EE2H         PUBLIC        ?C?XBPOFF
  -------         ENDMOD        ?C?XBPOFF

  -------         MODULE        PRINTF
  X:001AH         PUBLIC        ?_PRINTF517?BYTE
  X:001AH         PUBLIC        ?_PRINTF?BYTE
  X:001AH         PUBLIC        ?_SPRINTF517?BYTE
  X:001AH         PUBLIC        ?_SPRINTF?BYTE
  C:20DEH         PUBLIC        _PRINTF
  C:20DEH         PUBLIC        _PRINTF517
  C:20D8H         PUBLIC        _SPRINTF
  C:20D8H         PUBLIC        _SPRINTF517
  -------         ENDMOD        PRINTF

  -------         MODULE        ?C?STRCPY
  C:1FBBH         PUBLIC        ?C?STRCPY
  -------         ENDMOD        ?C?STRCPY

  -------         MODULE        STRNCPY
  X:000FH         PUBLIC        ?_strncpy?BYTE
BL51 BANKED LINKER/LOCATER V6.22                                                      12/16/2017  00:33:59  PAGE 81


  C:31ADH         PUBLIC        _strncpy
  -------         ENDMOD        STRNCPY

  -------         MODULE        STRLEN
  C:3D04H         PUBLIC        _STRLEN
  -------         ENDMOD        STRLEN

  -------         MODULE        ?C?MEMSET
  C:1FD8H         PUBLIC        ?C?MEMSET
  -------         ENDMOD        ?C?MEMSET

  -------         MODULE        ?C?CSTPTR
  C:2004H         PUBLIC        ?C?CSTPTR
  -------         ENDMOD        ?C?CSTPTR

  -------         MODULE        ?C?ILDIX
  C:2016H         PUBLIC        ?C?ILDIX
  -------         ENDMOD        ?C?ILDIX

  -------         MODULE        ?C?PLDIDATA
  C:202CH         PUBLIC        ?C?PLDIDATA
  -------         ENDMOD        ?C?PLDIDATA

  -------         MODULE        ?C?PLDXDATA
  C:2035H         PUBLIC        ?C?PLDXDATA
  -------         ENDMOD        ?C?PLDXDATA

  -------         MODULE        ?C?PLDIXDATA
  C:203EH         PUBLIC        ?C?PLDIXDATA
  -------         ENDMOD        ?C?PLDIXDATA

  -------         MODULE        ?C?PSTXDATA
  C:2055H         PUBLIC        ?C?PSTXDATA
  -------         ENDMOD        ?C?PSTXDATA

  -------         MODULE        ?C?PLDPDATA
  C:205EH         PUBLIC        ?C?PLDPDATA
  -------         ENDMOD        ?C?PLDPDATA

  -------         MODULE        ?C?PLDCODE
  C:2067H         PUBLIC        ?C?PLDCODE
  -------         ENDMOD        ?C?PLDCODE

Program Size: data=196.3 xdata=196 code=16472
LINK/LOCATE RUN COMPLETE.  0 WARNING(S),  0 ERROR(S)
