BL51 BANKED LINKER/LOCATER V6.22                                                        08/09/2017  22:10:03  PAGE 1


BL51 BANKED LINKER/LOCATER V6.22, INVOKED BY:
C:\KEIL_V5\C51\BIN\BL51.EXE .\Out\Objects\main.obj, .\Out\Objects\app_key.obj, .\Out\Objects\app_work.obj, .\Out\Objects
>> \app_repeat_exe.obj, .\Out\Objects\bsp.obj, .\Out\Objects\bsp_key.obj, .\Out\Objects\bsp_bt.obj, .\Out\Objects\bsp_di
>> splay.obj, .\Out\Objects\bsp_uart.obj, .\Out\Objects\bsp_timer0.obj, .\Out\Objects\bsp_timer1.obj, .\Out\Objects\bsp_
>> adc.obj, .\Out\Objects\bsp_keyBright.obj, .\Out\Objects\bsp_lcdBright.obj, .\Out\Objects\Common.obj, .\Out\Objects\De
>> lay.obj, .\Out\Objects\Version.obj, .\Out\Objects\STARTUP.obj TO .\Out\Objects\project PRINT (.\Out\Listings\project.
>> m51) RAMSIZE (256) DISABLEWARNING (16)


MEMORY MODEL: LARGE


INPUT MODULES INCLUDED:
  .\Out\Objects\main.obj (MAIN)
  .\Out\Objects\app_key.obj (APP_KEY)
  .\Out\Objects\app_work.obj (APP_WORK)
  .\Out\Objects\app_repeat_exe.obj (APP_REPEAT_EXE)
  .\Out\Objects\bsp.obj (BSP)
  .\Out\Objects\bsp_key.obj (BSP_KEY)
  .\Out\Objects\bsp_bt.obj (BSP_BT)
  .\Out\Objects\bsp_display.obj (BSP_DISPLAY)
  .\Out\Objects\bsp_uart.obj (BSP_UART)
  .\Out\Objects\bsp_timer0.obj (BSP_TIMER0)
  .\Out\Objects\bsp_timer1.obj (BSP_TIMER1)
  .\Out\Objects\bsp_adc.obj (BSP_ADC)
  .\Out\Objects\bsp_keyBright.obj (BSP_KEYBRIGHT)
  .\Out\Objects\bsp_lcdBright.obj (BSP_LCDBRIGHT)
  .\Out\Objects\Common.obj (COMMON)
  .\Out\Objects\Delay.obj (DELAY)
  .\Out\Objects\Version.obj (VERSION)
  .\Out\Objects\STARTUP.obj (?C_STARTUP)
  C:\KEIL_V5\C51\LIB\C51L.LIB (?C_INIT)
  C:\KEIL_V5\C51\LIB\C51L.LIB (?C?CLDOPTR)
  C:\KEIL_V5\C51\LIB\C51L.LIB (?C?CILDOPTR)
  C:\KEIL_V5\C51\LIB\C51L.LIB (?C?CSTPTR)
  C:\KEIL_V5\C51\LIB\C51L.LIB (?C?CSTOPTR)
  C:\KEIL_V5\C51\LIB\C51L.LIB (?C?UIDIV)
  C:\KEIL_V5\C51\LIB\C51L.LIB (?C?IILDX)
  C:\KEIL_V5\C51\LIB\C51L.LIB (?C?ILDOPTR)
  C:\KEIL_V5\C51\LIB\C51L.LIB (?C?IILDOPTR)
  C:\KEIL_V5\C51\LIB\C51L.LIB (?C?ISTOPTR)
  C:\KEIL_V5\C51\LIB\C51L.LIB (?C?ULDIV)
  C:\KEIL_V5\C51\LIB\C51L.LIB (?C?ULCMP)
  C:\KEIL_V5\C51\LIB\C51L.LIB (?C?ULSHR)
  C:\KEIL_V5\C51\LIB\C51L.LIB (?C?LSTXDATA)
  C:\KEIL_V5\C51\LIB\C51L.LIB (?C?LSTKXDATA)
  C:\KEIL_V5\C51\LIB\C51L.LIB (?C?PLDPTR)
  C:\KEIL_V5\C51\LIB\C51L.LIB (?C?ICALL)
  C:\KEIL_V5\C51\LIB\C51L.LIB (?C_XBP)
  C:\KEIL_V5\C51\LIB\C51L.LIB (?C?ADDXBP)
  C:\KEIL_V5\C51\LIB\C51L.LIB (?C?XBPOFF)
  C:\KEIL_V5\C51\LIB\C51L.LIB (PRINTF)
  C:\KEIL_V5\C51\LIB\C51L.LIB (?C?CLDPTR)
  C:\KEIL_V5\C51\LIB\C51L.LIB (?C?PLDIDATA)
  C:\KEIL_V5\C51\LIB\C51L.LIB (?C?PLDXDATA)
  C:\KEIL_V5\C51\LIB\C51L.LIB (?C?PLDIXDATA)
  C:\KEIL_V5\C51\LIB\C51L.LIB (?C?PSTXDATA)
  C:\KEIL_V5\C51\LIB\C51L.LIB (?C?PLDPDATA)
BL51 BANKED LINKER/LOCATER V6.22                                                      08/09/2017  22:10:03  PAGE 2


  C:\KEIL_V5\C51\LIB\C51L.LIB (?C?PLDCODE)
  C:\KEIL_V5\C51\LIB\C51L.LIB (?C?CCASE)


LINK MAP OF MODULE:  .\Out\Objects\project (MAIN)


            TYPE    BASE      LENGTH    RELOCATION   SEGMENT NAME
            -----------------------------------------------------

            * * * * * * *   D A T A   M E M O R Y   * * * * * * *
            REG     0000H     0008H     ABSOLUTE     "REG BANK 0"
            DATA    0008H     0005H     UNIT         ?DT?PRINTF?PRINTF
            DATA    000DH     0002H     UNIT         ?C?LIB_DATA
                    000FH     0011H                  *** GAP ***
            BIT     0020H.0   0001H.1   UNIT         ?BI?PRINTF?PRINTF
            BIT     0021H.1   0000H.1   UNIT         ?BI?APP_KEY
            BIT     0021H.2   0000H.1   UNIT         ?BI?APP_WORK
            BIT     0021H.3   0000H.1   UNIT         ?BI?BSP
            BIT     0021H.4   0000H.1   UNIT         ?BI?_GET_DATA_FROM_UART1?BSP_UART
            BIT     0021H.5   0000H.1   UNIT         ?BI?BSP_UART
                    0021H.6   0000H.2                *** GAP ***
            IDATA   0022H     0001H     UNIT         ?STACK

            * * * * * * *  X D A T A   M E M O R Y  * * * * * * *
            XDATA   0000H     0073H     UNIT         ?XD?BSP_KEY
            XDATA   0073H     0028H     UNIT         ?XD?PRINTF?PRINTF
            XDATA   009BH     0012H     UNIT         ?XD?APP_WORK
            XDATA   00ADH     0012H     UNIT         ?XD?APP_REPEAT_EXE
            XDATA   00BFH     0009H     UNIT         ?XD?BSP_TIMER0
            XDATA   00C8H     0006H     UNIT         ?XD?APP_KEY
            XDATA   00CEH     0004H     UNIT         ?XD?BSP_ADC
            XDATA   00D2H     0004H     UNIT         ?XD?_INITIALUART0_TIMER3_TYPE5?COMMON
            XDATA   00D6H     0004H     UNIT         ?XD?_INITIALUART0_TIMER3_TYPE6?COMMON
            XDATA   00DAH     0004H     UNIT         ?XD?_INITIALUART1_TIMER3?COMMON
            XDATA   00DEH     0004H     UNIT         ?XD?_TIMER0_DELAY1MS?DELAY
            XDATA   00E2H     0004H     UNIT         ?XD?_TIMER1_DELAY1MS?DELAY
            XDATA   00E6H     0004H     UNIT         ?XD?_TIMER3_DELAY1MS?DELAY
            XDATA   00EAH     0004H     UNIT         ?XD?_WAKEUP_TIMER_DELAY25MS?DELAY
            XDATA   00EEH     0003H     UNIT         ?XD?_LCD_SHOW_CAL_NUM?BSP_DISPLAY
            XDATA   00F1H     0002H     UNIT         ?XD?_LCD_SHOW_PULLS_NUM?BSP_DISPLAY
            XDATA   00F3H     0001H     UNIT         ?XD?MAIN
            XDATA   00F4H     0001H     UNIT         ?XD?_APP_KEY_PRO?APP_KEY
            XDATA   00F5H     0001H     UNIT         ?XD?_BSP_DETECTKEY?BSP_KEY
            XDATA   00F6H     0001H     UNIT         ?XD?BSP_KEYSCAN?BSP_KEY
            XDATA   00F7H     0001H     UNIT         _XDATA_GROUP_

            * * * * * * *   C O D E   M E M O R Y   * * * * * * *
            CODE    0000H     0003H     ABSOLUTE     
            CODE    0003H     0008H     UNIT         ?PR?RECEIVE_DATA_FROM_UART0?COMMON
            CODE    000BH     0003H     ABSOLUTE     
            CODE    000EH     000DH     UNIT         ?PR?APP_WORK_1S_PRO?APP_WORK
            CODE    001BH     0003H     ABSOLUTE     
            CODE    001EH     001DH     UNIT         ?PR?_BSP_PUTKEY?BSP_KEY
            CODE    003BH     0003H     ABSOLUTE     
            CODE    003EH     001DH     UNIT         ?PR?_LCD_SHOW_MI?BSP_DISPLAY
            CODE    005BH     0003H     ABSOLUTE     
BL51 BANKED LINKER/LOCATER V6.22                                                      08/09/2017  22:10:03  PAGE 3


            CODE    005EH     03BDH     UNIT         ?C?LIB_CODE
            CODE    041BH     0365H     UNIT         ?PR?PRINTF?PRINTF
            CODE    0780H     0322H     UNIT         ?PR?_LCD_SHOW_CAL_NUM?BSP_DISPLAY
            CODE    0AA2H     0253H     UNIT         ?PR?_LCD_SHOW_PULLS_NUM?BSP_DISPLAY
            CODE    0CF5H     015EH     UNIT         ?PR?_LCD_SHOW_REP_NUM?BSP_DISPLAY
            CODE    0E53H     015AH     UNIT         ?PR?_BSP_DETECTKEY?BSP_KEY
            CODE    0FADH     0145H     UNIT         ?PR?_SYSTEM_CLOCK_SELECT?COMMON
            CODE    10F2H     0112H     UNIT         ?CO?VERSION
            CODE    1204H     00E3H     UNIT         ?PR?BSP_INITKEYVAR?BSP_KEY
            CODE    12E7H     00BFH     UNIT         ?PR?REPEAT_PRO?APP_REPEAT_EXE
            CODE    13A6H     00AFH     UNIT         ?PR?_APP_KEY_PRO?APP_KEY
            CODE    1455H     009AH     UNIT         ?C_C51STARTUP
            CODE    14EFH     0083H     UNIT         ?PR?_?RANDOM_DELAY?DELAY
            CODE    1572H     0069H     UNIT         ?PR?TIMER0_ISR?BSP_TIMER0
            CODE    15DBH     0063H     UNIT         ?PR?_INITIALUART0_TIMER3_TYPE5?COMMON
            CODE    163EH     0063H     UNIT         ?PR?_INITIALUART0_TIMER3_TYPE6?COMMON
            CODE    16A1H     0061H     UNIT         ?PR?_WAKEUP_TIMER_DELAY25MS?DELAY
            CODE    1702H     005FH     UNIT         ?PR?SHOW_FW_VERSION_NUMBER_TO_PC?VERSION
            CODE    1761H     005DH     UNIT         ?PR?_INITIALUART1_TIMER3?COMMON
            CODE    17BEH     005BH     UNIT         ?PR?ADC_ISR?MAIN
            CODE    1819H     005BH     UNIT         ?PR?_TIMER3_DELAY1MS?DELAY
            CODE    1874H     0059H     UNIT         ?PR?_TIMER0_DELAY1MS?DELAY
            CODE    18CDH     0059H     UNIT         ?PR?_TIMER1_DELAY1MS?DELAY
            CODE    1926H     003DH     UNIT         ?PR?_PUTCHAR?COMMON
            CODE    1963H     003AH     UNIT         ?PR?MAIN?MAIN
            CODE    199DH     0036H     UNIT         ?PR?LCD_DISPLAY_INITHARD?BSP_DISPLAY
            CODE    19D3H     0036H     UNIT         ?PR?ADC_INIT?BSP_ADC
            CODE    1A09H     0034H     UNIT         ?PR?_BSP_SETKEYPARAM?BSP_KEY
            CODE    1A3DH     0032H     UNIT         ?PR?APP_KEY_1S_PRO?APP_KEY
            CODE    1A6FH     0032H     UNIT         ?PR?_REPEAT_START?APP_REPEAT_EXE
            CODE    1AA1H     0030H     UNIT         ?C_INITSEG
            CODE    1AD1H     002DH     UNIT         ?PR?LCD_CLEAR_CAL_NUM?BSP_DISPLAY
            CODE    1AFEH     002AH     UNIT         ?PR?BSP_GETKEY?BSP_KEY
            CODE    1B28H     002AH     UNIT         ?PR?_INITIALUART0_TIMER1_TYPE3?COMMON
            CODE    1B52H     002AH     UNIT         ?PR?_INITIALUART0_TIMER1_TYPE4?COMMON
            CODE    1B7CH     0029H     UNIT         ?PR?_INITIALUART0_TIMER1_TYPE1?COMMON
            CODE    1BA5H     0028H     UNIT         ?PR?BSP_GETKEY2?BSP_KEY
            CODE    1BCDH     0028H     UNIT         ?PR?ADC_START?BSP_ADC
            CODE    1BF5H     0028H     UNIT         ?PR?_INITIALUART0_TIMER1_TYPE2?COMMON
            CODE    1C1DH     0027H     UNIT         ?PR?APP_KEY_INIT?APP_KEY
            CODE    1C44H     0024H     UNIT         ?PR?QUERY_WORK_SUM?APP_WORK
            CODE    1C68H     0023H     UNIT         ?PR?PININTERRUPT_ISR?MAIN
            CODE    1C8BH     0023H     UNIT         ?PR?LCD_CLEAR_PULLS_NUM?BSP_DISPLAY
            CODE    1CAEH     0023H     UNIT         ?PR?TIMER0_INITHARD?BSP_TIMER0
            CODE    1CD1H     0022H     UNIT         ?PR?APP_KEY_100MS_PRO?APP_KEY
            CODE    1CF3H     0022H     UNIT         ?PR?_LCD_SHOW_ABCD?BSP_DISPLAY
            CODE    1D15H     0021H     UNIT         ?PR?_DELAY10US?DELAY
            CODE    1D36H     0020H     UNIT         ?PR?SET_ALL_GPIO_INPUT_MODE?COMMON
            CODE    1D56H     001CH     UNIT         ?PR?WORK_INIT?APP_WORK
            CODE    1D72H     001CH     UNIT         ?PR?TIMER0_PARAMINIT?BSP_TIMER0
            CODE    1D8EH     001BH     UNIT         ?PR?BSP_KEYSCAN?BSP_KEY
            CODE    1DA9H     001AH     UNIT         ?PR?SET_ALL_GPIO_QUASI_MODE?COMMON
            CODE    1DC3H     001AH     UNIT         ?PR?SW_RESET?COMMON
            CODE    1DDDH     0018H     UNIT         ?PR?LCD_CLEAR_MI_ALL?BSP_DISPLAY
            CODE    1DF5H     0017H     UNIT         ?CO?APP_KEY
            CODE    1E0CH     0014H     UNIT         ?PR?REPEAT_STOP?APP_REPEAT_EXE
            CODE    1E20H     0013H     UNIT         ?PR?_GET_DATA_FROM_UART1?BSP_UART
BL51 BANKED LINKER/LOCATER V6.22                                                      08/09/2017  22:10:03  PAGE 4


            CODE    1E33H     0013H     UNIT         ?PR?TIMER1_INITHARD?BSP_TIMER1
            CODE    1E46H     0012H     UNIT         ?PR?BSP_INIT?BSP
            CODE    1E58H     0011H     UNIT         ?PR?_BSP_GETKEYSTATE?BSP_KEY
            CODE    1E69H     0011H     UNIT         ?PR?UART_INITHARD?BSP_UART
            CODE    1E7AH     0010H     UNIT         ?PR?REPEAT_START_EXE?APP_REPEAT_EXE
            CODE    1E8AH     0010H     UNIT         ?PR?REPEAT_STOP_EXE?APP_REPEAT_EXE
            CODE    1E9AH     000DH     UNIT         ?PR?LCD_CLEAR_ALL?BSP_DISPLAY
            CODE    1EA7H     000CH     UNIT         ?PR?APP_WORK_100MS_PRO?APP_WORK
            CODE    1EB3H     000CH     UNIT         ?PR?_REPEAT_SETSTART?APP_REPEAT_EXE
            CODE    1EBFH     000CH     UNIT         ?PR?_REPEAT_SETSTOP?APP_REPEAT_EXE
            CODE    1ECBH     0009H     UNIT         ?PR?ISKEYDOWN1?BSP_KEY
            CODE    1ED4H     0009H     UNIT         ?PR?ISKEYDOWN2?BSP_KEY
            CODE    1EDDH     0009H     UNIT         ?PR?ISKEYDOWN3?BSP_KEY
            CODE    1EE6H     0009H     UNIT         ?PR?ISKEYDOWN4?BSP_KEY
            CODE    1EEFH     0009H     UNIT         ?PR?ISKEYDOWN5?BSP_KEY
            CODE    1EF8H     0009H     UNIT         ?PR?ISKEYDOWN6?BSP_KEY
            CODE    1F01H     0009H     UNIT         ?PR?ISKEYDOWN7?BSP_KEY
            CODE    1F0AH     0009H     UNIT         ?PR?ISKEYDOWN8?BSP_KEY
            CODE    1F13H     0009H     UNIT         ?PR?ISKEYDOWN9?BSP_KEY
            CODE    1F1CH     0009H     UNIT         ?PR?BSP_CLEARKEY?BSP_KEY
            CODE    1F25H     0009H     UNIT         ?PR?KEY_BRIGHT_INITHARD?BSP_KEYBRIGHT
            CODE    1F2EH     0009H     UNIT         ?PR?LCD_BRIGHT_INITHARD?BSP_LCDBRIGHT
            CODE    1F37H     0008H     UNIT         ?PR?_SEND_DATA_TO_UART0?COMMON
            CODE    1F3FH     0008H     UNIT         ?PR?RECEIVE_DATA_FROM_UART1?COMMON
            CODE    1F47H     0008H     UNIT         ?PR?_SEND_DATA_TO_UART1?COMMON
            CODE    1F4FH     0007H     UNIT         ?PR?BSP_INITKEYHARD?BSP_KEY
            CODE    1F56H     0007H     UNIT         ?PR?LCD_CLEAR_LED_ICO?BSP_DISPLAY
            CODE    1F5DH     0007H     UNIT         ?PR?LCD_SHOW_LED_ICO?BSP_DISPLAY
            CODE    1F64H     0007H     UNIT         ?PR?LCD_CLEAR_FM_ICO?BSP_DISPLAY
            CODE    1F6BH     0007H     UNIT         ?PR?LCD_SHOW_FM_ICO?BSP_DISPLAY
            CODE    1F72H     0007H     UNIT         ?PR?LCD_CLEAR_BLUETOOTH_ICO?BSP_DISPLAY
            CODE    1F79H     0007H     UNIT         ?PR?LCD_SHOW_BLUETOOTH_ICO?BSP_DISPLAY
            CODE    1F80H     0007H     UNIT         ?PR?LCD_CLEAR_AUX_ICO?BSP_DISPLAY
            CODE    1F87H     0007H     UNIT         ?PR?LCD_SHOW_AUX_ICO?BSP_DISPLAY
            CODE    1F8EH     0007H     UNIT         ?PR?LCD_CLEAR_USB_ICO?BSP_DISPLAY
            CODE    1F95H     0007H     UNIT         ?PR?LCD_SHOW_USB_ICO?BSP_DISPLAY
            CODE    1F9CH     0007H     UNIT         ?PR?LCD_CLEAR_MHZ_ICO?BSP_DISPLAY
            CODE    1FA3H     0007H     UNIT         ?PR?LCD_SHOW_MHZ_ICO?BSP_DISPLAY
            CODE    1FAAH     0007H     UNIT         ?PR?LCD_CLEAR_BAZOOKA_ICO?BSP_DISPLAY
            CODE    1FB1H     0007H     UNIT         ?PR?LCD_SHOW_BAZOOKA_ICO?BSP_DISPLAY
            CODE    1FB8H     0007H     UNIT         ?PR?LCD_CLEAR_COLON_ICO?BSP_DISPLAY
            CODE    1FBFH     0007H     UNIT         ?PR?LCD_SHOW_COLON_ICO?BSP_DISPLAY
            CODE    1FC6H     0007H     UNIT         ?PR?LCD_CLEAR_ABCD?BSP_DISPLAY
            CODE    1FCDH     0007H     UNIT         ?PR?LCD_SHOW_ABCD_ALL?BSP_DISPLAY
            CODE    1FD4H     0007H     UNIT         ?PR?LCD_CLEAR_QS_ICO?BSP_DISPLAY
            CODE    1FDBH     0007H     UNIT         ?PR?LCD_SHOW_QS_ICO?BSP_DISPLAY
            CODE    1FE2H     0007H     UNIT         ?PR?LCD_CLEAR_COACH_ICO?BSP_DISPLAY
            CODE    1FE9H     0007H     UNIT         ?PR?LCD_SHOW_COACH_ICO?BSP_DISPLAY
            CODE    1FF0H     0007H     UNIT         ?PR?LCD_CLEAR_LINE_DOWN?BSP_DISPLAY
            CODE    1FF7H     0007H     UNIT         ?PR?LCD_SHOW_LINE_DOWN?BSP_DISPLAY
            CODE    1FFEH     0007H     UNIT         ?PR?LCD_CLEAR_HEART_ICO?BSP_DISPLAY
            CODE    2005H     0007H     UNIT         ?PR?LCD_SHOW_HEART_ICO?BSP_DISPLAY
            CODE    200CH     0007H     UNIT         ?PR?LCD_CLEAR_CAL_ICO?BSP_DISPLAY
            CODE    2013H     0007H     UNIT         ?PR?LCD_SHOW_CAL_ICO?BSP_DISPLAY
            CODE    201AH     0006H     UNIT         ?PR?APP_POWER_OFF?APP_KEY
            CODE    2020H     0006H     UNIT         ?PR?APP_KEY_CLEAR_NOOPS_TIMEOUTCNT?APP_KEY
            CODE    2026H     0006H     UNIT         ?PR?BSP_INITKEY?BSP_KEY
BL51 BANKED LINKER/LOCATER V6.22                                                      08/09/2017  22:10:03  PAGE 5


            CODE    202CH     0004H     UNIT         ?PR?FSYS_CLOCK_OUTPUT_ON_P26?COMMON
            CODE    2030H     0003H     UNIT         ?PR?APP_POWER_ON?APP_KEY
            CODE    2033H     0003H     UNIT         ?PR?KEY_BRIGHT_OFF?BSP_KEYBRIGHT
            CODE    2036H     0003H     UNIT         ?PR?KEY_BRIGHT_ON?BSP_KEYBRIGHT
            CODE    2039H     0003H     UNIT         ?PR?LCD_BRIGHT_OFF?BSP_LCDBRIGHT
            CODE    203CH     0003H     UNIT         ?PR?LCD_BRIGHT_ON?BSP_LCDBRIGHT
            CODE    203FH     0001H     UNIT         ?PR?APP_UI_INIT?APP_KEY
            CODE    2040H     0001H     UNIT         ?PR?APP_FLASH_SHOW?APP_KEY
            CODE    2041H     0001H     UNIT         ?PR?APP_FLASH_CLEAR?APP_KEY
            CODE    2042H     0001H     UNIT         ?PR?APP_KEY_POWER_OR_RETURN?APP_KEY
            CODE    2043H     0001H     UNIT         ?PR?APP_KEY_SET?APP_KEY
            CODE    2044H     0001H     UNIT         ?PR?APP_KEY_ADD?APP_KEY
            CODE    2045H     0001H     UNIT         ?PR?APP_KEY_OK?APP_KEY
            CODE    2046H     0001H     UNIT         ?PR?APP_WORK_PRO?APP_WORK
            CODE    2047H     0001H     UNIT         ?PR?_LCD_CLEAR_MI?BSP_DISPLAY
            CODE    2048H     0001H     UNIT         ?PR?TIMER1_ISR?BSP_TIMER1



OVERLAY MAP OF MODULE:   .\Out\Objects\project (MAIN)


SEGMENT                                            XDATA_GROUP
  +--> CALLED SEGMENT                            START    LENGTH
----------------------------------------------------------------
?C_C51STARTUP                                    -----    -----
  +--> ?PR?MAIN?MAIN
  +--> ?C_INITSEG

?PR?MAIN?MAIN                                    00F7H    0001H
  +--> ?PR?_SYSTEM_CLOCK_SELECT?COMMON
  +--> ?PR?BSP_INIT?BSP
  +--> ?PR?LCD_SHOW_LED_ICO?BSP_DISPLAY
  +--> ?PR?LCD_CLEAR_FM_ICO?BSP_DISPLAY
  +--> ?PR?LCD_CLEAR_LED_ICO?BSP_DISPLAY
  +--> ?PR?LCD_SHOW_FM_ICO?BSP_DISPLAY

?PR?BSP_INIT?BSP                                 -----    -----
  +--> ?PR?SET_ALL_GPIO_INPUT_MODE?COMMON
  +--> ?PR?KEY_BRIGHT_INITHARD?BSP_KEYBRIGHT
  +--> ?PR?LCD_BRIGHT_INITHARD?BSP_LCDBRIGHT
  +--> ?PR?LCD_DISPLAY_INITHARD?BSP_DISPLAY
  +--> ?PR?TIMER0_INITHARD?BSP_TIMER0

?PR?KEY_BRIGHT_INITHARD?BSP_KEYBRIGHT            -----    -----
  +--> ?PR?KEY_BRIGHT_ON?BSP_KEYBRIGHT

?PR?LCD_BRIGHT_INITHARD?BSP_LCDBRIGHT            -----    -----
  +--> ?PR?LCD_BRIGHT_ON?BSP_LCDBRIGHT

?PR?LCD_DISPLAY_INITHARD?BSP_DISPLAY             -----    -----
  +--> ?PR?LCD_CLEAR_ALL?BSP_DISPLAY

?PR?TIMER0_INITHARD?BSP_TIMER0                   -----    -----
  +--> ?PR?TIMER0_PARAMINIT?BSP_TIMER0


BL51 BANKED LINKER/LOCATER V6.22                                                      08/09/2017  22:10:03  PAGE 6



SYMBOL TABLE OF MODULE:  .\Out\Objects\project (MAIN)

  VALUE           TYPE          NAME
  ----------------------------------

  -------         MODULE        MAIN
  C:0000H         SYMBOL        _ICE_DUMMY_
  D:0080H         PUBLIC        P0
  D:0090H         PUBLIC        P1
  D:00A0H         PUBLIC        P2
  D:00B0H         PUBLIC        P3
  D:00D8H         PUBLIC        P5
  D:00A8H         PUBLIC        IE
  B:00E8H.7       PUBLIC        ADCF
  C:17BEH         PUBLIC        ADC_ISR
  D:00B8H         PUBLIC        IP
  C:1963H         PUBLIC        main
  D:0098H         PUBLIC        SCON
  D:0088H         PUBLIC        TCON
  D:00F8H         PUBLIC        SCON_1
  C:1C68H         PUBLIC        PinInterrupt_ISR
  D:00E8H         PUBLIC        ADCCON0
  D:00C0H         PUBLIC        I2CON
  D:00ECH         PUBLIC        PIF
  D:00C3H         PUBLIC        ADCRH
  D:00C8H         PUBLIC        T2CON
  D:00C2H         PUBLIC        ADCRL
  D:00D0H         PUBLIC        PSW
  -------         PROC          ADC_ISR
  C:17BEH         LINE#         8
  C:17D1H         LINE#         9
  C:17D1H         LINE#         11
  C:17D3H         LINE#         13
  C:17DDH         LINE#         14
  C:17F6H         LINE#         15
  C:1803H         LINE#         17
  C:1808H         LINE#         18
  -------         ENDPROC       ADC_ISR
  -------         PROC          PININTERRUPT_ISR
  C:1C68H         LINE#         22
  C:1C70H         LINE#         23
  C:1C70H         LINE#         26
  C:1C75H         LINE#         28
  C:1C7CH         LINE#         30
  C:1C7FH         LINE#         32
  C:1C7FH         LINE#         34
  C:1C7FH         LINE#         36
  C:1C82H         LINE#         37
  -------         ENDPROC       PININTERRUPT_ISR
  -------         PROC          MAIN
  -------         DO            
  X:00F7H         SYMBOL        ucKeyCode
  -------         DO            
  X:00F3H         SYMBOL        cnt
  -------         ENDDO         
  -------         ENDDO         
BL51 BANKED LINKER/LOCATER V6.22                                                      08/09/2017  22:10:03  PAGE 7


  C:1963H         LINE#         38
  C:1963H         LINE#         40
  C:1968H         LINE#         47
  C:196BH         LINE#         56
  C:196BH         LINE#         58
  C:1971H         LINE#         59
  C:1973H         LINE#         64
  C:1973H         LINE#         65
  C:1979H         LINE#         66
  C:197BH         LINE#         73
  C:197BH         LINE#         74
  C:1981H         LINE#         76
  C:1983H         LINE#         82
  C:1989H         LINE#         83
  C:198DH         LINE#         85
  C:1990H         LINE#         86
  C:1993H         LINE#         87
  C:1995H         LINE#         89
  C:1998H         LINE#         90
  C:199BH         LINE#         91
  C:199BH         LINE#         93
  C:199BH         LINE#         102
  -------         ENDPROC       MAIN
  -------         ENDMOD        MAIN

  -------         MODULE        APP_KEY
  C:0000H         SYMBOL        _ICE_DUMMY_
  C:2041H         PUBLIC        app_flash_Clear
  D:0080H         PUBLIC        P0
  D:0090H         PUBLIC        P1
  D:00A0H         PUBLIC        P2
  D:00B0H         PUBLIC        P3
  C:1C1DH         PUBLIC        app_key_init
  D:00D8H         PUBLIC        P5
  D:00A8H         PUBLIC        IE
  X:00C9H         PUBLIC        g_tDevice
  C:2030H         PUBLIC        app_power_on
  X:00CAH         SYMBOL        letter
  D:00EDH         PUBLIC        PITYP
  D:00B8H         PUBLIC        IP
  X:00CBH         PUBLIC        level
  C:2043H         PUBLIC        app_key_set
  C:13A6H         PUBLIC        _app_key_pro
  X:00CCH         SYMBOL        noOps_timeoutCnt
  C:1A3DH         PUBLIC        app_key_1s_pro
  X:00CDH         SYMBOL        mode
  C:2045H         PUBLIC        app_key_ok
  B:0021H.1       SYMBOL        offBight_flag
  D:0087H         PUBLIC        PCON
  D:0098H         PUBLIC        SCON
  D:0088H         PUBLIC        TCON
  C:2040H         PUBLIC        app_flash_Show
  D:00F8H         PUBLIC        SCON_1
  C:2042H         PUBLIC        app_key_power_or_return
  C:203FH         SYMBOL        app_UI_init
  D:00E8H         PUBLIC        ADCCON0
  D:00C0H         PUBLIC        I2CON
BL51 BANKED LINKER/LOCATER V6.22                                                      08/09/2017  22:10:03  PAGE 8


  C:2020H         PUBLIC        app_key_clear_noOps_timeoutCnt
  D:00C8H         PUBLIC        T2CON
  C:201AH         PUBLIC        app_power_off
  C:1CD1H         PUBLIC        app_key_100ms_pro
  C:2044H         PUBLIC        app_key_add
  D:00E9H         PUBLIC        PICON
  D:00D0H         PUBLIC        PSW
  D:00EAH         PUBLIC        PINEN
  D:00EBH         PUBLIC        PIPEN
  -------         PROC          APP_KEY_INIT
  C:1C1DH         LINE#         25
  C:1C1DH         LINE#         26
  C:1C22H         LINE#         28
  C:1C25H         LINE#         29
  C:1C28H         LINE#         30
  C:1C2BH         LINE#         32
  C:1C2EH         LINE#         33
  C:1C31H         LINE#         34
  C:1C34H         LINE#         36
  C:1C39H         LINE#         37
  C:1C3DH         LINE#         38
  C:1C41H         LINE#         39
  -------         ENDPROC       APP_KEY_INIT
  -------         PROC          APP_UI_INIT
  C:203FH         LINE#         42
  C:203FH         LINE#         44
  -------         ENDPROC       APP_UI_INIT
  -------         PROC          APP_FLASH_SHOW
  C:2040H         LINE#         46
  C:2040H         LINE#         48
  -------         ENDPROC       APP_FLASH_SHOW
  -------         PROC          APP_FLASH_CLEAR
  C:2041H         LINE#         49
  C:2041H         LINE#         52
  -------         ENDPROC       APP_FLASH_CLEAR
  -------         PROC          APP_KEY_POWER_OR_RETURN
  C:2042H         LINE#         53
  C:2042H         LINE#         56
  -------         ENDPROC       APP_KEY_POWER_OR_RETURN
  -------         PROC          APP_KEY_SET
  C:2043H         LINE#         57
  C:2043H         LINE#         59
  -------         ENDPROC       APP_KEY_SET
  -------         PROC          APP_KEY_ADD
  C:2044H         LINE#         61
  C:2044H         LINE#         63
  -------         ENDPROC       APP_KEY_ADD
  -------         PROC          APP_KEY_OK
  C:2045H         LINE#         64
  C:2045H         LINE#         66
  -------         ENDPROC       APP_KEY_OK
  -------         PROC          APP_POWER_ON
  C:2030H         LINE#         68
  C:2030H         LINE#         69
  -------         ENDPROC       APP_POWER_ON
  -------         PROC          APP_POWER_OFF
  C:201AH         LINE#         71
BL51 BANKED LINKER/LOCATER V6.22                                                      08/09/2017  22:10:03  PAGE 9


  C:201AH         LINE#         72
  C:201DH         LINE#         73
  -------         ENDPROC       APP_POWER_OFF
  -------         PROC          APP_KEY_100MS_PRO
  -------         DO            
  X:00C8H         SYMBOL        cnt
  -------         ENDDO         
  C:1CD1H         LINE#         79
  C:1CD1H         LINE#         82
  C:1CD8H         LINE#         83
  C:1CDEH         LINE#         84
  C:1CE4H         LINE#         85
  C:1CE6H         LINE#         87
  C:1CE9H         LINE#         89
  C:1CECH         LINE#         90
  C:1CECH         LINE#         91
  C:1CEDH         LINE#         92
  C:1CF2H         LINE#         93
  C:1CF2H         LINE#         94
  -------         ENDPROC       APP_KEY_100MS_PRO
  -------         PROC          APP_KEY_1S_PRO
  C:1A3DH         LINE#         96
  C:1A3DH         LINE#         98
  C:1A43H         LINE#         99
  C:1A47H         LINE#         100
  C:1A49H         LINE#         102
  C:1A4CH         LINE#         103
  C:1A55H         LINE#         104
  C:1A5CH         LINE#         105
  C:1A5FH         LINE#         106
  C:1A68H         LINE#         107
  C:1A6EH         LINE#         108
  C:1A6EH         LINE#         110
  -------         ENDPROC       APP_KEY_1S_PRO
  -------         PROC          APP_KEY_CLEAR_NOOPS_TIMEOUTCNT
  C:2020H         LINE#         111
  C:2020H         LINE#         112
  C:2025H         LINE#         113
  -------         ENDPROC       APP_KEY_CLEAR_NOOPS_TIMEOUTCNT
  -------         PROC          _APP_KEY_PRO
  X:00F4H         SYMBOL        keyCode
  C:13A6H         LINE#         114
  C:13ABH         LINE#         116
  C:13AEH         LINE#         118
  C:13B8H         LINE#         119
  C:13BAH         LINE#         120
  C:13BDH         LINE#         123
  C:13BDH         LINE#         125
  C:13FFH         LINE#         126
  C:13FFH         LINE#         128
  C:1407H         LINE#         129
  C:140AH         LINE#         130
  C:1413H         LINE#         131
  C:1419H         LINE#         132
  C:1419H         LINE#         134
  C:141AH         LINE#         135
  C:141AH         LINE#         137
BL51 BANKED LINKER/LOCATER V6.22                                                      08/09/2017  22:10:03  PAGE 10


  C:1422H         LINE#         138
  C:1425H         LINE#         139
  C:1425H         LINE#         141
  C:1425H         LINE#         142
  C:1425H         LINE#         144
  C:142CH         LINE#         145
  C:142FH         LINE#         146
  C:1432H         LINE#         147
  C:1439H         LINE#         148
  C:1439H         LINE#         149
  C:1439H         LINE#         150
  C:1442H         LINE#         151
  C:1445H         LINE#         152
  C:1448H         LINE#         153
  C:1448H         LINE#         155
  C:1448H         LINE#         156
  C:1448H         LINE#         158
  C:1448H         LINE#         159
  C:1448H         LINE#         161
  C:144BH         LINE#         162
  C:144BH         LINE#         163
  C:144BH         LINE#         165
  C:144BH         LINE#         166
  C:144BH         LINE#         168
  C:144BH         LINE#         169
  C:144BH         LINE#         171
  C:144EH         LINE#         172
  C:144EH         LINE#         173
  C:144EH         LINE#         175
  C:144EH         LINE#         176
  C:144EH         LINE#         178
  C:144EH         LINE#         179
  C:144EH         LINE#         181
  C:1451H         LINE#         182
  C:1451H         LINE#         183
  C:1451H         LINE#         185
  C:1451H         LINE#         187
  C:1451H         LINE#         189
  C:1451H         LINE#         190
  C:1451H         LINE#         192
  C:1454H         LINE#         193
  C:1454H         LINE#         194
  C:1454H         LINE#         196
  C:1454H         LINE#         198
  C:1454H         LINE#         200
  C:1454H         LINE#         202
  C:1454H         LINE#         203
  -------         ENDPROC       _APP_KEY_PRO
  -------         ENDMOD        APP_KEY

  -------         MODULE        APP_WORK
  C:0000H         SYMBOL        _ICE_DUMMY_
  D:0080H         PUBLIC        P0
  D:0090H         PUBLIC        P1
  D:00A0H         PUBLIC        P2
  D:00B0H         PUBLIC        P3
  D:00D8H         PUBLIC        P5
BL51 BANKED LINKER/LOCATER V6.22                                                      08/09/2017  22:10:03  PAGE 11


  D:00A8H         PUBLIC        IE
  C:1C44H         PUBLIC        query_work_sum
  D:00B8H         PUBLIC        IP
  C:2046H         SYMBOL        app_work_pro
  C:000EH         PUBLIC        app_work_1s_pro
  X:009BH         SYMBOL        count_NoAction
  D:0098H         PUBLIC        SCON
  D:0088H         PUBLIC        TCON
  C:1D56H         PUBLIC        work_Init
  B:0021H.2       SYMBOL        pull_once_flag
  D:00F8H         PUBLIC        SCON_1
  X:009CH         PUBLIC        Rep_Pull_num
  D:00E8H         PUBLIC        ADCCON0
  D:00C0H         PUBLIC        I2CON
  X:00A4H         PUBLIC        g_tWork
  D:00C8H         PUBLIC        T2CON
  C:1EA7H         PUBLIC        app_work_100ms_pro
  D:00D0H         PUBLIC        PSW
  -------         PROC          WORK_INIT
  C:1D56H         LINE#         24
  C:1D56H         LINE#         25
  C:1D5CH         LINE#         26
  C:1D5FH         LINE#         27
  C:1D63H         LINE#         28
  C:1D65H         LINE#         29
  C:1D69H         LINE#         30
  C:1D6DH         LINE#         32
  C:1D71H         LINE#         33
  -------         ENDPROC       WORK_INIT
  -------         PROC          QUERY_WORK_SUM
  C:1C44H         LINE#         35
  C:1C44H         LINE#         36
  C:1C52H         LINE#         37
  C:1C61H         LINE#         38
  C:1C65H         LINE#         39
  C:1C65H         LINE#         40
  C:1C67H         LINE#         42
  -------         ENDPROC       QUERY_WORK_SUM
  -------         PROC          APP_WORK_1S_PRO
  C:000EH         LINE#         44
  C:000EH         LINE#         45
  C:0017H         LINE#         46
  C:001AH         LINE#         47
  C:001AH         LINE#         49
  -------         ENDPROC       APP_WORK_1S_PRO
  -------         PROC          APP_WORK_100MS_PRO
  C:1EA7H         LINE#         50
  C:1EA7H         LINE#         51
  C:1EAAH         LINE#         52
  C:1EACH         LINE#         54
  C:1EAFH         LINE#         55
  C:1EB2H         LINE#         56
  C:1EB2H         LINE#         58
  -------         ENDPROC       APP_WORK_100MS_PRO
  -------         PROC          APP_WORK_PRO
  C:2046H         LINE#         60
  C:2046H         LINE#         62
BL51 BANKED LINKER/LOCATER V6.22                                                      08/09/2017  22:10:03  PAGE 12


  -------         ENDPROC       APP_WORK_PRO
  -------         ENDMOD        APP_WORK

  -------         MODULE        APP_REPEAT_EXE
  C:0000H         SYMBOL        _ICE_DUMMY_
  D:0080H         PUBLIC        P0
  D:0090H         PUBLIC        P1
  D:00A0H         PUBLIC        P2
  D:00B0H         PUBLIC        P3
  C:1EB3H         PUBLIC        _Repeat_SetStart
  D:00D8H         PUBLIC        P5
  D:00A8H         PUBLIC        IE
  C:1E8AH         SYMBOL        Repeat_Stop_exe
  D:00B8H         PUBLIC        IP
  C:1EBFH         PUBLIC        _Repeat_SetStop
  X:00ADH         SYMBOL        g_tRepeat
  D:0098H         PUBLIC        SCON
  D:0088H         PUBLIC        TCON
  D:00F8H         PUBLIC        SCON_1
  C:1A6FH         PUBLIC        _Repeat_Start
  D:00E8H         PUBLIC        ADCCON0
  D:00C0H         PUBLIC        I2CON
  D:00C8H         PUBLIC        T2CON
  C:1E0CH         PUBLIC        Repeat_Stop
  C:12E7H         PUBLIC        Repeat_Pro
  C:1E7AH         SYMBOL        Repeat_Start_exe
  D:00D0H         PUBLIC        PSW
  -------         PROC          _REPEAT_SETSTART
  D:0001H         SYMBOL        fun
  C:1EB3H         LINE#         12
  C:1EB3H         LINE#         13
  C:1EBEH         LINE#         14
  -------         ENDPROC       _REPEAT_SETSTART
  -------         PROC          _REPEAT_SETSTOP
  D:0001H         SYMBOL        fun
  C:1EBFH         LINE#         16
  C:1EBFH         LINE#         17
  C:1ECAH         LINE#         18
  -------         ENDPROC       _REPEAT_SETSTOP
  -------         PROC          REPEAT_START_EXE
  C:1E7AH         LINE#         20
  C:1E7AH         LINE#         21
  C:1E86H         LINE#         22
  C:1E89H         LINE#         23
  C:1E89H         LINE#         24
  -------         ENDPROC       REPEAT_START_EXE
  -------         PROC          REPEAT_STOP_EXE
  C:1E8AH         LINE#         26
  C:1E8AH         LINE#         27
  C:1E96H         LINE#         28
  C:1E99H         LINE#         29
  C:1E99H         LINE#         30
  -------         ENDPROC       REPEAT_STOP_EXE
  -------         PROC          _REPEAT_START
  D:0006H         SYMBOL        _usStartTime
  D:0004H         SYMBOL        _usStopTime
  D:0002H         SYMBOL        _usCycle
BL51 BANKED LINKER/LOCATER V6.22                                                      08/09/2017  22:10:03  PAGE 13


  C:1A6FH         LINE#         42
  C:1A6FH         LINE#         43
  C:1A6FH         LINE#         44
  C:1A73H         LINE#         46
  C:1A73H         LINE#         48
  C:1A7BH         LINE#         49
  C:1A83H         LINE#         50
  C:1A8BH         LINE#         51
  C:1A90H         LINE#         52
  C:1A94H         LINE#         53
  C:1A98H         LINE#         54
  C:1A9DH         LINE#         56
  C:1AA0H         LINE#         57
  -------         ENDPROC       _REPEAT_START
  -------         PROC          REPEAT_STOP
  C:1E0CH         LINE#         67
  C:1E0CH         LINE#         68
  C:1E11H         LINE#         69
  C:1E14H         LINE#         70
  C:1E1DH         LINE#         71
  -------         ENDPROC       REPEAT_STOP
  -------         PROC          REPEAT_PRO
  C:12E7H         LINE#         83
  C:12E7H         LINE#         85
  C:12EEH         LINE#         86
  C:12F1H         LINE#         88
  C:12F1H         LINE#         90
  C:1308H         LINE#         92
  C:1308H         LINE#         94
  C:130EH         LINE#         95
  C:131AH         LINE#         96
  C:131AH         LINE#         97
  C:1333H         LINE#         98
  C:1336H         LINE#         99
  C:133DH         LINE#         100
  C:1342H         LINE#         101
  C:1342H         LINE#         102
  C:1343H         LINE#         104
  C:1343H         LINE#         105
  C:134BH         LINE#         106
  C:1363H         LINE#         108
  C:1372H         LINE#         109
  C:1385H         LINE#         111
  C:138AH         LINE#         112
  C:138AH         LINE#         114
  C:1390H         LINE#         115
  C:1397H         LINE#         117
  C:1397H         LINE#         118
  C:1397H         LINE#         119
  C:139EH         LINE#         120
  C:13A2H         LINE#         122
  C:13A5H         LINE#         123
  C:13A5H         LINE#         124
  C:13A5H         LINE#         126
  -------         ENDPROC       REPEAT_PRO
  -------         ENDMOD        APP_REPEAT_EXE

BL51 BANKED LINKER/LOCATER V6.22                                                      08/09/2017  22:10:03  PAGE 14


  -------         MODULE        BSP
  C:0000H         SYMBOL        _ICE_DUMMY_
  D:0080H         PUBLIC        P0
  D:0090H         PUBLIC        P1
  D:00A0H         PUBLIC        P2
  D:00B0H         PUBLIC        P3
  D:00D8H         PUBLIC        P5
  B:00A8H.7       PUBLIC        EA
  D:00A8H         PUBLIC        IE
  D:00B8H         PUBLIC        IP
  B:0021H.3       PUBLIC        BIT_TMP
  D:0098H         PUBLIC        SCON
  D:0088H         PUBLIC        TCON
  C:1E46H         PUBLIC        bsp_Init
  D:00F8H         PUBLIC        SCON_1
  D:00E8H         PUBLIC        ADCCON0
  D:00C0H         PUBLIC        I2CON
  D:00C8H         PUBLIC        T2CON
  D:00D0H         PUBLIC        PSW
  -------         PROC          BSP_INIT
  C:1E46H         LINE#         5
  C:1E46H         LINE#         10
  C:1E49H         LINE#         14
  C:1E4CH         LINE#         15
  C:1E4FH         LINE#         17
  C:1E52H         LINE#         18
  C:1E55H         LINE#         23
  C:1E57H         LINE#         25
  -------         ENDPROC       BSP_INIT
  -------         ENDMOD        BSP

  -------         MODULE        BSP_KEY
  C:0000H         SYMBOL        _ICE_DUMMY_
  D:00B1H         PUBLIC        P0M1
  D:00B2H         PUBLIC        P0M2
  D:0080H         PUBLIC        P0
  D:0090H         PUBLIC        P1
  D:00A0H         PUBLIC        P2
  D:00B0H         PUBLIC        P3
  D:00D8H         PUBLIC        P5
  C:001EH         PUBLIC        _bsp_PutKey
  D:00A8H         PUBLIC        IE
  C:1204H         SYMBOL        bsp_InitKeyVar
  X:0000H         PUBLIC        pBtn
  D:00B8H         PUBLIC        IP
  C:1BA5H         PUBLIC        bsp_GetKey2
  C:0E53H         SYMBOL        _bsp_DetectKey
  B:0080H.2       PUBLIC        P02
  C:1ECBH         SYMBOL        IsKeyDown1
  B:0080H.4       PUBLIC        P04
  D:0098H         PUBLIC        SCON
  C:1ED4H         SYMBOL        IsKeyDown2
  B:0080H.5       PUBLIC        P05
  D:0088H         PUBLIC        TCON
  C:1EDDH         SYMBOL        IsKeyDown3
  B:0080H.6       PUBLIC        P06
  C:1EE6H         SYMBOL        IsKeyDown4
BL51 BANKED LINKER/LOCATER V6.22                                                      08/09/2017  22:10:03  PAGE 15


  C:1EEFH         SYMBOL        IsKeyDown5
  C:1EF8H         SYMBOL        IsKeyDown6
  C:1F01H         SYMBOL        IsKeyDown7
  B:00D8H.5       PUBLIC        P55
  C:1F0AH         SYMBOL        IsKeyDown8
  C:1F13H         SYMBOL        IsKeyDown9
  C:1F1CH         PUBLIC        bsp_ClearKey
  D:00F8H         PUBLIC        SCON_1
  C:1D8EH         PUBLIC        bsp_KeyScan
  D:00E8H         PUBLIC        ADCCON0
  D:00C0H         PUBLIC        I2CON
  D:00C8H         PUBLIC        T2CON
  C:2026H         PUBLIC        bsp_InitKey
  C:1F4FH         SYMBOL        bsp_InitKeyHard
  X:0003H         SYMBOL        s_tBtn
  X:0066H         SYMBOL        s_tKey
  C:1AFEH         PUBLIC        bsp_GetKey
  C:1A09H         PUBLIC        _bsp_SetKeyParam
  C:1E58H         PUBLIC        _bsp_GetKeyState
  D:00D0H         PUBLIC        PSW
  -------         PROC          ISKEYDOWN1
  C:1ECBH         LINE#         34
  C:1ECBH         LINE#         35
  C:1ECEH         LINE#         36
  C:1ED1H         LINE#         37
  C:1ED1H         LINE#         38
  C:1ED3H         LINE#         39
  C:1ED3H         LINE#         40
  -------         ENDPROC       ISKEYDOWN1
  -------         PROC          ISKEYDOWN2
  C:1ED4H         LINE#         41
  C:1ED4H         LINE#         42
  C:1ED7H         LINE#         43
  C:1EDAH         LINE#         44
  C:1EDAH         LINE#         45
  C:1EDCH         LINE#         46
  C:1EDCH         LINE#         47
  -------         ENDPROC       ISKEYDOWN2
  -------         PROC          ISKEYDOWN3
  C:1EDDH         LINE#         48
  C:1EDDH         LINE#         49
  C:1EE0H         LINE#         50
  C:1EE3H         LINE#         51
  C:1EE3H         LINE#         52
  C:1EE5H         LINE#         53
  C:1EE5H         LINE#         54
  -------         ENDPROC       ISKEYDOWN3
  -------         PROC          ISKEYDOWN4
  C:1EE6H         LINE#         55
  C:1EE6H         LINE#         56
  C:1EE9H         LINE#         57
  C:1EECH         LINE#         58
  C:1EECH         LINE#         59
  C:1EEEH         LINE#         60
  C:1EEEH         LINE#         61
  -------         ENDPROC       ISKEYDOWN4
  -------         PROC          ISKEYDOWN5
BL51 BANKED LINKER/LOCATER V6.22                                                      08/09/2017  22:10:03  PAGE 16


  C:1EEFH         LINE#         63
  C:1EEFH         LINE#         64
  C:1EF2H         LINE#         65
  C:1EF5H         LINE#         66
  C:1EF5H         LINE#         67
  C:1EF7H         LINE#         68
  C:1EF7H         LINE#         69
  -------         ENDPROC       ISKEYDOWN5
  -------         PROC          ISKEYDOWN6
  C:1EF8H         LINE#         70
  C:1EF8H         LINE#         71
  C:1EFBH         LINE#         72
  C:1EFEH         LINE#         73
  C:1EFEH         LINE#         74
  C:1F00H         LINE#         75
  C:1F00H         LINE#         76
  -------         ENDPROC       ISKEYDOWN6
  -------         PROC          ISKEYDOWN7
  C:1F01H         LINE#         77
  C:1F01H         LINE#         78
  C:1F04H         LINE#         79
  C:1F07H         LINE#         80
  C:1F07H         LINE#         81
  C:1F09H         LINE#         82
  C:1F09H         LINE#         83
  -------         ENDPROC       ISKEYDOWN7
  -------         PROC          ISKEYDOWN8
  C:1F0AH         LINE#         84
  C:1F0AH         LINE#         85
  C:1F0DH         LINE#         86
  C:1F10H         LINE#         87
  C:1F10H         LINE#         88
  C:1F12H         LINE#         89
  C:1F12H         LINE#         90
  -------         ENDPROC       ISKEYDOWN8
  -------         PROC          ISKEYDOWN9
  C:1F13H         LINE#         91
  C:1F13H         LINE#         92
  C:1F16H         LINE#         93
  C:1F19H         LINE#         94
  C:1F19H         LINE#         95
  C:1F1BH         LINE#         96
  C:1F1BH         LINE#         97
  -------         ENDPROC       ISKEYDOWN9
  -------         PROC          BSP_INITKEY
  C:2026H         LINE#         107
  C:2026H         LINE#         108
  C:2029H         LINE#         109
  -------         ENDPROC       BSP_INITKEY
  -------         PROC          _BSP_PUTKEY
  D:0007H         SYMBOL        _KeyCode
  C:001EH         LINE#         120
  C:001EH         LINE#         121
  C:002DH         LINE#         123
  C:0038H         LINE#         124
  C:003AH         LINE#         125
  C:003AH         LINE#         126
BL51 BANKED LINKER/LOCATER V6.22                                                      08/09/2017  22:10:03  PAGE 17


  -------         ENDPROC       _BSP_PUTKEY
  -------         PROC          BSP_GETKEY
  -------         DO            
  D:0007H         SYMBOL        ret
  -------         ENDDO         
  C:1AFEH         LINE#         136
  C:1AFEH         LINE#         139
  C:1B0BH         LINE#         140
  C:1B0EH         LINE#         141
  C:1B0EH         LINE#         142
  C:1B1AH         LINE#         144
  C:1B25H         LINE#         145
  C:1B27H         LINE#         146
  C:1B27H         LINE#         147
  C:1B27H         LINE#         148
  C:1B27H         LINE#         149
  -------         ENDPROC       BSP_GETKEY
  -------         PROC          BSP_GETKEY2
  -------         DO            
  D:0007H         SYMBOL        ret
  -------         ENDDO         
  C:1BA5H         LINE#         159
  C:1BA5H         LINE#         162
  C:1BB0H         LINE#         163
  C:1BB3H         LINE#         164
  C:1BB3H         LINE#         165
  C:1BBFH         LINE#         167
  C:1BCAH         LINE#         168
  C:1BCCH         LINE#         169
  C:1BCCH         LINE#         170
  C:1BCCH         LINE#         171
  C:1BCCH         LINE#         172
  -------         ENDPROC       BSP_GETKEY2
  -------         PROC          _BSP_GETKEYSTATE
  D:0007H         SYMBOL        _ucKeyID
  C:1E58H         LINE#         182
  C:1E58H         LINE#         183
  C:1E68H         LINE#         184
  -------         ENDPROC       _BSP_GETKEYSTATE
  -------         PROC          _BSP_SETKEYPARAM
  D:0007H         SYMBOL        _ucKeyID
  D:0004H         SYMBOL        _LongTime
  D:0003H         SYMBOL        _RepeatSpeed
  C:1A09H         LINE#         196
  C:1A09H         LINE#         197
  C:1A1CH         LINE#         198
  C:1A2CH         LINE#         199
  C:1A3CH         LINE#         200
  -------         ENDPROC       _BSP_SETKEYPARAM
  -------         PROC          BSP_CLEARKEY
  C:1F1CH         LINE#         210
  C:1F1CH         LINE#         211
  C:1F24H         LINE#         212
  -------         ENDPROC       BSP_CLEARKEY
  -------         PROC          BSP_INITKEYHARD
  C:1F4FH         LINE#         222
  C:1F4FH         LINE#         224
BL51 BANKED LINKER/LOCATER V6.22                                                      08/09/2017  22:10:03  PAGE 18


  C:1F52H         LINE#         225
  C:1F55H         LINE#         227
  -------         ENDPROC       BSP_INITKEYHARD
  -------         PROC          BSP_INITKEYVAR
  -------         DO            
  D:0007H         SYMBOL        i
  -------         ENDDO         
  C:1204H         LINE#         237
  C:1204H         LINE#         241
  C:1209H         LINE#         242
  C:120BH         LINE#         243
  C:120DH         LINE#         246
  C:120EH         LINE#         247
  C:1222H         LINE#         248
  C:1233H         LINE#         249
  C:1243H         LINE#         253
  C:1253H         LINE#         254
  C:1263H         LINE#         255
  C:1268H         LINE#         258
  C:1276H         LINE#         259
  C:1284H         LINE#         260
  C:1292H         LINE#         261
  C:12A0H         LINE#         262
  C:12AEH         LINE#         263
  C:12BCH         LINE#         264
  C:12CAH         LINE#         265
  C:12D8H         LINE#         266
  C:12E6H         LINE#         268
  -------         ENDPROC       BSP_INITKEYVAR
  -------         PROC          _BSP_DETECTKEY
  X:00F5H         SYMBOL        i
  C:0E53H         LINE#         279
  C:0E58H         LINE#         280
  C:0E72H         LINE#         281
  C:0E7EH         LINE#         282
  C:0E95H         LINE#         283
  C:0E9AH         LINE#         284
  C:0EA3H         LINE#         285
  C:0EABH         LINE#         286
  C:0EABH         LINE#         287
  C:0EB3H         LINE#         288
  C:0EBAH         LINE#         291
  C:0EC7H         LINE#         292
  C:0EC7H         LINE#         294
  C:0EE6H         LINE#         295
  C:0EF3H         LINE#         297
  C:0F0AH         LINE#         299
  C:0F14H         LINE#         300
  C:0F14H         LINE#         301
  C:0F16H         LINE#         302
  C:0F25H         LINE#         303
  C:0F31H         LINE#         304
  C:0F38H         LINE#         306
  C:0F45H         LINE#         307
  C:0F45H         LINE#         308
  C:0F45H         LINE#         309
  C:0F45H         LINE#         310
BL51 BANKED LINKER/LOCATER V6.22                                                      08/09/2017  22:10:03  PAGE 19


  C:0F45H         LINE#         311
  C:0F45H         LINE#         312
  C:0F45H         LINE#         313
  C:0F5CH         LINE#         314
  C:0F64H         LINE#         315
  C:0F69H         LINE#         316
  C:0F71H         LINE#         317
  C:0F73H         LINE#         318
  C:0F7CH         LINE#         319
  C:0F83H         LINE#         322
  C:0F91H         LINE#         323
  C:0F91H         LINE#         324
  C:0F91H         LINE#         325
  C:0FA5H         LINE#         326
  C:0FACH         LINE#         327
  C:0FACH         LINE#         328
  -------         ENDPROC       _BSP_DETECTKEY
  -------         PROC          BSP_KEYSCAN
  -------         DO            
  X:00F6H         SYMBOL        i
  -------         ENDDO         
  C:1D8EH         LINE#         338
  C:1D8EH         LINE#         341
  C:1D9DH         LINE#         342
  C:1DA0H         LINE#         343
  C:1DA8H         LINE#         344
  -------         ENDPROC       BSP_KEYSCAN
  -------         ENDMOD        BSP_KEY

  -------         MODULE        BSP_BT
  C:0000H         SYMBOL        _ICE_DUMMY_
  D:0080H         PUBLIC        P0
  D:0090H         PUBLIC        P1
  D:00A0H         PUBLIC        P2
  D:00B0H         PUBLIC        P3
  D:00D8H         PUBLIC        P5
  D:00A8H         PUBLIC        IE
  D:00B8H         PUBLIC        IP
  D:0098H         PUBLIC        SCON
  D:0088H         PUBLIC        TCON
  D:00F8H         PUBLIC        SCON_1
  D:00E8H         PUBLIC        ADCCON0
  D:00C0H         PUBLIC        I2CON
  D:00C8H         PUBLIC        T2CON
  D:00D0H         PUBLIC        PSW
  -------         ENDMOD        BSP_BT

  -------         MODULE        BSP_DISPLAY
  C:0000H         SYMBOL        _ICE_DUMMY_
  C:1FB1H         PUBLIC        LCD_Show_BAZOOKA_ICO
  D:00B1H         PUBLIC        P0M1
  D:00B3H         PUBLIC        P1M1
  D:00B2H         PUBLIC        P0M2
  D:0080H         PUBLIC        P0
  D:00B5H         PUBLIC        P2M1
  D:00B4H         PUBLIC        P1M2
  D:0090H         PUBLIC        P1
BL51 BANKED LINKER/LOCATER V6.22                                                      08/09/2017  22:10:03  PAGE 20


  D:00B6H         PUBLIC        P2M2
  D:00ACH         PUBLIC        P3M1
  D:00A0H         PUBLIC        P2
  D:00DAH         PUBLIC        P4M1
  D:00B0H         PUBLIC        P3
  D:00ADH         PUBLIC        P3M2
  D:00DCH         PUBLIC        P5M1
  D:00DBH         PUBLIC        P4M2
  D:00DDH         PUBLIC        P5M2
  D:00D8H         PUBLIC        P5
  C:1F6BH         PUBLIC        LCD_Show_FM_ICO
  C:1FC6H         PUBLIC        LCD_Clear_ABCD
  C:200CH         PUBLIC        LCD_Clear_CAL_ICO
  D:00A8H         PUBLIC        IE
  C:1F56H         PUBLIC        LCD_Clear_LED_ICO
  C:1FBFH         PUBLIC        LCD_Show_colon_ICO
  C:1FDBH         PUBLIC        LCD_Show_QS_ICO
  C:1E9AH         PUBLIC        LCD_Clear_All
  D:00B8H         PUBLIC        IP
  C:0780H         PUBLIC        _LCD_Show_CAL_Num
  C:1FE2H         PUBLIC        LCD_Clear_COACH_ICO
  C:1FF0H         PUBLIC        LCD_Clear_Line_down
  C:1C8BH         PUBLIC        LCD_Clear_Pulls_Num
  C:1F8EH         PUBLIC        LCD_Clear_USB_ICO
  C:199DH         PUBLIC        LCD_display_InitHard
  C:1F80H         PUBLIC        LCD_Clear_AUX_ICO
  C:1F9CH         PUBLIC        LCD_Clear_MHZ_ICO
  D:00FCH         PUBLIC        LCDDAT
  C:003EH         PUBLIC        _LCD_show_mi
  D:00FAH         PUBLIC        LCDCLK
  C:1FFEH         PUBLIC        LCD_Clear_Heart_ICO
  C:0CF5H         PUBLIC        _LCD_Show_REP_Num
  D:0098H         PUBLIC        SCON
  D:00F9H         PUBLIC        LCDCON
  D:0088H         PUBLIC        TCON
  C:1F72H         PUBLIC        LCD_Clear_BLUETooTH_ICO
  C:1CF3H         PUBLIC        _LCD_Show_ABCD
  C:2013H         PUBLIC        LCD_Show_CAL_ICO
  C:1FAAH         PUBLIC        LCD_Clear_BAZOOKA_ICO
  D:00F8H         PUBLIC        SCON_1
  C:1F5DH         PUBLIC        LCD_Show_LED_ICO
  D:00FBH         PUBLIC        LCDPTR
  C:1F64H         PUBLIC        LCD_Clear_FM_ICO
  C:1FE9H         PUBLIC        LCD_Show_COACH_ICO
  C:2047H         PUBLIC        _LCD_Clear_mi
  C:1FB8H         PUBLIC        LCD_Clear_colon_ICO
  D:00E8H         PUBLIC        ADCCON0
  D:00C0H         PUBLIC        I2CON
  C:1FF7H         PUBLIC        LCD_Show_Line_down
  C:0AA2H         PUBLIC        _LCD_Show_Pulls_Num
  C:1FCDH         PUBLIC        LCD_Show_ABCD_all
  C:1FD4H         PUBLIC        LCD_Clear_QS_ICO
  C:1F95H         PUBLIC        LCD_Show_USB_ICO
  C:1AD1H         PUBLIC        LCD_Clear_CAL_Num
  C:1F87H         PUBLIC        LCD_Show_AUX_ICO
  C:1FA3H         PUBLIC        LCD_Show_MHZ_ICO
  D:00E5H         PUBLIC        LCDSEG0
BL51 BANKED LINKER/LOCATER V6.22                                                      08/09/2017  22:10:03  PAGE 21


  D:00E6H         PUBLIC        LCDSEG1
  D:00E7H         PUBLIC        LCDSEG2
  D:00EEH         PUBLIC        LCDSEG3
  D:00C8H         PUBLIC        T2CON
  C:2005H         PUBLIC        LCD_Show_Heart_ICO
  C:1F79H         PUBLIC        LCD_Show_BLUETooTH_ICO
  C:1DDDH         PUBLIC        LCD_Clear_mi_all
  D:00D0H         PUBLIC        PSW
  -------         PROC          LCD_DISPLAY_INITHARD
  C:199DH         LINE#         15
  C:199DH         LINE#         18
  C:19A0H         LINE#         19
  C:19A3H         LINE#         21
  C:19A5H         LINE#         22
  C:19A8H         LINE#         24
  C:19AAH         LINE#         25
  C:19ADH         LINE#         27
  C:19AFH         LINE#         28
  C:19B2H         LINE#         30
  C:19B4H         LINE#         31
  C:19B7H         LINE#         33
  C:19B9H         LINE#         34
  C:19BCH         LINE#         38
  C:19BEH         LINE#         40
  C:19C1H         LINE#         43
  C:19C4H         LINE#         44
  C:19C7H         LINE#         45
  C:19CAH         LINE#         46
  C:19CDH         LINE#         48
  C:19D0H         LINE#         50
  -------         ENDPROC       LCD_DISPLAY_INITHARD
  -------         PROC          LCD_CLEAR_ALL
  -------         DO            
  D:0007H         SYMBOL        i
  -------         ENDDO         
  C:1E9AH         LINE#         53
  C:1E9AH         LINE#         55
  C:1E9CH         LINE#         56
  C:1E9EH         LINE#         57
  C:1EA1H         LINE#         58
  C:1EA6H         LINE#         59
  -------         ENDPROC       LCD_CLEAR_ALL
  -------         PROC          LCD_CLEAR_LED_ICO
  C:1F56H         LINE#         61
  C:1F56H         LINE#         62
  C:1F59H         LINE#         63
  C:1F5CH         LINE#         64
  -------         ENDPROC       LCD_CLEAR_LED_ICO
  -------         PROC          LCD_SHOW_LED_ICO
  C:1F5DH         LINE#         65
  C:1F5DH         LINE#         66
  C:1F60H         LINE#         67
  C:1F63H         LINE#         68
  -------         ENDPROC       LCD_SHOW_LED_ICO
  -------         PROC          LCD_CLEAR_FM_ICO
  C:1F64H         LINE#         69
  C:1F64H         LINE#         70
BL51 BANKED LINKER/LOCATER V6.22                                                      08/09/2017  22:10:03  PAGE 22


  C:1F67H         LINE#         71
  C:1F6AH         LINE#         72
  -------         ENDPROC       LCD_CLEAR_FM_ICO
  -------         PROC          LCD_SHOW_FM_ICO
  C:1F6BH         LINE#         73
  C:1F6BH         LINE#         74
  C:1F6EH         LINE#         75
  C:1F71H         LINE#         76
  -------         ENDPROC       LCD_SHOW_FM_ICO
  -------         PROC          LCD_CLEAR_BLUETOOTH_ICO
  C:1F72H         LINE#         77
  C:1F72H         LINE#         79
  C:1F75H         LINE#         80
  C:1F78H         LINE#         81
  -------         ENDPROC       LCD_CLEAR_BLUETOOTH_ICO
  -------         PROC          LCD_SHOW_BLUETOOTH_ICO
  C:1F79H         LINE#         82
  C:1F79H         LINE#         84
  C:1F7CH         LINE#         85
  C:1F7FH         LINE#         86
  -------         ENDPROC       LCD_SHOW_BLUETOOTH_ICO
  -------         PROC          LCD_CLEAR_AUX_ICO
  C:1F80H         LINE#         88
  C:1F80H         LINE#         90
  C:1F83H         LINE#         91
  C:1F86H         LINE#         92
  -------         ENDPROC       LCD_CLEAR_AUX_ICO
  -------         PROC          LCD_SHOW_AUX_ICO
  C:1F87H         LINE#         93
  C:1F87H         LINE#         95
  C:1F8AH         LINE#         96
  C:1F8DH         LINE#         97
  -------         ENDPROC       LCD_SHOW_AUX_ICO
  -------         PROC          LCD_CLEAR_USB_ICO
  C:1F8EH         LINE#         98
  C:1F8EH         LINE#         100
  C:1F91H         LINE#         101
  C:1F94H         LINE#         102
  -------         ENDPROC       LCD_CLEAR_USB_ICO
  -------         PROC          LCD_SHOW_USB_ICO
  C:1F95H         LINE#         103
  C:1F95H         LINE#         105
  C:1F98H         LINE#         106
  C:1F9BH         LINE#         107
  -------         ENDPROC       LCD_SHOW_USB_ICO
  -------         PROC          LCD_CLEAR_MHZ_ICO
  C:1F9CH         LINE#         108
  C:1F9CH         LINE#         110
  C:1F9FH         LINE#         111
  C:1FA2H         LINE#         112
  -------         ENDPROC       LCD_CLEAR_MHZ_ICO
  -------         PROC          LCD_SHOW_MHZ_ICO
  C:1FA3H         LINE#         113
  C:1FA3H         LINE#         115
  C:1FA6H         LINE#         116
  C:1FA9H         LINE#         117
  -------         ENDPROC       LCD_SHOW_MHZ_ICO
BL51 BANKED LINKER/LOCATER V6.22                                                      08/09/2017  22:10:03  PAGE 23


  -------         PROC          LCD_CLEAR_BAZOOKA_ICO
  C:1FAAH         LINE#         118
  C:1FAAH         LINE#         120
  C:1FADH         LINE#         121
  C:1FB0H         LINE#         122
  -------         ENDPROC       LCD_CLEAR_BAZOOKA_ICO
  -------         PROC          LCD_SHOW_BAZOOKA_ICO
  C:1FB1H         LINE#         123
  C:1FB1H         LINE#         125
  C:1FB4H         LINE#         126
  C:1FB7H         LINE#         127
  -------         ENDPROC       LCD_SHOW_BAZOOKA_ICO
  -------         PROC          LCD_CLEAR_COLON_ICO
  C:1FB8H         LINE#         128
  C:1FB8H         LINE#         130
  C:1FBBH         LINE#         131
  C:1FBEH         LINE#         132
  -------         ENDPROC       LCD_CLEAR_COLON_ICO
  -------         PROC          LCD_SHOW_COLON_ICO
  C:1FBFH         LINE#         133
  C:1FBFH         LINE#         135
  C:1FC2H         LINE#         136
  C:1FC5H         LINE#         137
  -------         ENDPROC       LCD_SHOW_COLON_ICO
  -------         PROC          LCD_CLEAR_MI_ALL
  C:1DDDH         LINE#         138
  C:1DDDH         LINE#         140
  C:1DE0H         LINE#         141
  C:1DE3H         LINE#         144
  C:1DE6H         LINE#         145
  C:1DE9H         LINE#         148
  C:1DECH         LINE#         149
  C:1DEFH         LINE#         152
  C:1DF2H         LINE#         153
  C:1DF4H         LINE#         155
  -------         ENDPROC       LCD_CLEAR_MI_ALL
  -------         PROC          _LCD_CLEAR_MI
  D:0007H         SYMBOL        n
  C:2047H         LINE#         156
  C:2047H         LINE#         157
  C:2047H         LINE#         158
  -------         ENDPROC       _LCD_CLEAR_MI
  -------         PROC          _LCD_SHOW_MI
  D:0007H         SYMBOL        n
  D:0005H         SYMBOL        c
  C:003EH         LINE#         159
  C:003EH         LINE#         160
  C:0041H         LINE#         161
  C:0041H         LINE#         162
  C:004AH         LINE#         163
  C:004AH         LINE#         164
  C:004DH         LINE#         165
  C:0050H         LINE#         167
  C:0053H         LINE#         168
  C:0056H         LINE#         169
  C:0057H         LINE#         170
  C:0057H         LINE#         171
BL51 BANKED LINKER/LOCATER V6.22                                                      08/09/2017  22:10:03  PAGE 24


  C:0057H         LINE#         172
  C:0057H         LINE#         173
  C:0057H         LINE#         174
  C:0057H         LINE#         175
  C:0057H         LINE#         176
  C:0057H         LINE#         177
  C:0057H         LINE#         178
  C:0057H         LINE#         179
  C:0057H         LINE#         180
  C:0057H         LINE#         181
  C:0057H         LINE#         182
  C:0057H         LINE#         183
  C:0057H         LINE#         184
  C:0057H         LINE#         185
  C:0057H         LINE#         186
  C:0057H         LINE#         187
  C:0057H         LINE#         188
  C:0057H         LINE#         189
  C:005AH         LINE#         190
  C:005AH         LINE#         191
  C:005AH         LINE#         192
  C:005AH         LINE#         193
  C:005AH         LINE#         194
  C:005AH         LINE#         195
  C:005AH         LINE#         196
  C:005AH         LINE#         197
  C:005AH         LINE#         198
  C:005AH         LINE#         199
  C:005AH         LINE#         200
  C:005AH         LINE#         201
  C:005AH         LINE#         202
  C:005AH         LINE#         203
  C:005AH         LINE#         204
  C:005AH         LINE#         205
  C:005AH         LINE#         206
  C:005AH         LINE#         207
  C:005AH         LINE#         208
  C:005AH         LINE#         209
  -------         ENDPROC       _LCD_SHOW_MI
  -------         PROC          _LCD_SHOW_REP_NUM
  D:0007H         SYMBOL        num
  -------         DO            
  D:0005H         SYMBOL        ge
  D:0006H         SYMBOL        shi
  -------         ENDDO         
  C:0CF5H         LINE#         211
  C:0CF5H         LINE#         215
  C:0CFEH         LINE#         217
  C:0CFEH         LINE#         219
  C:0D04H         LINE#         220
  C:0D0BH         LINE#         221
  C:0D14H         LINE#         224
  C:0D42H         LINE#         225
  C:0D42H         LINE#         226
  C:0D45H         LINE#         227
  C:0D48H         LINE#         229
  C:0D48H         LINE#         230
BL51 BANKED LINKER/LOCATER V6.22                                                      08/09/2017  22:10:03  PAGE 25


  C:0D48H         LINE#         231
  C:0D4AH         LINE#         232
  C:0D4AH         LINE#         233
  C:0D4DH         LINE#         234
  C:0D50H         LINE#         236
  C:0D50H         LINE#         237
  C:0D50H         LINE#         238
  C:0D52H         LINE#         239
  C:0D52H         LINE#         240
  C:0D55H         LINE#         241
  C:0D58H         LINE#         243
  C:0D5BH         LINE#         244
  C:0D5EH         LINE#         245
  C:0D60H         LINE#         246
  C:0D60H         LINE#         247
  C:0D63H         LINE#         248
  C:0D66H         LINE#         250
  C:0D66H         LINE#         251
  C:0D66H         LINE#         252
  C:0D68H         LINE#         253
  C:0D68H         LINE#         254
  C:0D6BH         LINE#         255
  C:0D6EH         LINE#         257
  C:0D71H         LINE#         258
  C:0D74H         LINE#         259
  C:0D76H         LINE#         260
  C:0D76H         LINE#         261
  C:0D79H         LINE#         262
  C:0D7CH         LINE#         264
  C:0D7CH         LINE#         265
  C:0D7CH         LINE#         266
  C:0D7EH         LINE#         267
  C:0D7EH         LINE#         268
  C:0D81H         LINE#         269
  C:0D84H         LINE#         271
  C:0D87H         LINE#         272
  C:0D8AH         LINE#         273
  C:0D8CH         LINE#         274
  C:0D8CH         LINE#         275
  C:0D8FH         LINE#         276
  C:0D92H         LINE#         278
  C:0D95H         LINE#         279
  C:0D98H         LINE#         280
  C:0D9AH         LINE#         281
  C:0D9AH         LINE#         282
  C:0D9DH         LINE#         283
  C:0DA0H         LINE#         285
  C:0DA0H         LINE#         286
  C:0DA0H         LINE#         287
  C:0DA2H         LINE#         288
  C:0DA2H         LINE#         289
  C:0DA5H         LINE#         290
  C:0DA8H         LINE#         292
  C:0DABH         LINE#         293
  C:0DAEH         LINE#         294
  C:0DB0H         LINE#         295
  C:0DB0H         LINE#         296
BL51 BANKED LINKER/LOCATER V6.22                                                      08/09/2017  22:10:03  PAGE 26


  C:0DB0H         LINE#         300
  C:0DB3H         LINE#         301
  C:0DB6H         LINE#         304
  C:0DB9H         LINE#         305
  C:0DBCH         LINE#         307
  C:0DBCH         LINE#         310
  C:0DEAH         LINE#         311
  C:0DEAH         LINE#         312
  C:0DEDH         LINE#         313
  C:0DF0H         LINE#         315
  C:0DF0H         LINE#         316
  C:0DF0H         LINE#         317
  C:0DF2H         LINE#         318
  C:0DF2H         LINE#         319
  C:0DF5H         LINE#         320
  C:0DF8H         LINE#         322
  C:0DF8H         LINE#         323
  C:0DF8H         LINE#         324
  C:0DFAH         LINE#         325
  C:0DFAH         LINE#         326
  C:0DFDH         LINE#         327
  C:0E00H         LINE#         329
  C:0E03H         LINE#         330
  C:0E06H         LINE#         331
  C:0E07H         LINE#         332
  C:0E07H         LINE#         333
  C:0E0AH         LINE#         334
  C:0E0DH         LINE#         336
  C:0E0DH         LINE#         337
  C:0E0DH         LINE#         338
  C:0E0FH         LINE#         339
  C:0E0FH         LINE#         340
  C:0E12H         LINE#         341
  C:0E15H         LINE#         343
  C:0E18H         LINE#         344
  C:0E1BH         LINE#         345
  C:0E1CH         LINE#         346
  C:0E1CH         LINE#         347
  C:0E1FH         LINE#         348
  C:0E22H         LINE#         350
  C:0E22H         LINE#         351
  C:0E22H         LINE#         352
  C:0E24H         LINE#         353
  C:0E24H         LINE#         354
  C:0E27H         LINE#         355
  C:0E2AH         LINE#         357
  C:0E2DH         LINE#         358
  C:0E30H         LINE#         359
  C:0E31H         LINE#         360
  C:0E31H         LINE#         361
  C:0E34H         LINE#         362
  C:0E37H         LINE#         364
  C:0E3AH         LINE#         365
  C:0E3DH         LINE#         366
  C:0E3EH         LINE#         367
  C:0E3EH         LINE#         368
  C:0E41H         LINE#         369
BL51 BANKED LINKER/LOCATER V6.22                                                      08/09/2017  22:10:03  PAGE 27


  C:0E44H         LINE#         371
  C:0E44H         LINE#         372
  C:0E44H         LINE#         373
  C:0E46H         LINE#         374
  C:0E46H         LINE#         375
  C:0E49H         LINE#         376
  C:0E4CH         LINE#         378
  C:0E4FH         LINE#         379
  C:0E52H         LINE#         380
  C:0E52H         LINE#         381
  C:0E52H         LINE#         382
  -------         ENDPROC       _LCD_SHOW_REP_NUM
  -------         PROC          LCD_CLEAR_ABCD
  C:1FC6H         LINE#         383
  C:1FC6H         LINE#         385
  C:1FC9H         LINE#         386
  C:1FCCH         LINE#         388
  -------         ENDPROC       LCD_CLEAR_ABCD
  -------         PROC          LCD_SHOW_ABCD_ALL
  C:1FCDH         LINE#         389
  C:1FCDH         LINE#         391
  C:1FD0H         LINE#         392
  C:1FD3H         LINE#         393
  -------         ENDPROC       LCD_SHOW_ABCD_ALL
  -------         PROC          _LCD_SHOW_ABCD
  D:0007H         SYMBOL        c
  C:1CF3H         LINE#         394
  C:1CF3H         LINE#         396
  C:1CF6H         LINE#         398
  C:1D05H         LINE#         399
  C:1D05H         LINE#         400
  C:1D08H         LINE#         401
  C:1D09H         LINE#         402
  C:1D09H         LINE#         403
  C:1D0CH         LINE#         404
  C:1D0DH         LINE#         405
  C:1D0DH         LINE#         406
  C:1D10H         LINE#         407
  C:1D11H         LINE#         408
  C:1D11H         LINE#         409
  C:1D14H         LINE#         410
  C:1D14H         LINE#         411
  C:1D14H         LINE#         414
  C:1D14H         LINE#         415
  C:1D14H         LINE#         416
  -------         ENDPROC       _LCD_SHOW_ABCD
  -------         PROC          LCD_CLEAR_PULLS_NUM
  C:1C8BH         LINE#         417
  C:1C8BH         LINE#         419
  C:1C8EH         LINE#         420
  C:1C91H         LINE#         423
  C:1C94H         LINE#         424
  C:1C97H         LINE#         427
  C:1C9AH         LINE#         428
  C:1C9DH         LINE#         431
  C:1CA0H         LINE#         432
  C:1CA2H         LINE#         435
BL51 BANKED LINKER/LOCATER V6.22                                                      08/09/2017  22:10:03  PAGE 28


  C:1CA5H         LINE#         436
  C:1CA8H         LINE#         439
  C:1CABH         LINE#         440
  C:1CADH         LINE#         442
  -------         ENDPROC       LCD_CLEAR_PULLS_NUM
  -------         PROC          _LCD_SHOW_PULLS_NUM
  D:0002H         SYMBOL        num
  -------         DO            
  D:0001H         SYMBOL        ge
  X:00F1H         SYMBOL        shi
  X:00F2H         SYMBOL        bai
  -------         ENDDO         
  C:0AA2H         LINE#         443
  C:0AA6H         LINE#         448
  C:0AB2H         LINE#         451
  C:0AB2H         LINE#         452
  C:0AC2H         LINE#         453
  C:0ADFH         LINE#         454
  C:0AECH         LINE#         455
  C:0AF8H         LINE#         459
  C:0B27H         LINE#         460
  C:0B27H         LINE#         461
  C:0B2AH         LINE#         462
  C:0B2DH         LINE#         464
  C:0B2DH         LINE#         465
  C:0B2DH         LINE#         466
  C:0B2FH         LINE#         467
  C:0B2FH         LINE#         468
  C:0B32H         LINE#         469
  C:0B35H         LINE#         471
  C:0B35H         LINE#         472
  C:0B35H         LINE#         473
  C:0B37H         LINE#         474
  C:0B37H         LINE#         475
  C:0B3AH         LINE#         476
  C:0B3DH         LINE#         478
  C:0B40H         LINE#         479
  C:0B43H         LINE#         480
  C:0B45H         LINE#         481
  C:0B45H         LINE#         482
  C:0B48H         LINE#         483
  C:0B4BH         LINE#         485
  C:0B4BH         LINE#         486
  C:0B4BH         LINE#         487
  C:0B4DH         LINE#         488
  C:0B4DH         LINE#         489
  C:0B50H         LINE#         490
  C:0B53H         LINE#         492
  C:0B56H         LINE#         493
  C:0B59H         LINE#         494
  C:0B5BH         LINE#         495
  C:0B5BH         LINE#         496
  C:0B5EH         LINE#         497
  C:0B61H         LINE#         499
  C:0B61H         LINE#         500
  C:0B61H         LINE#         501
  C:0B63H         LINE#         502
BL51 BANKED LINKER/LOCATER V6.22                                                      08/09/2017  22:10:03  PAGE 29


  C:0B63H         LINE#         503
  C:0B66H         LINE#         504
  C:0B69H         LINE#         506
  C:0B6CH         LINE#         507
  C:0B6FH         LINE#         508
  C:0B71H         LINE#         509
  C:0B71H         LINE#         510
  C:0B74H         LINE#         511
  C:0B77H         LINE#         513
  C:0B7AH         LINE#         514
  C:0B7DH         LINE#         515
  C:0B7FH         LINE#         516
  C:0B7FH         LINE#         517
  C:0B82H         LINE#         518
  C:0B85H         LINE#         520
  C:0B85H         LINE#         521
  C:0B85H         LINE#         522
  C:0B87H         LINE#         523
  C:0B87H         LINE#         524
  C:0B8AH         LINE#         525
  C:0B8DH         LINE#         527
  C:0B90H         LINE#         528
  C:0B93H         LINE#         529
  C:0B95H         LINE#         530
  C:0B95H         LINE#         531
  C:0B95H         LINE#         532
  C:0B98H         LINE#         533
  C:0B9BH         LINE#         535
  C:0B9EH         LINE#         536
  C:0BA1H         LINE#         537
  C:0BA1H         LINE#         538
  C:0BADH         LINE#         539
  C:0BB0H         LINE#         540
  C:0BB3H         LINE#         542
  C:0BE4H         LINE#         543
  C:0BE4H         LINE#         544
  C:0BE7H         LINE#         545
  C:0BEAH         LINE#         547
  C:0BEAH         LINE#         548
  C:0BEAH         LINE#         549
  C:0BECH         LINE#         550
  C:0BECH         LINE#         551
  C:0BEFH         LINE#         552
  C:0BF2H         LINE#         554
  C:0BF2H         LINE#         555
  C:0BF2H         LINE#         556
  C:0BF4H         LINE#         557
  C:0BF4H         LINE#         558
  C:0BF7H         LINE#         559
  C:0BFAH         LINE#         561
  C:0BFDH         LINE#         562
  C:0C00H         LINE#         563
  C:0C02H         LINE#         564
  C:0C02H         LINE#         565
  C:0C05H         LINE#         566
  C:0C08H         LINE#         568
  C:0C08H         LINE#         569
BL51 BANKED LINKER/LOCATER V6.22                                                      08/09/2017  22:10:03  PAGE 30


  C:0C08H         LINE#         570
  C:0C0AH         LINE#         571
  C:0C0AH         LINE#         572
  C:0C0DH         LINE#         573
  C:0C10H         LINE#         575
  C:0C13H         LINE#         576
  C:0C16H         LINE#         577
  C:0C18H         LINE#         578
  C:0C18H         LINE#         579
  C:0C1BH         LINE#         580
  C:0C1EH         LINE#         582
  C:0C1EH         LINE#         583
  C:0C1EH         LINE#         584
  C:0C20H         LINE#         585
  C:0C20H         LINE#         586
  C:0C23H         LINE#         587
  C:0C26H         LINE#         589
  C:0C29H         LINE#         590
  C:0C2CH         LINE#         591
  C:0C2EH         LINE#         592
  C:0C2EH         LINE#         593
  C:0C31H         LINE#         594
  C:0C34H         LINE#         596
  C:0C37H         LINE#         597
  C:0C3AH         LINE#         598
  C:0C3CH         LINE#         599
  C:0C3CH         LINE#         600
  C:0C3FH         LINE#         601
  C:0C42H         LINE#         603
  C:0C42H         LINE#         604
  C:0C42H         LINE#         605
  C:0C44H         LINE#         606
  C:0C44H         LINE#         607
  C:0C47H         LINE#         608
  C:0C4AH         LINE#         610
  C:0C4DH         LINE#         611
  C:0C50H         LINE#         612
  C:0C52H         LINE#         613
  C:0C52H         LINE#         614
  C:0C52H         LINE#         617
  C:0C55H         LINE#         618
  C:0C58H         LINE#         620
  C:0C5BH         LINE#         621
  C:0C5EH         LINE#         622
  C:0C5EH         LINE#         625
  C:0C8CH         LINE#         626
  C:0C8CH         LINE#         627
  C:0C8FH         LINE#         628
  C:0C92H         LINE#         630
  C:0C92H         LINE#         631
  C:0C92H         LINE#         632
  C:0C94H         LINE#         633
  C:0C94H         LINE#         634
  C:0C97H         LINE#         635
  C:0C9AH         LINE#         637
  C:0C9AH         LINE#         638
  C:0C9AH         LINE#         639
BL51 BANKED LINKER/LOCATER V6.22                                                      08/09/2017  22:10:03  PAGE 31


  C:0C9CH         LINE#         640
  C:0C9CH         LINE#         641
  C:0C9FH         LINE#         642
  C:0CA2H         LINE#         644
  C:0CA5H         LINE#         645
  C:0CA8H         LINE#         646
  C:0CA9H         LINE#         647
  C:0CA9H         LINE#         648
  C:0CACH         LINE#         649
  C:0CAFH         LINE#         651
  C:0CAFH         LINE#         652
  C:0CAFH         LINE#         653
  C:0CB1H         LINE#         654
  C:0CB1H         LINE#         655
  C:0CB4H         LINE#         656
  C:0CB7H         LINE#         658
  C:0CBAH         LINE#         659
  C:0CBDH         LINE#         660
  C:0CBEH         LINE#         661
  C:0CBEH         LINE#         662
  C:0CC1H         LINE#         663
  C:0CC4H         LINE#         665
  C:0CC4H         LINE#         666
  C:0CC4H         LINE#         667
  C:0CC6H         LINE#         668
  C:0CC6H         LINE#         669
  C:0CC9H         LINE#         670
  C:0CCCH         LINE#         672
  C:0CCFH         LINE#         673
  C:0CD2H         LINE#         674
  C:0CD3H         LINE#         675
  C:0CD3H         LINE#         676
  C:0CD6H         LINE#         677
  C:0CD9H         LINE#         679
  C:0CDCH         LINE#         680
  C:0CDFH         LINE#         681
  C:0CE0H         LINE#         682
  C:0CE0H         LINE#         683
  C:0CE3H         LINE#         684
  C:0CE6H         LINE#         686
  C:0CE6H         LINE#         687
  C:0CE6H         LINE#         688
  C:0CE8H         LINE#         689
  C:0CE8H         LINE#         690
  C:0CEBH         LINE#         691
  C:0CEEH         LINE#         693
  C:0CF1H         LINE#         694
  C:0CF4H         LINE#         695
  C:0CF4H         LINE#         696
  C:0CF4H         LINE#         697
  -------         ENDPROC       _LCD_SHOW_PULLS_NUM
  -------         PROC          LCD_CLEAR_QS_ICO
  C:1FD4H         LINE#         698
  C:1FD4H         LINE#         700
  C:1FD7H         LINE#         701
  C:1FDAH         LINE#         702
  -------         ENDPROC       LCD_CLEAR_QS_ICO
BL51 BANKED LINKER/LOCATER V6.22                                                      08/09/2017  22:10:03  PAGE 32


  -------         PROC          LCD_SHOW_QS_ICO
  C:1FDBH         LINE#         703
  C:1FDBH         LINE#         705
  C:1FDEH         LINE#         706
  C:1FE1H         LINE#         707
  -------         ENDPROC       LCD_SHOW_QS_ICO
  -------         PROC          LCD_CLEAR_COACH_ICO
  C:1FE2H         LINE#         708
[...]
  C:1B31H         LINE#         185
  C:1B34H         LINE#         186
  C:1B37H         LINE#         189
  C:1B4FH         LINE#         194
  C:1B51H         LINE#         195
  -------         ENDPROC       _INITIALUART0_TIMER1_TYPE3
  -------         PROC          _INITIALUART0_TIMER1_TYPE4
  D:0004H         SYMBOL        u32Baudrate
  C:1B52H         LINE#         200
  C:1B52H         LINE#         201
  C:1B52H         LINE#         202
  C:1B55H         LINE#         203
  C:1B58H         LINE#         205
  C:1B5BH         LINE#         206
  C:1B5EH         LINE#         207
  C:1B61H         LINE#         210
  C:1B79H         LINE#         215
  C:1B7BH         LINE#         216
  -------         ENDPROC       _INITIALUART0_TIMER1_TYPE4
  -------         PROC          _INITIALUART0_TIMER3_TYPE5
  X:00D2H         SYMBOL        u32Baudrate
  C:15DBH         LINE#         218
  C:15E1H         LINE#         219
  C:15E1H         LINE#         220
  C:15E4H         LINE#         221
  C:15E7H         LINE#         222
  C:15EAH         LINE#         223
  C:15EDH         LINE#         226
  C:161BH         LINE#         227
  C:163AH         LINE#         233
  C:163DH         LINE#         234
  -------         ENDPROC       _INITIALUART0_TIMER3_TYPE5
  -------         PROC          _INITIALUART0_TIMER3_TYPE6
  X:00D6H         SYMBOL        u32Baudrate
  C:163EH         LINE#         236
BL51 BANKED LINKER/LOCATER V6.22                                                      08/09/2017  22:10:03  PAGE 47


  C:1644H         LINE#         237
  C:1644H         LINE#         238
  C:1647H         LINE#         239
  C:164AH         LINE#         240
  C:164DH         LINE#         241
  C:1650H         LINE#         244
  C:167EH         LINE#         245
  C:169DH         LINE#         251
  C:16A0H         LINE#         252
  -------         ENDPROC       _INITIALUART0_TIMER3_TYPE6
  -------         PROC          _INITIALUART1_TIMER3
  X:00DAH         SYMBOL        u32Baudrate
  C:1761H         LINE#         254
  C:1767H         LINE#         255
  C:1767H         LINE#         256
  C:176AH         LINE#         257
  C:176DH         LINE#         260
  C:179BH         LINE#         261
  C:17BAH         LINE#         267
  C:17BDH         LINE#         268
  -------         ENDPROC       _INITIALUART1_TIMER3
  -------         PROC          RECEIVE_DATA_FROM_UART0
  -------         DO            
  D:0007H         SYMBOL        c
  -------         ENDDO         
  C:0003H         LINE#         280
  C:0003H         LINE#         283
  C:0006H         LINE#         285
  C:0008H         LINE#         286
  C:000AH         LINE#         287
  C:000AH         LINE#         288
  -------         ENDPROC       RECEIVE_DATA_FROM_UART0
  -------         PROC          _SEND_DATA_TO_UART0
  D:0007H         SYMBOL        c
  C:1F37H         LINE#         300
  C:1F37H         LINE#         301
  C:1F39H         LINE#         302
  C:1F3BH         LINE#         303
  C:1F3EH         LINE#         305
  -------         ENDPROC       _SEND_DATA_TO_UART0
  -------         PROC          RECEIVE_DATA_FROM_UART1
  -------         DO            
  D:0007H         SYMBOL        c
  -------         ENDDO         
  C:1F3FH         LINE#         317
  C:1F3FH         LINE#         320
  C:1F42H         LINE#         322
  C:1F44H         LINE#         323
  C:1F46H         LINE#         324
  C:1F46H         LINE#         325
  -------         ENDPROC       RECEIVE_DATA_FROM_UART1
  -------         PROC          _SEND_DATA_TO_UART1
  D:0007H         SYMBOL        c
  C:1F47H         LINE#         337
  C:1F47H         LINE#         338
  C:1F49H         LINE#         339
  C:1F4BH         LINE#         340
BL51 BANKED LINKER/LOCATER V6.22                                                      08/09/2017  22:10:03  PAGE 48


  C:1F4EH         LINE#         342
  -------         ENDPROC       _SEND_DATA_TO_UART1
  -------         PROC          SET_ALL_GPIO_QUASI_MODE
  C:1DA9H         LINE#         344
  C:1DA9H         LINE#         345
  C:1DACH         LINE#         346
  C:1DAEH         LINE#         347
  C:1DB0H         LINE#         348
  C:1DB2H         LINE#         349
  C:1DB4H         LINE#         350
  C:1DB6H         LINE#         351
  C:1DB8H         LINE#         352
  C:1DBAH         LINE#         353
  C:1DBCH         LINE#         354
  C:1DBEH         LINE#         355
  C:1DC0H         LINE#         356
  C:1DC2H         LINE#         357
  -------         ENDPROC       SET_ALL_GPIO_QUASI_MODE
  -------         PROC          SET_ALL_GPIO_INPUT_MODE
  C:1D36H         LINE#         359
  C:1D36H         LINE#         360
  C:1D39H         LINE#         361
  C:1D3CH         LINE#         362
  C:1D3FH         LINE#         363
  C:1D41H         LINE#         364
  C:1D44H         LINE#         365
  C:1D46H         LINE#         366
  C:1D49H         LINE#         367
  C:1D4BH         LINE#         368
  C:1D4EH         LINE#         369
  C:1D50H         LINE#         370
  C:1D53H         LINE#         371
  C:1D55H         LINE#         372
  -------         ENDPROC       SET_ALL_GPIO_INPUT_MODE
  -------         PROC          SW_RESET
  C:1DC3H         LINE#         375
  C:1DC3H         LINE#         376
  C:1DC6H         LINE#         377
  C:1DC9H         LINE#         378
  C:1DDCH         LINE#         380
  -------         ENDPROC       SW_RESET
  -------         PROC          FSYS_CLOCK_OUTPUT_ON_P26
  C:202CH         LINE#         382
  C:202CH         LINE#         383
  C:202FH         LINE#         384
  -------         ENDPROC       FSYS_CLOCK_OUTPUT_ON_P26
  -------         PROC          _PUTCHAR
  D:0007H         SYMBOL        c
  C:1926H         LINE#         393
  C:1926H         LINE#         431
  C:192BH         LINE#         432
  C:192EH         LINE#         433
  C:1933H         LINE#         434
  C:1933H         LINE#         435
  C:1935H         LINE#         436
  C:1938H         LINE#         438
  C:193DH         LINE#         439
BL51 BANKED LINKER/LOCATER V6.22                                                      08/09/2017  22:10:03  PAGE 49


  C:193FH         LINE#         440
  C:193FH         LINE#         441
  C:193FH         LINE#         442
  C:1942H         LINE#         444
  C:1944H         LINE#         445
  C:1947H         LINE#         446
  C:1947H         LINE#         447
  C:194AH         LINE#         448
  C:194FH         LINE#         449
  C:194FH         LINE#         450
  C:1951H         LINE#         451
  C:1954H         LINE#         453
  C:1959H         LINE#         454
  C:195BH         LINE#         455
  C:195BH         LINE#         456
  C:195BH         LINE#         457
  C:195EH         LINE#         459
  C:1960H         LINE#         460
  C:1962H         LINE#         462
  -------         ENDPROC       _PUTCHAR
  -------         ENDMOD        COMMON

  -------         MODULE        DELAY
  C:0000H         SYMBOL        _ICE_DUMMY_
  D:0080H         PUBLIC        P0
  D:0090H         PUBLIC        P1
  D:00A0H         PUBLIC        P2
  D:00B0H         PUBLIC        P3
  D:008FH         PUBLIC        WKCON
  D:00D8H         PUBLIC        P5
  D:00A8H         PUBLIC        IE
  D:00B8H         PUBLIC        IP
  C:1874H         PUBLIC        _Timer0_Delay1ms
  C:18CDH         PUBLIC        _Timer1_Delay1ms
  C:1819H         PUBLIC        _Timer3_Delay1ms
  D:0098H         PUBLIC        SCON
  D:0089H         PUBLIC        TMOD
  D:0088H         PUBLIC        TCON
  C:14EFH         PUBLIC        _?Random_Delay
  C:1D15H         PUBLIC        _Delay10us
  D:00F8H         PUBLIC        SCON_1
  B:0088H.5       PUBLIC        TF0
  B:0088H.7       PUBLIC        TF1
  D:008CH         PUBLIC        TH0
  D:00C6H         PUBLIC        R3H
  D:008DH         PUBLIC        TH1
  D:008AH         PUBLIC        TL0
  C:16A1H         PUBLIC        _WakeUp_Timer_Delay25ms
  D:00C5H         PUBLIC        R3L
  D:008BH         PUBLIC        TL1
  B:0088H.4       PUBLIC        TR0
  B:0088H.6       PUBLIC        TR1
  D:00E8H         PUBLIC        ADCCON0
  D:00C0H         PUBLIC        I2CON
  D:00C8H         PUBLIC        T2CON
  D:00C4H         PUBLIC        T3CON
  D:008EH         PUBLIC        CKCON
BL51 BANKED LINKER/LOCATER V6.22                                                      08/09/2017  22:10:03  PAGE 50


  D:0086H         PUBLIC        RWK
  D:00D0H         PUBLIC        PSW
  -------         PROC          _?RANDOM_DELAY
  -------         DO            
  x:0000H         SYMBOL        u32CNT
  x:0004H         SYMBOL        u32Tmp
  -------         ENDDO         
  C:14EFH         LINE#         36
  C:14F5H         LINE#         37
  C:14F5H         LINE#         41
  C:1520H         LINE#         42
  C:1520H         LINE#         43
  C:1545H         LINE#         44
  C:156CH         LINE#         45
  -------         ENDPROC       _?RANDOM_DELAY
  -------         PROC          _DELAY10US
  D:0006H         SYMBOL        u16CNT
  C:1D15H         LINE#         47
  C:1D15H         LINE#         48
  C:1D18H         LINE#         49
  C:1D1BH         LINE#         50
  C:1D1DH         LINE#         51
  C:1D21H         LINE#         52
  C:1D24H         LINE#         53
  C:1D27H         LINE#         54
  C:1D2AH         LINE#         56
  C:1D2CH         LINE#         57
  C:1D31H         LINE#         58
  C:1D33H         LINE#         59
  C:1D35H         LINE#         60
  -------         ENDPROC       _DELAY10US
  -------         PROC          _TIMER0_DELAY1MS
  X:00DEH         SYMBOL        u32CNT
  C:1874H         LINE#         62
  C:187AH         LINE#         63
  C:187DH         LINE#         64
  C:1880H         LINE#         65
  C:1882H         LINE#         66
  C:189BH         LINE#         67
  C:189EH         LINE#         68
  C:18A1H         LINE#         69
  C:18A4H         LINE#         71
  C:18A6H         LINE#         72
  C:18C8H         LINE#         73
  C:18CAH         LINE#         74
  C:18CCH         LINE#         75
  -------         ENDPROC       _TIMER0_DELAY1MS
  -------         PROC          _TIMER1_DELAY1MS
  X:00E2H         SYMBOL        u32CNT
  C:18CDH         LINE#         77
  C:18D3H         LINE#         78
  C:18D6H         LINE#         79
  C:18D9H         LINE#         80
  C:18DBH         LINE#         81
  C:18F4H         LINE#         82
  C:18F7H         LINE#         83
  C:18FAH         LINE#         84
BL51 BANKED LINKER/LOCATER V6.22                                                      08/09/2017  22:10:03  PAGE 51


  C:18FDH         LINE#         86
  C:18FFH         LINE#         87
  C:1921H         LINE#         88
  C:1923H         LINE#         89
  C:1925H         LINE#         90
  -------         ENDPROC       _TIMER1_DELAY1MS
  -------         PROC          _TIMER3_DELAY1MS
  X:00E6H         SYMBOL        u32CNT
  C:1819H         LINE#         92
  C:181FH         LINE#         93
  C:1822H         LINE#         94
  C:1825H         LINE#         95
  C:183EH         LINE#         96
  C:1841H         LINE#         97
  C:1844H         LINE#         98
  C:1849H         LINE#         100
  C:184CH         LINE#         101
  C:186EH         LINE#         102
  C:1870H         LINE#         103
  C:1873H         LINE#         104
  -------         ENDPROC       _TIMER3_DELAY1MS
  -------         PROC          _WAKEUP_TIMER_DELAY25MS
  X:00EAH         SYMBOL        u32CNT
  C:16A1H         LINE#         106
  C:16A7H         LINE#         107
  C:16A7H         LINE#         108
  C:16AAH         LINE#         109
  C:16ADH         LINE#         110
  C:16B0H         LINE#         112
  C:16B3H         LINE#         114
  C:16B6H         LINE#         115
  C:16B9H         LINE#         116
  C:16D2H         LINE#         117
  C:16D7H         LINE#         119
  C:16DAH         LINE#         120
  C:16FCH         LINE#         121
  C:16FEH         LINE#         122
  C:1701H         LINE#         123
  -------         ENDPROC       _WAKEUP_TIMER_DELAY25MS
  -------         ENDMOD        DELAY

  -------         MODULE        VERSION
  C:0000H         SYMBOL        _ICE_DUMMY_
  D:0080H         PUBLIC        P0
  D:0090H         PUBLIC        P1
  D:00A0H         PUBLIC        P2
  D:00B0H         PUBLIC        P3
  D:00D8H         PUBLIC        P5
  D:00A8H         PUBLIC        IE
  D:00B8H         PUBLIC        IP
  D:0098H         PUBLIC        SCON
  D:0088H         PUBLIC        TCON
  D:00F8H         PUBLIC        SCON_1
  C:1702H         PUBLIC        Show_FW_Version_Number_To_PC
  D:00E8H         PUBLIC        ADCCON0
  D:00C0H         PUBLIC        I2CON
  D:00C8H         PUBLIC        T2CON
BL51 BANKED LINKER/LOCATER V6.22                                                      08/09/2017  22:10:03  PAGE 52


  D:00D0H         PUBLIC        PSW
  -------         PROC          SHOW_FW_VERSION_NUMBER_TO_PC
  C:1702H         LINE#         32
  C:1702H         LINE#         33
  C:1702H         LINE#         34
  C:170BH         LINE#         35
  C:1714H         LINE#         36
  C:171DH         LINE#         37
  C:1737H         LINE#         38
  C:1758H         LINE#         39
  -------         ENDPROC       SHOW_FW_VERSION_NUMBER_TO_PC
  -------         ENDMOD        VERSION

  -------         MODULE        ?C_STARTUP
  C:1455H         SEGMENT       ?C_C51STARTUP
  I:0022H         SEGMENT       ?STACK
  C:0000H         PUBLIC        ?C_STARTUP
  D:00E0H         SYMBOL        ACC
  D:00F0H         SYMBOL        B
  D:0083H         SYMBOL        DPH
  D:0082H         SYMBOL        DPL
  N:0000H         SYMBOL        IBPSTACK
  N:0100H         SYMBOL        IBPSTACKTOP
  N:0080H         SYMBOL        IDATALEN
  C:1458H         SYMBOL        IDATALOOP
  N:0000H         SYMBOL        PBPSTACK
  N:0000H         SYMBOL        PBPSTACKTOP
  N:0000H         SYMBOL        PDATALEN
  N:0000H         SYMBOL        PDATASTART
  N:0000H         SYMBOL        PPAGE
  N:0000H         SYMBOL        PPAGEENABLE
  D:00A0H         SYMBOL        PPAGE_SFR
  D:0081H         SYMBOL        SP
  C:1455H         SYMBOL        STARTUP1
  N:0000H         SYMBOL        XBPSTACK
  N:0000H         SYMBOL        XBPSTACKTOP
  N:00FFH         SYMBOL        XDATALEN
  C:1463H         SYMBOL        XDATALOOP
  N:0000H         SYMBOL        XDATASTART
  C:0000H         LINE#         92
  C:1455H         LINE#         99
  C:1457H         LINE#         100
  C:1458H         LINE#         101
  C:1459H         LINE#         102
  C:145BH         LINE#         106
  C:145EH         LINE#         107
  C:1460H         LINE#         109
  C:1462H         LINE#         113
  C:1463H         LINE#         114
  C:1464H         LINE#         115
  C:1465H         LINE#         116
  C:1467H         LINE#         117
  C:1469H         LINE#         151
  C:146CH         LINE#         155
  -------         ENDMOD        ?C_STARTUP

  -------         MODULE        ?C?CLDOPTR
BL51 BANKED LINKER/LOCATER V6.22                                                      08/09/2017  22:10:03  PAGE 53


  C:005EH         PUBLIC        ?C?CLDOPTR
  -------         ENDMOD        ?C?CLDOPTR

  -------         MODULE        ?C?CILDOPTR
  C:008BH         PUBLIC        ?C?CILDOPTR
  -------         ENDMOD        ?C?CILDOPTR

  -------         MODULE        ?C?CSTPTR
  C:00BEH         PUBLIC        ?C?CSTPTR
  -------         ENDMOD        ?C?CSTPTR

  -------         MODULE        ?C?CSTOPTR
  C:00D0H         PUBLIC        ?C?CSTOPTR
  -------         ENDMOD        ?C?CSTOPTR

  -------         MODULE        ?C?UIDIV
  C:00F2H         PUBLIC        ?C?UIDIV
  -------         ENDMOD        ?C?UIDIV

  -------         MODULE        ?C?IILDX
  C:0147H         PUBLIC        ?C?IILDX
  -------         ENDMOD        ?C?IILDX

  -------         MODULE        ?C?ILDOPTR
  C:015DH         PUBLIC        ?C?ILDOPTR
  -------         ENDMOD        ?C?ILDOPTR

  -------         MODULE        ?C?IILDOPTR
  C:0195H         PUBLIC        ?C?IILDOPTR
  -------         ENDMOD        ?C?IILDOPTR

  -------         MODULE        ?C?ISTOPTR
  C:01E2H         PUBLIC        ?C?ISTOPTR
  -------         ENDMOD        ?C?ISTOPTR

  -------         MODULE        ?C?ULDIV
  C:024BH         PUBLIC        ?C?ULDIV
  -------         ENDMOD        ?C?ULDIV

  -------         MODULE        ?C?ULCMP
  C:02DDH         PUBLIC        ?C?ULCMP
  -------         ENDMOD        ?C?ULCMP

  -------         MODULE        ?C?ULSHR
  C:02EEH         PUBLIC        ?C?ULSHR
  -------         ENDMOD        ?C?ULSHR

  -------         MODULE        ?C?LSTXDATA
  C:0301H         PUBLIC        ?C?LSTXDATA
  -------         ENDMOD        ?C?LSTXDATA

  -------         MODULE        ?C?LSTKXDATA
  C:030DH         PUBLIC        ?C?LSTKXDATA
  -------         ENDMOD        ?C?LSTKXDATA

  -------         MODULE        ?C?PLDPTR
  C:033EH         PUBLIC        ?C?PLDPTR
BL51 BANKED LINKER/LOCATER V6.22                                                      08/09/2017  22:10:03  PAGE 54


  -------         ENDMOD        ?C?PLDPTR

  -------         MODULE        ?C?ICALL
  C:035EH         PUBLIC        ?C?ICALL
  C:0362H         PUBLIC        ?C?ICALL2
  -------         ENDMOD        ?C?ICALL

  -------         MODULE        ?C_XBP
  D:000DH         PUBLIC        ?C_XBP
  -------         ENDMOD        ?C_XBP

  -------         MODULE        ?C?ADDXBP
  C:0364H         PUBLIC        ?C?ADDXBP
  -------         ENDMOD        ?C?ADDXBP

  -------         MODULE        ?C?XBPOFF
  C:0388H         PUBLIC        ?C?XBPOFF
  -------         ENDMOD        ?C?XBPOFF

  -------         MODULE        PRINTF
  X:0073H         PUBLIC        ?_PRINTF517?BYTE
  X:0073H         PUBLIC        ?_PRINTF?BYTE
  X:0073H         PUBLIC        ?_SPRINTF517?BYTE
  X:0073H         PUBLIC        ?_SPRINTF?BYTE
  C:0486H         PUBLIC        _PRINTF
  C:0486H         PUBLIC        _PRINTF517
  C:0480H         PUBLIC        _SPRINTF
  C:0480H         PUBLIC        _SPRINTF517
  -------         ENDMOD        PRINTF

  -------         MODULE        ?C?CLDPTR
  C:0395H         PUBLIC        ?C?CLDPTR
  -------         ENDMOD        ?C?CLDPTR

  -------         MODULE        ?C?PLDIDATA
  C:03AEH         PUBLIC        ?C?PLDIDATA
  -------         ENDMOD        ?C?PLDIDATA

  -------         MODULE        ?C?PLDXDATA
  C:03B7H         PUBLIC        ?C?PLDXDATA
  -------         ENDMOD        ?C?PLDXDATA

  -------         MODULE        ?C?PLDIXDATA
  C:03C0H         PUBLIC        ?C?PLDIXDATA
  -------         ENDMOD        ?C?PLDIXDATA

  -------         MODULE        ?C?PSTXDATA
  C:03D7H         PUBLIC        ?C?PSTXDATA
  -------         ENDMOD        ?C?PSTXDATA

  -------         MODULE        ?C?PLDPDATA
  C:03E0H         PUBLIC        ?C?PLDPDATA
  -------         ENDMOD        ?C?PLDPDATA

  -------         MODULE        ?C?PLDCODE
  C:03E9H         PUBLIC        ?C?PLDCODE
  -------         ENDMOD        ?C?PLDCODE
BL51 BANKED LINKER/LOCATER V6.22                                                      08/09/2017  22:10:03  PAGE 55



  -------         MODULE        ?C?CCASE
  C:03F5H         PUBLIC        ?C?CCASE
  -------         ENDMOD        ?C?CCASE

Program Size: data=17.6 xdata=248 code=8265
LINK/LOCATE RUN COMPLETE.  0 WARNING(S),  0 ERROR(S)
