BL51 BANKED LINKER/LOCATER V6.22                                                        09/03/2017  16:51:00  PAGE 1


BL51 BANKED LINKER/LOCATER V6.22, INVOKED BY:
C:\KEIL_V5\C51\BIN\BL51.EXE .\Out\Objects\main.obj, .\Out\Objects\app_key.obj, .\Out\Objects\app_work.obj, .\Out\Objects
>> \app_repeat_exe.obj, .\Out\Objects\app_2d4.obj, .\Out\Objects\app_lcd.obj, .\Out\Objects\bsp.obj, .\Out\Objects\bsp_k
>> ey.obj, .\Out\Objects\bsp_display.obj, .\Out\Objects\bsp_uart.obj, .\Out\Objects\bsp_timer0.obj, .\Out\Objects\bsp_ti
>> mer1.obj, .\Out\Objects\bsp_adc.obj, .\Out\Objects\bsp_keyBright.obj, .\Out\Objects\bsp_lcdBright.obj, .\Out\Objects\
>> bsp_2d4.obj, .\Out\Objects\Common.obj, .\Out\Objects\Delay.obj, .\Out\Objects\Version.obj, .\Out\Objects\STARTUP.obj 
>> TO .\Out\Objects\project PRINT (.\Out\Listings\project.m51) RAMSIZE (256) DISABLEWARNING (16)


MEMORY MODEL: LARGE


INPUT MODULES INCLUDED:
  .\Out\Objects\main.obj (MAIN)
  .\Out\Objects\app_key.obj (APP_KEY)
  .\Out\Objects\app_work.obj (APP_WORK)
  .\Out\Objects\app_repeat_exe.obj (APP_REPEAT_EXE)
  .\Out\Objects\app_2d4.obj (APP_2D4)
  .\Out\Objects\app_lcd.obj (APP_LCD)
  .\Out\Objects\bsp.obj (BSP)
  .\Out\Objects\bsp_key.obj (BSP_KEY)
  .\Out\Objects\bsp_display.obj (BSP_DISPLAY)
  .\Out\Objects\bsp_uart.obj (BSP_UART)
  .\Out\Objects\bsp_timer0.obj (BSP_TIMER0)
  .\Out\Objects\bsp_timer1.obj (BSP_TIMER1)
  .\Out\Objects\bsp_adc.obj (BSP_ADC)
  .\Out\Objects\bsp_keyBright.obj (BSP_KEYBRIGHT)
  .\Out\Objects\bsp_lcdBright.obj (BSP_LCDBRIGHT)
  .\Out\Objects\bsp_2d4.obj (BSP_2D4)
  .\Out\Objects\Common.obj (COMMON)
  .\Out\Objects\Delay.obj (DELAY)
  .\Out\Objects\Version.obj (VERSION)
  .\Out\Objects\STARTUP.obj (?C_STARTUP)
  C:\KEIL_V5\C51\LIB\C51L.LIB (?C_INIT)
  C:\KEIL_V5\C51\LIB\C51L.LIB (?C?COPY)
  C:\KEIL_V5\C51\LIB\C51L.LIB (?C?CLDPTR)
  C:\KEIL_V5\C51\LIB\C51L.LIB (?C?CLDOPTR)
  C:\KEIL_V5\C51\LIB\C51L.LIB (?C?CILDOPTR)
  C:\KEIL_V5\C51\LIB\C51L.LIB (?C?CSTPTR)
  C:\KEIL_V5\C51\LIB\C51L.LIB (?C?CSTOPTR)
  C:\KEIL_V5\C51\LIB\C51L.LIB (?C?IILDX)
  C:\KEIL_V5\C51\LIB\C51L.LIB (?C?ILDOPTR)
  C:\KEIL_V5\C51\LIB\C51L.LIB (?C?IILDOPTR)
  C:\KEIL_V5\C51\LIB\C51L.LIB (?C?ISTOPTR)
  C:\KEIL_V5\C51\LIB\C51L.LIB (?C?ULDIV)
  C:\KEIL_V5\C51\LIB\C51L.LIB (?C?ULCMP)
  C:\KEIL_V5\C51\LIB\C51L.LIB (?C?ULSHR)
  C:\KEIL_V5\C51\LIB\C51L.LIB (?C?LSTXDATA)
  C:\KEIL_V5\C51\LIB\C51L.LIB (?C?LSTKXDATA)
  C:\KEIL_V5\C51\LIB\C51L.LIB (?C?PLDPTR)
  C:\KEIL_V5\C51\LIB\C51L.LIB (?C?CCASE)
  C:\KEIL_V5\C51\LIB\C51L.LIB (?C?ICALL)
  C:\KEIL_V5\C51\LIB\C51L.LIB (?C_XBP)
  C:\KEIL_V5\C51\LIB\C51L.LIB (?C?ADDXBP)
  C:\KEIL_V5\C51\LIB\C51L.LIB (?C?XBPOFF)
  C:\KEIL_V5\C51\LIB\C51L.LIB (PRINTF)
  C:\KEIL_V5\C51\LIB\C51L.LIB (STRLEN)
  C:\KEIL_V5\C51\LIB\C51L.LIB (?C?MEMSET)
BL51 BANKED LINKER/LOCATER V6.22                                                      09/03/2017  16:51:00  PAGE 2


  C:\KEIL_V5\C51\LIB\C51L.LIB (?C?PLDIDATA)
  C:\KEIL_V5\C51\LIB\C51L.LIB (?C?PLDXDATA)
  C:\KEIL_V5\C51\LIB\C51L.LIB (?C?PLDIXDATA)
  C:\KEIL_V5\C51\LIB\C51L.LIB (?C?PSTXDATA)
  C:\KEIL_V5\C51\LIB\C51L.LIB (?C?PLDPDATA)
  C:\KEIL_V5\C51\LIB\C51L.LIB (?C?PLDCODE)


LINK MAP OF MODULE:  .\Out\Objects\project (MAIN)


            TYPE    BASE      LENGTH    RELOCATION   SEGMENT NAME
            -----------------------------------------------------

            * * * * * * *   D A T A   M E M O R Y   * * * * * * *
            REG     0000H     0008H     ABSOLUTE     "REG BANK 0"
            DATA    0008H     0005H     UNIT         _DATA_GROUP_
            DATA    000DH     0002H     UNIT         ?C?LIB_DATA
            IDATA   000FH     0010H     UNIT         ?ID?APP_KEY
                    001FH     0001H                  *** GAP ***
            BIT     0020H.0   0001H.1   UNIT         _BIT_GROUP_
            BIT     0021H.1   0000H.1   UNIT         ?BI?BSP
            BIT     0021H.2   0000H.1   UNIT         ?BI?_GET_DATA_FROM_UART1?BSP_UART
            BIT     0021H.3   0000H.1   UNIT         ?BI?BSP_UART
                    0021H.4   0000H.4                *** GAP ***
            IDATA   0022H     007BH     UNIT         ?ID?BSP_KEY
            IDATA   009DH     0021H     UNIT         ?ID?APP_2D4
            IDATA   00BEH     0005H     UNIT         ?ID?APP_WORK
            IDATA   00C3H     0005H     UNIT         ?ID?BSP_ADC
            IDATA   00C8H     0001H     UNIT         ?STACK

            * * * * * * *  X D A T A   M E M O R Y  * * * * * * *
            XDATA   0000H     0040H     UNIT         _XDATA_GROUP_
            XDATA   0040H     0013H     UNIT         ?XD?_RF_CARRIER?BSP_2D4
            XDATA   0053H     0012H     UNIT         ?XD?APP_REPEAT_EXE
            XDATA   0065H     0011H     UNIT         ?XD?MAIN
            XDATA   0076H     0010H     UNIT         ?XD?MODE_RESP?APP_2D4
            XDATA   0086H     0010H     UNIT         ?XD?APP_LCD
            XDATA   0096H     000BH     UNIT         ?XD?BSP_TIMER0
            XDATA   00A1H     0007H     UNIT         ?XD?BSP_KEY
            XDATA   00A8H     0005H     UNIT         ?XD?BSP_2D4
            XDATA   00ADH     0004H     UNIT         ?XD?_INITIALUART0_TIMER3_TYPE5?COMMON
            XDATA   00B1H     0004H     UNIT         ?XD?_INITIALUART0_TIMER3_TYPE6?COMMON
            XDATA   00B5H     0004H     UNIT         ?XD?_INITIALUART1_TIMER3?COMMON
            XDATA   00B9H     0004H     UNIT         ?XD?_TIMER0_DELAY1MS?DELAY
            XDATA   00BDH     0004H     UNIT         ?XD?_TIMER1_DELAY1MS?DELAY
            XDATA   00C1H     0004H     UNIT         ?XD?_TIMER3_DELAY1MS?DELAY
            XDATA   00C5H     0004H     UNIT         ?XD?_WAKEUP_TIMER_DELAY25MS?DELAY
            XDATA   00C9H     0001H     UNIT         ?XD?_APP_LCD_DEFAULT_STRING_SET?APP_LCD

            * * * * * * *   C O D E   M E M O R Y   * * * * * * *
            CODE    0000H     0003H     ABSOLUTE     
            CODE    0003H     0008H     UNIT         ?CO?APP_LCD
            CODE    000BH     0003H     ABSOLUTE     
            CODE    000EH     000DH     UNIT         ?PR?LCD_CLEAR_ALL?BSP_DISPLAY
            CODE    001BH     0003H     ABSOLUTE     
            CODE    001EH     003DH     UNIT         ?PR?VOL_RESP?APP_2D4
BL51 BANKED LINKER/LOCATER V6.22                                                      09/03/2017  16:51:00  PAGE 3


            CODE    005BH     0003H     ABSOLUTE     
            CODE    005EH     08FAH     UNIT         ?PR?_LCD_SHOWCHAR?BSP_DISPLAY
            CODE    0958H     048AH     UNIT         ?C?LIB_CODE
            CODE    0DE2H     0452H     UNIT         ?PR?_APP_KEY_PRO?APP_KEY
            CODE    1234H     037CH     UNIT         ?PR?_APP_2D4_RCV?APP_2D4
            CODE    15B0H     0365H     UNIT         ?PR?PRINTF?PRINTF
            CODE    1915H     0154H     UNIT         ?PR?_BSP_DETECTKEY?BSP_KEY
            CODE    1A69H     0145H     UNIT         ?PR?_SYSTEM_CLOCK_SELECT?COMMON
            CODE    1BAEH     012EH     UNIT         ?PR?RF_INIT?BSP_2D4
            CODE    1CDCH     0112H     UNIT         ?CO?VERSION
            CODE    1DEEH     00E4H     UNIT         ?PR?_LCD_CLEAR_MI?BSP_DISPLAY
            CODE    1ED2H     00E3H     UNIT         ?PR?_RF_CARRIER?BSP_2D4
            CODE    1FB5H     00B5H     UNIT         ?PR?REPEAT_PRO?APP_REPEAT_EXE
            CODE    206AH     00A8H     UNIT         ?PR?BSP_INITKEYVAR?BSP_KEY
            CODE    2112H     00A2H     UNIT         ?PR?_LCD_SHOWSTRING?BSP_DISPLAY
            CODE    21B4H     009DH     UNIT         ?CO?APP_2D4
            CODE    2251H     009AH     UNIT         ?C_C51STARTUP
            CODE    22EBH     008CH     UNIT         ?PR?MAIN?MAIN
            CODE    2377H     0083H     UNIT         ?PR?_?RANDOM_DELAY?DELAY
            CODE    23FAH     007EH     UNIT         ?C_INITSEG
            CODE    2478H     0079H     UNIT         ?PR?TIMER0_ISR?BSP_TIMER0
            CODE    24F1H     0067H     UNIT         ?PR?_ISKEYDOWN?BSP_KEY
            CODE    2558H     0066H     UNIT         ?PR?MODE_RESP?APP_2D4
            CODE    25BEH     0063H     UNIT         ?PR?_INITIALUART0_TIMER3_TYPE5?COMMON
            CODE    2621H     0063H     UNIT         ?PR?_INITIALUART0_TIMER3_TYPE6?COMMON
            CODE    2684H     0061H     UNIT         ?PR?_WAKEUP_TIMER_DELAY25MS?DELAY
            CODE    26E5H     005FH     UNIT         ?PR?SHOW_FW_VERSION_NUMBER_TO_PC?VERSION
            CODE    2744H     005DH     UNIT         ?PR?_INITIALUART1_TIMER3?COMMON
            CODE    27A1H     005CH     UNIT         ?PR?ADC_ISR?MAIN
            CODE    27FDH     005BH     UNIT         ?PR?_TIMER3_DELAY1MS?DELAY
            CODE    2858H     0059H     UNIT         ?PR?_TIMER0_DELAY1MS?DELAY
            CODE    28B1H     0059H     UNIT         ?PR?_TIMER1_DELAY1MS?DELAY
            CODE    290AH     0058H     UNIT         ?PR?APP_2D4_1S_PRO?APP_2D4
            CODE    2962H     0056H     UNIT         ?PR?APP_2D4_PRO?APP_2D4
            CODE    29B8H     0051H     UNIT         ?PR?_APP_2D4_SEND?APP_2D4
            CODE    2A09H     0043H     UNIT         ?PR?_RF_WRITEBUF?BSP_2D4
            CODE    2A4CH     0043H     UNIT         ?PR?_RF_TXDATA?BSP_2D4
            CODE    2A8FH     003FH     UNIT         ?PR?_RF_READBUF?BSP_2D4
            CODE    2ACEH     003DH     UNIT         ?PR?_PUTCHAR?COMMON
            CODE    2B0BH     0036H     UNIT         ?PR?LCD_DISPLAY_INITHARD?BSP_DISPLAY
            CODE    2B41H     0033H     UNIT         ?PR?ADC_INIT?BSP_ADC
            CODE    2B74H     0032H     UNIT         ?PR?_REPEAT_START?APP_REPEAT_EXE
            CODE    2BA6H     002AH     UNIT         ?PR?_INITIALUART0_TIMER1_TYPE3?COMMON
            CODE    2BD0H     002AH     UNIT         ?PR?_INITIALUART0_TIMER1_TYPE4?COMMON
            CODE    2BFAH     0029H     UNIT         ?PR?_UCRF_DUMPRXDATA?BSP_2D4
            CODE    2C23H     0029H     UNIT         ?PR?_INITIALUART0_TIMER1_TYPE1?COMMON
            CODE    2C4CH     0028H     UNIT         ?PR?_INITIALUART0_TIMER1_TYPE2?COMMON
            CODE    2C74H     0026H     UNIT         ?PR?TIMER0_PARAMINIT?BSP_TIMER0
            CODE    2C9AH     0026H     UNIT         ?PR?RF_RXMODE?BSP_2D4
            CODE    2CC0H     0025H     UNIT         ?PR?APP_2D4_INIT?APP_2D4
            CODE    2CE5H     0024H     UNIT         ?PR?_BSP_SETKEYPARAM?BSP_KEY
            CODE    2D09H     0024H     UNIT         ?CO?BSP_2D4
            CODE    2D2DH     0023H     UNIT         ?PR?TIMER0_INITHARD?BSP_TIMER0
            CODE    2D50H     0023H     UNIT         ?PR?_SPI_WR?BSP_2D4
            CODE    2D73H     0021H     UNIT         ?PR?_APP_LCD_DEFAULT_STRING_SET?APP_LCD
            CODE    2D94H     0021H     UNIT         ?PR?ADC_START?BSP_ADC
            CODE    2DB5H     0021H     UNIT         ?PR?_DELAY10US?DELAY
BL51 BANKED LINKER/LOCATER V6.22                                                      09/03/2017  16:51:00  PAGE 4


            CODE    2DD6H     0020H     UNIT         ?PR?SET_ALL_GPIO_INPUT_MODE?COMMON
            CODE    2DF6H     001DH     UNIT         ?PR?_SPI_WW?BSP_2D4
            CODE    2E13H     001CH     UNIT         ?PR?BSP_GETKEY?BSP_KEY
            CODE    2E2FH     001CH     UNIT         ?PR?BSP_GETKEY2?BSP_KEY
            CODE    2E4BH     001BH     UNIT         ?PR?BSP_INIT?BSP
            CODE    2E66H     001BH     UNIT         ?PR?BSP_KEYSCAN?BSP_KEY
            CODE    2E81H     001AH     UNIT         ?PR?SET_ALL_GPIO_QUASI_MODE?COMMON
            CODE    2E9BH     001AH     UNIT         ?PR?SW_RESET?COMMON
            CODE    2EB5H     0019H     UNIT         ?PR?UCSPI_READ?BSP_2D4
            CODE    2ECEH     0018H     UNIT         ?PR?APP_LCD_INIT?APP_LCD
            CODE    2EE6H     0016H     UNIT         ?PR?SPEAKER_STATUS_RESP?APP_2D4
            CODE    2EFCH     0016H     UNIT         ?PR?RELAY_STATUS_RESP?APP_2D4
            CODE    2F12H     0015H     UNIT         ?PR?_STRLEN?STRLEN
            CODE    2F27H     0014H     UNIT         ?PR?REPEAT_STOP?APP_REPEAT_EXE
            CODE    2F3BH     0014H     UNIT         ?PR?_BSP_PUTKEY?BSP_KEY
            CODE    2F4FH     0013H     UNIT         ?PR?_GET_DATA_FROM_UART1?BSP_UART
            CODE    2F62H     0013H     UNIT         ?PR?TIMER1_INITHARD?BSP_TIMER1
            CODE    2F75H     0013H     UNIT         ?PR?WIRELESS2D4_INITHARD?BSP_2D4
            CODE    2F88H     0013H     UNIT         ?PR?_RF_WRITEREG?BSP_2D4
            CODE    2F9BH     0013H     UNIT         ?PR?_UCRF_READREG?BSP_2D4
            CODE    2FAEH     0012H     UNIT         ?PR?FM_SCANNING_SHOW_LCD_RESP?APP_2D4
            CODE    2FC0H     0012H     UNIT         ?PR?FM_OK_SHOW_LCD_RESP?APP_2D4
            CODE    2FD2H     0012H     UNIT         ?PR?ISKEYDOWN_1AND6?BSP_KEY
            CODE    2FE4H     0011H     UNIT         ?PR?UART_INITHARD?BSP_UART
            CODE    2FF5H     0010H     UNIT         ?PR?REPEAT_START_EXE?APP_REPEAT_EXE
            CODE    3005H     0010H     UNIT         ?PR?REPEAT_STOP_EXE?APP_REPEAT_EXE
            CODE    3015H     000FH     UNIT         ?PR?CLEAR_LCD_RESP?APP_2D4
            CODE    3024H     000FH     UNIT         ?PR?USB_PAUSE_SHOW_LCD_RESP?APP_2D4
            CODE    3033H     000FH     UNIT         ?PR?USB_TIME_SHOW_LCD_RESP?APP_2D4
            CODE    3042H     000FH     UNIT         ?PR?APP_LCD_PRO?APP_LCD
            CODE    3051H     000FH     UNIT         ?PR?ISKEYDOWN2?BSP_KEY
            CODE    3060H     000FH     UNIT         ?PR?ISKEYDOWN3?BSP_KEY
            CODE    306FH     000FH     UNIT         ?PR?ISKEYDOWN4?BSP_KEY
            CODE    307EH     000FH     UNIT         ?PR?ISKEYDOWN8?BSP_KEY
            CODE    308DH     000FH     UNIT         ?PR?ISKEYDOWN9?BSP_KEY
            CODE    309CH     000FH     UNIT         ?PR?RF_TXMODE?BSP_2D4
            CODE    30ABH     000EH     UNIT         ?PR?ISKEYDOWN5?BSP_KEY
            CODE    30B9H     000EH     UNIT         ?PR?_RF_SETCHANNEL?BSP_2D4
            CODE    30C7H     000DH     UNIT         ?PR?LCD_CLEAR_MI_ALL?BSP_DISPLAY
            CODE    30D4H     000CH     UNIT         ?PR?_REPEAT_SETSTART?APP_REPEAT_EXE
            CODE    30E0H     000CH     UNIT         ?PR?_REPEAT_SETSTOP?APP_REPEAT_EXE
            CODE    30ECH     000CH     UNIT         ?PR?RF_CLEARFIFO?BSP_2D4
            CODE    30F8H     000BH     UNIT         ?PR?_BSP_GETKEYSTATE?BSP_KEY
            CODE    3103H     000AH     UNIT         ?PR?APP_REPEAT_ISENABLE?APP_REPEAT_EXE
            CODE    310DH     000AH     UNIT         ?PR?UCRF_GETSTATUS?BSP_2D4
            CODE    3117H     0009H     UNIT         ?PR?BT_PAUSE_SHOW_LCD_RESP?APP_2D4
            CODE    3120H     0009H     UNIT         ?PR?BT_PLAY_SHOW_LCD_RESP?APP_2D4
            CODE    3129H     0009H     UNIT         ?PR?AUX_MUTE_SHOW_LCD_RESP?APP_2D4
            CODE    3132H     0009H     UNIT         ?PR?AUX_PLAY_SHOW_LCD_RESP?APP_2D4
            CODE    313BH     0009H     UNIT         ?PR?ISKEYDOWN1?BSP_KEY
            CODE    3144H     0009H     UNIT         ?PR?KEY_BRIGHT_INITHARD?BSP_KEYBRIGHT
            CODE    314DH     0009H     UNIT         ?PR?LCD_BRIGHT_INITHARD?BSP_LCDBRIGHT
            CODE    3156H     0008H     UNIT         ?PR?RECEIVE_DATA_FROM_UART0?COMMON
            CODE    315EH     0008H     UNIT         ?PR?_SEND_DATA_TO_UART0?COMMON
            CODE    3166H     0008H     UNIT         ?PR?RECEIVE_DATA_FROM_UART1?COMMON
            CODE    316EH     0008H     UNIT         ?PR?_SEND_DATA_TO_UART1?COMMON
            CODE    3176H     0007H     UNIT         ?CO?MAIN
BL51 BANKED LINKER/LOCATER V6.22                                                      09/03/2017  16:51:00  PAGE 5


            CODE    317DH     0007H     UNIT         ?PR?APP_WORK_INIT?APP_WORK
            CODE    3184H     0007H     UNIT         ?PR?BSP_INITKEYHARD?BSP_KEY
            CODE    318BH     0007H     UNIT         ?PR?LCD_CLEAR_LED_ICO?BSP_DISPLAY
            CODE    3192H     0007H     UNIT         ?PR?LCD_SHOW_LED_ICO?BSP_DISPLAY
            CODE    3199H     0007H     UNIT         ?PR?LCD_CLEAR_FM_ICO?BSP_DISPLAY
            CODE    31A0H     0007H     UNIT         ?PR?LCD_SHOW_FM_ICO?BSP_DISPLAY
            CODE    31A7H     0007H     UNIT         ?PR?LCD_CLEAR_BLUETOOTH_ICO?BSP_DISPLAY
            CODE    31AEH     0007H     UNIT         ?PR?LCD_SHOW_BLUETOOTH_ICO?BSP_DISPLAY
            CODE    31B5H     0007H     UNIT         ?PR?LCD_CLEAR_AUX_ICO?BSP_DISPLAY
            CODE    31BCH     0007H     UNIT         ?PR?LCD_SHOW_AUX_ICO?BSP_DISPLAY
            CODE    31C3H     0007H     UNIT         ?PR?LCD_CLEAR_USB_ICO?BSP_DISPLAY
            CODE    31CAH     0007H     UNIT         ?PR?LCD_SHOW_USB_ICO?BSP_DISPLAY
            CODE    31D1H     0007H     UNIT         ?PR?LCD_CLEAR_MHZ_ICO?BSP_DISPLAY
            CODE    31D8H     0007H     UNIT         ?PR?LCD_SHOW_MHZ_ICO?BSP_DISPLAY
            CODE    31DFH     0007H     UNIT         ?PR?LCD_CLEAR_BAZOOKA_ICO?BSP_DISPLAY
            CODE    31E6H     0007H     UNIT         ?PR?LCD_SHOW_BAZOOKA_ICO?BSP_DISPLAY
            CODE    31EDH     0007H     UNIT         ?PR?LCD_CLEAR_UPCOLON_ICO?BSP_DISPLAY
            CODE    31F4H     0007H     UNIT         ?PR?LCD_SHOW_UPCOLON_ICO?BSP_DISPLAY
            CODE    31FBH     0007H     UNIT         ?PR?LCD_CLEAR_DOWNCOLON_ICO?BSP_DISPLAY
            CODE    3202H     0007H     UNIT         ?PR?LCD_SHOW_DOWNCOLON_ICO?BSP_DISPLAY
            CODE    3209H     0007H     UNIT         ?PR?RF_CLEARSTATUS?BSP_2D4
            CODE    3210H     0006H     UNIT         ?PR?APP_POWER_OFF?APP_KEY
            CODE    3216H     0006H     UNIT         ?PR?ISKEYDOWN6?BSP_KEY
            CODE    321CH     0006H     UNIT         ?PR?ISKEYDOWN7?BSP_KEY
            CODE    3222H     0006H     UNIT         ?PR?BSP_INITKEY?BSP_KEY
            CODE    3228H     0006H     UNIT         ?PR?BSP_CLEARKEY?BSP_KEY
            CODE    322EH     0006H     UNIT         ?PR?LCD_CLEAR_COLON_ICO?BSP_DISPLAY
            CODE    3234H     0006H     UNIT         ?PR?LCD_SHOW_COLON_ICO?BSP_DISPLAY
            CODE    323AH     0006H     UNIT         ?PR?UCRF_GETRSSI?BSP_2D4
            CODE    3240H     0004H     UNIT         ?PR?FSYS_CLOCK_OUTPUT_ON_P26?COMMON
            CODE    3244H     0003H     UNIT         ?PR?APP_POWER_ON?APP_KEY
            CODE    3247H     0003H     UNIT         ?PR?KEY_BRIGHT_OFF?BSP_KEYBRIGHT
            CODE    324AH     0003H     UNIT         ?PR?KEY_BRIGHT_ON?BSP_KEYBRIGHT
            CODE    324DH     0003H     UNIT         ?PR?KEY_BRIGHT_TOGGLE?BSP_KEYBRIGHT
            CODE    3250H     0003H     UNIT         ?PR?LCD_BRIGHT_OFF?BSP_LCDBRIGHT
            CODE    3253H     0003H     UNIT         ?PR?LCD_BRIGHT_ON?BSP_LCDBRIGHT
            CODE    3256H     0001H     UNIT         ?PR?APP_KEY_INIT?APP_KEY
            CODE    3257H     0001H     UNIT         ?PR?APP_KEY_100MS_PRO?APP_KEY
            CODE    3258H     0001H     UNIT         ?PR?APP_KEY_1S_PRO?APP_KEY
            CODE    3259H     0001H     UNIT         ?PR?APP_KEY_CLEAR_NOOPS_TIMEOUTCNT?APP_KEY
            CODE    325AH     0001H     UNIT         ?PR?APP_WORK_1S_PRO?APP_WORK
            CODE    325BH     0001H     UNIT         ?PR?APP_WORK_100MS_PRO?APP_WORK
            CODE    325CH     0001H     UNIT         ?PR?APP_WORK_PRO?APP_WORK
            CODE    325DH     0001H     UNIT         ?PR?TIMER1_ISR?BSP_TIMER1
            CODE    325EH     0001H     UNIT         ?PR?SPI_INIT?BSP_2D4



OVERLAY MAP OF MODULE:   .\Out\Objects\project (MAIN)


SEGMENT                                             BIT_GROUP          DATA_GROUP          XDATA_GROUP
  +--> CALLED SEGMENT                            START    LENGTH     START    LENGTH     START    LENGTH
--------------------------------------------------------------------------------------------------------
?C_C51STARTUP                                    -----    -----      -----    -----      -----    -----
  +--> ?PR?MAIN?MAIN
  +--> ?C_INITSEG
BL51 BANKED LINKER/LOCATER V6.22                                                      09/03/2017  16:51:00  PAGE 6



?PR?MAIN?MAIN                                    -----    -----      -----    -----      0000H    0002H
  +--> ?PR?_SYSTEM_CLOCK_SELECT?COMMON
  +--> ?PR?BSP_INIT?BSP
  +--> ?PR?APP_KEY_INIT?APP_KEY
  +--> ?PR?APP_2D4_INIT?APP_2D4
  +--> ?PR?APP_LCD_INIT?APP_LCD
  +--> ?PR?APP_WORK_INIT?APP_WORK
  +--> ?PR?ADC_START?BSP_ADC
  +--> ?PR?BSP_KEYSCAN?BSP_KEY
  +--> ?PR?REPEAT_PRO?APP_REPEAT_EXE
  +--> ?PR?APP_LCD_PRO?APP_LCD
  +--> ?CO?MAIN
  +--> ?PR?PRINTF?PRINTF
  +--> ?PR?APP_2D4_PRO?APP_2D4
  +--> ?PR?BSP_GETKEY?BSP_KEY
  +--> ?PR?_APP_KEY_PRO?APP_KEY

?PR?BSP_INIT?BSP                                 -----    -----      -----    -----      -----    -----
  +--> ?PR?SET_ALL_GPIO_INPUT_MODE?COMMON
  +--> ?PR?ADC_INIT?BSP_ADC
  +--> ?PR?BSP_INITKEY?BSP_KEY
  +--> ?PR?KEY_BRIGHT_INITHARD?BSP_KEYBRIGHT
  +--> ?PR?LCD_BRIGHT_INITHARD?BSP_LCDBRIGHT
  +--> ?PR?LCD_DISPLAY_INITHARD?BSP_DISPLAY
  +--> ?PR?TIMER0_INITHARD?BSP_TIMER0
  +--> ?PR?WIRELESS2D4_INITHARD?BSP_2D4

?PR?BSP_INITKEY?BSP_KEY                          -----    -----      -----    -----      -----    -----
  +--> ?PR?BSP_INITKEYVAR?BSP_KEY
  +--> ?PR?BSP_INITKEYHARD?BSP_KEY

?PR?BSP_INITKEYVAR?BSP_KEY                       -----    -----      -----    -----      -----    -----
  +--> ?PR?ISKEYDOWN1?BSP_KEY
  +--> ?PR?ISKEYDOWN2?BSP_KEY
  +--> ?PR?ISKEYDOWN3?BSP_KEY
  +--> ?PR?ISKEYDOWN4?BSP_KEY
  +--> ?PR?ISKEYDOWN5?BSP_KEY
  +--> ?PR?ISKEYDOWN6?BSP_KEY
  +--> ?PR?ISKEYDOWN7?BSP_KEY
  +--> ?PR?ISKEYDOWN8?BSP_KEY
  +--> ?PR?ISKEYDOWN9?BSP_KEY
  +--> ?PR?ISKEYDOWN_1AND6?BSP_KEY

?PR?ISKEYDOWN2?BSP_KEY                           -----    -----      -----    -----      -----    -----
  +--> ?PR?_ISKEYDOWN?BSP_KEY

?PR?ISKEYDOWN3?BSP_KEY                           -----    -----      -----    -----      -----    -----
  +--> ?PR?_ISKEYDOWN?BSP_KEY

?PR?ISKEYDOWN4?BSP_KEY                           -----    -----      -----    -----      -----    -----
  +--> ?PR?_ISKEYDOWN?BSP_KEY

?PR?ISKEYDOWN5?BSP_KEY                           -----    -----      -----    -----      -----    -----
  +--> ?PR?_ISKEYDOWN?BSP_KEY

?PR?ISKEYDOWN6?BSP_KEY                           -----    -----      -----    -----      -----    -----
BL51 BANKED LINKER/LOCATER V6.22                                                      09/03/2017  16:51:00  PAGE 7


  +--> ?PR?_ISKEYDOWN?BSP_KEY

?PR?ISKEYDOWN7?BSP_KEY                           -----    -----      -----    -----      -----    -----
  +--> ?PR?_ISKEYDOWN?BSP_KEY

?PR?ISKEYDOWN8?BSP_KEY                           -----    -----      -----    -----      -----    -----
  +--> ?PR?_ISKEYDOWN?BSP_KEY

?PR?ISKEYDOWN9?BSP_KEY                           -----    -----      -----    -----      -----    -----
  +--> ?PR?_ISKEYDOWN?BSP_KEY

?PR?ISKEYDOWN_1AND6?BSP_KEY                      -----    -----      -----    -----      -----    -----
  +--> ?PR?ISKEYDOWN1?BSP_KEY
  +--> ?PR?ISKEYDOWN6?BSP_KEY

?PR?KEY_BRIGHT_INITHARD?BSP_KEYBRIGHT            -----    -----      -----    -----      -----    -----
  +--> ?PR?KEY_BRIGHT_OFF?BSP_KEYBRIGHT

?PR?LCD_BRIGHT_INITHARD?BSP_LCDBRIGHT            -----    -----      -----    -----      -----    -----
  +--> ?PR?LCD_BRIGHT_ON?BSP_LCDBRIGHT

?PR?LCD_DISPLAY_INITHARD?BSP_DISPLAY             -----    -----      -----    -----      -----    -----
  +--> ?PR?LCD_CLEAR_ALL?BSP_DISPLAY

?PR?TIMER0_INITHARD?BSP_TIMER0                   -----    -----      -----    -----      -----    -----
  +--> ?PR?TIMER0_PARAMINIT?BSP_TIMER0

?PR?APP_2D4_INIT?APP_2D4                         -----    -----      -----    -----      -----    -----
  +--> ?PR?RF_INIT?BSP_2D4
  +--> ?PR?RF_RXMODE?BSP_2D4

?PR?RF_INIT?BSP_2D4                              -----    -----      -----    -----      0002H    0012H
  +--> ?CO?BSP_2D4
  +--> ?PR?SPI_INIT?BSP_2D4
  +--> ?PR?_RF_WRITEREG?BSP_2D4
  +--> ?PR?_RF_WRITEBUF?BSP_2D4

?PR?_RF_WRITEREG?BSP_2D4                         -----    -----      -----    -----      -----    -----
  +--> ?PR?_SPI_WW?BSP_2D4

?PR?_RF_WRITEBUF?BSP_2D4                         -----    -----      -----    -----      0014H    0005H
  +--> ?PR?_SPI_WW?BSP_2D4

?PR?RF_RXMODE?BSP_2D4                            -----    -----      -----    -----      -----    -----
  +--> ?PR?_RF_WRITEREG?BSP_2D4

?PR?APP_LCD_INIT?APP_LCD                         -----    -----      -----    -----      -----    -----
  +--> ?CO?APP_LCD
  +--> ?PR?_STRLEN?STRLEN

?PR?APP_WORK_INIT?APP_WORK                       -----    -----      -----    -----      -----    -----
  +--> ?PR?LCD_SHOW_BAZOOKA_ICO?BSP_DISPLAY

?PR?BSP_KEYSCAN?BSP_KEY                          -----    -----      -----    -----      0002H    0001H
  +--> ?PR?_BSP_DETECTKEY?BSP_KEY

?PR?_BSP_DETECTKEY?BSP_KEY                       -----    -----      -----    -----      0003H    0001H
BL51 BANKED LINKER/LOCATER V6.22                                                      09/03/2017  16:51:00  PAGE 8


  +--> ?PR?_BSP_PUTKEY?BSP_KEY

?PR?REPEAT_PRO?APP_REPEAT_EXE                    -----    -----      -----    -----      -----    -----
  +--> ?PR?REPEAT_STOP_EXE?APP_REPEAT_EXE
  +--> ?PR?REPEAT_START_EXE?APP_REPEAT_EXE

?PR?APP_LCD_PRO?APP_LCD                          -----    -----      -----    -----      -----    -----
  +--> ?PR?APP_REPEAT_ISENABLE?APP_REPEAT_EXE
  +--> ?PR?_LCD_SHOWSTRING?BSP_DISPLAY

?PR?_LCD_SHOWSTRING?BSP_DISPLAY                  0020H.0  0000H.1    -----    -----      0018H    0004H
  +--> ?PR?_STRLEN?STRLEN
  +--> ?PR?_LCD_SHOWCHAR?BSP_DISPLAY

?PR?_LCD_SHOWCHAR?BSP_DISPLAY                    -----    -----      -----    -----      -----    -----
  +--> ?PR?_LCD_CLEAR_MI?BSP_DISPLAY

?PR?PRINTF?PRINTF                                0020H.0  0001H.1    0008H    0005H      0018H    0028H
  +--> ?PR?_PUTCHAR?COMMON

?PR?APP_2D4_PRO?APP_2D4                          -----    -----      -----    -----      -----    -----
  +--> ?PR?UCRF_GETSTATUS?BSP_2D4
  +--> ?PR?RF_CLEARFIFO?BSP_2D4
  +--> ?PR?RF_CLEARSTATUS?BSP_2D4
  +--> ?PR?RF_RXMODE?BSP_2D4
  +--> ?PR?_RF_TXDATA?BSP_2D4
  +--> ?PR?_UCRF_DUMPRXDATA?BSP_2D4
  +--> ?PR?LCD_CLEAR_MHZ_ICO?BSP_DISPLAY
  +--> ?PR?LCD_CLEAR_UPCOLON_ICO?BSP_DISPLAY
  +--> ?PR?LCD_CLEAR_DOWNCOLON_ICO?BSP_DISPLAY
  +--> ?PR?_APP_2D4_RCV?APP_2D4

?PR?UCRF_GETSTATUS?BSP_2D4                       -----    -----      -----    -----      -----    -----
  +--> ?PR?_UCRF_READREG?BSP_2D4

?PR?_UCRF_READREG?BSP_2D4                        -----    -----      -----    -----      -----    -----
  +--> ?PR?_SPI_WR?BSP_2D4
  +--> ?PR?UCSPI_READ?BSP_2D4

?PR?RF_CLEARFIFO?BSP_2D4                         -----    -----      -----    -----      -----    -----
  +--> ?PR?_RF_WRITEREG?BSP_2D4

?PR?RF_CLEARSTATUS?BSP_2D4                       -----    -----      -----    -----      -----    -----
  +--> ?PR?_RF_WRITEREG?BSP_2D4

?PR?_RF_TXDATA?BSP_2D4                           -----    -----      -----    -----      0002H    0002H
  +--> ?PR?UCRF_GETSTATUS?BSP_2D4
  +--> ?PR?_RF_WRITEBUF?BSP_2D4
  +--> ?PR?_RF_WRITEREG?BSP_2D4

?PR?_UCRF_DUMPRXDATA?BSP_2D4                     -----    -----      -----    -----      -----    -----
  +--> ?PR?UCRF_GETSTATUS?BSP_2D4
  +--> ?PR?_RF_WRITEREG?BSP_2D4
  +--> ?PR?_RF_READBUF?BSP_2D4
  +--> ?PR?RF_CLEARFIFO?BSP_2D4
  +--> ?PR?RF_CLEARSTATUS?BSP_2D4

BL51 BANKED LINKER/LOCATER V6.22                                                      09/03/2017  16:51:00  PAGE 9


?PR?_RF_READBUF?BSP_2D4                          -----    -----      -----    -----      0002H    0005H
  +--> ?PR?_SPI_WR?BSP_2D4
  +--> ?PR?UCSPI_READ?BSP_2D4

?PR?_APP_2D4_RCV?APP_2D4                         -----    -----      -----    -----      0002H    0006H
  +--> ?PR?KEY_BRIGHT_TOGGLE?BSP_KEYBRIGHT
  +--> ?PR?SPEAKER_STATUS_RESP?APP_2D4
  +--> ?PR?RELAY_STATUS_RESP?APP_2D4
  +--> ?PR?VOL_RESP?APP_2D4
  +--> ?PR?BT_PLAY_SHOW_LCD_RESP?APP_2D4
  +--> ?PR?_REPEAT_SETSTART?APP_REPEAT_EXE
  +--> ?PR?_REPEAT_SETSTOP?APP_REPEAT_EXE
  +--> ?PR?BT_PAUSE_SHOW_LCD_RESP?APP_2D4
  +--> ?PR?FM_SCANNING_SHOW_LCD_RESP?APP_2D4
  +--> ?PR?FM_OK_SHOW_LCD_RESP?APP_2D4
  +--> ?PR?AUX_PLAY_SHOW_LCD_RESP?APP_2D4
  +--> ?PR?AUX_MUTE_SHOW_LCD_RESP?APP_2D4
  +--> ?PR?CLEAR_LCD_RESP?APP_2D4
  +--> ?PR?USB_TIME_SHOW_LCD_RESP?APP_2D4
  +--> ?PR?USB_PAUSE_SHOW_LCD_RESP?APP_2D4
  +--> ?PR?_REPEAT_START?APP_REPEAT_EXE
  +--> ?PR?LCD_CLEAR_FM_ICO?BSP_DISPLAY
  +--> ?PR?LCD_SHOW_BLUETOOTH_ICO?BSP_DISPLAY
  +--> ?PR?LCD_SHOW_FM_ICO?BSP_DISPLAY
  +--> ?PR?LCD_CLEAR_BLUETOOTH_ICO?BSP_DISPLAY
  +--> ?PR?LCD_CLEAR_AUX_ICO?BSP_DISPLAY
  +--> ?PR?LCD_SHOW_AUX_ICO?BSP_DISPLAY
  +--> ?PR?LCD_CLEAR_USB_ICO?BSP_DISPLAY
  +--> ?PR?LCD_SHOW_USB_ICO?BSP_DISPLAY

?PR?SPEAKER_STATUS_RESP?APP_2D4                  -----    -----      -----    -----      -----    -----
  +--> ?CO?APP_2D4
  +--> ?PR?_LCD_SHOWSTRING?BSP_DISPLAY

?PR?RELAY_STATUS_RESP?APP_2D4                    -----    -----      -----    -----      -----    -----
  +--> ?CO?APP_2D4
  +--> ?PR?_LCD_SHOWSTRING?BSP_DISPLAY

?PR?VOL_RESP?APP_2D4                             -----    -----      -----    -----      0008H    0010H
  +--> ?CO?APP_2D4
  +--> ?PR?PRINTF?PRINTF
  +--> ?PR?_LCD_SHOWSTRING?BSP_DISPLAY

?PR?BT_PLAY_SHOW_LCD_RESP?APP_2D4                -----    -----      -----    -----      -----    -----
  +--> ?CO?APP_2D4
  +--> ?PR?_LCD_SHOWSTRING?BSP_DISPLAY

?PR?BT_PAUSE_SHOW_LCD_RESP?APP_2D4               -----    -----      -----    -----      -----    -----
  +--> ?CO?APP_2D4
  +--> ?PR?_LCD_SHOWSTRING?BSP_DISPLAY

?PR?FM_SCANNING_SHOW_LCD_RESP?APP_2D4            -----    -----      -----    -----      -----    -----
  +--> ?CO?APP_2D4
  +--> ?PR?_LCD_SHOWSTRING?BSP_DISPLAY
  +--> ?PR?LCD_CLEAR_UPCOLON_ICO?BSP_DISPLAY
  +--> ?PR?LCD_CLEAR_DOWNCOLON_ICO?BSP_DISPLAY
  +--> ?PR?LCD_CLEAR_MHZ_ICO?BSP_DISPLAY
BL51 BANKED LINKER/LOCATER V6.22                                                      09/03/2017  16:51:00  PAGE 10



?PR?FM_OK_SHOW_LCD_RESP?APP_2D4                  -----    -----      -----    -----      -----    -----
  +--> ?CO?APP_2D4
  +--> ?PR?_LCD_SHOWSTRING?BSP_DISPLAY
  +--> ?PR?LCD_CLEAR_UPCOLON_ICO?BSP_DISPLAY
  +--> ?PR?LCD_SHOW_DOWNCOLON_ICO?BSP_DISPLAY
  +--> ?PR?LCD_SHOW_MHZ_ICO?BSP_DISPLAY

?PR?AUX_PLAY_SHOW_LCD_RESP?APP_2D4               -----    -----      -----    -----      -----    -----
  +--> ?CO?APP_2D4
  +--> ?PR?_LCD_SHOWSTRING?BSP_DISPLAY

?PR?AUX_MUTE_SHOW_LCD_RESP?APP_2D4               -----    -----      -----    -----      -----    -----
  +--> ?CO?APP_2D4
  +--> ?PR?_LCD_SHOWSTRING?BSP_DISPLAY

?PR?CLEAR_LCD_RESP?APP_2D4                       -----    -----      -----    -----      -----    -----
  +--> ?CO?APP_2D4
  +--> ?PR?_LCD_SHOWSTRING?BSP_DISPLAY
  +--> ?PR?LCD_CLEAR_UPCOLON_ICO?BSP_DISPLAY
  +--> ?PR?LCD_CLEAR_DOWNCOLON_ICO?BSP_DISPLAY

?PR?USB_TIME_SHOW_LCD_RESP?APP_2D4               -----    -----      -----    -----      -----    -----
  +--> ?CO?APP_2D4
  +--> ?PR?_LCD_SHOWSTRING?BSP_DISPLAY
  +--> ?PR?LCD_SHOW_UPCOLON_ICO?BSP_DISPLAY
  +--> ?PR?LCD_SHOW_DOWNCOLON_ICO?BSP_DISPLAY

?PR?USB_PAUSE_SHOW_LCD_RESP?APP_2D4              -----    -----      -----    -----      -----    -----
  +--> ?CO?APP_2D4
  +--> ?PR?_LCD_SHOWSTRING?BSP_DISPLAY
  +--> ?PR?LCD_CLEAR_UPCOLON_ICO?BSP_DISPLAY
  +--> ?PR?LCD_CLEAR_DOWNCOLON_ICO?BSP_DISPLAY

?PR?_REPEAT_START?APP_REPEAT_EXE                 -----    -----      -----    -----      -----    -----
  +--> ?PR?REPEAT_START_EXE?APP_REPEAT_EXE

?PR?_APP_KEY_PRO?APP_KEY                         -----    -----      -----    -----      0002H    0003H
  +--> ?PR?APP_KEY_CLEAR_NOOPS_TIMEOUTCNT?AP...
  +--> ?PR?_APP_2D4_SEND?APP_2D4

?PR?_APP_2D4_SEND?APP_2D4                        -----    -----      -----    -----      0005H    0004H
  +--> ?PR?RF_TXMODE?BSP_2D4

?PR?RF_TXMODE?BSP_2D4                            -----    -----      -----    -----      -----    -----
  +--> ?PR?_RF_WRITEREG?BSP_2D4



SYMBOL TABLE OF MODULE:  .\Out\Objects\project (MAIN)

  VALUE           TYPE          NAME
  ----------------------------------

  -------         MODULE        MAIN
  C:0000H         SYMBOL        _ICE_DUMMY_
  D:0080H         PUBLIC        P0
BL51 BANKED LINKER/LOCATER V6.22                                                      09/03/2017  16:51:00  PAGE 11


  D:0090H         PUBLIC        P1
  D:00A0H         PUBLIC        P2
  D:00B0H         PUBLIC        P3
  D:00D8H         PUBLIC        P5
  D:00A8H         PUBLIC        IE
  B:00E8H.7       PUBLIC        ADCF
  C:27A1H         PUBLIC        ADC_ISR
  D:00B8H         PUBLIC        IP
  C:22EBH         PUBLIC        main
  D:0098H         PUBLIC        SCON
  D:0088H         PUBLIC        TCON
  D:00F8H         PUBLIC        SCON_1
  D:00E8H         PUBLIC        ADCCON0
  D:00C0H         PUBLIC        I2CON
  D:00C3H         PUBLIC        ADCRH
  X:0066H         SYMBOL        ss
  D:00C8H         PUBLIC        T2CON
  D:00C2H         PUBLIC        ADCRL
  D:00D0H         PUBLIC        PSW
  -------         PROC          ADC_ISR
  C:27A1H         LINE#         8
  C:27B2H         LINE#         9
  C:27B2H         LINE#         11
  C:27B4H         LINE#         13
  C:27C4H         LINE#         14
  C:27E0H         LINE#         15
  C:27EEH         LINE#         17
  -------         ENDPROC       ADC_ISR
  -------         PROC          MAIN
  -------         DO            
  X:0000H         SYMBOL        ucKeyCode
  -------         DO            
  X:0001H         SYMBOL        i
  X:0065H         SYMBOL        n
  -------         ENDDO         
  -------         ENDDO         
  C:22EBH         LINE#         19
  C:22EBH         LINE#         21
  C:22F0H         LINE#         24
  C:22F3H         LINE#         28
  C:22F6H         LINE#         29
  C:22F9H         LINE#         30
  C:22FCH         LINE#         31
  C:22FFH         LINE#         35
  C:22FFH         LINE#         36
  C:2305H         LINE#         37
  C:2307H         LINE#         39
  C:230AH         LINE#         40
  C:230AH         LINE#         41
  C:2310H         LINE#         42
  C:2312H         LINE#         45
  C:2315H         LINE#         46
  C:2315H         LINE#         47
  C:231BH         LINE#         48
  C:2320H         LINE#         51
  C:2324H         LINE#         56
  C:2327H         LINE#         60
BL51 BANKED LINKER/LOCATER V6.22                                                      09/03/2017  16:51:00  PAGE 12


  C:232AH         LINE#         62
  C:2330H         LINE#         63
  C:2336H         LINE#         64
  C:2338H         LINE#         66
  C:235BH         LINE#         72
  C:235BH         LINE#         73
  C:235EH         LINE#         74
  C:235EH         LINE#         75
  C:2364H         LINE#         76
  C:2366H         LINE#         85
  C:2366H         LINE#         89
  C:236EH         LINE#         90
  C:2370H         LINE#         91
  C:2375H         LINE#         92
  C:2375H         LINE#         94
  -------         ENDPROC       MAIN
  -------         ENDMOD        MAIN

  -------         MODULE        APP_KEY
  C:0000H         SYMBOL        _ICE_DUMMY_
  D:0080H         PUBLIC        P0
  D:0090H         PUBLIC        P1
  D:00A0H         PUBLIC        P2
  D:00B0H         PUBLIC        P3
  C:3256H         PUBLIC        app_key_init
  D:00D8H         PUBLIC        P5
  D:00A8H         PUBLIC        IE
  C:3244H         PUBLIC        app_power_on
  D:00B8H         PUBLIC        IP
  C:0DE2H         PUBLIC        _app_key_pro
  C:3258H         PUBLIC        app_key_1s_pro
  D:0098H         PUBLIC        SCON
  D:0088H         PUBLIC        TCON
  I:000FH         SYMBOL        buf
  D:00F8H         PUBLIC        SCON_1
  D:00E8H         PUBLIC        ADCCON0
  D:00C0H         PUBLIC        I2CON
  C:3259H         PUBLIC        app_key_clear_noOps_timeoutCnt
  D:00C8H         PUBLIC        T2CON
  C:3210H         PUBLIC        app_power_off
  C:3257H         PUBLIC        app_key_100ms_pro
  D:00D0H         PUBLIC        PSW
  -------         PROC          APP_KEY_INIT
  C:3256H         LINE#         12
  C:3256H         LINE#         14
  -------         ENDPROC       APP_KEY_INIT
  -------         PROC          APP_POWER_ON
  C:3244H         LINE#         16
  C:3244H         LINE#         17
  -------         ENDPROC       APP_POWER_ON
  -------         PROC          APP_POWER_OFF
  C:3210H         LINE#         19
  C:3210H         LINE#         20
  C:3213H         LINE#         21
  -------         ENDPROC       APP_POWER_OFF
  -------         PROC          APP_KEY_100MS_PRO
  C:3257H         LINE#         24
BL51 BANKED LINKER/LOCATER V6.22                                                      09/03/2017  16:51:00  PAGE 13


  C:3257H         LINE#         26
  -------         ENDPROC       APP_KEY_100MS_PRO
  -------         PROC          APP_KEY_1S_PRO
  C:3258H         LINE#         28
  C:3258H         LINE#         30
  -------         ENDPROC       APP_KEY_1S_PRO
  -------         PROC          APP_KEY_CLEAR_NOOPS_TIMEOUTCNT
  C:3259H         LINE#         31
  C:3259H         LINE#         32
  -------         ENDPROC       APP_KEY_CLEAR_NOOPS_TIMEOUTCNT
  -------         PROC          _APP_KEY_PRO
  X:0002H         SYMBOL        keyCode
  -------         DO            
  X:0003H         SYMBOL        index
  X:0004H         SYMBOL        i
  -------         ENDDO         
  C:0DE2H         LINE#         34
  C:0DE7H         LINE#         35
  C:0DEAH         LINE#         36
  C:0DECH         LINE#         38
  C:0DEFH         LINE#         42
  C:0DF3H         LINE#         43
  C:0DFFH         LINE#         44
  C:0E66H         LINE#         45
  C:0E66H         LINE#         46
  C:0E73H         LINE#         47
  C:0E7DH         LINE#         48
  C:0E87H         LINE#         49
  C:0E91H         LINE#         50
  C:0EB0H         LINE#         51
  C:0EC0H         LINE#         52
  C:0EC6H         LINE#         54
  C:0EC6H         LINE#         55
  C:0EC6H         LINE#         57
  C:0EC6H         LINE#         58
  C:0EC6H         LINE#         59
  C:0ED3H         LINE#         60
  C:0EDDH         LINE#         61
  C:0EE7H         LINE#         62
  C:0EF1H         LINE#         63
  C:0F10H         LINE#         64
  C:0F20H         LINE#         65
  C:0F26H         LINE#         67
  C:0F26H         LINE#         68
  C:0F26H         LINE#         69
  C:0F33H         LINE#         70
  C:0F3DH         LINE#         71
  C:0F47H         LINE#         72
  C:0F51H         LINE#         73
  C:0F70H         LINE#         74
  C:0F80H         LINE#         75
  C:0F86H         LINE#         77
  C:0F86H         LINE#         78
  C:0F86H         LINE#         80
  C:0F86H         LINE#         81
  C:0F86H         LINE#         83
  C:0F86H         LINE#         84
BL51 BANKED LINKER/LOCATER V6.22                                                      09/03/2017  16:51:00  PAGE 14


  C:0F86H         LINE#         85
  C:0F93H         LINE#         86
  C:0F9DH         LINE#         87
  C:0FA7H         LINE#         88
  C:0FB1H         LINE#         89
  C:0FD0H         LINE#         90
  C:0FE0H         LINE#         91
  C:0FE6H         LINE#         92
  C:0FE6H         LINE#         93
  C:0FE6H         LINE#         95
  C:0FE6H         LINE#         96
  C:0FE6H         LINE#         98
  C:0FE6H         LINE#         99
  C:0FE6H         LINE#         100
  C:0FF3H         LINE#         101
  C:0FFDH         LINE#         102
  C:1007H         LINE#         103
  C:1011H         LINE#         104
  C:1030H         LINE#         105
  C:1040H         LINE#         106
  C:1046H         LINE#         107
  C:1046H         LINE#         108
  C:1046H         LINE#         110
  C:1046H         LINE#         111
  C:1046H         LINE#         113
  C:1046H         LINE#         114
  C:1046H         LINE#         115
  C:1053H         LINE#         116
  C:105DH         LINE#         117
  C:1067H         LINE#         118
  C:1071H         LINE#         119
  C:1090H         LINE#         120
  C:10A0H         LINE#         121
  C:10A6H         LINE#         123
  C:10A6H         LINE#         124
  C:10A6H         LINE#         126
  C:10A6H         LINE#         127
  C:10A6H         LINE#         129
  C:10A6H         LINE#         130
  C:10A6H         LINE#         132
  C:10B3H         LINE#         133
  C:10BDH         LINE#         134
  C:10C7H         LINE#         135
  C:10D1H         LINE#         136
  C:10F0H         LINE#         137
  C:1100H         LINE#         138
  C:1106H         LINE#         140
  C:1106H         LINE#         141
  C:1106H         LINE#         143
  C:1106H         LINE#         144
  C:1106H         LINE#         146
  C:1106H         LINE#         147
  C:1106H         LINE#         148
  C:1113H         LINE#         149
  C:111DH         LINE#         150
  C:1127H         LINE#         151
  C:1131H         LINE#         152
BL51 BANKED LINKER/LOCATER V6.22                                                      09/03/2017  16:51:00  PAGE 15


  C:1150H         LINE#         153
  C:1160H         LINE#         154
  C:1166H         LINE#         156
  C:1166H         LINE#         157
  C:1166H         LINE#         159
  C:1166H         LINE#         160
  C:1166H         LINE#         162
  C:1166H         LINE#         163
  C:1166H         LINE#         165
  C:1173H         LINE#         166
  C:117DH         LINE#         167
  C:1187H         LINE#         168
  C:1191H         LINE#         169
  C:11ADH         LINE#         170
  C:11BDH         LINE#         171
  C:11C3H         LINE#         173
  C:11C3H         LINE#         174
  C:11C3H         LINE#         176
  C:11C3H         LINE#         177
  C:11C3H         LINE#         179
  C:11C3H         LINE#         180
  C:11C3H         LINE#         181
  C:11D0H         LINE#         182
  C:11DAH         LINE#         183
  C:11E4H         LINE#         184
  C:11EEH         LINE#         185
  C:120AH         LINE#         186
  C:121AH         LINE#         187
  C:1220H         LINE#         189
  C:1220H         LINE#         190
  C:1220H         LINE#         192
  C:1220H         LINE#         193
  C:1220H         LINE#         195
  C:1220H         LINE#         196
  C:1220H         LINE#         198
  C:1220H         LINE#         199
  C:1220H         LINE#         201
  C:1220H         LINE#         202
  C:1220H         LINE#         204
  C:1220H         LINE#         205
  C:1220H         LINE#         207
  C:1220H         LINE#         209
  C:1220H         LINE#         210
  C:1226H         LINE#         211
  C:1228H         LINE#         212
  C:1233H         LINE#         213
  C:1233H         LINE#         215
  -------         ENDPROC       _APP_KEY_PRO
  -------         ENDMOD        APP_KEY

  -------         MODULE        APP_WORK
  C:0000H         SYMBOL        _ICE_DUMMY_
  D:0080H         PUBLIC        P0
  D:0090H         PUBLIC        P1
  D:00A0H         PUBLIC        P2
  D:00B0H         PUBLIC        P3
  D:00D8H         PUBLIC        P5
BL51 BANKED LINKER/LOCATER V6.22                                                      09/03/2017  16:51:00  PAGE 16


  D:00A8H         PUBLIC        IE
  D:00B8H         PUBLIC        IP
  C:325CH         SYMBOL        app_work_pro
  C:325AH         PUBLIC        app_work_1s_pro
  D:0098H         PUBLIC        SCON
  D:0088H         PUBLIC        TCON
  D:00F8H         PUBLIC        SCON_1
  D:00E8H         PUBLIC        ADCCON0
  D:00C0H         PUBLIC        I2CON
  C:317DH         PUBLIC        app_work_Init
  I:00BEH         PUBLIC        g_tWork
  D:00C8H         PUBLIC        T2CON
  C:325BH         PUBLIC        app_work_100ms_pro
  D:00D0H         PUBLIC        PSW
  -------         PROC          APP_WORK_INIT
  C:317DH         LINE#         14
  C:317DH         LINE#         15
  C:3181H         LINE#         17
  -------         ENDPROC       APP_WORK_INIT
  -------         PROC          APP_WORK_1S_PRO
  C:325AH         LINE#         20
  C:325AH         LINE#         22
  -------         ENDPROC       APP_WORK_1S_PRO
  -------         PROC          APP_WORK_100MS_PRO
  C:325BH         LINE#         23
  C:325BH         LINE#         25
  -------         ENDPROC       APP_WORK_100MS_PRO
  -------         PROC          APP_WORK_PRO
  C:325CH         LINE#         27
  C:325CH         LINE#         29
  -------         ENDPROC       APP_WORK_PRO
  -------         ENDMOD        APP_WORK

  -------         MODULE        APP_REPEAT_EXE
  C:0000H         SYMBOL        _ICE_DUMMY_
  D:0080H         PUBLIC        P0
  D:0090H         PUBLIC        P1
  D:00A0H         PUBLIC        P2
  D:00B0H         PUBLIC        P3
  C:30D4H         PUBLIC        _Repeat_SetStart
  D:00D8H         PUBLIC        P5
  D:00A8H         PUBLIC        IE
  C:3103H         PUBLIC        app_repeat_IsEnable
  C:3005H         SYMBOL        Repeat_Stop_exe
  D:00B8H         PUBLIC        IP
  C:30E0H         PUBLIC        _Repeat_SetStop
  X:0053H         SYMBOL        g_tRepeat
  D:0098H         PUBLIC        SCON
  D:0088H         PUBLIC        TCON
  D:00F8H         PUBLIC        SCON_1
  C:2B74H         PUBLIC        _Repeat_Start
  D:00E8H         PUBLIC        ADCCON0
  D:00C0H         PUBLIC        I2CON
  D:00C8H         PUBLIC        T2CON
  C:2F27H         PUBLIC        Repeat_Stop
  C:1FB5H         PUBLIC        Repeat_Pro
  C:2FF5H         SYMBOL        Repeat_Start_exe
BL51 BANKED LINKER/LOCATER V6.22                                                      09/03/2017  16:51:00  PAGE 17


  D:00D0H         PUBLIC        PSW
  -------         PROC          _REPEAT_SETSTART
  D:0001H         SYMBOL        fun
  C:30D4H         LINE#         12
  C:30D4H         LINE#         13
  C:30DFH         LINE#         14
  -------         ENDPROC       _REPEAT_SETSTART
  -------         PROC          _REPEAT_SETSTOP
  D:0001H         SYMBOL        fun
  C:30E0H         LINE#         16
  C:30E0H         LINE#         17
  C:30EBH         LINE#         18
  -------         ENDPROC       _REPEAT_SETSTOP
  -------         PROC          REPEAT_START_EXE
  C:2FF5H         LINE#         20
  C:2FF5H         LINE#         21
  C:3001H         LINE#         22
  C:3004H         LINE#         23
  C:3004H         LINE#         24
  -------         ENDPROC       REPEAT_START_EXE
  -------         PROC          REPEAT_STOP_EXE
  C:3005H         LINE#         26
  C:3005H         LINE#         27
  C:3011H         LINE#         28
  C:3014H         LINE#         29
  C:3014H         LINE#         30
  -------         ENDPROC       REPEAT_STOP_EXE
  -------         PROC          _REPEAT_START
  D:0006H         SYMBOL        _usStartTime
  D:0004H         SYMBOL        _usStopTime
  D:0002H         SYMBOL        _usCycle
  C:2B74H         LINE#         42
  C:2B74H         LINE#         43
  C:2B74H         LINE#         44
  C:2B78H         LINE#         46
  C:2B78H         LINE#         48
  C:2B80H         LINE#         49
  C:2B88H         LINE#         50
  C:2B90H         LINE#         51
  C:2B95H         LINE#         52
  C:2B99H         LINE#         53
  C:2B9DH         LINE#         54
  C:2BA2H         LINE#         56
  C:2BA5H         LINE#         57
  -------         ENDPROC       _REPEAT_START
  -------         PROC          REPEAT_STOP
  C:2F27H         LINE#         67
  C:2F27H         LINE#         68
  C:2F2CH         LINE#         69
  C:2F2FH         LINE#         70
  C:2F38H         LINE#         71
  -------         ENDPROC       REPEAT_STOP
  -------         PROC          APP_REPEAT_ISENABLE
  C:3103H         LINE#         75
  C:3103H         LINE#         76
  C:3109H         LINE#         77
  C:310BH         LINE#         78
BL51 BANKED LINKER/LOCATER V6.22                                                      09/03/2017  16:51:00  PAGE 18


  C:310BH         LINE#         79
  C:310CH         LINE#         80
  -------         ENDPROC       APP_REPEAT_ISENABLE
  -------         PROC          REPEAT_PRO
  C:1FB5H         LINE#         90
  C:1FB5H         LINE#         92
  C:1FCCH         LINE#         94
  C:1FCCH         LINE#         96
  C:1FD2H         LINE#         97
  C:1FDEH         LINE#         98
  C:1FDEH         LINE#         99
  C:1FF7H         LINE#         100
  C:1FFAH         LINE#         101
  C:2001H         LINE#         102
  C:2006H         LINE#         103
  C:2006H         LINE#         104
  C:2007H         LINE#         106
  C:2007H         LINE#         107
  C:200FH         LINE#         108
  C:2027H         LINE#         110
  C:2036H         LINE#         111
  C:2049H         LINE#         113
  C:204EH         LINE#         114
  C:204EH         LINE#         116
  C:2054H         LINE#         117
  C:205BH         LINE#         119
  C:205BH         LINE#         120
  C:205BH         LINE#         121
  C:2062H         LINE#         122
  C:2066H         LINE#         124
  C:2069H         LINE#         125
  C:2069H         LINE#         126
  C:2069H         LINE#         128
  -------         ENDPROC       REPEAT_PRO
  -------         ENDMOD        APP_REPEAT_EXE

  -------         MODULE        APP_2D4
  C:0000H         SYMBOL        _ICE_DUMMY_
  D:0080H         PUBLIC        P0
  D:0090H         PUBLIC        P1
  D:00A0H         PUBLIC        P2
  D:00B0H         PUBLIC        P3
  C:2CC0H         PUBLIC        app_2d4_init
  D:00D8H         PUBLIC        P5
  C:3120H         SYMBOL        BT_play_show_lcd_resp
  C:290AH         PUBLIC        app_2d4_1S_pro
  D:00A8H         PUBLIC        IE
  C:2EE6H         SYMBOL        speaker_status_resp
  D:00B8H         PUBLIC        IP
  C:2FAEH         SYMBOL        FM_scanning_show_lcd_resp
  C:2962H         PUBLIC        app_2d4_pro
  C:2FC0H         SYMBOL        FM_ok_show_lcd_resp
  D:0098H         PUBLIC        SCON
  D:0088H         PUBLIC        TCON
  C:3015H         SYMBOL        clear_lcd_resp
  C:3024H         SYMBOL        USB_pause_show_lcd_resp
  C:2231H         SYMBOL        _?ix1000
BL51 BANKED LINKER/LOCATER V6.22                                                      09/03/2017  16:51:00  PAGE 19


  C:2241H         SYMBOL        _?ix1001
  C:2558H         SYMBOL        mode_resp
  D:00F8H         PUBLIC        SCON_1
  C:2EFCH         SYMBOL        relay_status_resp
  I:009DH         SYMBOL        sendBuf
  C:3033H         SYMBOL        USB_time_show_lcd_resp
  I:00ADH         SYMBOL        sendRcv_flag
  D:00E8H         PUBLIC        ADCCON0
  D:00C0H         PUBLIC        I2CON
  C:3132H         SYMBOL        AUX_play_show_lcd_resp
  C:3129H         SYMBOL        AUX_mute_show_lcd_resp
  D:00C8H         PUBLIC        T2CON
  I:00AEH         SYMBOL        rcvBuf
  C:3117H         SYMBOL        BT_pause_show_lcd_resp
  C:001EH         SYMBOL        vol_resp
  C:1234H         SYMBOL        _app_2d4_Rcv
  C:29B8H         PUBLIC        _app_2d4_send
  D:00D0H         PUBLIC        PSW
  -------         PROC          APP_2D4_INIT
  C:2CC0H         LINE#         14
  C:2CC0H         LINE#         16
  C:2CC4H         LINE#         17
  C:2CD0H         LINE#         18
  C:2CDFH         LINE#         20
  C:2CE2H         LINE#         21
  -------         ENDPROC       APP_2D4_INIT
  -------         PROC          _APP_2D4_SEND
  X:0005H         SYMBOL        d
  X:0008H         SYMBOL        len
  C:29B8H         LINE#         26
  C:29C6H         LINE#         28
  C:29CBH         LINE#         30
  C:29CBH         LINE#         32
  C:29CEH         LINE#         33
  C:29D2H         LINE#         35
  C:29EDH         LINE#         36
  C:2A08H         LINE#         37
  C:2A08H         LINE#         39
  -------         ENDPROC       _APP_2D4_SEND
  -------         PROC          SPEAKER_STATUS_RESP
  C:2EE6H         LINE#         40
  C:2EE6H         LINE#         41
  C:2EEEH         LINE#         42
  C:2EF2H         LINE#         43
  C:2EF4H         LINE#         44
  C:2EFBH         LINE#         45
  C:2EFBH         LINE#         47
  -------         ENDPROC       SPEAKER_STATUS_RESP
  -------         PROC          RELAY_STATUS_RESP
  C:2EFCH         LINE#         48
  C:2EFCH         LINE#         49
  C:2F04H         LINE#         50
  C:2F08H         LINE#         51
  C:2F0AH         LINE#         52
  C:2F11H         LINE#         53
  C:2F11H         LINE#         55
  -------         ENDPROC       RELAY_STATUS_RESP
BL51 BANKED LINKER/LOCATER V6.22                                                      09/03/2017  16:51:00  PAGE 20


  -------         PROC          VOL_RESP
  -------         DO            
  X:0008H         SYMBOL        str
  -------         ENDDO         
  C:001EH         LINE#         56
  C:001EH         LINE#         57
  C:0031H         LINE#         59
  C:0052H         LINE#         60
  -------         ENDPROC       VOL_RESP
  -------         PROC          MODE_RESP
  -------         DO            
  X:0076H         SYMBOL        str
  -------         ENDDO         
  C:2558H         LINE#         62
  C:2558H         LINE#         63
  C:256BH         LINE#         65
  C:257EH         LINE#         66
  C:257EH         LINE#         67
  C:2582H         LINE#         68
  C:2584H         LINE#         69
  C:2584H         LINE#         70
  C:2588H         LINE#         71
  C:258AH         LINE#         72
  C:258AH         LINE#         73
  C:258EH         LINE#         74
  C:2590H         LINE#         75
  C:2590H         LINE#         76
  C:2594H         LINE#         77
  C:2594H         LINE#         78
  C:2594H         LINE#         80
  C:25B5H         LINE#         81
  -------         ENDPROC       MODE_RESP
  -------         PROC          CLEAR_LCD_RESP
  C:3015H         LINE#         83
  C:3015H         LINE#         84
  C:301EH         LINE#         86
  C:3021H         LINE#         87
  -------         ENDPROC       CLEAR_LCD_RESP
  -------         PROC          BT_PAUSE_SHOW_LCD_RESP
  C:3117H         LINE#         89
  C:3117H         LINE#         90
  -------         ENDPROC       BT_PAUSE_SHOW_LCD_RESP
  -------         PROC          BT_PLAY_SHOW_LCD_RESP
  C:3120H         LINE#         93
  C:3120H         LINE#         94
  -------         ENDPROC       BT_PLAY_SHOW_LCD_RESP
  -------         PROC          FM_SCANNING_SHOW_LCD_RESP
  C:2FAEH         LINE#         96
  C:2FAEH         LINE#         97
  C:2FB7H         LINE#         98
  C:2FBAH         LINE#         99
  C:2FBDH         LINE#         100
  -------         ENDPROC       FM_SCANNING_SHOW_LCD_RESP
  -------         PROC          FM_OK_SHOW_LCD_RESP
  C:2FC0H         LINE#         103
  C:2FC0H         LINE#         104
  C:2FC9H         LINE#         105
BL51 BANKED LINKER/LOCATER V6.22                                                      09/03/2017  16:51:00  PAGE 21


  C:2FCCH         LINE#         106
  C:2FCFH         LINE#         107
  -------         ENDPROC       FM_OK_SHOW_LCD_RESP
  -------         PROC          AUX_MUTE_SHOW_LCD_RESP
  C:3129H         LINE#         110
  C:3129H         LINE#         111
  -------         ENDPROC       AUX_MUTE_SHOW_LCD_RESP
  -------         PROC          AUX_PLAY_SHOW_LCD_RESP
  C:3132H         LINE#         114
  C:3132H         LINE#         115
  -------         ENDPROC       AUX_PLAY_SHOW_LCD_RESP
  -------         PROC          USB_PAUSE_SHOW_LCD_RESP
  C:3024H         LINE#         118
  C:3024H         LINE#         119
  C:302DH         LINE#         120
  C:3030H         LINE#         121
  -------         ENDPROC       USB_PAUSE_SHOW_LCD_RESP
  -------         PROC          USB_TIME_SHOW_LCD_RESP
  C:3033H         LINE#         124
  C:3033H         LINE#         125
  C:303CH         LINE#         126
  C:303FH         LINE#         127
  -------         ENDPROC       USB_TIME_SHOW_LCD_RESP
  -------         PROC          _APP_2D4_RCV
  X:0002H         SYMBOL        buf
  -------         DO            
  X:0005H         SYMBOL        i
  X:0006H         SYMBOL        index
  X:0007H         SYMBOL        check
  -------         ENDDO         
  C:1234H         LINE#         129
  C:123FH         LINE#         130
  C:1242H         LINE#         131
  C:1244H         LINE#         132
  C:1246H         LINE#         134
  C:1250H         LINE#         136
  C:1253H         LINE#         137
  C:126CH         LINE#         139
  C:126CH         LINE#         140
  C:1298H         LINE#         141
  C:12ADH         LINE#         142
  C:12B5H         LINE#         143
  C:12DBH         LINE#         145
  C:12DBH         LINE#         148
  C:12EAH         LINE#         149
  C:12EFH         LINE#         150
  C:131EH         LINE#         151
  C:131EH         LINE#         153
  C:131EH         LINE#         154
  C:131EH         LINE#         156
  C:1328H         LINE#         157
  C:132CH         LINE#         158
  C:1332H         LINE#         159
  C:1332H         LINE#         161
  C:1332H         LINE#         162
  C:1335H         LINE#         163
  C:1339H         LINE#         164
BL51 BANKED LINKER/LOCATER V6.22                                                      09/03/2017  16:51:00  PAGE 22


  C:133FH         LINE#         165
  C:133FH         LINE#         167
  C:133FH         LINE#         168
  C:133FH         LINE#         170
  C:1342H         LINE#         171
  C:1342H         LINE#         173
  C:1358H         LINE#         174
  C:135CH         LINE#         175
  C:135EH         LINE#         176
  C:1362H         LINE#         177
  C:1362H         LINE#         179
  C:1368H         LINE#         180
  C:1368H         LINE#         182
  C:1368H         LINE#         184
  C:136BH         LINE#         185
  C:136BH         LINE#         187
  C:136BH         LINE#         188
  C:136BH         LINE#         190
  C:136BH         LINE#         191
  C:136BH         LINE#         192
  C:136BH         LINE#         193
  C:136BH         LINE#         194
  C:137FH         LINE#         196
  C:1385H         LINE#         197
  C:1385H         LINE#         199
  C:1385H         LINE#         200
  C:1387H         LINE#         201
  C:1387H         LINE#         202
  C:139BH         LINE#         204
  C:13A1H         LINE#         205
  C:13A1H         LINE#         207
  C:13A1H         LINE#         208
  C:13A3H         LINE#         209
  C:13A3H         LINE#         211
  C:13B7H         LINE#         213
  C:13D0H         LINE#         214
  C:13D0H         LINE#         215
  C:13F5H         LINE#         216
  C:13FBH         LINE#         217
  C:1402H         LINE#         218
  C:140BH         LINE#         219
  C:1415H         LINE#         220
  C:1418H         LINE#         221
  C:141CH         LINE#         222
  C:141CH         LINE#         223
  C:141CH         LINE#         224
  C:141CH         LINE#         225
  C:141FH         LINE#         226
  C:141FH         LINE#         227
  C:144FH         LINE#         228
  C:1455H         LINE#         229
  C:145CH         LINE#         230
  C:1465H         LINE#         231
  C:146DH         LINE#         232
  C:1470H         LINE#         233
  C:1477H         LINE#         234
  C:1480H         LINE#         235
BL51 BANKED LINKER/LOCATER V6.22                                                      09/03/2017  16:51:00  PAGE 23


  C:148AH         LINE#         236
  C:148AH         LINE#         237
  C:148DH         LINE#         238
  C:148DH         LINE#         239
  C:14BEH         LINE#         240
  C:14C4H         LINE#         241
  C:14C8H         LINE#         242
  C:14C8H         LINE#         243
  C:14C8H         LINE#         244
  C:14CAH         LINE#         245
  C:14D1H         LINE#         246
  C:14DAH         LINE#         247
  C:14E2H         LINE#         248
  C:14E2H         LINE#         250
  C:14E4H         LINE#         251
  C:14E4H         LINE#         252
  C:1514H         LINE#         253
  C:151AH         LINE#         254
  C:1521H         LINE#         255
  C:152AH         LINE#         256
  C:1536H         LINE#         257
  C:1538H         LINE#         258
  C:153FH         LINE#         259
  C:1548H         LINE#         260
  C:1554H         LINE#         261
  C:1554H         LINE#         262
  C:1556H         LINE#         263
  C:1556H         LINE#         265
  C:1556H         LINE#         266
  C:1556H         LINE#         267
  C:156AH         LINE#         269
  C:157AH         LINE#         270
  C:157AH         LINE#         271
  C:157DH         LINE#         274
  C:1580H         LINE#         275
  C:1580H         LINE#         277
  C:1580H         LINE#         279
  C:1582H         LINE#         280
  C:1582H         LINE#         282
  C:1585H         LINE#         283
  C:1588H         LINE#         285
  C:158BH         LINE#         287
  C:158BH         LINE#         289
  C:158DH         LINE#         290
  C:158DH         LINE#         291
  C:1590H         LINE#         293
  C:1593H         LINE#         296
  C:1596H         LINE#         297
  C:1599H         LINE#         299
  C:159BH         LINE#         300
  C:159BH         LINE#         301
  C:159EH         LINE#         303
  C:15A1H         LINE#         305
  C:15A4H         LINE#         308
  C:15A7H         LINE#         309
  C:15A7H         LINE#         310
  C:15A7H         LINE#         311
BL51 BANKED LINKER/LOCATER V6.22                                                      09/03/2017  16:51:00  PAGE 24


  C:15A7H         LINE#         312
  C:15A7H         LINE#         313
  C:15ADH         LINE#         314
  C:15AFH         LINE#         316
  C:15AFH         LINE#         318
  -------         ENDPROC       _APP_2D4_RCV
  -------         PROC          APP_2D4_PRO
  C:2962H         LINE#         320
  C:2962H         LINE#         321
  C:2967H         LINE#         323
  C:2977H         LINE#         324
  C:2977H         LINE#         326
  C:297AH         LINE#         327
  C:297DH         LINE#         329
  C:2981H         LINE#         330
  C:2984H         LINE#         334
  C:2984H         LINE#         335
  C:2984H         LINE#         337
  C:2984H         LINE#         338
  C:2984H         LINE#         339
  C:2986H         LINE#         340
  C:2986H         LINE#         342
  C:2989H         LINE#         343
  C:298CH         LINE#         344
  C:298CH         LINE#         345
  C:298CH         LINE#         347
  C:2997H         LINE#         349
  C:2997H         LINE#         350
  C:2997H         LINE#         352
  C:2997H         LINE#         353
  C:29A5H         LINE#         357
  C:29A8H         LINE#         358
  C:29ABH         LINE#         359
  C:29AEH         LINE#         361
  C:29B7H         LINE#         362
  C:29B7H         LINE#         364
  C:29B7H         LINE#         366
  -------         ENDPROC       APP_2D4_PRO
  -------         PROC          APP_2D4_1S_PRO
  C:290AH         LINE#         368
  C:290AH         LINE#         370
  C:291DH         LINE#         371
  C:291DH         LINE#         373
  C:2923H         LINE#         374
  C:2923H         LINE#         376
  C:2923H         LINE#         377
  C:2923H         LINE#         379
  C:2925H         LINE#         380
  C:2925H         LINE#         381
  C:2930H         LINE#         382
  C:2933H         LINE#         383
  C:2936H         LINE#         385
  C:2939H         LINE#         386
  C:2939H         LINE#         387
  C:2939H         LINE#         388
  C:2944H         LINE#         389
  C:2947H         LINE#         390
BL51 BANKED LINKER/LOCATER V6.22                                                      09/03/2017  16:51:00  PAGE 25


  C:294AH         LINE#         391
  C:294DH         LINE#         392
  C:294DH         LINE#         393
  C:294DH         LINE#         394
  C:2958H         LINE#         395
  C:295BH         LINE#         396
  C:295EH         LINE#         398
  C:2961H         LINE#         399
  C:2961H         LINE#         400
  C:2961H         LINE#         402
  -------         ENDPROC       APP_2D4_1S_PRO
  -------         ENDMOD        APP_2D4

  -------         MODULE        APP_LCD
  C:0000H         SYMBOL        _ICE_DUMMY_
  D:0080H         PUBLIC        P0
  D:0090H         PUBLIC        P1
  D:00A0H         PUBLIC        P2
  D:00B0H         PUBLIC        P3
  D:00D8H         PUBLIC        P5
  C:3042H         PUBLIC        app_lcd_pro
  D:00A8H         PUBLIC        IE
  D:00B8H         PUBLIC        IP
  D:0098H         PUBLIC        SCON
  D:0088H         PUBLIC        TCON
  D:00F8H         PUBLIC        SCON_1
  C:2D73H         PUBLIC        _app_lcd_default_string_set
  D:00E8H         PUBLIC        ADCCON0
  D:00C0H         PUBLIC        I2CON
  D:00C8H         PUBLIC        T2CON
  C:2ECEH         PUBLIC        app_lcd_init
  X:0086H         SYMBOL        lcd_default_string
  D:00D0H         PUBLIC        PSW
  -------         PROC          APP_LCD_INIT
  C:2ECEH         LINE#         13
  C:2ECEH         LINE#         14
  -------         ENDPROC       APP_LCD_INIT
  -------         PROC          _APP_LCD_DEFAULT_STRING_SET
  D:0001H         SYMBOL        s
  X:00C9H         SYMBOL        len
  C:2D73H         LINE#         20
  C:2D78H         LINE#         21
  C:2D84H         LINE#         22
  C:2D93H         LINE#         23
  -------         ENDPROC       _APP_LCD_DEFAULT_STRING_SET
  -------         PROC          APP_LCD_PRO
  C:3042H         LINE#         25
  C:3042H         LINE#         27
  C:3047H         LINE#         29
  C:3050H         LINE#         31
  C:3050H         LINE#         33
  -------         ENDPROC       APP_LCD_PRO
  -------         ENDMOD        APP_LCD

  -------         MODULE        BSP
  C:0000H         SYMBOL        _ICE_DUMMY_
  D:0080H         PUBLIC        P0
BL51 BANKED LINKER/LOCATER V6.22                                                      09/03/2017  16:51:00  PAGE 26


  D:0090H         PUBLIC        P1
  D:00A0H         PUBLIC        P2
  D:00B0H         PUBLIC        P3
  D:00D8H         PUBLIC        P5
  B:00A8H.7       PUBLIC        EA
  D:00A8H         PUBLIC        IE
  D:00B8H         PUBLIC        IP
  B:0021H.1       PUBLIC        BIT_TMP
  D:0098H         PUBLIC        SCON
  D:0088H         PUBLIC        TCON
  C:2E4BH         PUBLIC        bsp_Init
  D:00F8H         PUBLIC        SCON_1
  D:00E8H         PUBLIC        ADCCON0
  D:00C0H         PUBLIC        I2CON
  D:00C8H         PUBLIC        T2CON
  D:00D0H         PUBLIC        PSW
  -------         PROC          BSP_INIT
  C:2E4BH         LINE#         5
  C:2E4BH         LINE#         10
  C:2E4EH         LINE#         12
  C:2E51H         LINE#         13
  C:2E54H         LINE#         14
  C:2E57H         LINE#         15
  C:2E5AH         LINE#         17
  C:2E5DH         LINE#         18
  C:2E60H         LINE#         23
  C:2E63H         LINE#         25
  C:2E65H         LINE#         27
  -------         ENDPROC       BSP_INIT
  -------         ENDMOD        BSP

  -------         MODULE        BSP_KEY
  C:0000H         SYMBOL        _ICE_DUMMY_
  D:00B1H         PUBLIC        P0M1
  D:00B2H         PUBLIC        P0M2
  D:0080H         PUBLIC        P0
  D:0090H         PUBLIC        P1
  D:00A0H         PUBLIC        P2
  C:24FAH         SYMBOL        _IsKeyDown
  D:00B0H         PUBLIC        P3
  D:00D8H         PUBLIC        P5
  C:2F3BH         PUBLIC        _bsp_PutKey
  D:00A8H         PUBLIC        IE
  C:206AH         SYMBOL        bsp_InitKeyVar
  X:00A1H         PUBLIC        pBtn
  D:00B8H         PUBLIC        IP
  C:2FD2H         SYMBOL        IsKeyDown_1AND6
  C:2E2FH         PUBLIC        bsp_GetKey2
  C:1915H         SYMBOL        _bsp_DetectKey
  B:0080H.2       PUBLIC        P02
  C:313BH         SYMBOL        IsKeyDown1
  D:0098H         PUBLIC        SCON
  C:3051H         SYMBOL        IsKeyDown2
  D:0088H         PUBLIC        TCON
  C:3060H         SYMBOL        IsKeyDown3
  C:306FH         SYMBOL        IsKeyDown4
  C:30ABH         SYMBOL        IsKeyDown5
BL51 BANKED LINKER/LOCATER V6.22                                                      09/03/2017  16:51:00  PAGE 27


  C:3216H         SYMBOL        IsKeyDown6
  C:321CH         SYMBOL        IsKeyDown7
  C:307EH         SYMBOL        IsKeyDown8
  C:308DH         SYMBOL        IsKeyDown9
  C:3228H         PUBLIC        bsp_ClearKey
  X:00A4H         PUBLIC        min
  D:00F8H         PUBLIC        SCON_1
  X:00A6H         PUBLIC        max
  C:2E66H         PUBLIC        bsp_KeyScan
  D:00E8H         PUBLIC        ADCCON0
  D:00C0H         PUBLIC        I2CON
  D:00C8H         PUBLIC        T2CON
  C:3222H         PUBLIC        bsp_InitKey
  C:3184H         SYMBOL        bsp_InitKeyHard
  I:0022H         SYMBOL        s_tBtn
  I:0090H         SYMBOL        s_tKey
  C:2E13H         PUBLIC        bsp_GetKey
  C:2CE5H         PUBLIC        _bsp_SetKeyParam
  C:30F8H         PUBLIC        _bsp_GetKeyState
  D:00D0H         PUBLIC        PSW
  -------         PROC          ISKEYDOWN1
  C:313BH         LINE#         46
  C:313BH         LINE#         47
  C:313EH         LINE#         48
  C:3141H         LINE#         49
  C:3141H         LINE#         50
  C:3143H         LINE#         51
  C:3143H         LINE#         52
  -------         ENDPROC       ISKEYDOWN1
  -------         PROC          L?0067
  -------         ENDPROC       L?0067
  -------         PROC          _ISKEYDOWN
  D:0006H         SYMBOL        key_ad
  D:0004H         SYMBOL        result_ad
  C:24FAH         LINE#         55
  C:24FAH         LINE#         57
  C:251FH         LINE#         58
  C:253EH         LINE#         60
  C:2557H         LINE#         61
  -------         ENDPROC       _ISKEYDOWN
  -------         PROC          ISKEYDOWN2
  C:3051H         LINE#         64
  C:3051H         LINE#         66
  C:305FH         LINE#         67
  -------         ENDPROC       ISKEYDOWN2
  -------         PROC          ISKEYDOWN3
  C:3060H         LINE#         69
  C:3060H         LINE#         70
  C:306EH         LINE#         71
  -------         ENDPROC       ISKEYDOWN3
  -------         PROC          ISKEYDOWN4
  C:306FH         LINE#         73
  C:306FH         LINE#         74
  C:307DH         LINE#         75
  -------         ENDPROC       ISKEYDOWN4
  -------         PROC          ISKEYDOWN5
  C:30ABH         LINE#         77
BL51 BANKED LINKER/LOCATER V6.22                                                      09/03/2017  16:51:00  PAGE 28


  C:30ABH         LINE#         79
  C:30B8H         LINE#         80
  -------         ENDPROC       ISKEYDOWN5
  -------         PROC          ISKEYDOWN6
  C:3216H         LINE#         82
  C:3216H         LINE#         83
  C:321BH         LINE#         84
  -------         ENDPROC       ISKEYDOWN6
  -------         PROC          ISKEYDOWN7
  C:321CH         LINE#         86
  C:321CH         LINE#         87
  C:3221H         LINE#         88
  -------         ENDPROC       ISKEYDOWN7
  -------         PROC          ISKEYDOWN8
  C:307EH         LINE#         90
  C:307EH         LINE#         91
  C:308CH         LINE#         92
  -------         ENDPROC       ISKEYDOWN8
  -------         PROC          ISKEYDOWN9
  C:308DH         LINE#         94
  C:308DH         LINE#         95
  C:309BH         LINE#         96
  -------         ENDPROC       ISKEYDOWN9
  -------         PROC          ISKEYDOWN_1AND6
  C:2FD2H         LINE#         98
  C:2FD2H         LINE#         99
  C:2FDEH         LINE#         100
  C:2FE1H         LINE#         101
  C:2FE1H         LINE#         102
  C:2FE3H         LINE#         103
  C:2FE3H         LINE#         105
  -------         ENDPROC       ISKEYDOWN_1AND6
  -------         PROC          BSP_INITKEY
  C:3222H         LINE#         114
  C:3222H         LINE#         115
  C:3225H         LINE#         116
  -------         ENDPROC       BSP_INITKEY
  -------         PROC          _BSP_PUTKEY
  D:0007H         SYMBOL        _KeyCode
  C:2F3BH         LINE#         127
  C:2F3BH         LINE#         128
  C:2F43H         LINE#         130
  C:2F4CH         LINE#         131
  C:2F4EH         LINE#         132
  C:2F4EH         LINE#         133
  -------         ENDPROC       _BSP_PUTKEY
  -------         PROC          BSP_GETKEY
  -------         DO            
  D:0007H         SYMBOL        ret
  -------         ENDDO         
  C:2E13H         LINE#         143
  C:2E13H         LINE#         146
  C:2E1BH         LINE#         147
  C:2E1DH         LINE#         148
  C:2E1DH         LINE#         149
  C:2E23H         LINE#         151
  C:2E2CH         LINE#         152
BL51 BANKED LINKER/LOCATER V6.22                                                      09/03/2017  16:51:00  PAGE 29


  C:2E2EH         LINE#         153
  C:2E2EH         LINE#         154
  C:2E2EH         LINE#         155
  C:2E2EH         LINE#         156
  -------         ENDPROC       BSP_GETKEY
  -------         PROC          BSP_GETKEY2
  -------         DO            
  D:0007H         SYMBOL        ret
  -------         ENDDO         
  C:2E2FH         LINE#         166
  C:2E2FH         LINE#         169
  C:2E37H         LINE#         170
  C:2E39H         LINE#         171
  C:2E39H         LINE#         172
  C:2E3FH         LINE#         174
  C:2E48H         LINE#         175
  C:2E4AH         LINE#         176
  C:2E4AH         LINE#         177
  C:2E4AH         LINE#         178
  C:2E4AH         LINE#         179
  -------         ENDPROC       BSP_GETKEY2
  -------         PROC          _BSP_GETKEYSTATE
  D:0007H         SYMBOL        _ucKeyID
  C:30F8H         LINE#         189
  C:30F8H         LINE#         190
  C:3102H         LINE#         191
  -------         ENDPROC       _BSP_GETKEYSTATE
  -------         PROC          _BSP_SETKEYPARAM
  D:0007H         SYMBOL        _ucKeyID
  D:0004H         SYMBOL        _LongTime
  D:0003H         SYMBOL        _RepeatSpeed
  C:2CE5H         LINE#         203
  C:2CE5H         LINE#         204
  C:2CF2H         LINE#         205
  C:2CFEH         LINE#         206
  C:2D08H         LINE#         207
  -------         ENDPROC       _BSP_SETKEYPARAM
  -------         PROC          BSP_CLEARKEY
  C:3228H         LINE#         217
  C:3228H         LINE#         218
  C:322DH         LINE#         219
  -------         ENDPROC       BSP_CLEARKEY
  -------         PROC          BSP_INITKEYHARD
  C:3184H         LINE#         229
  C:3184H         LINE#         231
  C:3187H         LINE#         232
  C:318AH         LINE#         234
  -------         ENDPROC       BSP_INITKEYHARD
  -------         PROC          BSP_INITKEYVAR
  -------         DO            
  D:0007H         SYMBOL        i
  -------         ENDDO         
  C:206AH         LINE#         244
  C:206AH         LINE#         249
  C:206EH         LINE#         250
  C:2070H         LINE#         251
  C:2072H         LINE#         254
BL51 BANKED LINKER/LOCATER V6.22                                                      09/03/2017  16:51:00  PAGE 30


  C:2073H         LINE#         255
  C:2080H         LINE#         256
  C:208AH         LINE#         257
  C:2094H         LINE#         261
  C:209EH         LINE#         262
  C:20A8H         LINE#         263
  C:20ADH         LINE#         266
  C:20B7H         LINE#         267
  C:20C1H         LINE#         268
  C:20CBH         LINE#         269
  C:20D5H         LINE#         270
  C:20DFH         LINE#         271
  C:20E9H         LINE#         272
  C:20F3H         LINE#         273
  C:20FDH         LINE#         274
  C:2107H         LINE#         275
  C:2111H         LINE#         276
  -------         ENDPROC       BSP_INITKEYVAR
  -------         PROC          _BSP_DETECTKEY
  X:0003H         SYMBOL        i
  C:1915H         LINE#         287
  C:191AH         LINE#         288
  C:192EH         LINE#         289
  C:193AH         LINE#         290
  C:1951H         LINE#         291
  C:1956H         LINE#         292
  C:195FH         LINE#         293
  C:1967H         LINE#         294
  C:1967H         LINE#         295
  C:196FH         LINE#         296
  C:1976H         LINE#         299
  C:1983H         LINE#         300
  C:1983H         LINE#         302
  C:19A2H         LINE#         303
  C:19AFH         LINE#         305
  C:19C6H         LINE#         307
  C:19D0H         LINE#         308
  C:19D0H         LINE#         309
  C:19D2H         LINE#         310
  C:19E1H         LINE#         311
  C:19EDH         LINE#         312
  C:19F4H         LINE#         314
  C:1A01H         LINE#         315
  C:1A01H         LINE#         316
  C:1A01H         LINE#         317
  C:1A01H         LINE#         318
  C:1A01H         LINE#         319
  C:1A01H         LINE#         320
  C:1A01H         LINE#         321
  C:1A18H         LINE#         322
  C:1A20H         LINE#         323
  C:1A25H         LINE#         324
  C:1A2DH         LINE#         325
  C:1A2FH         LINE#         326
  C:1A38H         LINE#         327
  C:1A3FH         LINE#         330
  C:1A4DH         LINE#         331
BL51 BANKED LINKER/LOCATER V6.22                                                      09/03/2017  16:51:00  PAGE 31


  C:1A4DH         LINE#         332
  C:1A4DH         LINE#         333
  C:1A61H         LINE#         334
  C:1A68H         LINE#         335
  C:1A68H         LINE#         336
  -------         ENDPROC       _BSP_DETECTKEY
  -------         PROC          BSP_KEYSCAN
  -------         DO            
  X:0002H         SYMBOL        i
  -------         ENDDO         
  C:2E66H         LINE#         346
  C:2E66H         LINE#         349
  C:2E75H         LINE#         350
[...]
  -------         PROC          _INITIALUART0_TIMER1_TYPE4
  D:0004H         SYMBOL        u32Baudrate
  C:2BD0H         LINE#         200
  C:2BD0H         LINE#         201
  C:2BD0H         LINE#         202
  C:2BD3H         LINE#         203
  C:2BD6H         LINE#         205
  C:2BD9H         LINE#         206
  C:2BDCH         LINE#         207
  C:2BDFH         LINE#         210
  C:2BF7H         LINE#         215
  C:2BF9H         LINE#         216
  -------         ENDPROC       _INITIALUART0_TIMER1_TYPE4
  -------         PROC          _INITIALUART0_TIMER3_TYPE5
  X:00ADH         SYMBOL        u32Baudrate
  C:25BEH         LINE#         218
  C:25C4H         LINE#         219
  C:25C4H         LINE#         220
  C:25C7H         LINE#         221
  C:25CAH         LINE#         222
  C:25CDH         LINE#         223
  C:25D0H         LINE#         226
  C:25FEH         LINE#         227
  C:261DH         LINE#         233
  C:2620H         LINE#         234
  -------         ENDPROC       _INITIALUART0_TIMER3_TYPE5
  -------         PROC          _INITIALUART0_TIMER3_TYPE6
  X:00B1H         SYMBOL        u32Baudrate
  C:2621H         LINE#         236
BL51 BANKED LINKER/LOCATER V6.22                                                      09/03/2017  16:51:00  PAGE 64


  C:2627H         LINE#         237
  C:2627H         LINE#         238
  C:262AH         LINE#         239
  C:262DH         LINE#         240
  C:2630H         LINE#         241
  C:2633H         LINE#         244
  C:2661H         LINE#         245
  C:2680H         LINE#         251
  C:2683H         LINE#         252
  -------         ENDPROC       _INITIALUART0_TIMER3_TYPE6
  -------         PROC          _INITIALUART1_TIMER3
  X:00B5H         SYMBOL        u32Baudrate
  C:2744H         LINE#         254
  C:274AH         LINE#         255
  C:274AH         LINE#         256
  C:274DH         LINE#         257
  C:2750H         LINE#         260
  C:277EH         LINE#         261
  C:279DH         LINE#         267
  C:27A0H         LINE#         268
  -------         ENDPROC       _INITIALUART1_TIMER3
  -------         PROC          RECEIVE_DATA_FROM_UART0
  -------         DO            
  D:0007H         SYMBOL        c
  -------         ENDDO         
  C:3156H         LINE#         280
  C:3156H         LINE#         283
  C:3159H         LINE#         285
  C:315BH         LINE#         286
  C:315DH         LINE#         287
  C:315DH         LINE#         288
  -------         ENDPROC       RECEIVE_DATA_FROM_UART0
  -------         PROC          _SEND_DATA_TO_UART0
  D:0007H         SYMBOL        c
  C:315EH         LINE#         300
  C:315EH         LINE#         301
  C:3160H         LINE#         302
  C:3162H         LINE#         303
  C:3165H         LINE#         305
  -------         ENDPROC       _SEND_DATA_TO_UART0
  -------         PROC          RECEIVE_DATA_FROM_UART1
  -------         DO            
  D:0007H         SYMBOL        c
  -------         ENDDO         
  C:3166H         LINE#         317
  C:3166H         LINE#         320
  C:3169H         LINE#         322
  C:316BH         LINE#         323
  C:316DH         LINE#         324
  C:316DH         LINE#         325
  -------         ENDPROC       RECEIVE_DATA_FROM_UART1
  -------         PROC          _SEND_DATA_TO_UART1
  D:0007H         SYMBOL        c
  C:316EH         LINE#         337
  C:316EH         LINE#         338
  C:3170H         LINE#         339
  C:3172H         LINE#         340
BL51 BANKED LINKER/LOCATER V6.22                                                      09/03/2017  16:51:00  PAGE 65


  C:3175H         LINE#         342
  -------         ENDPROC       _SEND_DATA_TO_UART1
  -------         PROC          SET_ALL_GPIO_QUASI_MODE
  C:2E81H         LINE#         344
  C:2E81H         LINE#         345
  C:2E84H         LINE#         346
  C:2E86H         LINE#         347
  C:2E88H         LINE#         348
  C:2E8AH         LINE#         349
  C:2E8CH         LINE#         350
  C:2E8EH         LINE#         351
  C:2E90H         LINE#         352
  C:2E92H         LINE#         353
  C:2E94H         LINE#         354
  C:2E96H         LINE#         355
  C:2E98H         LINE#         356
  C:2E9AH         LINE#         357
  -------         ENDPROC       SET_ALL_GPIO_QUASI_MODE
  -------         PROC          SET_ALL_GPIO_INPUT_MODE
  C:2DD6H         LINE#         359
  C:2DD6H         LINE#         360
  C:2DD9H         LINE#         361
  C:2DDCH         LINE#         362
  C:2DDFH         LINE#         363
  C:2DE1H         LINE#         364
  C:2DE4H         LINE#         365
  C:2DE6H         LINE#         366
  C:2DE9H         LINE#         367
  C:2DEBH         LINE#         368
  C:2DEEH         LINE#         369
  C:2DF0H         LINE#         370
  C:2DF3H         LINE#         371
  C:2DF5H         LINE#         372
  -------         ENDPROC       SET_ALL_GPIO_INPUT_MODE
  -------         PROC          SW_RESET
  C:2E9BH         LINE#         375
  C:2E9BH         LINE#         376
  C:2E9EH         LINE#         377
  C:2EA1H         LINE#         378
  C:2EB4H         LINE#         380
  -------         ENDPROC       SW_RESET
  -------         PROC          FSYS_CLOCK_OUTPUT_ON_P26
  C:3240H         LINE#         382
  C:3240H         LINE#         383
  C:3243H         LINE#         384
  -------         ENDPROC       FSYS_CLOCK_OUTPUT_ON_P26
  -------         PROC          _PUTCHAR
  D:0007H         SYMBOL        c
  C:2ACEH         LINE#         393
  C:2ACEH         LINE#         431
  C:2AD3H         LINE#         432
  C:2AD6H         LINE#         433
  C:2ADBH         LINE#         434
  C:2ADBH         LINE#         435
  C:2ADDH         LINE#         436
  C:2AE0H         LINE#         438
  C:2AE5H         LINE#         439
BL51 BANKED LINKER/LOCATER V6.22                                                      09/03/2017  16:51:00  PAGE 66


  C:2AE7H         LINE#         440
  C:2AE7H         LINE#         441
  C:2AE7H         LINE#         442
  C:2AEAH         LINE#         444
  C:2AECH         LINE#         445
  C:2AEFH         LINE#         446
  C:2AEFH         LINE#         447
  C:2AF2H         LINE#         448
  C:2AF7H         LINE#         449
  C:2AF7H         LINE#         450
  C:2AF9H         LINE#         451
  C:2AFCH         LINE#         453
  C:2B01H         LINE#         454
  C:2B03H         LINE#         455
  C:2B03H         LINE#         456
  C:2B03H         LINE#         457
  C:2B06H         LINE#         459
  C:2B08H         LINE#         460
  C:2B0AH         LINE#         462
  -------         ENDPROC       _PUTCHAR
  -------         ENDMOD        COMMON

  -------         MODULE        DELAY
  C:0000H         SYMBOL        _ICE_DUMMY_
  D:0080H         PUBLIC        P0
  D:0090H         PUBLIC        P1
  D:00A0H         PUBLIC        P2
  D:00B0H         PUBLIC        P3
  D:008FH         PUBLIC        WKCON
  D:00D8H         PUBLIC        P5
  D:00A8H         PUBLIC        IE
  D:00B8H         PUBLIC        IP
  C:2858H         PUBLIC        _Timer0_Delay1ms
  C:28B1H         PUBLIC        _Timer1_Delay1ms
  C:27FDH         PUBLIC        _Timer3_Delay1ms
  D:0098H         PUBLIC        SCON
  D:0089H         PUBLIC        TMOD
  D:0088H         PUBLIC        TCON
  C:2377H         PUBLIC        _?Random_Delay
  C:2DB5H         PUBLIC        _Delay10us
  D:00F8H         PUBLIC        SCON_1
  B:0088H.5       PUBLIC        TF0
  B:0088H.7       PUBLIC        TF1
  D:008CH         PUBLIC        TH0
  D:00C6H         PUBLIC        R3H
  D:008DH         PUBLIC        TH1
  D:008AH         PUBLIC        TL0
  C:2684H         PUBLIC        _WakeUp_Timer_Delay25ms
  D:00C5H         PUBLIC        R3L
  D:008BH         PUBLIC        TL1
  B:0088H.4       PUBLIC        TR0
  B:0088H.6       PUBLIC        TR1
  D:00E8H         PUBLIC        ADCCON0
  D:00C0H         PUBLIC        I2CON
  D:00C8H         PUBLIC        T2CON
  D:00C4H         PUBLIC        T3CON
  D:008EH         PUBLIC        CKCON
BL51 BANKED LINKER/LOCATER V6.22                                                      09/03/2017  16:51:00  PAGE 67


  D:0086H         PUBLIC        RWK
  D:00D0H         PUBLIC        PSW
  -------         PROC          _?RANDOM_DELAY
  -------         DO            
  x:0000H         SYMBOL        u32CNT
  x:0004H         SYMBOL        u32Tmp
  -------         ENDDO         
  C:2377H         LINE#         36
  C:237DH         LINE#         37
  C:237DH         LINE#         41
  C:23A8H         LINE#         42
  C:23A8H         LINE#         43
  C:23CDH         LINE#         44
  C:23F4H         LINE#         45
  -------         ENDPROC       _?RANDOM_DELAY
  -------         PROC          _DELAY10US
  D:0006H         SYMBOL        u16CNT
  C:2DB5H         LINE#         47
  C:2DB5H         LINE#         48
  C:2DB8H         LINE#         49
  C:2DBBH         LINE#         50
  C:2DBDH         LINE#         51
  C:2DC1H         LINE#         52
  C:2DC4H         LINE#         53
  C:2DC7H         LINE#         54
  C:2DCAH         LINE#         56
  C:2DCCH         LINE#         57
  C:2DD1H         LINE#         58
  C:2DD3H         LINE#         59
  C:2DD5H         LINE#         60
  -------         ENDPROC       _DELAY10US
  -------         PROC          _TIMER0_DELAY1MS
  X:00B9H         SYMBOL        u32CNT
  C:2858H         LINE#         62
  C:285EH         LINE#         63
  C:2861H         LINE#         64
  C:2864H         LINE#         65
  C:2866H         LINE#         66
  C:287FH         LINE#         67
  C:2882H         LINE#         68
  C:2885H         LINE#         69
  C:2888H         LINE#         71
  C:288AH         LINE#         72
  C:28ACH         LINE#         73
  C:28AEH         LINE#         74
  C:28B0H         LINE#         75
  -------         ENDPROC       _TIMER0_DELAY1MS
  -------         PROC          _TIMER1_DELAY1MS
  X:00BDH         SYMBOL        u32CNT
  C:28B1H         LINE#         77
  C:28B7H         LINE#         78
  C:28BAH         LINE#         79
  C:28BDH         LINE#         80
  C:28BFH         LINE#         81
  C:28D8H         LINE#         82
  C:28DBH         LINE#         83
  C:28DEH         LINE#         84
BL51 BANKED LINKER/LOCATER V6.22                                                      09/03/2017  16:51:00  PAGE 68


  C:28E1H         LINE#         86
  C:28E3H         LINE#         87
  C:2905H         LINE#         88
  C:2907H         LINE#         89
  C:2909H         LINE#         90
  -------         ENDPROC       _TIMER1_DELAY1MS
  -------         PROC          _TIMER3_DELAY1MS
  X:00C1H         SYMBOL        u32CNT
  C:27FDH         LINE#         92
  C:2803H         LINE#         93
  C:2806H         LINE#         94
  C:2809H         LINE#         95
  C:2822H         LINE#         96
  C:2825H         LINE#         97
  C:2828H         LINE#         98
  C:282DH         LINE#         100
  C:2830H         LINE#         101
  C:2852H         LINE#         102
  C:2854H         LINE#         103
  C:2857H         LINE#         104
  -------         ENDPROC       _TIMER3_DELAY1MS
  -------         PROC          _WAKEUP_TIMER_DELAY25MS
  X:00C5H         SYMBOL        u32CNT
  C:2684H         LINE#         106
  C:268AH         LINE#         107
  C:268AH         LINE#         108
  C:268DH         LINE#         109
  C:2690H         LINE#         110
  C:2693H         LINE#         112
  C:2696H         LINE#         114
  C:2699H         LINE#         115
  C:269CH         LINE#         116
  C:26B5H         LINE#         117
  C:26BAH         LINE#         119
  C:26BDH         LINE#         120
  C:26DFH         LINE#         121
  C:26E1H         LINE#         122
  C:26E4H         LINE#         123
  -------         ENDPROC       _WAKEUP_TIMER_DELAY25MS
  -------         ENDMOD        DELAY

  -------         MODULE        VERSION
  C:0000H         SYMBOL        _ICE_DUMMY_
  D:0080H         PUBLIC        P0
  D:0090H         PUBLIC        P1
  D:00A0H         PUBLIC        P2
  D:00B0H         PUBLIC        P3
  D:00D8H         PUBLIC        P5
  D:00A8H         PUBLIC        IE
  D:00B8H         PUBLIC        IP
  D:0098H         PUBLIC        SCON
  D:0088H         PUBLIC        TCON
  D:00F8H         PUBLIC        SCON_1
  C:26E5H         PUBLIC        Show_FW_Version_Number_To_PC
  D:00E8H         PUBLIC        ADCCON0
  D:00C0H         PUBLIC        I2CON
  D:00C8H         PUBLIC        T2CON
BL51 BANKED LINKER/LOCATER V6.22                                                      09/03/2017  16:51:00  PAGE 69


  D:00D0H         PUBLIC        PSW
  -------         PROC          SHOW_FW_VERSION_NUMBER_TO_PC
  C:26E5H         LINE#         32
  C:26E5H         LINE#         33
  C:26E5H         LINE#         34
  C:26EEH         LINE#         35
  C:26F7H         LINE#         36
  C:2700H         LINE#         37
  C:271AH         LINE#         38
  C:273BH         LINE#         39
  -------         ENDPROC       SHOW_FW_VERSION_NUMBER_TO_PC
  -------         ENDMOD        VERSION

  -------         MODULE        ?C_STARTUP
  C:2251H         SEGMENT       ?C_C51STARTUP
  I:00C8H         SEGMENT       ?STACK
  C:0000H         PUBLIC        ?C_STARTUP
  D:00E0H         SYMBOL        ACC
  D:00F0H         SYMBOL        B
  D:0083H         SYMBOL        DPH
  D:0082H         SYMBOL        DPL
  N:0000H         SYMBOL        IBPSTACK
  N:0100H         SYMBOL        IBPSTACKTOP
  N:0080H         SYMBOL        IDATALEN
  C:2254H         SYMBOL        IDATALOOP
  N:0000H         SYMBOL        PBPSTACK
  N:0000H         SYMBOL        PBPSTACKTOP
  N:0000H         SYMBOL        PDATALEN
  N:0000H         SYMBOL        PDATASTART
  N:0000H         SYMBOL        PPAGE
  N:0000H         SYMBOL        PPAGEENABLE
  D:00A0H         SYMBOL        PPAGE_SFR
  D:0081H         SYMBOL        SP
  C:2251H         SYMBOL        STARTUP1
  N:0000H         SYMBOL        XBPSTACK
  N:0000H         SYMBOL        XBPSTACKTOP
  N:00FFH         SYMBOL        XDATALEN
  C:225FH         SYMBOL        XDATALOOP
  N:0000H         SYMBOL        XDATASTART
  C:0000H         LINE#         92
  C:2251H         LINE#         99
  C:2253H         LINE#         100
  C:2254H         LINE#         101
  C:2255H         LINE#         102
  C:2257H         LINE#         106
  C:225AH         LINE#         107
  C:225CH         LINE#         109
  C:225EH         LINE#         113
  C:225FH         LINE#         114
  C:2260H         LINE#         115
  C:2261H         LINE#         116
  C:2263H         LINE#         117
  C:2265H         LINE#         151
  C:2268H         LINE#         155
  -------         ENDMOD        ?C_STARTUP

  -------         MODULE        ?C?COPY
BL51 BANKED LINKER/LOCATER V6.22                                                      09/03/2017  16:51:00  PAGE 70


  C:0A28H         PUBLIC        ?C?COPY
  -------         ENDMOD        ?C?COPY

  -------         MODULE        ?C?CLDPTR
  C:0A4EH         PUBLIC        ?C?CLDPTR
  -------         ENDMOD        ?C?CLDPTR

  -------         MODULE        ?C?CLDOPTR
  C:0A67H         PUBLIC        ?C?CLDOPTR
  -------         ENDMOD        ?C?CLDOPTR

  -------         MODULE        ?C?CILDOPTR
  C:0A94H         PUBLIC        ?C?CILDOPTR
  -------         ENDMOD        ?C?CILDOPTR

  -------         MODULE        ?C?CSTPTR
  C:0AC7H         PUBLIC        ?C?CSTPTR
  -------         ENDMOD        ?C?CSTPTR

  -------         MODULE        ?C?CSTOPTR
  C:0AD9H         PUBLIC        ?C?CSTOPTR
  -------         ENDMOD        ?C?CSTOPTR

  -------         MODULE        ?C?IILDX
  C:0AFBH         PUBLIC        ?C?IILDX
  -------         ENDMOD        ?C?IILDX

  -------         MODULE        ?C?ILDOPTR
  C:0B11H         PUBLIC        ?C?ILDOPTR
  -------         ENDMOD        ?C?ILDOPTR

  -------         MODULE        ?C?IILDOPTR
  C:0B49H         PUBLIC        ?C?IILDOPTR
  -------         ENDMOD        ?C?IILDOPTR

  -------         MODULE        ?C?ISTOPTR
  C:0B96H         PUBLIC        ?C?ISTOPTR
  -------         ENDMOD        ?C?ISTOPTR

  -------         MODULE        ?C?ULDIV
  C:0BFFH         PUBLIC        ?C?ULDIV
  -------         ENDMOD        ?C?ULDIV

  -------         MODULE        ?C?ULCMP
  C:0C91H         PUBLIC        ?C?ULCMP
  -------         ENDMOD        ?C?ULCMP

  -------         MODULE        ?C?ULSHR
  C:0CA2H         PUBLIC        ?C?ULSHR
  -------         ENDMOD        ?C?ULSHR

  -------         MODULE        ?C?LSTXDATA
  C:0CB5H         PUBLIC        ?C?LSTXDATA
  -------         ENDMOD        ?C?LSTXDATA

  -------         MODULE        ?C?LSTKXDATA
  C:0CC1H         PUBLIC        ?C?LSTKXDATA
BL51 BANKED LINKER/LOCATER V6.22                                                      09/03/2017  16:51:00  PAGE 71


  -------         ENDMOD        ?C?LSTKXDATA

  -------         MODULE        ?C?PLDPTR
  C:0CF2H         PUBLIC        ?C?PLDPTR
  -------         ENDMOD        ?C?PLDPTR

  -------         MODULE        ?C?CCASE
  C:0D12H         PUBLIC        ?C?CCASE
  -------         ENDMOD        ?C?CCASE

  -------         MODULE        ?C?ICALL
  C:0D38H         PUBLIC        ?C?ICALL
  C:0D3CH         PUBLIC        ?C?ICALL2
  -------         ENDMOD        ?C?ICALL

  -------         MODULE        ?C_XBP
  D:000DH         PUBLIC        ?C_XBP
  -------         ENDMOD        ?C_XBP

  -------         MODULE        ?C?ADDXBP
  C:0D3EH         PUBLIC        ?C?ADDXBP
  -------         ENDMOD        ?C?ADDXBP

  -------         MODULE        ?C?XBPOFF
  C:0D62H         PUBLIC        ?C?XBPOFF
  -------         ENDMOD        ?C?XBPOFF

  -------         MODULE        PRINTF
  X:0018H         PUBLIC        ?_PRINTF517?BYTE
  X:0018H         PUBLIC        ?_PRINTF?BYTE
  X:0018H         PUBLIC        ?_SPRINTF517?BYTE
  X:0018H         PUBLIC        ?_SPRINTF?BYTE
  C:161BH         PUBLIC        _PRINTF
  C:161BH         PUBLIC        _PRINTF517
  C:1615H         PUBLIC        _SPRINTF
  C:1615H         PUBLIC        _SPRINTF517
  -------         ENDMOD        PRINTF

  -------         MODULE        STRLEN
  C:2F12H         PUBLIC        _STRLEN
  -------         ENDMOD        STRLEN

  -------         MODULE        ?C?MEMSET
  C:0D6FH         PUBLIC        ?C?MEMSET
  -------         ENDMOD        ?C?MEMSET

  -------         MODULE        ?C?PLDIDATA
  C:0D9BH         PUBLIC        ?C?PLDIDATA
  -------         ENDMOD        ?C?PLDIDATA

  -------         MODULE        ?C?PLDXDATA
  C:0DA4H         PUBLIC        ?C?PLDXDATA
  -------         ENDMOD        ?C?PLDXDATA

  -------         MODULE        ?C?PLDIXDATA
  C:0DADH         PUBLIC        ?C?PLDIXDATA
  -------         ENDMOD        ?C?PLDIXDATA
BL51 BANKED LINKER/LOCATER V6.22                                                      09/03/2017  16:51:00  PAGE 72



  -------         MODULE        ?C?PSTXDATA
  C:0DC4H         PUBLIC        ?C?PSTXDATA
  -------         ENDMOD        ?C?PSTXDATA

  -------         MODULE        ?C?PLDPDATA
  C:0DCDH         PUBLIC        ?C?PLDPDATA
  -------         ENDMOD        ?C?PLDPDATA

  -------         MODULE        ?C?PLDCODE
  C:0DD6H         PUBLIC        ?C?PLDCODE
  -------         ENDMOD        ?C?PLDCODE

Program Size: data=199.4 xdata=202 code=12895
LINK/LOCATE RUN COMPLETE.  0 WARNING(S),  0 ERROR(S)
