BL51 BANKED LINKER/LOCATER V6.22                                                        08/29/2017  22:43:11  PAGE 1


BL51 BANKED LINKER/LOCATER V6.22, INVOKED BY:
C:\KEIL_V5\C51\BIN\BL51.EXE .\Out\Objects\main.obj, .\Out\Objects\app_key.obj, .\Out\Objects\app_work.obj, .\Out\Objects
>> \app_repeat_exe.obj, .\Out\Objects\app_2d4.obj, .\Out\Objects\app_lcd.obj, .\Out\Objects\bsp.obj, .\Out\Objects\bsp_k
>> ey.obj, .\Out\Objects\bsp_display.obj, .\Out\Objects\bsp_uart.obj, .\Out\Objects\bsp_timer0.obj, .\Out\Objects\bsp_ti
>> mer1.obj, .\Out\Objects\bsp_adc.obj, .\Out\Objects\bsp_keyBright.obj, .\Out\Objects\bsp_lcdBright.obj, .\Out\Objects\
>> bsp_2d4.obj, .\Out\Objects\Common.obj, .\Out\Objects\Delay.obj, .\Out\Objects\Version.obj, .\Out\Objects\STARTUP.obj 
>> TO .\Out\Objects\project PRINT (.\Out\Listings\project.m51) RAMSIZE (256) DISABLEWARNING (16)


MEMORY MODEL: LARGE


INPUT MODULES INCLUDED:
  .\Out\Objects\main.obj (MAIN)
  .\Out\Objects\app_key.obj (APP_KEY)
  .\Out\Objects\app_work.obj (APP_WORK)
  .\Out\Objects\app_repeat_exe.obj (APP_REPEAT_EXE)
  .\Out\Objects\app_2d4.obj (APP_2D4)
  .\Out\Objects\app_lcd.obj (APP_LCD)
  .\Out\Objects\bsp.obj (BSP)
  .\Out\Objects\bsp_key.obj (BSP_KEY)
  .\Out\Objects\bsp_display.obj (BSP_DISPLAY)
  .\Out\Objects\bsp_uart.obj (BSP_UART)
  .\Out\Objects\bsp_timer0.obj (BSP_TIMER0)
  .\Out\Objects\bsp_timer1.obj (BSP_TIMER1)
  .\Out\Objects\bsp_adc.obj (BSP_ADC)
  .\Out\Objects\bsp_keyBright.obj (BSP_KEYBRIGHT)
  .\Out\Objects\bsp_lcdBright.obj (BSP_LCDBRIGHT)
  .\Out\Objects\bsp_2d4.obj (BSP_2D4)
  .\Out\Objects\Common.obj (COMMON)
  .\Out\Objects\Delay.obj (DELAY)
  .\Out\Objects\Version.obj (VERSION)
  .\Out\Objects\STARTUP.obj (?C_STARTUP)
  C:\KEIL_V5\C51\LIB\C51L.LIB (?C_INIT)
  C:\KEIL_V5\C51\LIB\C51L.LIB (?C?COPY)
  C:\KEIL_V5\C51\LIB\C51L.LIB (?C?CLDPTR)
  C:\KEIL_V5\C51\LIB\C51L.LIB (?C?CLDOPTR)
  C:\KEIL_V5\C51\LIB\C51L.LIB (?C?CILDOPTR)
  C:\KEIL_V5\C51\LIB\C51L.LIB (?C?CSTPTR)
  C:\KEIL_V5\C51\LIB\C51L.LIB (?C?CSTOPTR)
  C:\KEIL_V5\C51\LIB\C51L.LIB (?C?IILDX)
  C:\KEIL_V5\C51\LIB\C51L.LIB (?C?ILDOPTR)
  C:\KEIL_V5\C51\LIB\C51L.LIB (?C?IILDOPTR)
  C:\KEIL_V5\C51\LIB\C51L.LIB (?C?ISTOPTR)
  C:\KEIL_V5\C51\LIB\C51L.LIB (?C?ULDIV)
  C:\KEIL_V5\C51\LIB\C51L.LIB (?C?ULCMP)
  C:\KEIL_V5\C51\LIB\C51L.LIB (?C?ULSHR)
  C:\KEIL_V5\C51\LIB\C51L.LIB (?C?LSTXDATA)
  C:\KEIL_V5\C51\LIB\C51L.LIB (?C?LSTKXDATA)
  C:\KEIL_V5\C51\LIB\C51L.LIB (?C?PLDPTR)
  C:\KEIL_V5\C51\LIB\C51L.LIB (?C?CCASE)
  C:\KEIL_V5\C51\LIB\C51L.LIB (?C?ICALL)
  C:\KEIL_V5\C51\LIB\C51L.LIB (?C_XBP)
  C:\KEIL_V5\C51\LIB\C51L.LIB (?C?ADDXBP)
  C:\KEIL_V5\C51\LIB\C51L.LIB (?C?XBPOFF)
  C:\KEIL_V5\C51\LIB\C51L.LIB (PRINTF)
  C:\KEIL_V5\C51\LIB\C51L.LIB (STRLEN)
  C:\KEIL_V5\C51\LIB\C51L.LIB (?C?MEMSET)
BL51 BANKED LINKER/LOCATER V6.22                                                      08/29/2017  22:43:11  PAGE 2


  C:\KEIL_V5\C51\LIB\C51L.LIB (?C?PLDIDATA)
  C:\KEIL_V5\C51\LIB\C51L.LIB (?C?PLDXDATA)
  C:\KEIL_V5\C51\LIB\C51L.LIB (?C?PLDIXDATA)
  C:\KEIL_V5\C51\LIB\C51L.LIB (?C?PSTXDATA)
  C:\KEIL_V5\C51\LIB\C51L.LIB (?C?PLDPDATA)
  C:\KEIL_V5\C51\LIB\C51L.LIB (?C?PLDCODE)


LINK MAP OF MODULE:  .\Out\Objects\project (MAIN)


            TYPE    BASE      LENGTH    RELOCATION   SEGMENT NAME
            -----------------------------------------------------

            * * * * * * *   D A T A   M E M O R Y   * * * * * * *
            REG     0000H     0008H     ABSOLUTE     "REG BANK 0"
            DATA    0008H     0005H     UNIT         _DATA_GROUP_
            DATA    000DH     0002H     UNIT         ?C?LIB_DATA
            IDATA   000FH     0005H     UNIT         ?ID?BSP_ADC
                    0014H     000CH                  *** GAP ***
            BIT     0020H.0   0001H.1   UNIT         _BIT_GROUP_
            BIT     0021H.1   0000H.1   UNIT         ?BI?BSP
            BIT     0021H.2   0000H.1   UNIT         ?BI?_GET_DATA_FROM_UART1?BSP_UART
            BIT     0021H.3   0000H.1   UNIT         ?BI?BSP_UART
                    0021H.4   0000H.4                *** GAP ***
            IDATA   0022H     007BH     UNIT         ?ID?BSP_KEY
            IDATA   009DH     0001H     UNIT         ?STACK

            * * * * * * *  X D A T A   M E M O R Y  * * * * * * *
            XDATA   0000H     002AH     UNIT         _XDATA_GROUP_
            XDATA   002AH     0021H     UNIT         ?XD?APP_2D4
            XDATA   004BH     0013H     UNIT         ?XD?_RF_CARRIER?BSP_2D4
            XDATA   005EH     0012H     UNIT         ?XD?APP_REPEAT_EXE
            XDATA   0070H     0011H     UNIT         ?XD?MAIN
            XDATA   0081H     0010H     UNIT         ?XD?APP_KEY
            XDATA   0091H     0010H     UNIT         ?XD?APP_LCD
            XDATA   00A1H     000BH     UNIT         ?XD?BSP_TIMER0
            XDATA   00ACH     0007H     UNIT         ?XD?BSP_KEY
            XDATA   00B3H     0005H     UNIT         ?XD?BSP_2D4
            XDATA   00B8H     0004H     UNIT         ?XD?_INITIALUART0_TIMER3_TYPE5?COMMON
            XDATA   00BCH     0004H     UNIT         ?XD?_INITIALUART0_TIMER3_TYPE6?COMMON
            XDATA   00C0H     0004H     UNIT         ?XD?_INITIALUART1_TIMER3?COMMON
            XDATA   00C4H     0004H     UNIT         ?XD?_TIMER0_DELAY1MS?DELAY
            XDATA   00C8H     0004H     UNIT         ?XD?_TIMER1_DELAY1MS?DELAY
            XDATA   00CCH     0004H     UNIT         ?XD?_TIMER3_DELAY1MS?DELAY
            XDATA   00D0H     0004H     UNIT         ?XD?_WAKEUP_TIMER_DELAY25MS?DELAY
            XDATA   00D4H     0003H     UNIT         ?XD?APP_WORK
            XDATA   00D7H     0001H     UNIT         ?XD?_APP_LCD_DEFAULT_STRING_SET?APP_LCD

            * * * * * * *   C O D E   M E M O R Y   * * * * * * *
            CODE    0000H     0003H     ABSOLUTE     
            CODE    0003H     0008H     UNIT         ?CO?APP_LCD
            CODE    000BH     0003H     ABSOLUTE     
            CODE    000EH     000DH     UNIT         ?PR?LCD_CLEAR_ALL?BSP_DISPLAY
            CODE    001BH     0003H     ABSOLUTE     
            CODE    001EH     003DH     UNIT         ?PR?_PUTCHAR?COMMON
            CODE    005BH     0003H     ABSOLUTE     
BL51 BANKED LINKER/LOCATER V6.22                                                      08/29/2017  22:43:11  PAGE 3


            CODE    005EH     085EH     UNIT         ?PR?_LCD_SHOWCHAR?BSP_DISPLAY
            CODE    08BCH     04B0H     UNIT         ?PR?_APP_KEY_PRO?APP_KEY
            CODE    0D6CH     048AH     UNIT         ?C?LIB_CODE
            CODE    11F6H     0365H     UNIT         ?PR?PRINTF?PRINTF
            CODE    155BH     0154H     UNIT         ?PR?_BSP_DETECTKEY?BSP_KEY
            CODE    16AFH     0145H     UNIT         ?PR?_SYSTEM_CLOCK_SELECT?COMMON
            CODE    17F4H     012EH     UNIT         ?PR?RF_INIT?BSP_2D4
            CODE    1922H     0112H     UNIT         ?CO?VERSION
            CODE    1A34H     00F6H     UNIT         ?PR?_APP_2D4_RCV?APP_2D4
            CODE    1B2AH     00E4H     UNIT         ?PR?_LCD_CLEAR_MI?BSP_DISPLAY
            CODE    1C0EH     00E3H     UNIT         ?PR?_RF_CARRIER?BSP_2D4
            CODE    1CF1H     00B5H     UNIT         ?PR?REPEAT_PRO?APP_REPEAT_EXE
            CODE    1DA6H     00A8H     UNIT         ?PR?BSP_INITKEYVAR?BSP_KEY
            CODE    1E4EH     00A2H     UNIT         ?PR?_LCD_SHOWSTRING?BSP_DISPLAY
            CODE    1EF0H     009AH     UNIT         ?C_C51STARTUP
            CODE    1F8AH     0089H     UNIT         ?PR?MAIN?MAIN
            CODE    2013H     0083H     UNIT         ?PR?_?RANDOM_DELAY?DELAY
            CODE    2096H     0082H     UNIT         ?C_INITSEG
            CODE    2118H     0079H     UNIT         ?PR?TIMER0_ISR?BSP_TIMER0
            CODE    2191H     0067H     UNIT         ?PR?_ISKEYDOWN?BSP_KEY
            CODE    21F8H     0063H     UNIT         ?PR?_INITIALUART0_TIMER3_TYPE5?COMMON
            CODE    225BH     0063H     UNIT         ?PR?_INITIALUART0_TIMER3_TYPE6?COMMON
            CODE    22BEH     0061H     UNIT         ?PR?_WAKEUP_TIMER_DELAY25MS?DELAY
            CODE    231FH     005FH     UNIT         ?PR?SHOW_FW_VERSION_NUMBER_TO_PC?VERSION
            CODE    237EH     005DH     UNIT         ?PR?_INITIALUART1_TIMER3?COMMON
            CODE    23DBH     005CH     UNIT         ?PR?ADC_ISR?MAIN
            CODE    2437H     005BH     UNIT         ?PR?_TIMER3_DELAY1MS?DELAY
            CODE    2492H     0059H     UNIT         ?PR?_TIMER0_DELAY1MS?DELAY
            CODE    24EBH     0059H     UNIT         ?PR?_TIMER1_DELAY1MS?DELAY
            CODE    2544H     0055H     UNIT         ?PR?_APP_2D4_SEND?APP_2D4
            CODE    2599H     004FH     UNIT         ?PR?APP_2D4_PRO?APP_2D4
            CODE    25E8H     0043H     UNIT         ?PR?_RF_WRITEBUF?BSP_2D4
            CODE    262BH     0043H     UNIT         ?PR?_RF_TXDATA?BSP_2D4
            CODE    266EH     003FH     UNIT         ?PR?_RF_READBUF?BSP_2D4
            CODE    26ADH     0036H     UNIT         ?PR?LCD_DISPLAY_INITHARD?BSP_DISPLAY
            CODE    26E3H     0033H     UNIT         ?PR?ADC_INIT?BSP_ADC
            CODE    2716H     0032H     UNIT         ?PR?_REPEAT_START?APP_REPEAT_EXE
            CODE    2748H     002AH     UNIT         ?PR?_INITIALUART0_TIMER1_TYPE3?COMMON
            CODE    2772H     002AH     UNIT         ?PR?_INITIALUART0_TIMER1_TYPE4?COMMON
            CODE    279CH     0029H     UNIT         ?PR?_UCRF_DUMPRXDATA?BSP_2D4
            CODE    27C5H     0029H     UNIT         ?PR?_INITIALUART0_TIMER1_TYPE1?COMMON
            CODE    27EEH     0028H     UNIT         ?PR?_INITIALUART0_TIMER1_TYPE2?COMMON
            CODE    2816H     0027H     UNIT         ?PR?APP_2D4_INIT?APP_2D4
            CODE    283DH     0026H     UNIT         ?PR?TIMER0_PARAMINIT?BSP_TIMER0
            CODE    2863H     0026H     UNIT         ?PR?RF_RXMODE?BSP_2D4
            CODE    2889H     0024H     UNIT         ?PR?_BSP_SETKEYPARAM?BSP_KEY
            CODE    28ADH     0024H     UNIT         ?CO?BSP_2D4
            CODE    28D1H     0023H     UNIT         ?PR?TIMER0_INITHARD?BSP_TIMER0
            CODE    28F4H     0023H     UNIT         ?PR?_SPI_WR?BSP_2D4
            CODE    2917H     0021H     UNIT         ?PR?_APP_LCD_DEFAULT_STRING_SET?APP_LCD
            CODE    2938H     0021H     UNIT         ?PR?ADC_START?BSP_ADC
            CODE    2959H     0021H     UNIT         ?PR?_DELAY10US?DELAY
            CODE    297AH     0020H     UNIT         ?PR?SET_ALL_GPIO_INPUT_MODE?COMMON
            CODE    299AH     001DH     UNIT         ?PR?_SPI_WW?BSP_2D4
            CODE    29B7H     001CH     UNIT         ?PR?BSP_GETKEY?BSP_KEY
            CODE    29D3H     001CH     UNIT         ?PR?BSP_GETKEY2?BSP_KEY
            CODE    29EFH     001BH     UNIT         ?PR?BSP_INIT?BSP
BL51 BANKED LINKER/LOCATER V6.22                                                      08/29/2017  22:43:11  PAGE 4


            CODE    2A0AH     001BH     UNIT         ?PR?BSP_KEYSCAN?BSP_KEY
            CODE    2A25H     001AH     UNIT         ?PR?SET_ALL_GPIO_QUASI_MODE?COMMON
            CODE    2A3FH     001AH     UNIT         ?PR?SW_RESET?COMMON
            CODE    2A59H     0019H     UNIT         ?PR?UCSPI_READ?BSP_2D4
            CODE    2A72H     0018H     UNIT         ?PR?APP_LCD_INIT?APP_LCD
            CODE    2A8AH     0015H     UNIT         ?PR?_STRLEN?STRLEN
            CODE    2A9FH     0014H     UNIT         ?PR?REPEAT_STOP?APP_REPEAT_EXE
            CODE    2AB3H     0014H     UNIT         ?PR?_BSP_PUTKEY?BSP_KEY
            CODE    2AC7H     0013H     UNIT         ?PR?_GET_DATA_FROM_UART1?BSP_UART
            CODE    2ADAH     0013H     UNIT         ?PR?TIMER1_INITHARD?BSP_TIMER1
            CODE    2AEDH     0013H     UNIT         ?PR?WIRELESS2D4_INITHARD?BSP_2D4
            CODE    2B00H     0013H     UNIT         ?PR?_RF_WRITEREG?BSP_2D4
            CODE    2B13H     0013H     UNIT         ?PR?_UCRF_READREG?BSP_2D4
            CODE    2B26H     0012H     UNIT         ?CO?APP_2D4
            CODE    2B38H     0012H     UNIT         ?PR?ISKEYDOWN_1AND6?BSP_KEY
            CODE    2B4AH     0011H     UNIT         ?PR?UART_INITHARD?BSP_UART
            CODE    2B5BH     0010H     UNIT         ?PR?REPEAT_START_EXE?APP_REPEAT_EXE
            CODE    2B6BH     0010H     UNIT         ?PR?REPEAT_STOP_EXE?APP_REPEAT_EXE
            CODE    2B7BH     000FH     UNIT         ?PR?APP_LCD_PRO?APP_LCD
            CODE    2B8AH     000FH     UNIT         ?PR?ISKEYDOWN2?BSP_KEY
            CODE    2B99H     000FH     UNIT         ?PR?ISKEYDOWN3?BSP_KEY
            CODE    2BA8H     000FH     UNIT         ?PR?ISKEYDOWN4?BSP_KEY
            CODE    2BB7H     000FH     UNIT         ?PR?ISKEYDOWN8?BSP_KEY
            CODE    2BC6H     000FH     UNIT         ?PR?ISKEYDOWN9?BSP_KEY
            CODE    2BD5H     000FH     UNIT         ?PR?RF_TXMODE?BSP_2D4
            CODE    2BE4H     000EH     UNIT         ?PR?ISKEYDOWN5?BSP_KEY
            CODE    2BF2H     000EH     UNIT         ?PR?_RF_SETCHANNEL?BSP_2D4
            CODE    2C00H     000DH     UNIT         ?PR?LCD_CLEAR_MI_ALL?BSP_DISPLAY
            CODE    2C0DH     000CH     UNIT         ?PR?_REPEAT_SETSTART?APP_REPEAT_EXE
            CODE    2C19H     000CH     UNIT         ?PR?_REPEAT_SETSTOP?APP_REPEAT_EXE
            CODE    2C25H     000CH     UNIT         ?PR?RF_CLEARFIFO?BSP_2D4
            CODE    2C31H     000BH     UNIT         ?PR?_BSP_GETKEYSTATE?BSP_KEY
            CODE    2C3CH     000AH     UNIT         ?PR?APP_REPEAT_ISENABLE?APP_REPEAT_EXE
            CODE    2C46H     000AH     UNIT         ?PR?UCRF_GETSTATUS?BSP_2D4
            CODE    2C50H     0009H     UNIT         ?PR?REPEAT_DEMO_START?APP_2D4
            CODE    2C59H     0009H     UNIT         ?PR?REPEAT_DEMO_STOP?APP_2D4
            CODE    2C62H     0009H     UNIT         ?PR?ISKEYDOWN1?BSP_KEY
            CODE    2C6BH     0009H     UNIT         ?PR?KEY_BRIGHT_INITHARD?BSP_KEYBRIGHT
            CODE    2C74H     0009H     UNIT         ?PR?LCD_BRIGHT_INITHARD?BSP_LCDBRIGHT
            CODE    2C7DH     0008H     UNIT         ?PR?RECEIVE_DATA_FROM_UART0?COMMON
            CODE    2C85H     0008H     UNIT         ?PR?_SEND_DATA_TO_UART0?COMMON
            CODE    2C8DH     0008H     UNIT         ?PR?RECEIVE_DATA_FROM_UART1?COMMON
            CODE    2C95H     0008H     UNIT         ?PR?_SEND_DATA_TO_UART1?COMMON
            CODE    2C9DH     0007H     UNIT         ?CO?MAIN
            CODE    2CA4H     0007H     UNIT         ?PR?BSP_INITKEYHARD?BSP_KEY
            CODE    2CABH     0007H     UNIT         ?PR?LCD_CLEAR_LED_ICO?BSP_DISPLAY
            CODE    2CB2H     0007H     UNIT         ?PR?LCD_SHOW_LED_ICO?BSP_DISPLAY
            CODE    2CB9H     0007H     UNIT         ?PR?LCD_CLEAR_FM_ICO?BSP_DISPLAY
            CODE    2CC0H     0007H     UNIT         ?PR?LCD_SHOW_FM_ICO?BSP_DISPLAY
            CODE    2CC7H     0007H     UNIT         ?PR?LCD_CLEAR_BLUETOOTH_ICO?BSP_DISPLAY
            CODE    2CCEH     0007H     UNIT         ?PR?LCD_SHOW_BLUETOOTH_ICO?BSP_DISPLAY
            CODE    2CD5H     0007H     UNIT         ?PR?LCD_CLEAR_AUX_ICO?BSP_DISPLAY
            CODE    2CDCH     0007H     UNIT         ?PR?LCD_SHOW_AUX_ICO?BSP_DISPLAY
            CODE    2CE3H     0007H     UNIT         ?PR?LCD_CLEAR_USB_ICO?BSP_DISPLAY
            CODE    2CEAH     0007H     UNIT         ?PR?LCD_SHOW_USB_ICO?BSP_DISPLAY
            CODE    2CF1H     0007H     UNIT         ?PR?LCD_CLEAR_MHZ_ICO?BSP_DISPLAY
            CODE    2CF8H     0007H     UNIT         ?PR?LCD_SHOW_MHZ_ICO?BSP_DISPLAY
BL51 BANKED LINKER/LOCATER V6.22                                                      08/29/2017  22:43:11  PAGE 5


            CODE    2CFFH     0007H     UNIT         ?PR?LCD_CLEAR_BAZOOKA_ICO?BSP_DISPLAY
            CODE    2D06H     0007H     UNIT         ?PR?LCD_SHOW_BAZOOKA_ICO?BSP_DISPLAY
            CODE    2D0DH     0007H     UNIT         ?PR?LCD_CLEAR_UPCOLON_ICO?BSP_DISPLAY
            CODE    2D14H     0007H     UNIT         ?PR?LCD_SHOW_UPCOLON_ICO?BSP_DISPLAY
            CODE    2D1BH     0007H     UNIT         ?PR?LCD_CLEAR_DOWNCOLON_ICO?BSP_DISPLAY
            CODE    2D22H     0007H     UNIT         ?PR?LCD_SHOW_DOWNCOLON_ICO?BSP_DISPLAY
            CODE    2D29H     0007H     UNIT         ?PR?RF_CLEARSTATUS?BSP_2D4
            CODE    2D30H     0006H     UNIT         ?PR?APP_POWER_OFF?APP_KEY
            CODE    2D36H     0006H     UNIT         ?PR?WORK_INIT?APP_WORK
            CODE    2D3CH     0006H     UNIT         ?PR?ISKEYDOWN6?BSP_KEY
            CODE    2D42H     0006H     UNIT         ?PR?ISKEYDOWN7?BSP_KEY
            CODE    2D48H     0006H     UNIT         ?PR?BSP_INITKEY?BSP_KEY
            CODE    2D4EH     0006H     UNIT         ?PR?BSP_CLEARKEY?BSP_KEY
            CODE    2D54H     0006H     UNIT         ?PR?LCD_CLEAR_COLON_ICO?BSP_DISPLAY
            CODE    2D5AH     0006H     UNIT         ?PR?LCD_SHOW_COLON_ICO?BSP_DISPLAY
            CODE    2D60H     0006H     UNIT         ?PR?UCRF_GETRSSI?BSP_2D4
            CODE    2D66H     0004H     UNIT         ?PR?FSYS_CLOCK_OUTPUT_ON_P26?COMMON
            CODE    2D6AH     0003H     UNIT         ?PR?APP_POWER_ON?APP_KEY
            CODE    2D6DH     0003H     UNIT         ?PR?KEY_BRIGHT_OFF?BSP_KEYBRIGHT
            CODE    2D70H     0003H     UNIT         ?PR?KEY_BRIGHT_ON?BSP_KEYBRIGHT
            CODE    2D73H     0003H     UNIT         ?PR?KEY_BRIGHT_TOGGLE?BSP_KEYBRIGHT
            CODE    2D76H     0003H     UNIT         ?PR?LCD_BRIGHT_OFF?BSP_LCDBRIGHT
            CODE    2D79H     0003H     UNIT         ?PR?LCD_BRIGHT_ON?BSP_LCDBRIGHT
            CODE    2D7CH     0001H     UNIT         ?PR?APP_KEY_INIT?APP_KEY
            CODE    2D7DH     0001H     UNIT         ?PR?APP_KEY_100MS_PRO?APP_KEY
            CODE    2D7EH     0001H     UNIT         ?PR?APP_KEY_1S_PRO?APP_KEY
            CODE    2D7FH     0001H     UNIT         ?PR?APP_KEY_CLEAR_NOOPS_TIMEOUTCNT?APP_KEY
            CODE    2D80H     0001H     UNIT         ?PR?APP_WORK_1S_PRO?APP_WORK
            CODE    2D81H     0001H     UNIT         ?PR?APP_WORK_100MS_PRO?APP_WORK
            CODE    2D82H     0001H     UNIT         ?PR?APP_WORK_PRO?APP_WORK
            CODE    2D83H     0001H     UNIT         ?PR?TIMER1_ISR?BSP_TIMER1
            CODE    2D84H     0001H     UNIT         ?PR?SPI_INIT?BSP_2D4



OVERLAY MAP OF MODULE:   .\Out\Objects\project (MAIN)


SEGMENT                                             BIT_GROUP          DATA_GROUP          XDATA_GROUP
  +--> CALLED SEGMENT                            START    LENGTH     START    LENGTH     START    LENGTH
--------------------------------------------------------------------------------------------------------
?C_C51STARTUP                                    -----    -----      -----    -----      -----    -----
  +--> ?PR?MAIN?MAIN
  +--> ?C_INITSEG

?PR?MAIN?MAIN                                    -----    -----      -----    -----      0000H    0002H
  +--> ?PR?_SYSTEM_CLOCK_SELECT?COMMON
  +--> ?PR?BSP_INIT?BSP
  +--> ?PR?APP_KEY_INIT?APP_KEY
  +--> ?PR?APP_2D4_INIT?APP_2D4
  +--> ?PR?APP_LCD_INIT?APP_LCD
  +--> ?PR?ADC_START?BSP_ADC
  +--> ?PR?BSP_KEYSCAN?BSP_KEY
  +--> ?PR?REPEAT_PRO?APP_REPEAT_EXE
  +--> ?PR?APP_LCD_PRO?APP_LCD
  +--> ?CO?MAIN
  +--> ?PR?PRINTF?PRINTF
BL51 BANKED LINKER/LOCATER V6.22                                                      08/29/2017  22:43:11  PAGE 6


  +--> ?PR?APP_2D4_PRO?APP_2D4
  +--> ?PR?BSP_GETKEY?BSP_KEY
  +--> ?PR?_APP_KEY_PRO?APP_KEY

?PR?BSP_INIT?BSP                                 -----    -----      -----    -----      -----    -----
  +--> ?PR?SET_ALL_GPIO_INPUT_MODE?COMMON
  +--> ?PR?ADC_INIT?BSP_ADC
  +--> ?PR?BSP_INITKEY?BSP_KEY
  +--> ?PR?KEY_BRIGHT_INITHARD?BSP_KEYBRIGHT
  +--> ?PR?LCD_BRIGHT_INITHARD?BSP_LCDBRIGHT
  +--> ?PR?LCD_DISPLAY_INITHARD?BSP_DISPLAY
  +--> ?PR?TIMER0_INITHARD?BSP_TIMER0
  +--> ?PR?WIRELESS2D4_INITHARD?BSP_2D4

?PR?BSP_INITKEY?BSP_KEY                          -----    -----      -----    -----      -----    -----
  +--> ?PR?BSP_INITKEYVAR?BSP_KEY
  +--> ?PR?BSP_INITKEYHARD?BSP_KEY

?PR?BSP_INITKEYVAR?BSP_KEY                       -----    -----      -----    -----      -----    -----
  +--> ?PR?ISKEYDOWN1?BSP_KEY
  +--> ?PR?ISKEYDOWN2?BSP_KEY
  +--> ?PR?ISKEYDOWN3?BSP_KEY
  +--> ?PR?ISKEYDOWN4?BSP_KEY
  +--> ?PR?ISKEYDOWN5?BSP_KEY
  +--> ?PR?ISKEYDOWN6?BSP_KEY
  +--> ?PR?ISKEYDOWN7?BSP_KEY
  +--> ?PR?ISKEYDOWN8?BSP_KEY
  +--> ?PR?ISKEYDOWN9?BSP_KEY
  +--> ?PR?ISKEYDOWN_1AND6?BSP_KEY

?PR?ISKEYDOWN2?BSP_KEY                           -----    -----      -----    -----      -----    -----
  +--> ?PR?_ISKEYDOWN?BSP_KEY

?PR?ISKEYDOWN3?BSP_KEY                           -----    -----      -----    -----      -----    -----
  +--> ?PR?_ISKEYDOWN?BSP_KEY

?PR?ISKEYDOWN4?BSP_KEY                           -----    -----      -----    -----      -----    -----
  +--> ?PR?_ISKEYDOWN?BSP_KEY

?PR?ISKEYDOWN5?BSP_KEY                           -----    -----      -----    -----      -----    -----
  +--> ?PR?_ISKEYDOWN?BSP_KEY

?PR?ISKEYDOWN6?BSP_KEY                           -----    -----      -----    -----      -----    -----
  +--> ?PR?_ISKEYDOWN?BSP_KEY

?PR?ISKEYDOWN7?BSP_KEY                           -----    -----      -----    -----      -----    -----
  +--> ?PR?_ISKEYDOWN?BSP_KEY

?PR?ISKEYDOWN8?BSP_KEY                           -----    -----      -----    -----      -----    -----
  +--> ?PR?_ISKEYDOWN?BSP_KEY

?PR?ISKEYDOWN9?BSP_KEY                           -----    -----      -----    -----      -----    -----
  +--> ?PR?_ISKEYDOWN?BSP_KEY

?PR?ISKEYDOWN_1AND6?BSP_KEY                      -----    -----      -----    -----      -----    -----
  +--> ?PR?ISKEYDOWN1?BSP_KEY
  +--> ?PR?ISKEYDOWN6?BSP_KEY
BL51 BANKED LINKER/LOCATER V6.22                                                      08/29/2017  22:43:11  PAGE 7



?PR?KEY_BRIGHT_INITHARD?BSP_KEYBRIGHT            -----    -----      -----    -----      -----    -----
  +--> ?PR?KEY_BRIGHT_OFF?BSP_KEYBRIGHT

?PR?LCD_BRIGHT_INITHARD?BSP_LCDBRIGHT            -----    -----      -----    -----      -----    -----
  +--> ?PR?LCD_BRIGHT_ON?BSP_LCDBRIGHT

?PR?LCD_DISPLAY_INITHARD?BSP_DISPLAY             -----    -----      -----    -----      -----    -----
  +--> ?PR?LCD_CLEAR_ALL?BSP_DISPLAY

?PR?TIMER0_INITHARD?BSP_TIMER0                   -----    -----      -----    -----      -----    -----
  +--> ?PR?TIMER0_PARAMINIT?BSP_TIMER0

?PR?APP_2D4_INIT?APP_2D4                         -----    -----      -----    -----      -----    -----
  +--> ?PR?RF_INIT?BSP_2D4
  +--> ?PR?RF_RXMODE?BSP_2D4

?PR?RF_INIT?BSP_2D4                              -----    -----      -----    -----      0002H    0012H
  +--> ?CO?BSP_2D4
  +--> ?PR?SPI_INIT?BSP_2D4
  +--> ?PR?_RF_WRITEREG?BSP_2D4
  +--> ?PR?_RF_WRITEBUF?BSP_2D4

?PR?_RF_WRITEREG?BSP_2D4                         -----    -----      -----    -----      -----    -----
  +--> ?PR?_SPI_WW?BSP_2D4

?PR?_RF_WRITEBUF?BSP_2D4                         -----    -----      -----    -----      0014H    0005H
  +--> ?PR?_SPI_WW?BSP_2D4

?PR?RF_RXMODE?BSP_2D4                            -----    -----      -----    -----      -----    -----
  +--> ?PR?_RF_WRITEREG?BSP_2D4

?PR?APP_LCD_INIT?APP_LCD                         -----    -----      -----    -----      -----    -----
  +--> ?CO?APP_LCD
  +--> ?PR?_STRLEN?STRLEN

?PR?BSP_KEYSCAN?BSP_KEY                          -----    -----      -----    -----      0002H    0001H
  +--> ?PR?_BSP_DETECTKEY?BSP_KEY

?PR?_BSP_DETECTKEY?BSP_KEY                       -----    -----      -----    -----      0003H    0001H
  +--> ?PR?_BSP_PUTKEY?BSP_KEY

?PR?REPEAT_PRO?APP_REPEAT_EXE                    -----    -----      -----    -----      -----    -----
  +--> ?PR?REPEAT_STOP_EXE?APP_REPEAT_EXE
  +--> ?PR?REPEAT_START_EXE?APP_REPEAT_EXE

?PR?APP_LCD_PRO?APP_LCD                          -----    -----      -----    -----      -----    -----
  +--> ?PR?APP_REPEAT_ISENABLE?APP_REPEAT_EXE
  +--> ?PR?_LCD_SHOWSTRING?BSP_DISPLAY

?PR?_LCD_SHOWSTRING?BSP_DISPLAY                  0020H.0  0000H.1    -----    -----      0008H    0004H
  +--> ?PR?_STRLEN?STRLEN
  +--> ?PR?_LCD_SHOWCHAR?BSP_DISPLAY

?PR?_LCD_SHOWCHAR?BSP_DISPLAY                    -----    -----      -----    -----      -----    -----
  +--> ?PR?_LCD_CLEAR_MI?BSP_DISPLAY

BL51 BANKED LINKER/LOCATER V6.22                                                      08/29/2017  22:43:11  PAGE 8


?PR?PRINTF?PRINTF                                0020H.0  0001H.1    0008H    0005H      0002H    0028H
  +--> ?PR?_PUTCHAR?COMMON

?PR?APP_2D4_PRO?APP_2D4                          -----    -----      -----    -----      -----    -----
  +--> ?PR?UCRF_GETSTATUS?BSP_2D4
  +--> ?PR?RF_CLEARFIFO?BSP_2D4
  +--> ?PR?RF_CLEARSTATUS?BSP_2D4
  +--> ?PR?RF_RXMODE?BSP_2D4
  +--> ?PR?_RF_TXDATA?BSP_2D4
  +--> ?PR?_UCRF_DUMPRXDATA?BSP_2D4
  +--> ?PR?_APP_2D4_RCV?APP_2D4

?PR?UCRF_GETSTATUS?BSP_2D4                       -----    -----      -----    -----      -----    -----
  +--> ?PR?_UCRF_READREG?BSP_2D4

?PR?_UCRF_READREG?BSP_2D4                        -----    -----      -----    -----      -----    -----
  +--> ?PR?_SPI_WR?BSP_2D4
  +--> ?PR?UCSPI_READ?BSP_2D4

?PR?RF_CLEARFIFO?BSP_2D4                         -----    -----      -----    -----      -----    -----
  +--> ?PR?_RF_WRITEREG?BSP_2D4

?PR?RF_CLEARSTATUS?BSP_2D4                       -----    -----      -----    -----      -----    -----
  +--> ?PR?_RF_WRITEREG?BSP_2D4

?PR?_RF_TXDATA?BSP_2D4                           -----    -----      -----    -----      0002H    0002H
  +--> ?PR?UCRF_GETSTATUS?BSP_2D4
  +--> ?PR?_RF_WRITEBUF?BSP_2D4
  +--> ?PR?_RF_WRITEREG?BSP_2D4

?PR?_UCRF_DUMPRXDATA?BSP_2D4                     -----    -----      -----    -----      -----    -----
  +--> ?PR?UCRF_GETSTATUS?BSP_2D4
  +--> ?PR?_RF_WRITEREG?BSP_2D4
  +--> ?PR?_RF_READBUF?BSP_2D4
  +--> ?PR?RF_CLEARFIFO?BSP_2D4
  +--> ?PR?RF_CLEARSTATUS?BSP_2D4

?PR?_RF_READBUF?BSP_2D4                          -----    -----      -----    -----      0002H    0005H
  +--> ?PR?_SPI_WR?BSP_2D4
  +--> ?PR?UCSPI_READ?BSP_2D4

?PR?_APP_2D4_RCV?APP_2D4                         -----    -----      -----    -----      0002H    0006H
  +--> ?PR?REPEAT_DEMO_START?APP_2D4
  +--> ?PR?_REPEAT_SETSTART?APP_REPEAT_EXE
  +--> ?PR?REPEAT_DEMO_STOP?APP_2D4
  +--> ?PR?_REPEAT_SETSTOP?APP_REPEAT_EXE
  +--> ?PR?_REPEAT_START?APP_REPEAT_EXE

?PR?REPEAT_DEMO_START?APP_2D4                    -----    -----      -----    -----      -----    -----
  +--> ?CO?APP_2D4
  +--> ?PR?_LCD_SHOWSTRING?BSP_DISPLAY

?PR?REPEAT_DEMO_STOP?APP_2D4                     -----    -----      -----    -----      -----    -----
  +--> ?CO?APP_2D4
  +--> ?PR?_LCD_SHOWSTRING?BSP_DISPLAY

?PR?_REPEAT_START?APP_REPEAT_EXE                 -----    -----      -----    -----      -----    -----
BL51 BANKED LINKER/LOCATER V6.22                                                      08/29/2017  22:43:11  PAGE 9


  +--> ?PR?REPEAT_START_EXE?APP_REPEAT_EXE

?PR?_APP_KEY_PRO?APP_KEY                         -----    -----      -----    -----      0002H    0003H
  +--> ?PR?APP_KEY_CLEAR_NOOPS_TIMEOUTCNT?AP...
  +--> ?PR?_APP_2D4_SEND?APP_2D4

?PR?_APP_2D4_SEND?APP_2D4                        -----    -----      -----    -----      0005H    0004H
  +--> ?PR?RF_TXMODE?BSP_2D4

?PR?RF_TXMODE?BSP_2D4                            -----    -----      -----    -----      -----    -----
  +--> ?PR?_RF_WRITEREG?BSP_2D4



SYMBOL TABLE OF MODULE:  .\Out\Objects\project (MAIN)

  VALUE           TYPE          NAME
  ----------------------------------

  -------         MODULE        MAIN
  C:0000H         SYMBOL        _ICE_DUMMY_
  D:0080H         PUBLIC        P0
  D:0090H         PUBLIC        P1
  D:00A0H         PUBLIC        P2
  D:00B0H         PUBLIC        P3
  D:00D8H         PUBLIC        P5
  D:00A8H         PUBLIC        IE
  B:00E8H.7       PUBLIC        ADCF
  C:23DBH         PUBLIC        ADC_ISR
  D:00B8H         PUBLIC        IP
  C:1F8AH         PUBLIC        main
  D:0098H         PUBLIC        SCON
  D:0088H         PUBLIC        TCON
  D:00F8H         PUBLIC        SCON_1
  D:00E8H         PUBLIC        ADCCON0
  D:00C0H         PUBLIC        I2CON
  D:00C3H         PUBLIC        ADCRH
  X:0071H         SYMBOL        ss
  D:00C8H         PUBLIC        T2CON
  D:00C2H         PUBLIC        ADCRL
  D:00D0H         PUBLIC        PSW
  -------         PROC          ADC_ISR
  C:23DBH         LINE#         8
  C:23ECH         LINE#         9
  C:23ECH         LINE#         11
  C:23EEH         LINE#         13
  C:23FEH         LINE#         14
  C:241AH         LINE#         15
  C:2428H         LINE#         17
  -------         ENDPROC       ADC_ISR
  -------         PROC          MAIN
  -------         DO            
  X:0000H         SYMBOL        ucKeyCode
  -------         DO            
  X:0001H         SYMBOL        i
  X:0070H         SYMBOL        n
  -------         ENDDO         
BL51 BANKED LINKER/LOCATER V6.22                                                      08/29/2017  22:43:11  PAGE 10


  -------         ENDDO         
  C:1F8AH         LINE#         19
  C:1F8AH         LINE#         21
  C:1F8FH         LINE#         24
  C:1F92H         LINE#         28
  C:1F95H         LINE#         29
  C:1F98H         LINE#         30
  C:1F9BH         LINE#         33
  C:1F9BH         LINE#         34
  C:1FA1H         LINE#         35
  C:1FA3H         LINE#         37
  C:1FA6H         LINE#         38
  C:1FA6H         LINE#         39
  C:1FACH         LINE#         40
  C:1FAEH         LINE#         43
  C:1FB1H         LINE#         44
  C:1FB1H         LINE#         45
  C:1FB7H         LINE#         46
  C:1FBCH         LINE#         49
  C:1FC0H         LINE#         54
  C:1FC3H         LINE#         56
  C:1FC6H         LINE#         58
  C:1FCCH         LINE#         59
  C:1FD2H         LINE#         60
  C:1FD4H         LINE#         62
  C:1FF7H         LINE#         68
  C:1FF7H         LINE#         69
  C:1FFAH         LINE#         70
  C:1FFAH         LINE#         71
  C:2000H         LINE#         72
  C:2002H         LINE#         81
  C:2002H         LINE#         85
  C:200AH         LINE#         86
  C:200CH         LINE#         87
  C:2011H         LINE#         88
  C:2011H         LINE#         90
  -------         ENDPROC       MAIN
  -------         ENDMOD        MAIN

  -------         MODULE        APP_KEY
  C:0000H         SYMBOL        _ICE_DUMMY_
  D:0080H         PUBLIC        P0
  D:0090H         PUBLIC        P1
  D:00A0H         PUBLIC        P2
  D:00B0H         PUBLIC        P3
  C:2D7CH         PUBLIC        app_key_init
  D:00D8H         PUBLIC        P5
  D:00A8H         PUBLIC        IE
  C:2D6AH         PUBLIC        app_power_on
  D:00B8H         PUBLIC        IP
  C:08BCH         PUBLIC        _app_key_pro
  C:2D7EH         PUBLIC        app_key_1s_pro
  D:0098H         PUBLIC        SCON
  D:0088H         PUBLIC        TCON
  X:0081H         SYMBOL        buf
  D:00F8H         PUBLIC        SCON_1
  D:00E8H         PUBLIC        ADCCON0
BL51 BANKED LINKER/LOCATER V6.22                                                      08/29/2017  22:43:11  PAGE 11


  D:00C0H         PUBLIC        I2CON
  C:2D7FH         PUBLIC        app_key_clear_noOps_timeoutCnt
  D:00C8H         PUBLIC        T2CON
  C:2D30H         PUBLIC        app_power_off
  C:2D7DH         PUBLIC        app_key_100ms_pro
  D:00D0H         PUBLIC        PSW
  -------         PROC          APP_KEY_INIT
  C:2D7CH         LINE#         12
  C:2D7CH         LINE#         14
  -------         ENDPROC       APP_KEY_INIT
  -------         PROC          APP_POWER_ON
  C:2D6AH         LINE#         16
  C:2D6AH         LINE#         17
  -------         ENDPROC       APP_POWER_ON
  -------         PROC          APP_POWER_OFF
  C:2D30H         LINE#         19
  C:2D30H         LINE#         20
  C:2D33H         LINE#         21
  -------         ENDPROC       APP_POWER_OFF
  -------         PROC          APP_KEY_100MS_PRO
  C:2D7DH         LINE#         24
  C:2D7DH         LINE#         26
  -------         ENDPROC       APP_KEY_100MS_PRO
  -------         PROC          APP_KEY_1S_PRO
  C:2D7EH         LINE#         28
  C:2D7EH         LINE#         30
  -------         ENDPROC       APP_KEY_1S_PRO
  -------         PROC          APP_KEY_CLEAR_NOOPS_TIMEOUTCNT
  C:2D7FH         LINE#         31
  C:2D7FH         LINE#         32
  -------         ENDPROC       APP_KEY_CLEAR_NOOPS_TIMEOUTCNT
  -------         PROC          _APP_KEY_PRO
  X:0002H         SYMBOL        keyCode
  -------         DO            
  X:0003H         SYMBOL        index
  X:0004H         SYMBOL        i
  -------         ENDDO         
  C:08BCH         LINE#         34
  C:08C1H         LINE#         35
  C:08C4H         LINE#         36
  C:08C6H         LINE#         38
  C:08C9H         LINE#         42
  C:08CDH         LINE#         43
  C:08DAH         LINE#         44
  C:0941H         LINE#         45
  C:0941H         LINE#         46
  C:0955H         LINE#         47
  C:0969H         LINE#         48
  C:097DH         LINE#         49
  C:0991H         LINE#         50
  C:09B3H         LINE#         51
  C:09CFH         LINE#         52
  C:09D7H         LINE#         54
  C:09D7H         LINE#         55
  C:09D7H         LINE#         57
  C:09D7H         LINE#         58
  C:09D7H         LINE#         59
BL51 BANKED LINKER/LOCATER V6.22                                                      08/29/2017  22:43:11  PAGE 12


  C:09EBH         LINE#         60
  C:09FFH         LINE#         61
  C:0A13H         LINE#         62
  C:0A27H         LINE#         63
  C:0A49H         LINE#         64
  C:0A65H         LINE#         65
  C:0A6DH         LINE#         67
  C:0A6DH         LINE#         68
  C:0A6DH         LINE#         69
  C:0A81H         LINE#         70
  C:0A95H         LINE#         71
  C:0AA9H         LINE#         72
  C:0ABDH         LINE#         73
  C:0ADFH         LINE#         74
  C:0AFBH         LINE#         75
  C:0B03H         LINE#         77
  C:0B03H         LINE#         78
  C:0B03H         LINE#         80
  C:0B03H         LINE#         81
  C:0B03H         LINE#         83
  C:0B03H         LINE#         84
  C:0B03H         LINE#         86
  C:0B03H         LINE#         87
  C:0B03H         LINE#         89
  C:0B03H         LINE#         90
  C:0B03H         LINE#         92
  C:0B03H         LINE#         93
  C:0B03H         LINE#         95
  C:0B03H         LINE#         96
  C:0B03H         LINE#         98
  C:0B03H         LINE#         99
  C:0B03H         LINE#         101
  C:0B03H         LINE#         102
  C:0B03H         LINE#         103
  C:0B17H         LINE#         104
  C:0B2BH         LINE#         105
  C:0B3FH         LINE#         106
  C:0B53H         LINE#         107
  C:0B75H         LINE#         108
  C:0B91H         LINE#         109
  C:0B99H         LINE#         111
  C:0B99H         LINE#         112
  C:0B99H         LINE#         114
  C:0B99H         LINE#         115
  C:0B99H         LINE#         117
  C:0B99H         LINE#         118
  C:0B99H         LINE#         120
  C:0BADH         LINE#         121
  C:0BC1H         LINE#         122
  C:0BD5H         LINE#         123
  C:0BE9H         LINE#         124
  C:0C0BH         LINE#         125
  C:0C27H         LINE#         126
  C:0C2FH         LINE#         128
  C:0C2FH         LINE#         129
  C:0C2FH         LINE#         131
  C:0C2FH         LINE#         132
BL51 BANKED LINKER/LOCATER V6.22                                                      08/29/2017  22:43:11  PAGE 13


  C:0C2FH         LINE#         134
  C:0C2FH         LINE#         135
  C:0C2FH         LINE#         136
  C:0C43H         LINE#         137
  C:0C57H         LINE#         138
  C:0C6BH         LINE#         139
  C:0C7FH         LINE#         140
  C:0CA1H         LINE#         141
  C:0CBDH         LINE#         142
  C:0CC5H         LINE#         144
  C:0CC5H         LINE#         145
  C:0CC5H         LINE#         147
  C:0CC5H         LINE#         148
  C:0CC5H         LINE#         150
  C:0CC5H         LINE#         151
  C:0CC5H         LINE#         153
  C:0CC5H         LINE#         154
  C:0CC5H         LINE#         156
  C:0CC5H         LINE#         157
  C:0CC5H         LINE#         159
  C:0CC5H         LINE#         160
  C:0CC5H         LINE#         161
  C:0CD9H         LINE#         162
  C:0CEDH         LINE#         163
  C:0D01H         LINE#         164
  C:0D15H         LINE#         165
  C:0D34H         LINE#         166
  C:0D50H         LINE#         167
  C:0D58H         LINE#         169
  C:0D58H         LINE#         170
  C:0D58H         LINE#         172
  C:0D58H         LINE#         173
  C:0D58H         LINE#         175
  C:0D58H         LINE#         176
  C:0D58H         LINE#         178
  C:0D58H         LINE#         179
  C:0D58H         LINE#         181
  C:0D58H         LINE#         182
  C:0D58H         LINE#         184
  C:0D58H         LINE#         185
  C:0D58H         LINE#         187
  C:0D58H         LINE#         189
  C:0D58H         LINE#         190
  C:0D5EH         LINE#         191
  C:0D60H         LINE#         192
  C:0D6BH         LINE#         193
  C:0D6BH         LINE#         195
  -------         ENDPROC       _APP_KEY_PRO
  -------         ENDMOD        APP_KEY

  -------         MODULE        APP_WORK
  C:0000H         SYMBOL        _ICE_DUMMY_
  D:0080H         PUBLIC        P0
  D:0090H         PUBLIC        P1
  D:00A0H         PUBLIC        P2
  D:00B0H         PUBLIC        P3
  D:00D8H         PUBLIC        P5
BL51 BANKED LINKER/LOCATER V6.22                                                      08/29/2017  22:43:11  PAGE 14


  D:00A8H         PUBLIC        IE
  D:00B8H         PUBLIC        IP
  C:2D82H         SYMBOL        app_work_pro
  C:2D80H         PUBLIC        app_work_1s_pro
  D:0098H         PUBLIC        SCON
  D:0088H         PUBLIC        TCON
  C:2D36H         PUBLIC        work_Init
  D:00F8H         PUBLIC        SCON_1
  D:00E8H         PUBLIC        ADCCON0
  D:00C0H         PUBLIC        I2CON
  X:00D4H         PUBLIC        g_tWork
  D:00C8H         PUBLIC        T2CON
  C:2D81H         PUBLIC        app_work_100ms_pro
  D:00D0H         PUBLIC        PSW
  -------         PROC          WORK_INIT
  C:2D36H         LINE#         15
  C:2D36H         LINE#         16
  C:2D3BH         LINE#         19
  -------         ENDPROC       WORK_INIT
  -------         PROC          APP_WORK_1S_PRO
  C:2D80H         LINE#         21
  C:2D80H         LINE#         23
  -------         ENDPROC       APP_WORK_1S_PRO
  -------         PROC          APP_WORK_100MS_PRO
  C:2D81H         LINE#         24
  C:2D81H         LINE#         26
  -------         ENDPROC       APP_WORK_100MS_PRO
  -------         PROC          APP_WORK_PRO
  C:2D82H         LINE#         28
  C:2D82H         LINE#         30
  -------         ENDPROC       APP_WORK_PRO
  -------         ENDMOD        APP_WORK

  -------         MODULE        APP_REPEAT_EXE
  C:0000H         SYMBOL        _ICE_DUMMY_
  D:0080H         PUBLIC        P0
  D:0090H         PUBLIC        P1
  D:00A0H         PUBLIC        P2
  D:00B0H         PUBLIC        P3
  C:2C0DH         PUBLIC        _Repeat_SetStart
  D:00D8H         PUBLIC        P5
  D:00A8H         PUBLIC        IE
  C:2C3CH         PUBLIC        app_repeat_IsEnable
  C:2B6BH         SYMBOL        Repeat_Stop_exe
  D:00B8H         PUBLIC        IP
  C:2C19H         PUBLIC        _Repeat_SetStop
  X:005EH         SYMBOL        g_tRepeat
  D:0098H         PUBLIC        SCON
  D:0088H         PUBLIC        TCON
  D:00F8H         PUBLIC        SCON_1
  C:2716H         PUBLIC        _Repeat_Start
  D:00E8H         PUBLIC        ADCCON0
  D:00C0H         PUBLIC        I2CON
  D:00C8H         PUBLIC        T2CON
  C:2A9FH         PUBLIC        Repeat_Stop
  C:1CF1H         PUBLIC        Repeat_Pro
  C:2B5BH         SYMBOL        Repeat_Start_exe
BL51 BANKED LINKER/LOCATER V6.22                                                      08/29/2017  22:43:11  PAGE 15


  D:00D0H         PUBLIC        PSW
  -------         PROC          _REPEAT_SETSTART
  D:0001H         SYMBOL        fun
  C:2C0DH         LINE#         12
  C:2C0DH         LINE#         13
  C:2C18H         LINE#         14
  -------         ENDPROC       _REPEAT_SETSTART
  -------         PROC          _REPEAT_SETSTOP
  D:0001H         SYMBOL        fun
  C:2C19H         LINE#         16
  C:2C19H         LINE#         17
  C:2C24H         LINE#         18
  -------         ENDPROC       _REPEAT_SETSTOP
  -------         PROC          REPEAT_START_EXE
  C:2B5BH         LINE#         20
  C:2B5BH         LINE#         21
  C:2B67H         LINE#         22
  C:2B6AH         LINE#         23
  C:2B6AH         LINE#         24
  -------         ENDPROC       REPEAT_START_EXE
  -------         PROC          REPEAT_STOP_EXE
  C:2B6BH         LINE#         26
  C:2B6BH         LINE#         27
  C:2B77H         LINE#         28
  C:2B7AH         LINE#         29
  C:2B7AH         LINE#         30
  -------         ENDPROC       REPEAT_STOP_EXE
  -------         PROC          _REPEAT_START
  D:0006H         SYMBOL        _usStartTime
  D:0004H         SYMBOL        _usStopTime
  D:0002H         SYMBOL        _usCycle
  C:2716H         LINE#         42
  C:2716H         LINE#         43
  C:2716H         LINE#         44
  C:271AH         LINE#         46
  C:271AH         LINE#         48
  C:2722H         LINE#         49
  C:272AH         LINE#         50
  C:2732H         LINE#         51
  C:2737H         LINE#         52
  C:273BH         LINE#         53
  C:273FH         LINE#         54
  C:2744H         LINE#         56
  C:2747H         LINE#         57
  -------         ENDPROC       _REPEAT_START
  -------         PROC          REPEAT_STOP
  C:2A9FH         LINE#         67
  C:2A9FH         LINE#         68
  C:2AA4H         LINE#         69
  C:2AA7H         LINE#         70
  C:2AB0H         LINE#         71
  -------         ENDPROC       REPEAT_STOP
  -------         PROC          APP_REPEAT_ISENABLE
  C:2C3CH         LINE#         75
  C:2C3CH         LINE#         76
  C:2C42H         LINE#         77
  C:2C44H         LINE#         78
BL51 BANKED LINKER/LOCATER V6.22                                                      08/29/2017  22:43:11  PAGE 16


  C:2C44H         LINE#         79
  C:2C45H         LINE#         80
  -------         ENDPROC       APP_REPEAT_ISENABLE
  -------         PROC          REPEAT_PRO
  C:1CF1H         LINE#         90
  C:1CF1H         LINE#         92
  C:1D08H         LINE#         94
  C:1D08H         LINE#         96
  C:1D0EH         LINE#         97
  C:1D1AH         LINE#         98
  C:1D1AH         LINE#         99
  C:1D33H         LINE#         100
  C:1D36H         LINE#         101
  C:1D3DH         LINE#         102
  C:1D42H         LINE#         103
  C:1D42H         LINE#         104
  C:1D43H         LINE#         106
  C:1D43H         LINE#         107
  C:1D4BH         LINE#         108
  C:1D63H         LINE#         110
  C:1D72H         LINE#         111
  C:1D85H         LINE#         113
  C:1D8AH         LINE#         114
  C:1D8AH         LINE#         116
  C:1D90H         LINE#         117
  C:1D97H         LINE#         119
  C:1D97H         LINE#         120
  C:1D97H         LINE#         121
  C:1D9EH         LINE#         122
  C:1DA2H         LINE#         124
  C:1DA5H         LINE#         125
  C:1DA5H         LINE#         126
  C:1DA5H         LINE#         128
  -------         ENDPROC       REPEAT_PRO
  -------         ENDMOD        APP_REPEAT_EXE

  -------         MODULE        APP_2D4
  C:0000H         SYMBOL        _ICE_DUMMY_
  D:0080H         PUBLIC        P0
  D:0090H         PUBLIC        P1
  D:00A0H         PUBLIC        P2
  D:00B0H         PUBLIC        P3
  C:2816H         PUBLIC        app_2d4_init
  D:00D8H         PUBLIC        P5
  D:00A8H         PUBLIC        IE
  D:00B8H         PUBLIC        IP
  C:2C50H         SYMBOL        repeat_demo_start
  C:2599H         PUBLIC        app_2d4_pro
  D:0098H         PUBLIC        SCON
  D:0088H         PUBLIC        TCON
  C:2C59H         SYMBOL        repeat_demo_stop
  D:00F8H         PUBLIC        SCON_1
  X:002AH         SYMBOL        sendBuf
  X:003AH         SYMBOL        sendRcv_flag
  D:00E8H         PUBLIC        ADCCON0
  D:00C0H         PUBLIC        I2CON
  D:00C8H         PUBLIC        T2CON
BL51 BANKED LINKER/LOCATER V6.22                                                      08/29/2017  22:43:11  PAGE 17


  X:003BH         SYMBOL        rcvBuf
  C:1A34H         SYMBOL        _app_2d4_Rcv
  C:2544H         PUBLIC        _app_2d4_send
  D:00D0H         PUBLIC        PSW
  -------         PROC          APP_2D4_INIT
  C:2816H         LINE#         14
  C:2816H         LINE#         16
  C:281BH         LINE#         17
  C:2828H         LINE#         18
  C:2837H         LINE#         20
  C:283AH         LINE#         21
  -------         ENDPROC       APP_2D4_INIT
  -------         PROC          _APP_2D4_SEND
  X:0005H         SYMBOL        d
  X:0008H         SYMBOL        len
  C:2544H         LINE#         26
  C:2552H         LINE#         28
  C:2557H         LINE#         30
  C:2557H         LINE#         32
  C:255AH         LINE#         33
  C:2560H         LINE#         35
  C:257DH         LINE#         36
  C:2598H         LINE#         37
  C:2598H         LINE#         39
  -------         ENDPROC       _APP_2D4_SEND
  -------         PROC          REPEAT_DEMO_START
  C:2C50H         LINE#         41
  C:2C50H         LINE#         42
  -------         ENDPROC       REPEAT_DEMO_START
  -------         PROC          REPEAT_DEMO_STOP
  C:2C59H         LINE#         45
  C:2C59H         LINE#         46
  -------         ENDPROC       REPEAT_DEMO_STOP
  -------         PROC          _APP_2D4_RCV
  X:0002H         SYMBOL        buf
  -------         DO            
  X:0005H         SYMBOL        i
  X:0006H         SYMBOL        index
  X:0007H         SYMBOL        check
  -------         ENDDO         
  C:1A34H         LINE#         50
  C:1A3FH         LINE#         51
  C:1A42H         LINE#         52
  C:1A44H         LINE#         53
  C:1A46H         LINE#         55
  C:1A50H         LINE#         57
  C:1A50H         LINE#         58
  C:1A69H         LINE#         60
  C:1A69H         LINE#         61
  C:1A95H         LINE#         62
  C:1AAAH         LINE#         63
  C:1AB2H         LINE#         64
  C:1AD5H         LINE#         66
  C:1AD5H         LINE#         68
  C:1AE4H         LINE#         69
  C:1AE9H         LINE#         70
  C:1B00H         LINE#         71
BL51 BANKED LINKER/LOCATER V6.22                                                      08/29/2017  22:43:11  PAGE 18


  C:1B00H         LINE#         73
  C:1B00H         LINE#         74
  C:1B00H         LINE#         76
  C:1B00H         LINE#         77
  C:1B00H         LINE#         79
  C:1B09H         LINE#         80
  C:1B12H         LINE#         82
  C:1B21H         LINE#         84
  C:1B21H         LINE#         85
  C:1B21H         LINE#         87
  C:1B21H         LINE#         88
  C:1B21H         LINE#         90
  C:1B21H         LINE#         91
  C:1B21H         LINE#         92
  C:1B21H         LINE#         93
  C:1B21H         LINE#         95
  C:1B21H         LINE#         96
  C:1B21H         LINE#         98
  C:1B21H         LINE#         99
  C:1B21H         LINE#         101
  C:1B21H         LINE#         102
  C:1B21H         LINE#         104
  C:1B21H         LINE#         105
  C:1B21H         LINE#         106
  C:1B27H         LINE#         107
  C:1B29H         LINE#         109
  C:1B29H         LINE#         111
  -------         ENDPROC       _APP_2D4_RCV
  -------         PROC          APP_2D4_PRO
  C:2599H         LINE#         113
  C:2599H         LINE#         114
  C:259FH         LINE#         116
  C:25AFH         LINE#         117
  C:25AFH         LINE#         119
  C:25B2H         LINE#         120
  C:25B5H         LINE#         122
  C:25BAH         LINE#         123
  C:25BDH         LINE#         127
  C:25BDH         LINE#         128
  C:25BDH         LINE#         130
  C:25BDH         LINE#         131
  C:25BDH         LINE#         132
  C:25BFH         LINE#         133
  C:25BFH         LINE#         135
  C:25C2H         LINE#         136
  C:25C5H         LINE#         137
  C:25C5H         LINE#         138
  C:25C5H         LINE#         140
  C:25D0H         LINE#         142
  C:25D0H         LINE#         143
  C:25D0H         LINE#         145
  C:25D0H         LINE#         146
  C:25DEH         LINE#         149
  C:25E7H         LINE#         150
  C:25E7H         LINE#         152
  C:25E7H         LINE#         154
  -------         ENDPROC       APP_2D4_PRO
BL51 BANKED LINKER/LOCATER V6.22                                                      08/29/2017  22:43:11  PAGE 19


  -------         ENDMOD        APP_2D4

  -------         MODULE        APP_LCD
  C:0000H         SYMBOL        _ICE_DUMMY_
  D:0080H         PUBLIC        P0
  D:0090H         PUBLIC        P1
  D:00A0H         PUBLIC        P2
  D:00B0H         PUBLIC        P3
  D:00D8H         PUBLIC        P5
  C:2B7BH         PUBLIC        app_lcd_pro
  D:00A8H         PUBLIC        IE
  D:00B8H         PUBLIC        IP
  D:0098H         PUBLIC        SCON
  D:0088H         PUBLIC        TCON
  D:00F8H         PUBLIC        SCON_1
  C:2917H         PUBLIC        _app_lcd_default_string_set
  D:00E8H         PUBLIC        ADCCON0
  D:00C0H         PUBLIC        I2CON
  D:00C8H         PUBLIC        T2CON
  C:2A72H         PUBLIC        app_lcd_init
  X:0091H         SYMBOL        lcd_default_string
  D:00D0H         PUBLIC        PSW
  -------         PROC          APP_LCD_INIT
  C:2A72H         LINE#         13
  C:2A72H         LINE#         14
  -------         ENDPROC       APP_LCD_INIT
  -------         PROC          _APP_LCD_DEFAULT_STRING_SET
  D:0001H         SYMBOL        s
  X:00D7H         SYMBOL        len
  C:2917H         LINE#         20
  C:291CH         LINE#         21
  C:2928H         LINE#         22
  C:2937H         LINE#         23
  -------         ENDPROC       _APP_LCD_DEFAULT_STRING_SET
  -------         PROC          APP_LCD_PRO
  C:2B7BH         LINE#         25
  C:2B7BH         LINE#         27
  C:2B80H         LINE#         29
  C:2B89H         LINE#         31
  C:2B89H         LINE#         33
  -------         ENDPROC       APP_LCD_PRO
  -------         ENDMOD        APP_LCD

  -------         MODULE        BSP
  C:0000H         SYMBOL        _ICE_DUMMY_
  D:0080H         PUBLIC        P0
  D:0090H         PUBLIC        P1
  D:00A0H         PUBLIC        P2
  D:00B0H         PUBLIC        P3
  D:00D8H         PUBLIC        P5
  B:00A8H.7       PUBLIC        EA
  D:00A8H         PUBLIC        IE
  D:00B8H         PUBLIC        IP
  B:0021H.1       PUBLIC        BIT_TMP
  D:0098H         PUBLIC        SCON
  D:0088H         PUBLIC        TCON
  C:29EFH         PUBLIC        bsp_Init
BL51 BANKED LINKER/LOCATER V6.22                                                      08/29/2017  22:43:11  PAGE 20


  D:00F8H         PUBLIC        SCON_1
  D:00E8H         PUBLIC        ADCCON0
  D:00C0H         PUBLIC        I2CON
  D:00C8H         PUBLIC        T2CON
  D:00D0H         PUBLIC        PSW
  -------         PROC          BSP_INIT
  C:29EFH         LINE#         5
  C:29EFH         LINE#         10
  C:29F2H         LINE#         12
  C:29F5H         LINE#         13
  C:29F8H         LINE#         14
  C:29FBH         LINE#         15
  C:29FEH         LINE#         17
  C:2A01H         LINE#         18
  C:2A04H         LINE#         23
  C:2A07H         LINE#         25
  C:2A09H         LINE#         27
  -------         ENDPROC       BSP_INIT
  -------         ENDMOD        BSP

  -------         MODULE        BSP_KEY
  C:0000H         SYMBOL        _ICE_DUMMY_
  D:00B1H         PUBLIC        P0M1
  D:00B2H         PUBLIC        P0M2
  D:0080H         PUBLIC        P0
  D:0090H         PUBLIC        P1
  D:00A0H         PUBLIC        P2
  C:219AH         SYMBOL        _IsKeyDown
  D:00B0H         PUBLIC        P3
  D:00D8H         PUBLIC        P5
  C:2AB3H         PUBLIC        _bsp_PutKey
  D:00A8H         PUBLIC        IE
  C:1DA6H         SYMBOL        bsp_InitKeyVar
  X:00ACH         PUBLIC        pBtn
  D:00B8H         PUBLIC        IP
  C:2B38H         SYMBOL        IsKeyDown_1AND6
  C:29D3H         PUBLIC        bsp_GetKey2
  C:155BH         SYMBOL        _bsp_DetectKey
  B:0080H.2       PUBLIC        P02
  C:2C62H         SYMBOL        IsKeyDown1
  D:0098H         PUBLIC        SCON
  C:2B8AH         SYMBOL        IsKeyDown2
  D:0088H         PUBLIC        TCON
  C:2B99H         SYMBOL        IsKeyDown3
  C:2BA8H         SYMBOL        IsKeyDown4
  C:2BE4H         SYMBOL        IsKeyDown5
  C:2D3CH         SYMBOL        IsKeyDown6
  C:2D42H         SYMBOL        IsKeyDown7
  C:2BB7H         SYMBOL        IsKeyDown8
  C:2BC6H         SYMBOL        IsKeyDown9
  C:2D4EH         PUBLIC        bsp_ClearKey
  X:00AFH         PUBLIC        min
  D:00F8H         PUBLIC        SCON_1
  X:00B1H         PUBLIC        max
  C:2A0AH         PUBLIC        bsp_KeyScan
  D:00E8H         PUBLIC        ADCCON0
  D:00C0H         PUBLIC        I2CON
BL51 BANKED LINKER/LOCATER V6.22                                                      08/29/2017  22:43:11  PAGE 21


  D:00C8H         PUBLIC        T2CON
  C:2D48H         PUBLIC        bsp_InitKey
  C:2CA4H         SYMBOL        bsp_InitKeyHard
  I:0022H         SYMBOL        s_tBtn
  I:0090H         SYMBOL        s_tKey
  C:29B7H         PUBLIC        bsp_GetKey
  C:2889H         PUBLIC        _bsp_SetKeyParam
  C:2C31H         PUBLIC        _bsp_GetKeyState
  D:00D0H         PUBLIC        PSW
  -------         PROC          ISKEYDOWN1
  C:2C62H         LINE#         46
  C:2C62H         LINE#         47
  C:2C65H         LINE#         48
  C:2C68H         LINE#         49
  C:2C68H         LINE#         50
  C:2C6AH         LINE#         51
  C:2C6AH         LINE#         52
  -------         ENDPROC       ISKEYDOWN1
  -------         PROC          L?0067
  -------         ENDPROC       L?0067
  -------         PROC          _ISKEYDOWN
  D:0006H         SYMBOL        key_ad
  D:0004H         SYMBOL        result_ad
  C:219AH         LINE#         55
  C:219AH         LINE#         57
  C:21BFH         LINE#         58
  C:21DEH         LINE#         60
  C:21F7H         LINE#         61
  -------         ENDPROC       _ISKEYDOWN
  -------         PROC          ISKEYDOWN2
  C:2B8AH         LINE#         64
  C:2B8AH         LINE#         66
  C:2B98H         LINE#         67
  -------         ENDPROC       ISKEYDOWN2
  -------         PROC          ISKEYDOWN3
  C:2B99H         LINE#         69
  C:2B99H         LINE#         70
  C:2BA7H         LINE#         71
  -------         ENDPROC       ISKEYDOWN3
  -------         PROC          ISKEYDOWN4
  C:2BA8H         LINE#         73
  C:2BA8H         LINE#         74
  C:2BB6H         LINE#         75
  -------         ENDPROC       ISKEYDOWN4
  -------         PROC          ISKEYDOWN5
  C:2BE4H         LINE#         77
  C:2BE4H         LINE#         79
  C:2BF1H         LINE#         80
  -------         ENDPROC       ISKEYDOWN5
  -------         PROC          ISKEYDOWN6
  C:2D3CH         LINE#         82
  C:2D3CH         LINE#         83
  C:2D41H         LINE#         84
  -------         ENDPROC       ISKEYDOWN6
  -------         PROC          ISKEYDOWN7
  C:2D42H         LINE#         86
  C:2D42H         LINE#         87
BL51 BANKED LINKER/LOCATER V6.22                                                      08/29/2017  22:43:11  PAGE 22


  C:2D47H         LINE#         88
  -------         ENDPROC       ISKEYDOWN7
  -------         PROC          ISKEYDOWN8
  C:2BB7H         LINE#         90
  C:2BB7H         LINE#         91
  C:2BC5H         LINE#         92
  -------         ENDPROC       ISKEYDOWN8
  -------         PROC          ISKEYDOWN9
  C:2BC6H         LINE#         94
  C:2BC6H         LINE#         95
  C:2BD4H         LINE#         96
  -------         ENDPROC       ISKEYDOWN9
  -------         PROC          ISKEYDOWN_1AND6
  C:2B38H         LINE#         98
  C:2B38H         LINE#         99
  C:2B44H         LINE#         100
  C:2B47H         LINE#         101
  C:2B47H         LINE#         102
  C:2B49H         LINE#         103
  C:2B49H         LINE#         105
  -------         ENDPROC       ISKEYDOWN_1AND6
  -------         PROC          BSP_INITKEY
  C:2D48H         LINE#         114
  C:2D48H         LINE#         115
  C:2D4BH         LINE#         116
  -------         ENDPROC       BSP_INITKEY
  -------         PROC          _BSP_PUTKEY
  D:0007H         SYMBOL        _KeyCode
  C:2AB3H         LINE#         127
  C:2AB3H         LINE#         128
  C:2ABBH         LINE#         130
  C:2AC4H         LINE#         131
  C:2AC6H         LINE#         132
  C:2AC6H         LINE#         133
  -------         ENDPROC       _BSP_PUTKEY
  -------         PROC          BSP_GETKEY
  -------         DO            
  D:0007H         SYMBOL        ret
  -------         ENDDO         
  C:29B7H         LINE#         143
  C:29B7H         LINE#         146
  C:29BFH         LINE#         147
  C:29C1H         LINE#         148
  C:29C1H         LINE#         149
  C:29C7H         LINE#         151
  C:29D0H         LINE#         152
  C:29D2H         LINE#         153
  C:29D2H         LINE#         154
  C:29D2H         LINE#         155
  C:29D2H         LINE#         156
  -------         ENDPROC       BSP_GETKEY
  -------         PROC          BSP_GETKEY2
  -------         DO            
  D:0007H         SYMBOL        ret
  -------         ENDDO         
  C:29D3H         LINE#         166
  C:29D3H         LINE#         169
BL51 BANKED LINKER/LOCATER V6.22                                                      08/29/2017  22:43:11  PAGE 23


  C:29DBH         LINE#         170
  C:29DDH         LINE#         171
  C:29DDH         LINE#         172
  C:29E3H         LINE#         174
  C:29ECH         LINE#         175
  C:29EEH         LINE#         176
  C:29EEH         LINE#         177
  C:29EEH         LINE#         178
  C:29EEH         LINE#         179
  -------         ENDPROC       BSP_GETKEY2
  -------         PROC          _BSP_GETKEYSTATE
  D:0007H         SYMBOL        _ucKeyID
  C:2C31H         LINE#         189
  C:2C31H         LINE#         190
  C:2C3BH         LINE#         191
  -------         ENDPROC       _BSP_GETKEYSTATE
  -------         PROC          _BSP_SETKEYPARAM
  D:0007H         SYMBOL        _ucKeyID
  D:0004H         SYMBOL        _LongTime
  D:0003H         SYMBOL        _RepeatSpeed
  C:2889H         LINE#         203
  C:2889H         LINE#         204
  C:2896H         LINE#         205
  C:28A2H         LINE#         206
  C:28ACH         LINE#         207
  -------         ENDPROC       _BSP_SETKEYPARAM
  -------         PROC          BSP_CLEARKEY
  C:2D4EH         LINE#         217
  C:2D4EH         LINE#         218
  C:2D53H         LINE#         219
  -------         ENDPROC       BSP_CLEARKEY
  -------         PROC          BSP_INITKEYHARD
  C:2CA4H         LINE#         229
  C:2CA4H         LINE#         231
  C:2CA7H         LINE#         232
  C:2CAAH         LINE#         234
  -------         ENDPROC       BSP_INITKEYHARD
  -------         PROC          BSP_INITKEYVAR
  -------         DO            
  D:0007H         SYMBOL        i
  -------         ENDDO         
  C:1DA6H         LINE#         244
  C:1DA6H         LINE#         249
  C:1DAAH         LINE#         250
  C:1DACH         LINE#         251
  C:1DAEH         LINE#         254
  C:1DAFH         LINE#         255
  C:1DBCH         LINE#         256
  C:1DC6H         LINE#         257
  C:1DD0H         LINE#         261
  C:1DDAH         LINE#         262
  C:1DE4H         LINE#         263
  C:1DE9H         LINE#         266
  C:1DF3H         LINE#         267
  C:1DFDH         LINE#         268
  C:1E07H         LINE#         269
  C:1E11H         LINE#         270
BL51 BANKED LINKER/LOCATER V6.22                                                      08/29/2017  22:43:11  PAGE 24


  C:1E1BH         LINE#         271
  C:1E25H         LINE#         272
  C:1E2FH         LINE#         273
  C:1E39H         LINE#         274
  C:1E43H         LINE#         275
  C:1E4DH         LINE#         276
  -------         ENDPROC       BSP_INITKEYVAR
  -------         PROC          _BSP_DETECTKEY
  X:0003H         SYMBOL        i
  C:155BH         LINE#         287
  C:1560H         LINE#         288
  C:1574H         LINE#         289
  C:1580H         LINE#         290
  C:1597H         LINE#         291
  C:159CH         LINE#         292
  C:15A5H         LINE#         293
  C:15ADH         LINE#         294
  C:15ADH         LINE#         295
  C:15B5H         LINE#         296
  C:15BCH         LINE#         299
  C:15C9H         LINE#         300
  C:15C9H         LINE#         302
  C:15E8H         LINE#         303
  C:15F5H         LINE#         305
  C:160CH         LINE#         307
  C:1616H         LINE#         308
  C:1616H         LINE#         309
  C:1618H         LINE#         310
  C:1627H         LINE#         311
  C:1633H         LINE#         312
  C:163AH         LINE#         314
  C:1647H         LINE#         315
  C:1647H         LINE#         316
  C:1647H         LINE#         317
  C:1647H         LINE#         318
  C:1647H         LINE#         319
  C:1647H         LINE#         320
  C:1647H         LINE#         321
  C:165EH         LINE#         322
  C:1666H         LINE#         323
  C:166BH         LINE#         324
  C:1673H         LINE#         325
  C:1675H         LINE#         326
  C:167EH         LINE#         327
  C:1685H         LINE#         330
  C:1693H         LINE#         331
  C:1693H         LINE#         332
  C:1693H         LINE#         333
  C:16A7H         LINE#         334
  C:16AEH         LINE#         335
  C:16AEH         LINE#         336
  -------         ENDPROC       _BSP_DETECTKEY
  -------         PROC          BSP_KEYSCAN
  -------         DO            
  X:0002H         SYMBOL        i
  -------         ENDDO         
  C:2A0AH         LINE#         346
BL51 BANKED LINKER/LOCATER V6.22                                                      08/29/2017  22:43:11  PAGE 25


  C:2A0AH         LINE#         349
  C:2A19H         LINE#         350
  C:2A1CH         LINE#         351
  C:2A24H         LINE#         352
  -------         ENDPROC       BSP_KEYSCAN
  -------         ENDMOD        BSP_KEY

  -------         MODULE        BSP_DISPLAY
  C:0000H         SYMBOL        _ICE_DUMMY_
  C:2D06H         PUBLIC        LCD_Show_BAZOOKA_ICO
  D:00B1H         PUBLIC        P0M1
  D:00B3H         PUBLIC        P1M1
  D:00B2H         PUBLIC        P0M2
  D:0080H         PUBLIC        P0
  D:00B5H         PUBLIC        P2M1
  D:00B4H         PUBLIC        P1M2
  D:0090H         PUBLIC        P1
  D:00B6H         PUBLIC        P2M2
  D:00ACH         PUBLIC        P3M1
  D:00A0H         PUBLIC        P2
  D:00DAH         PUBLIC        P4M1
  D:00B0H         PUBLIC        P3
  D:00ADH         PUBLIC        P3M2
  D:00DCH         PUBLIC        P5M1
  D:00DBH         PUBLIC        P4M2
  D:00DDH         PUBLIC        P5M2
  D:00D8H         PUBLIC        P5
  C:2CC0H         PUBLIC        LCD_Show_FM_ICO
  D:00A8H         PUBLIC        IE
  C:2CABH         PUBLIC        LCD_Clear_LED_ICO
  C:000EH         PUBLIC        LCD_Clear_All
  D:00B8H         PUBLIC        IP
  C:2D0DH         PUBLIC        LCD_Clear_upColon_ICO
  C:2CE3H         PUBLIC        LCD_Clear_USB_ICO
  C:26ADH         PUBLIC        LCD_display_InitHard
  C:2CD5H         PUBLIC        LCD_Clear_AUX_ICO
  C:2CF1H         PUBLIC        LCD_Clear_MHZ_ICO
  C:2D22H         PUBLIC        LCD_Show_downColon_ICO
  D:00FCH         PUBLIC        LCDDAT
  D:00FAH         PUBLIC        LCDCLK
  D:0098H         PUBLIC        SCON
  D:00F9H         PUBLIC        LCDCON
  D:0088H         PUBLIC        TCON
  C:2CC7H         PUBLIC        LCD_Clear_BLUETooTH_ICO
  C:2D54H         PUBLIC        LCD_Clear_Colon_ICO
  C:2CFFH         PUBLIC        LCD_Clear_BAZOOKA_ICO
  D:00F8H         PUBLIC        SCON_1
  C:2CB2H         PUBLIC        LCD_Show_LED_ICO
  D:00FBH         PUBLIC        LCDPTR
  C:2CB9H         PUBLIC        LCD_Clear_FM_ICO
  C:1E4EH         PUBLIC        _LCD_ShowString
  C:1B2AH         SYMBOL        _LCD_Clear_mi
  C:005EH         PUBLIC        _LCD_ShowChar
  C:2D14H         PUBLIC        LCD_Show_upColon_ICO
  D:00E8H         PUBLIC        ADCCON0
  D:00C0H         PUBLIC        I2CON
  C:2CEAH         PUBLIC        LCD_Show_USB_ICO
BL51 BANKED LINKER/LOCATER V6.22                                                      08/29/2017  22:43:11  PAGE 26


  C:2CDCH         PUBLIC        LCD_Show_AUX_ICO
  C:2CF8H         PUBLIC        LCD_Show_MHZ_ICO
  D:00E5H         PUBLIC        LCDSEG0
  D:00E6H         PUBLIC        LCDSEG1
  D:00E7H         PUBLIC        LCDSEG2
  D:00EEH         PUBLIC        LCDSEG3
  D:00C8H         PUBLIC        T2CON
  C:2CCEH         PUBLIC        LCD_Show_BLUETooTH_ICO
  C:2C00H         PUBLIC        LCD_Clear_mi_all
  C:2D5AH         PUBLIC        LCD_Show_Colon_ICO
  C:2D1BH         PUBLIC        LCD_Clear_downColon_ICO
  D:00D0H         PUBLIC        PSW
  -------         PROC          LCD_DISPLAY_INITHARD
  C:26ADH         LINE#         16
  C:26ADH         LINE#         19
  C:26B0H         LINE#         20
  C:26B3H         LINE#         22
  C:26B5H         LINE#         23
  C:26B8H         LINE#         25
  C:26BAH         LINE#         26
  C:26BDH         LINE#         28
  C:26BFH         LINE#         29
  C:26C2H         LINE#         31
  C:26C4H         LINE#         32
  C:26C7H         LINE#         34
  C:26C9H         LINE#         35
  C:26CCH         LINE#         39
  C:26CEH         LINE#         41
  C:26D1H         LINE#         44
  C:26D4H         LINE#         45
  C:26D7H         LINE#         46
  C:26DAH         LINE#         47
  C:26DDH         LINE#         49
  C:26E0H         LINE#         51
  -------         ENDPROC       LCD_DISPLAY_INITHARD
  -------         PROC          LCD_CLEAR_ALL
  -------         DO            
  D:0007H         SYMBOL        i
  -------         ENDDO         
  C:000EH         LINE#         54
  C:000EH         LINE#         56
  C:0010H         LINE#         57
  C:0012H         LINE#         58
  C:0015H         LINE#         59
  C:001AH         LINE#         60
  -------         ENDPROC       LCD_CLEAR_ALL
  -------         PROC          LCD_CLEAR_LED_ICO
  C:2CABH         LINE#         62
  C:2CABH         LINE#         63
  C:2CAEH         LINE#         64
  C:2CB1H         LINE#         65
  -------         ENDPROC       LCD_CLEAR_LED_ICO
  -------         PROC          LCD_SHOW_LED_ICO
  C:2CB2H         LINE#         66
  C:2CB2H         LINE#         67
  C:2CB5H         LINE#         68
  C:2CB8H         LINE#         69
BL51 BANKED LINKER/LOCATER V6.22                                                      08/29/2017  22:43:11  PAGE 27


  -------         ENDPROC       LCD_SHOW_LED_ICO
  -------         PROC          LCD_CLEAR_FM_ICO
  C:2CB9H         LINE#         70
  C:2CB9H         LINE#         71
  C:2CBCH         LINE#         72
  C:2CBFH         LINE#         73
  -------         ENDPROC       LCD_CLEAR_FM_ICO
  -------         PROC          LCD_SHOW_FM_ICO
  C:2CC0H         LINE#         74
  C:2CC0H         LINE#         75
  C:2CC3H         LINE#         76
  C:2CC6H         LINE#         77
  -------         ENDPROC       LCD_SHOW_FM_ICO
  -------         PROC          LCD_CLEAR_BLUETOOTH_ICO
  C:2CC7H         LINE#         78
  C:2CC7H         LINE#         79
  C:2CCAH         LINE#         80
  C:2CCDH         LINE#         81
  -------         ENDPROC       LCD_CLEAR_BLUETOOTH_ICO
  -------         PROC          LCD_SHOW_BLUETOOTH_ICO
  C:2CCEH         LINE#         82
  C:2CCEH         LINE#         83
  C:2CD1H         LINE#         84
  C:2CD4H         LINE#         85
  -------         ENDPROC       LCD_SHOW_BLUETOOTH_ICO
  -------         PROC          LCD_CLEAR_AUX_ICO
  C:2CD5H         LINE#         86
  C:2CD5H         LINE#         87
  C:2CD8H         LINE#         88
  C:2CDBH         LINE#         89
  -------         ENDPROC       LCD_CLEAR_AUX_ICO
  -------         PROC          LCD_SHOW_AUX_ICO
  C:2CDCH         LINE#         90
  C:2CDCH         LINE#         91
  C:2CDFH         LINE#         92
  C:2CE2H         LINE#         93
  -------         ENDPROC       LCD_SHOW_AUX_ICO
  -------         PROC          LCD_CLEAR_USB_ICO
  C:2CE3H         LINE#         94
  C:2CE3H         LINE#         95
  C:2CE6H         LINE#         96
  C:2CE9H         LINE#         97
  -------         ENDPROC       LCD_CLEAR_USB_ICO
  -------         PROC          LCD_SHOW_USB_ICO
  C:2CEAH         LINE#         98
  C:2CEAH         LINE#         99
  C:2CEDH         LINE#         100
  C:2CF0H         LINE#         101
  -------         ENDPROC       LCD_SHOW_USB_ICO
  -------         PROC          LCD_CLEAR_MHZ_ICO
  C:2CF1H         LINE#         102
  C:2CF1H         LINE#         103
  C:2CF4H         LINE#         104
  C:2CF7H         LINE#         105
  -------         ENDPROC       LCD_CLEAR_MHZ_ICO
  -------         PROC          LCD_SHOW_MHZ_ICO
  C:2CF8H         LINE#         106
BL51 BANKED LINKER/LOCATER V6.22                                                      08/29/2017  22:43:11  PAGE 28


  C:2CF8H         LINE#         107
  C:2CFBH         LINE#         108
  C:2CFEH         LINE#         109
  -------         ENDPROC       LCD_SHOW_MHZ_ICO
  -------         PROC          LCD_CLEAR_BAZOOKA_ICO
  C:2CFFH         LINE#         110
  C:2CFFH         LINE#         111
  C:2D02H         LINE#         112
  C:2D05H         LINE#         113
  -------         ENDPROC       LCD_CLEAR_BAZOOKA_ICO
  -------         PROC          LCD_SHOW_BAZOOKA_ICO
  C:2D06H         LINE#         114
  C:2D06H         LINE#         115
  C:2D09H         LINE#         116
  C:2D0CH         LINE#         117
  -------         ENDPROC       LCD_SHOW_BAZOOKA_ICO
  -------         PROC          LCD_CLEAR_UPCOLON_ICO
  C:2D0DH         LINE#         123
  C:2D0DH         LINE#         124
  C:2D10H         LINE#         125
  C:2D13H         LINE#         126
  -------         ENDPROC       LCD_CLEAR_UPCOLON_ICO
  -------         PROC          LCD_SHOW_UPCOLON_ICO
  C:2D14H         LINE#         127
  C:2D14H         LINE#         128
  C:2D17H         LINE#         129
  C:2D1AH         LINE#         130
  -------         ENDPROC       LCD_SHOW_UPCOLON_ICO
  -------         PROC          LCD_CLEAR_DOWNCOLON_ICO
  C:2D1BH         LINE#         131
  C:2D1BH         LINE#         132
  C:2D1EH         LINE#         133
  C:2D21H         LINE#         134
  -------         ENDPROC       LCD_CLEAR_DOWNCOLON_ICO
  -------         PROC          LCD_SHOW_DOWNCOLON_ICO
  C:2D22H         LINE#         135
  C:2D22H         LINE#         136
  C:2D25H         LINE#         137
  C:2D28H         LINE#         138
  -------         ENDPROC       LCD_SHOW_DOWNCOLON_ICO
  -------         PROC          LCD_CLEAR_COLON_ICO
  C:2D54H         LINE#         139
  C:2D54H         LINE#         140
  C:2D57H         LINE#         141
  -------         ENDPROC       LCD_CLEAR_COLON_ICO
  -------         PROC          LCD_SHOW_COLON_ICO
  C:2D5AH         LINE#         143
  C:2D5AH         LINE#         144
  C:2D5DH         LINE#         145
  -------         ENDPROC       LCD_SHOW_COLON_ICO
  -------         PROC          _LCD_CLEAR_MI
  D:0007H         SYMBOL        n
  C:1B2AH         LINE#         147
  C:1B2AH         LINE#         148
  C:1B52H         LINE#         149
  C:1B52H         LINE#         150
  C:1B55H         LINE#         151
BL51 BANKED LINKER/LOCATER V6.22                                                      08/29/2017  22:43:11  PAGE 29


  C:1B58H         LINE#         153
  C:1B5BH         LINE#         154
  C:1B5EH         LINE#         156
  C:1B61H         LINE#         157
  C:1B64H         LINE#         159
  C:1B67H         LINE#         160
  C:1B67H         LINE#         161
  C:1B6AH         LINE#         162
  C:1B6AH         LINE#         163
  C:1B6DH         LINE#         164
  C:1B70H         LINE#         166
  C:1B73H         LINE#         167
  C:1B76H         LINE#         169
  C:1B79H         LINE#         170
  C:1B7CH         LINE#         172
  C:1B7FH         LINE#         173
  C:1B7FH         LINE#         174
  C:1B82H         LINE#         175
  C:1B82H         LINE#         176
  C:1B85H         LINE#         177
  C:1B88H         LINE#         179
  C:1B8BH         LINE#         180
  C:1B8EH         LINE#         182
  C:1B91H         LINE#         183
  C:1B94H         LINE#         185
  C:1B97H         LINE#         186
  C:1B97H         LINE#         187
  C:1B99H         LINE#         188
  C:1B99H         LINE#         189
  C:1B9CH         LINE#         190
  C:1B9FH         LINE#         192
  C:1BA2H         LINE#         193
  C:1BA5H         LINE#         195
  C:1BA8H         LINE#         196
  C:1BABH         LINE#         198
  C:1BAEH         LINE#         199
  C:1BAEH         LINE#         200
  C:1BB0H         LINE#         201
  C:1BB0H         LINE#         202
  C:1BB3H         LINE#         203
  C:1BB6H         LINE#         205
  C:1BB9H         LINE#         206
  C:1BBCH         LINE#         208
  C:1BBFH         LINE#         209
  C:1BC2H         LINE#         211
  C:1BC5H         LINE#         212
  C:1BC5H         LINE#         213
  C:1BC7H         LINE#         214
  C:1BC7H         LINE#         215
  C:1BCAH         LINE#         216
  C:1BCDH         LINE#         218
  C:1BD0H         LINE#         219
  C:1BD3H         LINE#         221
  C:1BD6H         LINE#         222
  C:1BD9H         LINE#         224
  C:1BDCH         LINE#         225
  C:1BDCH         LINE#         226
BL51 BANKED LINKER/LOCATER V6.22                                                      08/29/2017  22:43:11  PAGE 30


  C:1BDEH         LINE#         227
  C:1BDEH         LINE#         228
  C:1BE1H         LINE#         229
  C:1BE4H         LINE#         231
  C:1BE7H         LINE#         232
  C:1BEAH         LINE#         234
  C:1BEDH         LINE#         235
  C:1BF0H         LINE#         237
  C:1BF3H         LINE#         238
  C:1BF3H         LINE#         239
  C:1BF5H         LINE#         240
  C:1BF5H         LINE#         241
  C:1BF8H         LINE#         242
  C:1BFBH         LINE#         244
  C:1BFEH         LINE#         245
  C:1C01H         LINE#         247
  C:1C04H         LINE#         248
  C:1C07H         LINE#         250
  C:1C0AH         LINE#         251
  C:1C0DH         LINE#         252
  C:1C0DH         LINE#         253
  C:1C0DH         LINE#         254
  -------         ENDPROC       _LCD_CLEAR_MI
  -------         PROC          LCD_CLEAR_MI_ALL
  -------         DO            
  D:0006H         SYMBOL        i
  -------         ENDDO         
  C:2C00H         LINE#         255
  C:2C00H         LINE#         256
  C:2C02H         LINE#         257
  C:2C02H         LINE#         258
  C:2C07H         LINE#         259
  C:2C0CH         LINE#         260
  -------         ENDPROC       LCD_CLEAR_MI_ALL
  -------         PROC          _LCD_SHOWCHAR
  D:0007H         SYMBOL        n
  D:0005H         SYMBOL        c
  C:005EH         LINE#         261
  C:005EH         LINE#         262
  C:0067H         LINE#         264
  C:0067H         LINE#         266
  C:0070H         LINE#         267
  C:0072H         LINE#         268
  C:0078H         LINE#         269
  C:007AH         LINE#         270
  C:0080H         LINE#         271
  C:0082H         LINE#         272
  C:0088H         LINE#         273
  C:008AH         LINE#         274
  C:0090H         LINE#         275
  C:0092H         LINE#         276
  C:0092H         LINE#         277
  C:0145H         LINE#         278
  C:0145H         LINE#         279
  C:0151H         LINE#         280
  C:0154H         LINE#         282
  C:015AH         LINE#         283
BL51 BANKED LINKER/LOCATER V6.22                                                      08/29/2017  22:43:11  PAGE 31


  C:015DH         LINE#         285
  C:0163H         LINE#         286
  C:0166H         LINE#         288
  C:0166H         LINE#         289
  C:0166H         LINE#         290
  C:0169H         LINE#         291
  C:0169H         LINE#         292
  C:0175H         LINE#         293
  C:0178H         LINE#         295
  C:017EH         LINE#         296
  C:0181H         LINE#         298
  C:0187H         LINE#         299
  C:018AH         LINE#         301
  C:018AH         LINE#         302
  C:018AH         LINE#         303
  C:018DH         LINE#         304
  C:018DH         LINE#         305
  C:0199H         LINE#         306
  C:019CH         LINE#         308
  C:019CH         LINE#         309
  C:019CH         LINE#         311
  C:019CH         LINE#         312
  C:019CH         LINE#         314
  C:019CH         LINE#         315
  C:019CH         LINE#         316
  C:019FH         LINE#         317
  C:019FH         LINE#         318
  C:01ABH         LINE#         319
[...]
  -------         PROC          _INITIALUART0_TIMER1_TYPE4
  D:0004H         SYMBOL        u32Baudrate
  C:2772H         LINE#         200
  C:2772H         LINE#         201
  C:2772H         LINE#         202
  C:2775H         LINE#         203
  C:2778H         LINE#         205
  C:277BH         LINE#         206
  C:277EH         LINE#         207
  C:2781H         LINE#         210
  C:2799H         LINE#         215
  C:279BH         LINE#         216
  -------         ENDPROC       _INITIALUART0_TIMER1_TYPE4
  -------         PROC          _INITIALUART0_TIMER3_TYPE5
  X:00B8H         SYMBOL        u32Baudrate
  C:21F8H         LINE#         218
  C:21FEH         LINE#         219
  C:21FEH         LINE#         220
  C:2201H         LINE#         221
  C:2204H         LINE#         222
  C:2207H         LINE#         223
  C:220AH         LINE#         226
  C:2238H         LINE#         227
  C:2257H         LINE#         233
  C:225AH         LINE#         234
  -------         ENDPROC       _INITIALUART0_TIMER3_TYPE5
  -------         PROC          _INITIALUART0_TIMER3_TYPE6
  X:00BCH         SYMBOL        u32Baudrate
  C:225BH         LINE#         236
  C:2261H         LINE#         237
  C:2261H         LINE#         238
  C:2264H         LINE#         239
  C:2267H         LINE#         240
  C:226AH         LINE#         241
  C:226DH         LINE#         244
  C:229BH         LINE#         245
  C:22BAH         LINE#         251
  C:22BDH         LINE#         252
  -------         ENDPROC       _INITIALUART0_TIMER3_TYPE6
  -------         PROC          _INITIALUART1_TIMER3
  X:00C0H         SYMBOL        u32Baudrate
  C:237EH         LINE#         254
BL51 BANKED LINKER/LOCATER V6.22                                                      08/29/2017  22:43:11  PAGE 57


  C:2384H         LINE#         255
  C:2384H         LINE#         256
  C:2387H         LINE#         257
  C:238AH         LINE#         260
  C:23B8H         LINE#         261
  C:23D7H         LINE#         267
  C:23DAH         LINE#         268
  -------         ENDPROC       _INITIALUART1_TIMER3
  -------         PROC          RECEIVE_DATA_FROM_UART0
  -------         DO            
  D:0007H         SYMBOL        c
  -------         ENDDO         
  C:2C7DH         LINE#         280
  C:2C7DH         LINE#         283
  C:2C80H         LINE#         285
  C:2C82H         LINE#         286
  C:2C84H         LINE#         287
  C:2C84H         LINE#         288
  -------         ENDPROC       RECEIVE_DATA_FROM_UART0
  -------         PROC          _SEND_DATA_TO_UART0
  D:0007H         SYMBOL        c
  C:2C85H         LINE#         300
  C:2C85H         LINE#         301
  C:2C87H         LINE#         302
  C:2C89H         LINE#         303
  C:2C8CH         LINE#         305
  -------         ENDPROC       _SEND_DATA_TO_UART0
  -------         PROC          RECEIVE_DATA_FROM_UART1
  -------         DO            
  D:0007H         SYMBOL        c
  -------         ENDDO         
  C:2C8DH         LINE#         317
  C:2C8DH         LINE#         320
  C:2C90H         LINE#         322
  C:2C92H         LINE#         323
  C:2C94H         LINE#         324
  C:2C94H         LINE#         325
  -------         ENDPROC       RECEIVE_DATA_FROM_UART1
  -------         PROC          _SEND_DATA_TO_UART1
  D:0007H         SYMBOL        c
  C:2C95H         LINE#         337
  C:2C95H         LINE#         338
  C:2C97H         LINE#         339
  C:2C99H         LINE#         340
  C:2C9CH         LINE#         342
  -------         ENDPROC       _SEND_DATA_TO_UART1
  -------         PROC          SET_ALL_GPIO_QUASI_MODE
  C:2A25H         LINE#         344
  C:2A25H         LINE#         345
  C:2A28H         LINE#         346
  C:2A2AH         LINE#         347
  C:2A2CH         LINE#         348
  C:2A2EH         LINE#         349
  C:2A30H         LINE#         350
  C:2A32H         LINE#         351
  C:2A34H         LINE#         352
  C:2A36H         LINE#         353
BL51 BANKED LINKER/LOCATER V6.22                                                      08/29/2017  22:43:11  PAGE 58


  C:2A38H         LINE#         354
  C:2A3AH         LINE#         355
  C:2A3CH         LINE#         356
  C:2A3EH         LINE#         357
  -------         ENDPROC       SET_ALL_GPIO_QUASI_MODE
  -------         PROC          SET_ALL_GPIO_INPUT_MODE
  C:297AH         LINE#         359
  C:297AH         LINE#         360
  C:297DH         LINE#         361
  C:2980H         LINE#         362
  C:2983H         LINE#         363
  C:2985H         LINE#         364
  C:2988H         LINE#         365
  C:298AH         LINE#         366
  C:298DH         LINE#         367
  C:298FH         LINE#         368
  C:2992H         LINE#         369
  C:2994H         LINE#         370
  C:2997H         LINE#         371
  C:2999H         LINE#         372
  -------         ENDPROC       SET_ALL_GPIO_INPUT_MODE
  -------         PROC          SW_RESET
  C:2A3FH         LINE#         375
  C:2A3FH         LINE#         376
  C:2A42H         LINE#         377
  C:2A45H         LINE#         378
  C:2A58H         LINE#         380
  -------         ENDPROC       SW_RESET
  -------         PROC          FSYS_CLOCK_OUTPUT_ON_P26
  C:2D66H         LINE#         382
  C:2D66H         LINE#         383
  C:2D69H         LINE#         384
  -------         ENDPROC       FSYS_CLOCK_OUTPUT_ON_P26
  -------         PROC          _PUTCHAR
  D:0007H         SYMBOL        c
  C:001EH         LINE#         393
  C:001EH         LINE#         431
  C:0023H         LINE#         432
  C:0026H         LINE#         433
  C:002BH         LINE#         434
  C:002BH         LINE#         435
  C:002DH         LINE#         436
  C:0030H         LINE#         438
  C:0035H         LINE#         439
  C:0037H         LINE#         440
  C:0037H         LINE#         441
  C:0037H         LINE#         442
  C:003AH         LINE#         444
  C:003CH         LINE#         445
  C:003FH         LINE#         446
  C:003FH         LINE#         447
  C:0042H         LINE#         448
  C:0047H         LINE#         449
  C:0047H         LINE#         450
  C:0049H         LINE#         451
  C:004CH         LINE#         453
  C:0051H         LINE#         454
BL51 BANKED LINKER/LOCATER V6.22                                                      08/29/2017  22:43:11  PAGE 59


  C:0053H         LINE#         455
  C:0053H         LINE#         456
  C:0053H         LINE#         457
  C:0056H         LINE#         459
  C:0058H         LINE#         460
  C:005AH         LINE#         462
  -------         ENDPROC       _PUTCHAR
  -------         ENDMOD        COMMON

  -------         MODULE        DELAY
  C:0000H         SYMBOL        _ICE_DUMMY_
  D:0080H         PUBLIC        P0
  D:0090H         PUBLIC        P1
  D:00A0H         PUBLIC        P2
  D:00B0H         PUBLIC        P3
  D:008FH         PUBLIC        WKCON
  D:00D8H         PUBLIC        P5
  D:00A8H         PUBLIC        IE
  D:00B8H         PUBLIC        IP
  C:2492H         PUBLIC        _Timer0_Delay1ms
  C:24EBH         PUBLIC        _Timer1_Delay1ms
  C:2437H         PUBLIC        _Timer3_Delay1ms
  D:0098H         PUBLIC        SCON
  D:0089H         PUBLIC        TMOD
  D:0088H         PUBLIC        TCON
  C:2013H         PUBLIC        _?Random_Delay
  C:2959H         PUBLIC        _Delay10us
  D:00F8H         PUBLIC        SCON_1
  B:0088H.5       PUBLIC        TF0
  B:0088H.7       PUBLIC        TF1
  D:008CH         PUBLIC        TH0
  D:00C6H         PUBLIC        R3H
  D:008DH         PUBLIC        TH1
  D:008AH         PUBLIC        TL0
  C:22BEH         PUBLIC        _WakeUp_Timer_Delay25ms
  D:00C5H         PUBLIC        R3L
  D:008BH         PUBLIC        TL1
  B:0088H.4       PUBLIC        TR0
  B:0088H.6       PUBLIC        TR1
  D:00E8H         PUBLIC        ADCCON0
  D:00C0H         PUBLIC        I2CON
  D:00C8H         PUBLIC        T2CON
  D:00C4H         PUBLIC        T3CON
  D:008EH         PUBLIC        CKCON
  D:0086H         PUBLIC        RWK
  D:00D0H         PUBLIC        PSW
  -------         PROC          _?RANDOM_DELAY
  -------         DO            
  x:0000H         SYMBOL        u32CNT
  x:0004H         SYMBOL        u32Tmp
  -------         ENDDO         
  C:2013H         LINE#         36
  C:2019H         LINE#         37
  C:2019H         LINE#         41
  C:2044H         LINE#         42
  C:2044H         LINE#         43
  C:2069H         LINE#         44
BL51 BANKED LINKER/LOCATER V6.22                                                      08/29/2017  22:43:11  PAGE 60


  C:2090H         LINE#         45
  -------         ENDPROC       _?RANDOM_DELAY
  -------         PROC          _DELAY10US
  D:0006H         SYMBOL        u16CNT
  C:2959H         LINE#         47
  C:2959H         LINE#         48
  C:295CH         LINE#         49
  C:295FH         LINE#         50
  C:2961H         LINE#         51
  C:2965H         LINE#         52
  C:2968H         LINE#         53
  C:296BH         LINE#         54
  C:296EH         LINE#         56
  C:2970H         LINE#         57
  C:2975H         LINE#         58
  C:2977H         LINE#         59
  C:2979H         LINE#         60
  -------         ENDPROC       _DELAY10US
  -------         PROC          _TIMER0_DELAY1MS
  X:00C4H         SYMBOL        u32CNT
  C:2492H         LINE#         62
  C:2498H         LINE#         63
  C:249BH         LINE#         64
  C:249EH         LINE#         65
  C:24A0H         LINE#         66
  C:24B9H         LINE#         67
  C:24BCH         LINE#         68
  C:24BFH         LINE#         69
  C:24C2H         LINE#         71
  C:24C4H         LINE#         72
  C:24E6H         LINE#         73
  C:24E8H         LINE#         74
  C:24EAH         LINE#         75
  -------         ENDPROC       _TIMER0_DELAY1MS
  -------         PROC          _TIMER1_DELAY1MS
  X:00C8H         SYMBOL        u32CNT
  C:24EBH         LINE#         77
  C:24F1H         LINE#         78
  C:24F4H         LINE#         79
  C:24F7H         LINE#         80
  C:24F9H         LINE#         81
  C:2512H         LINE#         82
  C:2515H         LINE#         83
  C:2518H         LINE#         84
  C:251BH         LINE#         86
  C:251DH         LINE#         87
  C:253FH         LINE#         88
  C:2541H         LINE#         89
  C:2543H         LINE#         90
  -------         ENDPROC       _TIMER1_DELAY1MS
  -------         PROC          _TIMER3_DELAY1MS
  X:00CCH         SYMBOL        u32CNT
  C:2437H         LINE#         92
  C:243DH         LINE#         93
  C:2440H         LINE#         94
  C:2443H         LINE#         95
  C:245CH         LINE#         96
BL51 BANKED LINKER/LOCATER V6.22                                                      08/29/2017  22:43:11  PAGE 61


  C:245FH         LINE#         97
  C:2462H         LINE#         98
  C:2467H         LINE#         100
  C:246AH         LINE#         101
  C:248CH         LINE#         102
  C:248EH         LINE#         103
  C:2491H         LINE#         104
  -------         ENDPROC       _TIMER3_DELAY1MS
  -------         PROC          _WAKEUP_TIMER_DELAY25MS
  X:00D0H         SYMBOL        u32CNT
  C:22BEH         LINE#         106
  C:22C4H         LINE#         107
  C:22C4H         LINE#         108
  C:22C7H         LINE#         109
  C:22CAH         LINE#         110
  C:22CDH         LINE#         112
  C:22D0H         LINE#         114
  C:22D3H         LINE#         115
  C:22D6H         LINE#         116
  C:22EFH         LINE#         117
  C:22F4H         LINE#         119
  C:22F7H         LINE#         120
  C:2319H         LINE#         121
  C:231BH         LINE#         122
  C:231EH         LINE#         123
  -------         ENDPROC       _WAKEUP_TIMER_DELAY25MS
  -------         ENDMOD        DELAY

  -------         MODULE        VERSION
  C:0000H         SYMBOL        _ICE_DUMMY_
  D:0080H         PUBLIC        P0
  D:0090H         PUBLIC        P1
  D:00A0H         PUBLIC        P2
  D:00B0H         PUBLIC        P3
  D:00D8H         PUBLIC        P5
  D:00A8H         PUBLIC        IE
  D:00B8H         PUBLIC        IP
  D:0098H         PUBLIC        SCON
  D:0088H         PUBLIC        TCON
  D:00F8H         PUBLIC        SCON_1
  C:231FH         PUBLIC        Show_FW_Version_Number_To_PC
  D:00E8H         PUBLIC        ADCCON0
  D:00C0H         PUBLIC        I2CON
  D:00C8H         PUBLIC        T2CON
  D:00D0H         PUBLIC        PSW
  -------         PROC          SHOW_FW_VERSION_NUMBER_TO_PC
  C:231FH         LINE#         32
  C:231FH         LINE#         33
  C:231FH         LINE#         34
  C:2328H         LINE#         35
  C:2331H         LINE#         36
  C:233AH         LINE#         37
  C:2354H         LINE#         38
  C:2375H         LINE#         39
  -------         ENDPROC       SHOW_FW_VERSION_NUMBER_TO_PC
  -------         ENDMOD        VERSION

BL51 BANKED LINKER/LOCATER V6.22                                                      08/29/2017  22:43:11  PAGE 62


  -------         MODULE        ?C_STARTUP
  C:1EF0H         SEGMENT       ?C_C51STARTUP
  I:009DH         SEGMENT       ?STACK
  C:0000H         PUBLIC        ?C_STARTUP
  D:00E0H         SYMBOL        ACC
  D:00F0H         SYMBOL        B
  D:0083H         SYMBOL        DPH
  D:0082H         SYMBOL        DPL
  N:0000H         SYMBOL        IBPSTACK
  N:0100H         SYMBOL        IBPSTACKTOP
  N:0080H         SYMBOL        IDATALEN
  C:1EF3H         SYMBOL        IDATALOOP
  N:0000H         SYMBOL        PBPSTACK
  N:0000H         SYMBOL        PBPSTACKTOP
  N:0000H         SYMBOL        PDATALEN
  N:0000H         SYMBOL        PDATASTART
  N:0000H         SYMBOL        PPAGE
  N:0000H         SYMBOL        PPAGEENABLE
  D:00A0H         SYMBOL        PPAGE_SFR
  D:0081H         SYMBOL        SP
  C:1EF0H         SYMBOL        STARTUP1
  N:0000H         SYMBOL        XBPSTACK
  N:0000H         SYMBOL        XBPSTACKTOP
  N:00FFH         SYMBOL        XDATALEN
  C:1EFEH         SYMBOL        XDATALOOP
  N:0000H         SYMBOL        XDATASTART
  C:0000H         LINE#         92
  C:1EF0H         LINE#         99
  C:1EF2H         LINE#         100
  C:1EF3H         LINE#         101
  C:1EF4H         LINE#         102
  C:1EF6H         LINE#         106
  C:1EF9H         LINE#         107
  C:1EFBH         LINE#         109
  C:1EFDH         LINE#         113
  C:1EFEH         LINE#         114
  C:1EFFH         LINE#         115
  C:1F00H         LINE#         116
  C:1F02H         LINE#         117
  C:1F04H         LINE#         151
  C:1F07H         LINE#         155
  -------         ENDMOD        ?C_STARTUP

  -------         MODULE        ?C?COPY
  C:0E3CH         PUBLIC        ?C?COPY
  -------         ENDMOD        ?C?COPY

  -------         MODULE        ?C?CLDPTR
  C:0E62H         PUBLIC        ?C?CLDPTR
  -------         ENDMOD        ?C?CLDPTR

  -------         MODULE        ?C?CLDOPTR
  C:0E7BH         PUBLIC        ?C?CLDOPTR
  -------         ENDMOD        ?C?CLDOPTR

  -------         MODULE        ?C?CILDOPTR
  C:0EA8H         PUBLIC        ?C?CILDOPTR
BL51 BANKED LINKER/LOCATER V6.22                                                      08/29/2017  22:43:11  PAGE 63


  -------         ENDMOD        ?C?CILDOPTR

  -------         MODULE        ?C?CSTPTR
  C:0EDBH         PUBLIC        ?C?CSTPTR
  -------         ENDMOD        ?C?CSTPTR

  -------         MODULE        ?C?CSTOPTR
  C:0EEDH         PUBLIC        ?C?CSTOPTR
  -------         ENDMOD        ?C?CSTOPTR

  -------         MODULE        ?C?IILDX
  C:0F0FH         PUBLIC        ?C?IILDX
  -------         ENDMOD        ?C?IILDX

  -------         MODULE        ?C?ILDOPTR
  C:0F25H         PUBLIC        ?C?ILDOPTR
  -------         ENDMOD        ?C?ILDOPTR

  -------         MODULE        ?C?IILDOPTR
  C:0F5DH         PUBLIC        ?C?IILDOPTR
  -------         ENDMOD        ?C?IILDOPTR

  -------         MODULE        ?C?ISTOPTR
  C:0FAAH         PUBLIC        ?C?ISTOPTR
  -------         ENDMOD        ?C?ISTOPTR

  -------         MODULE        ?C?ULDIV
  C:1013H         PUBLIC        ?C?ULDIV
  -------         ENDMOD        ?C?ULDIV

  -------         MODULE        ?C?ULCMP
  C:10A5H         PUBLIC        ?C?ULCMP
  -------         ENDMOD        ?C?ULCMP

  -------         MODULE        ?C?ULSHR
  C:10B6H         PUBLIC        ?C?ULSHR
  -------         ENDMOD        ?C?ULSHR

  -------         MODULE        ?C?LSTXDATA
  C:10C9H         PUBLIC        ?C?LSTXDATA
  -------         ENDMOD        ?C?LSTXDATA

  -------         MODULE        ?C?LSTKXDATA
  C:10D5H         PUBLIC        ?C?LSTKXDATA
  -------         ENDMOD        ?C?LSTKXDATA

  -------         MODULE        ?C?PLDPTR
  C:1106H         PUBLIC        ?C?PLDPTR
  -------         ENDMOD        ?C?PLDPTR

  -------         MODULE        ?C?CCASE
  C:1126H         PUBLIC        ?C?CCASE
  -------         ENDMOD        ?C?CCASE

  -------         MODULE        ?C?ICALL
  C:114CH         PUBLIC        ?C?ICALL
  C:1150H         PUBLIC        ?C?ICALL2
BL51 BANKED LINKER/LOCATER V6.22                                                      08/29/2017  22:43:11  PAGE 64


  -------         ENDMOD        ?C?ICALL

  -------         MODULE        ?C_XBP
  D:000DH         PUBLIC        ?C_XBP
  -------         ENDMOD        ?C_XBP

  -------         MODULE        ?C?ADDXBP
  C:1152H         PUBLIC        ?C?ADDXBP
  -------         ENDMOD        ?C?ADDXBP

  -------         MODULE        ?C?XBPOFF
  C:1176H         PUBLIC        ?C?XBPOFF
  -------         ENDMOD        ?C?XBPOFF

  -------         MODULE        PRINTF
  X:0002H         PUBLIC        ?_PRINTF517?BYTE
  X:0002H         PUBLIC        ?_PRINTF?BYTE
  X:0002H         PUBLIC        ?_SPRINTF517?BYTE
  X:0002H         PUBLIC        ?_SPRINTF?BYTE
  C:1261H         PUBLIC        _PRINTF
  C:1261H         PUBLIC        _PRINTF517
  C:125BH         PUBLIC        _SPRINTF
  C:125BH         PUBLIC        _SPRINTF517
  -------         ENDMOD        PRINTF

  -------         MODULE        STRLEN
  C:2A8AH         PUBLIC        _STRLEN
  -------         ENDMOD        STRLEN

  -------         MODULE        ?C?MEMSET
  C:1183H         PUBLIC        ?C?MEMSET
  -------         ENDMOD        ?C?MEMSET

  -------         MODULE        ?C?PLDIDATA
  C:11AFH         PUBLIC        ?C?PLDIDATA
  -------         ENDMOD        ?C?PLDIDATA

  -------         MODULE        ?C?PLDXDATA
  C:11B8H         PUBLIC        ?C?PLDXDATA
  -------         ENDMOD        ?C?PLDXDATA

  -------         MODULE        ?C?PLDIXDATA
  C:11C1H         PUBLIC        ?C?PLDIXDATA
  -------         ENDMOD        ?C?PLDIXDATA

  -------         MODULE        ?C?PSTXDATA
  C:11D8H         PUBLIC        ?C?PSTXDATA
  -------         ENDMOD        ?C?PSTXDATA

  -------         MODULE        ?C?PLDPDATA
  C:11E1H         PUBLIC        ?C?PLDPDATA
  -------         ENDMOD        ?C?PLDPDATA

  -------         MODULE        ?C?PLDCODE
  C:11EAH         PUBLIC        ?C?PLDCODE
  -------         ENDMOD        ?C?PLDCODE

BL51 BANKED LINKER/LOCATER V6.22                                                      08/29/2017  22:43:11  PAGE 65


Program Size: data=145.4 xdata=216 code=11653
LINK/LOCATE RUN COMPLETE.  0 WARNING(S),  0 ERROR(S)
